01-13 17:56:45.552 W/fb4a.AppInitScheduler|Run(31113):   Finished PreloadNavigationIcons in 207ms
01-13 17:56:45.552 W/fb4a.AppInitScheduler|Schedule(31113): Pending tasks reached zero, maybe shutting down…
01-13 17:56:45.552 W/fb4a.AppInitScheduler|Run(31113): All work finished.
01-13 17:56:45.559 I/Zygote  (  821): Process 29643 exited due to signal 9 (Killed)
01-13 17:56:45.563 E/fb4a.OpenMessagingPushPathLogger(31113): Flow is inactive when adding debug checkpoint for instance key 256504205
01-13 17:56:45.566 I/am_proc_died( 1751): [0,29643,com.android.settings:background,999,19]
01-13 17:56:45.566 D/OplusUIFirst_FB( 1751): com.android.settings remove pid: 29643
01-13 17:56:45.567 I/mtkpower_client( 1751): [Legacy][PowerHal_Wrap_notifyAppState] com.android.settings/com.android.settings pid=29643 state:3
01-13 17:56:45.567 I/game_scn( 1751): collectForegroundAppList packName=com.android.settings, actName=com.android.settings, pid=29643, uid=1000, state:DEAD
01-13 17:56:45.567 D/RilUtility(  873): notify_rild_crash_pid_set certPid:-1, crash:29643, scn:0x0
01-13 17:56:45.567 V/DeepThinker( 8503): ProcessManager: onProcessDied pid:29643, uid:1000
01-13 17:56:45.582 E/fb4a.OpenMessagingPushPathLogger(31113): Flow is inactive when adding debug checkpoint for instance key 256504205
01-13 17:56:45.603 E/fb4a.OpenMessagingPushPathLogger(31113): Flow is inactive when adding debug checkpoint for instance key 256504205
01-13 17:56:45.603 E/fb4a.OpenMessagingPushPathLogger(31113): Flow is inactive while trying to log push property annotations for instance key 256504205
01-13 17:56:45.603 E/fb4a.OpenMessagingPushPathLogger(31113): Flow is inactive while trying to log for message id: null, instance key: 256504205, mi trace id: -7076754752447209865
01-13 17:56:45.615 I/hwcomposer(  847): [HWC] (0)fire a callback of refresh to SF[4]  
01-13 17:56:45.667 D/CompatibilityChangeReporter( 1751): Compat change id reported: 74210811; UID 10614; state: ENABLED
01-13 17:56:45.669 W/fb4a.3Q0(31113): creating VideoPerformanceTracking with event bus
01-13 17:56:45.691 W/fb4a.AppComponentFactory(31113): Instantiating Service
01-13 17:56:45.700 W/fb4a.HeroManager(31113): mediaPreload.prefetchInternal : source: Type: DASH_VOD
01-13 17:56:45.700 W/fb4a.HeroManager(31113): 	Id: 5887102401420291
01-13 17:56:45.700 W/fb4a.HeroManager(31113): 	Uri: https://scontent.fhyd11-2.fna.fbcdn.net/o1/v/t2/f2/m412/AQMnQKndW_MefJTiaYNnqE9WqErnSBDbs87n4eOBmd3lCTY7-PhhsSfTTBmI2cj9NG5UsMUHb2CyOxMU-hEPcI5hM2nYioAN4B834IHxFw.mp4?_nc_cat=103&_nc_oc=AdnFhHMwuAJafjfn0mQu5xGXIaxgzCXv19frM38AzC2MgPqUiPZWZWeYu5pQr0QVOKo&_nc_sid=8bf8fe&_nc_ht=scontent.fhyd11-2.fna.fbcdn.net&_nc_ohc=RR4olrwqjmkQ7kNvwGI04k3&efg=eyJ2ZW5jb2RlX3RhZyI6Inhwdl9wcm9ncmVzc2l2ZS5GQUNFQk9PSy4uQzMuMzYwLnN2ZV9zZCIsInhwdl9hc3NldF9pZCI6Njg1MDkzNDc3OTQyMzI0LCJhc3NldF9hZ2VfZGF5cyI6MTA2LCJ2aV91c2VjYXNlX2lkIjoxMDEyMiwiZHVyYXRpb25fcyI6MzcyLCJ1cmxnZW5fc291cmNlIjoid3d3In0%3D&ccb=17-1&_nc_zt=28&oh=00_AfoLozyaP2l-o97Yy2fTnkJLtR5_rd1tOU3ViMqlMPs1SQ&oe=696B1D97&bitrate=830012&tag=sve_sd
01-13 17:56:45.700 W/fb4a.HeroManager(31113): 	Origin: FEED
01-13 17:56:45.700 W/fb4a.HeroManager(31113): 	PrefetchOrigin: FEED
01-13 17:56:45.700 W/fb4a.HeroManager(31113): 	DashMPD: 22077
01-13 17:56:45.700 W/fb4a.HeroManager(31113): 	liveLatency: -1
01-13 17:56:45.700 W/fb4a.HeroManager(31113): 	liveLatencyTolerance: -1
01-13 17:56:45.700 W/fb4a.HeroManager(31113): 	isSpherical: false
01-13 17:56:45.700 W/fb4a.HeroManager(31113): 	isSponsored: false
01-13 17:56:45.700 W/fb4a.HeroManager(31113): 	isAdBreak: false
01-13 17:56:45.700 W/fb4a.HeroManager(31113): 	isLiveTraceEnabled: false
01-13 17:56:45.700 W/fb4a.HeroManager(31113): 	renderMode: AUDIO_VIDEO
01-13 17:56:45.700 W/fb4a.HeroManager(31113): 	isBroadcast: false
01-13 17:56:45.700 W/fb4a.HeroManager(31113): 	contentType: GENERAL
01-13 17:56:45.700 W/fb4a.HeroManager(31113): 	isAudioDataListenerEnabled: false
01-13 17:56:45.700 W/fb4a.HeroManager(31113): 	liveViewerCount: -1, type: DASH_VOD
01-13 17:56:45.714 W/AudioCapabilities(31113): Unsupported mime audio/x-adpcm-dvi-ima
01-13 17:56:45.714 W/AudioCapabilities(31113): Unsupported mime audio/x-adpcm-dvi-ima
01-13 17:56:45.714 W/AudioCapabilities(31113): Unsupported mime audio/x-adpcm-ms
01-13 17:56:45.714 W/AudioCapabilities(31113): Unsupported mime audio/x-adpcm-ms
01-13 17:56:45.714 W/AudioCapabilities(31113): Unsupported mime audio/alac
01-13 17:56:45.714 W/AudioCapabilities(31113): Unsupported mime audio/alac
01-13 17:56:45.714 W/AudioCapabilities(31113): Unsupported mime audio/ape
01-13 17:56:45.714 W/AudioCapabilities(31113): Unsupported mime audio/ape
01-13 17:56:45.719 W/AudioCapabilities(31113): Unsupported mime audio/ffmpeg
01-13 17:56:45.721 W/VideoCapabilities(31113): Unsupported mime image/vnd.android.heic
01-13 17:56:45.721 W/VideoCapabilities(31113): Unsupported mime image/vnd.android.heic
01-13 17:56:45.721 W/VideoCapabilities(31113): Unsupported mime image/vnd.android.heic
01-13 17:56:45.721 W/VideoCapabilities(31113): Unsupported mime image/vnd.android.heic
01-13 17:56:45.723 W/VideoCapabilities(31113): Unrecognized profile/level 32768/256 for video/mp4v-es
01-13 17:56:45.723 W/VideoCapabilities(31113): Unrecognized profile/level 32768/256 for video/mp4v-es
01-13 17:56:45.724 W/VideoCapabilities(31113): Unsupported mime video/x-ms-wmv
01-13 17:56:45.724 W/VideoCapabilities(31113): Unsupported mime video/x-ms-wmv
01-13 17:56:45.729 W/VideoCapabilities(31113): Unsupported mime video/ffmpeg
01-13 17:56:45.853 D/BtGatt.ScanManager( 3310): uid 10128 isForeground true scanMode 1
01-13 17:56:45.854 I/OplusCustomScanStrategy( 3310): msg.what = 6
--------- beginning of radio
01-13 17:56:45.910 I/RilClient( 1586): initialize: commandFd is 60
01-13 17:56:45.910 I/RilClient( 1586): start listen on fd: 25, socket name: rild-oem
01-13 17:56:45.911 I/RmcOemHandler( 1586): requestQueryThermal Enter: -1
01-13 17:56:45.911 I/AT      ( 1586): [0] AT> AT+ETHERMAL (RIL_CMD_READER_1 tid:494117141760)
01-13 17:56:45.917 I/AT      ( 1586): [0] AT< +ETHERMAL: 1, 32767,,, 197, 32767, 9462 (RIL_CMD_READER_1, tid:494118178048)
01-13 17:56:45.917 I/AT      ( 1586): [0] AT< OK (RIL_CMD_READER_1, tid:494118178048)
01-13 17:56:45.917 I/RmcOemHandler( 1586): requestQueryThermal success
01-13 17:56:45.918 D/RtcRilClientController( 1586): client 1001 handle requestComplete
01-13 17:56:45.918 I/thermal_repeater( 1209): [recvMdThermalInfo] ret=29, strLen=127,  1, 32767,,, 197, 32767, 9462
01-13 17:56:45.986 I/hwcomposer(  847): [HWC] (0)fire a callback of refresh to SF[4]  
01-13 17:56:46.139 W/fb4a.AppInitScheduler|Run(31113): DeadlockMonitor exiting.
01-13 17:56:46.231 E/fb4a.OpenMessagingPushPathLogger(31113): Flow is inactive when adding debug checkpoint for instance key 256504205
01-13 17:56:46.232 D/CompatibilityChangeReporter(31113): Compat change id reported: 160794467; UID 10614; state: ENABLED
01-13 17:56:46.329 D/AES     ( 1751): AEEIOCTL_GET/SET_SF_STATE IOCTL,cmd= 1074294797, lParam=0. 
01-13 17:56:46.329 D/AES     ( 1751): AEEIOCTL_RT_MON_Kick IOCTL,cmd= 2147774474, lParam=300. 
01-13 17:56:46.476 W/facebook.katana(31113): JNI RegisterNativeMethods: attempt to register 0 native methods for com.facebook.traffic.nts.providers.reachability.ReachabilityV2ProviderAppLayerUpcallsImpl
01-13 17:56:46.480 D/ConnectivityService( 1751): requestNetwork for uid/pid:10614/31113 activeRequest: null callbackRequest: 9770 [NetworkRequest [ REQUEST id=9771, [ Capabilities: INTERNET&NOT_RESTRICTED&TRUSTED&NOT_VCN_MANAGED Uid: 10614 RequestorUid: 10614 RequestorPkg: com.facebook.katana UnderlyingNetworks: Null] ]] callback flags: 0 order: 2147483647 isUidTracked: false declaredMethods: AVAIL|LOST|NC|LP
01-13 17:56:46.481 I/hwcomposer(  847): [HWC] (0)fire a callback of refresh to SF[4]  
01-13 17:56:46.486 D/WifiNetworkFactory( 1751): got request NetworkRequest [ REQUEST id=9771, [ Capabilities: INTERNET&NOT_RESTRICTED&TRUSTED&NOT_VCN_MANAGED Uid: 10614 RequestorUid: 10614 RequestorPkg: com.facebook.katana UnderlyingNetworks: Null] ]
01-13 17:56:46.486 D/UntrustedWifiNetworkFactory( 1751): got request NetworkRequest [ REQUEST id=9771, [ Capabilities: INTERNET&NOT_RESTRICTED&TRUSTED&NOT_VCN_MANAGED Uid: 10614 RequestorUid: 10614 RequestorPkg: com.facebook.katana UnderlyingNetworks: Null] ]
01-13 17:56:46.487 D/OemPaidWifiNetworkFactory( 1751): got request NetworkRequest [ REQUEST id=9771, [ Capabilities: INTERNET&NOT_RESTRICTED&TRUSTED&NOT_VCN_MANAGED Uid: 10614 RequestorUid: 10614 RequestorPkg: com.facebook.katana UnderlyingNetworks: Null] ]
01-13 17:56:46.488 D/MultiInternetWifiNetworkFactory( 1751): got request NetworkRequest [ REQUEST id=9771, [ Capabilities: INTERNET&NOT_RESTRICTED&TRUSTED&NOT_VCN_MANAGED Uid: 10614 RequestorUid: 10614 RequestorPkg: com.facebook.katana UnderlyingNetworks: Null] ]
01-13 17:56:46.492 D/ConnectivityService( 1751): NetReassign [9771 : null → 113] [c 1] [a 3] [i 6]
01-13 17:56:46.539 D/AALLightSensor( 1218): oldLux=57 [SA:56 LA:46] newLux=57 (oriLux: 62)
01-13 17:56:46.978 I/hwcomposer(  847): [HWC] (0)fire a callback of refresh to SF[4]  
01-13 17:56:47.345 D/OplusAtlasService( 3347): getAttributeByAppName module:oplus-getStreamMaxVolume packageName:com.cricbuzz.android
01-13 17:56:47.348 D/AudioManagerExtImpl(30232): getStreamVolume packageName=com.cricbuzz.android, index=4, streamType=3
01-13 17:56:47.458 W/fb4a.MultiSignalANRDetectorLacrima(31113): Pausing error state checks
01-13 17:56:47.477 I/hwcomposer(  847): [HWC] (0)fire a callback of refresh to SF[4]  
01-13 17:56:47.986 I/hwcomposer(  847): [HWC] (0)fire a callback of refresh to SF[4]  
01-13 17:56:48.493 I/hwcomposer(  847): [HWC] (0)fire a callback of refresh to SF[4]  
01-13 17:56:48.504 I/AT      ( 1586): [1] AT< +ECSQ: 18,42,1,1,1,-43,-396,4096,21,40 (RIL_URC2_READER, tid:494205525248)
01-13 17:56:48.506 D/RmcNwHdlr( 1586): [1] requestSignalStrength:sigRegisted[0X20], sigUpdated[0X20]
01-13 17:56:48.507 D/RmcNwHdlr( 1586): [1] handleSignalStrength, gsm_signal_strength: 99, gsm_bit_error_rate: 99, gsm_timing_advance: 2147483647, cdma_dbm: 2147483647, cdma_ecio: 2147483647, evdo_dbm: 2147483647, evdo_ecio: 2147483647, evdo_snr: 2147483647, lte_signal_strength: 99, lte_rsrp: 99, lte_rsrq: 11, lte_rssnr: 52, lte_cqi: 0, lte_timing_advance: 0, tdscdma_signal_strength: 99, tdscdma_bit_error_rate: 99, tdscdma_rscp: 255, wcdma_signal_strength: 99, wcdma_bit_error_rate: 99, wcdma_scdma_rscp: 255, wcdma_ecno: 255, ssRsrp: 2147483647, ssRsrq: 2147483647, ssSinr: 2147483647, csiRsrp: 2147483647, csiRsrq: 2147483647, csiSinr: 2147483647
01-13 17:56:48.507 E/RILC    ( 1586): oemHookRawInd: mtkRadioExService[13]->mRadioIndicationEm == NULL
01-13 17:56:48.512 D/RILJ    ( 2519): Unsol response received; Sending ack to ril.cpp [PHONE1]
01-13 17:56:48.512 V/RILJ    ( 2519): [UNSL]< UNSOL_OEM_HOOK_RAW 2B454353513A2031382C34322C312C312C312C2D34332C2D3339362C343039362C32312C3430 [PHONE1]
01-13 17:56:48.515 D/OplusSST( 2519): oemLevel_0=4,oemLevel_1:0
01-13 17:56:48.516 D/OplusSignalSmooth/1( 2519): onSignalStrengthResultExt,oldSignalStrength:SignalStrength:{mCdma=CellSignalStrengthCdma: cdmaDbm=2147483647 cdmaEcio=2147483647 evdoDbm=2147483647 evdoEcio=2147483647 evdoSnr=2147483647 level=0,mGsm=CellSignalStrengthGsm: rssi=2147483647 ber=2147483647 mTa=2147483647 mLevel=0,mWcdma=CellSignalStrengthWcdma: ss=2147483647 ber=2147483647 rscp=2147483647 ecno=2147483647 level=0,mTdscdma=CellSignalStrengthTdscdma: rssi=2147483647 ber=2147483647 rscp=2147483647 level=0,mLte=CellSignalStrengthLte: rssi=2147483647 rsrp=-102 rsrq=-14 rssnr=5 cqiTableIndex=2147483647 cqi=0 ta=0 level=3 parametersUseForLevel=1,mNr=CellSignalStrengthNr:{ csiRsrp = 2147483647 csiRsrq = 2147483647 csiCqiTableIndex = 2147483647 csiCqiReport = [] ssRsrp = 2147483647 ssRsrq = 2147483647 ssSinr = 2147483647 level = 0 parametersUseForLevel = 1 },primary=CellSignalStrengthLte}, phoneId=1, mMtkLevel=0, mMtkRsrpOnly=false, mMtkLteRsrpThreshold=null, mMtkLteRssnrThreshold=null
01-13 17:56:48.516 D/OplusSignalSmooth/1( 2519): mOrigSignalStrength:SignalStrength:{mCdma=CellSignalStrengthCdma: cdmaDbm=2147483647 cdmaEcio=2147483647 evdoDbm=2147483647 evdoEcio=2147483647 evdoSnr=2147483647 level=0,mGsm=CellSignalStrengthGsm: rssi=2147483647 ber=2147483647 mTa=2147483647 mLevel=0,mWcdma=CellSignalStrengthWcdma: ss=2147483647 ber=2147483647 rscp=2147483647 ecno=2147483647 level=0,mTdscdma=CellSignalStrengthTdscdma: rssi=2147483647 ber=2147483647 rscp=2147483647 level=0,mLte=CellSignalStrengthLte: rssi=2147483647 rsrp=-99 rsrq=-11 rssnr=5 cqiTableIndex=2147483647 cqi=0 ta=0 level=3 parametersUseForLevel=1,mNr=CellSignalStrengthNr:{ csiRsrp = 2147483647 csiRsrq = 2147483647 csiCqiTableIndex = 2147483647 csiCqiReport = [] ssRsrp = 2147483647 ssRsrq = 2147483647 ssSinr = 2147483647 level = 0 parametersUseForLevel = 1 },primary=CellSignalStrengthLte}
01-13 17:56:48.517 D/OplusSignalSmooth/1( 2519): updateOEMSmooth:direct update..
01-13 17:56:48.525 D/OplusUiccManagerImpl( 2519): getCardType by iccid result = 4
01-13 17:56:48.528 D/OplusSignalSmooth/1( 2519): notifySignalStrength, mSignalStrength: SignalStrength:{mCdma=CellSignalStrengthCdma: cdmaDbm=2147483647 cdmaEcio=2147483647 evdoDbm=2147483647 evdoEcio=2147483647 evdoSnr=2147483647 level=0,mGsm=CellSignalStrengthGsm: rssi=2147483647 ber=2147483647 mTa=2147483647 mLevel=0,mWcdma=CellSignalStrengthWcdma: ss=2147483647 ber=2147483647 rscp=2147483647 ecno=2147483647 level=0,mTdscdma=CellSignalStrengthTdscdma: rssi=2147483647 ber=2147483647 rscp=2147483647 level=0,mLte=CellSignalStrengthLte: rssi=2147483647 rsrp=-99 rsrq=-11 rssnr=5 cqiTableIndex=2147483647 cqi=0 ta=0 level=3 parametersUseForLevel=1,mNr=CellSignalStrengthNr:{ csiRsrp = 2147483647 csiRsrq = 2147483647 csiCqiTableIndex = 2147483647 csiCqiReport = [] ssRsrp = 2147483647 ssRsrq = 2147483647 ssSinr = 2147483647 level = 0 parametersUseForLevel = 1 },primary=CellSignalStrengthLte}, phoneId=1, mMtkLevel=0, mMtkRsrpOnly=false, mMtkLteRsrpThreshold=null, mMtkLteRssnrThreshold=null
01-13 17:56:48.533 D/wpa_supplicant(13811): wlan0: BSS: Remove id 282 BSSID 34:0a:33:6a:e3:1e SSID 'dhruva' due to wpa_bss_flush_by_age
01-13 17:56:48.534 D/wpa_supplicant(13811): wlan0: BSS: Remove id 280 BSSID d2:83:94:b7:d4:79 SSID 'Chaitanya404' due to wpa_bss_flush_by_age
01-13 17:56:48.534 D/wpa_supplicant(13811): wlan0: BSS: Remove id 294 BSSID 30:bd:13:f4:82:ce SSID 'Airtel_Crypto bullrun' due to wpa_bss_flush_by_age
01-13 17:56:48.534 D/wpa_supplicant(13811): wlan0: BSS: Remove id 276 BSSID 62:83:94:b7:d4:7a SSID 'Chaitanya404' due to wpa_bss_flush_by_age
01-13 17:56:48.534 D/wpa_supplicant(13811): wlan0: BSS: Remove id 281 BSSID 10:be:f5:fe:f9:c8 SSID 'D-Link_DIR-615' due to wpa_bss_flush_by_age
01-13 17:56:48.674 I/hwcomposer(  847): [HWC] (0)fire a callback of refresh to SF[4]  
01-13 17:56:48.885 E/IHansComunication( 4624): HANS printMessageBody: RCV message: type = 4,port = 86870,caller_pid = -1,caller_uid = -1,target_pid = -1,target_uid = 10844,pkg_cmd = -1,rpc = PKG/-1
01-13 17:56:49.117 I/OplusHansManager ( 1751): uid=10744, pkg=com.cricbuzz.android can transition from M to F
01-13 17:56:49.117 I/OplusHansManager ( 1751): uid=10744, pkg=com.cricbuzz.android F enter(), M stay=10
01-13 17:56:49.128 I/OplusHansManager ( 1751): freeze uid: 10744 com.cricbuzz.android pids: [30232, 26782] IsolatedUid: [99197] scene: LcdOn
01-13 17:56:49.130 D/IHansComunication( 4624): HansComunication::addUid-- 10744, persistent--0
01-13 17:56:49.130 D/IHansComunication( 4624): HANS sendMessageToKernel: threadId = 500839726256, netLinkSetup = 1, type = PKG, targetUid = 10744, pkgCmd = ADD_ONE_UID
01-13 17:56:49.135 I/OplusHansManager ( 1751): uid=10844, pkg=com.yourcompany.printerapp can transition from M to F
01-13 17:56:49.136 I/OplusHansManager ( 1751): uid=10844, pkg=com.yourcompany.printerapp F enter(), M stay=10
01-13 17:56:49.139 I/OplusHansManager ( 1751): freeze uid: 10844 com.yourcompany.printerapp pids: [4133] scene: LcdOn
01-13 17:56:49.141 D/IHansComunication( 4624): HansComunication::addUid-- 10844, persistent--0
01-13 17:56:49.141 D/IHansComunication( 4624): HANS sendMessageToKernel: threadId = 500839726256, netLinkSetup = 1, type = PKG, targetUid = 10844, pkgCmd = ADD_ONE_UID
01-13 17:56:49.147 I/OplusHansManager ( 1751): uid=10186, pkg=in.cricketexchange.app.cricketexchange can transition from M to F
01-13 17:56:49.147 I/OplusHansManager ( 1751): uid=10186, pkg=in.cricketexchange.app.cricketexchange F enter(), M stay=10
01-13 17:56:49.160 I/OplusHansManager ( 1751): freeze uid: 10186 in.cricketexchange.app.cricketexchange pids: [27013, 27753] IsolatedUid: [99177] scene: LcdOn
01-13 17:56:49.161 D/IHansComunication( 4624): HansComunication::addUid-- 10186, persistent--0
01-13 17:56:49.161 D/IHansComunication( 4624): HANS sendMessageToKernel: threadId = 500839726256, netLinkSetup = 1, type = PKG, targetUid = 10186, pkgCmd = ADD_ONE_UID
01-13 17:56:49.352 D/VRR [OTI](  972): handleIdle from 0 to 1
01-13 17:56:49.352 D/VRR [OTI-HW](  972): isStateReady 0
01-13 17:56:49.353 D/VRR [OTI-HW](  972): rate range: min {id=0, hwcId=0, resolution=1080x2400, refreshRate=60.00 Hz, dpi=409.02x409.02, group=0} cur {id=0, hwcId=0, resolution=1080x2400, refreshRate=60.00 Hz, dpi=409.02x409.02, group=0} max {id=0, hwcId=0, resolution=1080x2400, refreshRate=60.00 Hz, dpi=409.02x409.02, group=0}
01-13 17:56:49.353 D/VRR [OTI-HW](  972): keep rate.
01-13 17:56:49.370 I/input_interaction( 1751): Interaction with: ce77162 com.wholexale.app.staging/com.wholexale.app.MainActivity (server), [Gesture Monitor] swipe-up (server), [Gesture Monitor] edge-swipe (server), [Gesture Monitor] OplusExInputReceiver1 (server), PointerEventDispatcher0 (server), 
01-13 17:56:49.370 D/VRR [OTI](  972): handleIdle from 1 to 0
01-13 17:56:49.370 D/VRR [OTI-HW](  972): isStateReady 0
01-13 17:56:49.370 D/VRR [OTI-HW](  972): rate range: min {id=0, hwcId=0, resolution=1080x2400, refreshRate=60.00 Hz, dpi=409.02x409.02, group=0} cur {id=0, hwcId=0, resolution=1080x2400, refreshRate=60.00 Hz, dpi=409.02x409.02, group=0} max {id=0, hwcId=0, resolution=1080x2400, refreshRate=60.00 Hz, dpi=409.02x409.02, group=0}
01-13 17:56:49.370 D/VRR [OTI-HW](  972): keep rate.
01-13 17:56:49.371 D/PowerManagerService( 1751): userActivityNoUpdateLocked: groupId=0, eventTime=56010321, event=2, flags=0x0, uid=1000
01-13 17:56:49.372 D/OGG_Detector( 1751): D:done mCurrStatus: 0
01-13 17:56:49.372 D/NoBackGesture( 2247): Start gesture: MotionEvent { action=ACTION_DOWN, actionButton=0, id[0]=0, x[0]=713.75, y[0]=977.5, toolType[0]=TOOL_TYPE_FINGER, buttonState=0, classification=NONE, metaState=0, flags=0x0, edgeFlags=0x0, pointerCount=1, historySize=0, eventTime=56010321, downTime=56010321, deviceId=4, source=0x1002, displayId=0, eventId=582912909 }
01-13 17:56:49.372 D/NoBackGesture( 2247): Not in side gesture area
01-13 17:56:49.418 I/auditd  (17914): type=1400 audit(0.0:5785): avc: denied { getopt } for comm="FinalizerDaemon" path="/dev/socket/usap_pool_primary" scontext=u:r:untrusted_app:s0:c125,c256,c512,c768 tcontext=u:r:zygote:s0 tclass=unix_stream_socket permissive=0 app=com.wholexale.app.staging
01-13 17:56:49.418 W/FinalizerDaemon(17914): type=1400 audit(0.0:5785): avc: denied { getopt } for path="/dev/socket/usap_pool_primary" scontext=u:r:untrusted_app:s0:c125,c256,c512,c768 tcontext=u:r:zygote:s0 tclass=unix_stream_socket permissive=0 app=com.wholexale.app.staging
01-13 17:56:49.430 I/libPowerHal(  873): [perfLockRel] hdl:66990, idx:3
01-13 17:56:49.431 I/libPowerHal(  873): [PD] MTKPOWER_HINT_APP_TOUCH update cmd:3408600 param:0
01-13 17:56:49.467 D/InputMethodManagerService( 1751): isSecurity: attribute.packageName=com.wholexale.app.staging mCurMethodId=com.google.android.inputmethod.latin/com.android.inputmethod.latin.LatinIME
01-13 17:56:49.467 D/InputMethodManagerService( 1751): isSecurity= false (  enable=false needShow=true inBlackList=false isExist=true )
01-13 17:56:49.471 I/GoogleInputMethodService( 5942): GoogleInputMethodService.onFinishInputView():1577 onFinishInputView(true)
01-13 17:56:49.471 I/GlobeKeyExtension( 5942): GlobeKeyExtension.onDeactivate():144 
01-13 17:56:49.471 D/InputMethodManager(17914): showSoftInput() view=com.facebook.react.views.textinput.ReactEditText{a383469 VFED..CL. .F.P..ID 132,3-917,149 #39 aid=1073741825} flags=0 reason=SHOW_SOFT_INPUT
01-13 17:56:49.471 W/TooltipLifecycleManager( 5942): TooltipLifecycleManager.dismissTooltips():153 Tooltip with id SUGGESTION_VIEW_EDU_MINI_DIALOG not found in tooltipManager.
01-13 17:56:49.472 I/VoiceInputManagerWrapper( 5942): VoiceInputManagerWrapper.shutdown():131 shutdown()
01-13 17:56:49.473 W/TooltipLifecycleManager( 5942): TooltipLifecycleManager.dismissTooltips():153 Tooltip with id spell_check_add_to_dictionary not found in tooltipManager.
01-13 17:56:49.473 I/InputBundle( 5942): InputBundle.consumeEvent():1033 Skip consuming an event as keyboard status is INACTIVE
01-13 17:56:49.474 D/CursorFeedback(17914): getExtraCursorWidth
01-13 17:56:49.474 D/CursorFeedback(17914): getExtraLeftOffset
01-13 17:56:49.474 I/AndroidIME( 5942): AbstractIme.onDeactivate():213 LatinIme.onDeactivate()
01-13 17:56:49.475 W/RemoteInputConnectionImpl(17914): requestCursorAnchorInfo on inactive InputConnection
01-13 17:56:49.476 I/PrimesLoggerHolder( 5942): FrameMetricServiceImpl.stopAsFuture():239 Measurement not found: OnConfigurationChanged
01-13 17:56:49.476 I/GoogleInputMethodService( 5942): GoogleInputMethodService.onFinishInput():2092 
01-13 17:56:49.477 I/Module  ( 5942): DeviceLockedStatusModuleProvider$Module.updateDeviceLockedStatus():103 repeatCheckTimes = 0, locked = false
01-13 17:56:49.478 I/GoogleInputMethodService( 5942): GoogleInputMethodService.onStartInput():1349 onStartInput(EditorInfo{EditorInfo{packageName=com.wholexale.app.staging, inputType=4081, inputTypeString=Password[CapSentences], enableLearning=false, autoCorrection=false, autoComplete=true, imeOptions=4000006, privateImeOptions=null, actionName=DONE, actionLabel=null, initialSelStart=0, initialSelEnd=0, initialCapsMode=2000, label=null, fieldId=57, fieldName=null, extras=Bundle[{android.support.text.emoji.emojiCompat_metadataVersion=11, android.support.text.emoji.emojiCompat_replaceAll=false, com.oplus.im.SCENES=0}], hintText=non-empty, hintLocales=[]}}, false)
01-13 17:56:49.478 I/Module  ( 5942): DeviceLockedStatusModuleProvider$Module.updateDeviceLockedStatus():103 repeatCheckTimes = 1, locked = false
01-13 17:56:49.479 I/HardKeyTracker( 5942): HardKeyTracker.unregisterKeySequence():221 Unregister key sequence aaxi{labelResId=0, callback=odj@8e54f9b, lastModifier=0, keyCodes=[57, 57], actions=[1, 0]}
01-13 17:56:49.479 I/HardKeyTracker( 5942): HardKeyTracker.unregisterKeySequence():221 Unregister key sequence aaxi{labelResId=0, callback=odj@4c64f38, lastModifier=0, keyCodes=[58, 58], actions=[1, 0]}
01-13 17:56:49.480 I/GoogleInputMethodService( 5942): GoogleInputMethodService.onStartInputView():1447 onStartInputView(EditorInfo{EditorInfo{packageName=com.wholexale.app.staging, inputType=4081, inputTypeString=Password[CapSentences], enableLearning=false, autoCorrection=false, autoComplete=true, imeOptions=4000006, privateImeOptions=null, actionName=DONE, actionLabel=null, initialSelStart=0, initialSelEnd=0, initialCapsMode=2000, label=null, fieldId=57, fieldName=null, extras=Bundle[{android.support.text.emoji.emojiCompat_metadataVersion=11, android.support.text.emoji.emojiCompat_replaceAll=false, com.oplus.im.SCENES=0}], hintText=non-empty, hintLocales=[]}}, false)
01-13 17:56:49.480 I/OnDeviceWmrCalculator( 5942): OnDeviceWmrCalculator.calculateWmr():94 WMR: 0.0000 (0 / 2)
01-13 17:56:49.480 W/ModuleManager( 5942): ModuleManager.loadModule():572 Module abau is not available
01-13 17:56:49.480 I/KeyboardHeightUtil( 5942): KeyboardHeightUtil.getOemKeyboardHeightRatio():81 systemKeyboardHeightRatio:1.000000.
01-13 17:56:49.482 I/AndroidIME( 5942): InputBundleManager.loadActiveInputBundleId():528 loadActiveInputBundleId: und-Latn-x-password, password
01-13 17:56:49.483 I/AndroidIME( 5942): AbstractIme.onActivate():95 PasswordIme.onActivate() : EditorInfo = EditorInfo{packageName=com.wholexale.app.staging, inputType=4081, inputTypeString=Password[CapSentences], enableLearning=false, autoCorrection=false, autoComplete=true, imeOptions=4000006, privateImeOptions=null, actionName=DONE, actionLabel=null, initialSelStart=0, initialSelEnd=0, initialCapsMode=2000, label=null, fieldId=57, fieldName=null, extras=Bundle[{android.support.text.emoji.emojiCompat_metadataVersion=11, android.support.text.emoji.emojiCompat_replaceAll=false, com.oplus.im.SCENES=0}], hintText=non-empty, hintLocales=[]}, IncognitoMode = false, DeviceLocked = false
01-13 17:56:49.483 I/KeyboardWrapper( 5942): KeyboardWrapper.activateKeyboard():582 activateKeyboard(): type=prime, status=INACTIVE, imeDef=zky{stringId=password, language=und-Latn-x-password, languageTag=und-Latn-x-password, processedConditions={writing_helper_enable_by_word_revert=true, variant=qwerty, true=true, language=en-GB, enable_number_row=true, device=phone, enable_number_row_in_password=true, enable_pk_simulator=false}, className=com.google.android.libraries.inputmethod.ime.password.PasswordIme, label=2132019326, keyEventInterpreter=null, inlineComposing=true, autoCapital=true, announceAutoSelectedCandidate=true, statusIcon=0, indicatorIcon=0, indicatorLabel=null, displayAppCompletions=false, extraValues=zkq{}, processors=znj@e3a9f70, unacceptableMetaKeys=4098, languageSpecificSettings=0, asciiCapable=false, alwaysShowSuggestions=false, useAsciiPasswordKeyboard=false, keyboardGroupDef=zmo@c2a32e9, phenotypeFlagId=0, localizationLanguageTag=null, supportsInlineSuggestion=false}
01-13 17:56:49.484 I/KeyboardManager( 5942): KeyboardManager.requestKeyboard():249 Creating keyboard prime, imeId=password, cacheKey=theme,!gsf,!pgsans,!pgsf,!use_system_font,BORDER,DYNAMIC_DARK_BRIGHT_KEY,EXPRESSION_PAPERCUTS_V2,FLAVOR_DPI=XXHDPI,KEYBOARD_WIDTH_CATEGORY=NORMAL,KEY_BORDER_SHAPE=1,LIGHT_THEME=false,PHYSICAL_DIAGONAL=6.205629,POPUP,SCREEN_SHORTEST_WIDTH=423,SCREEN_SHORTEST_WIDTH_NO_SCALE=423,SW400DP,XXHDPI,bottom4dp,bright_key_on_dynamic_color_dark_theme=true,enable_popup_on_keypress=true,keyboard_redesign_google_sans=true,non_linear_scale,noshadow,overlay_builtin_dynamic_color_dark_base.binarypb:gm3-dark-ff1c100f-ffffb4aa-f3a6645152bf6ebcfdaad69eee598866,silkpopup,use_expression_papercuts_v2_colors=true
01-13 17:56:49.485 I/AndroidIME( 5942): InputBundleManager.startInput():358 startInput() with zmt[keyboardType=prime, payload=null]
01-13 17:56:49.485 I/GlobeKeyExtension( 5942): GlobeKeyExtension.onActivate():120 
01-13 17:56:49.489 I/LanguagePromoExtension( 5942): LanguagePromoExtension.checkDisplayPreconditions():171 Not show language promo: exceeds the max display times.
01-13 17:56:49.489 I/NewLanguagePromptExtension( 5942): NewLanguagePromptExtension.onActivate():189 Not activated NewLanguagePromptExtension: not a normal text input box.
01-13 17:56:49.489 I/HardKeyTracker( 5942): HardKeyTracker.unregisterKeySequence():221 Unregister key sequence aaxi{labelResId=2132020505, callback=uhs@b5b775, lastModifier=2, keyCodes=[56], actions=[0]}
01-13 17:56:49.490 I/HardKeyTracker( 5942): HardKeyTracker.registerKeySequence():170 Register key sequence aaxi{labelResId=2132020505, callback=uhs@9e83bdf, lastModifier=2, keyCodes=[56], actions=[0]}
01-13 17:56:49.490 I/VoiceInputManagerWrapper( 5942): VoiceInputManagerWrapper.cancelShutdown():109 cancelShutdown()
01-13 17:56:49.490 I/VoiceInputManagerWrapper( 5942): VoiceInputManagerWrapper.syncLanguagePacks():121 syncLanguagePacks()
01-13 17:56:49.490 I/SpeechFactory( 5942): SpeechRecognitionFactory.maybeScheduleAutoPackDownloadForFallback():217 maybeScheduleAutoPackDownloadForFallback()
01-13 17:56:49.490 I/VoiceInputManager( 5942): VoiceInputManager.onKeyboardActivated():1213 onKeyboardActivated() [UD]
01-13 17:56:49.490 I/FallbackOnDeviceRecognitionProvider( 5942): FallbackOnDeviceRecognitionProvider.maybeScheduleAutoPackDownload():205 maybeScheduleAutoPackDownload() for language tag en-GB
01-13 17:56:49.491 I/SpeechPackManager( 5942): SpeechPackManager.isPackAvailableToDownload():224 isPackAvailableToDownload() : LanguageTag = en-GB : ManifestUrl = https://dl.google.com/android/voice/gboard/terse/superpacks-manifest-20210519.json
01-13 17:56:49.491 I/PkModeUpdater( 5942): PkModeUpdater.onActivate():74 onActivate false true
01-13 17:56:49.491 I/AccessoryInputModeManager( 5942): AccessoryInputModeManager.onModeStarted():321 Accessory input mode started: null
01-13 17:56:49.491 W/SupplementaryKeyboardsWrapper( 5942): SupplementaryKeyboardsWrapper.deactivateKeyboard():162 keyboard accessory_candidates_consumer is not activated before!
01-13 17:56:49.492 I/FallbackOnDeviceRecognitionProvider( 5942): FallbackOnDeviceRecognitionProvider$1.onSuccess():213 auto download packs.
01-13 17:56:49.492 I/SpeechPackManager( 5942): SpeechPackManager.syncPacks():343 syncPacks()
01-13 17:56:49.492 I/SpeechPackManager( 5942): SpeechPackManager.isPackAvailableOnDisk():205 isPackAvailableOnDisk() : LanguageTag = en-US
01-13 17:56:49.492 I/SpeechPackManager( 5942): SpeechPackManager.registerManifest():509 registerManifest() : https://dl.google.com/android/voice/gboard/terse/superpacks-manifest-20210519.json
01-13 17:56:49.493 I/SpeechPackManager( 5942): SpeechPackManager.registerManifest():516 registerManifest() : Reusing hash 1327534105
01-13 17:56:49.494 I/SpeechPackSlicingStrategy( 5942): SpeechPackSlicingStrategy.getSlices():52 getSlices() : ForceUpdates = false : LanguageTags = [en-GB, en-US]
01-13 17:56:49.494 I/SpeechPackSlicingStrategy( 5942): SpeechPackSlicingStrategy.getSlices():66 getSlices(): slicing result: {slices=[{gboard-small-speech-packs:en-GB-v201-f20, W:C:*:*, bg}, {gboard-small-speech-packs:en-US-small-rnnt, W:C:*:*, bg}], last batch=true, sync metadata=false}
01-13 17:56:49.494 I/SP      ( 5942): Syncing gboard-small-speech-packs (1327534105) with slices: [{en-GB-v201-f20, W:C:*:*, bg}, {en-US-small-rnnt, W:C:*:*, bg}], metadata: false
01-13 17:56:49.495 I/KeyboardModeUtils( 5942): KeyboardModeUtils.getKeyboardBottomOffset():435 inch: 0.000000 ydpi: 409.016998 adjustKeyboardBottomByDisplaySize: false currentDensityDpi: 408 defaultDensityDpi: 408 keyboardBottomToScreenPx: 0 keyboardBottomToNavBarPx: -41 navBarHeight: 41
01-13 17:56:49.495 I/BaseKeyboardSizeHelper( 5942): BaseKeyboardSizeHelper.calculateMaxKeyboardBodyHeight():73 leave 273 height for app when ime window height:2249, header height:112 and isFullscreenMode:false, so the max keyboard body height is:1864
01-13 17:56:49.495 I/BaseKeyboardSizeHelper( 5942): BaseKeyboardSizeHelper.calculateMaxKeyboardBodyHeight():73 leave 273 height for app when ime window height:2249, header height:112 and isFullscreenMode:false, so the max keyboard body height is:1864
01-13 17:56:49.495 I/BaseKeyboardSizeHelper( 5942): BaseKeyboardSizeHelper.calculateMaxKeyboardBodyHeight():73 leave 273 height for app when ime window height:2249, header height:112 and isFullscreenMode:false, so the max keyboard body height is:1864
01-13 17:56:49.495 I/BaseKeyboardSizeHelper( 5942): BaseKeyboardSizeHelper.calculateMaxKeyboardBodyHeight():73 leave 273 height for app when ime window height:2249, header height:112 and isFullscreenMode:false, so the max keyboard body height is:1864
01-13 17:56:49.495 W/NormalModeController( 5942): NormalModeController.adjustKeyboardBodyHeightRatio():214 Invalid height ratio from decoder -1.000000!
01-13 17:56:49.495 W/ExtensionWrapper( 5942): ExtensionWrapper.setExtensionViewVisibility():863 interface ysb is not activate
01-13 17:56:49.497 I/Module  ( 5942): DeviceLockedStatusModuleProvider$Module.updateDeviceLockedStatus():103 repeatCheckTimes = 1, locked = false
01-13 17:56:49.498 I/HardKeyTracker( 5942): HardKeyTracker.unregisterKeySequence():221 Unregister key sequence aaxi{labelResId=2132020509, callback=uhs@9808ed3, lastModifier=2, keyCodes=[48], actions=[0]}
01-13 17:56:49.498 I/HardKeyTracker( 5942): HardKeyTracker.registerKeySequence():170 Register key sequence aaxi{labelResId=2132020509, callback=uhs@46dc8c4, lastModifier=2, keyCodes=[48], actions=[0]}
01-13 17:56:49.500 I/HardKeyTracker( 5942): HardKeyTracker.unregisterKeySequence():221 Unregister key sequence aaxi{labelResId=2132020505, callback=uhs@1734a10, lastModifier=2, keyCodes=[56], actions=[0]}
01-13 17:56:49.500 I/HardKeyTracker( 5942): HardKeyTracker.registerKeySequence():170 Register key sequence aaxi{labelResId=2132020505, callback=uhs@18263ad, lastModifier=2, keyCodes=[56], actions=[0]}
01-13 17:56:49.501 I/HardKeyTracker( 5942): HardKeyTracker.unregisterKeySequence():221 Unregister key sequence aaxi{labelResId=2132020509, callback=uhs@7079909, lastModifier=2, keyCodes=[48], actions=[0]}
01-13 17:56:49.501 I/HardKeyTracker( 5942): HardKeyTracker.registerKeySequence():170 Register key sequence aaxi{labelResId=2132020509, callback=uhs@3b156e2, lastModifier=2, keyCodes=[48], actions=[0]}
01-13 17:56:49.502 I/HardKeyTracker( 5942): HardKeyTracker.unregisterKeySequence():221 Unregister key sequence aaxi{labelResId=2132020510, callback=uhs@4d3170e, lastModifier=2, keyCodes=[32], actions=[0]}
01-13 17:56:49.502 I/HardKeyTracker( 5942): HardKeyTracker.registerKeySequence():170 Register key sequence aaxi{labelResId=2132020510, callback=uhs@fc70a73, lastModifier=2, keyCodes=[32], actions=[0]}
01-13 17:56:49.505 I/HardKeyTracker( 5942): HardKeyTracker.unregisterKeySequence():221 Unregister key sequence aaxi{labelResId=2132020510, callback=uhs@a4e4b28, lastModifier=2, keyCodes=[32], actions=[0]}
01-13 17:56:49.505 I/HardKeyTracker( 5942): HardKeyTracker.registerKeySequence():170 Register key sequence aaxi{labelResId=2132020510, callback=uhs@491ff2e, lastModifier=2, keyCodes=[32], actions=[0]}
01-13 17:56:49.508 E/IHansComunication( 4624): HANS printMessageBody: RCV message: type = 0,port = 86870,caller_pid = 1094,caller_uid = 1047,target_pid = 30232,target_uid = 10744,pkg_cmd = -1,rpc = android.hardware.ICameraServiceListener/5
01-13 17:56:49.508 E/IHansComunication( 4624): HANS printMessageBody: RCV message: type = 0,port = 86870,caller_pid = 1094,caller_uid = 1047,target_pid = 4133,target_uid = 10844,pkg_cmd = -1,rpc = android.hardware.ICameraServiceListener/5
01-13 17:56:49.508 E/IHansComunication( 4624): HANS printMessageBody: RCV message: type = 0,port = 86870,caller_pid = 1094,caller_uid = 1047,target_pid = 27013,target_uid = 10186,pkg_cmd = -1,rpc = android.hardware.ICameraServiceListener/5
01-13 17:56:49.508 E/IHansComunication( 4624): HANS printMessageBody: RCV message: type = 0,port = 86870,caller_pid = 1094,caller_uid = 1047,target_pid = 30232,target_uid = 10744,pkg_cmd = -1,rpc = android.hardware.ICameraServiceListener/5
01-13 17:56:49.508 E/IHansComunication( 4624): HANS printMessageBody: RCV message: type = 0,port = 86870,caller_pid = 1094,caller_uid = 1047,target_pid = 4133,target_uid = 10844,pkg_cmd = -1,rpc = android.hardware.ICameraServiceListener/5
01-13 17:56:49.508 E/IHansComunication( 4624): HANS printMessageBody: RCV message: type = 0,port = 86870,caller_pid = 1094,caller_uid = 1047,target_pid = 27013,target_uid = 10186,pkg_cmd = -1,rpc = android.hardware.ICameraServiceListener/5
01-13 17:56:49.509 D/InsetsController(17914): show(ime(), fromIme=true)
01-13 17:56:49.510 W/OnBackInvokedCallback(17914): OnBackInvokedCallback is not enabled for the application.
01-13 17:56:49.510 W/OnBackInvokedCallback(17914): Set 'android:enableOnBackInvokedCallback="true"' in the application manifest.
01-13 17:56:49.511 D/InputMethodManagerService( 1751): onHandleImeWindowVisibleStatus: vis = 3, needsToShowImeSwitcher = false
01-13 17:56:49.514 D/InsetsController(17914): show(ime(), fromIme=true)
01-13 17:56:49.515 I/OplusHansManager ( 1751): unfreeze uid: 10744 com.cricbuzz.android pids: [30232, 26782] reason: AsyncBinder scene: LcdOn
01-13 17:56:49.516 I/OplusHansManager ( 1751): uid=10744, pkg=com.cricbuzz.android, transition from Frozen to Middle, reason=AsyncBinder
01-13 17:56:49.516 I/OplusHansManager ( 1751): uid=10744, pkg=com.cricbuzz.android F exit(), F stay=0, reason=AsyncBinder
01-13 17:56:49.517 D/OplusAtlasService( 3347): getAttributeByAppName module:oplus-getStreamMaxVolume packageName:com.cricbuzz.android
01-13 17:56:49.518 I/KeyboardModeUtils( 5942): KeyboardModeUtils.getKeyboardBottomOffset():435 inch: 0.000000 ydpi: 409.016998 adjustKeyboardBottomByDisplaySize: false currentDensityDpi: 408 defaultDensityDpi: 408 keyboardBottomToScreenPx: 0 keyboardBottomToNavBarPx: -41 navBarHeight: 41
01-13 17:56:49.518 D/InputMethodManagerService( 1751): onHandleImeWindowVisibleStatus: vis = 3, needsToShowImeSwitcher = false
01-13 17:56:49.518 I/BaseKeyboardSizeHelper( 5942): BaseKeyboardSizeHelper.calculateMaxKeyboardBodyHeight():73 leave 273 height for app when ime window height:2249, header height:112 and isFullscreenMode:false, so the max keyboard body height is:1864
01-13 17:56:49.518 I/BaseKeyboardSizeHelper( 5942): BaseKeyboardSizeHelper.calculateMaxKeyboardBodyHeight():73 leave 273 height for app when ime window height:2249, header height:112 and isFullscreenMode:false, so the max keyboard body height is:1864
01-13 17:56:49.518 I/WindowMetricsNotification( 5942): WindowMetricsNotification.notifyWithWindow():166 
01-13 17:56:49.519 I/WindowMetricsNotification( 5942): WindowMetricsNotification.notify():159 afmr[bounds=Rect(0, 110 - 1080, 2400), insets=Rect(0, 0 - 0, 41), densityDpi=408, smallestScreenWidthDp=423, displayWidth=1080, displayHeight=2400, xdpi=409.017, ydpi=409.017, isTrustable=true, displayId=0]; DisplayMetrics{density=2.55, width=1080, height=2400, scaledDensity=2.55, xdpi=409.017, ydpi=409.017}
01-13 17:56:49.519 I/OplusHansManager ( 1751): unfreeze uid: 10844 com.yourcompany.printerapp pids: [4133] reason: AsyncBinder scene: LcdOn
01-13 17:56:49.520 I/OplusHansManager ( 1751): uid=10844, pkg=com.yourcompany.printerapp, transition from Frozen to Middle, reason=AsyncBinder
01-13 17:56:49.520 I/OplusHansManager ( 1751): uid=10844, pkg=com.yourcompany.printerapp F exit(), F stay=0, reason=AsyncBinder
01-13 17:56:49.521 D/AudioManagerExtImpl(30232): getStreamVolume packageName=com.cricbuzz.android, index=4, streamType=3
01-13 17:56:49.527 I/OplusHansManager ( 1751): unfreeze uid: 10186 in.cricketexchange.app.cricketexchange pids: [27013, 27753] reason: AsyncBinder scene: LcdOn
01-13 17:56:49.528 I/KeyboardWrapper( 5942): KeyboardWrapper.onKeyboardReady():224 onKeyboardReady(): type=prime(prime), kb=com.google.android.apps.inputmethod.latin.keyboard.LatinPasswordKeyboard@af35aa9
01-13 17:56:49.528 I/KeyboardWrapper( 5942): KeyboardWrapper.doActivateKeyboard():612 doActivateKeyboard(): prime
01-13 17:56:49.529 I/OplusHansManager ( 1751): uid=10186, pkg=in.cricketexchange.app.cricketexchange, transition from Frozen to Middle, reason=AsyncBinder
01-13 17:56:49.529 I/OplusHansManager ( 1751): uid=10186, pkg=in.cricketexchange.app.cricketexchange F exit(), F stay=0, reason=AsyncBinder
01-13 17:56:49.529 I/OplusHansManager ( 1751): forceUnfreezeByPid pid= 30232 reason= unfreezeForKernel: AsyncBinder
01-13 17:56:49.530 I/OplusHansManager ( 1751): forceUnfreezeByPid pid= 4133 reason= unfreezeForKernel: AsyncBinder
01-13 17:56:49.530 I/OplusHansManager ( 1751): forceUnfreezeByPid pid= 27013 reason= unfreezeForKernel: AsyncBinder
01-13 17:56:49.535 I/BaseKeyboardSizeHelper( 5942): BaseKeyboardSizeHelper.calculateMaxKeyboardBodyHeight():73 leave 273 height for app when ime window height:2249, header height:112 and isFullscreenMode:false, so the max keyboard body height is:1864
01-13 17:56:49.535 W/TooltipLifecycleManager( 5942): TooltipLifecycleManager.dismissTooltips():153 Tooltip with id undo_access_point_promotion_banner not found in tooltipManager.
01-13 17:56:49.536 D/FusionLightExtImpl( 1751): processRawLux stop to shot
01-13 17:56:49.536 D/FusionLightExtImpl( 1751): processRawLux ShotOnce, after outEvent->light = 14.814783, comp_lux = 204.225296, RGB(255.000000, 228.000000, 182.000000), C = 14.000000, threshold = 1000, mBrightLevel = 689
01-13 17:56:49.538 I/KeyboardModeUtils( 5942): KeyboardModeUtils.getKeyboardBottomOffset():435 inch: 0.000000 ydpi: 409.016998 adjustKeyboardBottomByDisplaySize: false currentDensityDpi: 408 defaultDensityDpi: 408 keyboardBottomToScreenPx: 0 keyboardBottomToNavBarPx: -41 navBarHeight: 41
01-13 17:56:49.538 I/BaseKeyboardSizeHelper( 5942): BaseKeyboardSizeHelper.calculateMaxKeyboardBodyHeight():73 leave 273 height for app when ime window height:2249, header height:112 and isFullscreenMode:false, so the max keyboard body height is:1864
01-13 17:56:49.538 I/BaseKeyboardSizeHelper( 5942): BaseKeyboardSizeHelper.calculateMaxKeyboardBodyHeight():73 leave 273 height for app when ime window height:2249, header height:112 and isFullscreenMode:false, so the max keyboard body height is:1864
01-13 17:56:49.538 I/BaseKeyboardSizeHelper( 5942): BaseKeyboardSizeHelper.calculateMaxKeyboardBodyHeight():73 leave 273 height for app when ime window height:2249, header height:112 and isFullscreenMode:false, so the max keyboard body height is:1864
01-13 17:56:49.538 I/BaseKeyboardSizeHelper( 5942): BaseKeyboardSizeHelper.calculateMaxKeyboardBodyHeight():73 leave 273 height for app when ime window height:2249, header height:112 and isFullscreenMode:false, so the max keyboard body height is:1864
01-13 17:56:49.539 I/GlobeKeyExtension( 5942): GlobeKeyExtension.getKeyboardInitialStates():175 
01-13 17:56:49.540 W/Keyboard( 5942): Keyboard.getKeyboardViewHelper():604 null helper is returned: keyboardDef=zmb{processedConditions={show_comma_key=true, enable_more_candidates_view_for_multilingual=false, layout_9key_split=false, enable_secondary_symbols=false, pref_enable_flick_symbols=false, language=en-GB, deprecate_long_press_space_for_ime_picker=false, show_suggestion_strip=true, expressions=normal, android_software_xr_api_spatial=false, variant=qwerty, show_period_key=true, enable_number_row=true, device=phone, keyboard_mode=normal, show_secondary_digits=false, enable_preemptive_decode=true, enable_pk_simulator=false}, globalConditions={global_theme_key=theme,!gsf,!pgsans,!pgsf,!use_system_font,BORDER,DYNAMIC_DARK_BRIGHT_KEY,EXPRESSION_PAPERCUTS_V2,FLAVOR_DPI=XXHDPI,KEYBOARD_WIDTH_CATEGORY=NORMAL,KEY_BORDER_SHAPE=1,LIGHT_THEME=false,PHYSICAL_DIAGONAL=6.205629,POPUP,SCREEN_SHORTEST_WIDTH=423,SCREEN_SHORTEST_WIDTH_NO_SCALE=423,SW400DP,XXHDPI,bottom4dp,bright_key_on_dynamic_color_dark_theme=true,enable_popup_on_keypress=true,keyboard_redesign_google_sans=true,non_linear_scale,noshadow,overlay_builtin_dynamic_color_dark_base.binarypb:gm3-dark-ff1c100f-ffffb4aa-f3a6645152bf6ebcfdaad69eee598866,silkpopup,use_expression_papercuts_v2_colors=true, global_locale=en_GB, global_density_dpi=408, global_orientation=1}, className=.latin.keyboard.LatinPasswordKeyboard, resourceIds=[#0x7f170600, #0x7f170891, #0x7f1706bf], initialStates=0, keyboardViewDefs=[zna{direction=null, id=#0x7f0b0227, isScalable=true, layoutId=#0x7f0e02b2, type=BODY, touchable=true, defaultShow=true}, zna{direction=null, id=#0x7f0b0227, isScalable=false, layoutId=#0x7f0e020e, type=FLOATING_CANDIDATES, touchable=false, defaultShow=false}, zna{direction=LOCALE, id=#0x7f0b0227, isScalable=false, layoutId=#0x7f0e0514, type=HEADER, touchable=true, defaultShow=true}], persistentStates=0, persistentStatesPrefKey=null, popupBubbleLayoutId=#0x7f0e0602, recentKeyLayoutId=#0x0, recentKeyPopupLayoutId=#0x0, recentKeyType=null, rememberRecentKey=NONE, sessionStates=17592186044419}, type=WIDGET, helpersCreated={HEADER=yma@dc24e5e, BODY=yma@a50323f, FLOATING_CANDIDATES=yma@f2ec70c}, context.getResources().getConfiguration(): {1.15 ??mcc??mnc [en_GB] ldltr sw423dp w423dp h898dp 408dpi nrml long port night finger -keyb/v/h -nav/h winConfig={ mBounds=Rect(0, 0 - 1080, 2400) mAppBounds=Rect(0, 110 - 1080, 2400) mMaxBounds=Rect(0, 0 - 1080, 2400) mDisplayRotation=ROTATION_0 mWindowingMode=fullscreen mDisplayWindowingMode=fullscreen mActivityType=undefined mAlwaysOnTop=undefined mRotation=ROTATION_0} s.133 fontWeightAdjustment=0mThemeChanged= 0, mThemeChangedFlags= 0, mFlipFont= 0, mAccessibleChanged= -1, mUxIconConfig= 3468921665126662177, mMaterialColor= 0, mUserId= 0, mFontUserId= 0, mFontVariationSettings= 226, mFoldingAngle = -1.0, mIconPackName= , mDarkModeBackgroundMaxL= 0.0, mDarkModeDialogBgMaxL= 27.0, mDarkModeForegroundMinL= 100.0, mOplusConfigType= 1, mOplusChangedConfigs= 0, OpSans= 0, mFlag= 0}
01-13 17:56:49.540 I/BaseKeyboardSizeHelper( 5942): BaseKeyboardSizeHelper.calculateMaxKeyboardBodyHeight():73 leave 273 height for app when ime window height:2249, header height:112 and isFullscreenMode:false, so the max keyboard body height is:1864
01-13 17:56:49.550 D/OplusFullScreenDisplayManager( 1751): adjustWindowParamsLw com.google.android.inputmethod.latin, no change cutoutMode: 0
01-13 17:56:49.550 V/WindowManager( 1751): Relayout Window{ffa4cc5 u0 InputMethod}: viewVisibility=0, oldvis=0, req=1080x2290
01-13 17:56:49.552 I/SP      ( 5942): Sync for gboard-small-speech-packs succeeded in 59 ms: no changes
01-13 17:56:49.552 I/SP      ( 5942): GC for 'gboard-small-speech-packs' (10) with ttl of 0 ms took 0 ms (0/0/0)
01-13 17:56:49.554 I/SpeechPackManager( 5942): SpeechPackManager$4.onSuccess():495 updatePackSetCacheAsync() : Updated the PackSet cache
01-13 17:56:49.557 I/KeyboardModeUtils( 5942): KeyboardModeUtils.getKeyboardBottomOffset():435 inch: 0.000000 ydpi: 409.016998 adjustKeyboardBottomByDisplaySize: false currentDensityDpi: 408 defaultDensityDpi: 408 keyboardBottomToScreenPx: 0 keyboardBottomToNavBarPx: -41 navBarHeight: 41
01-13 17:56:49.557 I/BaseKeyboardSizeHelper( 5942): BaseKeyboardSizeHelper.calculateMaxKeyboardBodyHeight():73 leave 273 height for app when ime window height:2249, header height:112 and isFullscreenMode:false, so the max keyboard body height is:1864
01-13 17:56:49.557 I/BaseKeyboardSizeHelper( 5942): BaseKeyboardSizeHelper.calculateMaxKeyboardBodyHeight():73 leave 273 height for app when ime window height:2249, header height:112 and isFullscreenMode:false, so the max keyboard body height is:1864
01-13 17:56:49.564 I/GoogleInputMethodService( 5942): GoogleInputMethodService$1.onKeyboardViewShown():323 onKeyboardViewShown: keyboardType=prime, keyboardViewType=HEADER keyboardView=com.google.android.libraries.inputmethod.widgets.SoftKeyboardView{be36d55 V.E...... ........ 0,0-1080,112}
01-13 17:56:49.564 I/BaseKeyboardSizeHelper( 5942): BaseKeyboardSizeHelper.calculateMaxKeyboardBodyHeight():73 leave 273 height for app when ime window height:2249, header height:112 and isFullscreenMode:false, so the max keyboard body height is:1864
01-13 17:56:49.565 I/GoogleInputMethodService( 5942): GoogleInputMethodService$1.onKeyboardViewShown():323 onKeyboardViewShown: keyboardType=prime, keyboardViewType=BODY keyboardView=com.google.android.libraries.inputmethod.widgets.SoftKeyboardView{d6ace59 V.E...... ........ 0,0-1080,742}
01-13 17:56:49.565 I/BaseKeyboardSizeHelper( 5942): BaseKeyboardSizeHelper.calculateMaxKeyboardBodyHeight():73 leave 273 height for app when ime window height:2249, header height:112 and isFullscreenMode:false, so the max keyboard body height is:1864
01-13 17:56:49.565 I/GlobeKeyExtension( 5942): GlobeKeyExtension$1.onKeyboardViewShown():72 maybeDisableLanguageSwitchKeyPref when the keyboard is shown
01-13 17:56:49.566 I/GlobeKeyExtension( 5942): GlobeKeyExtension.maybeDisableLanguageSwitchKeyPref():200 maybeDisableLanguageSwitchKeyPref hasGlobeKeyBeenDisabled: false, shouldDisableLanguageSwitchKey: false
01-13 17:56:49.566 I/NewLanguagePromptExtension( 5942): NewLanguagePromptExtension$1.onKeyboardViewShown():88 Not show new language banner: not prime keyboard, or the extension not activated.
01-13 17:56:49.567 I/KeyboardModeUtils( 5942): KeyboardModeUtils.getKeyboardBottomOffset():435 inch: 0.000000 ydpi: 409.016998 adjustKeyboardBottomByDisplaySize: false currentDensityDpi: 408 defaultDensityDpi: 408 keyboardBottomToScreenPx: 0 keyboardBottomToNavBarPx: -41 navBarHeight: 41
01-13 17:56:49.567 I/BaseKeyboardSizeHelper( 5942): BaseKeyboardSizeHelper.calculateMaxKeyboardBodyHeight():73 leave 273 height for app when ime window height:2249, header height:112 and isFullscreenMode:false, so the max keyboard body height is:1864
01-13 17:56:49.567 I/BaseKeyboardSizeHelper( 5942): BaseKeyboardSizeHelper.calculateMaxKeyboardBodyHeight():73 leave 273 height for app when ime window height:2249, header height:112 and isFullscreenMode:false, so the max keyboard body height is:1864
01-13 17:56:49.669 I/service_manager_stats(25669): [100,79,91387]
01-13 17:56:49.899 I/input_interaction( 1751): Interaction with: ffa4cc5 InputMethod (server), [Gesture Monitor] swipe-up (server), [Gesture Monitor] edge-swipe (server), [Gesture Monitor] OplusExInputReceiver1 (server), PointerEventDispatcher0 (server), 
01-13 17:56:49.901 D/NoBackGesture( 2247): Start gesture: MotionEvent { action=ACTION_DOWN, actionButton=0, id[0]=0, x[0]=76.0, y[0]=2140.75, toolType[0]=TOOL_TYPE_FINGER, buttonState=0, classification=NONE, metaState=0, flags=0x0, edgeFlags=0x0, pointerCount=1, historySize=0, eventTime=56010851, downTime=56010851, deviceId=4, source=0x1002, displayId=0, eventId=1041996454 }
01-13 17:56:49.901 D/NoBackGesture( 2247): Not in side gesture area
01-13 17:56:49.901 D/PowerManagerService( 1751): userActivityNoUpdateLocked: groupId=0, eventTime=56010851, event=2, flags=0x0, uid=1000
01-13 17:56:49.901 D/OGG_Detector( 1751): D:done mCurrStatus: 0
01-13 17:56:50.008 I/libPowerHal(  873): [perfLockRel] hdl:66991, idx:3
01-13 17:56:50.008 I/libPowerHal(  873): [PD] MTKPOWER_HINT_APP_TOUCH update cmd:3408600 param:0
01-13 17:56:50.009 D/PowerManagerService( 1751): userActivityNoUpdateLocked: groupId=0, eventTime=56010961, event=2, flags=0x0, uid=1000
