01-13 17:56:45.252 E/AppInitScheduler|Schedule(31113): Call to schedule after shutdown: 233:MobileConfigSessionlessLaterInit, deps=[116, 165]
01-13 17:56:45.252 E/AppInitScheduler|Schedule(31113): Call to schedule after shutdown: 306:PreloadFeedRequest, deps=[353, 354]
01-13 17:56:45.252 E/AppInitScheduler|Schedule(31113): Call to schedule after shutdown: 298:PrefetchFeedNetwork, deps=[306]
01-13 17:56:45.252 E/AppInitScheduler|Schedule(31113): Call to schedule after shutdown: 299:PreloadClashManager, deps=[353, 354]
01-13 17:56:45.252 E/AppInitScheduler|Schedule(31113): Call to schedule after shutdown: 302:PreloadFeedConfig, deps=[353, 354]
01-13 17:56:45.252 E/AppInitScheduler|Schedule(31113): Call to schedule after shutdown: 304:PreloadFeedFetchMetadata, deps=[353, 354]
01-13 17:56:45.252 E/AppInitScheduler|Schedule(31113): Call to schedule after shutdown: 307:PreloadFreshFeedRanker, deps=[131, 354]
01-13 17:56:45.252 E/AppInitScheduler|Schedule(31113): Call to schedule after shutdown: 308:PreloadHeroManager, deps=[131, 354]
01-13 17:56:45.252 E/AppInitScheduler|Schedule(31113): Call to schedule after shutdown: 309:PreloadInlineComposerProfileImage, deps=[120, 131, 354]
01-13 17:56:45.252 E/AppInitScheduler|Schedule(31113): Call to schedule after shutdown: 310:PreloadLogDb, deps=[3, 353, 354]
01-13 17:56:45.252 E/AppInitScheduler|Schedule(31113): Call to schedule after shutdown: 314:PreloadReactions, deps=[3, 131, 354]
01-13 17:56:45.253 E/AppInitScheduler|Schedule(31113): Call to schedule after shutdown: 319:PreloadStoriesTrayFetchController, deps=[131, 354]
01-13 17:56:45.253 E/AppInitScheduler|Schedule(31113): Call to schedule after shutdown: 320:PreloadStoriesTrayQuery, deps=[131, 354]
01-13 17:56:45.253 E/AppInitScheduler|Schedule(31113): Call to schedule after shutdown: 322:PreloadVideoPrivateSharing, deps=[131, 354]
01-13 17:56:45.254 E/AppInitScheduler|Schedule(31113): Call to schedule after shutdown: 323:PreloadVideoTabRestart, deps=[131, 354]
01-13 17:56:45.254 E/AppInitScheduler|Schedule(31113): Call to schedule after shutdown: 343:SecondaryDexPreloaderBg, deps=[121, 229]
01-13 17:56:45.254 E/AppInitScheduler|Schedule(31113): Call to schedule after shutdown: 347:SetupBlockingBackgroundComponentReporting, deps=[354]
01-13 17:56:45.254 E/AppInitScheduler|Schedule(31113): Call to schedule after shutdown: 355:StartupQPLReplayer, deps=[354]
01-13 17:56:45.254 W/AppInitScheduler|Run(31113):   Finished InitAppChoreographer in 2ms
01-13 17:56:45.254 E/AppInitScheduler|Schedule(31113): Call to schedule after shutdown: 356:StartupQPLTransitToMatureStage, deps=[355]
01-13 17:56:45.254 W/OnApplicationInitInvoker(31113): Ignored missing AppInit dependency: 144:GatekeeperStoreInitializer
01-13 17:56:45.254 W/OnApplicationInitInvoker(31113): Ignored missing AppInit dependency: 219:MessengerMCPPluginInitializer
01-13 17:56:45.254 W/AppInitScheduler|Run(31113):   Finished RunOnApplicationInit in 13ms
01-13 17:56:45.254 W/AppInitScheduler|Run(31113): Running HandleAppComponentsForPreTosBuild
01-13 17:56:45.255 W/AppInitScheduler|Run(31113): Running INeedInitForEventBusRegister
01-13 17:56:45.255 W/AppInitScheduler|Run(31113):   Finished MobileConfigSessionlessInit in 10ms
01-13 17:56:45.255 W/AppInitScheduler|Schedule(31113):   Executing 116:E2EForceMobileConfigSessionlessFetch
01-13 17:56:45.255 W/AppInitScheduler|Run(31113):   Finished INeedInitForEventBusRegister in 0ms
01-13 17:56:45.255 W/AppInitScheduler|Run(31113): Running E2EForceMobileConfigSessionlessFetch [*]
01-13 17:56:45.255 W/AppInitScheduler|Run(31113):   Finished E2EForceMobileConfigSessionlessFetch in 0ms
01-13 17:56:45.256 W/AppInitScheduler|Run(31113): Running InitAndroidX
01-13 17:56:45.256 W/AppInitScheduler|Run(31113):   Finished HandleAppComponentsForPreTosBuild in 1ms
01-13 17:56:45.256 W/AppInitScheduler|Run(31113): Running InitLogging
01-13 17:56:45.257 W/fb4a.AppInitScheduler|Run(31113):   Finished InitLogging in 0ms
01-13 17:56:45.257 W/fb4a.AppInitScheduler|Run(31113):   Finished InitAuthentication in 13ms
01-13 17:56:45.257 W/fb4a.AppInitScheduler|Run(31113): Running InitSystrace
01-13 17:56:45.257 W/fb4a.AppInitScheduler|Run(31113):   Finished InitAndroidX in 0ms
01-13 17:56:45.257 W/fb4a.AppInitScheduler|Schedule(31113):   Executing 353:StartupDestinationAppInit
01-13 17:56:45.257 W/fb4a.AppInitScheduler|Schedule(31113):   Executing 227:MobileConfigAdminIdInit
01-13 17:56:45.257 W/fb4a.AppInitScheduler|Schedule(31113):   Executing 229:MobileConfigInit
01-13 17:56:45.257 W/fb4a.AppInitScheduler|Run(31113): Running StartupDestinationAppInit [*]
01-13 17:56:45.257 W/fb4a.AppInitScheduler|Run(31113):   Finished InitExecutors in 12ms
01-13 17:56:45.257 W/fb4a.AppInitScheduler|Run(31113):   Finished StartupDestinationAppInit in 0ms
01-13 17:56:45.257 W/fb4a.AppInitScheduler|Run(31113): Running MobileConfigInit [*]
01-13 17:56:45.257 W/fb4a.AppInitScheduler|Run(31113): Running MobileConfigAdminIdInit [*]
01-13 17:56:45.257 W/fb4a.AppInitScheduler|Schedule(31113):   Executing 359:StringResourcesDelegate
01-13 17:56:45.257 W/fb4a.AppInitScheduler|Schedule(31113):   Executing 339:RunPerfMarkers
01-13 17:56:45.257 W/fb4a.AppInitScheduler|Schedule(31113):   Executing 102:ComposerSavedSessionStoreInitializer
01-13 17:56:45.258 W/fb4a.AppInitScheduler|Run(31113):   Finished FixieActivityManagerHook in 9ms
01-13 17:56:45.258 W/fb4a.EarliestPossibleColdStartClassPreloadStarter(31113): Class preload op code: 0
01-13 17:56:45.258 W/fb4a.AppInitScheduler|Schedule(31113):   Executing 124:ErrorReporterSecondaryInit
01-13 17:56:45.258 W/fb4a.AppInitScheduler|Schedule(31113):   Executing 173:InitLacrimaLaterInit
01-13 17:56:45.258 W/fb4a.AppInitScheduler|Schedule(31113):   Executing 192:InitSurfaces
01-13 17:56:45.258 W/fb4a.AppInitScheduler|Schedule(31113):   Executing 233:MobileConfigSessionlessLaterInit
01-13 17:56:45.259 W/fb4a.AppInitScheduler|Run(31113): Running StringResourcesDelegate [*]
01-13 17:56:45.259 W/fb4a.AppInitScheduler|Run(31113): Running RunPerfMarkers [*]
01-13 17:56:45.259 D/CompatibilityChangeReporter( 1751): Compat change id reported: 161145287; UID 10614; state: DISABLED
01-13 17:56:45.259 W/fb4a.AppInitScheduler|Run(31113): Running InitMallocHooks
01-13 17:56:45.260 W/fb4a.AppInitScheduler|Run(31113):   Finished MobileConfigAdminIdInit in 3ms
01-13 17:56:45.260 W/fb4a.AppInitScheduler|Schedule(31113):   Executing 123:EarlyFetchStartupDestinationAppInit
01-13 17:56:45.260 W/fb4a.AppInitScheduler|Schedule(31113):   Executing 228:MobileConfigAdminIdLaterInit
01-13 17:56:45.260 W/fb4a.AppInitScheduler|Run(31113): Running EarlyFetchStartupDestinationAppInit [*]
01-13 17:56:45.260 W/fb4a.AppInitScheduler|Run(31113):   Finished EarlyFetchStartupDestinationAppInit in 1ms
01-13 17:56:45.260 W/fb4a.AppInitScheduler|Run(31113): Running ComposerSavedSessionStoreInitializer
01-13 17:56:45.260 W/fb4a.AppInitScheduler|Run(31113):   Finished ComposerSavedSessionStoreInitializer in 0ms
01-13 17:56:45.260 W/fb4a.AppInitScheduler|Run(31113):   Finished MobileConfigInit in 4ms
01-13 17:56:45.260 W/fb4a.AppInitScheduler|Run(31113): Running ErrorReporterSecondaryInit
01-13 17:56:45.261 W/fb4a.AppInitScheduler|Schedule(31113):   Executing 354:StartupQPLInit
01-13 17:56:45.261 W/fb4a.AppInitScheduler|Schedule(31113):   Executing 115:E2EForceMobileConfigFetch
01-13 17:56:45.261 W/fb4a.AppInitScheduler|Schedule(31113):   Executing 3:AnalyticsLoggerInit
01-13 17:56:45.261 W/fb4a.AppInitScheduler|Schedule(31113):   Executing 134:FdidInitSync
01-13 17:56:45.261 W/fb4a.AppInitScheduler|Schedule(31113):   Executing 202:LithoConfiguration
01-13 17:56:45.261 W/fb4a.AppInitScheduler|Schedule(31113):   Executing 325:PrivacyUiiDetectionLogger
01-13 17:56:45.261 W/fb4a.AppInitScheduler|Schedule(31113):   Executing 98:CheckUnstableContentProvider
01-13 17:56:45.261 W/fb4a.AppInitScheduler|Schedule(31113):   Executing 2:AnalyticsInit
01-13 17:56:45.261 W/fb4a.AppInitScheduler|Schedule(31113):   Executing 99:ClientCacheEdgeManagerInitializer
01-13 17:56:45.261 W/fb4a.AppInitScheduler|Schedule(31113):   Executing 100:ClientCacheEdgeManagerInitializerUserScoped
01-13 17:56:45.261 W/fb4a.AppInitScheduler|Run(31113):   Finished ErrorReporterSecondaryInit in 0ms
01-13 17:56:45.261 W/fb4a.AppInitScheduler|Schedule(31113):   Executing 114:DownloadedFbResources
01-13 17:56:45.261 W/fb4a.AppInitScheduler|Schedule(31113):   Executing 126:Fb4aReactEagerInitHotMCUnpacker
01-13 17:56:45.261 W/fb4a.AppInitScheduler|Schedule(31113):   Executing 130:FbMsysPostBootstrapListenerRegistrarOnAppInit
01-13 17:56:45.261 W/fb4a.AppInitScheduler|Schedule(31113):   Executing 292:NotifyAppStateManagerOnCreateComplete
01-13 17:56:45.261 W/fb4a.AppInitScheduler|Schedule(31113):   Executing 138:FixieNoSync
01-13 17:56:45.261 W/fb4a.AppInitScheduler|Schedule(31113):   Executing 151:INeedInitForSharedPrefsListenerRegister
01-13 17:56:45.261 W/fb4a.AppInitScheduler|Schedule(31113):   Executing 168:InitFury
01-13 17:56:45.261 W/fb4a.AppInitScheduler|Run(31113):   Finished InitSystrace in 4ms
01-13 17:56:45.261 W/fb4a.AppInitScheduler|Schedule(31113):   Executing 169:InitHelium
01-13 17:56:45.261 W/fb4a.AppInitScheduler|Schedule(31113):   Executing 176:InitMemoryDumpHandler
01-13 17:56:45.261 W/fb4a.AppInitScheduler|Schedule(31113):   Executing 207:LocationRequestDetector
01-13 17:56:45.261 W/fb4a.AppInitScheduler|Schedule(31113):   Executing 297:PendingStoryStoreInitializer
01-13 17:56:45.261 W/fb4a.AppInitScheduler|Schedule(31113):   Executing 360:TabBadgeFetchAppInit
01-13 17:56:45.261 W/fb4a.AppInitScheduler|Schedule(31113):   Executing 383:WarmFacebookEmojiFont
01-13 17:56:45.261 W/fb4a.AppInitScheduler|Schedule(31113):   Executing 210:LongtailVoltronAppInit
01-13 17:56:45.261 W/fb4a.AppInitScheduler|Run(31113): Running StartupQPLInit [*]
01-13 17:56:45.261 W/fb4a.AppInitScheduler|Run(31113): Running E2EForceMobileConfigFetch [*]
01-13 17:56:45.262 W/fb4a.AppInitScheduler|Run(31113): Running AnalyticsLoggerInit [*]
01-13 17:56:45.262 W/fb4a.AppInitScheduler|Run(31113):   Finished E2EForceMobileConfigFetch in 0ms
01-13 17:56:45.262 W/fb4a.AppInitScheduler|Schedule(31113):   Executing 337:RunEarlyInitForActivity
01-13 17:56:45.262 W/fb4a.AppInitScheduler|Schedule(31113):   Executing 230:MobileConfigLaterInit
01-13 17:56:45.262 W/fb4a.AppInitScheduler|Run(31113): Running RunEarlyInitForActivity [*]
01-13 17:56:45.262 W/fb4a.AppInitScheduler|Run(31113):   Finished RunEarlyInitForActivity in 0ms
01-13 17:56:45.262 W/fb4a.AppInitScheduler|Run(31113): Running FdidInitSync [*]
01-13 17:56:45.263 W/fb4a.StartupMetricTracker(31113): Waiting for foreground/background determination...
01-13 17:56:45.264 W/fb4a.AppInitScheduler|Run(31113):   Finished InitMallocHooks in 8ms
01-13 17:56:45.264 W/fb4a.AppInitScheduler|Run(31113): Running LithoConfiguration [*]
01-13 17:56:45.264 W/fb4a.QuickPerformanceLoggerModule(31113): Providing QPL... begin
01-13 17:56:45.264 W/fb4a.StartupMetricTracker(31113): Begin BACKGROUND UNTRACKED start
01-13 17:56:45.266 W/fb4a.AppInitScheduler|Run(31113):   Finished FdidInitSync in 3ms
01-13 17:56:45.266 W/fb4a.AppInitScheduler|Run(31113): Running PrivacyUiiDetectionLogger [*]
01-13 17:56:45.268 D/nativeloader(31113): Load /data/data/com.facebook.katana/lib-compressed/libcoldstart.so using class loader ns clns-7 (caller=/data/app/~~ld1-4e4sX2B1NJ7WEQrmmQ==/com.facebook.katana-GJXoEzNH7Eg-YiZlEFlp8Q==/base.apk): ok
01-13 17:56:45.268 E/fb4a.AppState(31113): Returning default for firstRunInfo
01-13 17:56:45.268 E/fb4a.AppState(31113): Returning default for firstRunInfo
01-13 17:56:45.268 W/fb4a.AppInitScheduler|Run(31113):   Finished RunPerfMarkers in 10ms
01-13 17:56:45.268 W/fb4a.AppInitScheduler|Run(31113): Running CheckUnstableContentProvider
01-13 17:56:45.268 W/fb4a.AppInitScheduler|Run(31113):   Finished CheckUnstableContentProvider in 0ms
01-13 17:56:45.269 W/fb4a.AppInitScheduler|Run(31113): Running AnalyticsInit
01-13 17:56:45.272 W/fb4a.QuickPerformanceLoggerModule(31113): Providing QPL... end
01-13 17:56:45.272 W/fb4a.AppInitScheduler|Run(31113):   Finished LoadLibColdStart in 38ms
01-13 17:56:45.272 W/fb4a.AppInitScheduler|Schedule(31113):   Executing 118:EagerInitFBTigon
01-13 17:56:45.272 W/fb4a.AppInitScheduler|Schedule(31113):   Executing 357:StaticGraphServiceFactoryInitializer
01-13 17:56:45.272 W/fb4a.AppInitScheduler|Schedule(31113):   Executing 107:DgwEarlySyncInitializer
01-13 17:56:45.272 W/fb4a.AppInitScheduler|Schedule(31113):   Executing 128:FbMCPPluginInitializer
01-13 17:56:45.272 W/fb4a.AppInitScheduler|Run(31113):   Finished PrivacyUiiDetectionLogger in 7ms
01-13 17:56:45.272 W/fb4a.AppInitScheduler|Run(31113): Running EagerInitFBTigon [*]
01-13 17:56:45.273 W/fb4a.AppInitScheduler|Run(31113):   Finished AnalyticsInit in 4ms
01-13 17:56:45.273 W/fb4a.AppInitScheduler|Run(31113): Running StaticGraphServiceFactoryInitializer [*]
01-13 17:56:45.273 W/fb4a.AppInitScheduler|Schedule(31113):   Executing async work for EagerInitFBTigon: InjectTigonServiceHolder
01-13 17:56:45.273 W/fb4a.AppInitScheduler|Schedule(31113):   Executing async work for EagerInitFBTigon: InjectNativePlatformContextHolder
01-13 17:56:45.273 W/fb4a.AppInitScheduler|Run(31113):   Finished StartupQPLInit in 12ms
01-13 17:56:45.273 W/fb4a.AppInitScheduler|Schedule(31113):   Executing 305:PreloadFeedFullCacheLoad
01-13 17:56:45.273 W/fb4a.AppInitScheduler|Schedule(31113):   Executing 148:INeedInitForBroadcastReceiverRegister
01-13 17:56:45.273 W/fb4a.AppInitScheduler|Schedule(31113):   Executing 167:InitFeedVpvSeenStore
01-13 17:56:45.273 W/fb4a.AppInitScheduler|Schedule(31113):   Executing 300:PreloadClassesForReelsTabRestores
01-13 17:56:45.273 W/fb4a.AppInitScheduler|Schedule(31113):   Executing 301:PreloadClassesForReelsTabStarts
01-13 17:56:45.273 W/fb4a.AppInitScheduler|Schedule(31113):   Executing 312:PreloadNavigationIcons
01-13 17:56:45.273 W/fb4a.AppInitScheduler|Schedule(31113):   Executing 321:PreloadVideoHomeDataController
01-13 17:56:45.273 W/fb4a.AppInitScheduler|Schedule(31113):   Executing 326:ProfiloBridgeFactoryImpl
01-13 17:56:45.273 W/fb4a.AppInitScheduler|Schedule(31113):   Executing 335:ReliabilityUserPerceptibleScopeToQPL
01-13 17:56:45.273 W/fb4a.AppInitScheduler|Schedule(31113):   Executing 363:TransientNetworkTraceEarlyInit
01-13 17:56:45.273 W/fb4a.AppInitScheduler|Schedule(31113):   Executing 303:PreloadFeedDataLoader
01-13 17:56:45.273 W/fb4a.AppInitScheduler|Schedule(31113):   Executing 198:KeepWarm
01-13 17:56:45.273 W/fb4a.AppInitScheduler|Schedule(31113):   Executing 226:MetaCasper
01-13 17:56:45.273 W/fb4a.AppInitScheduler|Schedule(31113):   Executing 306:PreloadFeedRequest
01-13 17:56:45.273 W/fb4a.AppInitScheduler|Schedule(31113):   Executing 299:PreloadClashManager
01-13 17:56:45.273 W/fb4a.AppInitScheduler|Schedule(31113):   Executing 302:PreloadFeedConfig
01-13 17:56:45.273 W/fb4a.AppInitScheduler|Schedule(31113):   Executing 304:PreloadFeedFetchMetadata
01-13 17:56:45.273 W/fb4a.AppInitScheduler|Schedule(31113):   Executing 307:PreloadFreshFeedRanker
01-13 17:56:45.273 W/fb4a.AppInitScheduler|Schedule(31113):   Executing 308:PreloadHeroManager
01-13 17:56:45.273 W/fb4a.AppInitScheduler|Schedule(31113):   Executing 319:PreloadStoriesTrayFetchController
01-13 17:56:45.273 W/fb4a.AppInitScheduler|Schedule(31113):   Executing 320:PreloadStoriesTrayQuery
01-13 17:56:45.273 W/fb4a.AppInitScheduler|Schedule(31113):   Executing 322:PreloadVideoPrivateSharing
01-13 17:56:45.273 W/fb4a.AppInitScheduler|Schedule(31113):   Executing 323:PreloadVideoTabRestart
01-13 17:56:45.273 W/fb4a.AppInitScheduler|Schedule(31113):   Executing 347:SetupBlockingBackgroundComponentReporting
01-13 17:56:45.273 W/fb4a.AppInitScheduler|Schedule(31113):   Executing 355:StartupQPLReplayer
01-13 17:56:45.274 W/fb4a.FrscLanguagePackLoader(31113): Loading FRSC strings for locale (en)
01-13 17:56:45.274 E/QT      (31113): [QT]file does not exist
01-13 17:56:45.274 W/fb4a.AppInitScheduler|Run(31113):   Finished StringResourcesDelegate in 16ms
01-13 17:56:45.275 W/fb4a.AppInitScheduler|Run(31113): Running PreloadFeedFullCacheLoad [*]
01-13 17:56:45.276 W/fb4a.EndToEndAnalyticsEventListener(31113): WRITE_ANALYTICS_TO_LOGCAT = null, EndToEnd.isRunningEndToEndTest() = false
01-13 17:56:45.279 W/fb4a.AppInitScheduler|Run(31113):   Finished LithoConfiguration in 15ms
01-13 17:56:45.279 W/fb4a.AppInitScheduler|Run(31113): Running ClientCacheEdgeManagerInitializer
01-13 17:56:45.280 W/fb4a.AppInitScheduler|Run(31113):   Finished ClientCacheEdgeManagerInitializer in 1ms
01-13 17:56:45.280 W/fb4a.AppInitScheduler|Run(31113): Running ClientCacheEdgeManagerInitializerUserScoped
01-13 17:56:45.280 D/OGG_Detector( 1751): D:done mCurrStatus: 0
01-13 17:56:45.280 D/PowerManagerService( 1751): userActivityNoUpdateLocked: groupId=0, eventTime=56006232, event=2, flags=0x0, uid=1000
01-13 17:56:45.280 W/fb4a.AppInitScheduler|Run(31113):   Finished ClientCacheEdgeManagerInitializerUserScoped in 0ms
01-13 17:56:45.280 W/fb4a.AppInitScheduler|Run(31113): Running DgwEarlySyncInitializer
01-13 17:56:45.280 W/fb4a.AppInitScheduler|Run(31113):   Finished DgwEarlySyncInitializer in 0ms
01-13 17:56:45.280 W/fb4a.AppInitScheduler|Run(31113): Running DownloadedFbResources
01-13 17:56:45.280 W/fb4a.AppInitScheduler|Schedule(31113):   Executing async work for EagerInitFBTigon: InjectHttpClient
01-13 17:56:45.281 D/NoBackGesture( 2247): Start gesture: MotionEvent { action=ACTION_DOWN, actionButton=0, id[0]=0, x[0]=607.5, y[0]=1674.25, toolType[0]=TOOL_TYPE_FINGER, buttonState=0, classification=NONE, metaState=0, flags=0x0, edgeFlags=0x0, pointerCount=1, historySize=0, eventTime=56006232, downTime=56006232, deviceId=4, source=0x1002, displayId=0, eventId=408562708 }
01-13 17:56:45.282 D/NoBackGesture( 2247): Not in side gesture area
01-13 17:56:45.284 D/libMEOW (31113): applied 1 plugins for [com.facebook.katana]:
01-13 17:56:45.284 D/libMEOW (31113):   plugin 1: [libMEOW_gift.so]: 0xb40000715f8c1840
01-13 17:56:45.286 D/libMEOW (31113): rebuild call chain: 0xb4000070ef33acc0
01-13 17:56:45.286 W/fb4a.AppInitScheduler|Run(31113):   Finished StaticGraphServiceFactoryInitializer in 13ms
01-13 17:56:45.287 D/OplusAtlasService( 3347): getAttributeByAppName module:oplus-getStreamMaxVolume packageName:com.cricbuzz.android
01-13 17:56:45.287 W/fb4a.AppInitScheduler|Run(31113):   Finished EarliestPossibleColdStartClassPreloadStarter in 39ms
01-13 17:56:45.288 W/fb4a.AppInitScheduler|Schedule(31113):   Executing 343:SecondaryDexPreloaderBg
01-13 17:56:45.288 W/fb4a.AppInitScheduler|Run(31113): Running Fb4aReactEagerInitHotMCUnpacker
01-13 17:56:45.288 E/fb4a.AppState(31113): Returning default for firstRunInfo
01-13 17:56:45.288 E/fb4a.AppState(31113): Returning default for firstRunInfo
01-13 17:56:45.288 E/fb4a.AppState(31113): Returning default for firstRunInfo
01-13 17:56:45.288 W/fb4a.AppInitScheduler|Run(31113):   Finished Fb4aReactEagerInitHotMCUnpacker in 0ms
01-13 17:56:45.288 W/fb4a.AppInitScheduler|Run(31113): Running FbMCPPluginInitializer
01-13 17:56:45.289 D/AudioManagerExtImpl(30232): getStreamVolume packageName=com.cricbuzz.android, index=4, streamType=3
01-13 17:56:45.290 W/fb4a.AppInitScheduler|Run(31113):   Finished FbMCPPluginInitializer in 3ms
01-13 17:56:45.290 W/fb4a.AppInitScheduler|Run(31113): Running FbMsysPostBootstrapListenerRegistrarOnAppInit
01-13 17:56:45.291 W/fb4a.AppInitScheduler|Run(31113):   Finished FbMsysPostBootstrapListenerRegistrarOnAppInit in 0ms
01-13 17:56:45.291 W/fb4a.AppInitScheduler|Run(31113): Running NotifyAppStateManagerOnCreateComplete
01-13 17:56:45.291 W/fb4a.AppInitScheduler|Run(31113):   Finished NotifyAppStateManagerOnCreateComplete in 0ms
01-13 17:56:45.291 W/fb4a.AppInitScheduler|Schedule(31113):   Executing 133:FbSharedUIQREnvironment
01-13 17:56:45.291 W/fb4a.AppInitScheduler|Run(31113): Running FbSharedUIQREnvironment
01-13 17:56:45.292 W/fb4a.AppInitScheduler|Run(31113):   Finished FbSharedUIQREnvironment in 2ms
01-13 17:56:45.292 W/fb4a.AppInitScheduler|Schedule(31113):   Executing 199:LanguageSwitcherCommonExInit
01-13 17:56:45.292 W/fb4a.AppInitScheduler|Run(31113): Running FixieNoSync
01-13 17:56:45.292 W/fb4a.AppInitScheduler|Run(31113):   Finished FixieNoSync in 0ms
01-13 17:56:45.292 W/fb4a.AppInitScheduler|Run(31113): Running INeedInitForBroadcastReceiverRegister
01-13 17:56:45.294 W/fb4a.AppInitScheduler|Run(31113):   Finished AnalyticsLoggerInit in 32ms
01-13 17:56:45.294 W/fb4a.AppInitScheduler|Schedule(31113):   Executing 185:InitPushLiteSdk
01-13 17:56:45.294 W/fb4a.AppInitScheduler|Schedule(31113):   Executing 324:PreloadWordmark
01-13 17:56:45.294 W/fb4a.AppInitScheduler|Schedule(31113):   Executing 120:EagerInitImagePipeline
01-13 17:56:45.294 W/fb4a.AppInitScheduler|Schedule(31113):   Executing 4:AnalyticsLoggerPostInitReplay
01-13 17:56:45.294 W/fb4a.AppInitScheduler|Schedule(31113):   Executing 97:BloksInitializer
01-13 17:56:45.294 W/fb4a.AppInitScheduler|Schedule(31113):   Executing 129:FbMsysImmediateInitializer
01-13 17:56:45.294 W/fb4a.AppInitScheduler|Schedule(31113):   Executing 213:MessageQueueDoctor
01-13 17:56:45.294 W/fb4a.AppInitScheduler|Schedule(31113):   Executing 310:PreloadLogDb
01-13 17:56:45.294 W/fb4a.AppInitScheduler|Schedule(31113):   Executing 314:PreloadReactions
01-13 17:56:45.294 W/fb4a.FrscLanguagePackLoader(31113): FRSC English strings buffer size - (limit : 764102, capacity : 764102)
01-13 17:56:45.294 W/fb4a.AppInitScheduler|Run(31113): Running InitPushLiteSdk [*]
01-13 17:56:45.299 W/fb4a.AppInitScheduler|Run(31113):   Finished InitPushLiteSdk in 5ms
01-13 17:56:45.299 W/fb4a.AppInitScheduler|Run(31113): Running PreloadWordmark [*]
01-13 17:56:45.304 D/CACHE_HINTS(31113): Entering madvise file
01-13 17:56:45.304 W/fb4a.AppInitScheduler|Run(31113):   Finished PreloadWordmark in 5ms
01-13 17:56:45.304 W/fb4a.AppInitScheduler|Run(31113): Running EagerInitImagePipeline [*]
01-13 17:56:45.307 D/CACHE_HINTS(31113): MADVISE_RAND file 0x70d0ef0000 3211263 /data/data/com.facebook.katana/app_restricks/layouts.bin
01-13 17:56:45.309 W/fb4a.AppInitScheduler|Run(31113):   Finished INeedInitForBroadcastReceiverRegister in 16ms
01-13 17:56:45.309 W/fb4a.AppInitScheduler|Run(31113): Running AnalyticsLoggerPostInitReplay
01-13 17:56:45.317 I/hwservicemanager(  564): getTransport: Cannot find entry android.hardware.configstore@1.0::ISurfaceFlingerConfigs/default in either framework or device VINTF manifest.
01-13 17:56:45.319 W/SoLoader(31113): SoLoader already initialized
01-13 17:56:45.321 W/fb4a.AppInitScheduler|Run(31113):   Finished FbSharedPreferenceInitializerAsync in 74ms
01-13 17:56:45.321 W/fb4a.AppInitScheduler|Run(31113): Running BloksInitializer
01-13 17:56:45.321 W/fb4a.DefaultNetworkConfig(31113): com.facebook.katana: getShouldCheckCertsInternal: true
01-13 17:56:45.323 W/fb4a.AppInitScheduler|Run(31113):   Finished BloksInitializer in 3ms
01-13 17:56:45.323 W/fb4a.AppInitScheduler|Run(31113): Running FbMsysImmediateInitializer
01-13 17:56:45.325 W/fb4a.AppInitScheduler|Run(31113):   Finished EagerInitImagePipeline in 20ms
01-13 17:56:45.325 W/fb4a.AppInitScheduler|Schedule(31113):   Executing 309:PreloadInlineComposerProfileImage
01-13 17:56:45.325 W/fb4a.AppInitScheduler|Run(31113): Running INeedInitForSharedPrefsListenerRegister
01-13 17:56:45.326 W/fb4a.AppInfoCore(31113): [AI] Package not found when getting package info
01-13 17:56:45.326 W/fb4a.AppInitScheduler|Run(31113):   Finished FbMsysImmediateInitializer in 3ms
01-13 17:56:45.326 W/fb4a.AppInitScheduler|Run(31113): Running InitFeedVpvSeenStore
01-13 17:56:45.326 W/fb4a.AppInitScheduler|Run(31113):   Finished InitFeedVpvSeenStore in 0ms
01-13 17:56:45.326 W/fb4a.AppInitScheduler|Run(31113): Running InitFury
01-13 17:56:45.328 W/fb4a.AppInitScheduler|Run(31113): Running InitHelium
01-13 17:56:45.329 W/fb4a.AppInitScheduler|Run(31113): Running InitLacrimaLaterInit
01-13 17:56:45.329 W/fb4a.lacrima(31113): FbErrorReportingConfig.laterInit
01-13 17:56:45.330 W/fb4a.AppInitScheduler|Run(31113):   Finished INeedInitForSharedPrefsListenerRegister in 5ms
01-13 17:56:45.330 W/fb4a.AppInitScheduler|Run(31113): Running InitMemoryDumpHandler
01-13 17:56:45.330 W/fb4a.AppInitScheduler|Run(31113):   Finished InitMemoryDumpHandler in 1ms
01-13 17:56:45.330 W/fb4a.AppInitScheduler|Run(31113): Running InitSurfaces
01-13 17:56:45.326 I/auditd  (31113): type=1400 audit(0.0:5783): avc: granted { execute } for comm="AppInit7" path="/data/data/com.facebook.katana/lib-compressed/libfbsocketthreadlocalscope.so" dev="dm-48" ino=6906519 scontext=u:r:untrusted_app:s0:c102,c258,c512,c768 tcontext=u:object_r:app_data_file:s0:c102,c258,c512,c768 tclass=file app=com.facebook.katana
01-13 17:56:45.326 W/AppInit7(31113): type=1400 audit(0.0:5783): avc: granted { execute } for path="/data/data/com.facebook.katana/lib-compressed/libfbsocketthreadlocalscope.so" dev="dm-48" ino=6906519 scontext=u:r:untrusted_app:s0:c102,c258,c512,c768 tcontext=u:object_r:app_data_file:s0:c102,c258,c512,c768 tclass=file app=com.facebook.katana
01-13 17:56:45.338 D/CompatibilityChangeReporter(31113): Compat change id reported: 147600208; UID 10614; state: ENABLED
01-13 17:56:45.341 D/nativeloader(31113): Load /data/data/com.facebook.katana/lib-compressed/libfbsocketthreadlocalscope.so using class loader ns clns-7 (caller=/data/app/~~ld1-4e4sX2B1NJ7WEQrmmQ==/com.facebook.katana-GJXoEzNH7Eg-YiZlEFlp8Q==/base.apk): ok
01-13 17:56:45.343 W/fb4a.AppInitScheduler|Run(31113):   Finished InitHelium in 14ms
01-13 17:56:45.343 W/fb4a.AppInitScheduler|Run(31113): Running LanguageSwitcherCommonExInit
01-13 17:56:45.343 W/fb4a.AppInitScheduler|Run(31113):   Finished LanguageSwitcherCommonExInit in 1ms
01-13 17:56:45.343 W/fb4a.AppInitScheduler|Run(31113): Running LocationRequestDetector
01-13 17:56:45.343 W/fb4a.AppInitScheduler|Run(31113):   Finished LocationRequestDetector in 0ms
01-13 17:56:45.343 W/fb4a.AppInitScheduler|Run(31113): Running LogController
01-13 17:56:45.344 W/fb4a.AppInitScheduler|Run(31113):   Finished LogController in 0ms
01-13 17:56:45.344 W/fb4a.AppInitScheduler|Run(31113): Running MessageQueueDoctor
01-13 17:56:45.344 W/fb4a.AppInitScheduler|Run(31113):   Finished MessageQueueDoctor in 0ms
01-13 17:56:45.344 W/fb4a.AppInitScheduler|Run(31113): Running ObjectCountJestE2EBridge
01-13 17:56:45.344 W/fb4a.AppInitScheduler|Run(31113):   Finished ObjectCountJestE2EBridge in 0ms
01-13 17:56:45.344 W/fb4a.AppInitScheduler|Run(31113): Running PendingStoryStoreInitializer
01-13 17:56:45.344 W/fb4a.AppInitScheduler|Run(31113):   Finished PendingStoryStoreInitializer in 0ms
01-13 17:56:45.344 W/fb4a.AppInitScheduler|Run(31113): Running PreloadClassesForReelsTabRestores
01-13 17:56:45.344 W/fb4a.AppInitScheduler|Run(31113):   Finished PreloadClassesForReelsTabRestores in 0ms
01-13 17:56:45.344 W/fb4a.AppInitScheduler|Run(31113): Running PreloadClassesForReelsTabStarts
01-13 17:56:45.344 W/fb4a.AppInitScheduler|Run(31113):   Finished PreloadClassesForReelsTabStarts in 0ms
01-13 17:56:45.344 W/fb4a.AppInitScheduler|Run(31113): Running PreloadNavigationIcons
01-13 17:56:45.344 W/libc    (31113): Access denied finding property "ro.bootimage.build.fingerprint"
01-13 17:56:45.342 I/auditd  (31113): type=1400 audit(0.0:5784): avc: granted { execute } for comm="AppInit7" path="/data/data/com.facebook.katana/lib-compressed/libffsingletonjnilogger.so" dev="dm-48" ino=6906533 scontext=u:r:untrusted_app:s0:c102,c258,c512,c768 tcontext=u:object_r:app_data_file:s0:c102,c258,c512,c768 tclass=file app=com.facebook.katana
01-13 17:56:45.342 W/AppInit7(31113): type=1400 audit(0.0:5784): avc: granted { execute } for path="/data/data/com.facebook.katana/lib-compressed/libffsingletonjnilogger.so" dev="dm-48" ino=6906533 scontext=u:r:untrusted_app:s0:c102,c258,c512,c768 tcontext=u:object_r:app_data_file:s0:c102,c258,c512,c768 tclass=file app=com.facebook.katana
01-13 17:56:45.348 E/libEGL  (31113): call to OpenGL ES API with no current context (logged once per thread)
01-13 17:56:45.348 E/libEGL  (31113): call to OpenGL ES API with no current context (logged once per thread)
01-13 17:56:45.348 E/libEGL  (31113): call to OpenGL ES API with no current context (logged once per thread)
01-13 17:56:45.348 D/BufferQueueConsumer(31113): [](id:798900000000,api:0,p:-1,c:31113) connect: controlledByApp=true
01-13 17:56:45.348 D/ExtensionsLoader(31113): createInstance(64bit) : createExtendedFactory
01-13 17:56:45.352 I/libPowerHal(  873): [perfLockRel] hdl:66989, idx:3
01-13 17:56:45.353 I/libPowerHal(  873): [PD] MTKPOWER_HINT_APP_TOUCH update cmd:3408600 param:0
01-13 17:56:45.354 W/TooltipLifecycleManager( 5942): TooltipLifecycleManager.dismissTooltips():153 Tooltip with id SUGGESTION_VIEW_EDU_MINI_DIALOG not found in tooltipManager.
01-13 17:56:45.360 D/CursorFeedback(17914): getExtraCursorWidth
01-13 17:56:45.360 D/CursorFeedback(17914): getExtraLeftOffset
01-13 17:56:45.360 D/nativeloader(31113): Load /data/data/com.facebook.katana/lib-compressed/libffsingletonjnilogger.so using class loader ns clns-7 (caller=/data/app/~~ld1-4e4sX2B1NJ7WEQrmmQ==/com.facebook.katana-GJXoEzNH7Eg-YiZlEFlp8Q==/base.apk): ok
01-13 17:56:45.363 W/fb4a.AppInitScheduler|Run(31113):   Finished DownloadedFbResources in 83ms
01-13 17:56:45.363 W/fb4a.AppInitScheduler|Run(31113): Running PreloadVideoHomeDataController
01-13 17:56:45.363 W/fb4a.AppInitScheduler|Run(31113):   Finished PreloadVideoHomeDataController in 0ms
01-13 17:56:45.363 W/fb4a.AppInitScheduler|Run(31113): Running ProfiloBridgeFactoryImpl
01-13 17:56:45.364 W/Profilo/TraceControl(31113): START PROFILO_TRACEID: HfD8I8OL6Sg 30539777
01-13 17:56:45.364 D/ExtensionsLoader(31113): Opened libSchedAssistExtImpl.so
01-13 17:56:45.364 E/facebook.katana(31113): ofbOpen failed with error=No such file or directory
01-13 17:56:45.364 E/facebook.katana(31113): sysOpen failed with error=No such file or directory
01-13 17:56:45.366 W/fb4a.AppInitScheduler|Run(31113):   Finished PreloadFeedFullCacheLoad in 91ms
01-13 17:56:45.366 W/fb4a.AppInitScheduler|Schedule(31113):   Executing 381:WaitForUIDependenciesInitializer
01-13 17:56:45.367 W/fb4a.AppInitScheduler|Run(31113): Running WaitForUIDependenciesInitializer [*]
01-13 17:56:45.367 W/fb4a.AppInitScheduler|Run(31113):   Finished WaitForUIDependenciesInitializer in 0ms
01-13 17:56:45.367 W/fb4a.AppInitScheduler|Schedule(31113):   Executing 110:DismissSplashScreens
01-13 17:56:45.367 W/fb4a.AppInitScheduler|Schedule(31113):   Executing 139:FixieScheduleIdleWork
01-13 17:56:45.367 W/fb4a.AppInitScheduler|Schedule(31113):   Executing 336:ReplayBroadcastReceivedDuringAppInit
01-13 17:56:45.367 W/fb4a.AppInitScheduler|Schedule(31113):   Executing 341:ScheduleLowPriWork
01-13 17:56:45.367 W/fb4a.AppInitScheduler|Run(31113): Running DismissSplashScreens [*]
01-13 17:56:45.367 W/fb4a.InitStatus(31113): Providers unblocked (29968742)
01-13 17:56:45.367 W/fb4a.InitStatus(31113): Services unblocked (32867495)
01-13 17:56:45.367 W/fb4a.InitStatus(31113): BroadcastReceivers unblocked (69111124)
01-13 17:56:45.367 W/fb4a.AppInitScheduler|Run(31113):   Finished DismissSplashScreens in 1ms
01-13 17:56:45.368 W/fb4a.AppInitScheduler|Schedule(31113):   Executing 236:MqttEarlySyncInitializerAfterAppCreate
01-13 17:56:45.368 W/fb4a.AppInitScheduler|Schedule(31113):   Executing 154:InitAppComponentFactoryStartupController
01-13 17:56:45.368 W/fb4a.AppInitScheduler|Run(31113): Running FixieScheduleIdleWork
01-13 17:56:45.368 W/fb4a.AppInitScheduler|Run(31113):   Finished FixieScheduleIdleWork in 0ms
01-13 17:56:45.368 W/fb4a.AppInitScheduler|Run(31113): Running MqttEarlySyncInitializerAfterAppCreate
01-13 17:56:45.368 W/fb4a.InitStatus(31113): Unblocked Provider (29968742)
01-13 17:56:45.368 W/fb4a.AppInitScheduler|Run(31113):   Finished MqttEarlySyncInitializerAfterAppCreate in 0ms
01-13 17:56:45.368 W/fb4a.AppInitScheduler|Run(31113): Running RasFileInitializer
01-13 17:56:45.368 W/fb4a.AppInitScheduler|Run(31113):   Finished RasFileInitializer in 0ms
01-13 17:56:45.368 W/fb4a.AppInitScheduler|Run(31113): Running RegisterFrameRateTraceListener
01-13 17:56:45.368 W/fb4a.AppInitScheduler|Run(31113):   Finished RegisterFrameRateTraceListener in 0ms
01-13 17:56:45.368 W/fb4a.InitStatus(31113): Not blocking Provider (29968742)
01-13 17:56:45.369 E/FBI     (31113): Can't load library: dlopen failed: library "libmagtsync.so" not found
01-13 17:56:45.370 W/fb4a.AppInitScheduler|Run(31113): Running RegisterMainLooperTracer
01-13 17:56:45.371 W/fb4a.AppInitScheduler|Run(31113):   Finished RegisterMainLooperTracer in 2ms
01-13 17:56:45.371 W/fb4a.AppInitScheduler|Run(31113): Running ReleaseDeferredBroadcastReceiver
01-13 17:56:45.371 W/fb4a.AppInitScheduler|Run(31113):   Finished ReleaseDeferredBroadcastReceiver in 0ms
01-13 17:56:45.371 W/fb4a.AppInitScheduler|Run(31113): Running ReliabilityExperiments
01-13 17:56:45.371 D/OplusActivityManagerServiceEnhance( 1751): setGlThreads detect 31113 31155
01-13 17:56:45.375 I/KeyboardModeUtils( 5942): KeyboardModeUtils.getKeyboardBottomOffset():435 inch: 0.000000 ydpi: 409.016998 adjustKeyboardBottomByDisplaySize: false currentDensityDpi: 408 defaultDensityDpi: 408 keyboardBottomToScreenPx: 0 keyboardBottomToNavBarPx: -41 navBarHeight: 41
01-13 17:56:45.375 I/BaseKeyboardSizeHelper( 5942): BaseKeyboardSizeHelper.calculateMaxKeyboardBodyHeight():73 leave 273 height for app when ime window height:2249, header height:112 and isFullscreenMode:false, so the max keyboard body height is:1864
01-13 17:56:45.375 I/BaseKeyboardSizeHelper( 5942): BaseKeyboardSizeHelper.calculateMaxKeyboardBodyHeight():73 leave 273 height for app when ime window height:2249, header height:112 and isFullscreenMode:false, so the max keyboard body height is:1864
01-13 17:56:45.377 W/fb4a.AppInitScheduler|Run(31113):   Finished AnalyticsLoggerPostInitReplay in 67ms
01-13 17:56:45.377 W/fb4a.AppInitScheduler|Run(31113): Running ReliabilityUserPerceptibleScopeToQPL
01-13 17:56:45.377 W/fb4a.AppInitScheduler|Run(31113):   Finished ReliabilityUserPerceptibleScopeToQPL in 0ms
01-13 17:56:45.377 W/fb4a.AppInitScheduler|Run(31113): Running ReplayBroadcastReceivedDuringAppInit
01-13 17:56:45.377 W/fb4a.AppInitBroadcast(31113): Processing broadcast during app init
01-13 17:56:45.377 W/fb4a.AppInitBroadcast(31113): Replaying inline
01-13 17:56:45.378 I/servicemanager(  563): Could not find android.hardware.graphics.allocator.IAllocator/default in the VINTF manifest.
01-13 17:56:45.379 W/fb4a.AppInitScheduler|Run(31113):   Finished ReplayBroadcastReceivedDuringAppInit in 1ms
01-13 17:56:45.379 W/fb4a.AppInitScheduler|Run(31113): Running ScheduleLowPriWork
01-13 17:56:45.379 W/fb4a.AppInitScheduler|Run(31113):   Finished ScheduleLowPriWork in 0ms
01-13 17:56:45.379 W/fb4a.AppInitScheduler|Run(31113): Running SetupDynaBuilds
01-13 17:56:45.379 W/fb4a.AppInitScheduler|Run(31113):   Finished SetupDynaBuilds in 0ms
01-13 17:56:45.379 W/fb4a.AppInitScheduler|Run(31113): Running SetupSmartGc
01-13 17:56:45.379 W/fb4a.AppInitScheduler|Run(31113):   Finished SetupSmartGc in 0ms
01-13 17:56:45.379 W/fb4a.AppInitScheduler|Run(31113): Running TabBadgeFetchAppInit
01-13 17:56:45.379 W/fb4a.AppInitScheduler|Run(31113):   Finished TabBadgeFetchAppInit in 0ms
01-13 17:56:45.379 W/fb4a.AppInitScheduler|Run(31113): Running TransientNetworkTraceEarlyInit
01-13 17:56:45.379 W/fb4a.AppInitScheduler|Run(31113):   Finished TransientNetworkTraceEarlyInit in 0ms
01-13 17:56:45.379 E/ion     (31113): ioctl c0044901 failed with code -1: Invalid argument
01-13 17:56:45.381 W/fb4a.AppInitScheduler|Run(31113): Running WarmFacebookEmojiFont
01-13 17:56:45.381 W/fb4a.AppInitScheduler|Run(31113):   Finished WarmFacebookEmojiFont in 1ms
01-13 17:56:45.381 W/fb4a.AppInitScheduler|Run(31113): Running WhitehatOverlayInitializer
01-13 17:56:45.381 W/fb4a.AppInitScheduler|Run(31113):   Finished WhitehatOverlayInitializer in 0ms
01-13 17:56:45.381 W/fb4a.AppInitScheduler|Run(31113): Running PreloadFeedDataLoader
01-13 17:56:45.382 W/fb4a.AppInitScheduler|Run(31113):   Finished PreloadFeedDataLoader in 0ms
01-13 17:56:45.382 W/fb4a.AppInitScheduler|Schedule(31113):   Executing 119:EagerInitFeedDataLoader
01-13 17:56:45.382 W/fb4a.AppInitScheduler|Run(31113): Running EagerInitFeedDataLoader
01-13 17:56:45.382 W/fb4a.AppComponentFactory(31113): Instantiating BroadcastReceiver
01-13 17:56:45.384 W/fb4a.AppInitScheduler|Run(31113):   Finished InitFury in 57ms
01-13 17:56:45.384 W/fb4a.AppInitScheduler|Run(31113):   Finished InitSurfaces in 53ms
01-13 17:56:45.384 W/fb4a.AppInitScheduler|Run(31113): Running InitAppComponentFactoryStartupController
01-13 17:56:45.384 W/fb4a.AppInitScheduler|Run(31113): Running KeepWarm
01-13 17:56:45.384 W/fb4a.AppInitScheduler|Run(31113):   Finished InitAppComponentFactoryStartupController in 1ms
01-13 17:56:45.384 W/fb4a.AppInitScheduler|Run(31113): Running LongtailVoltronAppInit
01-13 17:56:45.384 E/fb4a.AppState(31113): Returning default for firstRunInfo
01-13 17:56:45.384 E/fb4a.AppState(31113): Returning default for firstRunInfo
01-13 17:56:45.384 W/fb4a.HalfnosisInitializer(31113): Not first run! Skip eager unpacking of longtail.
01-13 17:56:45.384 W/fb4a.LongtailVoltronAppInit(31113): HalfnosisInitializer: fail
01-13 17:56:45.384 W/fb4a.AppInitScheduler|Run(31113):   Finished LongtailVoltronAppInit in 0ms
01-13 17:56:45.385 W/fb4a.AppInitScheduler|Run(31113): Running MetaCasper
01-13 17:56:45.386 W/fb4a.AppInitScheduler|Run(31113):   Finished ReliabilityExperiments in 15ms
01-13 17:56:45.386 W/fb4a.AppInitScheduler|Run(31113): Running MobileConfigAdminIdLaterInit
01-13 17:56:45.386 W/fb4a.AppInitScheduler|Run(31113):   Finished MobileConfigAdminIdLaterInit in 0ms
01-13 17:56:45.387 W/fb4a.AppInitScheduler|Run(31113): Running MobileConfigLaterInit
01-13 17:56:45.387 W/fb4a.AppInitScheduler|Run(31113):   Finished MetaCasper in 2ms
01-13 17:56:45.387 W/fb4a.AppInitScheduler|Run(31113): Running MobileConfigSessionlessLaterInit
01-13 17:56:45.387 W/fb4a.AppInitScheduler|Run(31113):   Finished MobileConfigLaterInit in 0ms
01-13 17:56:45.387 W/fb4a.AppInitScheduler|Run(31113):   Finished MobileConfigSessionlessLaterInit in 0ms
01-13 17:56:45.387 W/fb4a.AppInitScheduler|Run(31113): Running PreloadFeedRequest
01-13 17:56:45.387 W/fb4a.AppInitScheduler|Run(31113): Running PreloadClashManager
01-13 17:56:45.387 W/fb4a.AppInitScheduler|Run(31113):   Finished PreloadFeedRequest in 1ms
01-13 17:56:45.387 W/fb4a.AppInitScheduler|Schedule(31113):   Executing 298:PrefetchFeedNetwork
01-13 17:56:45.387 W/fb4a.AppInitScheduler|Run(31113): Running PrefetchFeedNetwork
01-13 17:56:45.387 W/fb4a.AppInitScheduler|Run(31113):   Finished PrefetchFeedNetwork in 0ms
01-13 17:56:45.387 W/fb4a.AppInitScheduler|Run(31113): Running PreloadFeedConfig
01-13 17:56:45.387 W/fb4a.AppInitScheduler|Run(31113):   Finished PreloadFeedConfig in 0ms
01-13 17:56:45.388 W/fb4a.AppInitScheduler|Run(31113): Running PreloadFeedFetchMetadata
01-13 17:56:45.388 W/fb4a.AppInitScheduler|Run(31113):   Finished PreloadFeedFetchMetadata in 0ms
01-13 17:56:45.388 W/fb4a.AppInitScheduler|Run(31113): Running PreloadFreshFeedRanker
01-13 17:56:45.393 D/OplusFullScreenDisplayManager( 1751): adjustWindowParamsLw com.wholexale.app.staging, no change cutoutMode: 0
01-13 17:56:45.393 V/WindowManager( 1751): Relayout Window{ce77162 u0 com.wholexale.app.staging/com.wholexale.app.MainActivity}: viewVisibility=0, oldvis=0, req=1080x2400
01-13 17:56:45.394 E/libEGL  (31113): call to OpenGL ES API with no current context (logged once per thread)
01-13 17:56:45.396 W/fb4a.AppInitScheduler|Run(31113):   Finished PreloadClashManager in 10ms
01-13 17:56:45.397 W/fb4a.AppInitScheduler|Run(31113): Running PreloadHeroManager
01-13 17:56:45.397 W/fb4a.AppInitScheduler|Run(31113):   Finished PreloadHeroManager in 0ms
01-13 17:56:45.397 W/fb4a.AppInitScheduler|Run(31113): Running PreloadInlineComposerProfileImage
01-13 17:56:45.400 D/CursorFeedback(17914): getExtraCursorWidth
01-13 17:56:45.400 D/CursorFeedback(17914): getExtraLeftOffset
01-13 17:56:45.405 W/fb4a.AppInitScheduler|Run(31113):   Finished KeepWarm in 20ms
01-13 17:56:45.405 W/fb4a.AppInitScheduler|Run(31113): Running PreloadLogDb
01-13 17:56:45.405 W/fb4a.AppInitScheduler|Run(31113):   Finished PreloadLogDb in 1ms
01-13 17:56:45.405 W/fb4a.AppInitScheduler|Run(31113): Running PreloadReactions
01-13 17:56:45.407 W/fb4a.AppInitScheduler|Run(31113):   Finished EagerInitFeedDataLoader in 26ms
01-13 17:56:45.407 W/fb4a.AppInitScheduler|Run(31113): Running PreloadStoriesTrayFetchController
01-13 17:56:45.408 D/NetworkEvent( 2541): OplusNetworkEventCbProxy invoke.....onDnsEvent argslen:8
01-13 17:56:45.423 W/fb4a.SigquitDetectorLacrima(31113): nativeInit
01-13 17:56:45.426 D/CompatibilityChangeReporter( 1751): Compat change id reported: 183164979; UID 10614; state: ENABLED
01-13 17:56:45.427 W/fb4a.lacrima(31113): Start AnrDetector... com.facebook.acra.anr.multisignal.MultiSignalANRDetector
01-13 17:56:45.427 W/fb4a.MultiSignalANRDetectorLacrima(31113): Starting
01-13 17:56:45.427 W/fb4a.ProcessAnrErrorMonitor(31113): startMonitoring with delay: 0
01-13 17:56:45.431 D/ConnectivityService( 1751): requestNetwork for uid/pid:10614/31113 activeRequest: null callbackRequest: 9768 [NetworkRequest [ REQUEST id=9769, [ Capabilities: INTERNET&NOT_RESTRICTED&TRUSTED&NOT_VCN_MANAGED Uid: 10614 RequestorUid: 10614 RequestorPkg: com.facebook.katana UnderlyingNetworks: Null] ]] callback flags: 0 order: 2147483647 isUidTracked: false declaredMethods: AVAIL|NC
01-13 17:56:45.436 D/WifiNetworkFactory( 1751): got request NetworkRequest [ REQUEST id=9769, [ Capabilities: INTERNET&NOT_RESTRICTED&TRUSTED&NOT_VCN_MANAGED Uid: 10614 RequestorUid: 10614 RequestorPkg: com.facebook.katana UnderlyingNetworks: Null] ]
01-13 17:56:45.437 D/UntrustedWifiNetworkFactory( 1751): got request NetworkRequest [ REQUEST id=9769, [ Capabilities: INTERNET&NOT_RESTRICTED&TRUSTED&NOT_VCN_MANAGED Uid: 10614 RequestorUid: 10614 RequestorPkg: com.facebook.katana UnderlyingNetworks: Null] ]
01-13 17:56:45.438 D/OemPaidWifiNetworkFactory( 1751): got request NetworkRequest [ REQUEST id=9769, [ Capabilities: INTERNET&NOT_RESTRICTED&TRUSTED&NOT_VCN_MANAGED Uid: 10614 RequestorUid: 10614 RequestorPkg: com.facebook.katana UnderlyingNetworks: Null] ]
01-13 17:56:45.439 D/MultiInternetWifiNetworkFactory( 1751): got request NetworkRequest [ REQUEST id=9769, [ Capabilities: INTERNET&NOT_RESTRICTED&TRUSTED&NOT_VCN_MANAGED Uid: 10614 RequestorUid: 10614 RequestorPkg: com.facebook.katana UnderlyingNetworks: Null] ]
01-13 17:56:45.440 W/fb4a.AppInitScheduler|Run(31113):   Finished PreloadStoriesTrayFetchController in 33ms
01-13 17:56:45.440 W/fb4a.AppInitScheduler|Run(31113): Running PreloadStoriesTrayQuery
01-13 17:56:45.441 W/fb4a.AppInitScheduler|Run(31113):   Finished PreloadStoriesTrayQuery in 0ms
01-13 17:56:45.441 D/ConnectivityService( 1751): NetReassign [9769 : null → 113] [c 0] [a 3] [i 6]
01-13 17:56:45.441 W/fb4a.AppInitScheduler|Run(31113): Running PreloadVideoPrivateSharing
01-13 17:56:45.441 W/fb4a.AppInitScheduler|Run(31113):   Finished PreloadVideoPrivateSharing in 0ms
01-13 17:56:45.441 W/fb4a.AppInitScheduler|Run(31113): Running PreloadVideoTabRestart
01-13 17:56:45.441 W/fb4a.AppInitScheduler|Run(31113):   Finished PreloadVideoTabRestart in 0ms
01-13 17:56:45.441 W/fb4a.AppInitScheduler|Run(31113): Running SecondaryDexPreloaderBg
01-13 17:56:45.452 W/fb4a.ProcessAnrErrorMonitor(31113): Starting process monitor checks for process 'com.facebook.katana'
01-13 17:56:45.452 W/fb4a.AppInitScheduler|Run(31113):   Finished PreloadInlineComposerProfileImage in 56ms
01-13 17:56:45.452 W/fb4a.AppInitScheduler|Run(31113): Running SetupBlockingBackgroundComponentReporting
01-13 17:56:45.452 W/fb4a.MultiSignalANRDetectorLacrima(31113): Started monitoring
01-13 17:56:45.452 W/fb4a.AppInitScheduler|Run(31113):   Finished SetupBlockingBackgroundComponentReporting in 0ms
01-13 17:56:45.452 W/fb4a.AppInitScheduler|Run(31113): Running StartupQPLReplayer
01-13 17:56:45.454 W/fb4a.AppInitScheduler|Run(31113):   Finished ProfiloBridgeFactoryImpl in 92ms
01-13 17:56:45.456 W/fb4a.AppInitScheduler|Run(31113):   Finished StartupQPLReplayer in 3ms
01-13 17:56:45.456 W/fb4a.AppInitScheduler|Schedule(31113):   Executing 356:StartupQPLTransitToMatureStage
01-13 17:56:45.456 W/fb4a.AppInitScheduler|Run(31113): Running StartupQPLTransitToMatureStage
01-13 17:56:45.456 W/fb4a.AppInitScheduler|Run(31113):   Finished StartupQPLTransitToMatureStage in 1ms
01-13 17:56:45.458 W/fb4a.AppInitScheduler|Run(31113):   Finished EagerInitFBTigon in 185ms
01-13 17:56:45.458 W/fb4a.AppInitScheduler|Schedule(31113):   Executing 146:GraphServiceEagerInit
01-13 17:56:45.458 W/fb4a.AppInitScheduler|Schedule(31113):   Executing 387:ZeroLibraryInitializer
01-13 17:56:45.458 W/fb4a.AppInitScheduler|Schedule(31113):   Executing 195:InitTrafficNTS
01-13 17:56:45.458 W/fb4a.AppInitScheduler|Run(31113): Running ZeroLibraryInitializer
01-13 17:56:45.459 W/fb4a.AppInitScheduler|Run(31113): Running GraphServiceEagerInit [*]
01-13 17:56:45.459 W/fb4a.AppInitScheduler|Schedule(31113):   Executing async work for GraphServiceEagerInit: InjectTigonServiceHolder
01-13 17:56:45.459 W/fb4a.AppInitScheduler|Run(31113):   Finished ZeroLibraryInitializer in 0ms
01-13 17:56:45.459 W/fb4a.AppInitScheduler|Schedule(31113):   Executing async work for GraphServiceEagerInit: InjectGraphQLConsistencyJNI
01-13 17:56:45.459 W/fb4a.AppInitScheduler|Schedule(31113):   Executing 186:InitReliableMedia
01-13 17:56:45.459 W/ComponentDiscovery(31113): Class com.google.firebase.dynamicloading.DynamicLoadingRegistrar is not an found.
01-13 17:56:45.461 W/fb4a.AppInitScheduler|Run(31113): Running InitReliableMedia
01-13 17:56:45.465 W/fb4a.AppInitScheduler|Run(31113): Running InitTrafficNTS
01-13 17:56:45.470 W/fb4a.AppInitScheduler|Run(31113):   Finished InitReliableMedia in 9ms
01-13 17:56:45.470 W/fb4a.AppInitScheduler|Run(31113):   Finished SecondaryDexPreloaderBg in 29ms
01-13 17:56:45.473 W/fb4a.AppInitScheduler|Run(31113):   Finished InitLacrimaLaterInit in 144ms
01-13 17:56:45.474 W/fb4a.AppInitScheduler|Run(31113):   Finished PreloadReactions in 68ms
01-13 17:56:45.475 W/facebook.katana(31113): JNI RegisterNativeMethods: attempt to register 0 native methods for com.facebook.traffic.nts.providers.background.BackgroundV2TaskSchedulerCommonImpl
01-13 17:56:45.475 W/facebook.katana(31113): JNI RegisterNativeMethods: attempt to register 0 native methods for com.facebook.traffic.nts.providers.http.HttpProviderAppLayerUpcallsImpl
01-13 17:56:45.475 W/facebook.katana(31113): JNI RegisterNativeMethods: attempt to register 0 native methods for com.facebook.traffic.nts.providers.startup_signals.StartupSignalsProviderAppLayerUpcallsImpl
01-13 17:56:45.477 W/fb4a.lacrima(31113): FixedLengthFiles.init() called twice.
01-13 17:56:45.477 W/fb4a.lacrima(31113): FixedLengthFiles.init() called twice.
01-13 17:56:45.477 W/facebook.katana(31113): JNI RegisterNativeMethods: attempt to register 0 native methods for com.facebook.pando.PandoDataJNI
01-13 17:56:45.479 I/mtkpower@impl(  873): [powerd_req] TIMER_MSG_PERF_LOCK_TIMEOUT hdl:66975
01-13 17:56:45.479 I/libPowerHal(  873): [perfLockRel] hdl:66975, idx:-1
01-13 17:56:45.481 W/fb4a.AppInitScheduler|Run(31113):   Finished PreloadFreshFeedRanker in 93ms
01-13 17:56:45.481 I/hwcomposer(  847): [HWC] (0)fire a callback of refresh to SF[4]  
01-13 17:56:45.494 W/fb4a.AppInitScheduler|Run(31113):   Finished InitTrafficNTS in 29ms
01-13 17:56:45.495 W/fb4a.AppInitScheduler|Run(31113):   Finished GraphServiceEagerInit in 36ms
01-13 17:56:45.495 W/fb4a.AppInitScheduler|Schedule(31113):   Executing 184:InitPushabilityCheck
01-13 17:56:45.495 W/fb4a.AppInitScheduler|Schedule(31113):   Executing 315:PreloadReelsCsrForReelsTabStarts
01-13 17:56:45.495 W/fb4a.AppInitScheduler|Run(31113): Running InitPushabilityCheck
01-13 17:56:45.496 W/fb4a.AppInitScheduler|Run(31113): Running PreloadReelsCsrForReelsTabStarts
01-13 17:56:45.497 W/fb4a.AppInitScheduler|Run(31113):   Finished PreloadReelsCsrForReelsTabStarts in 1ms
01-13 17:56:45.502 W/fb4a.AppInitScheduler|Run(31113):   Finished InitPushabilityCheck in 6ms
01-13 17:56:45.524 I/KeyboardModeUtils( 5942): KeyboardModeUtils.getKeyboardBottomOffset():435 inch: 0.000000 ydpi: 409.016998 adjustKeyboardBottomByDisplaySize: false currentDensityDpi: 408 defaultDensityDpi: 408 keyboardBottomToScreenPx: 0 keyboardBottomToNavBarPx: -41 navBarHeight: 41
01-13 17:56:45.524 I/BaseKeyboardSizeHelper( 5942): BaseKeyboardSizeHelper.calculateMaxKeyboardBodyHeight():73 leave 273 height for app when ime window height:2249, header height:112 and isFullscreenMode:false, so the max keyboard body height is:1864
01-13 17:56:45.524 W/fb4a.QuickPerformanceLoggerModule(31113): Provided QPL: 48446886
01-13 17:56:45.524 I/BaseKeyboardSizeHelper( 5942): BaseKeyboardSizeHelper.calculateMaxKeyboardBodyHeight():73 leave 273 height for app when ime window height:2249, header height:112 and isFullscreenMode:false, so the max keyboard body height is:1864
01-13 17:56:45.530 I/ActivityManager( 1751): Killing 29643:com.android.settings:background/1000 (adj 999): empty #21
01-13 17:56:45.530 I/am_kill ( 1751): [0,29643,com.android.settings:background,999,empty #21]
01-13 17:56:45.531 E/IHansComunication( 4624): HANS printMessageBody: RCV message: type = 3,port = 86870,caller_pid = 1751,caller_uid = 1000,target_pid = 29643,target_uid = 1000,pkg_cmd = -1,rpc = signal/-1
01-13 17:56:45.535 E/fb4a.SlowAppComponent(31113): 0ms: FbPushSdkFbnsReceiverShim instantiating…
01-13 17:56:45.535 E/fb4a.SlowAppComponent(31113): Main thread was blocked for 152ms in the background starting with FbPushSdkFbnsReceiverShim
01-13 17:56:45.539 I/libprocessgroup( 1751): Successfully killed process cgroup uid 1000 pid 29643 in 7ms
