01-13 17:56:51.118 W/Analytics-Micro(31113): type=1400 audit(0.0:5789): avc: granted { execute } for path="/data/data/com.facebook.katana/lib-compressed/libxplat_third-party_jpeg_jpeg-turbo-allAndroid.so" dev="dm-48" ino=6906845 scontext=u:r:untrusted_app:s0:c102,c258,c512,c768 tcontext=u:object_r:app_data_file:s0:c102,c258,c512,c768 tclass=file app=com.facebook.katana
01-13 17:56:51.124 D/nativeloader(31113): Load /data/data/com.facebook.katana/lib-compressed/libxplat_third-party_jpeg_jpeg-turbo-allAndroid.so using class loader ns clns-7 (caller=/data/app/~~ld1-4e4sX2B1NJ7WEQrmmQ==/com.facebook.katana-GJXoEzNH7Eg-YiZlEFlp8Q==/base.apk): ok
01-13 17:56:51.125 E/fb4a.AppState(31113): Returning default for firstRunInfo
01-13 17:56:51.125 E/fb4a.AppState(31113): Returning default for firstRunInfo
01-13 17:56:51.122 I/auditd  (31113): type=1400 audit(0.0:5790): avc: granted { execute } for comm="Analytics-Micro" path="/data/data/com.facebook.katana/lib-compressed/libscrollmerged.so" dev="dm-48" ino=6906651 scontext=u:r:untrusted_app:s0:c102,c258,c512,c768 tcontext=u:object_r:app_data_file:s0:c102,c258,c512,c768 tclass=file app=com.facebook.katana
01-13 17:56:51.122 W/Analytics-Micro(31113): type=1400 audit(0.0:5790): avc: granted { execute } for path="/data/data/com.facebook.katana/lib-compressed/libscrollmerged.so" dev="dm-48" ino=6906651 scontext=u:r:untrusted_app:s0:c102,c258,c512,c768 tcontext=u:object_r:app_data_file:s0:c102,c258,c512,c768 tclass=file app=com.facebook.katana
01-13 17:56:51.135 D/CursorFeedback(17914): getExtraCursorWidth
01-13 17:56:51.135 D/CursorFeedback(17914): getExtraLeftOffset
01-13 17:56:51.168 D/OplusFullScreenDisplayManager( 1751): adjustWindowParamsLw com.wholexale.app.staging, no change cutoutMode: 0
01-13 17:56:51.168 V/WindowManager( 1751): Relayout Window{ce77162 u0 com.wholexale.app.staging/com.wholexale.app.MainActivity}: viewVisibility=0, oldvis=0, req=1080x2400
01-13 17:56:51.194 D/nativeloader(31113): Load /data/data/com.facebook.katana/lib-compressed/libscrollmerged.so using class loader ns clns-7 (caller=/data/app/~~ld1-4e4sX2B1NJ7WEQrmmQ==/com.facebook.katana-GJXoEzNH7Eg-YiZlEFlp8Q==/base.apk): ok
01-13 17:56:51.245 D/PhoneInterfaceManager( 2519): [PhoneIntfMgr] QueryTelephonyChecker-getDataNetworkTypeForSubscriber: packageName = com.android.phone, isGrant = true
01-13 17:56:51.246 D/PhoneInterfaceManager( 2519): [PhoneIntfMgr] QueryTelephonyChecker-getDataNetworkTypeForSubscriber: packageName = com.android.phone, isGrant = true
01-13 17:56:51.251 E/fb4a.ColdstartExperimentsController(31113): unable to set dex config
01-13 17:56:51.251 E/fb4a.ColdstartExperimentsController(31113): java.lang.IllegalStateException: Main DexStore is null
01-13 17:56:51.251 E/fb4a.ColdstartExperimentsController(31113): 	at X.001.A0R(:2)
01-13 17:56:51.251 E/fb4a.ColdstartExperimentsController(31113): 	at com.facebook.common.dextricksdi.ColdstartExperimentsController.A00(Unknown Source:217)
01-13 17:56:51.251 E/fb4a.ColdstartExperimentsController(31113): 	at com.facebook.common.dextricksdi.ColdstartExperimentsController.A01(Unknown Source:68)
01-13 17:56:51.251 E/fb4a.ColdstartExperimentsController(31113): 	at X.7LK.A0O(Unknown Source:1399)
01-13 17:56:51.251 E/fb4a.ColdstartExperimentsController(31113): 	at X.7LK.A0R(Unknown Source:4)
01-13 17:56:51.251 E/fb4a.ColdstartExperimentsController(31113): 	at X.7LK.A0Q(Unknown Source:4)
01-13 17:56:51.251 E/fb4a.ColdstartExperimentsController(31113): 	at X.7LK.A0S(Unknown Source:4)
01-13 17:56:51.251 E/fb4a.ColdstartExperimentsController(31113): 	at X.7LK.A0o(Unknown Source:4)
01-13 17:56:51.251 E/fb4a.ColdstartExperimentsController(31113): 	at X.2Gv.A02(Unknown Source:2669)
01-13 17:56:51.251 E/fb4a.ColdstartExperimentsController(31113): 	at X.2Gv.A01(Unknown Source:3233)
01-13 17:56:51.251 E/fb4a.ColdstartExperimentsController(31113): 	at X.2Gv.run(Unknown Source:1855)
01-13 17:56:51.251 E/fb4a.ColdstartExperimentsController(31113): 	at X.2HN.call(Unknown Source:246)
01-13 17:56:51.251 E/fb4a.ColdstartExperimentsController(31113): 	at java.util.concurrent.FutureTask.run(FutureTask.java:317)
01-13 17:56:51.251 E/fb4a.ColdstartExperimentsController(31113): 	at X.Wr9.A00(Unknown Source:19)
01-13 17:56:51.251 E/fb4a.ColdstartExperimentsController(31113): 	at X.1Gz.call(Unknown Source:48)
01-13 17:56:51.251 E/fb4a.ColdstartExperimentsController(31113): 	at java.util.concurrent.FutureTask.run(FutureTask.java:317)
01-13 17:56:51.251 E/fb4a.ColdstartExperimentsController(31113): 	at X.1Ez.run(Unknown Source:2)
01-13 17:56:51.251 E/fb4a.ColdstartExperimentsController(31113): 	at X.0yJ.run(:5)
01-13 17:56:51.251 E/fb4a.ColdstartExperimentsController(31113): 	at X.1C2.run(Unknown Source:2)
01-13 17:56:51.251 E/fb4a.ColdstartExperimentsController(31113): 	at java.util.concurrent.ThreadPoolExecutor.runWorker(ThreadPoolExecutor.java:1154)
01-13 17:56:51.251 E/fb4a.ColdstartExperimentsController(31113): 	at java.util.concurrent.ThreadPoolExecutor$Worker.run(ThreadPoolExecutor.java:652)
01-13 17:56:51.251 E/fb4a.ColdstartExperimentsController(31113): 	at X.1CR.run(Unknown Source:3)
01-13 17:56:51.251 E/fb4a.ColdstartExperimentsController(31113): 	at X.1CU.run(Unknown Source:17)
01-13 17:56:51.251 E/fb4a.ColdstartExperimentsController(31113): 	at java.lang.Thread.run(Thread.java:1563)
01-13 17:56:51.253 W/OplusExSystemServiceHelper(27338): checkOplusExSystemService intent getComponent is null
01-13 17:56:51.257 I/hwcomposer(  847): [HWC] (0)fire a callback of refresh to SF[4]  
01-13 17:56:51.263 I/Finsky  (27338): [2] Connecting InstallListener to SplitInstallService broadcaster...
01-13 17:56:51.267 W/ExperimentConfigurator(31113): No runner available for app init optimizations
01-13 17:56:51.283 E/horae   ( 3402): 0: back:35564,frame:34143,front:36351, 5, +(1649), 1 ,38000,35975,37000,37100
01-13 17:56:51.287 D/NoBackGesture( 2247): Start gesture: MotionEvent { action=ACTION_DOWN, actionButton=0, id[0]=0, x[0]=979.5, y[0]=1793.75, toolType[0]=TOOL_TYPE_FINGER, buttonState=0, classification=NONE, metaState=0, flags=0x0, edgeFlags=0x0, pointerCount=1, historySize=0, eventTime=56012240, downTime=56012240, deviceId=4, source=0x1002, displayId=0, eventId=27746977 }
01-13 17:56:51.287 D/PowerManagerService( 1751): userActivityNoUpdateLocked: groupId=0, eventTime=56012240, event=2, flags=0x0, uid=1000
01-13 17:56:51.287 D/NoBackGesture( 2247): Not in side gesture area
01-13 17:56:51.288 D/OGG_Detector( 1751): D:done mCurrStatus: 0
01-13 17:56:51.317 W/PackageManager( 1751): package unknown uid 10614 pid 31113 call SetEnabledSetting(com.facebook.katana component = com.facebook.composer.shareintent.ImplicitShareIntentHandlerDefaultAlias, 1, 0)
01-13 17:56:51.318 W/PackageManager( 1751): package unknown uid 10614 pid 31113 call SetEnabledSetting(com.facebook.katana component = com.facebook.composer.shareintent.AddToStoryAlias, 1, 0)
01-13 17:56:51.319 W/PackageManager( 1751): package unknown uid 10614 pid 31113 call SetEnabledSetting(com.facebook.katana component = com.facebook.composer.shareintent.ShareToGroupsAlias, 1, 0)
01-13 17:56:51.319 W/PackageManager( 1751): package unknown uid 10614 pid 31113 call SetEnabledSetting(com.facebook.katana component = com.facebook.composer.shareintent.ShareToGroupsDisableSinglePhotoAlias, 2, 0)
01-13 17:56:51.325 W/fb4a.ServiceInfoParser(31113): X.4ec: Service com.facebook.browser.lite.BrowserLiteInMainProcessIntentService is missing meta key com.facebook.common.jobscheduler.compat.jobIds
01-13 17:56:51.325 W/fb4a.ServiceInfoParser(31113): X.4ec: Service com.facebook.businessintegrity.cloakingdetection.service.CloakingDetectionService is missing meta key com.facebook.common.jobscheduler.compat.jobIds
01-13 17:56:51.325 W/fb4a.ServiceInfoParser(31113): X.4ec: Service com.facebook.contacts.service.ContactLocaleChangeService is missing meta key com.facebook.common.jobscheduler.compat.jobIds
01-13 17:56:51.326 W/fb4a.ServiceInfoParser(31113): X.4ec: Service com.facebook.falco.jobscheduler.FFJobService is missing meta key com.facebook.common.jobscheduler.compat.jobIds
01-13 17:56:51.326 W/fb4a.ServiceInfoParser(31113): X.4ec: Service com.facebook.registration.notification.RegistrationNotificationService is missing meta key com.facebook.common.jobscheduler.compat.jobIds
01-13 17:56:51.326 W/fb4a.ServiceInfoParser(31113): X.4ec: Service com.facebook.notifications.appwidget.bugreporter.NotificationsWidgetDebugHelper is missing meta key com.facebook.common.jobscheduler.compat.jobIds
01-13 17:56:51.326 W/fb4a.ServiceInfoParser(31113): X.4ec: Service com.facebook.account.login.notification.LoginNotificationService is missing meta key com.facebook.common.jobscheduler.compat.jobIds
01-13 17:56:51.326 W/fb4a.ServiceInfoParser(31113): X.4ec: Service com.facebook.compost.service.CompostNotificationService is missing meta key com.facebook.common.jobscheduler.compat.jobIds
01-13 17:56:51.326 W/fb4a.ServiceInfoParser(31113): X.4ec: Service com.facebook.battery.monitor.ContinuousBatteryMonitorService is missing meta key com.facebook.common.jobscheduler.compat.jobIds
01-13 17:56:51.326 W/fb4a.ServiceInfoParser(31113): X.4ec: Service com.facebook.googleplay.GooglePlayInstallRefererService is missing meta key com.facebook.common.jobscheduler.compat.jobIds
01-13 17:56:51.326 W/fb4a.ServiceInfoParser(31113): X.4ec: Service com.facebook.glc.GLCService is missing meta key com.facebook.common.jobscheduler.compat.jobIds
01-13 17:56:51.326 W/fb4a.ServiceInfoParser(31113): X.4ec: Service com.facebook.papaya.fb.client.services.FBPapayaJobService is missing meta key com.facebook.common.jobscheduler.compat.jobIds
01-13 17:56:51.326 W/fb4a.ServiceInfoParser(31113): X.4ec: Service com.google.android.datatransport.runtime.scheduling.jobscheduling.JobInfoSchedulerService is missing meta key com.facebook.common.jobscheduler.compat.jobIds
01-13 17:56:51.326 W/fb4a.ServiceInfoParser(31113): X.4ec: Service com.facebook.push.fcm.FcmRegistrarFbJobIntentService is missing meta key com.facebook.common.jobscheduler.compat.jobIds
01-13 17:56:51.327 W/fb4a.ServiceInfoParser(31113): X.4ec: Service com.facebook.push.fbpushdata.common.FbPushDataHandlerService is missing meta key com.facebook.common.jobscheduler.compat.jobIds
01-13 17:56:51.327 W/fb4a.ServiceInfoParser(31113): X.4ec: Service com.facebook.conditionalworker.ConditionalWorkerService is missing meta key com.facebook.common.jobscheduler.compat.jobIds
01-13 17:56:51.327 W/fb4a.ServiceInfoParser(31113): X.4ec: Service com.facebook.orca.notify.MessagesNotificationService is missing meta key com.facebook.common.jobscheduler.compat.jobIds
01-13 17:56:51.327 W/fb4a.ServiceInfoParser(31113): X.4ec: Service com.facebook.confirmation.notification.ConfirmationNotificationService is missing meta key com.facebook.common.jobscheduler.compat.jobIds
01-13 17:56:51.327 W/fb4a.ServiceInfoParser(31113): X.4ec: Service com.facebook.voltron.download.scheduledinstaller.OxygenScheduledInstallerJobService is missing meta key com.facebook.common.jobscheduler.compat.jobIds
01-13 17:56:51.327 W/fb4a.ServiceInfoParser(31113): X.4ec: Service com.facebook.messaging.prefs.notifications.NotificationPrefsSyncService is missing meta key com.facebook.common.jobscheduler.compat.jobIds
01-13 17:56:51.327 W/fb4a.ServiceInfoParser(31113): X.4ec: Service com.facebook.push.adm.ADMService is missing meta key com.facebook.common.jobscheduler.compat.jobIds
01-13 17:56:51.327 W/fb4a.ServiceInfoParser(31113): X.4ec: Service com.facebook.push.adm.ADMBroadcastReceiverJobBase is missing meta key com.facebook.common.jobscheduler.compat.jobIds
01-13 17:56:51.327 W/fb4a.ServiceInfoParser(31113): X.4ec: Service com.facebook.push.adm.ADMJobIntentService is missing meta key com.facebook.common.jobscheduler.compat.jobIds
01-13 17:56:51.328 W/fb4a.ServiceInfoParser(31113): X.4ec: Service com.facebook.push.negativefeedback.PushNegativeFeedbackFbJobIntentService is missing meta key com.facebook.common.jobscheduler.compat.jobIds
01-13 17:56:51.328 W/fb4a.ServiceInfoParser(31113): X.4ec: Service com.facebook.push.registration.RegistrarHelperService is missing meta key com.facebook.common.jobscheduler.compat.jobIds
01-13 17:56:51.328 W/fb4a.ServiceInfoParser(31113): X.4ec: Service com.facebook.feed.platformads.AppInstallService is missing meta key com.facebook.common.jobscheduler.compat.jobIds
01-13 17:56:51.328 W/fb4a.ServiceInfoParser(31113): X.4ec: Service com.google.android.gms.analytics.AnalyticsJobService is missing meta key com.facebook.common.jobscheduler.compat.jobIds
01-13 17:56:51.328 W/fb4a.ServiceInfoParser(31113): X.4ec: Service com.facebook.oxygen.preloads.sdk.firstparty.managedappcache.IsManagedAppCacheJobService is missing meta key com.facebook.common.jobscheduler.compat.jobIds
01-13 17:56:51.328 W/fb4a.ServiceInfoParser(31113): X.4ec: Service com.facebook.videolite.api.VideoUploadJobService is missing meta key com.facebook.common.jobscheduler.compat.jobIds
01-13 17:56:51.328 W/fb4a.ServiceInfoParser(31113): X.4ec: Service com.facebook.videolite.api.jobscheduler.UploadJobSchedulerService is missing meta key com.facebook.common.jobscheduler.compat.jobIds
01-13 17:56:51.328 W/fb4a.ServiceInfoParser(31113): X.4ec: Service androidx.work.impl.background.systemjob.SystemJobService is missing meta key com.facebook.common.jobscheduler.compat.jobIds
01-13 17:56:51.328 W/fb4a.ServiceInfoParser(31113): X.4ec: Service com.facebook.push.mqtt.service.MqttPushHelperService is missing meta key com.facebook.common.jobscheduler.compat.jobIds
01-13 17:56:51.329 W/fb4a.ServiceInfoParser(31113): X.4ec: Service com.facebook.reportaproblem.base.bugreport.BugReportUploadService is missing meta key com.facebook.common.jobscheduler.compat.jobIds
01-13 17:56:51.329 W/fb4a.ServiceInfoParser(31113): X.4ec: Service com.facebook.appcomponentmanager.AppComponentManagerService is missing meta key com.facebook.common.jobscheduler.compat.jobIds
01-13 17:56:51.329 W/fb4a.ServiceInfoParser(31113): X.4ec: Service com.facebook.fbservice.service.BlueServiceJobIntentService is missing meta key com.facebook.common.jobscheduler.compat.jobIds
01-13 17:56:51.329 W/fb4a.ServiceInfoParser(31113): X.4ec: Service com.facebook.delayedworker.DelayedWorkerService is missing meta key com.facebook.common.jobscheduler.compat.jobIds
01-13 17:56:51.329 W/fb4a.ServiceInfoParser(31113): X.4ec: Service com.facebook.analytics2.logger.service.LollipopUploadSafeService is missing meta key com.facebook.common.jobscheduler.compat.jobIds
01-13 17:56:51.329 W/fb4a.ServiceInfoParser(31113): X.4ec: Service com.facebook.analytics2.logger.legacy.uploader.LollipopUploadService is missing meta key com.facebook.common.jobscheduler.compat.jobIds
01-13 17:56:51.329 W/fb4a.ServiceInfoParser(31113): X.4ec: Service com.facebook.analytics2.logger.legacy.uploader.Analytics2UploadService is missing meta key com.facebook.common.jobscheduler.compat.jobIds
01-13 17:56:51.366 I/libPowerHal(  873): [perfLockRel] hdl:66997, idx:3
01-13 17:56:51.367 I/libPowerHal(  873): [PD] MTKPOWER_HINT_APP_TOUCH update cmd:3408600 param:0
01-13 17:56:51.367 W/TooltipLifecycleManager( 5942): TooltipLifecycleManager.dismissTooltips():153 Tooltip with id SUGGESTION_VIEW_EDU_MINI_DIALOG not found in tooltipManager.
01-13 17:56:51.383 D/CursorFeedback(17914): getExtraCursorWidth
01-13 17:56:51.383 D/CursorFeedback(17914): getExtraLeftOffset
01-13 17:56:51.394 W/PackageManager( 1751): package unknown uid 10614 pid 31113 call SetEnabledSetting(com.facebook.katana component = com.facebook.fbpay.w3c.ipc.IsReadyToPayServiceImpl, 1, 0)
01-13 17:56:51.395 W/PackageManager( 1751): package unknown uid 10614 pid 31113 call SetEnabledSetting(com.facebook.katana component = com.facebook.fbpay.w3c.ipc.FBPaymentServiceImpl, 1, 0)
01-13 17:56:51.396 W/PackageManager( 1751): package unknown uid 10614 pid 31113 call SetEnabledSetting(com.facebook.katana component = com.facebook.fbpay.w3c.views.PaymentActivity, 1, 0)
01-13 17:56:51.416 D/OplusFullScreenDisplayManager( 1751): adjustWindowParamsLw com.wholexale.app.staging, no change cutoutMode: 0
01-13 17:56:51.416 V/WindowManager( 1751): Relayout Window{ce77162 u0 com.wholexale.app.staging/com.wholexale.app.MainActivity}: viewVisibility=0, oldvis=0, req=1080x2400
01-13 17:56:51.439 E/fb4a.AppState(31113): Returning default for firstRunInfo
01-13 17:56:51.442 E/fb4a.AppState(31113): Returning default for firstRunInfo
01-13 17:56:51.445 V/NativeCrypto(17659): SSL shutdown failed: ssl=0xb4000070993cfd88: I/O error during system call, Software caused connection abort
01-13 17:56:51.445 W/fb4a.AppInfoCore(31113): [AI] Package not found when getting package info
01-13 17:56:51.447 E/fb4a.AppState(31113): Returning default for firstRunInfo
01-13 17:56:51.455 W/PackageManager( 1751): package unknown uid 10614 pid 31113 call SetEnabledSetting(com.facebook.katana component = com.facebook.inspiration.fbshorts.shareintent.InpirationFbShortsShareAlias, 1, 0)
01-13 17:56:51.456 W/PackageManager( 1751): package unknown uid 10614 pid 31113 call SetEnabledSetting(com.facebook.katana component = com.facebook.inspiration.fbshorts.shareintent.InpirationFbShortsSharePhotoAlias, 2, 0)
01-13 17:56:51.456 W/PackageManager( 1751): package unknown uid 10614 pid 31113 call SetEnabledSetting(com.facebook.katana component = com.facebook.inspiration.fbshorts.shareintent.InpirationFbShortsShareMultipleAlias, 1, 0)
01-13 17:56:51.459 W/PackageManager( 1751): package unknown uid 10614 pid 31113 call SetEnabledSetting(com.facebook.katana component = class com.facebook.inspiration.platformsharing.activity.InspirationBaseExternalShareActivity, 1, 0)
01-13 17:56:51.464 W/PackageManager( 1751): package unknown uid 10614 pid 31113 call SetEnabledSetting(com.facebook.katana component = com.facebook.inspiration.platformsharing.activity.InspirationCameraShareMultipleCollageAlias, 2, 0)
01-13 17:56:51.477 D/OGG_Detector( 1751): D:done mCurrStatus: 0
01-13 17:56:51.477 D/PowerManagerService( 1751): userActivityNoUpdateLocked: groupId=0, eventTime=56012429, event=2, flags=0x0, uid=1000
01-13 17:56:51.477 D/NoBackGesture( 2247): Start gesture: MotionEvent { action=ACTION_DOWN, actionButton=0, id[0]=0, x[0]=340.0, y[0]=1858.0, toolType[0]=TOOL_TYPE_FINGER, buttonState=0, classification=NONE, metaState=0, flags=0x0, edgeFlags=0x0, pointerCount=1, historySize=0, eventTime=56012429, downTime=56012429, deviceId=4, source=0x1002, displayId=0, eventId=610712028 }
01-13 17:56:51.477 D/NoBackGesture( 2247): Not in side gesture area
01-13 17:56:51.485 W/fb4a.AppInfoCore(31113): [AI] Package not found when getting package info
01-13 17:56:51.487 W/fb4a.AppInfoCore(31113): [AI] Package not found when getting package info
01-13 17:56:51.547 W/fb4a.InitStatus(31113): Not blocking Provider (29968742)
01-13 17:56:51.548 W/fb4a.InitStatus(31113): Not blocking Provider (29968742)
01-13 17:56:51.556 W/fb4a.AppInfoCore(31113): [AI] Package not found when getting package info
01-13 17:56:51.556 D/AudioManagerExtImpl(31113): getStreamVolume packageName=com.facebook.katana, index=0, streamType=1
01-13 17:56:51.564 I/libPowerHal(  873): [perfLockRel] hdl:66998, idx:3
01-13 17:56:51.564 I/libPowerHal(  873): [PD] MTKPOWER_HINT_APP_TOUCH update cmd:3408600 param:0
01-13 17:56:51.565 W/TooltipLifecycleManager( 5942): TooltipLifecycleManager.dismissTooltips():153 Tooltip with id SUGGESTION_VIEW_EDU_MINI_DIALOG not found in tooltipManager.
01-13 17:56:51.579 W/fb4a.AppInfoCore(31113): [AI] Package not found when getting package info
01-13 17:56:51.580 W/fb4a.AppInfoCore(31113): [AI] Package not found when getting package info
01-13 17:56:51.580 D/OplusAtlasService( 3347): getAttributeByAppName module:oplus-getStreamMaxVolume packageName:com.cricbuzz.android
01-13 17:56:51.582 D/CursorFeedback(17914): getExtraCursorWidth
01-13 17:56:51.582 D/CursorFeedback(17914): getExtraLeftOffset
01-13 17:56:51.583 D/AudioManagerExtImpl(30232): getStreamVolume packageName=com.cricbuzz.android, index=4, streamType=3
01-13 17:56:51.585 W/fb4a.AppInfoCore(31113): [AI] Package not found when getting package info
01-13 17:56:51.589 I/hwcomposer(  847): [HWC] (0)fire a callback of refresh to SF[4]  
01-13 17:56:51.596 W/PackageManager( 1751): package unknown uid 10614 pid 31113 call SetEnabledSetting(com.facebook.katana component = com.facebook.notifications.settings.InAppNotificationSettingsActivity, 1, 0)
01-13 17:56:51.615 D/OplusFullScreenDisplayManager( 1751): adjustWindowParamsLw com.wholexale.app.staging, no change cutoutMode: 0
01-13 17:56:51.615 V/WindowManager( 1751): Relayout Window{ce77162 u0 com.wholexale.app.staging/com.wholexale.app.MainActivity}: viewVisibility=0, oldvis=0, req=1080x2400
01-13 17:56:51.635 W/fb4a.BloksPrivacySelectorFetchQpl(31113): markerPoint is called unexpectedly with render location: BPS_COMPOSER
01-13 17:56:51.646 W/fb4a.BloksPrivacySelectorFetchQpl(31113): markerPoint is called unexpectedly with render location: BPS_VIDEO_PRODUCTION_UNIFICATION
01-13 17:56:51.650 W/fb4a.BloksPrivacySelectorFetchQpl(31113): markerPoint is called unexpectedly with render location: BPS_COMPOSER
01-13 17:56:51.650 W/fb4a.BloksPrivacySelectorFetchQpl(31113): success is called unexpectedly with render location: BPS_COMPOSER
01-13 17:56:51.655 W/fb4a.BloksPrivacySelectorFetchQpl(31113): markerPoint is called unexpectedly with render location: BPS_VIDEO_PRODUCTION_UNIFICATION
01-13 17:56:51.655 W/fb4a.BloksPrivacySelectorFetchQpl(31113): success is called unexpectedly with render location: BPS_VIDEO_PRODUCTION_UNIFICATION
01-13 17:56:51.666 D/CompatibilityChangeReporter(31113): Compat change id reported: 194532703; UID 10614; state: ENABLED
01-13 17:56:51.667 D/OGG_Detector( 1751): D:done mCurrStatus: 0
01-13 17:56:51.667 D/PowerManagerService( 1751): userActivityNoUpdateLocked: groupId=0, eventTime=56012619, event=2, flags=0x0, uid=1000
01-13 17:56:51.667 D/CompatibilityChangeReporter( 1751): Compat change id reported: 194532703; UID 10614; state: ENABLED
01-13 17:56:51.667 D/NoBackGesture( 2247): Start gesture: MotionEvent { action=ACTION_DOWN, actionButton=0, id[0]=0, x[0]=317.5, y[0]=1987.5, toolType[0]=TOOL_TYPE_FINGER, buttonState=0, classification=NONE, metaState=0, flags=0x0, edgeFlags=0x0, pointerCount=1, historySize=0, eventTime=56012619, downTime=56012619, deviceId=4, source=0x1002, displayId=0, eventId=991768167 }
01-13 17:56:51.667 D/NoBackGesture( 2247): Not in side gesture area
01-13 17:56:51.689 W/fbservices-stub:InitStatus( 5786): Not blocking Service (205124946)
01-13 17:56:51.689 W/fbservices-stub:InitStatus( 5786): Not blocking Service (205124946)
01-13 17:56:51.690 W/PackageManager( 1751): package unknown uid 10614 pid 31113 call SetEnabledSetting(com.facebook.katana component = com.facebook.rti.orca.FbnsLiteBroadcastReceiver, 2, 0)
01-13 17:56:51.692 W/fb4a.SyncInitializer(31113): Start regular sync initialization
01-13 17:56:51.706 W/PackageManager( 1751): package unknown uid 10614 pid 31113 call SetEnabledSetting(com.facebook.katana component = com.facebook.timeline.stagingground.Fb4aProfilePictureShareActivityAlias, 1, 0)
01-13 17:56:51.706 W/PackageManager( 1751): package unknown uid 10614 pid 31113 call SetEnabledSetting(com.facebook.katana component = com.facebook.timeline.stagingground.WorkProfilePictureShareActivityAlias, 2, 0)
01-13 17:56:51.739 W/TooltipLifecycleManager( 5942): TooltipLifecycleManager.dismissTooltips():153 Tooltip with id SUGGESTION_VIEW_EDU_MINI_DIALOG not found in tooltipManager.
01-13 17:56:51.740 I/libPowerHal(  873): [perfLockRel] hdl:66999, idx:3
01-13 17:56:51.741 I/libPowerHal(  873): [PD] MTKPOWER_HINT_APP_TOUCH update cmd:3408600 param:0
01-13 17:56:51.747 D/CursorFeedback(17914): getExtraCursorWidth
01-13 17:56:51.747 D/CursorFeedback(17914): getExtraLeftOffset
01-13 17:56:51.780 D/OplusFullScreenDisplayManager( 1751): adjustWindowParamsLw com.wholexale.app.staging, no change cutoutMode: 0
01-13 17:56:51.780 V/WindowManager( 1751): Relayout Window{ce77162 u0 com.wholexale.app.staging/com.wholexale.app.MainActivity}: viewVisibility=0, oldvis=0, req=1080x2400
01-13 17:56:51.823 W/Profilo/TraceControl(31113): Loom client config id: 2855889413839502470
01-13 17:56:51.830 I/auditd  (31113): type=1400 audit(0.0:5791): avc: granted { execute } for comm="CombinedTP2" path="/data/data/com.facebook.katana/lib-compressed/libmonitorcontention.so" dev="dm-48" ino=6906589 scontext=u:r:untrusted_app:s0:c102,c258,c512,c768 tcontext=u:object_r:app_data_file:s0:c102,c258,c512,c768 tclass=file app=com.facebook.katana
01-13 17:56:51.830 W/CombinedTP2(31113): type=1400 audit(0.0:5791): avc: granted { execute } for path="/data/data/com.facebook.katana/lib-compressed/libmonitorcontention.so" dev="dm-48" ino=6906589 scontext=u:r:untrusted_app:s0:c102,c258,c512,c768 tcontext=u:object_r:app_data_file:s0:c102,c258,c512,c768 tclass=file app=com.facebook.katana
01-13 17:56:51.837 D/nativeloader(31113): Load /data/data/com.facebook.katana/lib-compressed/libmonitorcontention.so using class loader ns clns-7 (caller=/data/app/~~ld1-4e4sX2B1NJ7WEQrmmQ==/com.facebook.katana-GJXoEzNH7Eg-YiZlEFlp8Q==/base.apk): ok
01-13 17:56:51.865 W/fb4a.AppInfoCore(31113): [AI] Package not found when getting package info
01-13 17:56:51.866 W/fb4a.AppInfoCore(31113): [AI] Package not found when getting package info
01-13 17:56:51.869 I/hwcomposer(  847): [HWC] (0)fire a callback of refresh to SF[4]  
01-13 17:56:51.886 W/NotificationHistory( 1751): Attempted to remove conversation for locked/gone/disabled user 0
01-13 17:56:52.063 I/AT      ( 1586): [0] AT< +ECSQ: 38,99,-289,1,1,1,1,2,32767,2 (RIL_URC_READER, tid:494294592768)
01-13 17:56:52.064 D/RmcNwHdlr( 1586): [0] requestSignalStrength:sigRegisted[0X01], sigUpdated[0X01]
01-13 17:56:52.064 D/RmcNwHdlr( 1586): [0] handleSignalStrength, gsm_signal_strength: 20, gsm_bit_error_rate: 99, gsm_timing_advance: 2147483647, cdma_dbm: 2147483647, cdma_ecio: 2147483647, evdo_dbm: 2147483647, evdo_ecio: 2147483647, evdo_snr: 2147483647, lte_signal_strength: 99, lte_rsrp: 106, lte_rsrq: 15, lte_rssnr: -30, lte_cqi: 0, lte_timing_advance: 0, tdscdma_signal_strength: 99, tdscdma_bit_error_rate: 99, tdscdma_rscp: 255, wcdma_signal_strength: 99, wcdma_bit_error_rate: 99, wcdma_scdma_rscp: 255, wcdma_ecno: 255, ssRsrp: 2147483647, ssRsrq: 2147483647, ssSinr: 2147483647, csiRsrp: 2147483647, csiRsrq: 2147483647, csiSinr: 2147483647
01-13 17:56:52.065 E/RILC    ( 1586): oemHookRawInd: mtkRadioExService[12]->mRadioIndicationEm == NULL
01-13 17:56:52.072 D/RILJ    ( 2519): Unsol response received; Sending ack to ril.cpp [PHONE0]
01-13 17:56:52.072 V/RILJ    ( 2519): [UNSL]< UNSOL_OEM_HOOK_RAW 2B454353513A2033382C39392C2D3238392C312C312C312C312C322C33323736372C32 [PHONE0]
01-13 17:56:52.075 D/OplusSST( 2519): oemLevel_0=4,oemLevel_1:0
01-13 17:56:52.075 D/OplusSignalSmooth/0( 2519): onSignalStrengthResultExt,oldSignalStrength:SignalStrength:{mCdma=CellSignalStrengthCdma: cdmaDbm=2147483647 cdmaEcio=2147483647 evdoDbm=2147483647 evdoEcio=2147483647 evdoSnr=2147483647 level=0,mGsm=CellSignalStrengthGsm: rssi=-71 ber=99 mTa=2147483647 mLevel=4,mWcdma=CellSignalStrengthWcdma: ss=2147483647 ber=2147483647 rscp=2147483647 ecno=2147483647 level=0,mTdscdma=CellSignalStrengthTdscdma: rssi=2147483647 ber=2147483647 rscp=2147483647 level=0,mLte=CellSignalStrengthLte: rssi=2147483647 rsrp=2147483647 rsrq=2147483647 rssnr=2147483647 cqiTableIndex=2147483647 cqi=2147483647 ta=2147483647 level=0 parametersUseForLevel=1,mNr=CellSignalStrengthNr:{ csiRsrp = 2147483647 csiRsrq = 2147483647 csiCqiTableIndex = 2147483647 csiCqiReport = [] ssRsrp = 2147483647 ssRsrq = 2147483647 ssSinr = 2147483647 level = 0 parametersUseForLevel = 1 },primary=CellSignalStrengthGsm}, phoneId=0, mMtkLevel=0, mMtkRsrpOnly=false, mMtkLteRsrpThreshold=null, mMtkLteRssnrThreshold=null
01-13 17:56:52.076 D/OplusSignalSmooth/0( 2519): mOrigSignalStrength:SignalStrength:{mCdma=CellSignalStrengthCdma: cdmaDbm=2147483647 cdmaEcio=2147483647 evdoDbm=2147483647 evdoEcio=2147483647 evdoSnr=2147483647 level=0,mGsm=CellSignalStrengthGsm: rssi=-73 ber=99 mTa=2147483647 mLevel=4,mWcdma=CellSignalStrengthWcdma: ss=2147483647 ber=2147483647 rscp=2147483647 ecno=2147483647 level=0,mTdscdma=CellSignalStrengthTdscdma: rssi=2147483647 ber=2147483647 rscp=2147483647 level=0,mLte=CellSignalStrengthLte: rssi=2147483647 rsrp=2147483647 rsrq=2147483647 rssnr=2147483647 cqiTableIndex=2147483647 cqi=2147483647 ta=2147483647 level=0 parametersUseForLevel=1,mNr=CellSignalStrengthNr:{ csiRsrp = 2147483647 csiRsrq = 2147483647 csiCqiTableIndex = 2147483647 csiCqiReport = [] ssRsrp = 2147483647 ssRsrq = 2147483647 ssSinr = 2147483647 level = 0 parametersUseForLevel = 1 },primary=CellSignalStrengthGsm}
01-13 17:56:52.076 D/OplusSignalSmooth/0( 2519): updateOEMSmooth:direct update..
01-13 17:56:52.083 D/OplusUiccManagerImpl( 2519): getCardType by iccid result = 4
01-13 17:56:52.084 D/OplusSignalSmooth/0( 2519): notifySignalStrength, mSignalStrength: SignalStrength:{mCdma=CellSignalStrengthCdma: cdmaDbm=2147483647 cdmaEcio=2147483647 evdoDbm=2147483647 evdoEcio=2147483647 evdoSnr=2147483647 level=0,mGsm=CellSignalStrengthGsm: rssi=-73 ber=99 mTa=2147483647 mLevel=4,mWcdma=CellSignalStrengthWcdma: ss=2147483647 ber=2147483647 rscp=2147483647 ecno=2147483647 level=0,mTdscdma=CellSignalStrengthTdscdma: rssi=2147483647 ber=2147483647 rscp=2147483647 level=0,mLte=CellSignalStrengthLte: rssi=2147483647 rsrp=2147483647 rsrq=2147483647 rssnr=2147483647 cqiTableIndex=2147483647 cqi=2147483647 ta=2147483647 level=0 parametersUseForLevel=1,mNr=CellSignalStrengthNr:{ csiRsrp = 2147483647 csiRsrq = 2147483647 csiCqiTableIndex = 2147483647 csiCqiReport = [] ssRsrp = 2147483647 ssRsrq = 2147483647 ssSinr = 2147483647 level = 0 parametersUseForLevel = 1 },primary=CellSignalStrengthGsm}, phoneId=0, mMtkLevel=0, mMtkRsrpOnly=false, mMtkLteRsrpThreshold=null, mMtkLteRssnrThreshold=null
01-13 17:56:52.085 D/OplusTelephonyController( 2519): onSignalStrengthChanged: SignalStrength=SignalStrength:{mCdma=CellSignalStrengthCdma: cdmaDbm=2147483647 cdmaEcio=2147483647 evdoDbm=2147483647 evdoEcio=2147483647 evdoSnr=2147483647 level=0,mGsm=CellSignalStrengthGsm: rssi=-73 ber=99 mTa=2147483647 mLevel=4,mWcdma=CellSignalStrengthWcdma: ss=2147483647 ber=2147483647 rscp=2147483647 ecno=2147483647 level=0,mTdscdma=CellSignalStrengthTdscdma: rssi=2147483647 ber=2147483647 rscp=2147483647 level=0,mLte=CellSignalStrengthLte: rssi=2147483647 rsrp=2147483647 rsrq=2147483647 rssnr=2147483647 cqiTableIndex=2147483647 cqi=2147483647 ta=2147483647 level=0 parametersUseForLevel=0,mNr=CellSignalStrengthNr:{ csiRsrp = 2147483647 csiRsrq = 2147483647 csiCqiTableIndex = 2147483647 csiCqiReport = [] ssRsrp = 2147483647 ssRsrq = 2147483647 ssSinr = 2147483647 level = 0 parametersUseForLevel = 0 },primary=CellSignalStrengthGsm}, phoneId=0, mMtkLevel=0, mMtkRsrpOnly=false, mMtkLteRsrpThreshold=null, mMtkLteRssnrThreshold=null
01-13 17:56:52.099 D/NoBackGesture( 2247): Start gesture: MotionEvent { action=ACTION_DOWN, actionButton=0, id[0]=0, x[0]=35.0, y[0]=1676.75, toolType[0]=TOOL_TYPE_FINGER, buttonState=0, classification=NONE, metaState=0, flags=0x0, edgeFlags=0x0, pointerCount=1, historySize=0, eventTime=56013050, downTime=56013050, deviceId=4, source=0x1002, displayId=0, eventId=915858555 }
01-13 17:56:52.099 D/OGG_Detector( 1751): D:done mCurrStatus: 0
01-13 17:56:52.099 D/OplusSystemUINavigationGesture( 5942): [GESTURE_BUTTON] swipe from 0
01-13 17:56:52.099 D/PowerManagerService( 1751): userActivityNoUpdateLocked: groupId=0, eventTime=56013050, event=2, flags=0x0, uid=1000
01-13 17:56:52.099 D/NoBackGesture( 2247): AllowGesture false cuz: ||||touch region not valid
01-13 17:56:52.099 D/NoBackGesture( 2247): current sysUiFlags: |||||||||||||||||allow_gesture|ime_visible|||||||
01-13 17:56:52.099 D/NoBackGesture( 2247): mAllowGesture: false
01-13 17:56:52.163 I/commit_sys_config_file( 1751): [notification-policy,55988283]
01-13 17:56:52.184 I/libPowerHal(  873): [perfLockRel] hdl:67000, idx:3
01-13 17:56:52.184 I/libPowerHal(  873): [PD] MTKPOWER_HINT_APP_TOUCH update cmd:3408600 param:0
01-13 17:56:52.186 W/TooltipLifecycleManager( 5942): TooltipLifecycleManager.dismissTooltips():153 Tooltip with id SUGGESTION_VIEW_EDU_MINI_DIALOG not found in tooltipManager.
01-13 17:56:52.194 D/CursorFeedback(17914): getExtraCursorWidth
01-13 17:56:52.194 D/CursorFeedback(17914): getExtraLeftOffset
01-13 17:56:52.227 D/OplusFullScreenDisplayManager( 1751): adjustWindowParamsLw com.wholexale.app.staging, no change cutoutMode: 0
01-13 17:56:52.227 V/WindowManager( 1751): Relayout Window{ce77162 u0 com.wholexale.app.staging/com.wholexale.app.MainActivity}: viewVisibility=0, oldvis=0, req=1080x2400
01-13 17:56:52.317 I/hwcomposer(  847): [HWC] (0)fire a callback of refresh to SF[4]  
01-13 17:56:52.457 D/NoBackGesture( 2247): Start gesture: MotionEvent { action=ACTION_DOWN, actionButton=0, id[0]=0, x[0]=173.0, y[0]=1758.75, toolType[0]=TOOL_TYPE_FINGER, buttonState=0, classification=NONE, metaState=0, flags=0x0, edgeFlags=0x0, pointerCount=1, historySize=0, eventTime=56013409, downTime=56013409, deviceId=4, source=0x1002, displayId=0, eventId=169710706 }
01-13 17:56:52.458 D/NoBackGesture( 2247): Not in side gesture area
01-13 17:56:52.458 D/OGG_Detector( 1751): D:done mCurrStatus: 0
01-13 17:56:52.458 D/PowerManagerService( 1751): userActivityNoUpdateLocked: groupId=0, eventTime=56013409, event=2, flags=0x0, uid=1000
01-13 17:56:52.536 I/libPowerHal(  873): [perfLockRel] hdl:67001, idx:3
01-13 17:56:52.536 I/libPowerHal(  873): [PD] MTKPOWER_HINT_APP_TOUCH update cmd:3408600 param:0
01-13 17:56:52.537 W/TooltipLifecycleManager( 5942): TooltipLifecycleManager.dismissTooltips():153 Tooltip with id SUGGESTION_VIEW_EDU_MINI_DIALOG not found in tooltipManager.
01-13 17:56:52.543 D/CursorFeedback(17914): getExtraCursorWidth
01-13 17:56:52.543 D/CursorFeedback(17914): getExtraLeftOffset
01-13 17:56:52.575 D/OplusFullScreenDisplayManager( 1751): adjustWindowParamsLw com.wholexale.app.staging, no change cutoutMode: 0
01-13 17:56:52.575 V/WindowManager( 1751): Relayout Window{ce77162 u0 com.wholexale.app.staging/com.wholexale.app.MainActivity}: viewVisibility=0, oldvis=0, req=1080x2400
01-13 17:56:52.665 I/hwcomposer(  847): [HWC] (0)fire a callback of refresh to SF[4]  
01-13 17:56:52.771 D/OGG_Detector( 1751): D:done mCurrStatus: 0
01-13 17:56:52.772 D/PowerManagerService( 1751): userActivityNoUpdateLocked: groupId=0, eventTime=56013723, event=2, flags=0x0, uid=1000
01-13 17:56:52.772 D/NoBackGesture( 2247): Start gesture: MotionEvent { action=ACTION_DOWN, actionButton=0, id[0]=0, x[0]=295.75, y[0]=1670.25, toolType[0]=TOOL_TYPE_FINGER, buttonState=0, classification=NONE, metaState=0, flags=0x0, edgeFlags=0x0, pointerCount=1, historySize=0, eventTime=56013723, downTime=56013723, deviceId=4, source=0x1002, displayId=0, eventId=537226731 }
01-13 17:56:52.772 D/NoBackGesture( 2247): Not in side gesture area
01-13 17:56:52.841 I/libPowerHal(  873): [perfLockRel] hdl:67002, idx:3
01-13 17:56:52.841 I/libPowerHal(  873): [PD] MTKPOWER_HINT_APP_TOUCH update cmd:3408600 param:0
01-13 17:56:52.842 W/TooltipLifecycleManager( 5942): TooltipLifecycleManager.dismissTooltips():153 Tooltip with id SUGGESTION_VIEW_EDU_MINI_DIALOG not found in tooltipManager.
01-13 17:56:52.857 D/CursorFeedback(17914): getExtraCursorWidth
01-13 17:56:52.857 D/CursorFeedback(17914): getExtraLeftOffset
01-13 17:56:52.890 D/OplusFullScreenDisplayManager( 1751): adjustWindowParamsLw com.wholexale.app.staging, no change cutoutMode: 0
01-13 17:56:52.890 V/WindowManager( 1751): Relayout Window{ce77162 u0 com.wholexale.app.staging/com.wholexale.app.MainActivity}: viewVisibility=0, oldvis=0, req=1080x2400
01-13 17:56:52.978 I/hwcomposer(  847): [HWC] (0)fire a callback of refresh to SF[4]  
01-13 17:56:53.112 D/AAL     ( 1218): onALIChanged: 57 -> 30
01-13 17:56:53.112 D/AALLightSensor( 1218): Notify lux = 30
01-13 17:56:53.196 W/ContextImpl( 5616): Calling a method in the system process without a qualified user: android.app.ContextImpl.bindService:1982 android.content.ContextWrapper.bindService:863 com.oplus.onetrace.connection.a.c:19 com.oplus.onetrace.connection.b.c:23 y.a.c:7 
01-13 17:56:53.206 W/OplusExSystemServiceHelper(25669): checkOplusExSystemService intent getComponent is null
01-13 17:56:53.207 I/PendingBootExecutor(25669): PendingBootExecutor is initialized.
01-13 17:56:53.207 E/AthenaManager(25669): try 5 times to bind Killer Service is failed
01-13 17:56:53.207 E/AthenaManager(25669): try 5 times to bind Ems Service is failed
01-13 17:56:53.208 D/ProfileLoader(25669): Load profile with prefKey: onetrace_profile_key
01-13 17:56:53.213 W/System.err(25669): java.io.IOException: Permission denied
01-13 17:56:53.213 W/System.err(25669): 	at sun.nio.ch.FileChannelImpl.map0(Native Method)
01-13 17:56:53.213 W/System.err(25669): 	at sun.nio.ch.FileChannelImpl.map(FileChannelImpl.java:994)
01-13 17:56:53.213 W/System.err(25669): 	at r0.b.<init>(MappedByteBufferWriter.java:26)
01-13 17:56:53.213 W/System.err(25669): 	at t0.h.<init>(DebugTool.java:9)
01-13 17:56:53.213 W/System.err(25669): 	at t0.f.c(CoreLog.java:19)
01-13 17:56:53.213 W/System.err(25669): 	at t0.f.i(CoreLog.java:4)
01-13 17:56:53.213 W/System.err(25669): 	at t0.f.a(CoreLog.java:1)
01-13 17:56:53.213 W/System.err(25669): 	at t0.e.run(R8$$SyntheticClass:9)
01-13 17:56:53.213 W/System.err(25669): 	at android.os.Handler.handleCallback(Handler.java:942)
01-13 17:56:53.213 W/System.err(25669): 	at android.os.Handler.dispatchMessage(Handler.java:99)
01-13 17:56:53.213 W/System.err(25669): 	at android.os.Looper.loopOnce(Looper.java:240)
01-13 17:56:53.213 W/System.err(25669): 	at android.os.Looper.loop(Looper.java:351)
01-13 17:56:53.213 W/System.err(25669): 	at android.os.HandlerThread.run(HandlerThread.java:67)
01-13 17:56:53.216 I/StatsManagerService(25669): Set RUS pending update task.
01-13 17:56:53.216 D/BroadcastCompat(25669): 2)Register receiver:s0.j@39d88df
01-13 17:56:53.217 D/ProfileLoaderTask(25669): Start resolve profile: sys_athena_thermal_profile from RUS with type=com.oplus.onetrace.profile.Profile
01-13 17:56:53.218 D/ProfileLoaderTask(25669): Start resolve profile: sys_ostats_top_app_list from RUS with type=com.oplus.onetrace.profile.TopAppProfile
01-13 17:56:53.219 D/CompatibilityChangeReporter( 1751): Compat change id reported: 161145287; UID 1000; state: DISABLED
01-13 17:56:53.224 D/ProfileLoader(25669): Load profile with prefKey: node_prop_config_key
01-13 17:56:53.230 I/MetricStatsManagerCached(25669): Register prop config listener.
01-13 17:56:53.231 D/ProfileLoader(25669): Load profile with prefKey: onetrace_profile_key
01-13 17:56:53.235 W/SchedTaskCollector(25669): Failed to create root dir!
01-13 17:56:53.236 W/ProfileLoaderTask(25669): The content of column:xml is empty!
01-13 17:56:53.236 W/ProfileLoaderTask(25669): The content of column:xml is empty!
01-13 17:56:53.239 D/TerminateObserverManager( 1751): registerTerminateObserver: com.oplus.app.IProcessTerminateObserver$Stub$Proxy@4650282 25669
01-13 17:56:53.239 E/OplusAthenaAm( 1751): onTerminateStateChanged pid: 25669 uid:1000 isRegister:true
01-13 17:56:53.240 I/StatsManagerService(25669): Register terminate observer, result=true
01-13 17:56:53.275 D/ConnectivityService( 1751): requestNetwork for uid/pid:1000/25669 activeRequest: null callbackRequest: 9774 [NetworkRequest [ REQUEST id=9775, [ Capabilities: INTERNET&NOT_RESTRICTED&TRUSTED&NOT_VCN_MANAGED Uid: 1000 RequestorUid: 1000 RequestorPkg: com.oplus.onetrace UnderlyingNetworks: Null] ]] callback flags: 0 order: 2147483647 isUidTracked: false declaredMethods: AVAIL|LOST
01-13 17:56:53.282 D/WifiNetworkFactory( 1751): got request NetworkRequest [ REQUEST id=9775, [ Capabilities: INTERNET&NOT_RESTRICTED&TRUSTED&NOT_VCN_MANAGED Uid: 1000 RequestorUid: 1000 RequestorPkg: com.oplus.onetrace UnderlyingNetworks: Null] ]
01-13 17:56:53.283 D/UntrustedWifiNetworkFactory( 1751): got request NetworkRequest [ REQUEST id=9775, [ Capabilities: INTERNET&NOT_RESTRICTED&TRUSTED&NOT_VCN_MANAGED Uid: 1000 RequestorUid: 1000 RequestorPkg: com.oplus.onetrace UnderlyingNetworks: Null] ]
01-13 17:56:53.284 D/OemPaidWifiNetworkFactory( 1751): got request NetworkRequest [ REQUEST id=9775, [ Capabilities: INTERNET&NOT_RESTRICTED&TRUSTED&NOT_VCN_MANAGED Uid: 1000 RequestorUid: 1000 RequestorPkg: com.oplus.onetrace UnderlyingNetworks: Null] ]
01-13 17:56:53.284 D/MultiInternetWifiNetworkFactory( 1751): got request NetworkRequest [ REQUEST id=9775, [ Capabilities: INTERNET&NOT_RESTRICTED&TRUSTED&NOT_VCN_MANAGED Uid: 1000 RequestorUid: 1000 RequestorPkg: com.oplus.onetrace UnderlyingNetworks: Null] ]
01-13 17:56:53.285 D/BroadcastCompat(25669): 1)Register receiver:com.oplus.dataprovider.server.F$b@574071d
01-13 17:56:53.287 D/ConnectivityService( 1751): NetReassign [9775 : null → 113] [c 1] [a 3] [i 7]
01-13 17:56:53.288 W/FileNodeStatsProvider(25669): Failed to access file node path=/proc/wireless/enable_tx
01-13 17:56:53.289 W/FileNodeStatsProvider(25669): Failed to access file node path=/sys/module/cpufreq_bouncing/parameters/trace
01-13 17:56:53.290 W/FileNodeStatsProvider(25669): Failed to access file node path=/sys/devices/system/cpu/cpufreq/policy7/scaling_max_freq
01-13 17:56:53.290 W/FileNodeStatsProvider(25669): Failed to access file node path=/sys/devices/system/cpu/cpufreq/policy7/scaling_min_freq
01-13 17:56:53.290 W/FileNodeStatsProvider(25669): Failed to access file node path=/sys/devices/system/cpu/cpufreq/policy4/scaling_max_freq
01-13 17:56:53.291 W/FileNodeStatsProvider(25669): Failed to access file node path=/sys/devices/system/cpu/cpufreq/policy4/scaling_min_freq
01-13 17:56:53.294 W/FileNodeStatsProvider(25669): Failed to access file node path=/sys/class/backlight/panel0-backlight/brightness
01-13 17:56:53.294 W/FileNodeStatsProvider(25669): Failed to access file node path=/sys/class/leds/lcd-backlight/brightness
01-13 17:56:53.295 W/FileNodeStatsProvider(25669): Failed to access file node path=/sys/class/leds/fan/speed
01-13 17:56:53.295 W/FileNodeStatsProvider(25669): Failed to access file node path=/sys/class/leds/fan/state
01-13 17:56:53.295 W/FileNodeStatsProvider(25669): Failed to access file node path=/sys/class/leds/fan/rpm
01-13 17:56:53.295 W/FileNodeStatsProvider(25669): Failed to access file node path=/sys/class/leds/fan/level
01-13 17:56:53.304 D/BroadcastCompat(25669): 2)Register receiver:com.oplus.dataprovider.server.A$a@8711989
01-13 17:56:53.307 D/vendor.oplus.hardware.charger@1.0-service(  887): getChargerControl:
01-13 17:56:53.308 D/vendor.oplus.hardware.charger@1.0-service(  887): getChargerControl:
01-13 17:56:53.312 D/BroadcastCompat(25669): 1)Register receiver:com.oplus.dataprovider.server.c2$a@874da8
01-13 17:56:53.319 D/AudioManagerExtImpl(25669): getStreamVolume packageName=com.oplus.onetrace, index=6, streamType=0
01-13 17:56:53.320 D/AudioManagerExtImpl(25669): getStreamVolume packageName=com.oplus.onetrace, index=0, streamType=1
01-13 17:56:53.321 D/AudioManagerExtImpl(25669): getStreamVolume packageName=com.oplus.onetrace, index=0, streamType=2
01-13 17:56:53.321 D/AudioManagerExtImpl(25669): getStreamVolume packageName=com.oplus.onetrace, index=4, streamType=3
01-13 17:56:53.323 D/AudioManagerExtImpl(25669): getStreamVolume packageName=com.oplus.onetrace, index=6, streamType=4
01-13 17:56:53.323 I/input_interaction( 1751): Interaction with: ce77162 com.wholexale.app.staging/com.wholexale.app.MainActivity (server), [Gesture Monitor] swipe-up (server), [Gesture Monitor] edge-swipe (server), [Gesture Monitor] OplusExInputReceiver1 (server), PointerEventDispatcher0 (server), 
01-13 17:56:53.324 D/OGG_Detector( 1751): D:done mCurrStatus: 0
01-13 17:56:53.324 D/PowerManagerService( 1751): userActivityNoUpdateLocked: groupId=0, eventTime=56014276, event=2, flags=0x0, uid=1000
01-13 17:56:53.324 D/NoBackGesture( 2247): Start gesture: MotionEvent { action=ACTION_DOWN, actionButton=0, id[0]=0, x[0]=849.25, y[0]=1332.25, toolType[0]=TOOL_TYPE_FINGER, buttonState=0, classification=NONE, metaState=0, flags=0x0, edgeFlags=0x0, pointerCount=1, historySize=0, eventTime=56014276, downTime=56014276, deviceId=4, source=0x1002, displayId=0, eventId=943040961 }
01-13 17:56:53.324 D/NoBackGesture( 2247): Not in side gesture area
01-13 17:56:53.326 D/AudioManagerExtImpl(25669): getStreamVolume packageName=com.oplus.onetrace, index=0, streamType=5
01-13 17:56:53.328 D/AudioManagerExtImpl(25669): getStreamVolume packageName=com.oplus.onetrace, index=0, streamType=8
01-13 17:56:53.329 D/AudioManagerExtImpl(25669): getStreamVolume packageName=com.oplus.onetrace, index=4, streamType=10
01-13 17:56:53.329 D/BroadcastCompat(25669): 1)Register receiver:com.oplus.dataprovider.server.v$a@ebd6fa7
01-13 17:56:53.351 D/BroadcastCompat(25669): 1)Register receiver:com.oplus.dataprovider.server.h1$a@b475f43
01-13 17:56:53.356 I/CpuTaskStatsManager(25669): set ctp1.0 enable state:true
01-13 17:56:53.364 I/OplusAppSwitchManagerService( 1751): appswitch registerAppSwitchObserver pName = com@@oplus@@onetrace observer = com.oplus.app.IOplusAppSwitchObserver$Stub$Proxy@4f1dcbf config = OplusAppSwitchConfig = {  mConfigs = {} observerFingerPrint = 94583405}
01-13 17:56:53.364 I/OplusAppSwitchStateDispatcher( 1751): registerAppSwitchObserver addDynamicListener OK, info = OplusAppSwitchRuleInfo = {  observer = com.oplus.app.IOplusAppSwitchObserver$Stub$Proxy@4f1dcbf observerFingerPrint = 94583405} rule size =0
01-13 17:56:53.367 D/BroadcastCompat(25669): 2)Register receiver:com.oplus.dataprovider.server.l$a@98d82f0
01-13 17:56:53.370 W/ContextImpl(25669): Calling a method in the system process without a qualified user: android.app.ContextImpl.bindService:1982 android.content.ContextWrapper.bindService:863 com.oplus.dataprovider.producer.AppJankDataMonitor.bindSender:23 com.oplus.dataprovider.producer.AppJankDataMonitor.c:1 com.oplus.dataprovider.producer.f.run:3 
01-13 17:56:53.378 W/SystemPropertyStatsProvider(25669): System property with key=vendor.oplus.media.vpp.osie_sr.on is not found!
01-13 17:56:53.383 W/OplusExSystemServiceHelper( 5616): checkOplusExSystemService intent getComponent is null
01-13 17:56:53.386 W/ContextImpl(25669): Calling a method in the system process without a qualified user: android.app.ContextImpl.bindService:1982 android.content.ContextWrapper.bindService:863 com.oplus.dataprovider.server.ThermalControlStatsProvider.h:37 com.oplus.dataprovider.server.ThermalControlStatsProvider.m:35 com.oplus.dataprovider.app.Z.n:3 
01-13 17:56:53.392 D/BroadcastCompat(25669): 1)Register receiver:com.oplus.dataprovider.server.o1$b@c1fd4b4
01-13 17:56:53.392 W/ActivityManager( 1751): Unable to start service Intent { act=com.oplus.battery.ThermalTraceService pkg=com.oplus.battery } U=0: not found
01-13 17:56:53.393 D/BroadcastCompat(25669): 2)Register receiver:com.oplus.dataprovider.server.ThermalControlStatsProvider$a@39498dd
01-13 17:56:53.395 D/ClientMessengerHelper( 5616): Succeed register client: com.oplus.onetrace
01-13 17:56:53.404 I/libPowerHal(  873): [perfLockRel] hdl:67003, idx:3
01-13 17:56:53.405 I/libPowerHal(  873): [PD] MTKPOWER_HINT_APP_TOUCH update cmd:3408600 param:0
01-13 17:56:53.405 W/HidlServiceHelper(25669): Failed to read task schedule version with kernel returns
01-13 17:56:53.433 I/hwcomposer(  847): [HWC] (0)fire a callback of refresh to SF[4]  
01-13 17:56:53.437 I/GoogleInputMethodService( 5942): GoogleInputMethodService.onFinishInputView():1577 onFinishInputView(false)
01-13 17:56:53.437 I/GlobeKeyExtension( 5942): GlobeKeyExtension.onDeactivate():144 
01-13 17:56:53.438 W/TooltipLifecycleManager( 5942): TooltipLifecycleManager.dismissTooltips():153 Tooltip with id SUGGESTION_VIEW_EDU_MINI_DIALOG not found in tooltipManager.
01-13 17:56:53.438 I/VoiceInputManagerWrapper( 5942): VoiceInputManagerWrapper.shutdown():131 shutdown()
01-13 17:56:53.439 W/TooltipLifecycleManager( 5942): TooltipLifecycleManager.dismissTooltips():153 Tooltip with id spell_check_add_to_dictionary not found in tooltipManager.
01-13 17:56:53.439 I/AndroidIME( 5942): AbstractIme.onDeactivate():213 PasswordIme.onDeactivate()
01-13 17:56:53.440 D/OplusUIFirst_FB( 1751): com.google.android.inputmethod.latin moveToBack 5942
01-13 17:56:53.442 I/PrimesLoggerHolder( 5942): FrameMetricServiceImpl.stopAsFuture():239 Measurement not found: OnConfigurationChanged
01-13 17:56:53.442 W/TooltipLifecycleManager( 5942): TooltipLifecycleManager.dismissTooltips():153 Tooltip with id undo_access_point_promotion_banner not found in tooltipManager.
01-13 17:56:53.443 D/InputMethodManagerService( 1751): onHandleImeWindowVisibleStatus: vis = 0, needsToShowImeSwitcher = false
01-13 17:56:53.447 D/OplusWindowManagerServiceEnhance( 1751): setInsetAnimationTid: pid 17914 tid 31105 enable true
01-13 17:56:53.464 V/WindowStateExtImpl( 1751): notifyWindowStateChange input show
01-13 17:56:53.465 D/OplusFullScreenDisplayManager( 1751): adjustWindowParamsLw com.google.android.inputmethod.latin, no change cutoutMode: 0
01-13 17:56:53.466 V/WindowManager( 1751): Relayout Window{ffa4cc5 u0 InputMethod}: viewVisibility=0, oldvis=0, req=1080x2290
01-13 17:56:53.476 I/KeyboardModeUtils( 5942): KeyboardModeUtils.getKeyboardBottomOffset():435 inch: 0.000000 ydpi: 409.016998 adjustKeyboardBottomByDisplaySize: false currentDensityDpi: 408 defaultDensityDpi: 408 keyboardBottomToScreenPx: 0 keyboardBottomToNavBarPx: -41 navBarHeight: 41
01-13 17:56:53.476 I/BaseKeyboardSizeHelper( 5942): BaseKeyboardSizeHelper.calculateMaxKeyboardBodyHeight():73 leave 273 height for app when ime window height:2249, header height:112 and isFullscreenMode:false, so the max keyboard body height is:1864
