01-13 17:56:57.065 D/BufferPoolAccessor2.0( 1308): bufferpool2 0xb400006fb21e9e28 : 0(0 size) total buffers - 0(0 size) used buffers - 0/0 (recycle/alloc) - 0/0 (fetch/transfer)
01-13 17:56:57.065 D/BufferPoolAccessor2.0( 1308): evictor expired: 1, evicted: 1
01-13 17:56:57.220 W/CrashBox_MaximumCounter( 9341): insert info:dcb057265bbe9e50e1705dbaf8571655--get count is:11
01-13 17:56:57.647 E/Situation(  857): processEvent, handle:26, flush_action:0
01-13 17:56:57.647 E/Situation(  857): orientation state = 4 
01-13 17:56:57.648 V/WindowOrientationListener( 1751): onSensorChanged mDesiredRotation = 4
01-13 17:56:57.678 D/OplusNetKit( 1751): interface name from LP: [ccmni0]
01-13 17:56:57.678 D/OplusNetKit( 1751): interface name from LP: [ccmni1]
01-13 17:56:57.678 D/OplusNetKit( 1751): interface name from LP: [wlan0]
01-13 17:56:57.678 D/OplusNetKit( 1751): in getLpByInterface name from LP: [ccmni0]
01-13 17:56:57.678 D/OplusNetKit( 1751): in getLpByInterface name from LP: [ccmni1]
01-13 17:56:57.678 D/OplusNetKit( 1751): in getLpByInterface name from LP: [wlan0]
01-13 17:56:57.678 D/OplusNetKit( 1751): in getLpByInterface name from LP: [ccmni0]
01-13 17:56:57.678 D/OplusNetKit( 1751): in getLpByInterface name from LP: [ccmni1]
01-13 17:56:57.678 D/OplusNetKit( 1751): in getLpByInterface name from LP: [wlan0]
01-13 17:56:57.678 D/OplusNetKit( 1751): Route is ipv4 on wlan0 found, break
01-13 17:56:57.750 D/OplusAtlasService( 3347): getAttributeByAppName module:oplus-getStreamMaxVolume packageName:com.cricbuzz.android
01-13 17:56:57.753 D/AudioManagerExtImpl(30232): getStreamVolume packageName=com.cricbuzz.android, index=4, streamType=3
01-13 17:56:57.921 D/OplusAppListInterceptManager( 1751): shouldFilterTask
01-13 17:56:57.922 D/OplusAppListInterceptManager( 1751): shouldFilterTask::packageName = com.wholexale.app.staging
01-13 17:56:57.922 D/OplusAppListInterceptManager( 1751): shouldFilterTask
01-13 17:56:57.922 D/OplusAppListInterceptManager( 1751): shouldFilterTask::packageName = com.google.android.youtube
01-13 17:56:57.922 D/OplusAppListInterceptManager( 1751): shouldFilterTask
01-13 17:56:57.922 D/OplusAppListInterceptManager( 1751): shouldFilterTask::packageName = com.android.settings
01-13 17:56:57.922 D/OplusSplitScreenManagerService( 1751): com.android.settings unSupportsSplitScreen by blockList or ForbidActivityList
01-13 17:56:57.922 D/OplusSplitScreenManagerService( 1751): com.android.settings unSupportsSplitScreen by blockList or ForbidActivityList
01-13 17:56:57.922 D/OplusAppListInterceptManager( 1751): shouldFilterTask
01-13 17:56:57.922 D/OplusAppListInterceptManager( 1751): shouldFilterTask::packageName = com.cricbuzz.android
01-13 17:56:57.922 D/OplusAppListInterceptManager( 1751): shouldFilterTask
01-13 17:56:57.922 D/OplusAppListInterceptManager( 1751): shouldFilterTask::packageName = org.telegram.messenger
01-13 17:56:57.923 D/OplusAppListInterceptManager( 1751): shouldFilterTask
01-13 17:56:57.923 D/OplusAppListInterceptManager( 1751): shouldFilterTask::packageName = com.coloros.assistantscreen
01-13 17:56:57.923 D/OplusAthena( 1751): com.facebook.katana in recent lock list
01-13 17:56:57.923 D/OplusAthena( 1751): com.google.android.gm in recent lock list
01-13 17:56:57.926 I/auditd  ( 6532): type=1400 audit(0.0:5792): avc: denied { read } for comm="GuardElfCpu" name="status" dev="proc" ino=17002736 scontext=u:r:system_app:s0 tcontext=u:r:surfaceflinger:s0 tclass=file permissive=0
01-13 17:56:57.926 W/GuardElfCpu( 6532): type=1400 audit(0.0:5792): avc: denied { read } for name="status" dev="proc" ino=17002736 scontext=u:r:system_app:s0 tcontext=u:r:surfaceflinger:s0 tclass=file permissive=0
01-13 17:56:57.930 I/auditd  ( 6532): type=1400 audit(0.0:5793): avc: denied { read } for comm="GuardElfCpu" name="status" dev="proc" ino=16999960 scontext=u:r:system_app:s0 tcontext=u:r:untrusted_app:s0:c125,c256,c512,c768 tclass=file permissive=0
01-13 17:56:57.930 W/GuardElfCpu( 6532): type=1400 audit(0.0:5793): avc: denied { read } for name="status" dev="proc" ino=16999960 scontext=u:r:system_app:s0 tcontext=u:r:untrusted_app:s0:c125,c256,c512,c768 tclass=file permissive=0
01-13 17:56:57.930 I/auditd  ( 6532): type=1400 audit(0.0:5794): avc: denied { search } for comm="GuardElfCpu" name="847" dev="proc" ino=17001629 scontext=u:r:system_app:s0 tcontext=u:r:hal_graphics_composer_default:s0 tclass=dir permissive=0
01-13 17:56:57.930 W/GuardElfCpu( 6532): type=1400 audit(0.0:5794): avc: denied { search } for name="847" dev="proc" ino=17001629 scontext=u:r:system_app:s0 tcontext=u:r:hal_graphics_composer_default:s0 tclass=dir permissive=0
01-13 17:56:57.930 I/auditd  ( 6532): type=1400 audit(0.0:5795): avc: denied { read } for comm="GuardElfCpu" name="status" dev="proc" ino=17002737 scontext=u:r:system_app:s0 tcontext=u:r:logd:s0 tclass=file permissive=0
01-13 17:56:57.930 W/GuardElfCpu( 6532): type=1400 audit(0.0:5795): avc: denied { read } for name="status" dev="proc" ino=17002737 scontext=u:r:system_app:s0 tcontext=u:r:logd:s0 tclass=file permissive=0
01-13 17:56:58.153 D/ScreenStatusProducer( 5616): Current queue status: isIdle = true, isPolling = true
01-13 17:56:58.309 D/vendor.oplus.hardware.charger@1.0-service(  887): getChargerControl:
01-13 17:56:58.323 D/ActivityThread(17914): do gfx trim 40 success
01-13 17:56:58.406 W/HidlServiceHelper(25669): Failed to read virtual TLC buffer usage returns is NULLnull
01-13 17:56:58.496 E/TaskPersister( 1751): File error accessing recents directory (directory doesn't exist?).
01-13 17:56:58.722 E/OplusArpPeer_euclid_psw( 1751): ARP read failure: android.system.ErrnoException: read failed: EAGAIN (Try again)
01-13 17:56:58.723 E/OplusArpPeer_euclid_psw( 1751):  OplusArpPeer close
01-13 17:56:58.745 I/AT      ( 1586): [1] AT< +ECSQ: 20,44,1,1,1,-40,-386,4096,22,40 (RIL_URC2_READER, tid:494205525248)
01-13 17:56:58.747 D/RmcNwHdlr( 1586): [1] requestSignalStrength:sigRegisted[0X20], sigUpdated[0X20]
01-13 17:56:58.747 D/RmcNwHdlr( 1586): [1] handleSignalStrength, gsm_signal_strength: 99, gsm_bit_error_rate: 99, gsm_timing_advance: 2147483647, cdma_dbm: 2147483647, cdma_ecio: 2147483647, evdo_dbm: 2147483647, evdo_ecio: 2147483647, evdo_snr: 2147483647, lte_signal_strength: 99, lte_rsrp: 97, lte_rsrq: 10, lte_rssnr: 55, lte_cqi: 0, lte_timing_advance: 0, tdscdma_signal_strength: 99, tdscdma_bit_error_rate: 99, tdscdma_rscp: 255, wcdma_signal_strength: 99, wcdma_bit_error_rate: 99, wcdma_scdma_rscp: 255, wcdma_ecno: 255, ssRsrp: 2147483647, ssRsrq: 2147483647, ssSinr: 2147483647, csiRsrp: 2147483647, csiRsrq: 2147483647, csiSinr: 2147483647
01-13 17:56:58.747 E/RILC    ( 1586): oemHookRawInd: mtkRadioExService[13]->mRadioIndicationEm == NULL
01-13 17:56:58.752 D/RILJ    ( 2519): Unsol response received; Sending ack to ril.cpp [PHONE1]
01-13 17:56:58.753 V/RILJ    ( 2519): [UNSL]< UNSOL_OEM_HOOK_RAW 2B454353513A2032302C34342C312C312C312C2D34302C2D3338362C343039362C32322C3430 [PHONE1]
01-13 17:56:58.756 D/OplusSST( 2519): oemLevel_0=4,oemLevel_1:0
01-13 17:56:58.757 D/OplusSignalSmooth/1( 2519): onSignalStrengthResultExt,oldSignalStrength:SignalStrength:{mCdma=CellSignalStrengthCdma: cdmaDbm=2147483647 cdmaEcio=2147483647 evdoDbm=2147483647 evdoEcio=2147483647 evdoSnr=2147483647 level=0,mGsm=CellSignalStrengthGsm: rssi=2147483647 ber=2147483647 mTa=2147483647 mLevel=0,mWcdma=CellSignalStrengthWcdma: ss=2147483647 ber=2147483647 rscp=2147483647 ecno=2147483647 level=0,mTdscdma=CellSignalStrengthTdscdma: rssi=2147483647 ber=2147483647 rscp=2147483647 level=0,mLte=CellSignalStrengthLte: rssi=2147483647 rsrp=-101 rsrq=-13 rssnr=3 cqiTableIndex=2147483647 cqi=0 ta=0 level=3 parametersUseForLevel=1,mNr=CellSignalStrengthNr:{ csiRsrp = 2147483647 csiRsrq = 2147483647 csiCqiTableIndex = 2147483647 csiCqiReport = [] ssRsrp = 2147483647 ssRsrq = 2147483647 ssSinr = 2147483647 level = 0 parametersUseForLevel = 1 },primary=CellSignalStrengthLte}, phoneId=1, mMtkLevel=0, mMtkRsrpOnly=false, mMtkLteRsrpThreshold=null, mMtkLteRssnrThreshold=null
01-13 17:56:58.757 D/OplusSignalSmooth/1( 2519): mOrigSignalStrength:SignalStrength:{mCdma=CellSignalStrengthCdma: cdmaDbm=2147483647 cdmaEcio=2147483647 evdoDbm=2147483647 evdoEcio=2147483647 evdoSnr=2147483647 level=0,mGsm=CellSignalStrengthGsm: rssi=2147483647 ber=2147483647 mTa=2147483647 mLevel=0,mWcdma=CellSignalStrengthWcdma: ss=2147483647 ber=2147483647 rscp=2147483647 ecno=2147483647 level=0,mTdscdma=CellSignalStrengthTdscdma: rssi=2147483647 ber=2147483647 rscp=2147483647 level=0,mLte=CellSignalStrengthLte: rssi=2147483647 rsrp=-97 rsrq=-10 rssnr=5 cqiTableIndex=2147483647 cqi=0 ta=0 level=4 parametersUseForLevel=1,mNr=CellSignalStrengthNr:{ csiRsrp = 2147483647 csiRsrq = 2147483647 csiCqiTableIndex = 2147483647 csiCqiReport = [] ssRsrp = 2147483647 ssRsrq = 2147483647 ssSinr = 2147483647 level = 0 parametersUseForLevel = 1 },primary=CellSignalStrengthLte}
01-13 17:56:58.758 D/OplusSignalSmooth/1( 2519): updateOEMSmooth:direct update..
01-13 17:56:58.770 D/OplusUiccManagerImpl( 2519): getCardType by iccid result = 4
01-13 17:56:58.770 D/OplusSignalSmooth/1( 2519): notifySignalStrength, mSignalStrength: SignalStrength:{mCdma=CellSignalStrengthCdma: cdmaDbm=2147483647 cdmaEcio=2147483647 evdoDbm=2147483647 evdoEcio=2147483647 evdoSnr=2147483647 level=0,mGsm=CellSignalStrengthGsm: rssi=2147483647 ber=2147483647 mTa=2147483647 mLevel=0,mWcdma=CellSignalStrengthWcdma: ss=2147483647 ber=2147483647 rscp=2147483647 ecno=2147483647 level=0,mTdscdma=CellSignalStrengthTdscdma: rssi=2147483647 ber=2147483647 rscp=2147483647 level=0,mLte=CellSignalStrengthLte: rssi=2147483647 rsrp=-97 rsrq=-10 rssnr=5 cqiTableIndex=2147483647 cqi=0 ta=0 level=4 parametersUseForLevel=1,mNr=CellSignalStrengthNr:{ csiRsrp = 2147483647 csiRsrq = 2147483647 csiCqiTableIndex = 2147483647 csiCqiReport = [] ssRsrp = 2147483647 ssRsrq = 2147483647 ssSinr = 2147483647 level = 0 parametersUseForLevel = 1 },primary=CellSignalStrengthLte}, phoneId=1, mMtkLevel=0, mMtkRsrpOnly=false, mMtkLteRsrpThreshold=null, mMtkLteRssnrThreshold=null
01-13 17:56:58.937 D/AALLightSensor( 1218): oldLux=30 [SA:35 LA:33] newLux=30 (oriLux: 36)
01-13 17:56:58.938 I/AT      ( 1586): [0] AT< +ECSQ: 40,99,-283,1,1,1,1,2,32767,2 (RIL_URC_READER, tid:494294592768)
01-13 17:56:58.940 D/RmcNwHdlr( 1586): [0] requestSignalStrength:sigRegisted[0X01], sigUpdated[0X01]
01-13 17:56:58.940 D/RmcNwHdlr( 1586): [0] handleSignalStrength, gsm_signal_strength: 21, gsm_bit_error_rate: 99, gsm_timing_advance: 2147483647, cdma_dbm: 2147483647, cdma_ecio: 2147483647, evdo_dbm: 2147483647, evdo_ecio: 2147483647, evdo_snr: 2147483647, lte_signal_strength: 99, lte_rsrp: 106, lte_rsrq: 15, lte_rssnr: -30, lte_cqi: 0, lte_timing_advance: 0, tdscdma_signal_strength: 99, tdscdma_bit_error_rate: 99, tdscdma_rscp: 255, wcdma_signal_strength: 99, wcdma_bit_error_rate: 99, wcdma_scdma_rscp: 255, wcdma_ecno: 255, ssRsrp: 2147483647, ssRsrq: 2147483647, ssSinr: 2147483647, csiRsrp: 2147483647, csiRsrq: 2147483647, csiSinr: 2147483647
01-13 17:56:58.941 E/RILC    ( 1586): oemHookRawInd: mtkRadioExService[12]->mRadioIndicationEm == NULL
01-13 17:56:58.943 D/RILJ    ( 2519): Unsol response received; Sending ack to ril.cpp [PHONE0]
01-13 17:56:58.944 V/RILJ    ( 2519): [UNSL]< UNSOL_OEM_HOOK_RAW 2B454353513A2034302C39392C2D3238332C312C312C312C312C322C33323736372C32 [PHONE0]
01-13 17:56:58.946 D/OplusSST( 2519): oemLevel_0=4,oemLevel_1:0
01-13 17:56:58.946 D/OplusSignalSmooth/0( 2519): onSignalStrengthResultExt,oldSignalStrength:SignalStrength:{mCdma=CellSignalStrengthCdma: cdmaDbm=2147483647 cdmaEcio=2147483647 evdoDbm=2147483647 evdoEcio=2147483647 evdoSnr=2147483647 level=0,mGsm=CellSignalStrengthGsm: rssi=-73 ber=99 mTa=2147483647 mLevel=4,mWcdma=CellSignalStrengthWcdma: ss=2147483647 ber=2147483647 rscp=2147483647 ecno=2147483647 level=0,mTdscdma=CellSignalStrengthTdscdma: rssi=2147483647 ber=2147483647 rscp=2147483647 level=0,mLte=CellSignalStrengthLte: rssi=2147483647 rsrp=2147483647 rsrq=2147483647 rssnr=2147483647 cqiTableIndex=2147483647 cqi=2147483647 ta=2147483647 level=0 parametersUseForLevel=1,mNr=CellSignalStrengthNr:{ csiRsrp = 2147483647 csiRsrq = 2147483647 csiCqiTableIndex = 2147483647 csiCqiReport = [] ssRsrp = 2147483647 ssRsrq = 2147483647 ssSinr = 2147483647 level = 0 parametersUseForLevel = 1 },primary=CellSignalStrengthGsm}, phoneId=0, mMtkLevel=0, mMtkRsrpOnly=false, mMtkLteRsrpThreshold=null, mMtkLteRssnrThreshold=null
01-13 17:56:58.947 D/OplusSignalSmooth/0( 2519): mOrigSignalStrength:SignalStrength:{mCdma=CellSignalStrengthCdma: cdmaDbm=2147483647 cdmaEcio=2147483647 evdoDbm=2147483647 evdoEcio=2147483647 evdoSnr=2147483647 level=0,mGsm=CellSignalStrengthGsm: rssi=-71 ber=99 mTa=2147483647 mLevel=4,mWcdma=CellSignalStrengthWcdma: ss=2147483647 ber=2147483647 rscp=2147483647 ecno=2147483647 level=0,mTdscdma=CellSignalStrengthTdscdma: rssi=2147483647 ber=2147483647 rscp=2147483647 level=0,mLte=CellSignalStrengthLte: rssi=2147483647 rsrp=2147483647 rsrq=2147483647 rssnr=2147483647 cqiTableIndex=2147483647 cqi=2147483647 ta=2147483647 level=0 parametersUseForLevel=1,mNr=CellSignalStrengthNr:{ csiRsrp = 2147483647 csiRsrq = 2147483647 csiCqiTableIndex = 2147483647 csiCqiReport = [] ssRsrp = 2147483647 ssRsrq = 2147483647 ssSinr = 2147483647 level = 0 parametersUseForLevel = 1 },primary=CellSignalStrengthGsm}
01-13 17:56:58.947 D/OplusSignalSmooth/0( 2519): updateOEMSmooth:direct update..
01-13 17:56:58.955 D/OplusUiccManagerImpl( 2519): getCardType by iccid result = 4
01-13 17:56:58.955 D/OplusSignalSmooth/0( 2519): notifySignalStrength, mSignalStrength: SignalStrength:{mCdma=CellSignalStrengthCdma: cdmaDbm=2147483647 cdmaEcio=2147483647 evdoDbm=2147483647 evdoEcio=2147483647 evdoSnr=2147483647 level=0,mGsm=CellSignalStrengthGsm: rssi=-71 ber=99 mTa=2147483647 mLevel=4,mWcdma=CellSignalStrengthWcdma: ss=2147483647 ber=2147483647 rscp=2147483647 ecno=2147483647 level=0,mTdscdma=CellSignalStrengthTdscdma: rssi=2147483647 ber=2147483647 rscp=2147483647 level=0,mLte=CellSignalStrengthLte: rssi=2147483647 rsrp=2147483647 rsrq=2147483647 rssnr=2147483647 cqiTableIndex=2147483647 cqi=2147483647 ta=2147483647 level=0 parametersUseForLevel=1,mNr=CellSignalStrengthNr:{ csiRsrp = 2147483647 csiRsrq = 2147483647 csiCqiTableIndex = 2147483647 csiCqiReport = [] ssRsrp = 2147483647 ssRsrq = 2147483647 ssSinr = 2147483647 level = 0 parametersUseForLevel = 1 },primary=CellSignalStrengthGsm}, phoneId=0, mMtkLevel=0, mMtkRsrpOnly=false, mMtkLteRsrpThreshold=null, mMtkLteRssnrThreshold=null
01-13 17:56:58.957 D/OplusTelephonyController( 2519): onSignalStrengthChanged: SignalStrength=SignalStrength:{mCdma=CellSignalStrengthCdma: cdmaDbm=2147483647 cdmaEcio=2147483647 evdoDbm=2147483647 evdoEcio=2147483647 evdoSnr=2147483647 level=0,mGsm=CellSignalStrengthGsm: rssi=-71 ber=99 mTa=2147483647 mLevel=4,mWcdma=CellSignalStrengthWcdma: ss=2147483647 ber=2147483647 rscp=2147483647 ecno=2147483647 level=0,mTdscdma=CellSignalStrengthTdscdma: rssi=2147483647 ber=2147483647 rscp=2147483647 level=0,mLte=CellSignalStrengthLte: rssi=2147483647 rsrp=2147483647 rsrq=2147483647 rssnr=2147483647 cqiTableIndex=2147483647 cqi=2147483647 ta=2147483647 level=0 parametersUseForLevel=0,mNr=CellSignalStrengthNr:{ csiRsrp = 2147483647 csiRsrq = 2147483647 csiCqiTableIndex = 2147483647 csiCqiReport = [] ssRsrp = 2147483647 ssRsrq = 2147483647 ssSinr = 2147483647 level = 0 parametersUseForLevel = 0 },primary=CellSignalStrengthGsm}, phoneId=0, mMtkLevel=0, mMtkRsrpOnly=false, mMtkLteRsrpThreshold=null, mMtkLteRssnrThreshold=null
01-13 17:56:59.092 D/VRR [OTI](  972): handleIdle from 0 to 1
01-13 17:56:59.092 D/VRR [OTI-HW](  972): isStateReady 0
01-13 17:56:59.092 D/VRR [OTI-HW](  972): rate range: min {id=0, hwcId=0, resolution=1080x2400, refreshRate=60.00 Hz, dpi=409.02x409.02, group=0} cur {id=0, hwcId=0, resolution=1080x2400, refreshRate=60.00 Hz, dpi=409.02x409.02, group=0} max {id=0, hwcId=0, resolution=1080x2400, refreshRate=60.00 Hz, dpi=409.02x409.02, group=0}
01-13 17:56:59.092 D/VRR [OTI-HW](  972): keep rate.
01-13 17:56:59.523 I/OplusHansManager ( 1751): uid=10744, pkg=com.cricbuzz.android can transition from M to F
01-13 17:56:59.524 I/OplusHansManager ( 1751): uid=10744, pkg=com.cricbuzz.android F enter(), M stay=10
01-13 17:56:59.536 I/OplusHansManager ( 1751): freeze uid: 10744 com.cricbuzz.android pids: [30232, 26782] IsolatedUid: [99197] scene: LcdOn
01-13 17:56:59.538 D/IHansComunication( 4624): HansComunication::addUid-- 10744, persistent--0
01-13 17:56:59.538 D/IHansComunication( 4624): HANS sendMessageToKernel: threadId = 500839726256, netLinkSetup = 1, type = PKG, targetUid = 10744, pkgCmd = ADD_ONE_UID
01-13 17:56:59.543 I/OplusHansManager ( 1751): uid=10844, pkg=com.yourcompany.printerapp can transition from M to F
01-13 17:56:59.544 I/OplusHansManager ( 1751): uid=10844, pkg=com.yourcompany.printerapp F enter(), M stay=10
01-13 17:56:59.547 I/OplusHansManager ( 1751): freeze uid: 10844 com.yourcompany.printerapp pids: [4133] scene: LcdOn
01-13 17:56:59.549 D/IHansComunication( 4624): HansComunication::addUid-- 10844, persistent--0
01-13 17:56:59.549 D/IHansComunication( 4624): HANS sendMessageToKernel: threadId = 500839726256, netLinkSetup = 1, type = PKG, targetUid = 10844, pkgCmd = ADD_ONE_UID
01-13 17:56:59.555 I/OplusHansManager ( 1751): uid=10186, pkg=in.cricketexchange.app.cricketexchange can transition from M to F
01-13 17:56:59.555 I/OplusHansManager ( 1751): uid=10186, pkg=in.cricketexchange.app.cricketexchange F enter(), M stay=10
01-13 17:56:59.567 I/OplusHansManager ( 1751): freeze uid: 10186 in.cricketexchange.app.cricketexchange pids: [27013, 27753] IsolatedUid: [99177] scene: LcdOn
01-13 17:56:59.568 D/IHansComunication( 4624): HansComunication::addUid-- 10186, persistent--0
01-13 17:56:59.568 D/IHansComunication( 4624): HANS sendMessageToKernel: threadId = 500839726256, netLinkSetup = 1, type = PKG, targetUid = 10186, pkgCmd = ADD_ONE_UID
01-13 17:57:00.004 D/PhoneScreenOnTime( 6532): affairType:231
01-13 17:57:00.006 D/Utils   ( 6532): getLastScrChangeTime: 1768307160010
01-13 17:57:00.006 D/Utils   ( 6532): getScrOnSeconds: 7002491
01-13 17:57:00.006 D/Utils   ( 6532): setLastScrChangeTime: 1768307220004
01-13 17:57:00.007 D/Utils   ( 6532): setScrOnSeconds: 7062485
01-13 17:57:00.007 D/PhoneUsageTime( 6532): affairType:231
01-13 17:57:00.008 D/Utils   ( 6532): getLastChargeTime: 1768307160018
01-13 17:57:00.008 D/Utils   ( 6532): getLastChargeDurationTime: 10923040
01-13 17:57:00.009 D/PackageManager( 1751): multi app -> resolveContentProvider change name=settings to user 0 providerInfo=ContentProviderInfo{name=settings className=com.android.providers.settings.SettingsProvider}
01-13 17:57:00.009 D/PackageManager( 1751): multi app -> resolveContentProvider change name=settings to user 0 providerInfo=ContentProviderInfo{name=settings className=com.android.providers.settings.SettingsProvider}
01-13 17:57:00.011 D/PackageManager( 1751): multi app -> resolveContentProvider change name=settings to user 0 providerInfo=ContentProviderInfo{name=settings className=com.android.providers.settings.SettingsProvider}
01-13 17:57:00.011 D/SingleClockView( 2247): updateTime,  24hfmt=false, h=5, m=57
01-13 17:57:00.011 D/PackageManager( 1751): multi app -> resolveContentProvider change name=settings to user 0 providerInfo=ContentProviderInfo{name=settings className=com.android.providers.settings.SettingsProvider}
01-13 17:57:00.014 D/PackageManager( 1751): multi app -> resolveContentProvider change name=settings to user 0 providerInfo=ContentProviderInfo{name=settings className=com.android.providers.settings.SettingsProvider}
01-13 17:57:00.015 D/PackageManager( 1751): multi app -> resolveContentProvider change name=settings to user 0 providerInfo=ContentProviderInfo{name=settings className=com.android.providers.settings.SettingsProvider}
01-13 17:57:00.015 E/OplusCustomizeRestrictionManagerService( 1751): isBiometricDisabled start
01-13 17:57:00.015 E/OplusCustomizeRestrictionManagerService( 1751): isBiometricDisabled start
01-13 17:57:00.016 D/PackageManager( 1751): multi app -> resolveContentProvider change name=settings to user 0 providerInfo=ContentProviderInfo{name=settings className=com.android.providers.settings.SettingsProvider}
01-13 17:57:00.016 D/PackageManager( 1751): multi app -> resolveContentProvider change name=settings to user 0 providerInfo=ContentProviderInfo{name=settings className=com.android.providers.settings.SettingsProvider}
01-13 17:57:00.080 D/OemProximitySensor( 2519): Enter onReceive action:android.intent.action.BATTERY_CHANGED
01-13 17:57:00.083 E/Battery ( 6532): ChargeProtectionUtils: First Alarm is Tue Jan 13 11:30:00 GMT+05:30 2026, nowRtc  = Tue Jan 13 17:57:00 GMT+05:30 2026, too close , ignore it.
01-13 17:57:00.095 I/OplusHansManager ( 1751): unfreeze uid: 10186 in.cricketexchange.app.cricketexchange pids: [27013, 27753] reason: Broadcast scene: LcdOn
01-13 17:57:00.096 I/OplusHansManager ( 1751): uid=10186, pkg=in.cricketexchange.app.cricketexchange, transition from Frozen to Middle, reason=Broadcast
01-13 17:57:00.096 I/OplusHansManager ( 1751): uid=10186, pkg=in.cricketexchange.app.cricketexchange F exit(), F stay=0, reason=Broadcast
01-13 17:57:00.099 I/OplusHansManager ( 1751): unfreeze uid: 10349 com.jio.myjio pids: [16508] reason: Broadcast scene: LcdOn
01-13 17:57:00.100 I/OplusHansManager ( 1751): uid=10349, pkg=com.jio.myjio, transition from Frozen to Middle, reason=Broadcast
01-13 17:57:00.100 I/OplusHansManager ( 1751): uid=10349, pkg=com.jio.myjio F exit(), F stay=5, reason=Broadcast
01-13 17:57:00.103 D/vendor.oplus.hardware.charger@1.0-service(  887): getChargerControl:
01-13 17:57:00.218 I/commit_sys_config_file( 1751): [settings-0-0,11]
01-13 17:57:00.252 D/AppSwitchObserverHelper( 6532): packageName: com.android.launcher,com.wholexale.app.staging
01-13 17:57:00.293 E/system_server( 1751): updateValue is called with a value 53377, which is lower than the previous value 53386
01-13 17:57:00.294 E/system_server( 1751): updateValue is called with a value 576446, which is lower than the previous value 576485
01-13 17:57:00.310 E/Battery ( 6532): AppStats: Uid = 10125; pkgName = com.wholexale.app.staging; CpuFgTime = 71132 ms; CpuBgTime = 187365 ms.
01-13 17:57:00.310 E/Battery ( 6532): AppStats: Uid = 10125; pkgName = com.wholexale.app.staging; CpuKernelFgTime = 16897 ms; CpuKernelBgTime = 24097 ms.
01-13 17:57:00.310 E/Battery ( 6532): AppStats: Uid = 10125; pkgName = com.wholexale.app.staging; CpuUserFgTime = 54235 ms ; CpuUserBgTime = 163268 ms.
01-13 17:57:00.310 E/Battery ( 6532): AppStats: Uid = 10125; pkgName = com.wholexale.app.staging; CpuFgPower = 0.01670108333333335 mAh.; CpuBgPower = 0.04629454166666664 mAh.
01-13 17:57:00.310 E/Battery ( 6532): AppStats: Uid = 10125; pkgName = com.wholexale.app.staging; AlarmFgWakeupCount = 0; AlarmBgWakeupCount = 0
01-13 17:57:00.310 E/Battery ( 6532): AppStats: Uid = 10125; pkgName = com.wholexale.app.staging; JobFgCount = 0; JobBgCount = 0; JobFgTime = 0; JobBgTime = 0
01-13 17:57:00.310 E/Battery ( 6532): AppStats: Uid = 10125; pkgName = com.wholexale.app.staging; SyncFgCount = 0; SyncBgCount = 0; SyncFgTime = 0; SyncBgTime = 0
01-13 17:57:00.310 E/Battery ( 6532): AppStats: Uid = 10125; pkgName = com.wholexale.app.staging; WakeLockFgTime = 0 ms; WakeLockFgPower = 0.0 mAh.; WakeLockBgTime = 134 ms; WakeLockBgPower = 1.675E-4 mAh.
01-13 17:57:00.310 E/Battery ( 6532): AppStats: Uid = 10125; pkgName = com.wholexale.app.staging; ScreenFgTime = 691974 ms; ScreenFgPower = 11.5329 mAh.
01-13 17:57:00.310 E/Battery ( 6532): AppStats: Uid = 10125; pkgName = com.wholexale.app.staging; FgWifiRxBytes = 0 Bytes; BgWifiRxBytes = 0 Bytes; FgWifiTxBytes = 0 Bytes; BgWifiTxBytes = 0 Bytes; FgWifiRxPackets = 0 ; BgWifiRxPackets = 0 ; FgWifiTxPackets = 0 ; BgWifiTxPackets = 0 ; FgWiFiScanTimeMs = 0 ; BgWiFiScanTimeMs = 0 ; FgWiFiBatchScanTimeMs = 0 ; BgWiFiBatchScanTimeMs = 0 
01-13 17:57:00.310 E/Battery ( 6532): AppStats: Uid = 10125; pkgName = com.wholexale.app.staging; FgWifiRxPacketsPower = 0.0 mAh; BgWifiRxPacketsPower = 0.0 mAh; FgWifiTxPacketsPower = 0.0 mAh; BgWifiTxPacketsPower = 0.0 mAh; FgWifiScanPower = 0.0 mAh; BgWifiScanPower = 0.0 mAh; FgWifiBatchScanPower = 0.0 mAh; BgWifiBatchScanPower = 0.0 mAh; FgWiFiTotalPower = 0.0 mAh; BgWiFiTotalPower = 0.0 mAh.
01-13 17:57:00.310 E/Battery ( 6532): AppStats: Uid = 10125; pkgName = com.wholexale.app.staging; FgMobileRxBytes = 0 Bytes; BgMobileRxBytes = 0 Bytes; FgMobileTxBytes = 0 Bytes; BgMobileTxBytes = 0 Bytes; FgMobileRxPackets = 0 ; BgMobileRxPackets = 0 ; FgMobileTxPackets = 0 ; BgMobileTxPackets = 0 ; FgMobileActiveCount = 0 ; BgMobileActiveCount = 0 ; FgMobileActiveTime = 0 ; BgMobileActiveTime = 0 
01-13 17:57:00.310 E/Battery ( 6532): AppStats: Uid = 10125; pkgName = com.wholexale.app.staging; FgMobileRxPacketsPower = 0.0 mAh; BgMobileRxPacketsPower = 0.0 mAh; FgMobileTxPacketsPower = 0.0 mAh; BgMobileTxPacketsPower = 0.0 mAh; FgMobileTotalPower = 0.0 mAh; BgMobileTotalPower = 0.0 mAh.
01-13 17:57:00.310 E/Battery ( 6532): AppStats: Uid = 10125; pkgName = com.wholexale.app.staging; FgGpsTime = 0 ms; BgGpsTime = 0 ms.
01-13 17:57:00.310 E/Battery ( 6532): AppStats: Uid = 10125; pkgName = com.wholexale.app.staging; FgGpsPower = 0.0 mAh; BgGpsPower = 0.0 mAh.
01-13 17:57:00.310 E/Battery ( 6532): AppStats: Uid = 10125; pkgName = com.wholexale.app.staging; FgSensorTime = 0 ms; BgSensorTime = 0 ms.
01-13 17:57:00.310 E/Battery ( 6532): AppStats: Uid = 10125; pkgName = com.wholexale.app.staging; FgSensorPower = 0.0 mAh; BgSensorPower = 0.0 mAh.
01-13 17:57:00.310 E/Battery ( 6532): AppStats: Uid = 10125; pkgName = com.wholexale.app.staging; FgCameraTime = 0 ms; BgCameraTime = 0 ms
01-13 17:57:00.310 E/Battery ( 6532): AppStats: Uid = 10125; pkgName = com.wholexale.app.staging; FgCameraPower = 0.0 mAh; BgCameraPower = 0.0 mAh
01-13 17:57:00.310 E/Battery ( 6532): AppStats: Uid = 10125; pkgName = com.wholexale.app.staging; FgFlashLightTime = 0 ms; BgFlashLightTime = 0 ms
01-13 17:57:00.310 E/Battery ( 6532): AppStats: Uid = 10125; pkgName = com.wholexale.app.staging; FgFlashLightPower = 0.0 mAh; BgFlashLightPower = 0.0 mAh
01-13 17:57:00.539 D/IHansComunication( 4624): HANS sendMessageToKernel: threadId = 500839726256, netLinkSetup = 1, type = FROZEN_TRANS, targetUid = 10744, pkgCmd = PKG_CMD_MAX
01-13 17:57:00.550 D/IHansComunication( 4624): HANS sendMessageToKernel: threadId = 500839726256, netLinkSetup = 1, type = FROZEN_TRANS, targetUid = 10844, pkgCmd = PKG_CMD_MAX
01-13 17:57:00.568 D/IHansComunication( 4624): HANS sendMessageToKernel: threadId = 500839726256, netLinkSetup = 1, type = FROZEN_TRANS, targetUid = 10186, pkgCmd = PKG_CMD_MAX
01-13 17:57:00.956 D/SubscriptionController( 2519): [getActiveSubscriptionInfoForSimSlotIndex]+ slotIndex=0 subId={id=7 iccId=899100092[****] simSlotIndex=0 carrierId=1961 displayName=SIM1 carrierName=airtel nameSource=0 iconTint=-13408298 number=[****] dataRoaming=0 iconBitmap=null mcc=404 mnc=49 countryIso=in isEmbedded=false nativeAccessRules=null cardString=899100092[****] cardId=6 portIndex=0 isOpportunistic=false groupUUID=null isGroupDisabled=false profileClass=-1 ehplmns=[] hplmns=[40449] subscriptionType=0 groupOwner=null carrierConfigAccessRules=[cert: 7170F9C35AC5966C1687372089AF55713DACC17635BAD248370DA67DDF8472B6 pkg: null access: 0, cert: FB9FD5425AB63FA933CF8125B2F3EFC0DF11F0DE0C9C01EF2F2B71A3EBD135A3 pkg: null access: 0] areUiccApplicationsEnabled=true usageSetting=0}
01-13 17:57:00.961 D/SubscriptionController( 2519): [getActiveSubscriptionInfoForSimSlotIndex]+ slotIndex=1 subId={id=6 iccId=899185604[****] simSlotIndex=1 carrierId=2018 displayName=SIM2 carrierName=Jio nameSource=0 iconTint=-16746133 number=[****] dataRoaming=0 iconBitmap=null mcc=405 mnc=854 countryIso=in isEmbedded=false nativeAccessRules=null cardString=899185604[****] cardId=5 portIndex=0 isOpportunistic=false groupUUID=null isGroupDisabled=false profileClass=-1 ehplmns=[405854, 405861, 405869, 405866, 405864, 405863, 405862, 405840, 405855, 405856, 405872, 405857, 405858, 405859, 405860, 405873, 405874, 405865, 405867, 405868, 405871, 405870] hplmns=[405854] subscriptionType=0 groupOwner=null carrierConfigAccessRules=null areUiccApplicationsEnabled=true usageSetting=0}
01-13 17:57:01.394 E/IHansComunication( 4624): HANS printMessageBody: RCV message: type = 0,port = 86870,caller_pid = 1094,caller_uid = 1047,target_pid = 30232,target_uid = 10744,pkg_cmd = -1,rpc = android.hardware.ICameraServiceListener/5
01-13 17:57:01.394 E/IHansComunication( 4624): HANS printMessageBody: RCV message: type = 0,port = 86870,caller_pid = 1094,caller_uid = 1047,target_pid = 4133,target_uid = 10844,pkg_cmd = -1,rpc = android.hardware.ICameraServiceListener/5
01-13 17:57:01.404 I/OplusHansManager ( 1751): unfreeze uid: 10744 com.cricbuzz.android pids: [30232, 26782] reason: AsyncBinder scene: LcdOn
01-13 17:57:01.406 I/OplusHansManager ( 1751): uid=10744, pkg=com.cricbuzz.android, transition from Frozen to Middle, reason=AsyncBinder
01-13 17:57:01.406 I/OplusHansManager ( 1751): uid=10744, pkg=com.cricbuzz.android F exit(), F stay=1, reason=AsyncBinder
01-13 17:57:01.407 D/OplusAtlasService( 3347): getAttributeByAppName module:oplus-getStreamMaxVolume packageName:com.cricbuzz.android
01-13 17:57:01.410 I/OplusHansManager ( 1751): unfreeze uid: 10844 com.yourcompany.printerapp pids: [4133] reason: AsyncBinder scene: LcdOn
01-13 17:57:01.411 D/AudioManagerExtImpl(30232): getStreamVolume packageName=com.cricbuzz.android, index=4, streamType=3
01-13 17:57:01.412 I/OplusHansManager ( 1751): uid=10844, pkg=com.yourcompany.printerapp, transition from Frozen to Middle, reason=AsyncBinder
01-13 17:57:01.412 I/OplusHansManager ( 1751): uid=10844, pkg=com.yourcompany.printerapp F exit(), F stay=1, reason=AsyncBinder
01-13 17:57:01.889 D/power@timer(  873): [mtkPowerTimer] visRead:0
01-13 17:57:02.126 D/AAL     ( 1218): onALIChanged: 30 -> 71
01-13 17:57:02.126 D/AALLightSensor( 1218): Notify lux = 71
01-13 17:57:02.292 I/keystore2(  628): keystore2::watchdog: Watchdog thread idle -> terminating. Have a great day.
01-13 17:57:02.777 D/OplusHecate(  972): pixels[1077,117]=0xff070651
01-13 17:57:03.136 D/AALLightSensor( 1218): oldLux=71 [SA:71 LA:69] newLux=71 (oriLux: 72)
01-13 17:57:03.253 D/PhoneInterfaceManager( 2519): [PhoneIntfMgr] QueryTelephonyChecker-getDataNetworkTypeForSubscriber: packageName = com.android.phone, isGrant = true
01-13 17:57:03.254 D/PhoneInterfaceManager( 2519): [PhoneIntfMgr] QueryTelephonyChecker-getDataNetworkTypeForSubscriber: packageName = com.android.phone, isGrant = true
01-13 17:57:03.314 D/vendor.oplus.hardware.charger@1.0-service(  887): getChargerControl:
01-13 17:57:03.407 W/HidlServiceHelper(25669): Failed to read virtual TLC buffer usage returns is NULLnull
01-13 17:57:03.465 I/ProtoXDBBufferWrapper( 5942): ProtoXDBBufferWrapper.flushToStorage():158 Flushed 6 data item(s) to storage.
01-13 17:57:03.469 D/OplusAtlasService( 3347): getAttributeByAppName module:oplus-getStreamMaxVolume packageName:com.cricbuzz.android
01-13 17:57:03.472 D/AudioManagerExtImpl(30232): getStreamVolume packageName=com.cricbuzz.android, index=4, streamType=3
01-13 17:57:03.630 E/IHansComunication( 4624): HANS printMessageBody: RCV message: type = 4,port = 86870,caller_pid = -1,caller_uid = -1,target_pid = -1,target_uid = 10844,pkg_cmd = -1,rpc = PKG/-1
