01-23 11:49:23.460 D/CompatibilityChangeReporter( 1748): Compat change id reported: 168419799; UID 10012; state: DISABLED
01-23 11:49:23.519 D/OplusActivityManagerServiceEnhance( 1748): setGlThreads detect 5460 6587
01-23 11:49:23.586 D/PowerManagerService( 1748): userActivityNoUpdateLocked: groupId=0, eventTime=120804658, event=2, flags=0x0, uid=1000
01-23 11:49:23.676 D/CompatibilityChangeReporter( 1748): Compat change id reported: 161145287; UID 10012; state: DISABLED
01-23 11:49:23.677 I/Quality ( 2623): Skipped: false 2 cost 33.289185 refreshRate 16539291 bit true processName com.android.launcher
01-23 11:49:23.814 E/AppOps  ( 1748): Bad call made by uid 10012. Package "com.nearme.instant.platform" does not belong to uid 10201.
01-23 11:49:24.300 I/keystore2(  628): keystore2::watchdog: Watchdog thread idle -> terminating. Have a great day.
01-23 11:49:24.312 D/PowerManagerService( 1748): userActivityNoUpdateLocked: groupId=0, eventTime=120805384, event=2, flags=0x0, uid=1000
01-23 11:49:24.378 D/InputMethodManagerService( 1748): isSecurity: attribute.packageName=com.android.launcher mCurMethodId=com.google.android.inputmethod.latin/com.android.inputmethod.latin.LatinIME
01-23 11:49:24.378 D/InputMethodManagerService( 1748): isSecurity= false (  enable=false needShow=false inBlackList=false isExist=true )
01-23 11:49:24.413 D/PowerManagerService( 1748): userActivityNoUpdateLocked: groupId=0, eventTime=120805487, event=2, flags=0x0, uid=1000
01-23 11:49:24.516 D/PowerManagerService( 1748): userActivityNoUpdateLocked: groupId=0, eventTime=120805589, event=2, flags=0x0, uid=1000
01-23 11:49:24.597 E/TaskPersister( 1748): File error accessing recents directory (directory doesn't exist?).
01-23 11:49:25.153 D/PowerManagerService( 1748): userActivityNoUpdateLocked: groupId=0, eventTime=120806225, event=2, flags=0x0, uid=1000
01-23 11:49:25.255 D/PowerManagerService( 1748): userActivityNoUpdateLocked: groupId=0, eventTime=120806328, event=2, flags=0x0, uid=1000
01-23 11:49:25.364 D/PowerManagerService( 1748): userActivityNoUpdateLocked: groupId=0, eventTime=120806438, event=2, flags=0x0, uid=1000
01-23 11:49:25.469 D/PowerManagerService( 1748): userActivityNoUpdateLocked: groupId=0, eventTime=120806541, event=2, flags=0x0, uid=1000
01-23 11:49:25.569 D/PowerManagerService( 1748): userActivityNoUpdateLocked: groupId=0, eventTime=120806643, event=2, flags=0x0, uid=1000
01-23 11:49:25.672 D/PowerManagerService( 1748): userActivityNoUpdateLocked: groupId=0, eventTime=120806745, event=2, flags=0x0, uid=1000
01-23 11:49:25.837 D/ActivityThread( 5460): do gfx trim 40 success
01-23 11:49:25.958 D/UsageStatsService( 1748): User[0] type=0 b=1769147365956 e=1769149165956 cb=1769064906582 ce=1769149165924 disk=0 all=100
01-23 11:49:25.974 D/UsageStatsService( 1748): User[0] type=0 b=1769147365973 e=1769149165973 cb=1769064906582 ce=1769149165924 disk=0 all=100
01-23 11:49:26.069 D/PowerManagerService( 1748): userActivityNoUpdateLocked: groupId=0, eventTime=120807140, event=2, flags=0x0, uid=1000
01-23 11:49:26.166 D/CompatibilityChangeReporter( 1748): Compat change id reported: 161252188; UID 10144; state: DISABLED
01-23 11:49:26.167 I/ActivityTaskManager( 1748): START u0 {act=android.intent.action.MAIN cat=[android.intent.category.LAUNCHER] flg=0x10200000 cmp=com.google.android.gm/.ConversationListActivityGmail bnds=[36,1102][288,1393] mCallingUid=10106} from uid 10106
01-23 11:49:26.167 D/MultiApp.CMAService( 1748): changeIntentIfNeed --- from launcher
01-23 11:49:26.192 D/CompatibilityChangeReporter( 1748): Compat change id reported: 194480991; UID 10144; state: ENABLED
01-23 11:49:26.194 D/OplusZoomWindowManagerService( 1748): onConfigurationChanged rotation not changed - prevRotation: 0
01-23 11:49:26.196 I/OplusScreenSecurityMask( 1748): onStackAdded task = Task{21b39ad #11688 type=standard ?? U=0 visible=false visibleRequested=false mode=fullscreen translucent=true sz=0} record = null displayId = 0
01-23 11:49:26.196 I/OplusScreenSecurityMask( 1748): onStackAdded task = Task{21b39ad #11688 type=standard A=10144:com.google.android.gm U=0 visible=false visibleRequested=false mode=fullscreen translucent=true sz=0} record = null displayId = 0
01-23 11:49:26.197 D/CompatibilityChangeReporter( 1748): Compat change id reported: 174042980; UID 10144; state: DISABLED
01-23 11:49:26.198 D/CompatibilityChangeReporter( 1748): Compat change id reported: 184838306; UID 10144; state: DISABLED
01-23 11:49:26.198 D/CompatibilityChangeReporter( 1748): Compat change id reported: 185004937; UID 10144; state: DISABLED
01-23 11:49:26.198 D/CompatibilityChangeReporter( 1748): Compat change id reported: 181136395; UID 10144; state: DISABLED
01-23 11:49:26.198 D/CompatibilityChangeReporter( 1748): Compat change id reported: 174042936; UID 10144; state: DISABLED
01-23 11:49:26.200 D/TaskFragmentExtImpl( 1748): add ActivityRecord{ed32dd7 u0 com.google.android.gm/.ConversationListActivityGmail} t11688} to mActivityRecordSum = Counter{ com.google.android.gm/.ConversationListActivityGmail(1) }
01-23 11:49:26.200 D/CompatibilityChangeReporter( 1748): Compat change id reported: 197654537; UID 10144; state: ENABLED
01-23 11:49:26.202 D/ActivityTaskManager( 1748): getStartingWindowType: newTask=true, taskSwitch=true, processRunning=false, allowTaskSnapshot=true, activityCreated=false, snapshot=null, record:ActivityRecord{ed32dd7 u0 com.google.android.gm/.ConversationListActivityGmail} t11688}
01-23 11:49:26.203 D/CompatibilityChangeReporter( 1748): Compat change id reported: 205907456; UID 10144; state: ENABLED
01-23 11:49:26.203 V/OplusZoomWindowManagerService( 1748): windowMode: 0 ,stack: Task{21b39ad #11688 type=standard A=10144:com.google.android.gm U=0 visible=true visibleRequested=false mode=fullscreen translucent=true sz=1}
01-23 11:49:26.204 D/PhoneStartingWindowTypeAlgorithm( 2225): preferredStartingWindowType newTask=true, taskSwitch=true, processRunning=false, allowTaskSnapshot=true, activityCreated=false, isSolidColorSplashScreen=false, legacySplashScreen=false, activityDrawn=false, topIsHome=false
01-23 11:49:26.208 D/OplusShellStartingWindowManager( 2225): adjustSuggestedWindowType: skip no-system app and no-exception list app
01-23 11:49:26.209 D/CompatibilityChangeReporter( 1748): Compat change id reported: 194833441; UID 10144; state: ENABLED
01-23 11:49:26.211 I/Quality ( 2623): Skipped: true 2 cost 36.66929 refreshRate 16539157 bit true processName com.android.launcher
01-23 11:49:26.216 E/WindowManager( 1748): create RemoteAnimationController com.android.server.wm.RemoteAnimationController@6e000cf
01-23 11:49:26.216 D/OplusSecurePayManager( 1748): resume secure pay app : com.google.android.gm
01-23 11:49:26.218 D/OplusSecurePayManager( 1748): startSecurePayIntent,pkgName:com.google.android.gm UserHandle.CURRENT=UserHandle{-2}, mCurrentUserId=0
01-23 11:49:26.222 D/CompatibilityChangeReporter( 1748): Compat change id reported: 177438394; UID 10144; state: DISABLED
01-23 11:49:26.222 D/CompatibilityChangeReporter( 1748): Compat change id reported: 135772972; UID 10144; state: DISABLED
01-23 11:49:26.222 D/CompatibilityChangeReporter( 1748): Compat change id reported: 135754954; UID 10144; state: ENABLED
01-23 11:49:26.222 D/CompatibilityChangeReporter( 1748): Compat change id reported: 143937733; UID 10144; state: ENABLED
01-23 11:49:26.223 D/CompatibilityChangeReporter( 1748): Compat change id reported: 168419799; UID 10144; state: DISABLED
01-23 11:49:26.224 D/OplusFullScreenDisplayManager( 1748): adjustWindowParamsLw: com.google.android.gm, change system app cutoutMode: oplus always
01-23 11:49:26.226 I/WindowManager( 1748): addWindow: New client android.os.BinderProxy@736f165 : window=Window{90fbe3a u0 Splash Screen com.google.android.gm}
01-23 11:49:26.237 D/CompatibilityChangeReporter( 1748): Compat change id reported: 135634846; UID 10179; state: DISABLED
01-23 11:49:26.237 D/CompatibilityChangeReporter( 1748): Compat change id reported: 177438394; UID 10179; state: DISABLED
01-23 11:49:26.237 D/CompatibilityChangeReporter( 1748): Compat change id reported: 135772972; UID 10179; state: DISABLED
01-23 11:49:26.237 D/CompatibilityChangeReporter( 1748): Compat change id reported: 135754954; UID 10179; state: ENABLED
01-23 11:49:26.238 I/ActivityManager( 1748): Start proc 31966:com.google.android.gm/u0a144 for next-top-activity {com.google.android.gm/com.google.android.gm.ConversationListActivityGmail}
01-23 11:49:26.245 D/CompatibilityChangeReporter( 1748): Compat change id reported: 143937733; UID 10179; state: ENABLED
01-23 11:49:26.259 D/ShellStartingWindow( 2225): getWindowAttrs window attributes color: 0, replace icon: true
01-23 11:49:26.259 D/ShellStartingWindow( 2225): SplashScreenView build mIconBgColor:0, mThemeColor:-14671580
01-23 11:49:26.259 D/ShellStartingWindow( 2225): inconsize = 489
01-23 11:49:26.267 I/ActivityManager( 1748): Start proc 6748:com.coloros.securepay/u0a179 for service {com.coloros.securepay/com.coloros.securepay.SecurityScanService}
01-23 11:49:26.286 D/OplusShellStartingWindowManager( 2225): handleSplashScreenView: normal third app or no-default
01-23 11:49:26.287 D/OplusFullScreenDisplayManager( 1748): adjustWindowParamsLw: com.google.android.gm, change system app cutoutMode: oplus always
01-23 11:49:26.287 V/WindowManager( 1748): Relayout Window{90fbe3a u0 Splash Screen com.google.android.gm}: viewVisibility=0, oldvis=0, req=1080x2400
01-23 11:49:26.291 V/WindowManager( 1748): Changing focus from Window{578cf9b u0 com.android.launcher/com.android.launcher.Launcher} to null,diplayid=0
01-23 11:49:26.303 D/OplusDexOptimizeManager( 1748): basepath == oldPackagePath!
01-23 11:49:26.306 I/OplusAppSwitchManagerService( 1748): appswitch hasProcess ActivityRecord{ed32dd7 u0 com.google.android.gm/.ConversationListActivityGmail} t11688}
01-23 11:49:26.306 I/OplusJoystickManager( 1748): handleApplicationSwitch deprecated!
01-23 11:49:26.306 I/OplusAppSwitchManagerService( 1748): appswitch hasProcess ActivityRecord{ed32dd7 u0 com.google.android.gm/.ConversationListActivityGmail} t11688}
01-23 11:49:26.306 D/OplusAppSwitchListener( 1748): Detect com.android.launcher switch to background
01-23 11:49:26.307 D/OplusEapManager( 1748): mTargetExitName :com.android.launcher
01-23 11:49:26.307 D/VRR [OPlusFrontAppManager]( 1748): OnAppSwitchObserver: onAppExit , info.targetName = com.android.launcher
01-23 11:49:26.307 D/VRR [OPlusFrontAppManager]( 1748): packageName: null
01-23 11:49:26.307 D/VRR [OPlusRefreshRateService]( 1748): handleFrontAppChange pkgName: null
01-23 11:49:26.307 D/ActivityTaskManager( 1748): onWindowFocusChanged Task{21b39ad #11688 type=standard A=10144:com.google.android.gm U=0 visible=true visibleRequested=true mode=fullscreen translucent=false sz=1} would transfer to compact
01-23 11:49:26.307 D/VRR [OPlusExternalRefreshRateManager]( 1748): setFrontPackageName pkgName: null CurPkgName: com.android.launcher
01-23 11:49:26.310 E/OplusThermalStats( 1748): Error getting package info: com.google.android.gm
01-23 11:49:26.311 D/OplusAppSwitchListener( 1748): Detect com.google.android.gm switch to foreground
01-23 11:49:26.314 D/VRR [OPlusRefreshRateService]( 1748):  setFrameRateTargetControl [ 0.0 , com.android.launcher , false , com.oplus.battery ]
01-23 11:49:26.314 D/VRR [OPlusRefreshRateService]( 1748):  setFrameRateTargetControl from [0, 1000, android.uid.system:1000]
01-23 11:49:26.314 D/VRR [OPlusExternalRefreshRateManager]( 1748):  [FRTC] FrameRate : 0 com.android.launcher false com.oplus.battery 0 1000
01-23 11:49:26.314 D/VRR [OPlusSurfaceFlingerController]( 1748):  add frtc FrameRate : 0 com.android.launcher false com.oplus.battery
01-23 11:49:26.316 D/OplusEapManager( 1748): mTargetEnterName :com.google.android.gm
01-23 11:49:26.316 D/VRR [OPlusFrontAppManager]( 1748): OnAppSwitchObserver: onAppEnter , info.targetName = com.google.android.gm
01-23 11:49:26.316 D/VRR [OPlusFrontAppManager]( 1748): packageName: com.google.android.gm
01-23 11:49:26.317 D/VRR [OPlusRefreshRateService]( 1748): handleFrontAppChange pkgName: com.google.android.gm
01-23 11:49:26.317 D/VRR [OPlusExternalRefreshRateManager]( 1748): setFrontPackageName pkgName: com.google.android.gm CurPkgName: null
01-23 11:49:26.317 D/OplusBatteryServiceFeature( 1748): setSmartCoolDown: coolDown = 5, normalCoolDown = 5, pkgName = com.google.android.gm
01-23 11:49:26.320 D/CompatibilityChangeReporter( 1748): Compat change id reported: 168419799; UID 10179; state: DISABLED
01-23 11:49:26.347 W/ContextImpl( 2605): Calling a method in the system process without a qualified user: android.app.ContextImpl.startService:1889 android.content.ContextWrapper.startService:827 u1.c.c:8 u1.c.a:4 y2.b.f:4 
01-23 11:49:26.347 D/WindowManager( 1748): finishDrawingWindow: Window{90fbe3a u0 Splash Screen com.google.android.gm} mDrawState=DRAW_PENDING
01-23 11:49:26.348 D/OplusAppListInterceptManager( 1748): shouldFilterTask
01-23 11:49:26.348 D/OplusAppListInterceptManager( 1748): shouldFilterTask::packageName = com.google.android.gm
01-23 11:49:26.348 D/OplusAppListInterceptManager( 1748): shouldFilterTask
01-23 11:49:26.348 D/OplusAppListInterceptManager( 1748): shouldFilterTask::packageName = com.truecaller
01-23 11:49:26.348 D/CompatibilityChangeReporter( 1748): Compat change id reported: 197654537; UID 10057; state: ENABLED
01-23 11:49:26.349 D/CompatibilityChangeReporter( 1748): Compat change id reported: 168419799; UID 1000; state: DISABLED
01-23 11:49:26.355 D/ViewRootImplExtImpl( 2225): Block resize report for SplashScreen of systemui.
01-23 11:49:26.376 I/WindowStateExtImpl( 1748): onSurfaceShowChange show = true mPackageName = com.google.android.gm parentPkgName = com.google.android.gm
01-23 11:49:26.652 D/CompatibilityChangeReporter( 1748): Compat change id reported: 161145287; UID 10144; state: DISABLED
01-23 11:49:26.659 V/OplusZoomWindowManagerService( 1748): onAnimationFinished:  r = ActivityRecord{a1e8fdf u0 com.android.launcher/.Launcher} t6}
01-23 11:49:26.662 V/OplusZoomWindowManagerService( 1748): onAnimationFinished:  r = ActivityRecord{ed32dd7 u0 com.google.android.gm/.ConversationListActivityGmail} t11688}
01-23 11:49:26.662 I/OplusAppSwitchManagerService( 1748):  handleAppVisible , r = ActivityRecord{ed32dd7 u0 com.google.android.gm/.ConversationListActivityGmail} t11688}
01-23 11:49:26.668 I/WindowStateExtImpl( 1748): onSurfaceShowChange show = false mPackageName = com.android.launcher parentPkgName = com.android.launcher
01-23 11:49:26.689 V/WindowManager( 1748): Relayout Window{64337ed u0 com.android.launcher/com.android.launcher.Launcher}: viewVisibility=8, oldvis=0, req=1080x2400
01-23 11:49:26.703 V/WindowManager( 1748): Relayout Window{578cf9b u0 com.android.launcher/com.android.launcher.Launcher}: viewVisibility=8, oldvis=0, req=1080x2400
01-23 11:49:26.748 D/CompatibilityChangeReporter( 1748): Compat change id reported: 74210811; UID 10144; state: ENABLED
01-23 11:49:26.770 D/OplusActivityManagerServiceEnhance( 1748): setGlThreads detect 31966 6822
01-23 11:49:26.779 W/PackageManager( 1748): package unknown uid 10144 pid 31966 call SetEnabledSetting(com.google.android.gm component = com.google.android.libraries.communications.conference.ui.intents.ChitChatGatewayActivity, 1, 0)
01-23 11:49:26.812 D/CameraDelegate( 1748): handleMessage:200
01-23 11:49:26.862 I/OplusAppSwitchManagerService( 1748): appswitch registerAppSwitchObserver pName = com@@coloros@@securepay observer = com.oplus.app.IOplusAppSwitchObserver$Stub$Proxy@7bb2bdc config = OplusAppSwitchConfig = {  mConfigs = {2=[cimbmessenger@@TOM, , TOM@@easy@@currency@@extra@@androary, TOM@@appzonegroup@@fcmb, TOM@@kcbbankgroup@@android, TOM@@ing@@twyp, TOM@@phonepe@@app, net@@veritran@@afmx@@mb@@s@@prod, jp@@auone@@wallet, TOM@@askari, TOM@@path_solutions@@amanabank, ro@@ing@@mobile@@banking@@android@@activity, TOM@@bankofbaroda@@mconnect, pl@@bosbank@@mobile, lk@@sampath@@sampathbank, TOM@@pnb@@android, TOM@@cmbchina@@ccd@@pluto@@cmbActivity, atws@@app, TOM@@solflare@@mobile, pl@@envelobank@@aplikacja, TOM@@cgbchina@@xpt, TOM@@paymaya, TOM@@bkash@@customerapp, TOM@@twentyfourpay, TOM@@ocito@@cdn@@activity@@creditdunord, TOM@@cr2@@CIB, TOM@@denizbank@@mobildeniz, TOM@@ocbcnisp@@onemobileapp, TOM@@denizbank@@firsatlardenizi, es@@bancosantander@@apps, TOM@@bankinter@@bkwallet, TOM@@bsffm, TOM@@vanso@@gtbankapp, TOM@@ocbc@@mobilemy, ru@@raiffeisennews, id@@TOM@@uiux@@mobile, TOM@@imaginbank@@app, co@@bitx@@android@@wallet, TOM@@f1soft@@nepalmobilebanking, invo8@@meezan@@mb, TOM@@chinatrust@@mobilebank, TOM@@abnamro@@nl@@tikkie, TOM@@Splitwise@@SplitwiseMobile, TOM@@agb@@agbonline, TOM@@iqoption, TOM@@mobtion@@scotiabank@@mobilebanking, ke@@co@@vectorTOM@@eazyloan, TOM@@scb@@breezebanking@@hk, TOM@@kasikornbank@@makebykbank, TOM@@xfr@@xtrade, pK@@TOM@@telenor@@phoenix, TOM@@IngDirectAndroid, TOM@@uba@@vericash, TOM@@blombank@@eblom@@jo, TOM@@securitybank, TOM@@ge@@capital@@konysbiapp, TOM@@uniken@@r2fa4a@@boi, org@@altruist@@BajajExperia, TOM@@AmanAlRajhi, au@@TOM@@bankwest@@mobile, TOM@@indiainfoline, TOM@@snapwork@@finance, TOM@@ing@@asia@@mobile, TOM@@krungsri@@kma, TOM@@bpi@@ng@@mobilebanking, pl@@sgb@@wallet, TOM@@fact@@jib, au@@TOM@@TOMmsec@@android@@CommSec, TOM@@grppl@@android@@shell@@CMBlloydsTSB73, TOM@@pnb@@mobile, in@@co@@unionbankofindia@@mpassbook, TOM@@goodbarber@@silkbankmobile, io@@ionic@@bna, TOM@@ocbc@@mobile, TOM@@rkayapps@@financeindia, TOM@@mobile@@cbiepassbook, TOM@@magiclick@@odeabank, TOM@@abnamro@@nl@@mobile@@payments, vn@@TOM@@vng@@zalopay, es@@lacaixa@@hceicon2, TOM@@cic_prod@@bad, pl@@bzwbk@@bzwbk24, TOM@@bukalapak@@android, eraapps@@bankasia@@bdinternetbanking@@ap, org@@pixelrush@@moneyiq, enbd@@mobilebanking@@egyptretailtoken, fr@@creditagricole@@androidapp, TOM@@iexceed@@CBS, TOM@@emeint@@android@@mwallet, TOM@@uob@@id@@digitalbank, TOM@@mbb@@mketrade, TOM@@grppl@@android@@shell@@halifax, TOM@@app@@xt, TOM@@vanso@@diamondmobileapp, TOM@@mns@@mnsuk@@android, cn@@TOM@@spdb@@mobilebank@@per, TOM@@mobikwik_new, TOM@@kbc@@mobile@@android@@phone@@kbc, TOM@@ykb@@avm, nl@@moneyou@@go, TOM@@mobiblanc@@cdm, TOM@@liv@@android, hk@@TOM@@hsbc@@paymefromhsbc, net@@one97@@paytm, TOM@@advantage@@RaiffeisenBank, TOM@@dbs@@sg@@dbsmbanking, TOM@@landbank@@mobilebanking, TOM@@tmob@@denizbank, TOM@@bankbazaar@@app, TOM@@co_operativebank@@MCoopCash, TOM@@grabtaxi@@passenger, TOM@@cbc@@mobilebanking, nz@@co@@westpac, ru@@sberbankmobile, pl@@eurobank2, TOM@@btn, TOM@@openwaygroup@@ic@@mwb@@halyk@@prod, forex@@game, nz@@co@@bnz@@droidbanking, pl@@amg@@dev@@pbs@@bankowoscmobilna, TOM@@ftband@@mono, uk@@gov@@hmrc@@ptcalc, kvbank@@kvb_ebook, TOM@@moomoo@@trade, TOM@@paygo24@@ibank, TOM@@sc@@mobilebanking@@lk, TOM@@tradingsat@@mobility@@view, TOM@@firstbank@@firstmobile, TOM@@sionpac@@app@@SinoPac, TOM@@iexceed@@ANDHRABANK_ONLINE, TOM@@muthootfinance@@imuthoot, TOM@@ceva@@ubmobile@@stallion, ch@@swissbankers@@mycard, TOM@@branch_interna5tional@@branch@@branch_demo_android, TOM@@starfinanz@@mobile@@android@@dkbpushtan, it@@ingdirect@@app, TOM@@icbc@@icbcasia, TOM@@affin@@mobile@@secure, TOM@@axis@@mobile, TOM@@yitong@@mbank@@psbc, TOM@@icbc@@mobile@@abroad, audimobile@@android, TOM@@CIB@@Digital@@MB, es@@connectis@@mobile@@alrajhi, TOM@@bplus@@vtpay, TOM@@cbbank@@mobilebanking, tn@@mobipost, TOM@@telupay@@mobilebanking, de@@check24@@check24, TOM@@mpay@@vietbank, TOM@@lulu@@luluone, TOM@@bankia@@wallet, T
01-23 11:49:26.863 I/OplusAppSwitchStateDispatcher( 1748): registerAppSwitchObserver addDynamicListener OK, info = OplusAppSwitchRuleInfo = {  observer = com.oplus.app.IOplusAppSwitchObserver$Stub$Proxy@7bb2bdc observerFingerPrint = 181317472} rule size =0
01-23 11:49:26.876 D/CompatibilityChangeReporter( 1748): Compat change id reported: 161145287; UID 10179; state: DISABLED
01-23 11:49:26.904 D/CompatibilityChangeReporter( 1748): Compat change id reported: 194532703; UID 10144; state: ENABLED
01-23 11:49:26.922 W/DevicePolicyManager( 1748): Unknown user type: UserInfo{999:MultiApp:4001010}
01-23 11:49:26.922 W/DevicePolicyManager( 1748): Unknown user type: UserInfo{999:MultiApp:4001010}
01-23 11:49:26.923 W/DevicePolicyManager( 1748): Unknown user type: UserInfo{999:MultiApp:4001010}
01-23 11:49:26.923 W/DevicePolicyManager( 1748): Unknown user type: UserInfo{999:MultiApp:4001010}
01-23 11:49:26.923 W/DevicePolicyManager( 1748): Unknown user type: UserInfo{999:MultiApp:4001010}
01-23 11:49:26.923 W/DevicePolicyManager( 1748): Unknown user type: UserInfo{999:MultiApp:4001010}
01-23 11:49:26.923 W/DevicePolicyManager( 1748): Unknown user type: UserInfo{999:MultiApp:4001010}
01-23 11:49:26.923 W/DevicePolicyManager( 1748): Unknown user type: UserInfo{999:MultiApp:4001010}
01-23 11:49:26.926 W/DevicePolicyManager( 1748): Unknown user type: UserInfo{999:MultiApp:4001010}
01-23 11:49:26.926 W/DevicePolicyManager( 1748): Unknown user type: UserInfo{999:MultiApp:4001010}
01-23 11:49:26.927 W/DevicePolicyManager( 1748): Unknown user type: UserInfo{999:MultiApp:4001010}
01-23 11:49:26.927 W/DevicePolicyManager( 1748): Unknown user type: UserInfo{999:MultiApp:4001010}
01-23 11:49:26.927 W/DevicePolicyManager( 1748): Unknown user type: UserInfo{999:MultiApp:4001010}
01-23 11:49:26.927 W/DevicePolicyManager( 1748): Unknown user type: UserInfo{999:MultiApp:4001010}
01-23 11:49:26.927 W/DevicePolicyManager( 1748): Unknown user type: UserInfo{999:MultiApp:4001010}
01-23 11:49:26.927 W/DevicePolicyManager( 1748): Unknown user type: UserInfo{999:MultiApp:4001010}
01-23 11:49:26.948 E/OplusCustomizeRestrictionManager(31966): sInstance is null, start a new sInstance
01-23 11:49:27.009 W/PackageManager( 1748): package unknown uid 10144 pid 31966 call SetEnabledSetting(com.google.android.gm component = com.google.android.gm.EmlViewerActivityGmail, 1, 0)
01-23 11:49:27.046 D/OplusInputMethodUtil(31966): init sDebug to false, init sDebugIme to false, init sAlwaysOn to false
01-23 11:49:27.046 D/OplusInputMethodUtil(31966): updateDebugToClass InputMethodManager.DEBUG = false
01-23 11:49:27.046 D/OplusInputMethodUtil(31966): updateDebugToClass ImeFocusController.DEBUG = false
01-23 11:49:27.046 D/OplusInputMethodUtil(31966): updateDebugToClass BaseInputConnection.DEBUG = false
01-23 11:49:27.046 D/OplusInputMethodUtil(31966): updateDebugToClass ImeFocusController.sDebugIme = false
01-23 11:49:27.076 I/WindowManager( 1748): addWindow: New client android.os.BinderProxy@d2b06ff : window=Window{faddccc u0 com.google.android.gm/com.google.android.gm.ConversationListActivityGmail}
01-23 11:49:27.115 I/Quality (31966): Skipped: false 1 cost 31.252165 refreshRate 16538910 bit true processName com.google.android.gm
01-23 11:49:27.117 W/DevicePolicyManager( 1748): Unknown user type: UserInfo{999:MultiApp:4001010}
01-23 11:49:27.117 W/DevicePolicyManager( 1748): Unknown user type: UserInfo{999:MultiApp:4001010}
01-23 11:49:27.117 W/DevicePolicyManager( 1748): Unknown user type: UserInfo{999:MultiApp:4001010}
01-23 11:49:27.117 W/DevicePolicyManager( 1748): Unknown user type: UserInfo{999:MultiApp:4001010}
01-23 11:49:27.117 W/DevicePolicyManager( 1748): Unknown user type: UserInfo{999:MultiApp:4001010}
01-23 11:49:27.117 W/DevicePolicyManager( 1748): Unknown user type: UserInfo{999:MultiApp:4001010}
01-23 11:49:27.117 W/DevicePolicyManager( 1748): Unknown user type: UserInfo{999:MultiApp:4001010}
01-23 11:49:27.117 W/DevicePolicyManager( 1748): Unknown user type: UserInfo{999:MultiApp:4001010}
01-23 11:49:27.119 D/CoreBackPreview( 1748): Window{faddccc u0 com.google.android.gm/com.google.android.gm.ConversationListActivityGmail}: Setting back callback OnBackInvokedCallbackInfo{mCallback=android.window.IOnBackInvokedCallback$Stub$Proxy@319adef, mPriority=-1}
01-23 11:49:27.119 D/CoreBackPreview( 1748): Window{faddccc u0 com.google.android.gm/com.google.android.gm.ConversationListActivityGmail}: Setting back callback OnBackInvokedCallbackInfo{mCallback=android.window.IOnBackInvokedCallback$Stub$Proxy@ac810fc, mPriority=0}
01-23 11:49:27.126 V/WindowManager( 1748): Relayout Window{faddccc u0 com.google.android.gm/com.google.android.gm.ConversationListActivityGmail}: viewVisibility=0, oldvis=4, req=1080x2400
01-23 11:49:27.130 W/DevicePolicyManager( 1748): Unknown user type: UserInfo{999:MultiApp:4001010}
01-23 11:49:27.130 W/DevicePolicyManager( 1748): Unknown user type: UserInfo{999:MultiApp:4001010}
01-23 11:49:27.131 W/DevicePolicyManager( 1748): Unknown user type: UserInfo{999:MultiApp:4001010}
01-23 11:49:27.131 W/DevicePolicyManager( 1748): Unknown user type: UserInfo{999:MultiApp:4001010}
01-23 11:49:27.131 W/DevicePolicyManager( 1748): Unknown user type: UserInfo{999:MultiApp:4001010}
01-23 11:49:27.131 W/DevicePolicyManager( 1748): Unknown user type: UserInfo{999:MultiApp:4001010}
01-23 11:49:27.131 V/WindowManager( 1748): Changing focus from null to Window{faddccc u0 com.google.android.gm/com.google.android.gm.ConversationListActivityGmail},diplayid=0
01-23 11:49:27.131 W/DevicePolicyManager( 1748): Unknown user type: UserInfo{999:MultiApp:4001010}
01-23 11:49:27.132 W/DevicePolicyManager( 1748): Unknown user type: UserInfo{999:MultiApp:4001010}
01-23 11:49:27.134 E/AppOps  ( 1748): Bad call made by uid 10128. Package "com.google.android.gms" does not belong to uid 10144.
01-23 11:49:27.139 V/ZoomWindowDecorView(31966): setLastReportedMergedConfiguration mZoomDisplayHeight: 2400 getDecorView.1033773
01-23 11:49:27.232 D/WindowManager( 1748): finishDrawingWindow: Window{faddccc u0 com.google.android.gm/com.google.android.gm.ConversationListActivityGmail} mDrawState=DRAW_PENDING
01-23 11:49:27.243 I/Quality (31966): Skipped: false 6 cost 109.37681 refreshRate 16540057 bit true processName com.google.android.gm
01-23 11:49:27.246 D/CompatibilityChangeReporter( 1748): Compat change id reported: 201794303; UID 10144; state: ENABLED
01-23 11:49:27.251 D/OplusStartingWindowManager( 1748): interceptRemoveStartingWindow: packageName=com.google.android.gm, isSnapshot=false, startingSurfaceRunnable=null
01-23 11:49:27.251 D/OplusSplitScreenDnDUI( 1748): notifyRemoveStartingWindow isSpitScreenDrag = false mDropTargetSurface = null StartingWindowpkgName = com.google.android.gm DragPkg = null isLauncherResume = false
01-23 11:49:27.254 I/Quality ( 1748): LaunchTime2.0: com.google.android.gm/.ConversationListActivityGmail 1 1044
01-23 11:49:27.302 E/ResourcesImplExt(31966): the AssetManager's apkAsset: ApkAssets{path=<empty> and /system/framework/framework-res.apk}
01-23 11:49:27.302 E/ResourcesImplExt(31966): the AssetManager's apkAsset: ApkAssets{path=/my_bigball/overlay/GmsConfigOverlayASI_Infrastructure/GmsConfigOverlayASI_Infrastructure.apk}
01-23 11:49:27.302 E/ResourcesImplExt(31966): the AssetManager's apkAsset: ApkAssets{path=/my_bigball/overlay/GmsConfigOverlayCommonEx/GmsConfigOverlayCommonEx.apk}
01-23 11:49:27.302 E/ResourcesImplExt(31966): the AssetManager's apkAsset: ApkAssets{path=/my_bigball/overlay/GmsConfigOverlayComms/GmsConfigOverlayComms.apk}
01-23 11:49:27.302 E/ResourcesImplExt(31966): the AssetManager's apkAsset: ApkAssets{path=/my_bigball/overlay/GmsConfigOverlayGSA/GmsConfigOverlayGSA.apk}
01-23 11:49:27.302 E/ResourcesImplExt(31966): the AssetManager's apkAsset: ApkAssets{path=/my_bigball/overlay/GmsConfigOverlayNoSafetyCenter/GmsConfigOverlayNoSafetyCenter.apk}
01-23 11:49:27.302 E/ResourcesImplExt(31966): the AssetManager's apkAsset: ApkAssets{path=/product/overlay/CaptivePortalLoginFrameworkOverlay.apk}
01-23 11:49:27.302 E/ResourcesImplExt(31966): the AssetManager's apkAsset: ApkAssets{path=/product/overlay/GoogleExtServicesConfigOverlay.apk}
01-23 11:49:27.302 E/ResourcesImplExt(31966): the AssetManager's apkAsset: ApkAssets{path=/product/overlay/GooglePermissionControllerFrameworkOverlay.apk}
01-23 11:49:27.302 E/ResourcesImplExt(31966): the AssetManager's apkAsset: ApkAssets{path=/product/overlay/ModuleMetadataGoogleOverlay.apk}
01-23 11:49:27.302 E/ResourcesImplExt(31966): the AssetManager's apkAsset: ApkAssets{path=/product/overlay/framework-res__auto_generated_rro_product.apk}
01-23 11:49:27.302 E/ResourcesImplExt(31966): the AssetManager's apkAsset: ApkAssets{path=/vendor/overlay/FrameworkResOverlay/FrameworkResOverlay.apk}
01-23 11:49:27.302 E/ResourcesImplExt(31966): the AssetManager's apkAsset: ApkAssets{path=/my_bigball/overlay/OplusGmsConfigOverlayCommon/OplusGmsConfigOverlayCommon.apk}
01-23 11:49:27.302 E/ResourcesImplExt(31966): the AssetManager's apkAsset: ApkAssets{path=/vendor/overlay/FrameworkResOverlayExt/FrameworkResOverlayExt.apk}
01-23 11:49:27.302 E/ResourcesImplExt(31966): the AssetManager's apkAsset: ApkAssets{path=/product/overlay/android_framework_res_overlay.display.product.20291.apk}
01-23 11:49:27.302 E/ResourcesImplExt(31966): the AssetManager's apkAsset: ApkAssets{path=/system_ext/overlay/framework_res_overlay_Network.apk}
01-23 11:49:27.302 E/ResourcesImplExt(31966): the AssetManager's apkAsset: ApkAssets{path=/product/overlay/aon_framework_res_overlay.display.product.apk}
01-23 11:49:27.302 E/ResourcesImplExt(31966): the AssetManager's apkAsset: ApkAssets{path=/system_ext/overlay/ConnectivityBaseOverlay.apk}
01-23 11:49:27.302 E/ResourcesImplExt(31966): the AssetManager's apkAsset: ApkAssets{path=/system_ext/overlay/OplusFrameworkBluetoothResource.apk}
01-23 11:49:27.302 E/ResourcesImplExt(31966): the AssetManager's apkAsset: ApkAssets{path=<empty> and /system/app/mediatek-res/mediatek-res.apk}
01-23 11:49:27.302 E/ResourcesImplExt(31966): the AssetManager's apkAsset: ApkAssets{path=<empty> and /system_ext/framework/oplus-framework-res.apk}
01-23 11:49:27.302 E/ResourcesImplExt(31966): the AssetManager's apkAsset: ApkAssets{path=/product/overlay/oplus_framework_res_overlay.display.product.20291.apk}
01-23 11:49:27.302 E/ResourcesImplExt(31966): the AssetManager's apkAsset: ApkAssets{path=/product/overlay/oplus_framework_res_rro_oppo.apk}
01-23 11:49:27.302 E/ResourcesImplExt(31966): the AssetManager's apkAsset: ApkAssets{path=<empty> and /data/app/~~yXNStVe-8X4iM0H8pVzuBA==/com.google.android.gm-nGnNPZ0_J8mZ52KAPFmBhA==/base.apk}
01-23 11:49:27.302 E/ResourcesImplExt(31966): the AssetManager's apkAsset: ApkAssets{path=<empty> and /data/app/~~yXNStVe-8X4iM0H8pVzuBA==/com.google.android.gm-nGnNPZ0_J8mZ52KAPFmBhA==/split_config.arm64_v8a.apk}
01-23 11:49:27.302 E/ResourcesImplExt(31966): the AssetManager's apkAsset: ApkAssets{path=<empty> and /data/app/~~yXNStVe-8X4iM0H8pVzuBA==/com.google.android.gm-nGnNPZ0_J8mZ52KAPFmBhA==/split_config.en.apk}
01-23 11:49:27.302 E/ResourcesImplExt(31966): the AssetManager's apkAsset: ApkAssets{path=<empty> and /data/app/~~yXNStVe-8X4iM0H8pVzuBA==/com.google.android.gm-nGnNPZ0_J8mZ52KAPFmBhA==/split_config.xxhdpi.apk}
01-23 11:49:27.302 E/ResourcesImplExt(31966): the AssetManager's apkAsset: ApkAssets{path=/product/overlay/NavigationBarModeGestural/NavigationBarModeGesturalOverlay.apk}
01-23 11:49:27.302 E/ResourcesImplExt(31966): the AssetManager's apkAsset: ApkAssets{path=/data/resource-cache/com.android.systemui-neutral-rMiZ.frro}
01-23 11:49:27.302 E/ResourcesImplExt(31966): the AssetManager's apkAsset: ApkAssets{path=/data/resource-cache/com.android.systemui-accent-lSQV.frro}
01-23 11:49:27.307 D/WindowManager( 1748): finishDrawingWindow: Window{faddccc u0 com.google.android.gm/com.google.android.gm.ConversationListActivityGmail} mDrawState=HAS_DRAWN
01-23 11:49:27.308 D/InputMethodManagerService( 1748): isSecurity: attribute.packageName=com.google.android.gm mCurMethodId=com.google.android.inputmethod.latin/com.android.inputmethod.latin.LatinIME
01-23 11:49:27.308 D/InputMethodManagerService( 1748): isSecurity= false (  enable=false needShow=false inBlackList=false isExist=true )
01-23 11:49:27.309 D/CompatibilityChangeReporter( 1748): Compat change id reported: 319212206; UID 10144; state: ENABLED
01-23 11:49:27.312 D/CompatibilityChangeReporter( 1748): Compat change id reported: 214016041; UID 10144; state: ENABLED
01-23 11:49:27.314 I/Quality (31966): Skipped: false 1 cost 31.366283 refreshRate 16540620 bit true processName com.google.android.gm
01-23 11:49:27.326 W/JobScheduler( 1748): Job didn't exist in JobStore: #com.google.android.gm/555156510
01-23 11:49:27.417 D/InputMethodManagerService( 1748): onHandleImeWindowVisibleStatus: vis = 0, needsToShowImeSwitcher = false
01-23 11:49:27.417 I/Quality (31966): Skipped: false 4 cost 68.15958 refreshRate 16540192 bit true processName com.google.android.gm
01-23 11:49:27.442 E/ResourcesImplExt(31966): the AssetManager's apkAsset: ApkAssets{path=<empty> and /system/framework/framework-res.apk}
01-23 11:49:27.442 E/ResourcesImplExt(31966): the AssetManager's apkAsset: ApkAssets{path=/my_bigball/overlay/GmsConfigOverlayASI_Infrastructure/GmsConfigOverlayASI_Infrastructure.apk}
01-23 11:49:27.442 E/ResourcesImplExt(31966): the AssetManager's apkAsset: ApkAssets{path=/my_bigball/overlay/GmsConfigOverlayCommonEx/GmsConfigOverlayCommonEx.apk}
01-23 11:49:27.442 E/ResourcesImplExt(31966): the AssetManager's apkAsset: ApkAssets{path=/my_bigball/overlay/GmsConfigOverlayComms/GmsConfigOverlayComms.apk}
01-23 11:49:27.442 E/ResourcesImplExt(31966): the AssetManager's apkAsset: ApkAssets{path=/my_bigball/overlay/GmsConfigOverlayGSA/GmsConfigOverlayGSA.apk}
01-23 11:49:27.442 E/ResourcesImplExt(31966): the AssetManager's apkAsset: ApkAssets{path=/my_bigball/overlay/GmsConfigOverlayNoSafetyCenter/GmsConfigOverlayNoSafetyCenter.apk}
01-23 11:49:27.442 E/ResourcesImplExt(31966): the AssetManager's apkAsset: ApkAssets{path=/product/overlay/CaptivePortalLoginFrameworkOverlay.apk}
01-23 11:49:27.442 E/ResourcesImplExt(31966): the AssetManager's apkAsset: ApkAssets{path=/product/overlay/GoogleExtServicesConfigOverlay.apk}
01-23 11:49:27.442 E/ResourcesImplExt(31966): the AssetManager's apkAsset: ApkAssets{path=/product/overlay/GooglePermissionControllerFrameworkOverlay.apk}
01-23 11:49:27.442 E/ResourcesImplExt(31966): the AssetManager's apkAsset: ApkAssets{path=/product/overlay/ModuleMetadataGoogleOverlay.apk}
01-23 11:49:27.442 E/ResourcesImplExt(31966): the AssetManager's apkAsset: ApkAssets{path=/product/overlay/framework-res__auto_generated_rro_product.apk}
01-23 11:49:27.442 E/ResourcesImplExt(31966): the AssetManager's apkAsset: ApkAssets{path=/vendor/overlay/FrameworkResOverlay/FrameworkResOverlay.apk}
01-23 11:49:27.442 E/ResourcesImplExt(31966): the AssetManager's apkAsset: ApkAssets{path=/my_bigball/overlay/OplusGmsConfigOverlayCommon/OplusGmsConfigOverlayCommon.apk}
01-23 11:49:27.442 E/ResourcesImplExt(31966): the AssetManager's apkAsset: ApkAssets{path=/vendor/overlay/FrameworkResOverlayExt/FrameworkResOverlayExt.apk}
01-23 11:49:27.442 E/ResourcesImplExt(31966): the AssetManager's apkAsset: ApkAssets{path=/product/overlay/android_framework_res_overlay.display.product.20291.apk}
01-23 11:49:27.442 E/ResourcesImplExt(31966): the AssetManager's apkAsset: ApkAssets{path=/system_ext/overlay/framework_res_overlay_Network.apk}
01-23 11:49:27.442 E/ResourcesImplExt(31966): the AssetManager's apkAsset: ApkAssets{path=/product/overlay/aon_framework_res_overlay.display.product.apk}
01-23 11:49:27.442 E/ResourcesImplExt(31966): the AssetManager's apkAsset: ApkAssets{path=/system_ext/overlay/ConnectivityBaseOverlay.apk}
01-23 11:49:27.442 E/ResourcesImplExt(31966): the AssetManager's apkAsset: ApkAssets{path=/system_ext/overlay/OplusFrameworkBluetoothResource.apk}
01-23 11:49:27.442 E/ResourcesImplExt(31966): the AssetManager's apkAsset: ApkAssets{path=<empty> and /system/app/mediatek-res/mediatek-res.apk}
01-23 11:49:27.442 E/ResourcesImplExt(31966): the AssetManager's apkAsset: ApkAssets{path=<empty> and /system_ext/framework/oplus-framework-res.apk}
01-23 11:49:27.442 E/ResourcesImplExt(31966): the AssetManager's apkAsset: ApkAssets{path=/product/overlay/oplus_framework_res_overlay.display.product.20291.apk}
01-23 11:49:27.442 E/ResourcesImplExt(31966): the AssetManager's apkAsset: ApkAssets{path=/product/overlay/oplus_framework_res_rro_oppo.apk}
01-23 11:49:27.442 E/ResourcesImplExt(31966): the AssetManager's apkAsset: ApkAssets{path=<empty> and /data/app/~~yXNStVe-8X4iM0H8pVzuBA==/com.google.android.gm-nGnNPZ0_J8mZ52KAPFmBhA==/base.apk}
01-23 11:49:27.442 E/ResourcesImplExt(31966): the AssetManager's apkAsset: ApkAssets{path=<empty> and /data/app/~~yXNStVe-8X4iM0H8pVzuBA==/com.google.android.gm-nGnNPZ0_J8mZ52KAPFmBhA==/split_config.arm64_v8a.apk}
01-23 11:49:27.442 E/ResourcesImplExt(31966): the AssetManager's apkAsset: ApkAssets{path=<empty> and /data/app/~~yXNStVe-8X4iM0H8pVzuBA==/com.google.android.gm-nGnNPZ0_J8mZ52KAPFmBhA==/split_config.en.apk}
01-23 11:49:27.442 E/ResourcesImplExt(31966): the AssetManager's apkAsset: ApkAssets{path=<empty> and /data/app/~~yXNStVe-8X4iM0H8pVzuBA==/com.google.android.gm-nGnNPZ0_J8mZ52KAPFmBhA==/split_config.xxhdpi.apk}
01-23 11:49:27.442 E/ResourcesImplExt(31966): the AssetManager's apkAsset: ApkAssets{path=/product/overlay/NavigationBarModeGestural/NavigationBarModeGesturalOverlay.apk}
01-23 11:49:27.442 E/ResourcesImplExt(31966): the AssetManager's apkAsset: ApkAssets{path=/data/resource-cache/com.android.systemui-neutral-rMiZ.frro}
01-23 11:49:27.442 E/ResourcesImplExt(31966): the AssetManager's apkAsset: ApkAssets{path=/data/resource-cache/com.android.systemui-accent-lSQV.frro}
01-23 11:49:27.472 I/Quality (31966): Skipped: false 2 cost 40.440895 refreshRate 16538938 bit true processName com.google.android.gm
01-23 11:49:27.613 W/DevicePolicyManager( 1748): Unknown user type: UserInfo{999:MultiApp:4001010}
01-23 11:49:27.613 W/DevicePolicyManager( 1748): Unknown user type: UserInfo{999:MultiApp:4001010}
01-23 11:49:27.614 W/DevicePolicyManager( 1748): Unknown user type: UserInfo{999:MultiApp:4001010}
01-23 11:49:27.614 W/DevicePolicyManager( 1748): Unknown user type: UserInfo{999:MultiApp:4001010}
01-23 11:49:27.614 W/DevicePolicyManager( 1748): Unknown user type: UserInfo{999:MultiApp:4001010}
01-23 11:49:27.614 W/DevicePolicyManager( 1748): Unknown user type: UserInfo{999:MultiApp:4001010}
01-23 11:49:27.614 W/DevicePolicyManager( 1748): Unknown user type: UserInfo{999:MultiApp:4001010}
01-23 11:49:27.614 W/DevicePolicyManager( 1748): Unknown user type: UserInfo{999:MultiApp:4001010}
01-23 11:49:27.615 I/Quality (31966): Skipped: false 8 cost 134.31471 refreshRate 16539381 bit true processName com.google.android.gm
01-23 11:49:27.620 W/DevicePolicyManager( 1748): Unknown user type: UserInfo{999:MultiApp:4001010}
01-23 11:49:27.620 W/DevicePolicyManager( 1748): Unknown user type: UserInfo{999:MultiApp:4001010}
01-23 11:49:27.620 W/DevicePolicyManager( 1748): Unknown user type: UserInfo{999:MultiApp:4001010}
01-23 11:49:27.620 W/DevicePolicyManager( 1748): Unknown user type: UserInfo{999:MultiApp:4001010}
01-23 11:49:27.621 W/DevicePolicyManager( 1748): Unknown user type: UserInfo{999:MultiApp:4001010}
01-23 11:49:27.621 W/DevicePolicyManager( 1748): Unknown user type: UserInfo{999:MultiApp:4001010}
01-23 11:49:27.621 W/DevicePolicyManager( 1748): Unknown user type: UserInfo{999:MultiApp:4001010}
01-23 11:49:27.621 W/DevicePolicyManager( 1748): Unknown user type: UserInfo{999:MultiApp:4001010}
01-23 11:49:27.622 W/DevicePolicyManager( 1748): Unknown user type: UserInfo{999:MultiApp:4001010}
01-23 11:49:27.622 W/DevicePolicyManager( 1748): Unknown user type: UserInfo{999:MultiApp:4001010}
01-23 11:49:27.622 W/DevicePolicyManager( 1748): Unknown user type: UserInfo{999:MultiApp:4001010}
01-23 11:49:27.622 W/DevicePolicyManager( 1748): Unknown user type: UserInfo{999:MultiApp:4001010}
01-23 11:49:27.622 W/DevicePolicyManager( 1748): Unknown user type: UserInfo{999:MultiApp:4001010}
01-23 11:49:27.622 W/DevicePolicyManager( 1748): Unknown user type: UserInfo{999:MultiApp:4001010}
01-23 11:49:27.623 W/DevicePolicyManager( 1748): Unknown user type: UserInfo{999:MultiApp:4001010}
01-23 11:49:27.623 W/DevicePolicyManager( 1748): Unknown user type: UserInfo{999:MultiApp:4001010}
01-23 11:49:27.623 W/DevicePolicyManager( 1748): Unknown user type: UserInfo{999:MultiApp:4001010}
01-23 11:49:27.623 W/DevicePolicyManager( 1748): Unknown user type: UserInfo{999:MultiApp:4001010}
01-23 11:49:27.623 W/DevicePolicyManager( 1748): Unknown user type: UserInfo{999:MultiApp:4001010}
01-23 11:49:27.623 W/DevicePolicyManager( 1748): Unknown user type: UserInfo{999:MultiApp:4001010}
01-23 11:49:27.623 W/DevicePolicyManager( 1748): Unknown user type: UserInfo{999:MultiApp:4001010}
01-23 11:49:27.624 W/DevicePolicyManager( 1748): Unknown user type: UserInfo{999:MultiApp:4001010}
01-23 11:49:27.624 W/DevicePolicyManager( 1748): Unknown user type: UserInfo{999:MultiApp:4001010}
01-23 11:49:27.624 W/DevicePolicyManager( 1748): Unknown user type: UserInfo{999:MultiApp:4001010}
01-23 11:49:27.634 W/PackageManager( 1748): package unknown uid 10144 pid 31966 call SetEnabledSetting(com.google.android.gm component = com.google.android.apps.dynamite.features.hub.navigation.PeopleActivity, 2, 0)
01-23 11:49:27.635 W/PackageManager( 1748): package unknown uid 10144 pid 31966 call SetEnabledSetting(com.google.android.gm component = com.google.android.apps.dynamite.features.hub.navigation.RoomsActivity, 2, 0)
01-23 11:49:27.637 W/PackageManager( 1748): package unknown uid 10144 pid 31966 call SetEnabledSetting(com.google.android.gm component = com.google.android.apps.dynamite.services.notification.NotificationService, 2, 0)
01-23 11:49:27.638 V/WindowManager( 1748): Relayout Window{90fbe3a u0 Splash Screen com.google.android.gm}: viewVisibility=8, oldvis=0, req=1080x2400
01-23 11:49:27.638 W/PackageManager( 1748): package unknown uid 10144 pid 31966 call SetEnabledSetting(com.google.android.gm component = com.google.android.apps.dynamite.DynamiteDeepLinkMultiple, 2, 0)
01-23 11:49:27.639 W/PackageManager( 1748): package unknown uid 10144 pid 31966 call SetEnabledSetting(com.google.android.gm component = com.google.android.libraries.communications.conference.ui.callui.SingleCallActivity, 1, 0)
01-23 11:49:27.640 W/PackageManager( 1748): package unknown uid 10144 pid 31966 call SetEnabledSetting(com.google.android.gm component = com.google.android.libraries.communications.conference.ui.callui.chat.ChatActivity, 1, 0)
01-23 11:49:27.640 W/PackageManager( 1748): package unknown uid 10144 pid 31966 call SetEnabledSetting(com.google.android.gm component = com.google.android.libraries.communications.conference.ui.intents.ChitChatGatewayActivity, 1, 0)
01-23 11:49:27.641 W/PackageManager( 1748): package unknown uid 10144 pid 31966 call SetEnabledSetting(com.google.android.gm component = com.google.android.libraries.communications.conference.ui.greenroom.GreenroomActivity, 1, 0)
01-23 11:49:27.642 W/PackageManager( 1748): package unknown uid 10144 pid 31966 call SetEnabledSetting(com.google.android.gm component = com.google.android.libraries.communications.conference.ui.largescreen.HomeActivity, 1, 0)
01-23 11:49:27.642 W/PackageManager( 1748): package unknown uid 10144 pid 31966 call SetEnabledSetting(com.google.android.gm component = com.google.android.libraries.communications.conference.ui.intents.LivestreamHandlerActivity, 1, 0)
01-23 11:49:27.643 W/PackageManager( 1748): package unknown uid 10144 pid 31966 call SetEnabledSetting(com.google.android.gm component = com.google.android.libraries.communications.conference.ui.intents.ConferenceUrlHandlerActivity, 1, 0)
01-23 11:49:27.644 W/PackageManager( 1748): package unknown uid 10144 pid 31966 call SetEnabledSetting(com.google.android.gm component = com.google.android.libraries.communications.conference.ui.intents.TransferCallHandlerActivity, 1, 0)
01-23 11:49:27.644 W/PackageManager( 1748): package unknown uid 10144 pid 31966 call SetEnabledSetting(com.google.android.gm component = com.google.android.libraries.communications.conference.ui.intents.ConferenceGatewayActivity, 1, 0)
01-23 11:49:27.646 W/PackageManager( 1748): package unknown uid 10144 pid 31966 call SetEnabledSetting(com.google.android.gm component = com.google.android.libraries.communications.conference.ui.intents.AssistantNewUrlHandlerActivity, 1, 0)
01-23 11:49:27.646 W/PackageManager( 1748): package unknown uid 10144 pid 31966 call SetEnabledSetting(com.google.android.gm component = com.google.android.libraries.communications.conference.ui.settings.SettingsActivity, 1, 0)
01-23 11:49:27.655 V/ZoomWindowDecorView( 2225): removeZoomView
01-23 11:49:27.667 W/WindowManager( 1748): Failed looking up window session=Session{370de18 2225:u0a10105} callers=com.android.server.wm.WindowManagerService.windowForClientLocked:6236 com.android.server.wm.WindowManagerService.removeWindow:2147 com.android.server.wm.Session.remove:233 
01-23 11:49:27.669 V/ZoomWindowDecorView( 2225): removeZoomView
01-23 11:49:27.768 D/CompatibilityChangeReporter( 1748): Compat change id reported: 135634846; UID 99370; state: DISABLED
01-23 11:49:27.768 D/CompatibilityChangeReporter( 1748): Compat change id reported: 177438394; UID 99370; state: DISABLED
01-23 11:49:27.769 D/CompatibilityChangeReporter( 1748): Compat change id reported: 135772972; UID 99370; state: DISABLED
01-23 11:49:27.769 D/CompatibilityChangeReporter( 1748): Compat change id reported: 135754954; UID 99370; state: ENABLED
01-23 11:49:27.769 D/CompatibilityChangeReporter( 1748): Compat change id reported: 143937733; UID 10144; state: ENABLED
01-23 11:49:27.788 I/ActivityManager( 1748): Start proc 6975:com.google.android.webview:sandboxed_process0:org.chromium.content.app.SandboxedProcessService0:0/u0i370 for  {com.google.android.gm/org.chromium.content.app.SandboxedProcessService0:0}
01-23 11:49:27.816 I/WindowStateExtImpl( 1748): onSurfaceShowChange show = false mPackageName = com.google.android.gm parentPkgName = com.google.android.gm
01-23 11:49:28.070 I/Quality (31966): Skipped: false 26 cost 440.03012 refreshRate 16540312 bit true processName com.google.android.gm
01-23 11:49:28.224 W/PackageManager( 1748): package unknown uid 10144 pid 31966 call SetEnabledSetting(com.google.android.gm component = com.android.email.service.AttachmentService, 2, 0)
01-23 11:49:28.226 W/PackageManager( 1748): package unknown uid 10144 pid 31966 call SetEnabledSetting(com.google.android.gm component = com.android.email.service.EasAuthenticatorService, 1, 0)
01-23 11:49:28.333 I/Quality (31966): Skipped: false 14 cost 239.98387 refreshRate 16541261 bit true processName com.google.android.gm
01-23 11:49:28.390 I/Quality (31966): Skipped: true 2 cost 48.84868 refreshRate 16538998 bit true processName com.google.android.gm
01-23 11:49:28.448 W/DevicePolicyManager( 1748): Unknown user type: UserInfo{999:MultiApp:4001010}
01-23 11:49:28.449 W/DevicePolicyManager( 1748): Unknown user type: UserInfo{999:MultiApp:4001010}
01-23 11:49:28.449 W/DevicePolicyManager( 1748): Unknown user type: UserInfo{999:MultiApp:4001010}
01-23 11:49:28.449 W/DevicePolicyManager( 1748): Unknown user type: UserInfo{999:MultiApp:4001010}
01-23 11:49:28.449 W/DevicePolicyManager( 1748): Unknown user type: UserInfo{999:MultiApp:4001010}
01-23 11:49:28.449 W/DevicePolicyManager( 1748): Unknown user type: UserInfo{999:MultiApp:4001010}
01-23 11:49:28.449 W/DevicePolicyManager( 1748): Unknown user type: UserInfo{999:MultiApp:4001010}
01-23 11:49:28.449 W/DevicePolicyManager( 1748): Unknown user type: UserInfo{999:MultiApp:4001010}
01-23 11:49:28.453 W/DevicePolicyManager( 1748): Unknown user type: UserInfo{999:MultiApp:4001010}
01-23 11:49:28.453 W/DevicePolicyManager( 1748): Unknown user type: UserInfo{999:MultiApp:4001010}
01-23 11:49:28.453 W/DevicePolicyManager( 1748): Unknown user type: UserInfo{999:MultiApp:4001010}
01-23 11:49:28.453 W/DevicePolicyManager( 1748): Unknown user type: UserInfo{999:MultiApp:4001010}
01-23 11:49:28.453 W/DevicePolicyManager( 1748): Unknown user type: UserInfo{999:MultiApp:4001010}
01-23 11:49:28.453 W/DevicePolicyManager( 1748): Unknown user type: UserInfo{999:MultiApp:4001010}
01-23 11:49:28.453 W/DevicePolicyManager( 1748): Unknown user type: UserInfo{999:MultiApp:4001010}
01-23 11:49:28.453 W/DevicePolicyManager( 1748): Unknown user type: UserInfo{999:MultiApp:4001010}
01-23 11:49:28.457 I/Quality (31966): Skipped: true 2 cost 33.091915 refreshRate 16538668 bit true processName com.google.android.gm
01-23 11:49:28.480 W/ContextImpl(31596): Calling a method in the system process without a qualified user: android.app.ContextImpl.bindService:1982 android.content.ContextWrapper.bindService:863 com.oplus.onetrace.connection.a.c:19 com.oplus.onetrace.connection.b.c:23 y.a.c:7 
01-23 11:49:28.598 I/Quality (31966): Skipped: true 3 cost 58.298733 refreshRate 16538869 bit true processName com.google.android.gm
01-23 11:49:28.701 I/OplusAppSwitchManagerService( 1748): appswitch registerAppSwitchObserver pName = com@@oplus@@onetrace observer = com.oplus.app.IOplusAppSwitchObserver$Stub$Proxy@5e4f299 config = OplusAppSwitchConfig = {  mConfigs = {} observerFingerPrint = 216852990}
01-23 11:49:28.701 I/OplusAppSwitchStateDispatcher( 1748): registerAppSwitchObserver addDynamicListener OK, info = OplusAppSwitchRuleInfo = {  observer = com.oplus.app.IOplusAppSwitchObserver$Stub$Proxy@5e4f299 observerFingerPrint = 216852990} rule size =0
01-23 11:49:28.711 W/ContextImpl(15799): Calling a method in the system process without a qualified user: android.app.ContextImpl.bindService:1982 android.content.ContextWrapper.bindService:863 com.oplus.dataprovider.producer.AppJankDataMonitor.bindSender:23 com.oplus.dataprovider.producer.AppJankDataMonitor.c:1 com.oplus.dataprovider.producer.f.run:3 
01-23 11:49:28.728 W/ContextImpl(15799): Calling a method in the system process without a qualified user: android.app.ContextImpl.bindService:1982 android.content.ContextWrapper.bindService:863 com.oplus.dataprovider.server.ThermalControlStatsProvider.h:37 com.oplus.dataprovider.server.ThermalControlStatsProvider.m:35 com.oplus.dataprovider.app.Z.n:3 
