02-03 21:46:18.144 I/BaseKeyboardSizeHelper( 5757): BaseKeyboardSizeHelper.calculateMaxKeyboardBodyHeight():73 leave 273 height for app when ime window height:2249, header height:112 and isFullscreenMode:false, so the max keyboard body height is:1864
02-03 21:46:18.144 W/ExtensionWrapper( 5757): ExtensionWrapper.setExtensionViewVisibility():859 interface yzm is not activate
02-03 21:46:18.146 I/Module  ( 5757): DeviceLockedStatusModuleProvider$Module.updateDeviceLockedStatus():103 repeatCheckTimes = 1, locked = false
02-03 21:46:18.147 I/HardKeyTracker( 5757): HardKeyTracker.unregisterKeySequence():228 Unregister key sequence abgw{labelResId=2132020511, callback=uml@3a4c156, lastModifier=2, keyCodes=[56], actions=[0]}
02-03 21:46:18.147 I/HardKeyTracker( 5757): HardKeyTracker.registerKeySequence():177 Register key sequence abgw{labelResId=2132020511, callback=uml@8020e6f, lastModifier=2, keyCodes=[56], actions=[0]}
02-03 21:46:18.148 I/HardKeyTracker( 5757): HardKeyTracker.unregisterKeySequence():228 Unregister key sequence abgw{labelResId=2132020515, callback=uml@3291ec4, lastModifier=2, keyCodes=[48], actions=[0]}
02-03 21:46:18.148 I/HardKeyTracker( 5757): HardKeyTracker.registerKeySequence():177 Register key sequence abgw{labelResId=2132020515, callback=uml@220277c, lastModifier=2, keyCodes=[48], actions=[0]}
02-03 21:46:18.148 W/AccessPointsManager( 5757): AccessPointsManager.addAccessPoint():1086 The holder controller #0x7f0b2468 is not registered
02-03 21:46:18.149 I/HardKeyTracker( 5757): HardKeyTracker.unregisterKeySequence():228 Unregister key sequence abgw{labelResId=2132020515, callback=uml@f7a01ad, lastModifier=2, keyCodes=[48], actions=[0]}
02-03 21:46:18.149 I/HardKeyTracker( 5757): HardKeyTracker.registerKeySequence():177 Register key sequence abgw{labelResId=2132020515, callback=uml@9a0c805, lastModifier=2, keyCodes=[48], actions=[0]}
02-03 21:46:18.150 I/HardKeyTracker( 5757): HardKeyTracker.unregisterKeySequence():228 Unregister key sequence abgw{labelResId=2132020516, callback=uml@b62d873, lastModifier=2, keyCodes=[32], actions=[0]}
02-03 21:46:18.150 I/HardKeyTracker( 5757): HardKeyTracker.registerKeySequence():177 Register key sequence abgw{labelResId=2132020516, callback=uml@c4b228b, lastModifier=2, keyCodes=[32], actions=[0]}
02-03 21:46:18.152 I/HardKeyTracker( 5757): HardKeyTracker.unregisterKeySequence():228 Unregister key sequence abgw{labelResId=2132020516, callback=uml@b02a52e, lastModifier=2, keyCodes=[32], actions=[0]}
02-03 21:46:18.152 I/HardKeyTracker( 5757): HardKeyTracker.registerKeySequence():177 Register key sequence abgw{labelResId=2132020516, callback=uml@360a826, lastModifier=2, keyCodes=[32], actions=[0]}
02-03 21:46:18.154 W/OnBackInvokedCallback(28219): OnBackInvokedCallback is not enabled for the application.
02-03 21:46:18.154 W/OnBackInvokedCallback(28219): Set 'android:enableOnBackInvokedCallback="true"' in the application manifest.
02-03 21:46:18.156 D/InsetsController(28219): show(ime(), fromIme=true)
02-03 21:46:18.159 D/InputMethodManagerService( 1741): onHandleImeWindowVisibleStatus: vis = 3, needsToShowImeSwitcher = false
02-03 21:46:18.159 D/InputMethodManagerService( 1741): onHandleImeWindowVisibleStatus: vis = 3, needsToShowImeSwitcher = false
02-03 21:46:18.162 D/InsetsController(28219): show(ime(), fromIme=true)
02-03 21:46:18.163 D/OplusFullScreenDisplayManager( 1741): adjustWindowParamsLw com.google.android.inputmethod.latin, no change cutoutMode: 0
02-03 21:46:18.163 V/WindowManager( 1741): Relayout Window{96ba97a u0 InputMethod}: viewVisibility=0, oldvis=0, req=1080x2290
02-03 21:46:18.170 I/KeyboardModeUtils( 5757): KeyboardModeUtils.getKeyboardBottomOffset():435 inch: 0.000000 ydpi: 409.016998 adjustKeyboardBottomByDisplaySize: false currentDensityDpi: 408 defaultDensityDpi: 408 keyboardBottomToScreenPx: 0 keyboardBottomToNavBarPx: -41 navBarHeight: 41
02-03 21:46:18.170 I/BaseKeyboardSizeHelper( 5757): BaseKeyboardSizeHelper.calculateMaxKeyboardBodyHeight():73 leave 273 height for app when ime window height:2249, header height:112 and isFullscreenMode:false, so the max keyboard body height is:1864
02-03 21:46:18.170 I/BaseKeyboardSizeHelper( 5757): BaseKeyboardSizeHelper.calculateMaxKeyboardBodyHeight():73 leave 273 height for app when ime window height:2249, header height:112 and isFullscreenMode:false, so the max keyboard body height is:1864
02-03 21:46:18.170 I/WindowMetricsNotification( 5757): WindowMetricsNotification.notifyWithWindow():166 
02-03 21:46:18.171 I/WindowMetricsNotification( 5757): WindowMetricsNotification.notify():159 afxy[bounds=Rect(0, 110 - 1080, 2400), insets=Rect(0, 0 - 0, 41), densityDpi=408, smallestScreenWidthDp=423, displayWidth=1080, displayHeight=2400, xdpi=409.017, ydpi=409.017, isTrustable=true, displayId=0]; DisplayMetrics{density=2.55, width=1080, height=2400, scaledDensity=2.55, xdpi=409.017, ydpi=409.017}
02-03 21:46:18.178 I/GoogleInputMethodService( 5757): GoogleInputMethodService$1.onKeyboardViewShown():329 onKeyboardViewShown: keyboardType=prime, keyboardViewType=HEADER keyboardView=com.google.android.libraries.inputmethod.widgets.SoftKeyboardView{5333e6 V.E...... ........ 0,0-1080,112}
02-03 21:46:18.179 I/BaseKeyboardSizeHelper( 5757): BaseKeyboardSizeHelper.calculateMaxKeyboardBodyHeight():73 leave 273 height for app when ime window height:2249, header height:112 and isFullscreenMode:false, so the max keyboard body height is:1864
02-03 21:46:18.180 I/GoogleInputMethodService( 5757): GoogleInputMethodService$1.onKeyboardViewShown():329 onKeyboardViewShown: keyboardType=prime, keyboardViewType=BODY keyboardView=com.google.android.libraries.inputmethod.widgets.SoftKeyboardView{a879801 V.E...... ........ 0,0-1080,742}
02-03 21:46:18.180 I/BaseKeyboardSizeHelper( 5757): BaseKeyboardSizeHelper.calculateMaxKeyboardBodyHeight():73 leave 273 height for app when ime window height:2249, header height:112 and isFullscreenMode:false, so the max keyboard body height is:1864
02-03 21:46:18.180 I/GlobeKeyExtension( 5757): GlobeKeyExtension$1.onKeyboardViewShown():72 maybeDisableLanguageSwitchKeyPref when the keyboard is shown
02-03 21:46:18.180 I/GlobeKeyExtension( 5757): GlobeKeyExtension.maybeDisableLanguageSwitchKeyPref():200 maybeDisableLanguageSwitchKeyPref hasGlobeKeyBeenDisabled: false, shouldDisableLanguageSwitchKey: false
02-03 21:46:18.180 I/NewLanguagePromptExtension( 5757): NewLanguagePromptExtension$1.onKeyboardViewShown():88 Not show new language banner: not prime keyboard, or the extension not activated.
02-03 21:46:18.181 I/KeyboardModeUtils( 5757): KeyboardModeUtils.getKeyboardBottomOffset():435 inch: 0.000000 ydpi: 409.016998 adjustKeyboardBottomByDisplaySize: false currentDensityDpi: 408 defaultDensityDpi: 408 keyboardBottomToScreenPx: 0 keyboardBottomToNavBarPx: -41 navBarHeight: 41
02-03 21:46:18.181 I/BaseKeyboardSizeHelper( 5757): BaseKeyboardSizeHelper.calculateMaxKeyboardBodyHeight():73 leave 273 height for app when ime window height:2249, header height:112 and isFullscreenMode:false, so the max keyboard body height is:1864
02-03 21:46:18.181 I/BaseKeyboardSizeHelper( 5757): BaseKeyboardSizeHelper.calculateMaxKeyboardBodyHeight():73 leave 273 height for app when ime window height:2249, header height:112 and isFullscreenMode:false, so the max keyboard body height is:1864
02-03 21:46:18.195 I/SP      ( 5757): Sync for gboard-small-speech-packs succeeded in 53 ms: no changes
02-03 21:46:18.195 I/SP      ( 5757): GC for 'gboard-small-speech-packs' (10) with ttl of 0 ms took 0 ms (0/0/0)
02-03 21:46:18.197 I/SpeechPackManager( 5757): SpeechPackManager$4.onSuccess():495 updatePackSetCacheAsync() : Updated the PackSet cache
02-03 21:46:18.307 D/AALLightSensor( 1200): oldLux=74 [SA:84 LA:82] newLux=74 (oriLux: 85)
02-03 21:46:18.415 I/hwcomposer(  843): [HWC] (0)fire a callback of refresh to SF[4]  
02-03 21:46:18.448 I/OplusFeedbackInfo(31255): 0xb4000070b8fb6400 c2.mtk.vp9.decoder 360x360 inputFps=0 outputFps=0 renderFps=0, discardFps=0
02-03 21:46:18.508 D/OGG_Detector( 1741): D:done mCurrStatus: 0
02-03 21:46:18.508 D/PowerManagerService( 1741): userActivityNoUpdateLocked: groupId=0, eventTime=104335833, event=2, flags=0x0, uid=1000
02-03 21:46:18.508 D/NoBackGesture( 2210): Start gesture: MotionEvent { action=ACTION_DOWN, actionButton=0, id[0]=0, x[0]=77.75, y[0]=2151.25, toolType[0]=TOOL_TYPE_FINGER, buttonState=0, classification=NONE, metaState=0, flags=0x0, edgeFlags=0x0, pointerCount=1, historySize=0, eventTime=104335833, downTime=104335833, deviceId=4, source=0x1002, displayId=0, eventId=1052460896 }
02-03 21:46:18.508 D/NoBackGesture( 2210): Not in side gesture area
02-03 21:46:18.509 D/EditableInputConnectionExtImpl(28219): handleSendKeyEvent
02-03 21:46:18.524 D/CursorFeedback(28219): getExtraCursorWidth
02-03 21:46:18.524 D/CursorFeedback(28219): getExtraLeftOffset
02-03 21:46:18.600 I/libPowerHal(  863): [perfLockRel] hdl:101666, idx:1
02-03 21:46:18.600 I/libPowerHal(  863): [PD] MTKPOWER_HINT_APP_TOUCH update cmd:3408600 param:0
02-03 21:46:18.607 I/KeyboardModeUtils( 5757): KeyboardModeUtils.getKeyboardBottomOffset():435 inch: 0.000000 ydpi: 409.016998 adjustKeyboardBottomByDisplaySize: false currentDensityDpi: 408 defaultDensityDpi: 408 keyboardBottomToScreenPx: 0 keyboardBottomToNavBarPx: -41 navBarHeight: 41
02-03 21:46:18.607 I/BaseKeyboardSizeHelper( 5757): BaseKeyboardSizeHelper.calculateMaxKeyboardBodyHeight():73 leave 273 height for app when ime window height:2249, header height:112 and isFullscreenMode:false, so the max keyboard body height is:1864
02-03 21:46:18.607 D/EditableInputConnectionExtImpl(28219): handleSendKeyEvent
02-03 21:46:18.608 I/BaseKeyboardSizeHelper( 5757): BaseKeyboardSizeHelper.calculateMaxKeyboardBodyHeight():73 leave 273 height for app when ime window height:2249, header height:112 and isFullscreenMode:false, so the max keyboard body height is:1864
02-03 21:46:18.705 E/WiseLight(  852): Light=1705.000000, del_time=25.000000, light_c=11.000000
02-03 21:46:18.767 I/hwcomposer(  843): [HWC] (0)fire a callback of refresh to SF[4]  
02-03 21:46:18.905 E/WiseLight(  852): Light=1665.000000, del_time=25.000000, light_c=10.000000
02-03 21:46:18.931 D/OGG_Detector( 1741): D:done mCurrStatus: 0
02-03 21:46:18.931 D/PowerManagerService( 1741): userActivityNoUpdateLocked: groupId=0, eventTime=104336257, event=2, flags=0x0, uid=1000
02-03 21:46:18.931 D/NoBackGesture( 2210): Start gesture: MotionEvent { action=ACTION_DOWN, actionButton=0, id[0]=0, x[0]=1011.25, y[0]=1836.5, toolType[0]=TOOL_TYPE_FINGER, buttonState=0, classification=NONE, metaState=0, flags=0x0, edgeFlags=0x0, pointerCount=1, historySize=0, eventTime=104336257, downTime=104336257, deviceId=4, source=0x1002, displayId=0, eventId=29088870 }
02-03 21:46:18.931 D/NoBackGesture( 2210): Not in side gesture area
02-03 21:46:19.023 I/libPowerHal(  863): [perfLockRel] hdl:101667, idx:1
02-03 21:46:19.024 I/libPowerHal(  863): [PD] MTKPOWER_HINT_APP_TOUCH update cmd:3408600 param:0
02-03 21:46:19.027 W/TooltipLifecycleManager( 5757): TooltipLifecycleManager.dismissTooltips():153 Tooltip with id SUGGESTION_VIEW_EDU_MINI_DIALOG not found in tooltipManager.
02-03 21:46:19.038 D/CursorFeedback(28219): getExtraCursorWidth
02-03 21:46:19.038 D/CursorFeedback(28219): getExtraLeftOffset
02-03 21:46:19.043 I/KeyboardModeUtils( 5757): KeyboardModeUtils.getKeyboardBottomOffset():435 inch: 0.000000 ydpi: 409.016998 adjustKeyboardBottomByDisplaySize: false currentDensityDpi: 408 defaultDensityDpi: 408 keyboardBottomToScreenPx: 0 keyboardBottomToNavBarPx: -41 navBarHeight: 41
02-03 21:46:19.044 I/BaseKeyboardSizeHelper( 5757): BaseKeyboardSizeHelper.calculateMaxKeyboardBodyHeight():73 leave 273 height for app when ime window height:2249, header height:112 and isFullscreenMode:false, so the max keyboard body height is:1864
02-03 21:46:19.044 I/BaseKeyboardSizeHelper( 5757): BaseKeyboardSizeHelper.calculateMaxKeyboardBodyHeight():73 leave 273 height for app when ime window height:2249, header height:112 and isFullscreenMode:false, so the max keyboard body height is:1864
02-03 21:46:19.089 D/OplusFullScreenDisplayManager( 1741): adjustWindowParamsLw com.wholexale.app.staging, no change cutoutMode: 0
02-03 21:46:19.089 V/WindowManager( 1741): Relayout Window{48af4 u0 com.wholexale.app.staging/com.wholexale.app.MainActivity}: viewVisibility=0, oldvis=0, req=1080x2400
02-03 21:46:19.105 E/WiseLight(  852): Light=1655.000000, del_time=200.000000, light_c=10.000000
02-03 21:46:19.106 D/OGG_Detector( 1741): D:done mCurrStatus: 0
02-03 21:46:19.106 D/PowerManagerService( 1741): userActivityNoUpdateLocked: groupId=0, eventTime=104336432, event=2, flags=0x0, uid=1000
02-03 21:46:19.107 D/NoBackGesture( 2210): Start gesture: MotionEvent { action=ACTION_DOWN, actionButton=0, id[0]=0, x[0]=67.25, y[0]=1983.75, toolType[0]=TOOL_TYPE_FINGER, buttonState=0, classification=NONE, metaState=0, flags=0x0, edgeFlags=0x0, pointerCount=1, historySize=0, eventTime=104336432, downTime=104336432, deviceId=4, source=0x1002, displayId=0, eventId=935334662 }
02-03 21:46:19.107 D/NoBackGesture( 2210): Not in side gesture area
02-03 21:46:19.192 I/libPowerHal(  863): [perfLockRel] hdl:101668, idx:1
02-03 21:46:19.193 I/libPowerHal(  863): [PD] MTKPOWER_HINT_APP_TOUCH update cmd:3408600 param:0
02-03 21:46:19.193 W/TooltipLifecycleManager( 5757): TooltipLifecycleManager.dismissTooltips():153 Tooltip with id SUGGESTION_VIEW_EDU_MINI_DIALOG not found in tooltipManager.
02-03 21:46:19.204 D/CursorFeedback(28219): getExtraCursorWidth
02-03 21:46:19.204 D/CursorFeedback(28219): getExtraLeftOffset
02-03 21:46:19.254 D/OplusFullScreenDisplayManager( 1741): adjustWindowParamsLw com.wholexale.app.staging, no change cutoutMode: 0
02-03 21:46:19.254 V/WindowManager( 1741): Relayout Window{48af4 u0 com.wholexale.app.staging/com.wholexale.app.MainActivity}: viewVisibility=0, oldvis=0, req=1080x2400
02-03 21:46:19.311 D/OplusAtlasService( 3289): getAttributeByAppName module:oplus-getStreamMaxVolume packageName:com.cricbuzz.android
02-03 21:46:19.314 D/AudioManagerExtImpl(31255): getStreamVolume packageName=com.cricbuzz.android, index=4, streamType=3
02-03 21:46:19.316 D/OplusAtlasService( 3289): getAttributeByAppName module:oplus-getStreamMaxVolume packageName:com.cricbuzz.android
02-03 21:46:19.318 D/AudioManagerExtImpl(31255): getStreamVolume packageName=com.cricbuzz.android, index=4, streamType=3
02-03 21:46:19.321 D/OplusAtlasService( 3289): getAttributeByAppName module:oplus-getStreamMaxVolume packageName:com.cricbuzz.android
02-03 21:46:19.322 D/AudioManagerExtImpl(31255): getStreamVolume packageName=com.cricbuzz.android, index=4, streamType=3
02-03 21:46:19.330 D/OplusAtlasService( 3289): getAttributeByAppName module:oplus-getStreamMaxVolume packageName:com.cricbuzz.android
02-03 21:46:19.332 D/AudioManagerExtImpl(31255): getStreamVolume packageName=com.cricbuzz.android, index=4, streamType=3
02-03 21:46:19.335 D/OplusAtlasService( 3289): getAttributeByAppName module:oplus-getStreamMaxVolume packageName:com.cricbuzz.android
02-03 21:46:19.337 D/AudioManagerExtImpl(31255): getStreamVolume packageName=com.cricbuzz.android, index=4, streamType=3
02-03 21:46:19.383 I/hwcomposer(  843): [HWC] (0)fire a callback of refresh to SF[4]  
02-03 21:46:19.384 D/PowerManagerService( 1741): userActivityNoUpdateLocked: groupId=0, eventTime=104336710, event=2, flags=0x0, uid=1000
02-03 21:46:19.385 D/NoBackGesture( 2210): Start gesture: MotionEvent { action=ACTION_DOWN, actionButton=0, id[0]=0, x[0]=224.25, y[0]=1988.0, toolType[0]=TOOL_TYPE_FINGER, buttonState=0, classification=NONE, metaState=0, flags=0x0, edgeFlags=0x0, pointerCount=1, historySize=0, eventTime=104336710, downTime=104336710, deviceId=4, source=0x1002, displayId=0, eventId=518460249 }
02-03 21:46:19.385 D/OGG_Detector( 1741): D:done mCurrStatus: 0
02-03 21:46:19.385 D/NoBackGesture( 2210): Not in side gesture area
02-03 21:46:19.474 E/Situation(  852): processEvent, handle:26, flush_action:0
02-03 21:46:19.474 E/Situation(  852): orientation state = 4 
02-03 21:46:19.475 V/WindowOrientationListener( 1741): onSensorChanged mDesiredRotation = 4
02-03 21:46:19.492 I/libPowerHal(  863): [perfLockRel] hdl:101669, idx:1
02-03 21:46:19.492 I/libPowerHal(  863): [PD] MTKPOWER_HINT_APP_TOUCH update cmd:3408600 param:0
02-03 21:46:19.493 D/PowerManagerService( 1741): userActivityNoUpdateLocked: groupId=0, eventTime=104336819, event=2, flags=0x0, uid=1000
02-03 21:46:19.494 W/TooltipLifecycleManager( 5757): TooltipLifecycleManager.dismissTooltips():153 Tooltip with id SUGGESTION_VIEW_EDU_MINI_DIALOG not found in tooltipManager.
02-03 21:46:19.501 D/CursorFeedback(28219): getExtraCursorWidth
02-03 21:46:19.501 D/CursorFeedback(28219): getExtraLeftOffset
02-03 21:46:19.552 D/OplusFullScreenDisplayManager( 1741): adjustWindowParamsLw com.wholexale.app.staging, no change cutoutMode: 0
02-03 21:46:19.552 V/WindowManager( 1741): Relayout Window{48af4 u0 com.wholexale.app.staging/com.wholexale.app.MainActivity}: viewVisibility=0, oldvis=0, req=1080x2400
02-03 21:46:19.566 D/OGG_Detector( 1741): D:done mCurrStatus: 0
02-03 21:46:19.566 D/NoBackGesture( 2210): Start gesture: MotionEvent { action=ACTION_DOWN, actionButton=0, id[0]=0, x[0]=209.25, y[0]=2013.25, toolType[0]=TOOL_TYPE_FINGER, buttonState=0, classification=NONE, metaState=0, flags=0x0, edgeFlags=0x0, pointerCount=1, historySize=0, eventTime=104336893, downTime=104336893, deviceId=4, source=0x1002, displayId=0, eventId=328475664 }
02-03 21:46:19.567 D/NoBackGesture( 2210): Not in side gesture area
02-03 21:46:19.625 D/PowerManagerService( 1741): userActivityNoUpdateLocked: groupId=0, eventTime=104336952, event=2, flags=0x0, uid=1000
02-03 21:46:19.653 I/libPowerHal(  863): [perfLockRel] hdl:101670, idx:1
02-03 21:46:19.653 I/libPowerHal(  863): [PD] MTKPOWER_HINT_APP_TOUCH update cmd:3408600 param:0
02-03 21:46:19.654 W/TooltipLifecycleManager( 5757): TooltipLifecycleManager.dismissTooltips():153 Tooltip with id SUGGESTION_VIEW_EDU_MINI_DIALOG not found in tooltipManager.
02-03 21:46:19.667 D/CursorFeedback(28219): getExtraCursorWidth
02-03 21:46:19.667 D/CursorFeedback(28219): getExtraLeftOffset
02-03 21:46:19.701 D/OplusFullScreenDisplayManager( 1741): adjustWindowParamsLw com.wholexale.app.staging, no change cutoutMode: 0
02-03 21:46:19.701 V/WindowManager( 1741): Relayout Window{48af4 u0 com.wholexale.app.staging/com.wholexale.app.MainActivity}: viewVisibility=0, oldvis=0, req=1080x2400
02-03 21:46:19.825 W/HidlServiceHelper(17696): Failed to read virtual TLC buffer usage returns is NULLnull
02-03 21:46:19.843 I/hwcomposer(  843): [HWC] (0)fire a callback of refresh to SF[4]  
02-03 21:46:19.880 D/vendor.oplus.hardware.charger@1.0-service(  893): getChargerControl:
02-03 21:46:19.955 D/OGG_Detector( 1741): D:done mCurrStatus: 0
02-03 21:46:19.955 D/NoBackGesture( 2210): Start gesture: MotionEvent { action=ACTION_DOWN, actionButton=0, id[0]=0, x[0]=147.75, y[0]=1834.25, toolType[0]=TOOL_TYPE_FINGER, buttonState=0, classification=NONE, metaState=0, flags=0x0, edgeFlags=0x0, pointerCount=1, historySize=0, eventTime=104337281, downTime=104337281, deviceId=4, source=0x1002, displayId=0, eventId=542987039 }
02-03 21:46:19.955 D/NoBackGesture( 2210): Not in side gesture area
02-03 21:46:19.955 D/PowerManagerService( 1741): userActivityNoUpdateLocked: groupId=0, eventTime=104337281, event=2, flags=0x0, uid=1000
02-03 21:46:19.978 D/AES     ( 1741): AEEIOCTL_GET/SET_SF_STATE IOCTL,cmd= 1074294797, lParam=0. 
02-03 21:46:19.978 D/AES     ( 1741): AEEIOCTL_RT_MON_Kick IOCTL,cmd= 2147774474, lParam=300. 
02-03 21:46:20.025 I/libPowerHal(  863): [perfLockRel] hdl:101671, idx:1
02-03 21:46:20.026 I/libPowerHal(  863): [PD] MTKPOWER_HINT_APP_TOUCH update cmd:3408600 param:0
02-03 21:46:20.026 W/TooltipLifecycleManager( 5757): TooltipLifecycleManager.dismissTooltips():153 Tooltip with id SUGGESTION_VIEW_EDU_MINI_DIALOG not found in tooltipManager.
02-03 21:46:20.033 D/CursorFeedback(28219): getExtraCursorWidth
02-03 21:46:20.033 D/CursorFeedback(28219): getExtraLeftOffset
02-03 21:46:20.065 D/OplusFullScreenDisplayManager( 1741): adjustWindowParamsLw com.wholexale.app.staging, no change cutoutMode: 0
02-03 21:46:20.065 V/WindowManager( 1741): Relayout Window{48af4 u0 com.wholexale.app.staging/com.wholexale.app.MainActivity}: viewVisibility=0, oldvis=0, req=1080x2400
02-03 21:46:20.195 I/hwcomposer(  843): [HWC] (0)fire a callback of refresh to SF[4]  
02-03 21:46:20.240 D/OGG_Detector( 1741): D:done mCurrStatus: 0
02-03 21:46:20.240 D/PowerManagerService( 1741): userActivityNoUpdateLocked: groupId=0, eventTime=104337566, event=2, flags=0x0, uid=1000
02-03 21:46:20.241 D/NoBackGesture( 2210): Start gesture: MotionEvent { action=ACTION_DOWN, actionButton=0, id[0]=0, x[0]=958.25, y[0]=1822.5, toolType[0]=TOOL_TYPE_FINGER, buttonState=0, classification=NONE, metaState=0, flags=0x0, edgeFlags=0x0, pointerCount=1, historySize=0, eventTime=104337566, downTime=104337566, deviceId=4, source=0x1002, displayId=0, eventId=214688652 }
02-03 21:46:20.241 D/NoBackGesture( 2210): Not in side gesture area
02-03 21:46:20.326 I/libPowerHal(  863): [perfLockRel] hdl:101672, idx:1
02-03 21:46:20.327 I/libPowerHal(  863): [PD] MTKPOWER_HINT_APP_TOUCH update cmd:3408600 param:0
02-03 21:46:20.328 W/TooltipLifecycleManager( 5757): TooltipLifecycleManager.dismissTooltips():153 Tooltip with id SUGGESTION_VIEW_EDU_MINI_DIALOG not found in tooltipManager.
02-03 21:46:20.346 D/CursorFeedback(28219): getExtraCursorWidth
02-03 21:46:20.346 D/CursorFeedback(28219): getExtraLeftOffset
02-03 21:46:20.379 D/OplusFullScreenDisplayManager( 1741): adjustWindowParamsLw com.wholexale.app.staging, no change cutoutMode: 0
02-03 21:46:20.380 V/WindowManager( 1741): Relayout Window{48af4 u0 com.wholexale.app.staging/com.wholexale.app.MainActivity}: viewVisibility=0, oldvis=0, req=1080x2400
02-03 21:46:20.438 D/NoBackGesture( 2210): Start gesture: MotionEvent { action=ACTION_DOWN, actionButton=0, id[0]=0, x[0]=329.25, y[0]=1850.5, toolType[0]=TOOL_TYPE_FINGER, buttonState=0, classification=NONE, metaState=0, flags=0x0, edgeFlags=0x0, pointerCount=1, historySize=0, eventTime=104337764, downTime=104337764, deviceId=4, source=0x1002, displayId=0, eventId=956891096 }
02-03 21:46:20.438 D/NoBackGesture( 2210): Not in side gesture area
02-03 21:46:20.438 D/PowerManagerService( 1741): userActivityNoUpdateLocked: groupId=0, eventTime=104337764, event=2, flags=0x0, uid=1000
02-03 21:46:20.438 D/OGG_Detector( 1741): D:done mCurrStatus: 0
02-03 21:46:20.440 I/thermal_repeater( 1180): [recvMdThermalInfo] ret=26, strLen=127,  3, 42, -50, 197, 32767, 1
02-03 21:46:20.524 I/libPowerHal(  863): [perfLockRel] hdl:101673, idx:1
02-03 21:46:20.525 I/libPowerHal(  863): [PD] MTKPOWER_HINT_APP_TOUCH update cmd:3408600 param:0
02-03 21:46:20.526 W/TooltipLifecycleManager( 5757): TooltipLifecycleManager.dismissTooltips():153 Tooltip with id SUGGESTION_VIEW_EDU_MINI_DIALOG not found in tooltipManager.
02-03 21:46:20.540 E/Situation(  852): processEvent, handle:26, flush_action:0
02-03 21:46:20.540 E/Situation(  852): orientation state = 0 
02-03 21:46:20.544 D/CursorFeedback(28219): getExtraCursorWidth
02-03 21:46:20.544 D/CursorFeedback(28219): getExtraLeftOffset
02-03 21:46:20.595 D/OplusFullScreenDisplayManager( 1741): adjustWindowParamsLw com.wholexale.app.staging, no change cutoutMode: 0
02-03 21:46:20.595 V/WindowManager( 1741): Relayout Window{48af4 u0 com.wholexale.app.staging/com.wholexale.app.MainActivity}: viewVisibility=0, oldvis=0, req=1080x2400
02-03 21:46:20.650 D/OGG_Detector( 1741): D:done mCurrStatus: 0
02-03 21:46:20.650 D/PowerManagerService( 1741): userActivityNoUpdateLocked: groupId=0, eventTime=104337976, event=2, flags=0x0, uid=1000
02-03 21:46:20.650 D/NoBackGesture( 2210): Start gesture: MotionEvent { action=ACTION_DOWN, actionButton=0, id[0]=0, x[0]=312.75, y[0]=1996.75, toolType[0]=TOOL_TYPE_FINGER, buttonState=0, classification=NONE, metaState=0, flags=0x0, edgeFlags=0x0, pointerCount=1, historySize=0, eventTime=104337976, downTime=104337976, deviceId=4, source=0x1002, displayId=0, eventId=606054532 }
02-03 21:46:20.650 D/NoBackGesture( 2210): Not in side gesture area
02-03 21:46:20.721 I/libPowerHal(  863): [perfLockRel] hdl:101674, idx:1
02-03 21:46:20.722 I/libPowerHal(  863): [PD] MTKPOWER_HINT_APP_TOUCH update cmd:3408600 param:0
02-03 21:46:20.723 W/TooltipLifecycleManager( 5757): TooltipLifecycleManager.dismissTooltips():153 Tooltip with id SUGGESTION_VIEW_EDU_MINI_DIALOG not found in tooltipManager.
02-03 21:46:20.728 D/CursorFeedback(28219): getExtraCursorWidth
02-03 21:46:20.728 D/CursorFeedback(28219): getExtraLeftOffset
02-03 21:46:20.776 D/OplusFullScreenDisplayManager( 1741): adjustWindowParamsLw com.wholexale.app.staging, no change cutoutMode: 0
02-03 21:46:20.776 V/WindowManager( 1741): Relayout Window{48af4 u0 com.wholexale.app.staging/com.wholexale.app.MainActivity}: viewVisibility=0, oldvis=0, req=1080x2400
02-03 21:46:20.915 I/hwcomposer(  843): [HWC] (0)fire a callback of refresh to SF[4]  
02-03 21:46:20.994 D/PowerManagerService( 1741): userActivityNoUpdateLocked: groupId=0, eventTime=104338320, event=2, flags=0x0, uid=1000
02-03 21:46:20.994 D/OplusSystemUINavigationGesture( 5757): [GESTURE_BUTTON] swipe from 0
02-03 21:46:20.994 D/OGG_Detector( 1741): D:done mCurrStatus: 0
02-03 21:46:20.995 D/NoBackGesture( 2210): Start gesture: MotionEvent { action=ACTION_DOWN, actionButton=0, id[0]=0, x[0]=60.25, y[0]=1774.5, toolType[0]=TOOL_TYPE_FINGER, buttonState=0, classification=NONE, metaState=0, flags=0x0, edgeFlags=0x0, pointerCount=1, historySize=0, eventTime=104338320, downTime=104338320, deviceId=4, source=0x1002, displayId=0, eventId=1039542901 }
02-03 21:46:20.995 D/NoBackGesture( 2210): AllowGesture false cuz: ||||touch region not valid
02-03 21:46:20.995 D/NoBackGesture( 2210): current sysUiFlags: |||||||||||||||||allow_gesture|ime_visible|||||||
02-03 21:46:20.995 D/NoBackGesture( 2210): mAllowGesture: false
02-03 21:46:21.050 I/libPowerHal(  863): [perfLockRel] hdl:101675, idx:1
02-03 21:46:21.050 I/libPowerHal(  863): [PD] MTKPOWER_HINT_APP_TOUCH update cmd:3408600 param:0
02-03 21:46:21.051 W/TooltipLifecycleManager( 5757): TooltipLifecycleManager.dismissTooltips():153 Tooltip with id SUGGESTION_VIEW_EDU_MINI_DIALOG not found in tooltipManager.
02-03 21:46:21.057 D/CursorFeedback(28219): getExtraCursorWidth
02-03 21:46:21.057 D/CursorFeedback(28219): getExtraLeftOffset
02-03 21:46:21.092 D/OplusFullScreenDisplayManager( 1741): adjustWindowParamsLw com.wholexale.app.staging, no change cutoutMode: 0
02-03 21:46:21.093 V/WindowManager( 1741): Relayout Window{48af4 u0 com.wholexale.app.staging/com.wholexale.app.MainActivity}: viewVisibility=0, oldvis=0, req=1080x2400
02-03 21:46:21.144 W/FinalizerDaemon(28219): type=1400 audit(0.0:8203): avc: denied { getopt } for path="/dev/socket/usap_pool_primary" scontext=u:r:untrusted_app:s0:c85,c259,c512,c768 tcontext=u:r:zygote:s0 tclass=unix_stream_socket permissive=0 app=com.wholexale.app.staging
02-03 21:46:21.227 I/hwcomposer(  843): [HWC] (0)fire a callback of refresh to SF[4]  
02-03 21:46:21.294 D/NoBackGesture( 2210): Start gesture: MotionEvent { action=ACTION_DOWN, actionButton=0, id[0]=0, x[0]=169.25, y[0]=1709.25, toolType[0]=TOOL_TYPE_FINGER, buttonState=0, classification=NONE, metaState=0, flags=0x0, edgeFlags=0x0, pointerCount=1, historySize=0, eventTime=104338620, downTime=104338620, deviceId=4, source=0x1002, displayId=0, eventId=319479489 }
02-03 21:46:21.294 D/PowerManagerService( 1741): userActivityNoUpdateLocked: groupId=0, eventTime=104338620, event=2, flags=0x0, uid=1000
02-03 21:46:21.294 D/NoBackGesture( 2210): Not in side gesture area
02-03 21:46:21.294 D/OGG_Detector( 1741): D:done mCurrStatus: 0
02-03 21:46:21.373 D/OplusAtlasService( 3289): getAttributeByAppName module:oplus-getStreamMaxVolume packageName:com.cricbuzz.android
02-03 21:46:21.375 D/AudioManagerExtImpl(31255): getStreamVolume packageName=com.cricbuzz.android, index=4, streamType=3
02-03 21:46:21.376 D/OplusAtlasService( 3289): getAttributeByAppName module:oplus-getStreamMaxVolume packageName:com.cricbuzz.android
02-03 21:46:21.378 D/AudioManagerExtImpl(31255): getStreamVolume packageName=com.cricbuzz.android, index=4, streamType=3
02-03 21:46:21.380 I/libPowerHal(  863): [perfLockRel] hdl:101676, idx:1
02-03 21:46:21.380 I/libPowerHal(  863): [PD] MTKPOWER_HINT_APP_TOUCH update cmd:3408600 param:0
02-03 21:46:21.381 W/TooltipLifecycleManager( 5757): TooltipLifecycleManager.dismissTooltips():153 Tooltip with id SUGGESTION_VIEW_EDU_MINI_DIALOG not found in tooltipManager.
02-03 21:46:21.385 D/OplusAtlasService( 3289): getAttributeByAppName module:oplus-getStreamMaxVolume packageName:com.cricbuzz.android
02-03 21:46:21.387 D/AudioManagerExtImpl(31255): getStreamVolume packageName=com.cricbuzz.android, index=4, streamType=3
02-03 21:46:21.388 D/OplusAtlasService( 3289): getAttributeByAppName module:oplus-getStreamMaxVolume packageName:com.cricbuzz.android
02-03 21:46:21.388 D/CursorFeedback(28219): getExtraCursorWidth
02-03 21:46:21.388 D/CursorFeedback(28219): getExtraLeftOffset
02-03 21:46:21.389 D/AudioManagerExtImpl(31255): getStreamVolume packageName=com.cricbuzz.android, index=4, streamType=3
02-03 21:46:21.393 D/OplusAtlasService( 3289): getAttributeByAppName module:oplus-getStreamMaxVolume packageName:com.cricbuzz.android
02-03 21:46:21.396 D/AudioManagerExtImpl(31255): getStreamVolume packageName=com.cricbuzz.android, index=4, streamType=3
02-03 21:46:21.422 D/OplusFullScreenDisplayManager( 1741): adjustWindowParamsLw com.wholexale.app.staging, no change cutoutMode: 0
02-03 21:46:21.422 V/WindowManager( 1741): Relayout Window{48af4 u0 com.wholexale.app.staging/com.wholexale.app.MainActivity}: viewVisibility=0, oldvis=0, req=1080x2400
02-03 21:46:21.563 I/hwcomposer(  843): [HWC] (0)fire a callback of refresh to SF[4]  
02-03 21:46:21.677 D/OplusTelephonyController( 2506): onSignalStrengthChanged: SignalStrength=SignalStrength:{mCdma=CellSignalStrengthCdma: cdmaDbm=2147483647 cdmaEcio=2147483647 evdoDbm=2147483647 evdoEcio=2147483647 evdoSnr=2147483647 level=0,mGsm=CellSignalStrengthGsm: rssi=2147483647 ber=2147483647 mTa=2147483647 mLevel=0,mWcdma=CellSignalStrengthWcdma: ss=2147483647 ber=2147483647 rscp=2147483647 ecno=2147483647 level=0,mTdscdma=CellSignalStrengthTdscdma: rssi=2147483647 ber=2147483647 rscp=2147483647 level=0,mLte=CellSignalStrengthLte: rssi=2147483647 rsrp=-107 rsrq=-11 rssnr=5 cqiTableIndex=2147483647 cqi=0 ta=0 level=3 parametersUseForLevel=0,mNr=CellSignalStrengthNr:{ csiRsrp = 2147483647 csiRsrq = 2147483647 csiCqiTableIndex = 2147483647 csiCqiReport = [] ssRsrp = 2147483647 ssRsrq = 2147483647 ssSinr = 2147483647 level = 0 parametersUseForLevel = 0 },primary=CellSignalStrengthLte}, phoneId=0, mMtkLevel=0, mMtkRsrpOnly=false, mMtkLteRsrpThreshold=null, mMtkLteRssnrThreshold=null
02-03 21:46:21.815 I/hwcomposer(  843): [HWC] (0)fire a callback of refresh to SF[4]  
02-03 21:46:22.039 I/hwcomposer(  843): [HWC] (0)fire a callback of refresh to SF[4]  
02-03 21:46:22.092 D/NoBackGesture( 2210): Start gesture: MotionEvent { action=ACTION_DOWN, actionButton=0, id[0]=0, x[0]=941.0, y[0]=1073.25, toolType[0]=TOOL_TYPE_FINGER, buttonState=0, classification=NONE, metaState=0, flags=0x0, edgeFlags=0x0, pointerCount=1, historySize=0, eventTime=104339418, downTime=104339418, deviceId=4, source=0x1002, displayId=0, eventId=592123810 }
02-03 21:46:22.092 D/NoBackGesture( 2210): Not in side gesture area
02-03 21:46:22.092 D/OGG_Detector( 1741): D:done mCurrStatus: 0
02-03 21:46:22.093 D/PowerManagerService( 1741): userActivityNoUpdateLocked: groupId=0, eventTime=104339418, event=2, flags=0x0, uid=1000
02-03 21:46:22.162 I/libPowerHal(  863): [perfLockRel] hdl:101677, idx:1
02-03 21:46:22.163 I/libPowerHal(  863): [PD] MTKPOWER_HINT_APP_TOUCH update cmd:3408600 param:0
02-03 21:46:22.164 D/InputMethodManager(28219): showSoftInput() view=com.facebook.react.views.textinput.ReactEditText{87f277b VFED..CL. .F.P.... 132,3-891,149 #39 aid=1073741825} flags=0 reason=SHOW_SOFT_INPUT
02-03 21:46:22.170 D/InputMethodManagerService( 1741): onHandleImeWindowVisibleStatus: vis = 3, needsToShowImeSwitcher = false
02-03 21:46:22.211 I/SurfaceFlinger(  962): [SF client] NEW(0xb400007975610300) for (28219:com.wholexale.app.staging)
02-03 21:46:22.214 D/WindowManager(28219): Add to mViews: android.widget.PopupWindow$PopupDecorView{a111bb8 V.E...... R.....I. 0,0-0,0},pkg= com.wholexale.app.staging
02-03 21:46:22.221 D/OplusFullScreenDisplayManager( 1741): adjustWindowParamsLw com.wholexale.app.staging, no change cutoutMode: 0
02-03 21:46:22.222 I/WindowManager( 1741): addWindow: New client android.os.BinderProxy@484a01e : window=Window{a7580ff u0 PopupWindow:1a17e1b}
02-03 21:46:22.224 D/ViewRootImplExtImpl(28219): onDisplayChanged -1 for VRI android.view.ViewRootImpl@4983b64
02-03 21:46:22.225 D/CoreBackPreview( 1741): Window{a7580ff u0 PopupWindow:1a17e1b}: Setting back callback OnBackInvokedCallbackInfo{mCallback=android.window.IOnBackInvokedCallback$Stub$Proxy@d056515, mPriority=0}
02-03 21:46:22.226 D/InputEventReceiver(28219): Input log is disabled
02-03 21:46:22.228 I/Quality (28219): Skipped: false 3 cost 64.205284 refreshRate 16551074 bit true processName com.wholexale.app.staging
02-03 21:46:22.229 I/SurfaceFlinger(  962): [SF client] NEW(0xb400007963f13540) for (28219:com.wholexale.app.staging)
02-03 21:46:22.231 D/WindowManager(28219): Add to mViews: android.widget.PopupWindow$PopupDecorView{2179593 V.E...... R.....I. 0,0-0,0},pkg= com.wholexale.app.staging
02-03 21:46:22.238 D/OplusFullScreenDisplayManager( 1741): adjustWindowParamsLw com.wholexale.app.staging, no change cutoutMode: 0
02-03 21:46:22.239 I/WindowManager( 1741): addWindow: New client android.os.BinderProxy@356a02a : window=Window{b2b2e1b u0 PopupWindow:74e9a82}
02-03 21:46:22.241 D/ViewRootImplExtImpl(28219): onDisplayChanged -1 for VRI android.view.ViewRootImpl@89bf7ef
02-03 21:46:22.242 D/CoreBackPreview( 1741): Window{b2b2e1b u0 PopupWindow:74e9a82}: Setting back callback OnBackInvokedCallbackInfo{mCallback=android.window.IOnBackInvokedCallback$Stub$Proxy@5643d91, mPriority=0}
02-03 21:46:22.243 D/InputEventReceiver(28219): Input log is disabled
02-03 21:46:22.245 D/OplusFullScreenDisplayManager( 1741): adjustWindowParamsLw com.wholexale.app.staging, no change cutoutMode: 0
02-03 21:46:22.245 V/WindowManager( 1741): Relayout Window{a7580ff u0 PopupWindow:1a17e1b}: viewVisibility=0, oldvis=0, req=82x76
02-03 21:46:22.245 I/BufferQueueDebug(  962): [PopupWindow:1a17e1b#39233](this:0xb400007963bd59e8,id:-1,api:0,p:-1,c:-1) BufferQueue core=(962:/system/bin/surfaceflinger)
02-03 21:46:22.256 D/[OSIE]  (  962): scltmLayer_name VRI[PopupWindow:1a17e1b][PopupWindow:1a17e1b]
02-03 21:46:22.256 D/[OSIE]  (  962): IsSCLTMLayer=0 
02-03 21:46:22.256 D/BufferQueueConsumer(28219): [](id:6e3b00000001,api:0,p:-1,c:28219) connect: controlledByApp=false
02-03 21:46:22.266 D/VRI[PopupWindow:1a17e1b](28219): registerCallbacksForSync syncBuffer=false
02-03 21:46:22.270 D/BLASTBufferQueue(28219): [VRI[PopupWindow:1a17e1b][PopupWindow:1a17e1b]#1](f:0,a:1) acquireNextBufferLocked size=82x76 mFrameNumber=1 applyTransaction=true mTimestamp=104339598964218(auto) mPendingTransactions.size=0 graphicBufferId=121199682125835 transform=0
02-03 21:46:22.270 D/VRI[PopupWindow:1a17e1b](28219): Received frameCommittedCallback lastAttemptedDrawFrameNum=1 didProduceBuffer=true syncBuffer=false
02-03 21:46:22.271 W/Parcel  (28219): Expecting binder but got null!
02-03 21:46:22.272 D/VRI[PopupWindow:1a17e1b](28219): draw finished.
02-03 21:46:22.272 D/InsetsController(28219): show(ime(), fromIme=true)
02-03 21:46:22.272 D/WindowManager( 1741): finishDrawingWindow: Window{a7580ff u0 PopupWindow:1a17e1b} mDrawState=DRAW_PENDING
02-03 21:46:22.273 I/Quality (28219): Skipped: false 2 cost 43.116287 refreshRate 16551285 bit true processName com.wholexale.app.staging
02-03 21:46:22.282 D/OplusFullScreenDisplayManager( 1741): adjustWindowParamsLw com.wholexale.app.staging, no change cutoutMode: 0
02-03 21:46:22.282 V/WindowManager( 1741): Relayout Window{b2b2e1b u0 PopupWindow:74e9a82}: viewVisibility=0, oldvis=0, req=102x102
02-03 21:46:22.283 I/BufferQueueDebug(  962): [PopupWindow:74e9a82#39234](this:0xb40000793c1b79e8,id:-1,api:0,p:-1,c:-1) BufferQueue core=(962:/system/bin/surfaceflinger)
02-03 21:46:22.283 D/BufferStateLayer(  962): PopupWindow:1a17e1b#39233 setBuffer frameId=1, bufferId=121199682125835 fenceId=1253, w= 82, h=76
02-03 21:46:22.283 D/OplusLayer(  962): (39233,PopupWindow:1a17e1b#39233,com.wholexale.app.staging) setBuffer
02-03 21:46:22.287 I/DispPerfService(  962): updateLayerMask 0
02-03 21:46:22.292 D/[OSIE]  (  962): scltmLayer_name VRI[PopupWindow:74e9a82][PopupWindow:74e9a82]
02-03 21:46:22.292 D/[OSIE]  (  962): IsSCLTMLayer=0 
02-03 21:46:22.292 D/BufferQueueConsumer(28219): [](id:6e3b00000002,api:0,p:-1,c:28219) connect: controlledByApp=false
02-03 21:46:22.295 D/VRI[PopupWindow:74e9a82](28219): registerCallbacksForSync syncBuffer=false
02-03 21:46:22.321 D/BLASTBufferQueue(28219): [VRI[PopupWindow:74e9a82][PopupWindow:74e9a82]#2](f:0,a:1) acquireNextBufferLocked size=102x102 mFrameNumber=1 applyTransaction=true mTimestamp=104339649790680(auto) mPendingTransactions.size=0 graphicBufferId=121199682125837 transform=0
02-03 21:46:22.321 D/VRI[PopupWindow:74e9a82](28219): Received frameCommittedCallback lastAttemptedDrawFrameNum=1 didProduceBuffer=true syncBuffer=false
02-03 21:46:22.322 W/Parcel  (28219): Expecting binder but got null!
02-03 21:46:22.322 D/VRI[PopupWindow:74e9a82](28219): draw finished.
02-03 21:46:22.325 D/WindowManager( 1741): finishDrawingWindow: Window{b2b2e1b u0 PopupWindow:74e9a82} mDrawState=DRAW_PENDING
02-03 21:46:22.327 I/Quality (28219): Skipped: false 2 cost 47.8471 refreshRate 16550527 bit true processName com.wholexale.app.staging
02-03 21:46:22.328 D/VRI[PopupWindow:1a17e1b](28219): registerCallbacksForSync syncBuffer=false
02-03 21:46:22.332 D/VRI[PopupWindow:1a17e1b](28219): Received frameCommittedCallback lastAttemptedDrawFrameNum=3 didProduceBuffer=true syncBuffer=false
02-03 21:46:22.332 D/VRI[PopupWindow:1a17e1b](28219): draw finished.
02-03 21:46:22.333 D/BufferStateLayer(  962): PopupWindow:74e9a82#39234 setBuffer frameId=1, bufferId=121199682125837 fenceId=1282, w= 102, h=102
02-03 21:46:22.333 D/OplusLayer(  962): (39234,PopupWindow:74e9a82#39234,com.wholexale.app.staging) setBuffer
02-03 21:46:22.334 D/VRI[PopupWindow:74e9a82](28219): registerCallbacksForSync syncBuffer=false
02-03 21:46:22.338 D/VRI[PopupWindow:74e9a82](28219): Received frameCommittedCallback lastAttemptedDrawFrameNum=2 didProduceBuffer=true syncBuffer=false
02-03 21:46:22.338 D/VRI[PopupWindow:74e9a82](28219): draw finished.
02-03 21:46:22.339 D/WindowManager( 1741): finishDrawingWindow: Window{a7580ff u0 PopupWindow:1a17e1b} mDrawState=HAS_DRAWN
02-03 21:46:22.343 D/WindowManager( 1741): finishDrawingWindow: Window{b2b2e1b u0 PopupWindow:74e9a82} mDrawState=HAS_DRAWN
02-03 21:46:22.386 I/DispPerfService(  962): updateLayerMask 0
02-03 21:46:22.449 D/Layer   (  962): reparent to null sequence=39235, seq[17], name=Surface(name=b2b2e1b PopupWindow:74e9a82)/@0x3e72b64 - animation-leash of window_animation#39235
02-03 21:46:22.450 D/OplusLayer(  962): ~Layer() sequence=39235, name=Surface(name=b2b2e1b PopupWindow:74e9a82)/@0x3e72b64 - animation-leash of window_animation#39235
02-03 21:46:22.506 D/AALLightSensor( 1200): oldLux=74 [SA:84 LA:82] newLux=74 (oriLux: 85)
02-03 21:46:22.587 I/hwcomposer(  843): [HWC] (0)fire a callback of refresh to SF[4]  
02-03 21:46:22.677 D/OGG_Detector( 1741): D:done mCurrStatus: 0
02-03 21:46:22.677 D/PowerManagerService( 1741): userActivityNoUpdateLocked: groupId=0, eventTime=104340003, event=2, flags=0x0, uid=1000
02-03 21:46:22.678 D/NoBackGesture( 2210): Start gesture: MotionEvent { action=ACTION_DOWN, actionButton=0, id[0]=0, x[0]=912.0, y[0]=1050.5, toolType[0]=TOOL_TYPE_FINGER, buttonState=0, classification=NONE, metaState=0, flags=0x0, edgeFlags=0x0, pointerCount=1, historySize=0, eventTime=104340003, downTime=104340003, deviceId=4, source=0x1002, displayId=0, eventId=297298833 }
02-03 21:46:22.678 D/NoBackGesture( 2210): Not in side gesture area
02-03 21:46:22.733 I/libPowerHal(  863): [perfLockRel] hdl:101678, idx:1
02-03 21:46:22.733 I/libPowerHal(  863): [PD] MTKPOWER_HINT_APP_TOUCH update cmd:3408600 param:0
02-03 21:46:22.737 D/androidtc(28219): Initializing SystemTextClassifier, type = System
02-03 21:46:22.741 D/InputMethodManager(28219): showSoftInput() view=com.facebook.react.views.textinput.ReactEditText{87f277b VFED..CL. .F.P.... 132,3-891,149 #39 aid=1073741825} flags=0 reason=SHOW_SOFT_INPUT
02-03 21:46:22.742 D/OplusScrollToTopManager(28219): unregisterGuidePopupDismissReceiverInSystemUI
02-03 21:46:22.743 D/OplusScrollToTopManager(28219): Receiver not registered: android.view.OplusScrollToTopManager$1@b66a832
02-03 21:46:22.743 D/OplusScrollToTopManager(28219): unregisterSystemUIBroadcastReceiver 
02-03 21:46:22.743 D/OplusScrollToTopManager(28219): java.lang.IllegalArgumentException: Receiver not registered: android.view.OplusScrollToTopManager$2@aa10983
02-03 21:46:22.743 V/ZoomWindowDecorView(28219): removeZoomView
02-03 21:46:22.743 D/CoreBackPreview( 1741): Window{b2b2e1b u0 PopupWindow:74e9a82}: Setting back callback null
02-03 21:46:22.746 D/BLASTBufferQueue(28219): [VRI[PopupWindow:74e9a82][PopupWindow:74e9a82]#2](f:0,a:1) destructor()
02-03 21:46:22.746 D/BufferQueueConsumer(28219): [VRI[PopupWindow:74e9a82][PopupWindow:74e9a82]#2(BLAST Consumer)2](id:6e3b00000002,api:0,p:-1,c:28219) disconnect
02-03 21:46:22.747 W/InputManager-JNI( 1741): Input channel object 'b2b2e1b PopupWindow:74e9a82 (client)' was disposed without first being removed with the input manager!
02-03 21:46:22.747 D/InputMethodManagerService( 1741): onHandleImeWindowVisibleStatus: vis = 3, needsToShowImeSwitcher = false
02-03 21:46:22.754 D/OplusScrollToTopManager(28219): unregisterGuidePopupDismissReceiverInSystemUI
02-03 21:46:22.754 D/OplusScrollToTopManager(28219): Receiver not registered: android.view.OplusScrollToTopManager$1@5c92700
02-03 21:46:22.754 D/OplusScrollToTopManager(28219): unregisterSystemUIBroadcastReceiver 
02-03 21:46:22.754 D/OplusScrollToTopManager(28219): java.lang.IllegalArgumentException: Receiver not registered: android.view.OplusScrollToTopManager$2@a87cb39
02-03 21:46:22.755 V/ZoomWindowDecorView(28219): removeZoomView
02-03 21:46:22.757 D/CoreBackPreview( 1741): Window{a7580ff u0 PopupWindow:1a17e1b}: Setting back callback null
02-03 21:46:22.757 D/BLASTBufferQueue(28219): [VRI[PopupWindow:1a17e1b][PopupWindow:1a17e1b]#1](f:0,a:1) destructor()
02-03 21:46:22.757 D/BufferQueueConsumer(28219): [VRI[PopupWindow:1a17e1b][PopupWindow:1a17e1b]#1(BLAST Consumer)1](id:6e3b00000001,api:0,p:-1,c:28219) disconnect
02-03 21:46:22.758 W/InputManager-JNI( 1741): Input channel object 'a7580ff PopupWindow:1a17e1b (client)' was disposed without first being removed with the input manager!
02-03 21:46:22.759 D/OplusWindowContainerControlService( 1741): removeWindowState: com.wholexale.app.staging, count = 1
02-03 21:46:22.767 I/Quality (28219): Skipped: false 1 cost 24.352526 refreshRate 16548585 bit true processName com.wholexale.app.staging
02-03 21:46:22.769 I/SurfaceFlinger(  962): [SF client] NEW(0xb400007963f59200) for (28219:com.wholexale.app.staging)
02-03 21:46:22.771 D/WindowManager(28219): Add to mViews: android.widget.PopupWindow$PopupDecorView{1e0badf V.E...... R.....I. 0,0-0,0},pkg= com.wholexale.app.staging
02-03 21:46:22.776 D/OplusFullScreenDisplayManager( 1741): adjustWindowParamsLw com.wholexale.app.staging, no change cutoutMode: 0
02-03 21:46:22.777 I/WindowManager( 1741): addWindow: New client android.os.BinderProxy@5fad2e8 : window=Window{f7ead01 u0 PopupWindow:74e9a82}
02-03 21:46:22.778 D/ViewRootImplExtImpl(28219): onDisplayChanged -1 for VRI android.view.ViewRootImpl@64025fb
02-03 21:46:22.779 D/CoreBackPreview( 1741): Window{f7ead01 u0 PopupWindow:74e9a82}: Setting back callback OnBackInvokedCallbackInfo{mCallback=android.window.IOnBackInvokedCallback$Stub$Proxy@f85a5e7, mPriority=0}
02-03 21:46:22.780 D/Layer   (  962): reparent to null sequence=39233, seq[4], name=PopupWindow:1a17e1b#39233
02-03 21:46:22.780 D/Layer   (  962): reparent to null sequence=39231, seq[4], name=a7580ff PopupWindow:1a17e1b#39231
02-03 21:46:22.780 D/OplusLayer(  962): ~Layer() sequence=39231, name=a7580ff PopupWindow:1a17e1b#39231
02-03 21:46:22.781 D/InputEventReceiver(28219): Input log is disabled
02-03 21:46:22.782 D/InsetsController(28219): show(ime(), fromIme=true)
02-03 21:46:22.783 D/OplusFullScreenDisplayManager( 1741): adjustWindowParamsLw com.wholexale.app.staging, no change cutoutMode: 0
02-03 21:46:22.783 V/WindowManager( 1741): Relayout Window{f7ead01 u0 PopupWindow:74e9a82}: viewVisibility=0, oldvis=0, req=102x102
02-03 21:46:22.784 I/BufferQueueDebug(  962): [PopupWindow:74e9a82#39238](this:0xb40000790b16c9e8,id:-1,api:0,p:-1,c:-1) BufferQueue core=(962:/system/bin/surfaceflinger)
02-03 21:46:22.784 I/BufferQueueDebug(  962): [PopupWindow:1a17e1b#39233](this:0xb400007963bd59e8,id:-1,api:0,p:-1,c:962) onDestructor()
02-03 21:46:22.784 D/OplusLayer(  962): ~Layer() sequence=39233, name=PopupWindow:1a17e1b#39233
02-03 21:46:22.785 I/DispPerfService(  962): updateLayerMask 0
02-03 21:46:22.791 D/[OSIE]  (  962): scltmLayer_name VRI[PopupWindow:74e9a82][PopupWindow:74e9a82]
02-03 21:46:22.791 D/[OSIE]  (  962): IsSCLTMLayer=0 
02-03 21:46:22.791 D/BufferQueueConsumer(28219): [](id:6e3b00000003,api:0,p:-1,c:28219) connect: controlledByApp=false
02-03 21:46:22.792 E/IPCThreadState(28219): attemptIncStrongHandle(77): Not supported
02-03 21:46:22.792 E/IPCThreadState(28219): attemptIncStrongHandle(76): Not supported
02-03 21:46:22.795 D/VRI[PopupWindow:74e9a82](28219): registerCallbacksForSync syncBuffer=false
02-03 21:46:22.801 D/BLASTBufferQueue(28219): [VRI[PopupWindow:74e9a82][PopupWindow:74e9a82]#3](f:0,a:1) acquireNextBufferLocked size=102x102 mFrameNumber=1 applyTransaction=true mTimestamp=104340129580987(auto) mPendingTransactions.size=0 graphicBufferId=121199682125846 transform=0
02-03 21:46:22.802 D/VRI[PopupWindow:74e9a82](28219): Received frameCommittedCallback lastAttemptedDrawFrameNum=1 didProduceBuffer=true syncBuffer=false
02-03 21:46:22.802 W/Parcel  (28219): Expecting binder but got null!
02-03 21:46:22.802 D/VRI[PopupWindow:74e9a82](28219): draw finished.
02-03 21:46:22.803 D/WindowManager( 1741): finishDrawingWindow: Window{f7ead01 u0 PopupWindow:74e9a82} mDrawState=DRAW_PENDING
02-03 21:46:22.804 D/VRI[PopupWindow:74e9a82](28219): registerCallbacksForSync syncBuffer=false
02-03 21:46:22.804 D/VRI[PopupWindow:74e9a82](28219): Received frameCommittedCallback lastAttemptedDrawFrameNum=2 didProduceBuffer=false syncBuffer=false
02-03 21:46:22.804 D/VRI[PopupWindow:74e9a82](28219): draw finished.
02-03 21:46:22.813 D/BufferStateLayer(  962): PopupWindow:74e9a82#39238 setBuffer frameId=1, bufferId=121199682125846 fenceId=1281, w= 102, h=102
02-03 21:46:22.813 D/OplusLayer(  962): (39238,PopupWindow:74e9a82#39238,com.wholexale.app.staging) setBuffer
02-03 21:46:22.815 D/WindowManager( 1741): finishDrawingWindow: Window{f7ead01 u0 PopupWindow:74e9a82} mDrawState=HAS_DRAWN
02-03 21:46:22.850 I/DispPerfService(  962): updateLayerMask 0
02-03 21:46:22.896 D/OplusFullScreenDisplayManager( 1741): adjustWindowParamsLw com.wholexale.app.staging, no change cutoutMode: 0
02-03 21:46:22.896 V/WindowManager( 1741): Relayout Window{f7ead01 u0 PopupWindow:74e9a82}: viewVisibility=0, oldvis=0, req=102x102
02-03 21:46:22.913 D/Layer   (  962): reparent to null sequence=39239, seq[17], name=Surface(name=f7ead01 PopupWindow:74e9a82)/@0x1a8183d - animation-leash of window_animation#39239
02-03 21:46:22.914 D/OplusLayer(  962): ~Layer() sequence=39239, name=Surface(name=f7ead01 PopupWindow:74e9a82)/@0x1a8183d - animation-leash of window_animation#39239
02-03 21:46:22.915 D/OplusWindowContainerControlService( 1741): removeWindowState: com.wholexale.app.staging, count = 1
02-03 21:46:22.929 D/Layer   (  962): reparent to null sequence=39234, seq[4], name=PopupWindow:74e9a82#39234
02-03 21:46:22.929 D/Layer   (  962): reparent to null sequence=39232, seq[6], name=b2b2e1b PopupWindow:74e9a82#39232
02-03 21:46:22.929 D/Layer   (  962): reparent to null sequence=39236, seq[23], name=Surface(name=b2b2e1b PopupWindow:74e9a82)/@0x3e72b64 - animation-leash of window_animation#39236
02-03 21:46:22.930 D/OplusLayer(  962): ~Layer() sequence=39236, name=Surface(name=b2b2e1b PopupWindow:74e9a82)/@0x3e72b64 - animation-leash of window_animation#39236
02-03 21:46:22.930 D/OplusLayer(  962): ~Layer() sequence=39232, name=b2b2e1b PopupWindow:74e9a82#39232
02-03 21:46:22.933 I/BufferQueueDebug(  962): [PopupWindow:74e9a82#39234](this:0xb40000793c1b79e8,id:-1,api:0,p:-1,c:962) onDestructor()
02-03 21:46:22.933 D/OplusLayer(  962): ~Layer() sequence=39234, name=PopupWindow:74e9a82#39234
02-03 21:46:22.933 I/DispPerfService(  962): updateLayerMask 0
02-03 21:46:23.047 I/hwcomposer(  843): [HWC] (0)fire a callback of refresh to SF[4]  
02-03 21:46:23.279 I/hwcomposer(  843): [HWC] (0)fire a callback of refresh to SF[4]  
02-03 21:46:23.341 D/NoBackGesture( 2210): Start gesture: MotionEvent { action=ACTION_DOWN, actionButton=0, id[0]=0, x[0]=953.0, y[0]=1025.25, toolType[0]=TOOL_TYPE_FINGER, buttonState=0, classification=NONE, metaState=0, flags=0x0, edgeFlags=0x0, pointerCount=1, historySize=0, eventTime=104340667, downTime=104340667, deviceId=4, source=0x1002, displayId=0, eventId=463187558 }
02-03 21:46:23.341 D/NoBackGesture( 2210): Not in side gesture area
