02-03 21:46:09.007 W/WindowManager( 1741): 	at com.android.server.wm.WindowSurfacePlacer.performSurfacePlacementLoop(WindowSurfacePlacer.java:177)
02-03 21:46:09.007 W/WindowManager( 1741): 	at com.android.server.wm.WindowSurfacePlacer.performSurfacePlacement(WindowSurfacePlacer.java:126)
02-03 21:46:09.007 W/WindowManager( 1741): 	at com.android.server.wm.WindowSurfacePlacer.performSurfacePlacement(WindowSurfacePlacer.java:115)
02-03 21:46:09.007 W/WindowManager( 1741): 	at com.android.server.wm.WindowSurfacePlacer$Traverser.run(WindowSurfacePlacer.java:57)
02-03 21:46:09.007 W/WindowManager( 1741): 	at android.os.Handler.handleCallback(Handler.java:942)
02-03 21:46:09.007 W/WindowManager( 1741): 	at android.os.Handler.dispatchMessage(Handler.java:99)
02-03 21:46:09.007 W/WindowManager( 1741): 	at android.os.Looper.loopOnce(Looper.java:240)
02-03 21:46:09.007 W/WindowManager( 1741): 	at android.os.Looper.loop(Looper.java:351)
02-03 21:46:09.007 W/WindowManager( 1741): 	at android.os.HandlerThread.run(HandlerThread.java:67)
02-03 21:46:09.007 W/WindowManager( 1741): 	at com.android.server.ServiceThread.run(ServiceThread.java:44)
02-03 21:46:09.007 V/OplusZoomWindowManagerService( 1741): onAnimationFinished:  r = ActivityRecord{20ff1db u0 com.wholexale.app.staging/com.wholexale.app.MainActivity} t1577 f}}
02-03 21:46:09.011 V/OplusZoomWindowManagerService( 1741): onAnimationFinished:  r = ActivityRecord{c0ace5a u0 com.android.launcher/.Launcher} t6}
02-03 21:46:09.011 I/OplusAppSwitchManagerService( 1741):  handleAppVisible , r = ActivityRecord{c0ace5a u0 com.android.launcher/.Launcher} t6}
02-03 21:46:09.011 I/OplusAppSwitchManagerService( 1741):  handleAppVisible , r = ActivityRecord{c0ace5a u0 com.android.launcher/.Launcher} t6}
02-03 21:46:09.017 I/WindowStateExtImpl( 1741): onSurfaceShowChange show = true mPackageName = com.android.launcher parentPkgName = com.android.launcher
02-03 21:46:09.024 D/OplusMirageWindowManagerService( 1741): onTaskRemoved displayid:0 taskId:1577 callers:com.android.server.wm.MirageWindowManagerExtImpl.onTaskRemoved:47 com.android.server.wm.TaskDisplayArea.removeChildTask:398 com.android.server.wm.TaskDisplayArea.removeChild:387 com.android.server.wm.WindowContainer.removeImmediately:891 com.android.server.wm.TaskFragment.removeImmediately:2904 
02-03 21:46:09.025 I/OplusScreenSecurityMask( 1741): onStackRemoved task = Task{67a0751 #1577 type=standard A=10853:com.wholexale.app.staging U=0 visible=false visibleRequested=false mode=fullscreen translucent=true sz=0} record = null displayId = 0
02-03 21:46:09.025 D/TaskFragmentExtImpl( 1741): remove ActivityRecord{20ff1db u0 com.wholexale.app.staging/com.wholexale.app.MainActivity} t-1 f}} to mActivityRecordSum = Counter{ }
02-03 21:46:09.026 V/WindowManager( 1741): Relayout Window{313405c u0 com.android.wallpaper.livepicker.service.smoke.Smoke0WallpaperService}: viewVisibility=0, oldvis=0, req=-1x-1
02-03 21:46:09.032 D/InputMethodManagerService( 1741): isSecurity: attribute.packageName=com.android.launcher mCurMethodId=com.google.android.inputmethod.latin/com.android.inputmethod.latin.LatinIME
02-03 21:46:09.032 D/InputMethodManagerService( 1741): isSecurity= false (  enable=false needShow=false inBlackList=false isExist=true )
02-03 21:46:09.064 D/InputMethodManagerService( 1741): onHandleImeWindowVisibleStatus: vis = 0, needsToShowImeSwitcher = false
02-03 21:46:09.065 W/Looper  ( 1741): Slow dispatch took 163ms android.ui h=com.android.server.am.ActivityManagerService$UiHandler c=null m=1
02-03 21:46:09.071 I/ActivityManager( 1741): Process com.wholexale.app.staging (pid 27912) has died: fg  TOP 
02-03 21:46:09.073 V/WindowManager( 1741): Unknown focus tokens, dropping reportFocusChanged
02-03 21:46:09.134 W/ActivityManager( 1741): setHasOverlayUi called on unknown pid: 27912
02-03 21:46:09.151 D/OplusAppListInterceptManager( 1741): shouldFilterTask
02-03 21:46:09.151 D/OplusAppListInterceptManager( 1741): shouldFilterTask::packageName = com.wholexale.app.staging
02-03 21:46:09.151 D/OplusAppListInterceptManager( 1741): shouldFilterTask
02-03 21:46:09.151 D/OplusAppListInterceptManager( 1741): shouldFilterTask::packageName = com.cricbuzz.android
02-03 21:46:09.165 D/OplusAppListInterceptManager( 1741): shouldFilterTask
02-03 21:46:09.165 D/OplusAppListInterceptManager( 1741): shouldFilterTask::packageName = com.wholexale.app.staging
02-03 21:46:09.165 D/OplusAppListInterceptManager( 1741): shouldFilterTask
02-03 21:46:09.165 D/OplusAppListInterceptManager( 1741): shouldFilterTask::packageName = com.cricbuzz.android
02-03 21:46:09.165 D/OplusAppListInterceptManager( 1741): shouldFilterTask
02-03 21:46:09.165 D/OplusAppListInterceptManager( 1741): shouldFilterTask::packageName = com.google.android.youtube
02-03 21:46:09.165 D/OplusAppListInterceptManager( 1741): shouldFilterTask
02-03 21:46:09.165 D/OplusAppListInterceptManager( 1741): shouldFilterTask::packageName = com.android.chrome
02-03 21:46:09.173 D/OplusAppListInterceptManager( 1741): shouldFilterTask
02-03 21:46:09.173 D/OplusAppListInterceptManager( 1741): shouldFilterTask::packageName = com.wholexale.app.staging
02-03 21:46:09.173 D/OplusAppListInterceptManager( 1741): shouldFilterTask
02-03 21:46:09.173 D/OplusAppListInterceptManager( 1741): shouldFilterTask::packageName = com.cricbuzz.android
02-03 21:46:09.173 D/OplusAppListInterceptManager( 1741): shouldFilterTask
02-03 21:46:09.173 D/OplusAppListInterceptManager( 1741): shouldFilterTask::packageName = com.google.android.youtube
02-03 21:46:09.173 D/OplusAppListInterceptManager( 1741): shouldFilterTask
02-03 21:46:09.173 D/OplusAppListInterceptManager( 1741): shouldFilterTask::packageName = com.android.chrome
02-03 21:46:09.200 I/AppWidgetServiceImpl( 1741): handleNotifyUpdateAppWidget,appWidgetId: 6,packageName:com.coloros.alarmclock
02-03 21:46:09.280 V/WindowOrientationListener( 1741): onSensorChanged mDesiredRotation = 4
02-03 21:46:09.411 D/CameraDelegate( 1741): handleMessage:200
02-03 21:46:09.536 E/ActivityThread( 2175): Failed to find provider info for com.oplus.thirdkit
02-03 21:46:10.880 D/PowerManagerService( 1741): userActivityNoUpdateLocked: groupId=0, eventTime=104328203, event=2, flags=0x0, uid=1000
02-03 21:46:10.883 I/iopgp   ( 2637): Iopgp: TRANSACTION_IOPGP_ON_KEY_DOWN sequence_id = 73 pkg_name = com.wholexale.app.staging isProfile = 0
02-03 21:46:10.884 D/iopgp   ( 2637): cannot find a compiledtrace, need to start tracing on intentstart.
02-03 21:46:10.884 D/iopgp   ( 2637): Iopgp: Decide the action on keydown event done in 0ms.
02-03 21:46:10.983 I/iopgp   ( 2637): Iopgp: TRANSACTION_IOPGP_ON_INTENT_STARTED sequence_id = 73 pkg_name = com.wholexale.app.staging class_name = com.wholexale.app.MainActivity
02-03 21:46:10.984 D/CompatibilityChangeReporter( 1741): Compat change id reported: 161252188; UID 10853; state: DISABLED
02-03 21:46:10.984 I/iopgp   ( 2637): Total traces exceed kMaxAppTraces limits, and number is 2
02-03 21:46:10.985 I/ActivityTaskManager( 1741): START u0 {act=android.intent.action.MAIN cat=[android.intent.category.LAUNCHER] flg=0x10200000 cmp=com.wholexale.app.staging/com.wholexale.app.MainActivity bnds=[859,1090][1065,1392] mCallingUid=10106} from uid 10106
02-03 21:46:10.985 D/MultiApp.CMAService( 1741): changeIntentIfNeed --- from launcher
02-03 21:46:10.986 D/CompatibilityChangeReporter( 1741): Compat change id reported: 194480991; UID 10853; state: ENABLED
02-03 21:46:10.989 D/OplusZoomWindowManagerService( 1741): onConfigurationChanged rotation not changed - prevRotation: 0
02-03 21:46:10.991 I/OplusScreenSecurityMask( 1741): onStackAdded task = Task{fbf8b8 #1578 type=standard ?? U=0 visible=false visibleRequested=false mode=fullscreen translucent=true sz=0} record = null displayId = 0
02-03 21:46:10.991 I/OplusScreenSecurityMask( 1741): onStackAdded task = Task{fbf8b8 #1578 type=standard A=10853:com.wholexale.app.staging U=0 visible=false visibleRequested=false mode=fullscreen translucent=true sz=0} record = null displayId = 0
02-03 21:46:10.992 D/CompatibilityChangeReporter( 1741): Compat change id reported: 174042980; UID 10853; state: DISABLED
02-03 21:46:10.993 D/CompatibilityChangeReporter( 1741): Compat change id reported: 184838306; UID 10853; state: DISABLED
02-03 21:46:10.993 D/CompatibilityChangeReporter( 1741): Compat change id reported: 185004937; UID 10853; state: DISABLED
02-03 21:46:10.993 D/CompatibilityChangeReporter( 1741): Compat change id reported: 181136395; UID 10853; state: DISABLED
02-03 21:46:10.993 D/CompatibilityChangeReporter( 1741): Compat change id reported: 174042936; UID 10853; state: DISABLED
02-03 21:46:10.995 D/TaskFragmentExtImpl( 1741): add ActivityRecord{72a852a u0 com.wholexale.app.staging/com.wholexale.app.MainActivity} t1578} to mActivityRecordSum = Counter{ com.wholexale.app.staging/com.wholexale.app.MainActivity(1) }
02-03 21:46:10.997 D/ActivityTaskManager( 1741): getStartingWindowType: newTask=true, taskSwitch=true, processRunning=false, allowTaskSnapshot=true, activityCreated=false, snapshot=null, record:ActivityRecord{72a852a u0 com.wholexale.app.staging/com.wholexale.app.MainActivity} t1578}
02-03 21:46:10.997 D/CompatibilityChangeReporter( 1741): Compat change id reported: 205907456; UID 10853; state: ENABLED
02-03 21:46:10.998 V/OplusZoomWindowManagerService( 1741): windowMode: 0 ,stack: Task{fbf8b8 #1578 type=standard A=10853:com.wholexale.app.staging U=0 visible=true visibleRequested=false mode=fullscreen translucent=true sz=1}
02-03 21:46:10.999 D/PhoneStartingWindowTypeAlgorithm( 2210): preferredStartingWindowType newTask=true, taskSwitch=true, processRunning=false, allowTaskSnapshot=true, activityCreated=false, isSolidColorSplashScreen=false, legacySplashScreen=false, activityDrawn=false, topIsHome=false
02-03 21:46:11.002 D/CompatibilityChangeReporter( 1741): Compat change id reported: 194833441; UID 10853; state: ENABLED
02-03 21:46:11.005 D/OplusShellStartingWindowManager( 2210): adjustSuggestedWindowType: skip no-system app and no-exception list app
02-03 21:46:11.006 D/ShellStartingWindow( 2210): getWindowAttrs window attributes color: 0, replace icon: false
02-03 21:46:11.007 E/WindowManager( 1741): create RemoteAnimationController com.android.server.wm.RemoteAnimationController@eda8f82
02-03 21:46:11.014 D/ShellStartingWindow( 2210): inconsize = 408
02-03 21:46:11.014 D/CompatibilityChangeReporter( 1741): Compat change id reported: 135634846; UID 10853; state: DISABLED
02-03 21:46:11.014 D/CompatibilityChangeReporter( 1741): Compat change id reported: 177438394; UID 10853; state: DISABLED
02-03 21:46:11.014 D/CompatibilityChangeReporter( 1741): Compat change id reported: 135772972; UID 10853; state: DISABLED
02-03 21:46:11.014 D/CompatibilityChangeReporter( 1741): Compat change id reported: 135754954; UID 10853; state: ENABLED
02-03 21:46:11.014 D/CompatibilityChangeReporter( 1741): Compat change id reported: 143937733; UID 10853; state: ENABLED
02-03 21:46:11.018 I/iopgp   ( 2637): Iopgp: TRANSACTION_IOPGP_ON_ACTIVITY_LAUNCHED sequence_id = 73
02-03 21:46:11.025 I/ActivityManager( 1741): Start proc 28219:com.wholexale.app.staging/u0a853 for next-top-activity {com.wholexale.app.staging/com.wholexale.app.MainActivity}
02-03 21:46:11.035 D/CompatibilityChangeReporter( 1741): Compat change id reported: 168419799; UID 10853; state: DISABLED
02-03 21:46:11.035 D/OplusFullScreenDisplayManager( 1741): adjustWindowParamsLw com.wholexale.app.staging, no change cutoutMode: 0
02-03 21:46:11.038 I/WindowManager( 1741): addWindow: New client android.os.BinderProxy@1635685 : window=Window{b868cda u0 Splash Screen com.wholexale.app.staging}
02-03 21:46:11.042 D/CoreBackPreview( 1741): Window{b868cda u0 Splash Screen com.wholexale.app.staging}: Setting back callback OnBackInvokedCallbackInfo{mCallback=android.window.IOnBackInvokedCallback$Stub$Proxy@f1ad13d, mPriority=0}
02-03 21:46:11.046 D/OplusShellStartingWindowManager( 2210): handleSplashScreenView: normal third app or no-default
02-03 21:46:11.047 D/OplusFullScreenDisplayManager( 1741): adjustWindowParamsLw com.wholexale.app.staging, no change cutoutMode: 0
02-03 21:46:11.048 V/WindowManager( 1741): Relayout Window{b868cda u0 Splash Screen com.wholexale.app.staging}: viewVisibility=0, oldvis=0, req=1080x2400
02-03 21:46:11.055 V/WindowManager( 1741): Changing focus from Window{43ad301 u0 com.android.launcher/com.android.launcher.Launcher} to null,diplayid=0
02-03 21:46:11.076 D/OplusDexOptimizeManager( 1741): Do not in AppLaunchOptList!
02-03 21:46:11.078 D/ViewRootImplExtImpl( 2210): Block resize report for SplashScreen of systemui.
02-03 21:46:11.079 I/OplusAppSwitchManagerService( 1741): appswitch hasProcess ActivityRecord{72a852a u0 com.wholexale.app.staging/com.wholexale.app.MainActivity} t1578}
02-03 21:46:11.079 I/OplusJoystickManager( 1741): handleApplicationSwitch deprecated!
02-03 21:46:11.079 I/OplusAppSwitchManagerService( 1741): appswitch hasProcess ActivityRecord{72a852a u0 com.wholexale.app.staging/com.wholexale.app.MainActivity} t1578}
02-03 21:46:11.079 D/OplusAppSwitchListener( 1741): Detect com.android.launcher switch to background
02-03 21:46:11.079 D/OplusEapManager( 1741): mTargetExitName :com.android.launcher
02-03 21:46:11.079 D/VRR [OPlusFrontAppManager]( 1741): OnAppSwitchObserver: onAppExit , info.targetName = com.android.launcher
02-03 21:46:11.080 D/VRR [OPlusFrontAppManager]( 1741): packageName: null
02-03 21:46:11.081 D/ActivityTaskManager( 1741): onWindowFocusChanged Task{fbf8b8 #1578 type=standard A=10853:com.wholexale.app.staging U=0 visible=true visibleRequested=true mode=fullscreen translucent=false sz=1} would transfer to compact
02-03 21:46:11.081 D/VRR [OPlusRefreshRateService]( 1741): handleFrontAppChange pkgName: null
02-03 21:46:11.081 D/VRR [OPlusExternalRefreshRateManager]( 1741): setFrontPackageName pkgName: null CurPkgName: com.android.launcher
02-03 21:46:11.082 D/WindowManager( 1741): finishDrawingWindow: Window{b868cda u0 Splash Screen com.wholexale.app.staging} mDrawState=DRAW_PENDING
02-03 21:46:11.083 D/OplusAppSwitchListener( 1741): Detect com.wholexale.app.staging switch to foreground
02-03 21:46:11.084 D/OplusEapManager( 1741): mTargetEnterName :com.wholexale.app.staging
02-03 21:46:11.084 D/VRR [OPlusFrontAppManager]( 1741): OnAppSwitchObserver: onAppEnter , info.targetName = com.wholexale.app.staging
02-03 21:46:11.084 D/VRR [OPlusFrontAppManager]( 1741): packageName: com.wholexale.app.staging
02-03 21:46:11.084 E/OplusThermalStats( 1741): Error getting package info: com.wholexale.app.staging
02-03 21:46:11.084 D/VRR [OPlusRefreshRateService]( 1741): handleFrontAppChange pkgName: com.wholexale.app.staging
02-03 21:46:11.084 D/VRR [OPlusExternalRefreshRateManager]( 1741): setFrontPackageName pkgName: com.wholexale.app.staging CurPkgName: null
02-03 21:46:11.085 D/VRR [OPlusRefreshRateService]( 1741):  setFrameRateTargetControl [ 0.0 , com.android.launcher , false , com.oplus.battery ]
02-03 21:46:11.085 D/VRR [OPlusRefreshRateService]( 1741):  setFrameRateTargetControl from [0, 1000, android.uid.system:1000]
02-03 21:46:11.085 D/VRR [OPlusExternalRefreshRateManager]( 1741):  [FRTC] FrameRate : 0 com.android.launcher false com.oplus.battery 0 1000
02-03 21:46:11.085 W/ContextImpl( 2533): Calling a method in the system process without a qualified user: android.app.ContextImpl.startService:1889 android.content.ContextWrapper.startService:827 u1.c.c:8 u1.c.a:4 y2.b.f:4 
02-03 21:46:11.085 D/VRR [OPlusSurfaceFlingerController]( 1741):  add frtc FrameRate : 0 com.android.launcher false com.oplus.battery
02-03 21:46:11.086 D/OplusSplitScreenManagerService( 1741): isDragToSplitState mOplusSpiltScreenDnDUI is null, just return!
02-03 21:46:11.087 D/OplusSplitScreenManagerService( 1741): isDragToSplitState mOplusSpiltScreenDnDUI is null, just return!
02-03 21:46:11.087 D/OplusSplitScreenManagerService( 1741): isDragToSplitState mOplusSpiltScreenDnDUI is null, just return!
02-03 21:46:11.092 D/OplusBatteryServiceFeature( 1741): setSmartCoolDown: coolDown = 5, normalCoolDown = 5, pkgName = com.wholexale.app.staging
02-03 21:46:11.104 I/WindowStateExtImpl( 1741): onSurfaceShowChange show = true mPackageName = com.wholexale.app.staging parentPkgName = com.wholexale.app.staging
02-03 21:46:11.118 D/OplusAppListInterceptManager( 1741): shouldFilterTask
02-03 21:46:11.118 D/OplusAppListInterceptManager( 1741): shouldFilterTask::packageName = com.wholexale.app.staging
02-03 21:46:11.119 D/OplusAppListInterceptManager( 1741): shouldFilterTask
02-03 21:46:11.119 D/OplusAppListInterceptManager( 1741): shouldFilterTask::packageName = com.cricbuzz.android
02-03 21:46:11.139 D/OplusActivityManagerServiceEnhance( 1741): setGlThreads detect 28219 28748
02-03 21:46:11.198 D/OplusInputMethodUtil(28219): init sDebug to false, init sDebugIme to false, init sAlwaysOn to false
02-03 21:46:11.198 D/OplusInputMethodUtil(28219): updateDebugToClass InputMethodManager.DEBUG = false
02-03 21:46:11.198 D/OplusInputMethodUtil(28219): updateDebugToClass ImeFocusController.DEBUG = false
02-03 21:46:11.198 D/OplusInputMethodUtil(28219): updateDebugToClass BaseInputConnection.DEBUG = false
02-03 21:46:11.198 D/OplusInputMethodUtil(28219): updateDebugToClass ImeFocusController.sDebugIme = false
02-03 21:46:11.216 D/OplusFullScreenDisplayManager( 1741): adjustWindowParamsLw com.wholexale.app.staging, no change cutoutMode: 0
02-03 21:46:11.219 I/WindowManager( 1741): addWindow: New client android.os.BinderProxy@c2474c7 : window=Window{48af4 u0 com.wholexale.app.staging/com.wholexale.app.MainActivity}
02-03 21:46:11.222 D/CoreBackPreview( 1741): Window{48af4 u0 com.wholexale.app.staging/com.wholexale.app.MainActivity}: Setting back callback OnBackInvokedCallbackInfo{mCallback=android.window.IOnBackInvokedCallback$Stub$Proxy@7b7dc92, mPriority=0}
02-03 21:46:11.225 I/Quality (28219): Skipped: false 2 cost 36.45623 refreshRate 16542225 bit true processName com.wholexale.app.staging
02-03 21:46:11.226 D/OplusFullScreenDisplayManager( 1741): adjustWindowParamsLw com.wholexale.app.staging, no change cutoutMode: 0
02-03 21:46:11.227 V/WindowManager( 1741): Relayout Window{48af4 u0 com.wholexale.app.staging/com.wholexale.app.MainActivity}: viewVisibility=0, oldvis=4, req=1080x2400
02-03 21:46:11.234 V/WindowManager( 1741): Changing focus from null to Window{48af4 u0 com.wholexale.app.staging/com.wholexale.app.MainActivity},diplayid=0
02-03 21:46:11.242 V/ZoomWindowDecorView(28219): setLastReportedMergedConfiguration mZoomDisplayHeight: 2400 getDecorView.15351963
02-03 21:46:11.296 D/WindowManager( 1741): finishDrawingWindow: Window{48af4 u0 com.wholexale.app.staging/com.wholexale.app.MainActivity} mDrawState=DRAW_PENDING
02-03 21:46:11.305 D/OplusStartingWindowManager( 1741): interceptRemoveStartingWindow: packageName=com.wholexale.app.staging, isSnapshot=false, startingSurfaceRunnable=null
02-03 21:46:11.305 D/OplusSplitScreenManagerService( 1741): notifyRemoveStartingWindow mOplusSpiltScreenDnDUI is null, just return!
02-03 21:46:11.306 I/Quality ( 1741): LaunchTime2.0: com.wholexale.app.staging/com.wholexale.app.MainActivity 1 304
02-03 21:46:11.314 D/InputMethodManagerService( 1741): isSecurity: attribute.packageName=com.wholexale.app.staging mCurMethodId=com.google.android.inputmethod.latin/com.android.inputmethod.latin.LatinIME
02-03 21:46:11.314 D/InputMethodManagerService( 1741): isSecurity= false (  enable=false needShow=false inBlackList=false isExist=true )
02-03 21:46:11.317 D/WindowManager( 1741): finishDrawingWindow: Window{48af4 u0 com.wholexale.app.staging/com.wholexale.app.MainActivity} mDrawState=HAS_DRAWN
02-03 21:46:11.318 I/iopgp   ( 2637): Iopgp: TRANSACTION_IOPGP_ON_ACTIVITY_LAUNCH_FINISHED sequence_id = 73 timestamp_nanos = 128440422687940
02-03 21:46:11.318 D/CompatibilityChangeReporter( 1741): Compat change id reported: 214016041; UID 10853; state: ENABLED
02-03 21:46:11.343 D/InputMethodManagerService( 1741): onHandleImeWindowVisibleStatus: vis = 0, needsToShowImeSwitcher = false
02-03 21:46:11.375 V/OplusZoomWindowManagerService( 1741): onAnimationFinished:  r = ActivityRecord{c0ace5a u0 com.android.launcher/.Launcher} t6}
02-03 21:46:11.377 V/OplusZoomWindowManagerService( 1741): onAnimationFinished:  r = ActivityRecord{72a852a u0 com.wholexale.app.staging/com.wholexale.app.MainActivity} t1578}
02-03 21:46:11.377 I/OplusAppSwitchManagerService( 1741):  handleAppVisible , r = ActivityRecord{72a852a u0 com.wholexale.app.staging/com.wholexale.app.MainActivity} t1578}
02-03 21:46:11.383 I/WindowStateExtImpl( 1741): onSurfaceShowChange show = false mPackageName = com.android.launcher parentPkgName = com.android.launcher
02-03 21:46:11.414 V/WindowManager( 1741): Relayout Window{79e5b u0 com.android.launcher/com.android.launcher.Launcher}: viewVisibility=8, oldvis=0, req=1080x2400
02-03 21:46:11.423 V/WindowManager( 1741): Relayout Window{43ad301 u0 com.android.launcher/com.android.launcher.Launcher}: viewVisibility=8, oldvis=0, req=1080x2400
02-03 21:46:11.556 E/OplusCustomizeRestrictionManager(28219): sInstance is null, start a new sInstance
02-03 21:46:11.564 D/OplusFullScreenDisplayManager( 1741): adjustWindowParamsLw com.wholexale.app.staging, no change cutoutMode: 0
02-03 21:46:11.565 V/WindowManager( 1741): Relayout Window{48af4 u0 com.wholexale.app.staging/com.wholexale.app.MainActivity}: viewVisibility=0, oldvis=0, req=1080x2400
02-03 21:46:11.579 D/OplusFullScreenDisplayManager( 1741): adjustWindowParamsLw com.wholexale.app.staging, no change cutoutMode: 0
02-03 21:46:11.580 V/WindowManager( 1741): Relayout Window{48af4 u0 com.wholexale.app.staging/com.wholexale.app.MainActivity}: viewVisibility=0, oldvis=0, req=1080x2400
02-03 21:46:11.584 D/CameraDelegate( 1741): handleMessage:200
02-03 21:46:11.683 D/OplusFullScreenDisplayManager( 1741): adjustWindowParamsLw com.wholexale.app.staging, no change cutoutMode: 0
02-03 21:46:11.683 V/WindowManager( 1741): Relayout Window{48af4 u0 com.wholexale.app.staging/com.wholexale.app.MainActivity}: viewVisibility=0, oldvis=0, req=1080x2400
02-03 21:46:11.692 V/WindowManager( 1741): Relayout Window{b868cda u0 Splash Screen com.wholexale.app.staging}: viewVisibility=8, oldvis=0, req=1080x2400
02-03 21:46:11.694 I/Quality (28219): Skipped: true 1 cost 24.115091 refreshRate 16549720 bit true processName com.wholexale.app.staging
02-03 21:46:11.701 V/ZoomWindowDecorView( 2210): removeZoomView
02-03 21:46:11.701 D/CoreBackPreview( 1741): Window{b868cda u0 Splash Screen com.wholexale.app.staging EXITING}: Setting back callback null
02-03 21:46:11.732 I/Quality (28219): Skipped: true 1 cost 28.358566 refreshRate 16549594 bit true processName com.wholexale.app.staging
02-03 21:46:11.873 I/WindowStateExtImpl( 1741): onSurfaceShowChange show = false mPackageName = com.wholexale.app.staging parentPkgName = com.wholexale.app.staging
02-03 21:46:12.265 V/WindowOrientationListener( 1741): onSensorChanged mDesiredRotation = 4
02-03 21:46:12.338 D/PowerManagerService( 1741): userActivityNoUpdateLocked: groupId=0, eventTime=104329664, event=2, flags=0x0, uid=1000
02-03 21:46:12.438 D/OplusInputMethodManagerInternal(28219): get inputMethodManager extension: com.android.internal.view.IInputMethodManager$Stub$Proxy@37c08b8
02-03 21:46:12.438 D/PowerManagerService( 1741): userActivityNoUpdateLocked: groupId=0, eventTime=104329766, event=2, flags=0x0, uid=1000
02-03 21:46:12.471 D/InputMethodManagerService( 1741): isSecurity: attribute.packageName=com.wholexale.app.staging mCurMethodId=com.google.android.inputmethod.latin/com.android.inputmethod.latin.LatinIME
02-03 21:46:12.471 D/InputMethodManagerService( 1741): isSecurity= false (  enable=false needShow=false inBlackList=false isExist=true )
02-03 21:46:12.499 I/Quality (28219): Skipped: true 1 cost 17.63034 refreshRate 16549808 bit true processName com.wholexale.app.staging
02-03 21:46:12.518 D/InputMethodManagerService( 1741): onHandleImeWindowVisibleStatus: vis = 9, needsToShowImeSwitcher = false
02-03 21:46:12.518 D/InputMethodManagerService( 1741): onHandleImeWindowVisibleStatus: vis = 9, needsToShowImeSwitcher = false
02-03 21:46:12.524 D/OplusFullScreenDisplayManager( 1741): adjustWindowParamsLw com.google.android.inputmethod.latin, no change cutoutMode: 0
02-03 21:46:12.524 V/WindowManager( 1741): Relayout Window{96ba97a u0 InputMethod}: viewVisibility=0, oldvis=8, req=1080x2290
02-03 21:46:12.562 D/WindowManager( 1741): finishDrawingWindow: Window{96ba97a u0 InputMethod} mDrawState=DRAW_PENDING
02-03 21:46:12.576 D/OplusActivityManagerServiceEnhance( 1741): setGlThreads detect 28219 28784
02-03 21:46:12.579 V/WindowStateExtImpl( 1741): notifyWindowStateChange input show
02-03 21:46:12.682 D/InputMethodManagerService( 1741): onHandleImeWindowVisibleStatus: vis = 3, needsToShowImeSwitcher = false
02-03 21:46:13.033 E/TaskPersister( 1741): File error accessing recents directory (directory doesn't exist?).
02-03 21:46:13.209 D/PowerManagerService( 1741): userActivityNoUpdateLocked: groupId=0, eventTime=104330535, event=2, flags=0x0, uid=1000
02-03 21:46:13.838 D/PowerManagerService( 1741): userActivityNoUpdateLocked: groupId=0, eventTime=104331164, event=2, flags=0x0, uid=1000
02-03 21:46:13.964 D/InputMethodManagerService( 1741): onHandleImeWindowVisibleStatus: vis = 0, needsToShowImeSwitcher = false
02-03 21:46:13.982 D/OplusFullScreenDisplayManager( 1741): adjustWindowParamsLw com.google.android.inputmethod.latin, no change cutoutMode: 0
02-03 21:46:13.982 V/WindowManager( 1741): Relayout Window{96ba97a u0 InputMethod}: viewVisibility=0, oldvis=0, req=1080x2290
02-03 21:46:13.987 V/WindowStateExtImpl( 1741): notifyWindowStateChange input show
02-03 21:46:13.988 D/OplusFullScreenDisplayManager( 1741): adjustWindowParamsLw com.wholexale.app.staging, no change cutoutMode: 0
02-03 21:46:13.988 V/WindowManager( 1741): Relayout Window{48af4 u0 com.wholexale.app.staging/com.wholexale.app.MainActivity}: viewVisibility=0, oldvis=0, req=1080x2400
02-03 21:46:14.004 D/WindowManager( 1741): finishDrawingWindow: Window{96ba97a u0 InputMethod} mDrawState=HAS_DRAWN
02-03 21:46:14.060 D/InputMethodManagerService( 1741): onHandleImeWindowVisibleStatus: vis = 0, needsToShowImeSwitcher = false
02-03 21:46:14.202 D/PowerManagerService( 1741): userActivityNoUpdateLocked: groupId=0, eventTime=104331529, event=2, flags=0x0, uid=1000
02-03 21:46:14.719 V/WindowManager( 1741): Relayout Window{96ba97a u0 InputMethod}: viewVisibility=8, oldvis=0, req=1080x2290
02-03 21:46:14.731 D/PowerManagerService( 1741): userActivityNoUpdateLocked: groupId=0, eventTime=104332056, event=2, flags=0x0, uid=1000
02-03 21:46:14.869 D/OplusFullScreenDisplayManager( 1741): adjustWindowParamsLw com.wholexale.app.staging, no change cutoutMode: 0
02-03 21:46:14.869 V/WindowManager( 1741): Relayout Window{48af4 u0 com.wholexale.app.staging/com.wholexale.app.MainActivity}: viewVisibility=0, oldvis=0, req=1080x2400
02-03 21:46:15.382 D/PowerManagerService( 1741): userActivityNoUpdateLocked: groupId=0, eventTime=104332708, event=2, flags=0x0, uid=1000
02-03 21:46:15.483 D/PowerManagerService( 1741): userActivityNoUpdateLocked: groupId=0, eventTime=104332810, event=2, flags=0x0, uid=1000
02-03 21:46:15.531 D/OplusFullScreenDisplayManager( 1741): adjustWindowParamsLw com.wholexale.app.staging, no change cutoutMode: 0
02-03 21:46:15.531 V/WindowManager( 1741): Relayout Window{48af4 u0 com.wholexale.app.staging/com.wholexale.app.MainActivity}: viewVisibility=0, oldvis=0, req=1080x2400
02-03 21:46:16.005 D/PowerManagerService( 1741): userActivityNoUpdateLocked: groupId=0, eventTime=104333331, event=2, flags=0x0, uid=1000
02-03 21:46:16.146 D/InputMethodManagerService( 1741): onHandleImeWindowVisibleStatus: vis = 9, needsToShowImeSwitcher = false
02-03 21:46:16.147 D/InputMethodManagerService( 1741): onHandleImeWindowVisibleStatus: vis = 9, needsToShowImeSwitcher = false
02-03 21:46:16.154 D/OplusFullScreenDisplayManager( 1741): adjustWindowParamsLw com.google.android.inputmethod.latin, no change cutoutMode: 0
02-03 21:46:16.154 V/WindowManager( 1741): Relayout Window{96ba97a u0 InputMethod}: viewVisibility=0, oldvis=8, req=1080x2290
02-03 21:46:16.183 D/WindowManager( 1741): finishDrawingWindow: Window{96ba97a u0 InputMethod} mDrawState=DRAW_PENDING
02-03 21:46:16.194 V/WindowStateExtImpl( 1741): notifyWindowStateChange input show
02-03 21:46:16.306 D/InputMethodManagerService( 1741): onHandleImeWindowVisibleStatus: vis = 3, needsToShowImeSwitcher = false
02-03 21:46:16.788 D/PowerManagerService( 1741): userActivityNoUpdateLocked: groupId=0, eventTime=104334114, event=2, flags=0x0, uid=1000
02-03 21:46:16.923 D/OplusFullScreenDisplayManager( 1741): adjustWindowParamsLw com.wholexale.app.staging, no change cutoutMode: 0
02-03 21:46:16.923 V/WindowManager( 1741): Relayout Window{48af4 u0 com.wholexale.app.staging/com.wholexale.app.MainActivity}: viewVisibility=0, oldvis=0, req=1080x2400
02-03 21:46:17.000 D/PowerManagerService( 1741): userActivityNoUpdateLocked: groupId=0, eventTime=104334326, event=2, flags=0x0, uid=1000
02-03 21:46:17.120 D/OplusFullScreenDisplayManager( 1741): adjustWindowParamsLw com.wholexale.app.staging, no change cutoutMode: 0
02-03 21:46:17.120 V/WindowManager( 1741): Relayout Window{48af4 u0 com.wholexale.app.staging/com.wholexale.app.MainActivity}: viewVisibility=0, oldvis=0, req=1080x2400
02-03 21:46:17.177 D/PowerManagerService( 1741): userActivityNoUpdateLocked: groupId=0, eventTime=104334502, event=2, flags=0x0, uid=1000
02-03 21:46:17.319 D/OplusFullScreenDisplayManager( 1741): adjustWindowParamsLw com.wholexale.app.staging, no change cutoutMode: 0
02-03 21:46:17.319 V/WindowManager( 1741): Relayout Window{48af4 u0 com.wholexale.app.staging/com.wholexale.app.MainActivity}: viewVisibility=0, oldvis=0, req=1080x2400
02-03 21:46:17.336 D/PowerManagerService( 1741): userActivityNoUpdateLocked: groupId=0, eventTime=104334663, event=2, flags=0x0, uid=1000
02-03 21:46:17.467 D/OplusFullScreenDisplayManager( 1741): adjustWindowParamsLw com.wholexale.app.staging, no change cutoutMode: 0
02-03 21:46:17.467 V/WindowManager( 1741): Relayout Window{48af4 u0 com.wholexale.app.staging/com.wholexale.app.MainActivity}: viewVisibility=0, oldvis=0, req=1080x2400
02-03 21:46:17.732 D/PowerManagerService( 1741): userActivityNoUpdateLocked: groupId=0, eventTime=104335058, event=2, flags=0x0, uid=1000
--------- beginning of main
02-03 21:46:17.813 I/BaseKeyboardSizeHelper( 5757): BaseKeyboardSizeHelper.calculateMaxKeyboardBodyHeight():73 leave 273 height for app when ime window height:2249, header height:112 and isFullscreenMode:false, so the max keyboard body height is:1864
02-03 21:46:17.813 I/BaseKeyboardSizeHelper( 5757): BaseKeyboardSizeHelper.calculateMaxKeyboardBodyHeight():73 leave 273 height for app when ime window height:2249, header height:112 and isFullscreenMode:false, so the max keyboard body height is:1864
02-03 21:46:17.832 D/OplusFullScreenDisplayManager( 1741): adjustWindowParamsLw com.wholexale.app.staging, no change cutoutMode: 0
02-03 21:46:17.832 V/WindowManager( 1741): Relayout Window{48af4 u0 com.wholexale.app.staging/com.wholexale.app.MainActivity}: viewVisibility=0, oldvis=0, req=1080x2400
02-03 21:46:17.839 D/CursorFeedback(28219): getExtraCursorWidth
02-03 21:46:17.839 D/CursorFeedback(28219): getExtraLeftOffset
02-03 21:46:17.962 I/KeyboardModeUtils( 5757): KeyboardModeUtils.getKeyboardBottomOffset():435 inch: 0.000000 ydpi: 409.016998 adjustKeyboardBottomByDisplaySize: false currentDensityDpi: 408 defaultDensityDpi: 408 keyboardBottomToScreenPx: 0 keyboardBottomToNavBarPx: -41 navBarHeight: 41
02-03 21:46:17.962 I/BaseKeyboardSizeHelper( 5757): BaseKeyboardSizeHelper.calculateMaxKeyboardBodyHeight():73 leave 273 height for app when ime window height:2249, header height:112 and isFullscreenMode:false, so the max keyboard body height is:1864
02-03 21:46:17.962 I/BaseKeyboardSizeHelper( 5757): BaseKeyboardSizeHelper.calculateMaxKeyboardBodyHeight():73 leave 273 height for app when ime window height:2249, header height:112 and isFullscreenMode:false, so the max keyboard body height is:1864
02-03 21:46:17.967 I/hwcomposer(  843): [HWC] (0)fire a callback of refresh to SF[4]  
02-03 21:46:18.017 D/OGG_Detector( 1741): D:done mCurrStatus: 0
02-03 21:46:18.017 D/NoBackGesture( 2210): Start gesture: MotionEvent { action=ACTION_DOWN, actionButton=0, id[0]=0, x[0]=646.25, y[0]=1068.0, toolType[0]=TOOL_TYPE_FINGER, buttonState=0, classification=NONE, metaState=0, flags=0x0, edgeFlags=0x0, pointerCount=1, historySize=0, eventTime=104335343, downTime=104335343, deviceId=4, source=0x1002, displayId=0, eventId=867100875 }
02-03 21:46:18.017 D/NoBackGesture( 2210): Not in side gesture area
02-03 21:46:18.017 D/PowerManagerService( 1741): userActivityNoUpdateLocked: groupId=0, eventTime=104335343, event=2, flags=0x0, uid=1000
02-03 21:46:18.074 I/libPowerHal(  863): [perfLockRel] hdl:101665, idx:1
02-03 21:46:18.074 I/libPowerHal(  863): [PD] MTKPOWER_HINT_APP_TOUCH update cmd:3408600 param:0
02-03 21:46:18.096 D/InputMethodManagerService( 1741): isSecurity: attribute.packageName=com.wholexale.app.staging mCurMethodId=com.google.android.inputmethod.latin/com.android.inputmethod.latin.LatinIME
02-03 21:46:18.096 D/InputMethodManagerService( 1741): isSecurity= false (  enable=false needShow=true inBlackList=false isExist=true )
02-03 21:46:18.098 D/InputMethodManager(28219): showSoftInput() view=com.facebook.react.views.textinput.ReactEditText{87f277b VFED..CL. .F.P..ID 132,3-891,149 #39 aid=1073741825} flags=0 reason=SHOW_SOFT_INPUT
02-03 21:46:18.098 I/GoogleInputMethodService( 5757): GoogleInputMethodService.onFinishInputView():1588 onFinishInputView(true)
02-03 21:46:18.099 I/GlobeKeyExtension( 5757): GlobeKeyExtension.onDeactivate():144 
02-03 21:46:18.099 I/hwcomposer(  843): [HWC] (0)fire a callback of refresh to SF[4]  
02-03 21:46:18.099 W/TooltipLifecycleManager( 5757): TooltipLifecycleManager.dismissTooltips():153 Tooltip with id SUGGESTION_VIEW_EDU_MINI_DIALOG not found in tooltipManager.
02-03 21:46:18.100 I/VoiceInputManagerWrapper( 5757): VoiceInputManagerWrapper.shutdown():131 shutdown()
02-03 21:46:18.100 D/CursorFeedback(28219): getExtraCursorWidth
02-03 21:46:18.100 D/CursorFeedback(28219): getExtraLeftOffset
02-03 21:46:18.101 W/TooltipLifecycleManager( 5757): TooltipLifecycleManager.dismissTooltips():153 Tooltip with id spell_check_add_to_dictionary not found in tooltipManager.
02-03 21:46:18.102 I/InputBundle( 5757): InputBundle.consumeEvent():1037 Skip consuming an event as keyboard status is INACTIVE
02-03 21:46:18.102 W/RemoteInputConnectionImpl(28219): requestCursorAnchorInfo on inactive InputConnection
02-03 21:46:18.103 I/AndroidIME( 5757): AbstractIme.onDeactivate():213 LatinIme.onDeactivate()
02-03 21:46:18.104 I/PrimesLoggerHolder( 5757): FrameMetricServiceImpl.stopAsFuture():239 Measurement not found: OnConfigurationChanged
02-03 21:46:18.105 I/GoogleInputMethodService( 5757): GoogleInputMethodService.onFinishInput():2099 
02-03 21:46:18.105 I/Module  ( 5757): DeviceLockedStatusModuleProvider$Module.updateDeviceLockedStatus():103 repeatCheckTimes = 0, locked = false
02-03 21:46:18.106 I/GoogleInputMethodService( 5757): GoogleInputMethodService.onStartInput():1371 onStartInput(EditorInfo{EditorInfo{packageName=com.wholexale.app.staging, inputType=4081, inputTypeString=Password[CapSentences], enableLearning=false, autoCorrection=false, autoComplete=true, imeOptions=4000006, privateImeOptions=null, actionName=DONE, actionLabel=null, initialSelStart=0, initialSelEnd=0, initialCapsMode=2000, label=null, fieldId=57, fieldName=null, extras=Bundle[{android.support.text.emoji.emojiCompat_metadataVersion=11, android.support.text.emoji.emojiCompat_replaceAll=false, com.oplus.im.SCENES=0}], hintText=non-empty, hintLocales=[]}}, false)
02-03 21:46:18.106 I/HardKeyTracker( 5757): HardKeyTracker.unregisterKeySequence():228 Unregister key sequence abgw{labelResId=0, callback=ojq@7da33d2, lastModifier=0, keyCodes=[57, 57], actions=[1, 0]}
02-03 21:46:18.107 I/HardKeyTracker( 5757): HardKeyTracker.unregisterKeySequence():228 Unregister key sequence abgw{labelResId=0, callback=ojq@a1e3ca3, lastModifier=0, keyCodes=[58, 58], actions=[1, 0]}
02-03 21:46:18.108 I/Module  ( 5757): DeviceLockedStatusModuleProvider$Module.updateDeviceLockedStatus():103 repeatCheckTimes = 1, locked = false
02-03 21:46:18.108 I/GoogleInputMethodService( 5757): GoogleInputMethodService.onStartInputView():1459 onStartInputView(EditorInfo{EditorInfo{packageName=com.wholexale.app.staging, inputType=4081, inputTypeString=Password[CapSentences], enableLearning=false, autoCorrection=false, autoComplete=true, imeOptions=4000006, privateImeOptions=null, actionName=DONE, actionLabel=null, initialSelStart=0, initialSelEnd=0, initialCapsMode=2000, label=null, fieldId=57, fieldName=null, extras=Bundle[{android.support.text.emoji.emojiCompat_metadataVersion=11, android.support.text.emoji.emojiCompat_replaceAll=false, com.oplus.im.SCENES=0}], hintText=non-empty, hintLocales=[]}}, false)
02-03 21:46:18.108 W/ModuleManager( 5757): ModuleManager.loadModule():573 Module abkd is not available
02-03 21:46:18.108 I/OnDeviceWmrCalculator( 5757): OnDeviceWmrCalculator.calculateWmr():94 WMR: 0.0000 (0 / 2)
02-03 21:46:18.108 I/KeyboardHeightUtil( 5757): KeyboardHeightUtil.getOemKeyboardHeightRatio():81 systemKeyboardHeightRatio:1.000000.
02-03 21:46:18.111 I/AndroidIME( 5757): InputBundleManager.loadActiveInputBundleId():531 loadActiveInputBundleId: und-Latn-x-password, password
02-03 21:46:18.111 I/AndroidIME( 5757): AbstractIme.onActivate():95 PasswordIme.onActivate() : EditorInfo = EditorInfo{packageName=com.wholexale.app.staging, inputType=4081, inputTypeString=Password[CapSentences], enableLearning=false, autoCorrection=false, autoComplete=true, imeOptions=4000006, privateImeOptions=null, actionName=DONE, actionLabel=null, initialSelStart=0, initialSelEnd=0, initialCapsMode=2000, label=null, fieldId=57, fieldName=null, extras=Bundle[{android.support.text.emoji.emojiCompat_metadataVersion=11, android.support.text.emoji.emojiCompat_replaceAll=false, com.oplus.im.SCENES=0}], hintText=non-empty, hintLocales=[]}, IncognitoMode = false, DeviceLocked = false
02-03 21:46:18.112 I/KeyboardWrapper( 5757): KeyboardWrapper.activateKeyboard():582 activateKeyboard(): type=prime, status=INACTIVE, imeDef=zsv{stringId=password, language=und-Latn-x-password, languageTag=und-Latn-x-password, processedConditions={writing_helper_enable_by_word_revert=true, variant=qwerty, true=true, language=en-US, enable_number_row=true, device=phone, enable_number_row_in_password=true, enable_pk_simulator=false}, className=com.google.android.libraries.inputmethod.ime.password.PasswordIme, label=2132019328, keyEventInterpreter=null, inlineComposing=true, autoCapital=true, announceAutoSelectedCandidate=true, statusIcon=0, indicatorIcon=0, indicatorLabel=null, displayAppCompletions=false, extraValues=zsn{}, processors=zvh@a4dd9ba, unacceptableMetaKeys=4098, languageSpecificSettings=0, asciiCapable=false, alwaysShowSuggestions=false, useAsciiPasswordKeyboard=false, keyboardGroupDef=zum@f3acfbf, phenotypeFlagId=0, localizationLanguageTag=null, supportsInlineSuggestion=false}
02-03 21:46:18.112 I/KeyboardManager( 5757): KeyboardManager.requestKeyboard():249 Creating keyboard prime, imeId=password, cacheKey=theme,!gsf,!pgsans,!pgsf,!use_system_font,BORDER,DYNAMIC_DARK_BRIGHT_KEY,FLAVOR_DPI=XXHDPI,KEYBOARD_WIDTH_CATEGORY=NORMAL,KEY_BORDER_SHAPE=1,LIGHT_THEME=false,PHYSICAL_DIAGONAL=6.205629,POPUP,SCREEN_SHORTEST_WIDTH=423,SCREEN_SHORTEST_WIDTH_NO_SCALE=423,SW400DP,XXHDPI,bottom4dp,bright_key_on_dynamic_color_dark_theme=true,enable_popup_on_keypress=true,keyboard_redesign_google_sans=true,non_linear_scale,noshadow,overlay_builtin_dynamic_color_dark_base.binarypb:gm3-dark-ff1c100f-ffffb4aa-f3a6645152bf6ebcfdaad69eee598866,silkpopup
02-03 21:46:18.113 I/KeyboardWrapper( 5757): KeyboardWrapper.onKeyboardReady():224 onKeyboardReady(): type=prime(prime), kb=com.google.android.apps.inputmethod.latin.keyboard.LatinPasswordKeyboard@77e7374
02-03 21:46:18.113 I/KeyboardWrapper( 5757): KeyboardWrapper.doActivateKeyboard():612 doActivateKeyboard(): prime
02-03 21:46:18.124 I/BaseKeyboardSizeHelper( 5757): BaseKeyboardSizeHelper.calculateMaxKeyboardBodyHeight():73 leave 273 height for app when ime window height:2249, header height:112 and isFullscreenMode:false, so the max keyboard body height is:1864
02-03 21:46:18.125 W/TooltipLifecycleManager( 5757): TooltipLifecycleManager.dismissTooltips():153 Tooltip with id undo_access_point_promotion_banner not found in tooltipManager.
02-03 21:46:18.127 I/KeyboardModeUtils( 5757): KeyboardModeUtils.getKeyboardBottomOffset():435 inch: 0.000000 ydpi: 409.016998 adjustKeyboardBottomByDisplaySize: false currentDensityDpi: 408 defaultDensityDpi: 408 keyboardBottomToScreenPx: 0 keyboardBottomToNavBarPx: -41 navBarHeight: 41
02-03 21:46:18.127 I/BaseKeyboardSizeHelper( 5757): BaseKeyboardSizeHelper.calculateMaxKeyboardBodyHeight():73 leave 273 height for app when ime window height:2249, header height:112 and isFullscreenMode:false, so the max keyboard body height is:1864
02-03 21:46:18.127 I/BaseKeyboardSizeHelper( 5757): BaseKeyboardSizeHelper.calculateMaxKeyboardBodyHeight():73 leave 273 height for app when ime window height:2249, header height:112 and isFullscreenMode:false, so the max keyboard body height is:1864
02-03 21:46:18.127 I/BaseKeyboardSizeHelper( 5757): BaseKeyboardSizeHelper.calculateMaxKeyboardBodyHeight():73 leave 273 height for app when ime window height:2249, header height:112 and isFullscreenMode:false, so the max keyboard body height is:1864
02-03 21:46:18.127 I/BaseKeyboardSizeHelper( 5757): BaseKeyboardSizeHelper.calculateMaxKeyboardBodyHeight():73 leave 273 height for app when ime window height:2249, header height:112 and isFullscreenMode:false, so the max keyboard body height is:1864
02-03 21:46:18.128 I/GlobeKeyExtension( 5757): GlobeKeyExtension.getKeyboardInitialStates():175 
02-03 21:46:18.129 W/Keyboard( 5757): Keyboard.getKeyboardViewHelper():604 null helper is returned: keyboardDef=zty{processedConditions={show_comma_key=true, enable_more_candidates_view_for_multilingual=false, layout_9key_split=false, enable_secondary_symbols=false, pref_enable_flick_symbols=false, language=en-US, deprecate_long_press_space_for_ime_picker=false, show_suggestion_strip=true, expressions=normal, android_software_xr_api_spatial=false, variant=qwerty, show_period_key=true, enable_number_row=true, device=phone, keyboard_mode=normal, show_secondary_digits=false, enable_pk_simulator=false, enable_preemptive_decode=true}, globalConditions={global_theme_key=theme,!gsf,!pgsans,!pgsf,!use_system_font,BORDER,DYNAMIC_DARK_BRIGHT_KEY,FLAVOR_DPI=XXHDPI,KEYBOARD_WIDTH_CATEGORY=NORMAL,KEY_BORDER_SHAPE=1,LIGHT_THEME=false,PHYSICAL_DIAGONAL=6.205629,POPUP,SCREEN_SHORTEST_WIDTH=423,SCREEN_SHORTEST_WIDTH_NO_SCALE=423,SW400DP,XXHDPI,bottom4dp,bright_key_on_dynamic_color_dark_theme=true,enable_popup_on_keypress=true,keyboard_redesign_google_sans=true,non_linear_scale,noshadow,overlay_builtin_dynamic_color_dark_base.binarypb:gm3-dark-ff1c100f-ffffb4aa-f3a6645152bf6ebcfdaad69eee598866,silkpopup, global_locale=en_US, global_density_dpi=408, global_orientation=1}, className=.latin.keyboard.LatinPasswordKeyboard, resourceIds=[#0x7f1705f9, #0x7f17088b, #0x7f1706b9], initialStates=0, keyboardViewDefs=[zuy{direction=null, id=#0x7f0b0225, isScalable=true, layoutId=#0x7f0e02af, type=BODY, touchable=true, defaultShow=true}, zuy{direction=null, id=#0x7f0b0225, isScalable=false, layoutId=#0x7f0e020b, type=FLOATING_CANDIDATES, touchable=false, defaultShow=false}, zuy{direction=LOCALE, id=#0x7f0b0225, isScalable=false, layoutId=#0x7f0e0511, type=HEADER, touchable=true, defaultShow=true}], persistentStates=0, persistentStatesPrefKey=null, popupBubbleLayoutId=#0x7f0e0601, recentKeyLayoutId=#0x0, recentKeyPopupLayoutId=#0x0, recentKeyType=null, rememberRecentKey=NONE, sessionStates=17592186044419}, type=WIDGET, helpersCreated={HEADER=yst@51f36cb, BODY=yst@cfe5ea8, FLOATING_CANDIDATES=yst@715adc1}, context.getResources().getConfiguration(): {1.15 ??mcc??mnc [en_US,en_GB] ldltr sw423dp w423dp h898dp 408dpi nrml long port night finger -keyb/v/h -nav/h winConfig={ mBounds=Rect(0, 0 - 1080, 2400) mAppBounds=Rect(0, 110 - 1080, 2400) mMaxBounds=Rect(0, 0 - 1080, 2400) mDisplayRotation=ROTATION_0 mWindowingMode=fullscreen mDisplayWindowingMode=fullscreen mActivityType=undefined mAlwaysOnTop=undefined mRotation=ROTATION_0} s.543 fontWeightAdjustment=0mThemeChanged= 0, mThemeChangedFlags= 0, mFlipFont= 0, mAccessibleChanged= -1, mUxIconConfig= 3468921665126662177, mMaterialColor= 0, mUserId= 0, mFontUserId= 0, mFontVariationSettings= 226, mFoldingAngle = -1.0, mIconPackName= , mDarkModeBackgroundMaxL= 0.0, mDarkModeDialogBgMaxL= 27.0, mDarkModeForegroundMinL= 100.0, mOplusConfigType= 1, mOplusChangedConfigs= 0, OpSans= 0, mFlag= 0}
02-03 21:46:18.129 I/BaseKeyboardSizeHelper( 5757): BaseKeyboardSizeHelper.calculateMaxKeyboardBodyHeight():73 leave 273 height for app when ime window height:2249, header height:112 and isFullscreenMode:false, so the max keyboard body height is:1864
02-03 21:46:18.136 I/AndroidIME( 5757): InputBundleManager.startInput():361 startInput() with zur[keyboardType=prime, payload=null]
02-03 21:46:18.136 I/GlobeKeyExtension( 5757): GlobeKeyExtension.onActivate():120 
02-03 21:46:18.139 I/LanguagePromoExtension( 5757): LanguagePromoExtension.checkDisplayPreconditions():171 Not show language promo: exceeds the max display times.
02-03 21:46:18.139 I/NewLanguagePromptExtension( 5757): NewLanguagePromptExtension.onActivate():189 Not activated NewLanguagePromptExtension: not a normal text input box.
02-03 21:46:18.139 I/HardKeyTracker( 5757): HardKeyTracker.unregisterKeySequence():228 Unregister key sequence abgw{labelResId=2132020511, callback=uml@4b69df, lastModifier=2, keyCodes=[56], actions=[0]}
02-03 21:46:18.140 I/HardKeyTracker( 5757): HardKeyTracker.registerKeySequence():177 Register key sequence abgw{labelResId=2132020511, callback=uml@22ebfe4, lastModifier=2, keyCodes=[56], actions=[0]}
02-03 21:46:18.140 I/VoiceInputManagerWrapper( 5757): VoiceInputManagerWrapper.cancelShutdown():109 cancelShutdown()
02-03 21:46:18.140 I/VoiceInputManagerWrapper( 5757): VoiceInputManagerWrapper.syncLanguagePacks():121 syncLanguagePacks()
02-03 21:46:18.140 I/SpeechFactory( 5757): SpeechRecognitionFactory.maybeScheduleAutoPackDownloadForFallback():217 maybeScheduleAutoPackDownloadForFallback()
02-03 21:46:18.140 I/VoiceInputManager( 5757): VoiceInputManager.onKeyboardActivated():1215 onKeyboardActivated() [UD]
02-03 21:46:18.140 I/FallbackOnDeviceRecognitionProvider( 5757): FallbackOnDeviceRecognitionProvider.maybeScheduleAutoPackDownload():213 maybeScheduleAutoPackDownload() for language tag en-US
02-03 21:46:18.141 I/SpeechPackManager( 5757): SpeechPackManager.isPackAvailableToDownload():224 isPackAvailableToDownload() : LanguageTag = en-US : ManifestUrl = https://dl.google.com/android/voice/gboard/terse/superpacks-manifest-20210519.json
02-03 21:46:18.141 I/PkModeUpdater( 5757): PkModeUpdater.onActivate():74 onActivate false true
02-03 21:46:18.141 I/AccessoryInputModeManager( 5757): AccessoryInputModeManager.onModeStarted():324 Accessory input mode started: null
02-03 21:46:18.141 W/SupplementaryKeyboardsWrapper( 5757): SupplementaryKeyboardsWrapper.deactivateKeyboard():162 keyboard accessory_candidates_consumer is not activated before!
02-03 21:46:18.141 I/FallbackOnDeviceRecognitionProvider( 5757): FallbackOnDeviceRecognitionProvider$1.onSuccess():221 auto download packs.
02-03 21:46:18.141 I/SpeechPackManager( 5757): SpeechPackManager.syncPacks():343 syncPacks()
02-03 21:46:18.141 I/SpeechPackManager( 5757): SpeechPackManager.isPackAvailableOnDisk():205 isPackAvailableOnDisk() : LanguageTag = en-GB
02-03 21:46:18.141 I/SpeechPackManager( 5757): SpeechPackManager.registerManifest():509 registerManifest() : https://dl.google.com/android/voice/gboard/terse/superpacks-manifest-20210519.json
02-03 21:46:18.142 I/SpeechPackManager( 5757): SpeechPackManager.registerManifest():516 registerManifest() : Reusing hash 1327534105
02-03 21:46:18.143 I/SpeechPackSlicingStrategy( 5757): SpeechPackSlicingStrategy.getSlices():52 getSlices() : ForceUpdates = false : LanguageTags = [en-US, en-GB]
02-03 21:46:18.144 I/SpeechPackSlicingStrategy( 5757): SpeechPackSlicingStrategy.getSlices():66 getSlices(): slicing result: {slices=[{gboard-small-speech-packs:en-US-small-rnnt, W:C:*:*, bg}, {gboard-small-speech-packs:en-GB-v201-f20, W:C:*:*, bg}], last batch=true, sync metadata=false}
02-03 21:46:18.144 I/KeyboardModeUtils( 5757): KeyboardModeUtils.getKeyboardBottomOffset():435 inch: 0.000000 ydpi: 409.016998 adjustKeyboardBottomByDisplaySize: false currentDensityDpi: 408 defaultDensityDpi: 408 keyboardBottomToScreenPx: 0 keyboardBottomToNavBarPx: -41 navBarHeight: 41
02-03 21:46:18.144 I/SP      ( 5757): Syncing gboard-small-speech-packs (1327534105) with slices: [{en-US-small-rnnt, W:C:*:*, bg}, {en-GB-v201-f20, W:C:*:*, bg}], metadata: false
02-03 21:46:18.144 I/BaseKeyboardSizeHelper( 5757): BaseKeyboardSizeHelper.calculateMaxKeyboardBodyHeight():73 leave 273 height for app when ime window height:2249, header height:112 and isFullscreenMode:false, so the max keyboard body height is:1864
02-03 21:46:18.144 I/BaseKeyboardSizeHelper( 5757): BaseKeyboardSizeHelper.calculateMaxKeyboardBodyHeight():73 leave 273 height for app when ime window height:2249, header height:112 and isFullscreenMode:false, so the max keyboard body height is:1864
02-03 21:46:18.144 I/BaseKeyboardSizeHelper( 5757): BaseKeyboardSizeHelper.calculateMaxKeyboardBodyHeight():73 leave 273 height for app when ime window height:2249, header height:112 and isFullscreenMode:false, so the max keyboard body height is:1864
