02-03 21:45:47.889 D/VRR [OPlusExternalRefreshRateManager]( 1741):  [FRTC] FrameRate : 0 com.android.launcher false com.oplus.battery 0 1000
02-03 21:45:47.891 D/VRR [OPlusSurfaceFlingerController]( 1741):  add frtc FrameRate : 0 com.android.launcher false com.oplus.battery
02-03 21:45:47.895 E/OplusThermalStats( 1741): Error getting package info: com.wholexale.app.staging
02-03 21:45:47.896 W/ContextImpl( 2533): Calling a method in the system process without a qualified user: android.app.ContextImpl.startService:1889 android.content.ContextWrapper.startService:827 u1.c.c:8 u1.c.a:4 y2.b.f:4 
02-03 21:45:47.911 D/OplusBatteryServiceFeature( 1741): setSmartCoolDown: coolDown = 5, normalCoolDown = 5, pkgName = com.wholexale.app.staging
02-03 21:45:47.912 D/OplusAppListInterceptManager( 1741): shouldFilterTask
02-03 21:45:47.912 D/OplusAppListInterceptManager( 1741): shouldFilterTask::packageName = com.wholexale.app.staging
02-03 21:45:47.912 D/OplusAppListInterceptManager( 1741): shouldFilterTask
02-03 21:45:47.912 D/OplusAppListInterceptManager( 1741): shouldFilterTask::packageName = com.cricbuzz.android
02-03 21:45:47.949 D/OplusActivityManagerServiceEnhance( 1741): setGlThreads detect 27912 28370
02-03 21:45:48.010 D/OplusInputMethodUtil(27912): init sDebug to false, init sDebugIme to false, init sAlwaysOn to false
02-03 21:45:48.010 D/OplusInputMethodUtil(27912): updateDebugToClass InputMethodManager.DEBUG = false
02-03 21:45:48.010 D/OplusInputMethodUtil(27912): updateDebugToClass ImeFocusController.DEBUG = false
02-03 21:45:48.010 D/OplusInputMethodUtil(27912): updateDebugToClass BaseInputConnection.DEBUG = false
02-03 21:45:48.010 D/OplusInputMethodUtil(27912): updateDebugToClass ImeFocusController.sDebugIme = false
02-03 21:45:48.029 D/OplusFullScreenDisplayManager( 1741): adjustWindowParamsLw com.wholexale.app.staging, no change cutoutMode: 0
02-03 21:45:48.032 I/WindowManager( 1741): addWindow: New client android.os.BinderProxy@80fa99e : window=Window{28d8c7f u0 com.wholexale.app.staging/com.wholexale.app.MainActivity}
02-03 21:45:48.034 D/CoreBackPreview( 1741): Window{28d8c7f u0 com.wholexale.app.staging/com.wholexale.app.MainActivity}: Setting back callback OnBackInvokedCallbackInfo{mCallback=android.window.IOnBackInvokedCallback$Stub$Proxy@ccd1c95, mPriority=0}
02-03 21:45:48.037 I/Quality (27912): Skipped: false 2 cost 37.649616 refreshRate 16547624 bit true processName com.wholexale.app.staging
02-03 21:45:48.039 D/OplusFullScreenDisplayManager( 1741): adjustWindowParamsLw com.wholexale.app.staging, no change cutoutMode: 0
02-03 21:45:48.039 V/WindowManager( 1741): Relayout Window{28d8c7f u0 com.wholexale.app.staging/com.wholexale.app.MainActivity}: viewVisibility=0, oldvis=4, req=1080x2400
02-03 21:45:48.046 V/WindowManager( 1741): Changing focus from null to Window{28d8c7f u0 com.wholexale.app.staging/com.wholexale.app.MainActivity},diplayid=0
02-03 21:45:48.056 V/ZoomWindowDecorView(27912): setLastReportedMergedConfiguration mZoomDisplayHeight: 2400 getDecorView.15351963
02-03 21:45:48.100 D/WindowManager( 1741): finishDrawingWindow: Window{28d8c7f u0 com.wholexale.app.staging/com.wholexale.app.MainActivity} mDrawState=DRAW_PENDING
02-03 21:45:48.108 D/OplusStartingWindowManager( 1741): interceptRemoveStartingWindow: packageName=com.wholexale.app.staging, isSnapshot=false, startingSurfaceRunnable=null
02-03 21:45:48.108 D/OplusSplitScreenManagerService( 1741): notifyRemoveStartingWindow mOplusSpiltScreenDnDUI is null, just return!
02-03 21:45:48.110 I/Quality ( 1741): LaunchTime2.0: com.wholexale.app.staging/com.wholexale.app.MainActivity 1 326
02-03 21:45:48.113 D/WindowManager( 1741): finishDrawingWindow: Window{28d8c7f u0 com.wholexale.app.staging/com.wholexale.app.MainActivity} mDrawState=HAS_DRAWN
02-03 21:45:48.128 I/iopgp   ( 2637): Iopgp: TRANSACTION_IOPGP_ON_ACTIVITY_LAUNCH_FINISHED sequence_id = 72 timestamp_nanos = 128417226285016
02-03 21:45:48.129 D/InputMethodManagerService( 1741): isSecurity: attribute.packageName=com.wholexale.app.staging mCurMethodId=com.google.android.inputmethod.latin/com.android.inputmethod.latin.LatinIME
02-03 21:45:48.129 D/InputMethodManagerService( 1741): isSecurity= false (  enable=false needShow=false inBlackList=false isExist=true )
02-03 21:45:48.132 D/CompatibilityChangeReporter( 1741): Compat change id reported: 214016041; UID 10853; state: ENABLED
02-03 21:45:48.139 V/OplusZoomWindowManagerService( 1741): onAnimationFinished:  r = ActivityRecord{c0ace5a u0 com.android.launcher/.Launcher} t6}
02-03 21:45:48.141 V/OplusZoomWindowManagerService( 1741): onAnimationFinished:  r = ActivityRecord{20ff1db u0 com.wholexale.app.staging/com.wholexale.app.MainActivity} t1577}
02-03 21:45:48.141 I/OplusAppSwitchManagerService( 1741):  handleAppVisible , r = ActivityRecord{20ff1db u0 com.wholexale.app.staging/com.wholexale.app.MainActivity} t1577}
02-03 21:45:48.148 I/WindowStateExtImpl( 1741): onSurfaceShowChange show = false mPackageName = com.android.launcher parentPkgName = com.android.launcher
02-03 21:45:48.166 V/WindowManager( 1741): Relayout Window{43ad301 u0 com.android.launcher/com.android.launcher.Launcher}: viewVisibility=8, oldvis=0, req=1080x2400
02-03 21:45:48.177 D/InputMethodManagerService( 1741): onHandleImeWindowVisibleStatus: vis = 0, needsToShowImeSwitcher = false
02-03 21:45:48.184 V/WindowManager( 1741): Relayout Window{79e5b u0 com.android.launcher/com.android.launcher.Launcher}: viewVisibility=8, oldvis=0, req=1080x2400
02-03 21:45:48.352 E/OplusCustomizeRestrictionManager(27912): sInstance is null, start a new sInstance
02-03 21:45:48.371 D/OplusFullScreenDisplayManager( 1741): adjustWindowParamsLw com.wholexale.app.staging, no change cutoutMode: 0
02-03 21:45:48.371 V/WindowManager( 1741): Relayout Window{28d8c7f u0 com.wholexale.app.staging/com.wholexale.app.MainActivity}: viewVisibility=0, oldvis=0, req=1080x2400
02-03 21:45:48.386 D/OplusFullScreenDisplayManager( 1741): adjustWindowParamsLw com.wholexale.app.staging, no change cutoutMode: 0
02-03 21:45:48.386 V/WindowManager( 1741): Relayout Window{28d8c7f u0 com.wholexale.app.staging/com.wholexale.app.MainActivity}: viewVisibility=0, oldvis=0, req=1080x2400
02-03 21:45:48.387 D/CameraDelegate( 1741): handleMessage:200
02-03 21:45:48.483 D/OplusFullScreenDisplayManager( 1741): adjustWindowParamsLw com.wholexale.app.staging, no change cutoutMode: 0
02-03 21:45:48.483 V/WindowManager( 1741): Relayout Window{28d8c7f u0 com.wholexale.app.staging/com.wholexale.app.MainActivity}: viewVisibility=0, oldvis=0, req=1080x2400
02-03 21:45:48.492 V/WindowManager( 1741): Relayout Window{3e8c153 u0 Splash Screen com.wholexale.app.staging}: viewVisibility=8, oldvis=0, req=1080x2400
02-03 21:45:48.495 I/Quality (27912): Skipped: true 1 cost 28.413311 refreshRate 16550366 bit true processName com.wholexale.app.staging
02-03 21:45:48.500 V/ZoomWindowDecorView( 2210): removeZoomView
02-03 21:45:48.500 D/CoreBackPreview( 1741): Window{3e8c153 u0 Splash Screen com.wholexale.app.staging EXITING}: Setting back callback null
02-03 21:45:48.522 I/Quality (27912): Skipped: true 1 cost 22.315022 refreshRate 16550263 bit true processName com.wholexale.app.staging
02-03 21:45:48.669 I/WindowStateExtImpl( 1741): onSurfaceShowChange show = false mPackageName = com.wholexale.app.staging parentPkgName = com.wholexale.app.staging
02-03 21:45:49.235 D/PowerManagerService( 1741): userActivityNoUpdateLocked: groupId=0, eventTime=104306562, event=2, flags=0x0, uid=1000
02-03 21:45:49.293 D/OplusInputMethodManagerInternal(27912): get inputMethodManager extension: com.android.internal.view.IInputMethodManager$Stub$Proxy@37c08b8
02-03 21:45:49.316 D/InputMethodManagerService( 1741): isSecurity: attribute.packageName=com.wholexale.app.staging mCurMethodId=com.google.android.inputmethod.latin/com.android.inputmethod.latin.LatinIME
02-03 21:45:49.316 D/InputMethodManagerService( 1741): isSecurity= false (  enable=false needShow=false inBlackList=false isExist=true )
02-03 21:45:49.377 D/InputMethodManagerService( 1741): onHandleImeWindowVisibleStatus: vis = 9, needsToShowImeSwitcher = false
02-03 21:45:49.381 D/InputMethodManagerService( 1741): onHandleImeWindowVisibleStatus: vis = 9, needsToShowImeSwitcher = false
02-03 21:45:49.389 D/OplusFullScreenDisplayManager( 1741): adjustWindowParamsLw com.google.android.inputmethod.latin, no change cutoutMode: 0
02-03 21:45:49.389 V/WindowManager( 1741): Relayout Window{96ba97a u0 InputMethod}: viewVisibility=0, oldvis=8, req=1080x2290
02-03 21:45:49.430 D/WindowManager( 1741): finishDrawingWindow: Window{96ba97a u0 InputMethod} mDrawState=DRAW_PENDING
02-03 21:45:49.442 D/OplusActivityManagerServiceEnhance( 1741): setGlThreads detect 27912 28410
02-03 21:45:49.462 V/WindowStateExtImpl( 1741): notifyWindowStateChange input show
02-03 21:45:49.561 D/InputMethodManagerService( 1741): onHandleImeWindowVisibleStatus: vis = 3, needsToShowImeSwitcher = false
02-03 21:45:49.997 D/PowerManagerService( 1741): userActivityNoUpdateLocked: groupId=0, eventTime=104307323, event=2, flags=0x0, uid=1000
02-03 21:45:50.002 D/UsageStatsService( 1741): User[0] type=0 b=1770135227320 e=1770135350000 cb=1770102026338 ce=1770135349322 disk=0 all=25
02-03 21:45:50.179 D/PowerManagerService( 1741): userActivityNoUpdateLocked: groupId=0, eventTime=104307505, event=2, flags=0x0, uid=1000
02-03 21:45:50.211 D/CompatibilityChangeReporter( 1741): Compat change id reported: 135634846; UID 10614; state: DISABLED
02-03 21:45:50.211 D/CompatibilityChangeReporter( 1741): Compat change id reported: 177438394; UID 10614; state: DISABLED
02-03 21:45:50.211 D/CompatibilityChangeReporter( 1741): Compat change id reported: 135772972; UID 10614; state: DISABLED
02-03 21:45:50.211 D/CompatibilityChangeReporter( 1741): Compat change id reported: 135754954; UID 10614; state: ENABLED
02-03 21:45:50.212 D/CompatibilityChangeReporter( 1741): Compat change id reported: 143937733; UID 10614; state: ENABLED
02-03 21:45:50.230 I/ActivityManager( 1741): Start proc 28416:com.facebook.katana/u0a614 for broadcast {com.facebook.katana/com.facebook.push.fbnslite.FbPushSdkFbnsReceiverShim}
02-03 21:45:50.276 D/CompatibilityChangeReporter( 1741): Compat change id reported: 168419799; UID 10614; state: DISABLED
02-03 21:45:50.347 D/PowerManagerService( 1741): userActivityNoUpdateLocked: groupId=0, eventTime=104307674, event=2, flags=0x0, uid=1000
02-03 21:45:50.634 D/CompatibilityChangeReporter( 1741): Compat change id reported: 161145287; UID 10614; state: DISABLED
02-03 21:45:50.786 D/OplusFullScreenDisplayManager( 1741): adjustWindowParamsLw com.wholexale.app.staging, no change cutoutMode: 0
02-03 21:45:50.786 V/WindowManager( 1741): Relayout Window{28d8c7f u0 com.wholexale.app.staging/com.wholexale.app.MainActivity}: viewVisibility=0, oldvis=0, req=1080x2400
02-03 21:45:50.792 D/CompatibilityChangeReporter( 1741): Compat change id reported: 183164979; UID 10614; state: ENABLED
02-03 21:45:50.814 D/PowerManagerService( 1741): userActivityNoUpdateLocked: groupId=0, eventTime=104308142, event=2, flags=0x0, uid=1000
02-03 21:45:50.868 D/OplusActivityManagerServiceEnhance( 1741): setGlThreads detect 28416 28457
02-03 21:45:50.894 E/TaskPersister( 1741): File error accessing recents directory (directory doesn't exist?).
02-03 21:45:50.919 D/OplusFullScreenDisplayManager( 1741): adjustWindowParamsLw com.wholexale.app.staging, no change cutoutMode: 0
02-03 21:45:50.919 V/WindowManager( 1741): Relayout Window{28d8c7f u0 com.wholexale.app.staging/com.wholexale.app.MainActivity}: viewVisibility=0, oldvis=0, req=1080x2400
02-03 21:45:51.083 D/UsageStatsService( 1741): User[999] type=0 b=1770130825711 e=1770135351083 cb=1770111406734 ce=1770134684483 disk=0 all=1
02-03 21:45:51.203 D/PowerManagerService( 1741): userActivityNoUpdateLocked: groupId=0, eventTime=104308530, event=2, flags=0x0, uid=1000
02-03 21:45:51.286 D/InputMethodManagerService( 1741): isSecurity: attribute.packageName=com.wholexale.app.staging mCurMethodId=com.google.android.inputmethod.latin/com.android.inputmethod.latin.LatinIME
02-03 21:45:51.286 D/InputMethodManagerService( 1741): isSecurity= false (  enable=false needShow=true inBlackList=false isExist=true )
02-03 21:45:51.356 D/InputMethodManagerService( 1741): onHandleImeWindowVisibleStatus: vis = 3, needsToShowImeSwitcher = false
02-03 21:45:51.361 D/InputMethodManagerService( 1741): onHandleImeWindowVisibleStatus: vis = 3, needsToShowImeSwitcher = false
02-03 21:45:51.363 D/OplusFullScreenDisplayManager( 1741): adjustWindowParamsLw com.google.android.inputmethod.latin, no change cutoutMode: 0
02-03 21:45:51.363 V/WindowManager( 1741): Relayout Window{96ba97a u0 InputMethod}: viewVisibility=0, oldvis=0, req=1080x2290
02-03 21:45:51.782 D/PowerManagerService( 1741): userActivityNoUpdateLocked: groupId=0, eventTime=104309108, event=2, flags=0x0, uid=1000
02-03 21:45:52.111 D/PowerManagerService( 1741): userActivityNoUpdateLocked: groupId=0, eventTime=104309437, event=2, flags=0x0, uid=1000
02-03 21:45:52.243 D/OplusFullScreenDisplayManager( 1741): adjustWindowParamsLw com.wholexale.app.staging, no change cutoutMode: 0
02-03 21:45:52.243 V/WindowManager( 1741): Relayout Window{28d8c7f u0 com.wholexale.app.staging/com.wholexale.app.MainActivity}: viewVisibility=0, oldvis=0, req=1080x2400
02-03 21:45:52.264 D/PowerManagerService( 1741): userActivityNoUpdateLocked: groupId=0, eventTime=104309591, event=2, flags=0x0, uid=1000
02-03 21:45:52.375 D/OplusFullScreenDisplayManager( 1741): adjustWindowParamsLw com.wholexale.app.staging, no change cutoutMode: 0
02-03 21:45:52.375 V/WindowManager( 1741): Relayout Window{28d8c7f u0 com.wholexale.app.staging/com.wholexale.app.MainActivity}: viewVisibility=0, oldvis=0, req=1080x2400
02-03 21:45:52.572 D/PowerManagerService( 1741): userActivityNoUpdateLocked: groupId=0, eventTime=104309898, event=2, flags=0x0, uid=1000
02-03 21:45:52.673 D/OplusFullScreenDisplayManager( 1741): adjustWindowParamsLw com.wholexale.app.staging, no change cutoutMode: 0
02-03 21:45:52.673 V/WindowManager( 1741): Relayout Window{28d8c7f u0 com.wholexale.app.staging/com.wholexale.app.MainActivity}: viewVisibility=0, oldvis=0, req=1080x2400
02-03 21:45:52.704 D/PowerManagerService( 1741): userActivityNoUpdateLocked: groupId=0, eventTime=104310030, event=2, flags=0x0, uid=1000
02-03 21:45:52.822 D/OplusFullScreenDisplayManager( 1741): adjustWindowParamsLw com.wholexale.app.staging, no change cutoutMode: 0
02-03 21:45:52.822 V/WindowManager( 1741): Relayout Window{28d8c7f u0 com.wholexale.app.staging/com.wholexale.app.MainActivity}: viewVisibility=0, oldvis=0, req=1080x2400
02-03 21:45:53.136 D/PowerManagerService( 1741): userActivityNoUpdateLocked: groupId=0, eventTime=104310462, event=2, flags=0x0, uid=1000
02-03 21:45:53.269 D/OplusFullScreenDisplayManager( 1741): adjustWindowParamsLw com.wholexale.app.staging, no change cutoutMode: 0
02-03 21:45:53.269 V/WindowManager( 1741): Relayout Window{28d8c7f u0 com.wholexale.app.staging/com.wholexale.app.MainActivity}: viewVisibility=0, oldvis=0, req=1080x2400
02-03 21:45:53.400 D/PowerManagerService( 1741): userActivityNoUpdateLocked: groupId=0, eventTime=104310725, event=2, flags=0x0, uid=1000
02-03 21:45:53.501 D/PowerManagerService( 1741): userActivityNoUpdateLocked: groupId=0, eventTime=104310827, event=2, flags=0x0, uid=1000
02-03 21:45:53.550 D/OplusFullScreenDisplayManager( 1741): adjustWindowParamsLw com.wholexale.app.staging, no change cutoutMode: 0
02-03 21:45:53.550 V/WindowManager( 1741): Relayout Window{28d8c7f u0 com.wholexale.app.staging/com.wholexale.app.MainActivity}: viewVisibility=0, oldvis=0, req=1080x2400
02-03 21:45:53.679 D/PowerManagerService( 1741): userActivityNoUpdateLocked: groupId=0, eventTime=104311004, event=2, flags=0x0, uid=1000
02-03 21:45:53.699 D/CompatibilityChangeReporter( 1741): Compat change id reported: 151105954; UID 1000; state: ENABLED
02-03 21:45:53.702 E/AppOps  ( 1741): attributionTag  not declared in manifest of com.oplus.exsystemservice
02-03 21:45:53.705 E/AppOps  ( 1741): attributionTag  not declared in manifest of com.oplus.exsystemservice
02-03 21:45:53.815 D/OplusFullScreenDisplayManager( 1741): adjustWindowParamsLw com.wholexale.app.staging, no change cutoutMode: 0
02-03 21:45:53.816 V/WindowManager( 1741): Relayout Window{28d8c7f u0 com.wholexale.app.staging/com.wholexale.app.MainActivity}: viewVisibility=0, oldvis=0, req=1080x2400
02-03 21:45:53.874 D/PowerManagerService( 1741): userActivityNoUpdateLocked: groupId=0, eventTime=104311201, event=2, flags=0x0, uid=1000
02-03 21:45:53.980 D/OplusFullScreenDisplayManager( 1741): adjustWindowParamsLw com.wholexale.app.staging, no change cutoutMode: 0
02-03 21:45:53.980 V/WindowManager( 1741): Relayout Window{28d8c7f u0 com.wholexale.app.staging/com.wholexale.app.MainActivity}: viewVisibility=0, oldvis=0, req=1080x2400
02-03 21:45:54.168 D/PowerManagerService( 1741): userActivityNoUpdateLocked: groupId=0, eventTime=104311494, event=2, flags=0x0, uid=1000
02-03 21:45:54.295 D/OplusFullScreenDisplayManager( 1741): adjustWindowParamsLw com.wholexale.app.staging, no change cutoutMode: 0
02-03 21:45:54.295 V/WindowManager( 1741): Relayout Window{28d8c7f u0 com.wholexale.app.staging/com.wholexale.app.MainActivity}: viewVisibility=0, oldvis=0, req=1080x2400
02-03 21:45:54.460 D/PowerManagerService( 1741): userActivityNoUpdateLocked: groupId=0, eventTime=104311787, event=2, flags=0x0, uid=1000
02-03 21:45:54.561 D/PowerManagerService( 1741): userActivityNoUpdateLocked: groupId=0, eventTime=104311888, event=2, flags=0x0, uid=1000
02-03 21:45:54.626 D/OplusFullScreenDisplayManager( 1741): adjustWindowParamsLw com.wholexale.app.staging, no change cutoutMode: 0
02-03 21:45:54.626 V/WindowManager( 1741): Relayout Window{28d8c7f u0 com.wholexale.app.staging/com.wholexale.app.MainActivity}: viewVisibility=0, oldvis=0, req=1080x2400
02-03 21:45:54.687 D/PowerManagerService( 1741): userActivityNoUpdateLocked: groupId=0, eventTime=104312013, event=2, flags=0x0, uid=1000
02-03 21:45:54.792 D/OplusFullScreenDisplayManager( 1741): adjustWindowParamsLw com.wholexale.app.staging, no change cutoutMode: 0
02-03 21:45:54.792 V/WindowManager( 1741): Relayout Window{28d8c7f u0 com.wholexale.app.staging/com.wholexale.app.MainActivity}: viewVisibility=0, oldvis=0, req=1080x2400
02-03 21:45:54.861 I/MultiApp.CMAService( 1741): Need hide Switch Profile Entrance --> has multiapp and callingPackage = com.google.android.providers.media.module
02-03 21:45:55.069 D/PowerManagerService( 1741): userActivityNoUpdateLocked: groupId=0, eventTime=104312394, event=2, flags=0x0, uid=1000
02-03 21:45:55.089 V/WindowManager( 1741): Relayout Window{cffdaf7 u0 ColorSideGestureRight}: viewVisibility=0, oldvis=8, req=98x2666
02-03 21:45:55.112 D/WindowManager( 1741): finishDrawingWindow: Window{cffdaf7 u0 ColorSideGestureRight} mDrawState=DRAW_PENDING
02-03 21:45:55.148 E/OplusCustomizeRestrictionManagerService( 1741): isBackButtonDisabled start
02-03 21:45:55.148 I/OplusJoystickManager( 1741): read game pad state for game manager -> false
02-03 21:45:55.148 W/OplusJoystickManager( 1741): mInterceptGamepadKey is false
02-03 21:45:55.148 D/PowerManagerService( 1741): userActivityNoUpdateLocked: groupId=0, eventTime=104312476, event=1, flags=0x0, uid=1000
02-03 21:45:55.149 I/OplusJoystickManager( 1741): read game pad state for game manager -> false
02-03 21:45:55.149 W/OplusJoystickManager( 1741): mInterceptGamepadKey is false
02-03 21:45:55.165 D/InputMethodManagerService( 1741): onHandleImeWindowVisibleStatus: vis = 0, needsToShowImeSwitcher = false
02-03 21:45:55.177 V/WindowStateExtImpl( 1741): notifyWindowStateChange input show
02-03 21:45:55.198 D/OplusFullScreenDisplayManager( 1741): adjustWindowParamsLw com.google.android.inputmethod.latin, no change cutoutMode: 0
02-03 21:45:55.198 V/WindowManager( 1741): Relayout Window{96ba97a u0 InputMethod}: viewVisibility=0, oldvis=0, req=1080x2290
02-03 21:45:55.221 D/WindowManager( 1741): finishDrawingWindow: Window{96ba97a u0 InputMethod} mDrawState=HAS_DRAWN
02-03 21:45:55.254 D/InputMethodManagerService( 1741): onHandleImeWindowVisibleStatus: vis = 0, needsToShowImeSwitcher = false
02-03 21:45:55.375 V/WindowManager( 1741): Relayout Window{cffdaf7 u0 ColorSideGestureRight}: viewVisibility=8, oldvis=0, req=98x2666
02-03 21:45:55.646 D/PowerManagerService( 1741): userActivityNoUpdateLocked: groupId=0, eventTime=104312972, event=2, flags=0x0, uid=1000
02-03 21:45:55.825 D/CompatibilityChangeReporter( 1741): Compat change id reported: 74210811; UID 10614; state: ENABLED
02-03 21:45:55.912 V/WindowManager( 1741): Relayout Window{96ba97a u0 InputMethod}: viewVisibility=8, oldvis=0, req=1080x2290
02-03 21:45:55.978 D/OplusFullScreenDisplayManager( 1741): adjustWindowParamsLw com.wholexale.app.staging, no change cutoutMode: 0
02-03 21:45:55.978 V/WindowManager( 1741): Relayout Window{28d8c7f u0 com.wholexale.app.staging/com.wholexale.app.MainActivity}: viewVisibility=0, oldvis=0, req=1080x2400
02-03 21:45:56.115 D/CompatibilityChangeReporter( 1741): Compat change id reported: 171306433; UID 10614; state: ENABLED
02-03 21:45:56.116 D/CompatibilityChangeReporter( 1741): Compat change id reported: 218533173; UID 10614; state: ENABLED
02-03 21:45:56.140 D/OplusFullScreenDisplayManager( 1741): adjustWindowParamsLw com.wholexale.app.staging, no change cutoutMode: 0
02-03 21:45:56.140 V/WindowManager( 1741): Relayout Window{28d8c7f u0 com.wholexale.app.staging/com.wholexale.app.MainActivity}: viewVisibility=0, oldvis=0, req=1080x2400
02-03 21:45:56.231 D/CompatibilityChangeReporter( 1741): Compat change id reported: 194532703; UID 10614; state: ENABLED
02-03 21:45:56.284 I/Quality (27912): Skipped: true 4 cost 71.702354 refreshRate 16550382 bit true processName com.wholexale.app.staging
02-03 21:45:56.320 I/Quality (27912): Skipped: true 1 cost 24.807043 refreshRate 16550561 bit true processName com.wholexale.app.staging
02-03 21:45:56.436 W/PackageManager( 1741): package unknown uid 10614 pid 28416 call SetEnabledSetting(com.facebook.katana component = com.facebook.ads.internal.ipc.AudienceNetworkRemoteService, 1, 0)
02-03 21:45:56.437 W/PackageManager( 1741): package unknown uid 10614 pid 28416 call SetEnabledSetting(com.facebook.katana component = com.facebook.ads.internal.ipc.AudienceNetworkExportedActivity, 1, 0)
02-03 21:45:56.438 W/PackageManager( 1741): package unknown uid 10614 pid 28416 call SetEnabledSetting(com.facebook.katana component = com.facebook.ads.internal.ipc.AudienceNetworkRemoteActivity, 1, 0)
02-03 21:45:56.614 W/PackageManager( 1741): package unknown uid 10614 pid 28416 call SetEnabledSetting(com.facebook.katana component = com.facebook.composer.shareintent.ImplicitShareIntentHandlerDefaultAlias, 1, 0)
02-03 21:45:56.614 W/PackageManager( 1741): package unknown uid 10614 pid 28416 call SetEnabledSetting(com.facebook.katana component = com.facebook.composer.shareintent.AddToStoryAlias, 1, 0)
02-03 21:45:56.615 W/PackageManager( 1741): package unknown uid 10614 pid 28416 call SetEnabledSetting(com.facebook.katana component = com.facebook.composer.shareintent.ShareToGroupsAlias, 1, 0)
02-03 21:45:56.615 W/PackageManager( 1741): package unknown uid 10614 pid 28416 call SetEnabledSetting(com.facebook.katana component = com.facebook.composer.shareintent.ShareToGroupsDisableSinglePhotoAlias, 2, 0)
02-03 21:45:56.686 W/PackageManager( 1741): package unknown uid 10614 pid 28416 call SetEnabledSetting(com.facebook.katana component = com.facebook.fbpay.w3c.ipc.IsReadyToPayServiceImpl, 1, 0)
02-03 21:45:56.688 W/PackageManager( 1741): package unknown uid 10614 pid 28416 call SetEnabledSetting(com.facebook.katana component = com.facebook.fbpay.w3c.ipc.FBPaymentServiceImpl, 1, 0)
02-03 21:45:56.688 W/PackageManager( 1741): package unknown uid 10614 pid 28416 call SetEnabledSetting(com.facebook.katana component = com.facebook.fbpay.w3c.views.PaymentActivity, 1, 0)
02-03 21:45:56.735 W/PackageManager( 1741): package unknown uid 10614 pid 28416 call SetEnabledSetting(com.facebook.katana component = com.facebook.inspiration.fbshorts.shareintent.InpirationFbShortsShareAlias, 1, 0)
02-03 21:45:56.735 W/PackageManager( 1741): package unknown uid 10614 pid 28416 call SetEnabledSetting(com.facebook.katana component = com.facebook.inspiration.fbshorts.shareintent.InpirationFbShortsSharePhotoAlias, 2, 0)
02-03 21:45:56.736 W/PackageManager( 1741): package unknown uid 10614 pid 28416 call SetEnabledSetting(com.facebook.katana component = com.facebook.inspiration.fbshorts.shareintent.InpirationFbShortsShareMultipleAlias, 1, 0)
02-03 21:45:56.738 W/PackageManager( 1741): package unknown uid 10614 pid 28416 call SetEnabledSetting(com.facebook.katana component = class com.facebook.inspiration.platformsharing.activity.InspirationBaseExternalShareActivity, 1, 0)
02-03 21:45:56.747 W/PackageManager( 1741): package unknown uid 10614 pid 28416 call SetEnabledSetting(com.facebook.katana component = com.facebook.inspiration.platformsharing.activity.InspirationCameraShareMultipleCollageAlias, 2, 0)
02-03 21:45:56.864 W/PackageManager( 1741): package unknown uid 10614 pid 28416 call SetEnabledSetting(com.facebook.katana component = com.facebook.notifications.settings.InAppNotificationSettingsActivity, 1, 0)
02-03 21:45:57.006 W/PackageManager( 1741): package unknown uid 10614 pid 28416 call SetEnabledSetting(com.facebook.katana component = com.facebook.rti.orca.FbnsLiteBroadcastReceiver, 2, 0)
02-03 21:45:57.054 W/PackageManager( 1741): package unknown uid 10614 pid 28416 call SetEnabledSetting(com.facebook.katana component = com.facebook.timeline.stagingground.Fb4aProfilePictureShareActivityAlias, 1, 0)
02-03 21:45:57.054 W/PackageManager( 1741): package unknown uid 10614 pid 28416 call SetEnabledSetting(com.facebook.katana component = com.facebook.timeline.stagingground.WorkProfilePictureShareActivityAlias, 2, 0)
02-03 21:45:57.123 W/NotificationHistory( 1741): Attempted to remove conversation for locked/gone/disabled user 0
02-03 21:45:57.976 D/PowerManagerService( 1741): userActivityNoUpdateLocked: groupId=0, eventTime=104315301, event=2, flags=0x0, uid=1000
02-03 21:45:58.221 D/OplusFullScreenDisplayManager( 1741): adjustWindowParamsLw com.wholexale.app.staging, no change cutoutMode: 0
02-03 21:45:58.221 V/WindowManager( 1741): Relayout Window{28d8c7f u0 com.wholexale.app.staging/com.wholexale.app.MainActivity}: viewVisibility=0, oldvis=0, req=1080x2400
02-03 21:45:58.234 I/Quality (27912): Skipped: true 1 cost 19.180573 refreshRate 16550371 bit true processName com.wholexale.app.staging
02-03 21:45:59.196 D/PowerManagerService( 1741): userActivityNoUpdateLocked: groupId=0, eventTime=104316521, event=2, flags=0x0, uid=1000
02-03 21:45:59.296 D/PowerManagerService( 1741): userActivityNoUpdateLocked: groupId=0, eventTime=104316624, event=2, flags=0x0, uid=1000
02-03 21:46:00.012 E/OplusCustomizeRestrictionManagerService( 1741): isBiometricDisabled start
02-03 21:46:00.012 E/OplusCustomizeRestrictionManagerService( 1741): isBiometricDisabled start
02-03 21:46:00.065 D/PowerManagerService( 1741): userActivityNoUpdateLocked: groupId=0, eventTime=104317392, event=2, flags=0x0, uid=1000
02-03 21:46:00.167 D/PowerManagerService( 1741): userActivityNoUpdateLocked: groupId=0, eventTime=104317494, event=2, flags=0x0, uid=1000
02-03 21:46:01.325 D/PowerManagerService( 1741): userActivityNoUpdateLocked: groupId=0, eventTime=104318651, event=2, flags=0x0, uid=1000
02-03 21:46:01.427 D/PowerManagerService( 1741): userActivityNoUpdateLocked: groupId=0, eventTime=104318754, event=2, flags=0x0, uid=1000
02-03 21:46:01.528 D/PowerManagerService( 1741): userActivityNoUpdateLocked: groupId=0, eventTime=104318856, event=2, flags=0x0, uid=1000
02-03 21:46:02.239 D/PowerManagerService( 1741): userActivityNoUpdateLocked: groupId=0, eventTime=104319565, event=2, flags=0x0, uid=1000
02-03 21:46:02.904 D/PowerManagerService( 1741): userActivityNoUpdateLocked: groupId=0, eventTime=104320230, event=2, flags=0x0, uid=1000
02-03 21:46:03.401 D/PowerManagerService( 1741): userActivityNoUpdateLocked: groupId=0, eventTime=104320727, event=2, flags=0x0, uid=1000
02-03 21:46:03.517 D/PowerManagerService( 1741): userActivityNoUpdateLocked: groupId=0, eventTime=104320844, event=2, flags=0x0, uid=1000
02-03 21:46:03.839 D/PowerManagerService( 1741): userActivityNoUpdateLocked: groupId=0, eventTime=104321166, event=2, flags=0x0, uid=1000
02-03 21:46:03.948 D/PowerManagerService( 1741): userActivityNoUpdateLocked: groupId=0, eventTime=104321275, event=2, flags=0x0, uid=1000
02-03 21:46:04.338 D/PowerManagerService( 1741): userActivityNoUpdateLocked: groupId=0, eventTime=104321663, event=2, flags=0x0, uid=1000
02-03 21:46:04.724 D/PowerManagerService( 1741): userActivityNoUpdateLocked: groupId=0, eventTime=104322051, event=2, flags=0x0, uid=1000
02-03 21:46:05.113 D/PowerManagerService( 1741): userActivityNoUpdateLocked: groupId=0, eventTime=104322438, event=2, flags=0x0, uid=1000
02-03 21:46:05.213 D/PowerManagerService( 1741): userActivityNoUpdateLocked: groupId=0, eventTime=104322541, event=2, flags=0x0, uid=1000
02-03 21:46:05.748 D/PowerManagerService( 1741): userActivityNoUpdateLocked: groupId=0, eventTime=104323074, event=2, flags=0x0, uid=1000
02-03 21:46:06.510 D/PowerManagerService( 1741): userActivityNoUpdateLocked: groupId=0, eventTime=104323835, event=2, flags=0x0, uid=1000
02-03 21:46:07.669 I/keystore2(  628): keystore2::watchdog: Watchdog thread idle -> terminating. Have a great day.
02-03 21:46:07.789 D/PowerManagerService( 1741): userActivityNoUpdateLocked: groupId=0, eventTime=104325115, event=2, flags=0x0, uid=1000
02-03 21:46:08.689 D/PowerManagerService( 1741): userActivityNoUpdateLocked: groupId=0, eventTime=104326014, event=2, flags=0x0, uid=1000
02-03 21:46:08.864 E/AndroidRuntime(27912): FATAL EXCEPTION: mqt_native_modules
02-03 21:46:08.864 E/AndroidRuntime(27912): Process: com.wholexale.app.staging, PID: 27912
02-03 21:46:08.864 E/AndroidRuntime(27912): com.facebook.react.common.JavascriptException: TypeError: Cannot read property 'numColumns' of undefined
02-03 21:46:08.864 E/AndroidRuntime(27912): 
02-03 21:46:08.864 E/AndroidRuntime(27912): This error is located at:
02-03 21:46:08.864 E/AndroidRuntime(27912):     in FlatList
02-03 21:46:08.864 E/AndroidRuntime(27912):     in RCTView
02-03 21:46:08.864 E/AndroidRuntime(27912):     in Unknown
02-03 21:46:08.864 E/AndroidRuntime(27912):     in RCTView
02-03 21:46:08.864 E/AndroidRuntime(27912):     in Unknown
02-03 21:46:08.864 E/AndroidRuntime(27912):     in RCTScrollView
02-03 21:46:08.864 E/AndroidRuntime(27912):     in ScrollView
02-03 21:46:08.864 E/AndroidRuntime(27912):     in ScrollView
02-03 21:46:08.864 E/AndroidRuntime(27912):     in ProductsScreen
02-03 21:46:08.864 E/AndroidRuntime(27912):     in StaticContainer
02-03 21:46:08.864 E/AndroidRuntime(27912):     in EnsureSingleNavigator
02-03 21:46:08.864 E/AndroidRuntime(27912):     in SceneView
02-03 21:46:08.864 E/AndroidRuntime(27912):     in RCTView
02-03 21:46:08.864 E/AndroidRuntime(27912):     in Unknown
02-03 21:46:08.864 E/AndroidRuntime(27912):     in RCTView
02-03 21:46:08.864 E/AndroidRuntime(27912):     in Unknown
02-03 21:46:08.864 E/AndroidRuntime(27912):     in Background
02-03 21:46:08.864 E/AndroidRuntime(27912):     in Screen
02-03 21:46:08.864 E/AndroidRuntime(27912):     in RNSScreen
02-03 21:46:08.864 E/AndroidRuntime(27912):     in Unknown
02-03 21:46:08.864 E/AndroidRuntime(27912):     in Suspender
02-03 21:46:08.864 E/AndroidRuntime(27912):     in Suspense
02-03 21:46:08.864 E/AndroidRuntime(27912):     in Freeze
02-03 21:46:08.864 E/AndroidRuntime(27912):     in DelayedFreeze
02-03 21:46:08.864 E/AndroidRuntime(27912):     in InnerScreen
02-03 21:46:08.864 E/AndroidRuntime(27912):     in Screen
02-03 21:46:08.864 E/AndroidRuntime(27912):     in MaybeScreen
02-03 21:46:08.864 E/AndroidRuntime(27912):     in RNSScreenContainer
02-03 21:46:08.864 E/AndroidRuntime(27912):     in ScreenContainer
02-03 21:46:08.864 E/AndroidRuntime(27912):     in MaybeScreenContainer
02-03 21:46:08.864 E/AndroidRuntime(27912):     in RCTView
02-03 21:46:08.864 E/AndroidRuntime(27912):     in Unknown
02-03 21:46:08.864 E/AndroidRuntime(27912):     in SafeAreaProviderCompat
02-03 21:46:08.864 E/AndroidRuntime(27912):     in BottomTabView
02-03 21:46:08.864 E/AndroidRuntime(27912):     in PreventRemoveProvider
02-03 21:46:08.864 E/AndroidRuntime(27912):     in NavigationContent
02-03 21:46:08.864 E/AndroidRuntime(27912):     in Unknown
02-03 21:46:08.864 E/AndroidRuntime(27912):     in BottomTabNavigator
02-03 21:46:08.864 E/AndroidRuntime(27912):     in RCTView
02-03 21:46:08.864 E/AndroidRuntime(27912):     in Unknown
02-03 21:46:08.864 E/AndroidRuntime(27912):     in BuyerTabNavigator
02-03 21:46:08.864 E/AndroidRuntime(27912):     in StaticContainer
02-03 21:46:08.864 E/AndroidRuntime(27912):     in EnsureSingleNavigator
02-03 21:46:08.864 E/AndroidRuntime(27912):     in SceneView
02-03 21:46:08.864 E/AndroidRuntime(27912):     in RCTView
02-03 21:46:08.864 E/AndroidRuntime(27912):     in Unknown
02-03 21:46:08.864 E/AndroidRuntime(27912):     in RCTView
02-03 21:46:08.864 E/AndroidRuntime(27912):     in Unknown
02-03 21:46:08.864 E/AndroidRuntime(27912):     in RCTView
02-03 21:46:08.864 E/AndroidRuntime(27912):     in Unknown
02-03 21:46:08.864 E/AndroidRuntime(27912):     in CardSheet
02-03 21:46:08.864 E/AndroidRuntime(27912):     in RCTView
02-03 21:46:08.864 E/AndroidRuntime(27912):     in Unknown
02-03 21:46:08.864 E/AndroidRuntime(27912):     in Unknown
02-03 21:46:08.864 E/AndroidRuntime(27912):     in PanGestureHandler
02-03 21:46:08.864 E/AndroidRuntime(27912):     in PanGestureHandler
02-03 21:46:08.864 E/AndroidRuntime(27912):     in RCTView
02-03 21:46:08.864 E/AndroidRuntime(27912):     in Unknown
02-03 21:46:08.864 E/AndroidRuntime(27912):     in Unknown
02-03 21:46:08.864 E/AndroidRuntime(27912):     in RCTView
02-03 21:46:08.864 E/AndroidRuntime(27912):     in Unknown
02-03 21:46:08.864 E/AndroidRuntime(27912):     in Card
02-03 21:46:08.864 E/AndroidRuntime(27912):     in CardContainer
02-03 21:46:08.864 E/AndroidRuntime(27912):     in RNSScreen
02-03 21:46:08.864 E/AndroidRuntime(27912):     in Unknown
02-03 21:46:08.864 E/AndroidRuntime(27912):     in Suspender
02-03 21:46:08.864 E/AndroidRuntime(27912):     in Suspense
02-03 21:46:08.864 E/AndroidRuntime(27912):     in Freeze
02-03 21:46:08.864 E/AndroidRuntime(27912):     in DelayedFreeze
02-03 21:46:08.864 E/AndroidRuntime(27912):     in InnerScreen
02-03 21:46:08.864 E/AndroidRuntime(27912):     in Screen
02-03 21:46:08.864 E/AndroidRuntime(27912):     in MaybeScreen
02-03 21:46:08.864 E/AndroidRuntime(27912):     in RNSScreenContainer
02-03 21:46:08.864 E/AndroidRuntime(27912):     in ScreenContainer
02-03 21:46:08.864 E/AndroidRuntime(27912):     in MaybeScreenContainer
02-03 21:46:08.864 E/AndroidRuntime(27912):     in RCTView
02-03 21:46:08.864 E/AndroidRuntime(27912):     in Unknown
02-03 21:46:08.864 E/AndroidRuntime(27912):     in Background
02-03 21:46:08.864 E/AndroidRuntime(27912):     in CardStack
02-03 21:46:08.864 E/AndroidRuntime(27912):     in RNCSafeAreaProvider
02-03 21:46:08.864 E/AndroidRuntime(27912):     in SafeAreaProvider
02-03 21:46:08.864 E/AndroidRuntime(27912):     in SafeAreaProviderCompat
02-03 21:46:08.864 E/AndroidRuntime(27912):     in RNGestureHandlerRootView
02-03 21:46:08.864 E/AndroidRuntime(27912):     in GestureHandlerRootView
02-03 21:46:08.864 E/AndroidRuntime(27912):     in StackView
02-03 21:46:08.864 E/AndroidRuntime(27912):     in PreventRemoveProvider
02-03 21:46:08.864 E/AndroidRuntime(27912):     in NavigationContent
02-03 21:46:08.864 E/AndroidRuntime(27912):     in Unknown
02-03 21:46:08.864 E/AndroidRuntime(27912):     in StackNavigator
02-03 21:46:08.864 E/AndroidRuntime(27912):     in EnsureSingleNavigator
02-03 21:46:08.864 E/AndroidRuntime(27912):     in BaseNavigationContainer
02-03 21:46:08.864 E/AndroidRuntime(27912):     in ThemeProvider
02-03 21:46:08.864 E/AndroidRuntime(27912):     in NavigationContainerInner
02-03 21:46:08.864 E/AndroidRuntime(27912):     in AppInner
02-03 21:46:08.864 E/AndroidRuntime(27912):     in AppProvider
02-03 21:46:08.864 E/AndroidRuntime(27912):     in AIProvider
02-03 21:46:08.864 E/AndroidRuntime(27912):     in LocalizationProvider
02-03 21:46:08.864 E/AndroidRuntime(27912):     in PersistGate
02-03 21:46:08.864 E/AndroidRuntime(27912):     in Provider
02-03 21:46:08.864 E/AndroidRuntime(27912):     in ReduxProvider
02-03 21:46:08.864 E/AndroidRuntime(27912):     in App
02-03 21:46:08.864 E/AndroidRuntime(27912):     in RCTView
02-03 21:46:08.864 E/AndroidRuntime(27912):     in Unknown
02-03 21:46:08.864 E/AndroidRuntime(27912):     in RCTView
02-03 21:46:08.864 E/AndroidRuntime(27912):     in Unknown
02-03 21:46:08.864 E/AndroidRuntime(27912):     in AppContainer, js engine: hermes, stack:
02-03 21:46:08.864 E/AndroidRuntime(27912): _checkProps@1:451067
02-03 21:46:08.864 E/AndroidRuntime(27912): patchedCheckProps@1:38464
02-03 21:46:08.864 E/AndroidRuntime(27912): FlatList@1:449367
02-03 21:46:08.864 E/AndroidRuntime(27912): constructClassInstance@1:299422
02-03 21:46:08.864 E/AndroidRuntime(27912): updateClassComponent@1:314053
02-03 21:46:08.864 E/AndroidRuntime(27912): beginWork$1@1:347407
02-03 21:46:08.864 E/AndroidRuntime(27912): performUnitOfWork@1:334226
02-03 21:46:08.864 E/AndroidRuntime(27912): workLoopSync@1:334088
02-03 21:46:08.864 E/AndroidRuntime(27912): renderRootSync@1:333972
02-03 21:46:08.864 E/AndroidRuntime(27912): performSyncWorkOnRoot@1:331395
02-03 21:46:08.864 E/AndroidRuntime(27912): flushSyncCallbacks@1:295776
02-03 21:46:08.864 E/AndroidRuntime(27912): batchedUpdatesImpl@1:348201
02-03 21:46:08.864 E/AndroidRuntime(27912): batchedUpdates@1:288577
02-03 21:46:08.864 E/AndroidRuntime(27912): _receiveRootNodeIDEvent@1:288850
02-03 21:46:08.864 E/AndroidRuntime(27912): receiveTouches@1:342912
02-03 21:46:08.864 E/AndroidRuntime(27912): __callFunction@1:58648
02-03 21:46:08.864 E/AndroidRuntime(27912): anonymous@1:57000
02-03 21:46:08.864 E/AndroidRuntime(27912): __guard@1:57954
02-03 21:46:08.864 E/AndroidRuntime(27912): callFunctionReturnFlushedQueue@1:56958
02-03 21:46:08.864 E/AndroidRuntime(27912): 
02-03 21:46:08.864 E/AndroidRuntime(27912): 	at com.facebook.react.modules.core.ExceptionsManagerModule.reportException(ExceptionsManagerModule.java:65)
02-03 21:46:08.864 E/AndroidRuntime(27912): 	at java.lang.reflect.Method.invoke(Native Method)
02-03 21:46:08.864 E/AndroidRuntime(27912): 	at com.facebook.react.bridge.JavaMethodWrapper.invoke(JavaMethodWrapper.java:372)
02-03 21:46:08.864 E/AndroidRuntime(27912): 	at com.facebook.react.bridge.JavaModuleWrapper.invoke(JavaModuleWrapper.java:188)
02-03 21:46:08.864 E/AndroidRuntime(27912): 	at com.facebook.jni.NativeRunnable.run(Native Method)
02-03 21:46:08.864 E/AndroidRuntime(27912): 	at android.os.Handler.handleCallback(Handler.java:942)
02-03 21:46:08.864 E/AndroidRuntime(27912): 	at android.os.Handler.dispatchMessage(Handler.java:99)
02-03 21:46:08.864 E/AndroidRuntime(27912): 	at com.facebook.react.bridge.queue.MessageQueueThreadHandler.dispatchMessage(MessageQueueThreadHandler.java:27)
02-03 21:46:08.864 E/AndroidRuntime(27912): 	at android.os.Looper.loopOnce(Looper.java:240)
02-03 21:46:08.864 E/AndroidRuntime(27912): 	at android.os.Looper.loop(Looper.java:351)
02-03 21:46:08.864 E/AndroidRuntime(27912): 	at com.facebook.react.bridge.queue.MessageQueueThreadImpl$4.run(MessageQueueThreadImpl.java:228)
02-03 21:46:08.864 E/AndroidRuntime(27912): 	at java.lang.Thread.run(Thread.java:1563)
02-03 21:46:08.868 W/OplusEapManager handleErrorInfo sendEvent: ( 1741): com.wholexale.app.staging Crashed
02-03 21:46:08.870 I/DropBoxManagerService( 1741): add tag=data_app_crash isTagEnabled=true flags=0x2
02-03 21:46:08.873 W/OplusSelfProtectManager( 1741): pkg[com.oplus.crashbox] not in policy list
02-03 21:46:08.874 D/DropBoxManagerService( 1741): file :: /data/system/dropbox/data_app_crash@1770135368871.txt
02-03 21:46:08.874 W/ActivityTaskManager( 1741):   Force finishing activity com.wholexale.app.staging/com.wholexale.app.MainActivity
02-03 21:46:08.877 D/ActivityTaskManager( 1741): onWindowFocusChanged Task{1b1fe44 #6 type=home I=com.android.launcher/.Launcher U=0 rootTaskId=1 visible=true visibleRequested=false mode=fullscreen translucent=true sz=1} would transfer to compact
02-03 21:46:08.878 V/WindowManager( 1741): Changing focus from Window{28d8c7f u0 com.wholexale.app.staging/com.wholexale.app.MainActivity} to null,diplayid=0
02-03 21:46:08.880 V/OplusZoomWindowManagerService( 1741): prepareZoomTransition: curStack=Task{67a0751 #1577 type=standard A=10853:com.wholexale.app.staging U=0 visible=false visibleRequested=true mode=fullscreen translucent=true sz=1}   nextStackTask{dbb2faa #1 type=home ?? U=0 visible=true visibleRequested=false mode=fullscreen translucent=true sz=1}
02-03 21:46:08.882 I/Quality (  962): SFJankCountInfo: 1271;0;0-0-0-0-0-0-0-0-0-0;1-0-0-0-0-0-0-0-0-0;2-0-0-0-0-0-0-0-0-0;3-0-0-0-0-0-0-0-0-0;4-0-0-0-0-0-0-0-0-0;5-0-0-0-0-0-0-0-0-0;6-0-0-0-0-0-0-0-0-0;7-0-0-0-0-0-0-0-0-0;8-0-0-0-0-0-0-0-0-0;9-0-0-0-0-0-0-0-0-0;
02-03 21:46:08.902 W/BroadcastQueue( 1741): Background execution not allowed: receiving Intent { act=android.intent.action.DROPBOX_ENTRY_ADDED flg=0x10 (has extras) } to com.google.android.gms/.stats.service.DropBoxEntryAddedReceiver
02-03 21:46:08.902 W/BroadcastQueue( 1741): Background execution not allowed: receiving Intent { act=android.intent.action.DROPBOX_ENTRY_ADDED flg=0x10 (has extras) } to com.google.android.gms/.stats.service.DropBoxEntryAddedReceiver
02-03 21:46:08.904 I/OplusJoystickManager( 1741): handleApplicationSwitch deprecated!
02-03 21:46:08.909 D/OplusAppSwitchListener( 1741): Detect com.wholexale.app.staging switch to background
02-03 21:46:08.909 D/OplusEapManager( 1741): mTargetExitName :com.wholexale.app.staging
02-03 21:46:08.909 D/VRR [OPlusFrontAppManager]( 1741): OnAppSwitchObserver: onAppExit , info.targetName = com.wholexale.app.staging
02-03 21:46:08.909 D/VRR [OPlusFrontAppManager]( 1741): packageName: null
02-03 21:46:08.909 D/TaskFragmentExtImpl( 1741): addColorModeOnResume resume=true pkg = com.android.launcher
02-03 21:46:08.910 D/OplusAppSwitchListener( 1741): Detect com.android.launcher switch to foreground
02-03 21:46:08.910 D/OplusEapManager( 1741): mTargetEnterName :com.android.launcher
02-03 21:46:08.910 D/VRR [OPlusFrontAppManager]( 1741): OnAppSwitchObserver: onAppEnter , info.targetName = com.android.launcher
02-03 21:46:08.910 D/VRR [OPlusFrontAppManager]( 1741): packageName: com.android.launcher
02-03 21:46:08.913 D/VRR [OPlusRefreshRateService]( 1741): handleFrontAppChange pkgName: com.android.launcher
02-03 21:46:08.914 D/VRR [OPlusExternalRefreshRateManager]( 1741): setFrontPackageName pkgName: com.android.launcher CurPkgName: com.wholexale.app.staging
02-03 21:46:08.923 V/WindowManager( 1741): Relayout Window{79e5b u0 com.android.launcher/com.android.launcher.Launcher}: viewVisibility=0, oldvis=8, req=1080x2400
02-03 21:46:08.924 E/OplusThermalStats( 1741): Error getting package info: com.android.launcher
02-03 21:46:08.931 D/VRR [OPlusRefreshRateService]( 1741):  setFrameRateTargetControl [ 0.0 , com.wholexale.app.staging , false , com.oplus.battery ]
02-03 21:46:08.931 D/VRR [OPlusRefreshRateService]( 1741):  setFrameRateTargetControl from [0, 1000, android.uid.system:1000]
02-03 21:46:08.931 D/VRR [OPlusExternalRefreshRateManager]( 1741):  [FRTC] FrameRate : 0 com.wholexale.app.staging false com.oplus.battery 0 1000
02-03 21:46:08.931 D/VRR [OPlusSurfaceFlingerController]( 1741):  add frtc FrameRate : 0 com.wholexale.app.staging false com.oplus.battery
02-03 21:46:08.934 D/OplusBatteryServiceFeature( 1741): setSmartCoolDown: coolDown = 5, normalCoolDown = 5, pkgName = com.android.launcher
02-03 21:46:08.942 V/WindowManager( 1741): Relayout Window{43ad301 u0 com.android.launcher/com.android.launcher.Launcher}: viewVisibility=0, oldvis=8, req=1080x2400
02-03 21:46:08.951 V/WindowManager( 1741): Changing focus from null to Window{43ad301 u0 com.android.launcher/com.android.launcher.Launcher},diplayid=0
02-03 21:46:08.981 D/DisplayManagerService( 1741): Display listener for pid 27912 died.
02-03 21:46:08.981 W/WindowManager( 1741): Failed to deliver inset state change to w=Window{28d8c7f u0 com.wholexale.app.staging/com.wholexale.app.MainActivity}
02-03 21:46:08.981 W/WindowManager( 1741): android.os.DeadObjectException
02-03 21:46:08.981 W/WindowManager( 1741): 	at android.os.BinderProxy.transactNative(Native Method)
02-03 21:46:08.981 W/WindowManager( 1741): 	at android.os.BinderProxy.transact(BinderProxy.java:672)
02-03 21:46:08.981 W/WindowManager( 1741): 	at android.view.IWindow$Stub$Proxy.insetsControlChanged(IWindow.java:473)
02-03 21:46:08.981 W/WindowManager( 1741): 	at com.android.server.wm.WindowState.notifyInsetsControlChanged(WindowState.java:4316)
02-03 21:46:08.981 W/WindowManager( 1741): 	at com.android.server.wm.InsetsStateController.lambda$notifyPendingInsetsControlChanged$5$com-android-server-wm-InsetsStateController(InsetsStateController.java:540)
02-03 21:46:08.981 W/WindowManager( 1741): 	at com.android.server.wm.InsetsStateController$$ExternalSyntheticLambda4.run(Unknown Source:2)
02-03 21:46:08.981 W/WindowManager( 1741): 	at com.android.server.wm.WindowAnimator.executeAfterPrepareSurfacesRunnables(WindowAnimator.java:357)
02-03 21:46:08.981 W/WindowManager( 1741): 	at com.android.server.wm.WindowAnimator.animate(WindowAnimator.java:238)
02-03 21:46:08.981 W/WindowManager( 1741): 	at com.android.server.wm.WindowAnimator.lambda$new$1$com-android-server-wm-WindowAnimator(WindowAnimator.java:114)
02-03 21:46:08.981 W/WindowManager( 1741): 	at com.android.server.wm.WindowAnimator$$ExternalSyntheticLambda1.doFrame(Unknown Source:2)
02-03 21:46:08.981 W/WindowManager( 1741): 	at android.view.Choreographer$CallbackRecord.run(Choreographer.java:1386)
02-03 21:46:08.981 W/WindowManager( 1741): 	at android.view.Choreographer$CallbackRecord.run(Choreographer.java:1396)
02-03 21:46:08.981 W/WindowManager( 1741): 	at android.view.Choreographer.doCallbacks(Choreographer.java:1033)
02-03 21:46:08.981 W/WindowManager( 1741): 	at android.view.Choreographer.doFrame(Choreographer.java:912)
02-03 21:46:08.981 W/WindowManager( 1741): 	at android.view.Choreographer$FrameDisplayEventReceiver.run(Choreographer.java:1371)
02-03 21:46:08.981 W/WindowManager( 1741): 	at android.os.Handler.handleCallback(Handler.java:942)
02-03 21:46:08.981 W/WindowManager( 1741): 	at android.os.Handler.dispatchMessage(Handler.java:99)
02-03 21:46:08.981 W/WindowManager( 1741): 	at android.os.Looper.loopOnce(Looper.java:240)
02-03 21:46:08.981 W/WindowManager( 1741): 	at android.os.Looper.loop(Looper.java:351)
02-03 21:46:08.981 W/WindowManager( 1741): 	at android.os.HandlerThread.run(HandlerThread.java:67)
02-03 21:46:08.981 W/WindowManager( 1741): 	at com.android.server.ServiceThread.run(ServiceThread.java:44)
02-03 21:46:08.987 I/WindowManager( 1741): WIN DEATH: Window{28d8c7f u0 com.wholexale.app.staging/com.wholexale.app.MainActivity}
02-03 21:46:08.998 D/WindowManager( 1741): finishDrawingWindow: Window{79e5b u0 com.android.launcher/com.android.launcher.Launcher} mDrawState=DRAW_PENDING
02-03 21:46:08.999 D/WindowManager( 1741): finishDrawingWindow: Window{43ad301 u0 com.android.launcher/com.android.launcher.Launcher} mDrawState=DRAW_PENDING
02-03 21:46:09.007 W/WindowManager( 1741): Exception thrown during dispatchAppVisibility Window{28d8c7f u0 com.wholexale.app.staging/com.wholexale.app.MainActivity EXITING}
02-03 21:46:09.007 W/WindowManager( 1741): android.os.DeadObjectException
02-03 21:46:09.007 W/WindowManager( 1741): 	at android.os.BinderProxy.transactNative(Native Method)
02-03 21:46:09.007 W/WindowManager( 1741): 	at android.os.BinderProxy.transact(BinderProxy.java:672)
02-03 21:46:09.007 W/WindowManager( 1741): 	at android.view.IWindow$Stub$Proxy.dispatchAppVisibility(IWindow.java:536)
02-03 21:46:09.007 W/WindowManager( 1741): 	at com.android.server.wm.WindowState.sendAppVisibilityToClients(WindowState.java:3767)
02-03 21:46:09.007 W/WindowManager( 1741): 	at com.android.server.wm.WindowContainer.sendAppVisibilityToClients(WindowContainer.java:1266)
02-03 21:46:09.007 W/WindowManager( 1741): 	at com.android.server.wm.WindowToken.setClientVisible(WindowToken.java:421)
02-03 21:46:09.007 W/WindowManager( 1741): 	at com.android.server.wm.ActivityRecord.setClientVisible(ActivityRecord.java:7379)
02-03 21:46:09.007 W/WindowManager( 1741): 	at com.android.server.wm.ActivityRecord.onAnimationFinished(ActivityRecord.java:8253)
02-03 21:46:09.007 W/WindowManager( 1741): 	at com.android.server.wm.ActivityRecord.postApplyAnimation(ActivityRecord.java:5908)
02-03 21:46:09.007 W/WindowManager( 1741): 	at com.android.server.wm.ActivityRecord.commitVisibility(ActivityRecord.java:5880)
02-03 21:46:09.007 W/WindowManager( 1741): 	at com.android.server.wm.ActivityRecord.commitVisibility(ActivityRecord.java:5884)
02-03 21:46:09.007 W/WindowManager( 1741): 	at com.android.server.wm.AppTransitionController.handleClosingApps(AppTransitionController.java:1252)
02-03 21:46:09.007 W/WindowManager( 1741): 	at com.android.server.wm.AppTransitionController.handleAppTransitionReady(AppTransitionController.java:309)
02-03 21:46:09.007 W/WindowManager( 1741): 	at com.android.server.wm.RootWindowContainer.checkAppTransitionReady(RootWindowContainer.java:1074)
02-03 21:46:09.007 W/WindowManager( 1741): 	at com.android.server.wm.RootWindowContainer.performSurfacePlacementNoTrace(RootWindowContainer.java:916)
02-03 21:46:09.007 W/WindowManager( 1741): 	at com.android.server.wm.RootWindowContainer.performSurfacePlacement(RootWindowContainer.java:858)
