02-03 21:32:11.412 D/OplusAppListInterceptManager( 1741): shouldFilterTask::packageName = com.twitter.android
02-03 21:32:11.413 D/OplusAppListInterceptManager( 1741): shouldFilterTask
02-03 21:32:11.413 D/OplusAppListInterceptManager( 1741): shouldFilterTask::packageName = com.cricbuzz.android
02-03 21:32:12.438 I/Quality (10563): Skipped: false 1 cost 18.406828 refreshRate 16552227 bit true processName com.android.chrome
02-03 21:32:14.677 D/CompatibilityChangeReporter( 1741): Compat change id reported: 182734110; UID 10140; state: ENABLED
02-03 21:32:14.694 D/CompatibilityChangeReporter( 1741): Compat change id reported: 149924527; UID 10140; state: ENABLED
02-03 21:32:14.695 D/CompatibilityChangeReporter( 1741): Compat change id reported: 132649864; UID 10140; state: DISABLED
02-03 21:32:16.650 D/PowerManagerService( 1741): userActivityNoUpdateLocked: groupId=0, eventTime=103493976, event=2, flags=0x0, uid=1000
02-03 21:32:16.809 D/PowerManagerService( 1741): userActivityNoUpdateLocked: groupId=0, eventTime=103494136, event=2, flags=0x0, uid=1000
02-03 21:32:16.852 D/CompatibilityChangeReporter( 1741): Compat change id reported: 143937733; UID 10140; state: ENABLED
02-03 21:32:16.874 I/ActivityManager( 1741): Start proc 21343:com.android.chrome:sandboxed_process0:org.chromium.content.app.SandboxedProcessService0:5/u0ai4 for  {com.android.chrome/org.chromium.content.app.SandboxedProcessService0:5}
02-03 21:32:16.882 I/Quality (10563): Skipped: true 3 cost 60.19739 refreshRate 16548979 bit true processName com.android.chrome
02-03 21:32:16.934 D/CompatibilityChangeReporter( 1741): Compat change id reported: 168419799; UID 10140; state: DISABLED
02-03 21:32:16.947 D/CompatibilityChangeReporter( 1741): Compat change id reported: 197654537; UID 10140; state: ENABLED
02-03 21:32:17.023 I/ActivityManager( 1741): Killing 21343:com.android.chrome:sandboxed_process0:org.chromium.content.app.SandboxedProcessService0:5/u0a140i-8996 (adj 0): isolated not needed
02-03 21:32:18.107 D/PowerManagerService( 1741): userActivityNoUpdateLocked: groupId=0, eventTime=103495432, event=2, flags=0x0, uid=1000
02-03 21:32:18.215 D/PowerManagerService( 1741): userActivityNoUpdateLocked: groupId=0, eventTime=103495541, event=2, flags=0x0, uid=1000
02-03 21:32:18.237 D/CompatibilityChangeReporter( 1741): Compat change id reported: 143937733; UID 10140; state: ENABLED
02-03 21:32:18.255 I/Quality (10563): Skipped: true 1 cost 26.738848 refreshRate 16550309 bit true processName com.android.chrome
02-03 21:32:18.259 I/ActivityManager( 1741): Start proc 21363:com.android.chrome:sandboxed_process0:org.chromium.content.app.SandboxedProcessService0:6/u0ai5 for  {com.android.chrome/org.chromium.content.app.SandboxedProcessService0:6}
02-03 21:32:18.473 I/ActivityManager( 1741): Killing 21363:com.android.chrome:sandboxed_process0:org.chromium.content.app.SandboxedProcessService0:6/u0a140i-8995 (adj 0): isolated not needed
02-03 21:32:19.929 D/PowerManagerService( 1741): userActivityNoUpdateLocked: groupId=0, eventTime=103497255, event=2, flags=0x0, uid=1000
02-03 21:32:20.566 D/PowerManagerService( 1741): userActivityNoUpdateLocked: groupId=0, eventTime=103497892, event=2, flags=0x0, uid=1000
02-03 21:32:20.571 D/OplusZoomWindowRUSConfigManager( 1741): isSupportZoomModeWithPolicyLocked: target = com.android.chrome/org.chromium.chrome.browser.ChromeTabbedActivity
02-03 21:32:20.572 D/OplusZoomWindowRUSConfigManager( 1741): targetPkg = com.android.chrome
02-03 21:32:20.574 D/OplusZoomWindowRUSConfigManager( 1741): isSupportZoomModeWithPolicyLocked: target = com.android.chrome/org.chromium.chrome.browser.ChromeTabbedActivity
02-03 21:32:20.574 D/OplusZoomWindowRUSConfigManager( 1741): targetPkg = com.android.chrome
02-03 21:32:20.578 D/OplusAppListInterceptManager( 1741): shouldFilterTask
02-03 21:32:20.578 D/OplusAppListInterceptManager( 1741): shouldFilterTask::packageName = com.android.chrome
02-03 21:32:20.578 D/OplusAppListInterceptManager( 1741): shouldFilterTask
02-03 21:32:20.578 D/OplusAppListInterceptManager( 1741): shouldFilterTask::packageName = com.google.android.youtube
02-03 21:32:20.579 D/OplusAppListInterceptManager( 1741): shouldFilterTask
02-03 21:32:20.579 D/OplusAppListInterceptManager( 1741): shouldFilterTask::packageName = com.wholexale.app.staging
02-03 21:32:20.579 D/OplusAppListInterceptManager( 1741): shouldFilterTask
02-03 21:32:20.579 D/OplusAppListInterceptManager( 1741): shouldFilterTask::packageName = com.company.userapp
02-03 21:32:20.580 D/OplusAppListInterceptManager( 1741): shouldFilterTask
02-03 21:32:20.580 D/OplusAppListInterceptManager( 1741): shouldFilterTask::packageName = com.twitter.android
02-03 21:32:20.580 D/OplusAppListInterceptManager( 1741): shouldFilterTask
02-03 21:32:20.580 D/OplusAppListInterceptManager( 1741): shouldFilterTask::packageName = com.cricbuzz.android
02-03 21:32:20.581 D/OplusAppListInterceptManager( 1741): shouldFilterTask
02-03 21:32:20.581 D/OplusAppListInterceptManager( 1741): shouldFilterTask::packageName = com.whatsapp
02-03 21:32:20.581 D/OplusAppListInterceptManager( 1741): shouldFilterTask
02-03 21:32:20.581 D/OplusAppListInterceptManager( 1741): shouldFilterTask::packageName = com.android.settings
02-03 21:32:20.582 D/CompatibilityChangeReporter( 1741): Compat change id reported: 197654537; UID 1000; state: ENABLED
02-03 21:32:20.582 D/OplusSplitScreenManagerService( 1741): com.android.settings unSupportsSplitScreen by blockList or ForbidActivityList
02-03 21:32:20.582 D/OplusSplitScreenManagerService( 1741): com.android.settings unSupportsSplitScreen by blockList or ForbidActivityList
02-03 21:32:20.582 D/OplusAppListInterceptManager( 1741): shouldFilterTask
02-03 21:32:20.582 D/OplusAppListInterceptManager( 1741): shouldFilterTask::packageName = com.google.android.gm
02-03 21:32:20.583 D/OplusAppListInterceptManager( 1741): shouldFilterTask
02-03 21:32:20.583 D/OplusAppListInterceptManager( 1741): shouldFilterTask::packageName = com.whatsapp
02-03 21:32:20.583 D/OplusAppListInterceptManager( 1741): shouldFilterTask
02-03 21:32:20.584 D/OplusAppListInterceptManager( 1741): shouldFilterTask::packageName = com.whatsapp.w4b
02-03 21:32:20.584 D/OplusAppListInterceptManager( 1741): shouldFilterTask
02-03 21:32:20.584 D/OplusAppListInterceptManager( 1741): shouldFilterTask::packageName = com.microsoft.bing
02-03 21:32:20.585 D/OplusAppListInterceptManager( 1741): shouldFilterTask
02-03 21:32:20.585 D/OplusAppListInterceptManager( 1741): shouldFilterTask::packageName = com.snapchat.android
02-03 21:32:20.585 D/OplusSplitScreenManagerService( 1741): com.snapchat.android unSupportsSplitScreen by blockList or ForbidActivityList
02-03 21:32:20.585 D/OplusAppListInterceptManager( 1741): shouldFilterTask
02-03 21:32:20.585 D/OplusAppListInterceptManager( 1741): shouldFilterTask::packageName = com.coloros.assistantscreen
02-03 21:32:20.586 D/OplusAppListInterceptManager( 1741): shouldFilterTask
02-03 21:32:20.586 D/OplusAppListInterceptManager( 1741): shouldFilterTask::packageName = com.truecaller
02-03 21:32:20.586 D/OplusZoomWindowManagerService( 1741): hideZoomWindow, caller: 2561
02-03 21:32:20.586 D/OplusAppListInterceptManager( 1741): shouldFilterTask
02-03 21:32:20.586 D/OplusAppListInterceptManager( 1741): shouldFilterTask::packageName = com.google.android.apps.messaging
02-03 21:32:20.589 E/OplusZoomWindowManagerService( 1741): hideZoomWindow fail, zoomStack null
02-03 21:32:20.600 D/LockSettingsService( 1741): [getSeparateProfileChallengeEnabled] userId = 999
02-03 21:32:20.613 V/WindowManager( 1741): Relayout Window{313405c u0 com.android.wallpaper.livepicker.service.smoke.Smoke0WallpaperService}: viewVisibility=0, oldvis=0, req=-1x-1
02-03 21:32:20.627 V/WindowManager( 1741): Relayout Window{79e5b u0 com.android.launcher/com.android.launcher.Launcher}: viewVisibility=0, oldvis=8, req=1080x2400
02-03 21:32:20.640 V/WindowManager( 1741): Relayout Window{43ad301 u0 com.android.launcher/com.android.launcher.Launcher}: viewVisibility=0, oldvis=8, req=1080x2400
02-03 21:32:20.658 D/WindowManager( 1741): finishDrawingWindow: Window{79e5b u0 com.android.launcher/com.android.launcher.Launcher} mDrawState=DRAW_PENDING
02-03 21:32:20.667 D/PowerManagerService( 1741): userActivityNoUpdateLocked: groupId=0, eventTime=103497995, event=2, flags=0x0, uid=1000
02-03 21:32:20.670 D/InputMethodManagerService( 1741): onHandleImeWindowVisibleStatus: vis = 0, needsToShowImeSwitcher = false
02-03 21:32:20.729 I/Quality ( 2561): Skipped: false 5 cost 83.584625 refreshRate 16550316 bit true processName com.android.launcher
02-03 21:32:20.729 D/WindowManager( 1741): finishDrawingWindow: Window{43ad301 u0 com.android.launcher/com.android.launcher.Launcher} mDrawState=DRAW_PENDING
02-03 21:32:20.744 I/WindowStateExtImpl( 1741): onSurfaceShowChange show = true mPackageName = com.android.launcher parentPkgName = com.android.launcher
02-03 21:32:20.747 I/StatusBarManagerService( 1741): disableLocked, what:920000, pkg:com.android.launcher userId: 0 token:android.os.BinderProxy@497abce net1:920000 net2:0
02-03 21:32:20.776 D/PowerManagerService( 1741): userActivityNoUpdateLocked: groupId=0, eventTime=103498104, event=2, flags=0x0, uid=1000
02-03 21:32:20.893 D/PowerManagerService( 1741): userActivityNoUpdateLocked: groupId=0, eventTime=103498221, event=2, flags=0x0, uid=1000
02-03 21:32:20.911 I/Quality ( 2561): Skipped: false 1 cost 18.082174 refreshRate 16550835 bit true processName com.android.launcher
02-03 21:32:21.252 D/PowerManagerService( 1741): userActivityNoUpdateLocked: groupId=0, eventTime=103498579, event=2, flags=0x0, uid=1000
02-03 21:32:21.256 I/StatusBarManagerService( 1741): disableLocked, what:0, pkg:com.android.launcher userId: 0 token:android.os.BinderProxy@497abce net1:0 net2:0
02-03 21:32:21.279 D/TaskChangeNotificationControllerExtImpl( 1741): Skip pass Snapshot to listener:android.app.ITaskStackListener$Stub$Proxy@9e2d06d
02-03 21:32:21.332 V/WindowManager( 1741): Changing focus from Window{f71e924 u0 com.android.chrome/org.chromium.chrome.browser.ChromeTabbedActivity} to Window{43ad301 u0 com.android.launcher/com.android.launcher.Launcher},diplayid=0
02-03 21:32:21.354 V/OplusZoomWindowManagerService( 1741): onAnimationFinished:  r = ActivityRecord{1297907 u0 com.android.chrome/org.chromium.chrome.browser.ChromeTabbedActivity} t1563}
02-03 21:32:21.362 E/OplusThermalStats( 1741): Error getting package info: com.android.launcher
02-03 21:32:21.383 D/ActivityTaskManager( 1741): onWindowFocusChanged Task{f790494 #1546 type=standard A=10141:com.google.android.youtube U=0 visible=true visibleRequested=false mode=fullscreen translucent=true sz=1} would transfer to compact
02-03 21:32:21.384 V/WindowManager( 1741): Changing focus from Window{43ad301 u0 com.android.launcher/com.android.launcher.Launcher} to null,diplayid=0
02-03 21:32:21.386 D/ActivityTaskManager( 1741): getStartingWindowType: newTask=false, taskSwitch=true, processRunning=true, allowTaskSnapshot=true, activityCreated=true, snapshot=null, record:ActivityRecord{7e09ea6 u0 com.google.android.youtube/.app.honeycomb.Shell$HomeActivity} t1546}
02-03 21:32:21.387 D/CompatibilityChangeReporter( 1741): Compat change id reported: 205907456; UID 10141; state: ENABLED
02-03 21:32:21.388 E/WindowManager( 1741): create RemoteAnimationController com.android.server.wm.RemoteAnimationController@482aa3a
02-03 21:32:21.392 D/PhoneStartingWindowTypeAlgorithm( 2210): preferredStartingWindowType newTask=false, taskSwitch=true, processRunning=true, allowTaskSnapshot=true, activityCreated=true, isSolidColorSplashScreen=false, legacySplashScreen=false, activityDrawn=true, topIsHome=false
02-03 21:32:21.403 D/OplusShellStartingWindowManager( 2210): adjustSuggestedWindowType: skip no-system app and no-exception list app
02-03 21:32:21.408 D/ShellStartingWindow( 2210): getWindowAttrs window attributes color: 0, replace icon: false
02-03 21:32:21.422 D/ShellStartingWindow( 2210): inconsize = 490
02-03 21:32:21.428 I/Quality ( 2561): Skipped: false 3 cost 54.98723 refreshRate 16551774 bit true processName com.android.launcher
02-03 21:32:21.432 I/OplusJoystickManager( 1741): handleApplicationSwitch deprecated!
02-03 21:32:21.434 D/OplusFeatureReduceBrightness( 1741): OnAppSwitchObserver: onAppExit , info = OplusAppExitInfo = {  targetName = com.android.chrome hasResumingActivity = true resumingPackageName = com.google.android.youtube resumingActivityName = com.google.android.apps.youtube.app.watchwhile.MainActivity resumingWindowMode = 1 isResumingMultiApp = false isResumingFirstStart = false extension = Bundle[{taskId=1546, uid=10141}]}
02-03 21:32:21.434 D/OplusAppSwitchListener( 1741): Detect com.android.chrome switch to background
02-03 21:32:21.434 D/OplusEapManager( 1741): mTargetExitName :com.android.chrome
02-03 21:32:21.434 I/OplusSmartBrightnessController( 1741): handleMessage MSG_POWER_BRIGHTNESS_CHANGED.
02-03 21:32:21.434 D/VRR [OPlusFrontAppManager]( 1741): OnAppSwitchObserver: onAppExit , info.targetName = com.android.chrome
02-03 21:32:21.434 D/VRR [OPlusFrontAppManager]( 1741): packageName: null
02-03 21:32:21.435 D/VRR [OPlusRefreshRateService]( 1741): handleFrontAppChange pkgName: null
02-03 21:32:21.435 D/VRR [OPlusExternalRefreshRateManager]( 1741): setFrontPackageName pkgName: null CurPkgName: com.android.chrome
02-03 21:32:21.436 D/OplusFeatureReduceBrightness( 1741): OnAppSwitchObserver: onAppEnter , info = OplusAppEnterInfo = {  windowMode = 1 targetName = com.google.android.youtube multiApp = false firstStart = false launchedFromPackage = com.android.launcher intent = Intent { act=android.intent.action.MAIN cat=[android.intent.category.LAUNCHER] flg=0x10200000 cmp=com.google.android.youtube/.app.honeycomb.Shell$HomeActivity bnds=[540,2051][792,2342] mCallingUid=10106 } extension = Bundle[{taskId=1546, pid=26664, uid=10141, versionCode=1561052626}]}
02-03 21:32:21.436 D/OplusFeatureReduceBrightness( 1741): reduce onAppEnter pkg=com.google.android.youtube
02-03 21:32:21.436 D/OplusAppSwitchListener( 1741): Detect com.google.android.youtube switch to foreground
02-03 21:32:21.436 D/OplusEapManager( 1741): mTargetEnterName :com.google.android.youtube
02-03 21:32:21.436 D/ColorAutomaticBrightnessController( 1741): MSG_UPDATE_BRIGHTNESS
02-03 21:32:21.437 D/OplusDisplayPowerControllerExtImpl( 1741): original brightness:913 final brightness:913.0 scale:1.0 reason:1 darkLevel:0
02-03 21:32:21.437 D/VRR [OPlusFrontAppManager]( 1741): OnAppSwitchObserver: onAppEnter , info.targetName = com.google.android.youtube
02-03 21:32:21.437 D/VRR [OPlusFrontAppManager]( 1741): packageName: com.google.android.youtube
02-03 21:32:21.440 D/TaskFragmentExtImpl( 1741): addColorModeOnResume resume=true pkg = com.google.android.youtube
02-03 21:32:21.440 D/VRR [OPlusRefreshRateService]( 1741): handleFrontAppChange pkgName: com.google.android.youtube
02-03 21:32:21.440 D/VRR [OPlusExternalRefreshRateManager]( 1741): setFrontPackageName pkgName: com.google.android.youtube CurPkgName: null
02-03 21:32:21.440 D/OplusVideoFeatureModeAtlas( 3289): onAppEnter info mode is: 1
02-03 21:32:21.448 I/OplusSmartBrightnessController( 1741): handleMessage MSG_POWER_BRIGHTNESS_CHANGED.
02-03 21:32:21.449 E/OplusThermalStats( 1741): Error getting package info: com.google.android.youtube
02-03 21:32:21.449 D/VRR [OPlusRefreshRateService]( 1741): notifyBrightnessChange brightness: 913.0
02-03 21:32:21.449 D/ColorAutomaticBrightnessController( 1741): MSG_UPDATE_BRIGHTNESS
02-03 21:32:21.449 D/OplusDisplayPowerControllerExtImpl( 1741): original brightness:913 final brightness:913.0 scale:1.0 reason:1 darkLevel:0
02-03 21:32:21.450 D/VRR [OPlusRefreshRateService]( 1741): notifyBrightnessChange brightness: 913.0
02-03 21:32:21.451 I/WindowManager( 1741): addWindow: New client android.os.BinderProxy@e6d841d : window=Window{e504692 u0 Splash Screen com.google.android.youtube}
02-03 21:32:21.452 D/VRR [OPlusRefreshRateService]( 1741):  setFrameRateTargetControl [ 0.0 , com.android.chrome , false , com.oplus.battery ]
02-03 21:32:21.452 D/VRR [OPlusRefreshRateService]( 1741):  setFrameRateTargetControl from [0, 1000, android.uid.system:1000]
02-03 21:32:21.452 D/VRR [OPlusExternalRefreshRateManager]( 1741):  [FRTC] FrameRate : 0 com.android.chrome false com.oplus.battery 0 1000
02-03 21:32:21.453 D/CoreBackPreview( 1741): Window{e504692 u0 Splash Screen com.google.android.youtube}: Setting back callback OnBackInvokedCallbackInfo{mCallback=android.window.IOnBackInvokedCallback$Stub$Proxy@1a75e8c, mPriority=0}
02-03 21:32:21.453 D/CompatibilityChangeReporter( 1741): Compat change id reported: 157233955; UID 1000; state: ENABLED
02-03 21:32:21.454 D/VRR [OPlusSurfaceFlingerController]( 1741):  add frtc FrameRate : 0 com.android.chrome false com.oplus.battery
02-03 21:32:21.459 D/OplusShellStartingWindowManager( 2210): handleSplashScreenView: normal third app or no-default
02-03 21:32:21.460 D/OplusBatteryServiceFeature( 1741): setSmartCoolDown: coolDown = 5, normalCoolDown = 5, pkgName = com.google.android.youtube
02-03 21:32:21.462 V/WindowManager( 1741): Relayout Window{e504692 u0 Splash Screen com.google.android.youtube}: viewVisibility=0, oldvis=0, req=1080x2400
02-03 21:32:21.501 D/ViewRootImplExtImpl( 2210): Block resize report for SplashScreen of systemui.
02-03 21:32:21.501 D/WindowManager( 1741): finishDrawingWindow: Window{e504692 u0 Splash Screen com.google.android.youtube} mDrawState=DRAW_PENDING
02-03 21:32:21.517 D/OplusSplitScreenManagerService( 1741): isDragToSplitState mOplusSpiltScreenDnDUI is null, just return!
02-03 21:32:21.517 D/OplusSplitScreenManagerService( 1741): isDragToSplitState mOplusSpiltScreenDnDUI is null, just return!
02-03 21:32:21.517 D/OplusSplitScreenManagerService( 1741): isDragToSplitState mOplusSpiltScreenDnDUI is null, just return!
02-03 21:32:21.531 I/WindowStateExtImpl( 1741): onSurfaceShowChange show = true mPackageName = com.google.android.youtube parentPkgName = com.google.android.youtube
02-03 21:32:21.608 D/OplusAppListInterceptManager( 1741): shouldFilterTask
02-03 21:32:21.608 D/OplusAppListInterceptManager( 1741): shouldFilterTask::packageName = com.google.android.youtube
02-03 21:32:21.608 D/OplusAppListInterceptManager( 1741): shouldFilterTask
02-03 21:32:21.608 D/OplusAppListInterceptManager( 1741): shouldFilterTask::packageName = com.android.chrome
02-03 21:32:21.611 I/Quality (26664): Skipped: false 1 cost 18.476616 refreshRate 16552980 bit true processName com.google.android.youtube
02-03 21:32:21.619 V/WindowManager( 1741): Relayout Window{4eb0794 u0 com.google.android.youtube/com.google.android.youtube.app.honeycomb.Shell$HomeActivity}: viewVisibility=0, oldvis=8, req=1080x2400
02-03 21:32:21.625 V/WindowManager( 1741): Changing focus from null to Window{4eb0794 u0 com.google.android.youtube/com.google.android.youtube.app.honeycomb.Shell$HomeActivity},diplayid=0
02-03 21:32:21.638 V/WindowManager( 1741): Relayout Window{f71e924 u0 com.android.chrome/org.chromium.chrome.browser.ChromeTabbedActivity}: viewVisibility=8, oldvis=0, req=1080x2400
02-03 21:32:21.651 D/CompatibilityChangeReporter( 1741): Compat change id reported: 168419799; UID 10128; state: DISABLED
02-03 21:32:21.671 D/CoreBackPreview( 1741): Window{f71e924 u0 com.android.chrome/org.chromium.chrome.browser.ChromeTabbedActivity}: Setting back callback OnBackInvokedCallbackInfo{mCallback=android.window.IOnBackInvokedCallback$Stub$Proxy@52cbcaa, mPriority=-1}
02-03 21:32:21.714 D/WindowManager( 1741): finishDrawingWindow: Window{4eb0794 u0 com.google.android.youtube/com.google.android.youtube.app.honeycomb.Shell$HomeActivity} mDrawState=DRAW_PENDING
02-03 21:32:21.722 D/OplusStartingWindowManager( 1741): interceptRemoveStartingWindow: packageName=com.google.android.youtube, isSnapshot=false, startingSurfaceRunnable=null
02-03 21:32:21.722 D/OplusSplitScreenManagerService( 1741): notifyRemoveStartingWindow mOplusSpiltScreenDnDUI is null, just return!
02-03 21:32:21.753 I/Quality (26664): Skipped: true 5 cost 98.268616 refreshRate 16549946 bit true processName com.google.android.youtube
02-03 21:32:21.770 D/InputMethodManagerService( 1741): isSecurity: attribute.packageName=com.google.android.youtube mCurMethodId=com.google.android.inputmethod.latin/com.android.inputmethod.latin.LatinIME
02-03 21:32:21.770 D/InputMethodManagerService( 1741): isSecurity= false (  enable=false needShow=false inBlackList=false isExist=true )
02-03 21:32:21.774 I/Quality (26664): Skipped: false 1 cost 19.671272 refreshRate 16549661 bit true processName com.google.android.youtube
02-03 21:32:21.799 D/InputMethodManagerService( 1741): onHandleImeWindowVisibleStatus: vis = 0, needsToShowImeSwitcher = false
02-03 21:32:21.885 V/OplusZoomWindowManagerService( 1741): onAnimationFinished:  r = ActivityRecord{c0ace5a u0 com.android.launcher/.Launcher} t6}
02-03 21:32:21.886 V/OplusZoomWindowManagerService( 1741): onAnimationFinished:  r = ActivityRecord{7e09ea6 u0 com.google.android.youtube/.app.honeycomb.Shell$HomeActivity} t1546}
02-03 21:32:21.886 I/OplusAppSwitchManagerService( 1741):  handleAppVisible , r = ActivityRecord{7e09ea6 u0 com.google.android.youtube/.app.honeycomb.Shell$HomeActivity} t1546}
02-03 21:32:21.899 I/WindowStateExtImpl( 1741): onSurfaceShowChange show = false mPackageName = com.android.launcher parentPkgName = com.android.launcher
02-03 21:32:21.918 V/WindowManager( 1741): Relayout Window{79e5b u0 com.android.launcher/com.android.launcher.Launcher}: viewVisibility=8, oldvis=0, req=1080x2400
02-03 21:32:21.929 D/CompatibilityChangeReporter( 1741): Compat change id reported: 319212206; UID 1000; state: DISABLED
02-03 21:32:21.930 D/CompatibilityChangeReporter( 1741): Compat change id reported: 319212206; UID 1000; state: ENABLED
02-03 21:32:21.936 D/CameraDelegate( 1741): handleMessage:200
02-03 21:32:21.938 V/WindowManager( 1741): Relayout Window{43ad301 u0 com.android.launcher/com.android.launcher.Launcher}: viewVisibility=8, oldvis=0, req=1080x2400
02-03 21:32:21.955 W/UsageStatsService( 1741): Unexpected activity event reported! (com.android.launcher/com.android.launcher.Launcher event : 23 instanceId : 252962655)
02-03 21:32:22.111 V/WindowManager( 1741): Relayout Window{e504692 u0 Splash Screen com.google.android.youtube}: viewVisibility=8, oldvis=0, req=1080x2400
02-03 21:32:22.125 V/ZoomWindowDecorView( 2210): removeZoomView
02-03 21:32:22.126 D/CoreBackPreview( 1741): Window{e504692 u0 Splash Screen com.google.android.youtube EXITING}: Setting back callback null
02-03 21:32:22.289 I/WindowStateExtImpl( 1741): onSurfaceShowChange show = false mPackageName = com.google.android.youtube parentPkgName = com.google.android.youtube
02-03 21:32:22.559 D/PowerManagerService( 1741): userActivityNoUpdateLocked: groupId=0, eventTime=103499884, event=2, flags=0x0, uid=1000
02-03 21:32:22.658 D/PowerManagerService( 1741): userActivityNoUpdateLocked: groupId=0, eventTime=103499985, event=2, flags=0x0, uid=1000
02-03 21:32:22.788 I/Quality (26664): JankCountInfo: com.google.android.youtube.app.honeycomb.Shell$HomeActivity basic:0-0-0 action:-1 data:0-0 type:2 stage:1-1-0 type:3 stage:0-0-0 type:4 stage:0-0-0 type:5 stage:0-0-0 action:0 data:0-0 type:2 stage:0-0-0 type:5 stage:0-0-0 action:1 data:0-0 type:2 stage:4-0-0 type:3 stage:1-0-0 type:4 stage:0-0-0 type:5 stage:0-0-0 action:2 data:0-1 type:2 stage:3-4-0 type:3 stage:3-0-0 type:4 stage:1-0-0 type:5 stage:0-0-0 action:6 data:0-1 type:2 stage:3-2-0 type:3 stage:1-0-0 type:4 stage:0-0-0 type:5 stage:0-0-0 type:6 stage:0-0-0 action:8 data:0-2 type:2 stage:10-0-0 type:3 stage:1-0-0 type:4 stage:0-0-0 type:5 stage:0-0-0
02-03 21:32:23.202 D/PowerManagerService( 1741): userActivityNoUpdateLocked: groupId=0, eventTime=103500527, event=2, flags=0x0, uid=1000
02-03 21:32:23.303 D/PowerManagerService( 1741): userActivityNoUpdateLocked: groupId=0, eventTime=103500630, event=2, flags=0x0, uid=1000
02-03 21:32:24.074 D/PowerManagerService( 1741): userActivityNoUpdateLocked: groupId=0, eventTime=103501399, event=2, flags=0x0, uid=1000
02-03 21:32:24.089 V/WindowManager( 1741): Relayout Window{cffdaf7 u0 ColorSideGestureRight}: viewVisibility=0, oldvis=8, req=98x2666
02-03 21:32:24.117 D/WindowManager( 1741): finishDrawingWindow: Window{cffdaf7 u0 ColorSideGestureRight} mDrawState=DRAW_PENDING
02-03 21:32:24.174 D/PowerManagerService( 1741): userActivityNoUpdateLocked: groupId=0, eventTime=103501501, event=2, flags=0x0, uid=1000
02-03 21:32:24.182 E/OplusCustomizeRestrictionManagerService( 1741): isBackButtonDisabled start
02-03 21:32:24.182 I/OplusJoystickManager( 1741): read game pad state for game manager -> false
02-03 21:32:24.183 W/OplusJoystickManager( 1741): mInterceptGamepadKey is false
02-03 21:32:24.184 D/PowerManagerService( 1741): userActivityNoUpdateLocked: groupId=0, eventTime=103501510, event=1, flags=0x0, uid=1000
02-03 21:32:24.184 I/OplusJoystickManager( 1741): read game pad state for game manager -> false
02-03 21:32:24.184 W/OplusJoystickManager( 1741): mInterceptGamepadKey is false
02-03 21:32:24.340 I/Quality (26664): Skipped: false 1 cost 20.28141 refreshRate 16549557 bit true processName com.google.android.youtube
02-03 21:32:24.409 V/WindowManager( 1741): Relayout Window{cffdaf7 u0 ColorSideGestureRight}: viewVisibility=8, oldvis=0, req=98x2666
02-03 21:32:24.439 E/TaskPersister( 1741): File error accessing recents directory (directory doesn't exist?).
02-03 21:32:24.482 I/Quality (26664): Skipped: false 7 cost 129.2543 refreshRate 16549394 bit true processName com.google.android.youtube
02-03 21:32:24.533 I/Quality (26664): Skipped: false 2 cost 48.132275 refreshRate 16548164 bit true processName com.google.android.youtube
02-03 21:32:24.788 D/ActivityThread(10563): do gfx trim 40 success
02-03 21:32:25.158 D/PowerManagerService( 1741): userActivityNoUpdateLocked: groupId=0, eventTime=103502482, event=2, flags=0x0, uid=1000
02-03 21:32:25.257 D/PowerManagerService( 1741): userActivityNoUpdateLocked: groupId=0, eventTime=103502584, event=2, flags=0x0, uid=1000
02-03 21:32:25.521 D/PowerManagerService( 1741): userActivityNoUpdateLocked: groupId=0, eventTime=103502847, event=2, flags=0x0, uid=1000
02-03 21:32:25.734 D/PowerManagerService( 1741): userActivityNoUpdateLocked: groupId=0, eventTime=103503060, event=2, flags=0x0, uid=1000
02-03 21:32:25.836 D/PowerManagerService( 1741): userActivityNoUpdateLocked: groupId=0, eventTime=103503162, event=2, flags=0x0, uid=1000
02-03 21:32:26.033 D/PowerManagerService( 1741): userActivityNoUpdateLocked: groupId=0, eventTime=103503360, event=2, flags=0x0, uid=1000
02-03 21:32:26.143 D/PowerManagerService( 1741): userActivityNoUpdateLocked: groupId=0, eventTime=103503470, event=2, flags=0x0, uid=1000
02-03 21:32:26.240 W/ContextImpl( 1741): Calling a method in the system process without a qualified user: android.app.ContextImpl.sendBroadcast:1205 com.android.server.job.controllers.OplusCpuController.notifyHighCpuEventForApp:386 com.android.server.job.controllers.OplusCpuController.handleCpuUpdate:332 com.android.server.job.controllers.OplusCpuController.-$$Nest$mhandleCpuUpdate:0 com.android.server.job.controllers.OplusCpuController$CpuTrackerHandler.handleMessage:256 
02-03 21:32:26.444 D/PowerManagerService( 1741): userActivityNoUpdateLocked: groupId=0, eventTime=103503770, event=2, flags=0x0, uid=1000
02-03 21:32:26.545 D/PowerManagerService( 1741): userActivityNoUpdateLocked: groupId=0, eventTime=103503872, event=2, flags=0x0, uid=1000
02-03 21:32:27.014 D/PowerManagerService( 1741): userActivityNoUpdateLocked: groupId=0, eventTime=103504340, event=2, flags=0x0, uid=1000
02-03 21:32:27.094 D/CompatibilityChangeReporter( 1741): Compat change id reported: 135634846; UID 1000; state: DISABLED
02-03 21:32:27.094 D/CompatibilityChangeReporter( 1741): Compat change id reported: 177438394; UID 1000; state: DISABLED
02-03 21:32:27.094 D/CompatibilityChangeReporter( 1741): Compat change id reported: 135772972; UID 1000; state: DISABLED
02-03 21:32:27.094 D/CompatibilityChangeReporter( 1741): Compat change id reported: 135754954; UID 1000; state: ENABLED
02-03 21:32:27.100 W/ContextImpl(27330): Calling a method in the system process without a qualified user: android.app.ContextImpl.bindService:1982 android.content.ContextWrapper.bindService:863 com.heytap.mcs.biz.message.g.b:8 com.heytap.mcs.biz.message.g.a:11 com.heytap.mcs.biz.message.g.a:4 
02-03 21:32:27.133 I/ActivityManager( 1741): Start proc 21420:com.heytap.mcs.statistics/1000 for content provider {com.heytap.mcs/com.heytap.mcs.biz.statistics.provider.StatisticsContentProvider}
02-03 21:32:27.159 W/ActivityManager( 1741): Slow operation: 51ms so far, now at startProcess: returned from zygote!
02-03 21:32:27.160 W/ActivityManager( 1741): Slow operation: 52ms so far, now at startProcess: done updating battery stats
02-03 21:32:27.160 W/ActivityManager( 1741): Slow operation: 52ms so far, now at startProcess: building log message
02-03 21:32:27.160 I/ActivityManager( 1741): Start proc 21426:com.heytap.mcs.biz.message/1000 for service {com.heytap.mcs/com.heytap.mcs.biz.message.MessageDealService}
02-03 21:32:27.160 W/ActivityManager( 1741): Slow operation: 52ms so far, now at startProcess: starting to update pids map
02-03 21:32:27.161 W/ActivityManager( 1741): Slow operation: 53ms so far, now at startProcess: done updating pids map
02-03 21:32:27.469 D/CompatibilityChangeReporter( 1741): Compat change id reported: 161145287; UID 1000; state: DISABLED
02-03 21:32:27.477 W/ActivityManager( 1741): Receiver with filter android.content.IntentFilter@7ee657e already registered for pid 21420, callerPackage is com.heytap.mcs
02-03 21:32:27.510 W/ContextImpl(21426): Calling a method in the system process without a qualified user: android.app.ContextImpl.startService:1889 android.content.ContextWrapper.startService:827 com.heytap.mcs.g.a.a:94 com.heytap.mcs.f.a.a:1 com.heytap.mcs.biz.message.processer.utils.b.h:3 
02-03 21:32:27.567 W/ActivityManager( 1741): Receiver with filter android.content.IntentFilter@3a071f5 already registered for pid 21420, callerPackage is com.heytap.mcs
02-03 21:32:27.598 D/CompatibilityChangeReporter( 1741): Compat change id reported: 135634846; UID 1000; state: DISABLED
02-03 21:32:27.598 D/CompatibilityChangeReporter( 1741): Compat change id reported: 177438394; UID 1000; state: DISABLED
02-03 21:32:27.598 D/CompatibilityChangeReporter( 1741): Compat change id reported: 135772972; UID 1000; state: DISABLED
02-03 21:32:27.599 D/CompatibilityChangeReporter( 1741): Compat change id reported: 135754954; UID 1000; state: ENABLED
02-03 21:32:27.634 I/ActivityManager( 1741): Start proc 21501:com.heytap.mcs.appservice/1000 for service {com.heytap.mcs/com.heytap.mcs.biz.appservice.McsSdkService}
02-03 21:32:27.933 D/NotificationService--OplusNotificationManagerServiceExtImpl( 1741): isForwardToAssistants: true, case : Is local notification
02-03 21:32:27.933 D/NotificationService( 1741): This application enqueue notifications is need postDelayed mcsAssistantDelayTime: 200
02-03 21:32:28.135 W/DevicePolicyManager( 1741): Unknown user type: UserInfo{999:MultiApp:4001010}
02-03 21:32:28.135 W/DevicePolicyManager( 1741): Unknown user type: UserInfo{999:MultiApp:4001010}
02-03 21:32:28.136 I/OplusStatusBarManagerServiceEnhance( 1741):  getTopIsFullscreen mTopIsFullscreen: false
02-03 21:32:28.151 W/NotificationHistory( 1741): Attempted to add notif for locked/gone/disabled user 0
02-03 21:32:28.179 D/PowerManagerService( 1741): userActivityNoUpdateLocked: groupId=0, eventTime=103505506, event=2, flags=0x0, uid=1000
02-03 21:32:28.525 V/WindowManager( 1741): Relayout Window{88db69 u0 NotificationShade}: viewVisibility=4, oldvis=4, req=1080x2400
02-03 21:32:28.555 V/WindowManager( 1741): Relayout Window{9a49e9b u0 StatusBar}: viewVisibility=0, oldvis=0, req=1080x110
02-03 21:32:28.583 V/WindowManager( 1741): Relayout Window{88db69 u0 NotificationShade}: viewVisibility=0, oldvis=4, req=1080x2400
02-03 21:32:28.637 D/WindowManager( 1741): finishDrawingWindow: Window{88db69 u0 NotificationShade} mDrawState=DRAW_PENDING
02-03 21:32:29.087 I/Quality (26664): Skipped: false 8 cost 133.7604 refreshRate 16550792 bit true processName com.google.android.youtube
02-03 21:32:29.168 I/Quality (26664): Skipped: false 2 cost 48.79495 refreshRate 16549748 bit true processName com.google.android.youtube
02-03 21:32:29.213 I/Quality (26664): Skipped: false 1 cost 28.343904 refreshRate 16549435 bit true processName com.google.android.youtube
02-03 21:32:29.723 D/PowerManagerService( 1741): userActivityNoUpdateLocked: groupId=0, eventTime=103507049, event=2, flags=0x0, uid=1000
02-03 21:32:29.824 D/PowerManagerService( 1741): userActivityNoUpdateLocked: groupId=0, eventTime=103507151, event=2, flags=0x0, uid=1000
02-03 21:32:30.067 D/CompatibilityChangeReporter( 1741): Compat change id reported: 175319604; UID 1000; state: ENABLED
02-03 21:32:30.075 D/CompatibilityChangeReporter( 1741): Compat change id reported: 195579280; UID 1000; state: ENABLED
02-03 21:32:30.076 D/CompatibilityChangeReporter( 1741): Compat change id reported: 195579280; UID 1000; state: DISABLED
02-03 21:32:30.465 V/WindowManager( 1741): Relayout Window{88db69 u0 NotificationShade}: viewVisibility=0, oldvis=0, req=1080x2400
02-03 21:32:30.494 V/WindowManager( 1741): Relayout Window{88db69 u0 NotificationShade}: viewVisibility=4, oldvis=0, req=1080x2400
02-03 21:32:30.514 V/WindowManager( 1741): Relayout Window{9a49e9b u0 StatusBar}: viewVisibility=0, oldvis=0, req=1080x110
02-03 21:32:31.205 D/PowerManagerService( 1741): userActivityNoUpdateLocked: groupId=0, eventTime=103508527, event=2, flags=0x0, uid=1000
02-03 21:32:31.311 D/PowerManagerService( 1741): userActivityNoUpdateLocked: groupId=0, eventTime=103508637, event=2, flags=0x0, uid=1000
02-03 21:32:31.416 D/OplusAppListInterceptManager( 1741): shouldFilterTask
02-03 21:32:31.416 D/OplusAppListInterceptManager( 1741): shouldFilterTask::packageName = com.google.android.youtube
02-03 21:32:31.417 D/OplusAppListInterceptManager( 1741): shouldFilterTask
02-03 21:32:31.417 D/OplusAppListInterceptManager( 1741): shouldFilterTask::packageName = com.android.chrome
02-03 21:32:31.417 D/CompatibilityChangeReporter( 1741): Compat change id reported: 197654537; UID 10140; state: ENABLED
02-03 21:32:31.417 D/OplusAppListInterceptManager( 1741): shouldFilterTask
02-03 21:32:31.417 D/OplusAppListInterceptManager( 1741): shouldFilterTask::packageName = com.wholexale.app.staging
02-03 21:32:31.417 D/OplusAppListInterceptManager( 1741): shouldFilterTask
02-03 21:32:31.417 D/OplusAppListInterceptManager( 1741): shouldFilterTask::packageName = com.company.userapp
02-03 21:32:31.417 D/OplusAppListInterceptManager( 1741): shouldFilterTask
02-03 21:32:31.417 D/OplusAppListInterceptManager( 1741): shouldFilterTask::packageName = com.twitter.android
02-03 21:32:31.417 D/OplusAppListInterceptManager( 1741): shouldFilterTask
02-03 21:32:31.417 D/OplusAppListInterceptManager( 1741): shouldFilterTask::packageName = com.cricbuzz.android
02-03 21:32:31.442 I/ActivityManager( 1741): Killing 5413:com.coloros.phonemanager/u0a221 (adj 975): empty #21
02-03 21:32:31.469 I/Quality (26664): Skipped: false 9 cost 148.98988 refreshRate 16549798 bit true processName com.google.android.youtube
02-03 21:32:31.472 V/WindowManager( 1741): Relayout Window{4eb0794 u0 com.google.android.youtube/com.google.android.youtube.app.honeycomb.Shell$HomeActivity}: viewVisibility=0, oldvis=0, req=1080x2400
02-03 21:32:31.475 D/WindowManager( 1741): Acquiring screen wakelock due to Window{4eb0794 u0 com.google.android.youtube/com.google.android.youtube.app.honeycomb.Shell$HomeActivity}
02-03 21:32:31.475 D/OplusAONSmartDim( 1741): onWakeLockAcquireLocked: lock=17688479, flags=0x2000000a, packageName=android, tag="WindowManager", ws=WorkSource{10141}, uid=1000, pid=1741
02-03 21:32:31.507 I/Quality (26664): Skipped: false 1 cost 21.084633 refreshRate 16550010 bit true processName com.google.android.youtube
02-03 21:32:31.551 I/Quality (26664): Skipped: false 1 cost 32.14017 refreshRate 16549738 bit true processName com.google.android.youtube
02-03 21:32:31.556 D/DisplayManagerService( 1741): Display listener for pid 5413 died.
02-03 21:32:31.560 I/WallpaperManagerServiceExt( 1741): getFoldWallpaperInfo user=0 which=32 phyDisplay=1
02-03 21:32:31.561 I/WallpaperManagerServiceExt( 1741): getFoldWallpaperInfo user=0 which=16 phyDisplay=1
02-03 21:32:31.741 I/Quality (26664): Skipped: false 2 cost 40.322884 refreshRate 16550158 bit true processName com.google.android.youtube
02-03 21:32:31.865 D/CompatibilityChangeReporter( 1741): Compat change id reported: 157233955; UID 1000; state: ENABLED
02-03 21:32:34.833 D/PowerManagerService( 1741): userActivityNoUpdateLocked: groupId=0, eventTime=103512155, event=2, flags=0x0, uid=1000
02-03 21:32:35.117 I/Quality (26664): Skipped: false 1 cost 23.685177 refreshRate 16549003 bit true processName com.google.android.youtube
02-03 21:32:35.129 W/ContextImpl(21420): Calling a method in the system process without a qualified user: android.app.ContextImpl.startService:1889 android.content.ContextWrapper.startService:827 com.heytap.mcs.biz.statistics.StaticProcessTrackStatusManager.exitCurrentProcess:11 com.heytap.mcs.biz.statistics.StaticProcessTrackStatusManager$1.handleMessage:3 android.os.Handler.dispatchMessage:102 
02-03 21:32:35.162 I/Quality (26664): Skipped: true 1 cost 19.227596 refreshRate 16548593 bit true processName com.google.android.youtube
02-03 21:32:35.193 I/ActivityManager( 1741): Process com.heytap.mcs.statistics (pid 21420) has died: vis BFGS
02-03 21:32:35.196 I/ActivityThread(21426): Removing dead content provider:android.content.ContentProviderProxy@f701689
02-03 21:32:35.197 I/ActivityThread(21501): Removing dead content provider:android.content.ContentProviderProxy@2b5b2bc
02-03 21:32:35.199 I/ActivityThread(27330): Removing dead content provider:android.content.ContentProviderProxy@659dc2e
02-03 21:32:36.952 D/OplusBatteryServiceFeature( 1741): setSmartCoolDown: coolDown = 3, normalCoolDown = 3, pkgName = com.google.android.youtube
02-03 21:32:36.958 D/VRR [OPlusRefreshRateService]( 1741):  setFrameRateTargetControl [ 0.0 , com.google.android.youtube , false , com.oplus.battery ]
02-03 21:32:36.958 D/VRR [OPlusRefreshRateService]( 1741):  setFrameRateTargetControl from [0, 1000, android.uid.system:1000]
02-03 21:32:36.958 D/VRR [OPlusExternalRefreshRateManager]( 1741):  [FRTC] FrameRate : 0 com.google.android.youtube false com.oplus.battery 0 1000
02-03 21:32:36.959 D/VRR [OPlusSurfaceFlingerController]( 1741):  add frtc FrameRate : 0 com.google.android.youtube false com.oplus.battery
02-03 21:32:37.536 W/ContextImpl(21426): Calling a method in the system process without a qualified user: android.app.ContextImpl.startService:1889 android.content.ContextWrapper.startService:827 com.heytap.mcs.biz.message.h.a:18 com.heytap.mcs.biz.message.h.f:6 com.heytap.mcs.biz.message.i.g:4 
02-03 21:32:37.550 I/Quality (31255): SlowBinder: com.cricbuzz.android to android.app.IUiModeManager cost= 290 code= 4
02-03 21:32:37.571 I/ActivityManager( 1741): Process com.heytap.mcs.biz.message (pid 21426) has died: fg  SVC 
02-03 21:32:40.067 D/PowerManagerService( 1741): userActivityNoUpdateLocked: groupId=0, eventTime=103517392, event=2, flags=0x0, uid=1000
02-03 21:32:40.168 D/PowerManagerService( 1741): userActivityNoUpdateLocked: groupId=0, eventTime=103517495, event=2, flags=0x0, uid=1000
02-03 21:32:40.204 I/Quality (26664): Skipped: false 1 cost 29.783371 refreshRate 16551388 bit true processName com.google.android.youtube
02-03 21:32:41.803 D/OplusThermalStats( 1741): REPORT_UPDATE_CPU  ->  phoneTemp:380  preHeatThreshold:400
02-03 21:32:41.898 D/ProcessCpuTrackerExtImpl( 1741): mContext is already set, return now! 
02-03 21:32:42.694 I/ActivityManager( 1741): Waited long enough for: ServiceRecord{e533871 u0 com.heytap.mcs/.biz.appservice.McsSdkService}
02-03 21:32:44.422 D/PowerManagerService( 1741): userActivityNoUpdateLocked: groupId=0, eventTime=103521748, event=2, flags=0x0, uid=1000
02-03 21:32:44.550 V/WindowManager( 1741): Relayout Window{4eb0794 u0 com.google.android.youtube/com.google.android.youtube.app.honeycomb.Shell$HomeActivity}: viewVisibility=0, oldvis=0, req=1080x2400
02-03 21:32:44.554 D/WindowManager( 1741): Releasing screen wakelock due to Window{4eb0794 u0 com.google.android.youtube/com.google.android.youtube.app.honeycomb.Shell$HomeActivity}
02-03 21:32:44.555 D/OplusAONSmartDim( 1741): onWakeLockReleaseLocked: lock=17688479, flags=0x2000000a, packageName=android, tag="WindowManager", ws=WorkSource{10141}, uid=1000, pid=1741
02-03 21:32:44.555 D/PowerManagerService( 1741): userActivityNoUpdateLocked: groupId=0, eventTime=103521884, event=0, flags=0x1, uid=1000
02-03 21:32:44.566 I/Quality (26664): Skipped: false 3 cost 55.15782 refreshRate 16549215 bit true processName com.google.android.youtube
02-03 21:32:44.594 I/Quality (26664): Skipped: false 1 cost 16.91578 refreshRate 16548244 bit true processName com.google.android.youtube
02-03 21:32:46.116 D/PowerManagerService( 1741): userActivityNoUpdateLocked: groupId=0, eventTime=103523441, event=2, flags=0x0, uid=1000
02-03 21:32:46.217 D/PowerManagerService( 1741): userActivityNoUpdateLocked: groupId=0, eventTime=103523544, event=2, flags=0x0, uid=1000
02-03 21:32:46.272 V/WindowManager( 1741): Relayout Window{4eb0794 u0 com.google.android.youtube/com.google.android.youtube.app.honeycomb.Shell$HomeActivity}: viewVisibility=0, oldvis=0, req=1080x2400
02-03 21:32:46.278 D/WindowManager( 1741): Acquiring screen wakelock due to Window{4eb0794 u0 com.google.android.youtube/com.google.android.youtube.app.honeycomb.Shell$HomeActivity}
02-03 21:32:46.278 D/OplusAONSmartDim( 1741): onWakeLockAcquireLocked: lock=17688479, flags=0x2000000a, packageName=android, tag="WindowManager", ws=WorkSource{10141}, uid=1000, pid=1741
02-03 21:32:46.323 I/Quality (26664): Skipped: false 2 cost 41.05259 refreshRate 16666667 bit true processName com.google.android.youtube
02-03 21:32:46.517 I/Quality (26664): Skipped: false 1 cost 20.630835 refreshRate 16556108 bit true processName com.google.android.youtube
02-03 21:32:47.777 W/NetworkPolicy( 1741): shared quota unsupported; generating rule for each iface
02-03 21:32:47.790 V/OplusNPMS( 1741): getWarningNotification numWarningNotificaion10
02-03 21:32:47.790 V/OplusNPMS( 1741): getWarningNotification numWarningNotificaion10
02-03 21:32:47.790 V/OplusNPMS( 1741): getLimitNotificationState subID=6
02-03 21:32:47.790 V/OplusNPMS( 1741): getLimitNotificationState mSubidToIccId != null
02-03 21:32:50.164 I/ActivityManager( 1741): Process com.heytap.mcs.appservice (pid 21501) has died: cch+5 CEM 
02-03 21:32:52.769 D/PowerManagerService( 1741): userActivityNoUpdateLocked: groupId=0, eventTime=103530093, event=2, flags=0x0, uid=1000
02-03 21:32:52.868 D/PowerManagerService( 1741): userActivityNoUpdateLocked: groupId=0, eventTime=103530195, event=2, flags=0x0, uid=1000
02-03 21:32:53.138 I/Quality (26664): Skipped: true 1 cost 20.789335 refreshRate 16545781 bit true processName com.google.android.youtube
02-03 21:32:53.699 D/CompatibilityChangeReporter( 1741): Compat change id reported: 151105954; UID 1000; state: ENABLED
02-03 21:32:53.702 E/AppOps  ( 1741): attributionTag  not declared in manifest of com.oplus.exsystemservice
02-03 21:32:53.706 E/AppOps  ( 1741): attributionTag  not declared in manifest of com.oplus.exsystemservice
02-03 21:32:58.169 W/BatteryExternalStatsWorker( 1741): error reading Bluetooth stats: 11
02-03 21:33:00.017 E/OplusCustomizeRestrictionManagerService( 1741): isBiometricDisabled start
02-03 21:33:00.018 E/OplusCustomizeRestrictionManagerService( 1741): isBiometricDisabled start
02-03 21:33:06.432 I/Quality (  962): SFJankCountInfo: 2628;0;0-0-0-0-0-0-0-0-0-0;1-0-0-0-0-0-0-0-0-0;2-0-0-0-0-0-0-0-0-0;3-0-0-0-0-0-0-0-0-0;4-0-0-0-0-0-0-0-0-0;5-0-0-0-0-0-0-0-0-0;6-0-0-0-0-0-0-0-0-0;7-0-0-0-0-0-0-0-0-0;8-0-0-0-0-0-0-0-0-0;9-0-0-0-0-0-0-0-0-0;
02-03 21:33:07.375 D/PowerManagerService( 1741): userActivityNoUpdateLocked: groupId=0, eventTime=103544700, event=2, flags=0x0, uid=1000
02-03 21:33:07.475 D/PowerManagerService( 1741): userActivityNoUpdateLocked: groupId=0, eventTime=103544802, event=2, flags=0x0, uid=1000
02-03 21:33:07.503 I/Quality (26664): Skipped: false 1 cost 20.773518 refreshRate 16547395 bit true processName com.google.android.youtube
02-03 21:33:07.670 I/Quality (26664): Skipped: true 1 cost 22.16956 refreshRate 16547549 bit true processName com.google.android.youtube
02-03 21:33:11.647 D/OplusAppListInterceptManager( 1741): shouldFilterTask
02-03 21:33:11.647 D/OplusAppListInterceptManager( 1741): shouldFilterTask::packageName = com.google.android.youtube
02-03 21:33:11.648 D/OplusAppListInterceptManager( 1741): shouldFilterTask
02-03 21:33:11.648 D/OplusAppListInterceptManager( 1741): shouldFilterTask::packageName = com.android.chrome
02-03 21:33:11.648 D/OplusAppListInterceptManager( 1741): shouldFilterTask
02-03 21:33:11.648 D/OplusAppListInterceptManager( 1741): shouldFilterTask::packageName = com.wholexale.app.staging
02-03 21:33:11.648 D/OplusAppListInterceptManager( 1741): shouldFilterTask
02-03 21:33:11.648 D/OplusAppListInterceptManager( 1741): shouldFilterTask::packageName = com.company.userapp
02-03 21:33:11.649 D/OplusAppListInterceptManager( 1741): shouldFilterTask
02-03 21:33:11.649 D/OplusAppListInterceptManager( 1741): shouldFilterTask::packageName = com.twitter.android
02-03 21:33:11.649 D/OplusAppListInterceptManager( 1741): shouldFilterTask
02-03 21:33:11.649 D/OplusAppListInterceptManager( 1741): shouldFilterTask::packageName = com.cricbuzz.android
02-03 21:33:12.822 V/WindowManager( 1741): Relayout Window{4eb0794 u0 com.google.android.youtube/com.google.android.youtube.app.honeycomb.Shell$HomeActivity}: viewVisibility=0, oldvis=0, req=1080x2400
02-03 21:33:12.830 D/WindowManager( 1741): Releasing screen wakelock due to Window{4eb0794 u0 com.google.android.youtube/com.google.android.youtube.app.honeycomb.Shell$HomeActivity}
02-03 21:33:12.830 D/OplusAONSmartDim( 1741): onWakeLockReleaseLocked: lock=17688479, flags=0x2000000a, packageName=android, tag="WindowManager", ws=WorkSource{10141}, uid=1000, pid=1741
02-03 21:33:12.830 D/PowerManagerService( 1741): userActivityNoUpdateLocked: groupId=0, eventTime=103550159, event=0, flags=0x1, uid=1000
02-03 21:33:12.848 I/Quality (26664): Skipped: false 1 cost 19.283237 refreshRate 16551005 bit true processName com.google.android.youtube
02-03 21:33:12.853 V/WindowManager( 1741): Relayout Window{4eb0794 u0 com.google.android.youtube/com.google.android.youtube.app.honeycomb.Shell$HomeActivity}: viewVisibility=0, oldvis=0, req=1080x2400
02-03 21:33:12.859 D/WindowManager( 1741): Acquiring screen wakelock due to Window{4eb0794 u0 com.google.android.youtube/com.google.android.youtube.app.honeycomb.Shell$HomeActivity}
02-03 21:33:12.859 D/OplusAONSmartDim( 1741): onWakeLockAcquireLocked: lock=17688479, flags=0x2000000a, packageName=android, tag="WindowManager", ws=WorkSource{10141}, uid=1000, pid=1741
02-03 21:33:13.931 D/PowerManagerService( 1741): userActivityNoUpdateLocked: groupId=0, eventTime=103551255, event=2, flags=0x0, uid=1000
02-03 21:33:14.031 D/PowerManagerService( 1741): userActivityNoUpdateLocked: groupId=0, eventTime=103551358, event=2, flags=0x0, uid=1000
02-03 21:33:14.104 I/Quality (26664): Skipped: true 1 cost 18.020315 refreshRate 16549697 bit true processName com.google.android.youtube
02-03 21:33:15.645 W/NetworkPolicy( 1741): shared quota unsupported; generating rule for each iface
02-03 21:33:15.652 V/OplusNPMS( 1741): getWarningNotification numWarningNotificaion10
02-03 21:33:15.652 V/OplusNPMS( 1741): getWarningNotification numWarningNotificaion10
02-03 21:33:15.652 V/OplusNPMS( 1741): getLimitNotificationState subID=6
02-03 21:33:15.653 V/OplusNPMS( 1741): getLimitNotificationState mSubidToIccId != null
02-03 21:33:20.729 D/PowerManagerService( 1741): userActivityNoUpdateLocked: groupId=0, eventTime=103558054, event=2, flags=0x0, uid=1000
02-03 21:33:20.829 D/PowerManagerService( 1741): userActivityNoUpdateLocked: groupId=0, eventTime=103558157, event=2, flags=0x0, uid=1000
02-03 21:33:21.057 I/Quality (26664): Skipped: true 1 cost 19.568075 refreshRate 16546906 bit true processName com.google.android.youtube
02-03 21:33:22.901 D/PowerManagerService( 1741): userActivityNoUpdateLocked: groupId=0, eventTime=103560227, event=2, flags=0x0, uid=1000
02-03 21:33:23.003 D/PowerManagerService( 1741): userActivityNoUpdateLocked: groupId=0, eventTime=103560330, event=2, flags=0x0, uid=1000
02-03 21:33:23.113 D/PowerManagerService( 1741): userActivityNoUpdateLocked: groupId=0, eventTime=103560440, event=2, flags=0x0, uid=1000
02-03 21:33:23.829 D/PowerManagerService( 1741): userActivityNoUpdateLocked: groupId=0, eventTime=103561157, event=2, flags=0x0, uid=1000
02-03 21:33:24.766 D/PowerManagerService( 1741): userActivityNoUpdateLocked: groupId=0, eventTime=103562093, event=2, flags=0x0, uid=1000
02-03 21:33:25.703 D/PowerManagerService( 1741): userActivityNoUpdateLocked: groupId=0, eventTime=103563030, event=2, flags=0x0, uid=1000
02-03 21:33:26.435 D/PowerManagerService( 1741): userActivityNoUpdateLocked: groupId=0, eventTime=103563762, event=2, flags=0x0, uid=1000
02-03 21:33:26.541 W/ContextImpl( 1741): Calling a method in the system process without a qualified user: android.app.ContextImpl.sendBroadcast:1205 com.android.server.job.controllers.OplusCpuController.notifyHighCpuEventForApp:386 com.android.server.job.controllers.OplusCpuController.handleCpuUpdate:332 com.android.server.job.controllers.OplusCpuController.-$$Nest$mhandleCpuUpdate:0 com.android.server.job.controllers.OplusCpuController$CpuTrackerHandler.handleMessage:256 
