01-22 19:10:05.220 D/NoBackGesture( 2225): Start gesture: MotionEvent { action=ACTION_DOWN, actionButton=0, id[0]=0, x[0]=675.0, y[0]=1964.75, toolType[0]=TOOL_TYPE_FINGER, buttonState=0, classification=NONE, metaState=0, flags=0x0, edgeFlags=0x0, pointerCount=1, historySize=0, eventTime=85403716, downTime=85403716, deviceId=4, source=0x1002, displayId=0, eventId=265246638 }
01-22 19:10:05.220 D/NoBackGesture( 2225): Not in side gesture area
01-22 19:10:05.220 I/libPowerHal(  859): [perfLockRel] hdl:59429, idx:0
01-22 19:10:05.220 I/libPowerHal(  859): system_server: hard user limit set cpu freq: -1 -1 -1 -1
01-22 19:10:05.221 I/libPowerHal(  859): [unsetGPUFreq] current min:29, max:3; scn_gpu_min:-1, scn_gpu_max:3; scn_gpu_min(HL):-1, scn_gpu_max(HL):-1
01-22 19:10:05.221 I/libPowerHal(  859): system_server: set gpu opp level max: 0
01-22 19:10:05.221 I/libPowerHal(  859): [setGPUFreq] Soft min/max = (29, 0); Hard min/max = (29, 0)
01-22 19:10:05.221 I/libPowerHal(  859): [setGPUFreq] final min/max = (29, 0)
01-22 19:10:05.221 I/libPowerHal(  859): system_server: set gpu opp level: 29
01-22 19:10:05.221 I/libPowerHal(  859): system_server: set gpu opp level max: 0
01-22 19:10:05.221 I/libPowerHal(  859): [PD] system_server update cmd:2004100 param:2
01-22 19:10:05.222 I/mtkpower_client( 1748): ret_hdl:59431
01-22 19:10:05.224 D/CCodecBufferChannel(16548): [c2.mtk.vp9.decoder#768] flushed work; ignored.
01-22 19:10:05.224 D/CCodecBufferChannel(16548): [c2.mtk.vp9.decoder#768] Discard frames from previous generation.
01-22 19:10:05.224 D/PipelineWatcher(16548): onWorkDone: frameIndex not found (18446744073709551615); ignored
01-22 19:10:05.224 D/CCodecBufferChannel(16548): [c2.mtk.vp9.decoder#768] flushed work not feedInput.
01-22 19:10:05.246 D/CCodecBufferChannel(16548): [c2.mtk.vp9.decoder#768] flushed work; ignored.
01-22 19:10:05.246 D/CCodecBufferChannel(16548): [c2.mtk.vp9.decoder#768] Discard frames from previous generation.
01-22 19:10:05.246 D/PipelineWatcher(16548): onWorkDone: frameIndex not found (18446744073709551615); ignored
01-22 19:10:05.246 D/CCodecBufferChannel(16548): [c2.mtk.vp9.decoder#768] flushed work not feedInput.
01-22 19:10:05.257 D/CCodecBufferChannel(16548): [c2.mtk.vp9.decoder#768] flushed work; ignored.
01-22 19:10:05.258 D/CCodecBufferChannel(16548): [c2.mtk.vp9.decoder#768] Discard frames from previous generation.
01-22 19:10:05.258 D/PipelineWatcher(16548): onWorkDone: frameIndex not found (18446744073709551615); ignored
01-22 19:10:05.258 D/CCodecBufferChannel(16548): [c2.mtk.vp9.decoder#768] flushed work not feedInput.
01-22 19:10:05.280 D/CCodecBufferChannel(16548): [c2.mtk.vp9.decoder#768] flushed work; ignored.
01-22 19:10:05.280 D/CCodecBufferChannel(16548): [c2.mtk.vp9.decoder#768] Discard frames from previous generation.
01-22 19:10:05.280 D/PipelineWatcher(16548): onWorkDone: frameIndex not found (18446744073709551615); ignored
01-22 19:10:05.280 D/CCodecBufferChannel(16548): [c2.mtk.vp9.decoder#768] flushed work not feedInput.
01-22 19:10:05.281 D/CCodecBufferChannel(16548): [c2.mtk.vp9.decoder#768] flushed work; ignored.
01-22 19:10:05.281 D/CCodecBufferChannel(16548): [c2.mtk.vp9.decoder#768] Discard frames from previous generation.
01-22 19:10:05.281 D/PipelineWatcher(16548): onWorkDone: frameIndex not found (18446744073709551615); ignored
01-22 19:10:05.281 D/CCodecBufferChannel(16548): [c2.mtk.vp9.decoder#768] flushed work not feedInput.
01-22 19:10:05.283 D/OplusAtlasService( 3300): getAttributeByAppName module:oplus-getStreamMaxVolume packageName:com.truecaller
01-22 19:10:05.285 D/AudioManagerExtImpl( 7107): getStreamVolume normal, volume index=5
01-22 19:10:05.292 D/CCodecBufferChannel(16548): [c2.mtk.vp9.decoder#768] flushed work; ignored.
01-22 19:10:05.292 D/CCodecBufferChannel(16548): [c2.mtk.vp9.decoder#768] Discard frames from previous generation.
01-22 19:10:05.292 D/PipelineWatcher(16548): onWorkDone: frameIndex not found (18446744073709551615); ignored
01-22 19:10:05.292 D/CCodecBufferChannel(16548): [c2.mtk.vp9.decoder#768] flushed work not feedInput.
01-22 19:10:05.306 W/YouTube (16548): TraceableOnGlobalLayoutListener.onGlobalLayout[kuy-RootView2] is called 951
01-22 19:10:05.308 I/mtkpower_client( 1748): perf_lock_rel, hdl:59431, tid:2280
01-22 19:10:05.308 I/mtkpower_client( 1748): perf_lock_acq, hdl:59431, dur:0, num:4, tid:2280
01-22 19:10:05.308 I/mtkpower@impl(  859): [check_work_req] i:0, msg:1 hdl:59431, wait
01-22 19:10:05.309 I/libPowerHal(  859): [perfLockRel] hdl:59431, idx:0
01-22 19:10:05.309 I/libPowerHal(  859): [PD] system_server update cmd:2004100 param:2
01-22 19:10:05.311 I/mtkpower_client( 1748): ret_hdl:59432
01-22 19:10:05.315 D/CCodecBufferChannel(16548): [c2.mtk.vp9.decoder#768] flushed work; ignored.
01-22 19:10:05.315 D/CCodecBufferChannel(16548): [c2.mtk.vp9.decoder#768] Discard frames from previous generation.
01-22 19:10:05.315 D/PipelineWatcher(16548): onWorkDone: frameIndex not found (18446744073709551615); ignored
01-22 19:10:05.315 D/CCodecBufferChannel(16548): [c2.mtk.vp9.decoder#768] flushed work not feedInput.
01-22 19:10:05.315 D/CCodecBufferChannel(16548): [c2.mtk.vp9.decoder#768] flushed work; ignored.
01-22 19:10:05.315 D/CCodecBufferChannel(16548): [c2.mtk.vp9.decoder#768] Discard frames from previous generation.
01-22 19:10:05.315 D/PipelineWatcher(16548): onWorkDone: frameIndex not found (18446744073709551615); ignored
01-22 19:10:05.315 D/CCodecBufferChannel(16548): [c2.mtk.vp9.decoder#768] flushed work not feedInput.
01-22 19:10:05.320 D/PowerManagerService( 1748): userActivityNoUpdateLocked: groupId=0, eventTime=85403820, event=2, flags=0x0, uid=1000
01-22 19:10:05.329 D/OplusAtlasService( 3300): getAttributeByAppName module:oplus-getStreamMaxVolume packageName:com.truecaller
01-22 19:10:05.331 W/YouTube (16548): LoggingNode with node id: -1799817734 has node id set without YouTubeLoggingProperties
01-22 19:10:05.332 D/AudioManagerExtImpl( 7107): getStreamVolume normal, volume index=5
01-22 19:10:05.334 D/OplusAtlasService( 3300): getAttributeByAppName module:oplus-getStreamMaxVolume packageName:com.truecaller
01-22 19:10:05.336 D/AudioManagerExtImpl( 7107): getStreamVolume too fast, volume index=5, package=com.truecaller
01-22 19:10:05.337 D/CCodecBufferChannel(16548): [c2.mtk.vp9.decoder#768] flushed work; ignored.
01-22 19:10:05.337 D/CCodecBufferChannel(16548): [c2.mtk.vp9.decoder#768] Discard frames from previous generation.
01-22 19:10:05.337 D/PipelineWatcher(16548): onWorkDone: frameIndex not found (18446744073709551615); ignored
01-22 19:10:05.337 D/CCodecBufferChannel(16548): [c2.mtk.vp9.decoder#768] flushed work not feedInput.
01-22 19:10:05.346 D/OplusAtlasService( 3300): getAttributeByAppName module:oplus-getStreamMaxVolume packageName:com.truecaller
01-22 19:10:05.347 D/AudioManagerExtImpl( 7107): getStreamVolume too fast, volume index=5, package=com.truecaller
01-22 19:10:05.354 D/CCodecBufferChannel(16548): [c2.mtk.vp9.decoder#768] flushed work; ignored.
01-22 19:10:05.354 D/CCodecBufferChannel(16548): [c2.mtk.vp9.decoder#768] Discard frames from previous generation.
01-22 19:10:05.354 D/PipelineWatcher(16548): onWorkDone: frameIndex not found (18446744073709551615); ignored
01-22 19:10:05.354 D/CCodecBufferChannel(16548): [c2.mtk.vp9.decoder#768] flushed work not feedInput.
01-22 19:10:05.355 I/libPowerHal(  859): [perfLockRel] hdl:59430, idx:1
01-22 19:10:05.355 I/libPowerHal(  859): [PD] MTKPOWER_HINT_APP_TOUCH update cmd:3408600 param:0
01-22 19:10:05.356 D/CCodecBufferChannel(16548): [c2.mtk.vp9.decoder#768] flushed work; ignored.
01-22 19:10:05.356 D/CCodecBufferChannel(16548): [c2.mtk.vp9.decoder#768] Discard frames from previous generation.
01-22 19:10:05.356 D/PipelineWatcher(16548): onWorkDone: frameIndex not found (18446744073709551615); ignored
01-22 19:10:05.356 D/CCodecBufferChannel(16548): [c2.mtk.vp9.decoder#768] flushed work not feedInput.
01-22 19:10:05.358 D/OplusAtlasService( 3300): getAttributeByAppName module:oplus-getStreamMaxVolume packageName:com.truecaller
01-22 19:10:05.359 I/oplus.android.OplusFrameworkFactoryImpl(16548): get feature:IOplusDynamicVsyncFeature
01-22 19:10:05.359 I/oplus.android.OplusFrameworkFactoryImpl(16548): get feature:IOplusDynamicVsyncFeature
01-22 19:10:05.359 I/oplus.android.OplusFrameworkFactoryImpl(16548): get feature:IOplusDynamicVsyncFeature
01-22 19:10:05.360 I/mtkpower_client( 1748): perf_lock_rel, hdl:59432, tid:2280
01-22 19:10:05.360 W/YouTube (16548): dynamicTimers limit reached, dropping new timers
01-22 19:10:05.360 E/YT.mlplayer(16548): MedialibPlayer.clearVideoFrame()
01-22 19:10:05.360 D/AudioManagerExtImpl( 7107): getStreamVolume normal, volume index=5
01-22 19:10:05.360 I/mtkpower_client( 1748): perf_lock_acq, hdl:59432, dur:0, num:4, tid:2280
01-22 19:10:05.360 I/libPowerHal(  859): [perfLockRel] hdl:59432, idx:0
01-22 19:10:05.361 I/libPowerHal(  859): [PD] system_server update cmd:2004100 param:2
01-22 19:10:05.362 I/mtkpower_client( 1748): ret_hdl:59433
01-22 19:10:05.363 E/YT.mlplayer(16548): MedialibPlayer.playNextInQueue()
01-22 19:10:05.364 I/mtkpower_client( 1748): perf_lock_rel, hdl:59433, tid:2280
01-22 19:10:05.364 I/mtkpower_client( 1748): perf_lock_acq, hdl:59433, dur:0, num:12, tid:2280
01-22 19:10:05.364 I/libPowerHal(  859): [perfLockRel] hdl:59433, idx:0
01-22 19:10:05.365 I/libPowerHal(  859): [PD] system_server update cmd:2004100 param:2
01-22 19:10:05.365 D/CCodecBufferChannel(16548): [c2.mtk.vp9.decoder#768] flushed work; ignored.
01-22 19:10:05.365 D/CCodecBufferChannel(16548): [c2.mtk.vp9.decoder#768] Discard frames from previous generation.
01-22 19:10:05.365 D/PipelineWatcher(16548): onWorkDone: frameIndex not found (18446744073709551615); ignored
01-22 19:10:05.365 D/CCodecBufferChannel(16548): [c2.mtk.vp9.decoder#768] flushed work not feedInput.
01-22 19:10:05.365 E/YT.mlplayer(16548): MedialibPlayerEvents[15].onTransition(6713 -> 0, transitionTimeMs.1769089205365)
01-22 19:10:05.366 I/mtkpower_client( 1748): ret_hdl:59434
01-22 19:10:05.366 I/libPowerHal(  859): system_server: cpu_ctrl set cpu freq: 1075000 -1 1087000 -1
01-22 19:10:05.367 I/libPowerHal(  859): system_server: hard user limit set cpu freq: -1 1666000 -1 1651000
01-22 19:10:05.367 E/YT.mlplayer(16548): MedialibPlayerEvents[90].onPreparing()
01-22 19:10:05.367 D/AudioTrack(16548): pause(1023): prior state:STATE_ACTIVE output 21 stream 3 session 5209
01-22 19:10:05.368 E/YT.mlplayer(16548): MedialibPlayerEvents[90].onPlaybackRateChange(playbackRate=1.000000)
01-22 19:10:05.370 E/YT.mlplayer(16548): MedialibPlayerEvents[90].onVideoQualitySettingChange(0)
01-22 19:10:05.371 E/YT.mlplayer(16548): MedialibPlayer.playVideo()
01-22 19:10:05.374 W/YouTube (16548): TraceableOnGlobalLayoutListener.onGlobalLayout[kuy-RootView2] is called 952
01-22 19:10:05.383 W/YouTube (16548): TraceableOnGlobalLayoutListener.onGlobalLayout[kuy-RootView2] is called 953
01-22 19:10:05.384 D/AF::TrackBase(  961): track(0xb40000759ecb6a00) pause signal - released
01-22 19:10:05.385 D/AudioTrackExtImpl(16548): clearAudioBoostTid
01-22 19:10:05.385 D/AudioFlingerExtImpl(  961): audioShcedBoost after setUx(pid:16548, tid:16990)
01-22 19:10:05.385 D/AudioFlinger(  961): AudioFlinger::audioSchedBoost
01-22 19:10:05.386 D/AudioTrackExtImpl(16548): clearAudioBoostTid  pid 16548  tid 16990
01-22 19:10:05.386 D/AudioFlingerExtImpl(  961): audioShcedBoost after setUx(pid:16548, tid:32190)
01-22 19:10:05.386 D/AudioFlinger(  961): AudioFlinger::audioSchedBoost
01-22 19:10:05.386 D/AudioTrackExtImpl(16548): clearAudioBoostTid  pid 16548  tid 32190
01-22 19:10:05.387 D/MediaCodec(16548): [0xb4000079493b3000] setState: 7
01-22 19:10:05.387 D/OplusCCodec(16548): signalFlush [583]: (0xb40000796ccff540)
01-22 19:10:05.387 I/OplusFeedbackInfo(16548): [signalFlush:L806]
01-22 19:10:05.388 D/C2MtkComponent(  846): [0xEE33DB00] flush_sm
01-22 19:10:05.389 D/C2MtkComponent(  846): [0xEE33DD04] printStash: key=1000007283000, frameIndex=3441, inputFlags=0
01-22 19:10:05.389 D/C2MtkComponent(  846): [0xEE33DD04] printStash: key=1000007267000, frameIndex=3440, inputFlags=0
01-22 19:10:05.389 D/C2MtkComponent(  846): [0xEE33DD04] printStash: key=1000007250000, frameIndex=3439, inputFlags=0
01-22 19:10:05.389 D/C2MtkComponent(  846): [0xEE33DD04] printStash: key=1000007233000, frameIndex=3438, inputFlags=0
01-22 19:10:05.389 D/C2MtkComponent(  846): [0xEE33DD04] printStash: key=1000007217000, frameIndex=3437, inputFlags=0
01-22 19:10:05.389 D/C2MtkComponent(  846): [0xEE33DD04] printStash: key=1000007300000, frameIndex=3442, inputFlags=0
01-22 19:10:05.389 D/C2MtkBufferManager(  846): [0xEE32B3D0] wakeUpFetchThread release mThreadSem mCcThreadSem
01-22 19:10:05.389 E/C2MtkVdec(  846): [0xEE33DB00] Unknown output workId: 1000007217000
01-22 19:10:05.389 D/VCodec  (  846): [VCodecV4L2] state: FLUSH, state != 3
01-22 19:10:05.393 D/MDP     (  843): DpAsyncBlit: in: job (443855 238) (1088, 1920, 34816, 17408, C12b, P1), sec0, flush 0 Buffer 221927: plane=2 bufVA={0xee,0xee,0x0} bufMVA={0x0,0x0,0x0} bufSize={0x1fe000,0xff000,0x0} proxy={0xb400007025cb1740,0x0,0x0}fence=-1
01-22 19:10:05.393 D/MDP     (  843): DpAsyncBlit: out0: (1080, 143, 2176, 0, C5, P1), misc: (X:0, Y:0, R:0, F:0, S:1, A:0, D:0), sec0, flush 0 Buffer 221927: plane=1 bufVA={0x9c,0x0,0x0} bufMVA={0x0,0x0,0x0} bufSize={0x4fb000,0x0,0x0} proxy={0xb400007025cb1c40,0x0,0x0}fence=266
01-22 19:10:05.393 D/MDP     (  843): DpAsyncBlit: crop0: (0, 0, 1080, 143, 0, 0, 0, 0)
01-22 19:10:05.398 D/C2MtkVdec(  846): [0xEE33DB00] VCodec Flushed, mGeneration: 27
01-22 19:10:05.398 W/C2MtkComponent(  846): [0xEE33DB00] processQueue: queue is empty.
01-22 19:10:05.398 W/C2MtkComponent(  846): [0xEE33DB00] processPostQueue: queue is empty.
01-22 19:10:05.399 W/C2MtkComponent(  846): [0xEE33DB00] processPreQueue: queue is empty.
01-22 19:10:05.400 D/PipelineWatcher(16548): onWorkDone: frameIndex not found (18446744073709551615); ignored
01-22 19:10:05.400 D/PipelineWatcher(16548): onWorkDone: frameIndex not found (18446744073709551615); ignored
01-22 19:10:05.400 D/PipelineWatcher(16548): onWorkDone: frameIndex not found (18446744073709551615); ignored
01-22 19:10:05.400 D/PipelineWatcher(16548): onWorkDone: frameIndex not found (18446744073709551615); ignored
01-22 19:10:05.400 D/PipelineWatcher(16548): onWorkDone: frameIndex not found (18446744073709551615); ignored
01-22 19:10:05.400 D/PipelineWatcher(16548): onWorkDone: frameIndex not found (18446744073709551615); ignored
01-22 19:10:05.400 D/PipelineWatcher(16548): onWorkDone: frameIndex not found (18446744073709551615); ignored
01-22 19:10:05.400 D/MediaCodec(16548): [0xb4000079493b3000] setState: 6
01-22 19:10:05.400 I/CCodecConfig(16548): query failed after returning 17 values (BAD_INDEX)
01-22 19:10:05.401 W/Codec2Client(16548): query -- param skipped: index = 1342179345.
01-22 19:10:05.401 W/Codec2Client(16548): query -- param skipped: index = 2415921170.
01-22 19:10:05.401 W/Codec2Client(16548): query -- param skipped: index = 1610614798.
01-22 19:10:05.405 D/MediaCodec(16548): [0xb4000079493b3000] setState: 7
01-22 19:10:05.405 D/OplusCCodec(16548): signalFlush [583]: (0xb40000796ccff540)
01-22 19:10:05.405 I/OplusFeedbackInfo(16548): [signalFlush:L806]
01-22 19:10:05.406 D/C2MtkComponent(  846): [0xEE33DB00] flush_sm
01-22 19:10:05.406 D/C2MtkBufferManager(  846): [0xEE32B3D0] wakeUpFetchThread release mThreadSem mCcThreadSem
01-22 19:10:05.408 D/C2MtkVdec(  846): [0xEE33DB00] VCodec Flushed, mGeneration: 28
01-22 19:10:05.408 W/C2MtkComponent(  846): [0xEE33DB00] processPreQueue: queue is empty.
01-22 19:10:05.408 W/C2MtkComponent(  846): [0xEE33DB00] processQueue: queue is empty.
01-22 19:10:05.408 W/C2MtkComponent(  846): [0xEE33DB00] processPostQueue: queue is empty.
01-22 19:10:05.409 D/MediaCodec(16548): [0xb4000079493b3000] setState: 6
01-22 19:10:05.409 I/OplusFeedbackInfo(16548): 0xb400007a364b1e00 c2.mtk.vp9.decoder 1080x1920 inputFps=54 outputFps=103 renderFps=58, discardFps=35
01-22 19:10:05.409 I/CCodecConfig(16548): query failed after returning 17 values (BAD_INDEX)
01-22 19:10:05.409 D/MDP     (  843): DpAsyncBlit: in: job (443857 237) (1088, 1920, 34816, 17408, C12b, P1), sec0, flush 0 Buffer 221928: plane=2 bufVA={0xed,0xed,0x0} bufMVA={0x0,0x0,0x0} bufSize={0x1fe000,0xff000,0x0} proxy={0xb400007025cb1780,0x0,0x0}fence=-1
01-22 19:10:05.409 D/MDP     (  843): DpAsyncBlit: out0: (1080, 421, 2176, 0, C5, P1), misc: (X:0, Y:0, R:0, F:0, S:1, A:0, D:0), sec0, flush 0 Buffer 221928: plane=1 bufVA={0x79,0x0,0x0} bufMVA={0x0,0x0,0x0} bufSize={0x4fb000,0x0,0x0} proxy={0xb400007025cb1a80,0x0,0x0}fence=266
01-22 19:10:05.409 D/MDP     (  843): DpAsyncBlit: crop0: (0, 0, 1080, 421, 0, 0, 0, 0)
01-22 19:10:05.410 W/Codec2Client(16548): query -- param skipped: index = 1342179345.
01-22 19:10:05.410 W/Codec2Client(16548): query -- param skipped: index = 2415921170.
01-22 19:10:05.410 W/Codec2Client(16548): query -- param skipped: index = 1610614798.
01-22 19:10:05.415 D/OplusCCodec(16548): signalSetParameters [591]: (0xb40000796ccff540)
01-22 19:10:05.415 V/C2MtkVdec(  846): OperatingRateSetter: OpeartingRate 30.000000
01-22 19:10:05.416 D/CCodecConfig(16548): c2 config diff is   c2::float algo.rate.value = 30
01-22 19:10:05.417 D/C2MtkVdec(  846): [0xEE33DB00] process: vdec operatingRate:60.000000-->30.000000 limitOpRate:0
01-22 19:10:05.419 E/VPUD    ( 1196): [NOTICE] frame size change, from [1080 * 1920 * 8] to [720 * 1280 * 8]
01-22 19:10:05.419 E/VPUD    ( 1196): [Resolution Change] change at key frame 
01-22 19:10:05.419 E/VPUD    ( 1196): [NOTICE] resolution change at key frame, Skip Decode 
01-22 19:10:05.419 E/VPUD    ( 1196): [NOTICE] resolution change at key frame, directly put to free, frame_num = 0 
01-22 19:10:05.419 I/VPUD    ( 1196): == handle_dec_start_msg()+ == res_chg dec_frame(#3385)
01-22 19:10:05.420 W/YouTube (16548): TraceableOnGlobalLayoutListener.onGlobalLayout[kuy-RootView2] is called 954
01-22 19:10:05.420 D/CCodecBufferChannel(16548): [c2.mtk.vp9.decoder#768] flushed work; ignored.
01-22 19:10:05.420 D/CCodecBufferChannel(16548): [c2.mtk.vp9.decoder#768] Discard frames from previous generation.
01-22 19:10:05.420 D/PipelineWatcher(16548): onWorkDone: frameIndex not found (18446744073709551615); ignored
01-22 19:10:05.420 D/CCodecBufferChannel(16548): [c2.mtk.vp9.decoder#768] flushed work not feedInput.
01-22 19:10:05.423 D/CCodecBufferChannel(16548): [c2.mtk.vp9.decoder#768] flushed work; ignored.
01-22 19:10:05.423 D/CCodecBufferChannel(16548): [c2.mtk.vp9.decoder#768] Discard frames from previous generation.
01-22 19:10:05.423 D/PipelineWatcher(16548): onWorkDone: frameIndex not found (18446744073709551615); ignored
01-22 19:10:05.423 D/CCodecBufferChannel(16548): [c2.mtk.vp9.decoder#768] flushed work not feedInput.
01-22 19:10:05.423 D/CCodecBufferChannel(16548): [c2.mtk.vp9.decoder#768] flushed work; ignored.
01-22 19:10:05.423 D/CCodecBufferChannel(16548): [c2.mtk.vp9.decoder#768] Discard frames from previous generation.
01-22 19:10:05.423 D/PipelineWatcher(16548): onWorkDone: frameIndex not found (18446744073709551615); ignored
01-22 19:10:05.423 D/CCodecBufferChannel(16548): [c2.mtk.vp9.decoder#768] flushed work not feedInput.
01-22 19:10:05.423 D/CCodecBufferChannel(16548): [c2.mtk.vp9.decoder#768] flushed work; ignored.
01-22 19:10:05.423 D/CCodecBufferChannel(16548): [c2.mtk.vp9.decoder#768] Discard frames from previous generation.
01-22 19:10:05.423 D/PipelineWatcher(16548): onWorkDone: frameIndex not found (18446744073709551615); ignored
01-22 19:10:05.423 D/CCodecBufferChannel(16548): [c2.mtk.vp9.decoder#768] flushed work not feedInput.
01-22 19:10:05.424 D/CCodecBufferChannel(16548): [c2.mtk.vp9.decoder#768] flushed work; ignored.
01-22 19:10:05.424 D/CCodecBufferChannel(16548): [c2.mtk.vp9.decoder#768] Discard frames from previous generation.
01-22 19:10:05.424 D/PipelineWatcher(16548): onWorkDone: frameIndex not found (18446744073709551615); ignored
01-22 19:10:05.424 D/CCodecBufferChannel(16548): [c2.mtk.vp9.decoder#768] flushed work not feedInput.
01-22 19:10:05.424 E/YT.mlplayer(16548): MedialibPlayerEvents[90].onMediaTimeRangeChange(beginTimeMs=0 endTimeMs=13056)
01-22 19:10:05.425 D/CCodecBufferChannel(16548): [c2.mtk.vp9.decoder#768] flushed work; ignored.
01-22 19:10:05.425 D/CCodecBufferChannel(16548): [c2.mtk.vp9.decoder#768] Discard frames from previous generation.
01-22 19:10:05.425 D/PipelineWatcher(16548): onWorkDone: frameIndex not found (18446744073709551615); ignored
01-22 19:10:05.425 D/CCodecBufferChannel(16548): [c2.mtk.vp9.decoder#768] flushed work not feedInput.
01-22 19:10:05.425 D/MDP     (  843): DpAsyncBlit: in: job (443859 238) (1088, 1920, 34816, 17408, C12b, P1), sec0, flush 0 Buffer 221929: plane=2 bufVA={0xee,0xee,0x0} bufMVA={0x0,0x0,0x0} bufSize={0x1fe000,0xff000,0x0} proxy={0xb400007025cb1cc0,0x0,0x0}fence=-1
01-22 19:10:05.425 D/MDP     (  843): DpAsyncBlit: out0: (1080, 663, 2176, 0, C5, P1), misc: (X:0, Y:0, R:0, F:0, S:1, A:0, D:0), sec0, flush 0 Buffer 221929: plane=1 bufVA={0x9e,0x0,0x0} bufMVA={0x0,0x0,0x0} bufSize={0x4fb000,0x0,0x0} proxy={0xb400007025c43a00,0x0,0x0}fence=266
01-22 19:10:05.425 D/MDP     (  843): DpAsyncBlit: crop0: (0, 0, 1080, 663, 0, 0, 0, 0)
01-22 19:10:05.426 D/CCodecBufferChannel(16548): [c2.mtk.vp9.decoder#768] flushed work; ignored.
01-22 19:10:05.426 D/CCodecBufferChannel(16548): [c2.mtk.vp9.decoder#768] Discard frames from previous generation.
01-22 19:10:05.426 D/PipelineWatcher(16548): onWorkDone: frameIndex not found (18446744073709551615); ignored
01-22 19:10:05.426 D/CCodecBufferChannel(16548): [c2.mtk.vp9.decoder#768] flushed work not feedInput.
01-22 19:10:05.426 D/CCodecBufferChannel(16548): [c2.mtk.vp9.decoder#768] flushed work; ignored.
01-22 19:10:05.426 D/CCodecBufferChannel(16548): [c2.mtk.vp9.decoder#768] Discard frames from previous generation.
01-22 19:10:05.426 D/PipelineWatcher(16548): onWorkDone: frameIndex not found (18446744073709551615); ignored
01-22 19:10:05.426 D/CCodecBufferChannel(16548): [c2.mtk.vp9.decoder#768] flushed work not feedInput.
01-22 19:10:05.426 D/CCodecBufferChannel(16548): [c2.mtk.vp9.decoder#768] flushed work; ignored.
01-22 19:10:05.426 D/CCodecBufferChannel(16548): [c2.mtk.vp9.decoder#768] Discard frames from previous generation.
01-22 19:10:05.426 D/PipelineWatcher(16548): onWorkDone: frameIndex not found (18446744073709551615); ignored
01-22 19:10:05.426 D/CCodecBufferChannel(16548): [c2.mtk.vp9.decoder#768] flushed work not feedInput.
01-22 19:10:05.427 D/AudioTrack(16548): flush(1023): prior state:STATE_PAUSED
01-22 19:10:05.427 W/YT.codecreuse(16548): Codec reused by ExoPlayer: c2.mtk.vp9.decoder. Mode: CODEC_REUSE_MODE_REUSE
01-22 19:10:05.427 D/AudioTrack(16548): stop(1023): prior state:STATE_FLUSHED output 21 stream 3 session 5209
01-22 19:10:05.427 D/AudioTrack(16548): ~AudioTrack(1023), releasing mStatus =0 session id 5209 from 16548 on behalf of 16548
01-22 19:10:05.427 D/AudioTrack(16548): stop(1023): prior state:STATE_FLUSHED output 21 stream 3 session 5209
01-22 19:10:05.430 D/AudioFlinger(  961): 0xb40000759080dbc0:threadLoop_write write muted data to hw, mixerStatus 0 start, mId 21, mBytesWritten 26411008
01-22 19:10:05.430 I/AudioTrack(16548): stopAndJoinCallbacks(1023) done
01-22 19:10:05.430 D/AudioTrackExtImpl(16548): clearAudioBoostTid
01-22 19:10:05.430 D/CCodecBufferChannel(16548): [c2.mtk.vp9.decoder#768] flushed work; ignored.
01-22 19:10:05.430 D/CCodecBufferChannel(16548): [c2.mtk.vp9.decoder#768] Discard frames from previous generation.
01-22 19:10:05.430 D/PipelineWatcher(16548): onWorkDone: frameIndex not found (18446744073709551615); ignored
01-22 19:10:05.430 D/CCodecBufferChannel(16548): [c2.mtk.vp9.decoder#768] flushed work not feedInput.
01-22 19:10:05.430 D/CCodecBufferChannel(16548): [c2.mtk.vp9.decoder#768] flushed work; ignored.
01-22 19:10:05.430 D/CCodecBufferChannel(16548): [c2.mtk.vp9.decoder#768] Discard frames from previous generation.
01-22 19:10:05.431 D/PipelineWatcher(16548): onWorkDone: frameIndex not found (18446744073709551615); ignored
01-22 19:10:05.431 D/CCodecBufferChannel(16548): [c2.mtk.vp9.decoder#768] flushed work not feedInput.
01-22 19:10:05.431 D/CCodecBufferChannel(16548): [c2.mtk.vp9.decoder#768] flushed work; ignored.
01-22 19:10:05.431 D/CCodecBufferChannel(16548): [c2.mtk.vp9.decoder#768] Discard frames from previous generation.
01-22 19:10:05.431 D/PipelineWatcher(16548): onWorkDone: frameIndex not found (18446744073709551615); ignored
01-22 19:10:05.431 D/CCodecBufferChannel(16548): [c2.mtk.vp9.decoder#768] flushed work not feedInput.
01-22 19:10:05.431 D/C2MtkVdec(  846): [0xEE33DB00] FormatChange: width 768, height 1280, mColorFormat 0x7f000001, crop(Width 720, Height 1280, Left 0, Top 0, BufferCount 21 -> 25)
01-22 19:10:05.431 D/CCodecBufferChannel(16548): [c2.mtk.vp9.decoder#768] flushed work; ignored.
01-22 19:10:05.431 D/CCodecBufferChannel(16548): [c2.mtk.vp9.decoder#768] Discard frames from previous generation.
01-22 19:10:05.431 D/PipelineWatcher(16548): onWorkDone: frameIndex not found (18446744073709551615); ignored
01-22 19:10:05.431 D/CCodecBufferChannel(16548): [c2.mtk.vp9.decoder#768] flushed work not feedInput.
01-22 19:10:05.431 D/C2MtkVdec(  846): CropSetter: old 1080,1920 : new 720,1280
01-22 19:10:05.431 D/CCodecBufferChannel(16548): [c2.mtk.vp9.decoder#768] flushed work; ignored.
01-22 19:10:05.431 D/C2MtkVdec(  846): [0xEE33DB00] NotifyEvent: getAlwaysColorConvertChecker_l: 1, isAlwaysCc: 0, isFirstAlwaysCcCheck: 0
01-22 19:10:05.431 D/CCodecBufferChannel(16548): [c2.mtk.vp9.decoder#768] Discard frames from previous generation.
01-22 19:10:05.431 D/PipelineWatcher(16548): onWorkDone: frameIndex not found (18446744073709551615); ignored
01-22 19:10:05.431 D/CCodecBufferChannel(16548): [c2.mtk.vp9.decoder#768] flushed work not feedInput.
01-22 19:10:05.431 D/CCodecBufferChannel(16548): [c2.mtk.vp9.decoder#768] flushed work; ignored.
01-22 19:10:05.431 D/CCodecBufferChannel(16548): [c2.mtk.vp9.decoder#768] Discard frames from previous generation.
01-22 19:10:05.431 D/PipelineWatcher(16548): onWorkDone: frameIndex not found (18446744073709551615); ignored
01-22 19:10:05.431 D/CCodecBufferChannel(16548): [c2.mtk.vp9.decoder#768] flushed work not feedInput.
01-22 19:10:05.431 D/C2MtkBufferManager(  846): [0xEE32B3D0] setCcBuffersParams Params: ((720,1280) 0x32315659, total:25, type:1, mParamChanged:0)
01-22 19:10:05.431 D/CCodecBufferChannel(16548): [c2.mtk.vp9.decoder#768] flushed work; ignored.
01-22 19:10:05.431 D/CCodecBufferChannel(16548): [c2.mtk.vp9.decoder#768] Discard frames from previous generation.
01-22 19:10:05.431 D/PipelineWatcher(16548): onWorkDone: frameIndex not found (18446744073709551615); ignored
01-22 19:10:05.431 D/CCodecBufferChannel(16548): [c2.mtk.vp9.decoder#768] flushed work not feedInput.
01-22 19:10:05.432 E/YT.mlplayer(16548): MedialibPlayerEvents[90].onFormatStreamChange(currentVideoFormat=247  currentAudioFormat=251CggKA2RyYxIBMQ bestVideoFormat=0 trigger=a estimate=-1 source=0)
01-22 19:10:05.432 D/CCodecBufferChannel(16548): [c2.mtk.vp9.decoder#768] flushed work; ignored.
01-22 19:10:05.432 D/CCodecBufferChannel(16548): [c2.mtk.vp9.decoder#768] Discard frames from previous generation.
01-22 19:10:05.432 D/PipelineWatcher(16548): onWorkDone: frameIndex not found (18446744073709551615); ignored
01-22 19:10:05.432 D/CCodecBufferChannel(16548): [c2.mtk.vp9.decoder#768] flushed work not feedInput.
01-22 19:10:05.432 D/CCodecBufferChannel(16548): [c2.mtk.vp9.decoder#768] flushed work; ignored.
01-22 19:10:05.432 D/CCodecBufferChannel(16548): [c2.mtk.vp9.decoder#768] Discard frames from previous generation.
01-22 19:10:05.432 D/PipelineWatcher(16548): onWorkDone: frameIndex not found (18446744073709551615); ignored
01-22 19:10:05.432 D/CCodecBufferChannel(16548): [c2.mtk.vp9.decoder#768] flushed work not feedInput.
01-22 19:10:05.432 D/CCodecBufferChannel(16548): [c2.mtk.vp9.decoder#768] flushed work; ignored.
01-22 19:10:05.432 D/CCodecBufferChannel(16548): [c2.mtk.vp9.decoder#768] Discard frames from previous generation.
01-22 19:10:05.432 D/PipelineWatcher(16548): onWorkDone: frameIndex not found (18446744073709551615); ignored
01-22 19:10:05.432 D/CCodecBufferChannel(16548): [c2.mtk.vp9.decoder#768] flushed work not feedInput.
01-22 19:10:05.433 D/CCodecBufferChannel(16548): [c2.mtk.vp9.decoder#768] flushed work; ignored.
01-22 19:10:05.433 D/CCodecBufferChannel(16548): [c2.mtk.vp9.decoder#768] Discard frames from previous generation.
01-22 19:10:05.433 D/PipelineWatcher(16548): onWorkDone: frameIndex not found (18446744073709551615); ignored
01-22 19:10:05.433 D/CCodecBufferChannel(16548): [c2.mtk.vp9.decoder#768] flushed work not feedInput.
01-22 19:10:05.433 D/CCodecBufferChannel(16548): [c2.mtk.vp9.decoder#768] flushed work; ignored.
01-22 19:10:05.433 D/CCodecBufferChannel(16548): [c2.mtk.vp9.decoder#768] Discard frames from previous generation.
01-22 19:10:05.433 D/PipelineWatcher(16548): onWorkDone: frameIndex not found (18446744073709551615); ignored
01-22 19:10:05.433 D/CCodecBufferChannel(16548): [c2.mtk.vp9.decoder#768] flushed work not feedInput.
01-22 19:10:05.433 D/CCodecBufferChannel(16548): [c2.mtk.vp9.decoder#768] flushed work; ignored.
01-22 19:10:05.433 D/CCodecBufferChannel(16548): [c2.mtk.vp9.decoder#768] Discard frames from previous generation.
01-22 19:10:05.433 D/PipelineWatcher(16548): onWorkDone: frameIndex not found (18446744073709551615); ignored
01-22 19:10:05.433 D/CCodecBufferChannel(16548): [c2.mtk.vp9.decoder#768] flushed work not feedInput.
01-22 19:10:05.433 D/CCodecBufferChannel(16548): [c2.mtk.vp9.decoder#768] flushed work; ignored.
01-22 19:10:05.433 D/CCodecBufferChannel(16548): [c2.mtk.vp9.decoder#768] Discard frames from previous generation.
01-22 19:10:05.433 D/PipelineWatcher(16548): onWorkDone: frameIndex not found (18446744073709551615); ignored
01-22 19:10:05.433 D/CCodecBufferChannel(16548): [c2.mtk.vp9.decoder#768] flushed work not feedInput.
01-22 19:10:05.433 D/CCodecBufferChannel(16548): [c2.mtk.vp9.decoder#768] flushed work; ignored.
01-22 19:10:05.433 D/CCodecBufferChannel(16548): [c2.mtk.vp9.decoder#768] Discard frames from previous generation.
01-22 19:10:05.433 D/PipelineWatcher(16548): onWorkDone: frameIndex not found (18446744073709551615); ignored
01-22 19:10:05.433 D/CCodecBufferChannel(16548): [c2.mtk.vp9.decoder#768] flushed work not feedInput.
01-22 19:10:05.433 D/C2MtkBufferManager(  846): [0xEE32B3D0] mFetchLock by cancelAllBuffers
01-22 19:10:05.433 D/C2MtkBufferManager(  846): [0xEE32B3D0]   mBufferLock by cancelAllBuffers
01-22 19:10:05.434 D/CCodecBufferChannel(16548): [c2.mtk.vp9.decoder#768] flushed work; ignored.
01-22 19:10:05.434 D/CCodecBufferChannel(16548): [c2.mtk.vp9.decoder#768] Discard frames from previous generation.
01-22 19:10:05.434 D/PipelineWatcher(16548): onWorkDone: frameIndex not found (18446744073709551615); ignored
01-22 19:10:05.434 D/CCodecBufferChannel(16548): [c2.mtk.vp9.decoder#768] flushed work not feedInput.
01-22 19:10:05.435 D/C2MtkBufferManager(  846): [0xEE32B3D0] cancelAllBuffers, Free all Buffers Done!
01-22 19:10:05.435 D/C2MtkBufferManager(  846): [0xEE32B3D0] setBuffersParams Params: ((720,1280) 0x7f000001, total:25, type:1, mParamChanged:0)
01-22 19:10:05.438 D/CCodecConfig(16548): c2 config diff is   c2::u32 output.delay.value = 25
01-22 19:10:05.439 D/CCodecBufferChannel(16548): [c2.mtk.vp9.decoder#768] Discard frames from previous generation.
01-22 19:10:05.439 D/CCodecBufferChannel(16548): [c2.mtk.vp9.decoder#768] onWorkDone: updating output delay 25
01-22 19:10:05.439 I/CCodecBufferChannel(16548): [c2.mtk.vp9.decoder#768] onWorkDone: updating max output delay 32
01-22 19:10:05.440 D/Codec2-OutputBufferQueue(16548): set max dequeue count 32 from update
01-22 19:10:05.442 D/MDP     (  843): DpAsyncBlit: in: job (443861 237) (1088, 1920, 34816, 17408, C12b, P1), sec0, flush 0 Buffer 221930: plane=2 bufVA={0xed,0xed,0x0} bufMVA={0x0,0x0,0x0} bufSize={0x1fe000,0xff000,0x0} proxy={0xb400007025cb1c80,0x0,0x0}fence=-1
01-22 19:10:05.442 D/MDP     (  843): DpAsyncBlit: out0: (1080, 901, 2176, 0, C5, P1), misc: (X:0, Y:0, R:0, F:0, S:1, A:0, D:0), sec0, flush 0 Buffer 221930: plane=1 bufVA={0x9c,0x0,0x0} bufMVA={0x0,0x0,0x0} bufSize={0x4fb000,0x0,0x0} proxy={0xb400007025cb1d80,0x0,0x0}fence=266
01-22 19:10:05.442 D/MDP     (  843): DpAsyncBlit: crop0: (0, 0, 1080, 901, 0, 0, 0, 0)
01-22 19:10:05.443 I/AudioTrack(16548): set(): type=audio,case=1,attributes=1,content_type=2,usage=1,source=-1,flags=0xa00
01-22 19:10:05.443 D/AudioTrackExtImpl(16548): AudioTrackExtImpl init
01-22 19:10:05.443 D/AudioTrack(16548): set(): streamType -1, sampleRate 48000, format 0x1, channelMask 0x3, frameCount 12000, flags #0, notificationFrames 0, sessionId 5209, transferType 3, uid -1, pid -1
01-22 19:10:05.443 I/AudioTrack(16548): set(): 0xb40000794d763c00, Create AudioTrackThread, tid = 17008
01-22 19:10:05.444 D/C2MtkVdec(  846): [0xEE33DB00] configUpdate(720 x 1280) with ts: 1000000000000
01-22 19:10:05.445 D/AudioFlingerExtImpl(  961): audioShcedBoost after setUx(pid:961, tid:19998)
01-22 19:10:05.445 D/AudioFlingerExtImpl(  961): addAudioSessionMap, add 5209, uid 10141, map size 2
01-22 19:10:05.445 D/CCodecBufferChannel(16548): [c2.mtk.vp9.decoder#768] Ignoring stale input buffer done callback: last flush index = 3443, frameIndex = 3443
01-22 19:10:05.447 D/CCodecConfig(16548): c2 config diff is   c2::u32 raw.crop.height = 1280
01-22 19:10:05.447 D/CCodecConfig(16548):   c2::u32 raw.crop.width = 720
01-22 19:10:05.447 D/CCodecConfig(16548):   c2::u32 raw.size.height = 1280
01-22 19:10:05.447 D/CCodecConfig(16548):   c2::u32 raw.size.width = 720
01-22 19:10:05.447 W/libc    (  961): Access denied finding property "vendor.audio.offload.track.enable"
01-22 19:10:05.448 D/OplusAudioVoiceScence(  961): addOutputMtkAudioScence sample_rate=48000, is_voice_scence_enable(1)
01-22 19:10:05.448 D/voice_scence_discern(  961): add name:sample_rate,  value:48000
01-22 19:10:05.448 V/voice_scence_discern(  961): add name:sample_rate value:48000 list:0xb40000759ec1bbe0
01-22 19:10:05.448 D/voice_scence_discern(  961): add name:channels,  value:2
01-22 19:10:05.448 V/voice_scence_discern(  961): add name:channels value:2 list:0xb40000759ec1bbe0
01-22 19:10:05.448 D/OplusFeedbackInfo(16548): output video size width 720, height 1280
01-22 19:10:05.448 D/CCodecBuffers(16548): [c2.mtk.vp9.decoder#768:Output[N]] popFromStashAndRegister: at 1000000000000us, output format changed to AMessage(what = 0x00000000) = {
01-22 19:10:05.448 D/CCodecBuffers(16548):   int32_t android._color-format = 2130706433
01-22 19:10:05.448 D/CCodecBuffers(16548):   int32_t android._video-scaling = 1
01-22 19:10:05.448 D/CCodecBuffers(16548):   int32_t sar-width = 1
01-22 19:10:05.448 D/CCodecBuffers(16548):   int32_t color-standard = 1
01-22 19:10:05.448 D/CCodecBuffers(16548):   int32_t color-range = 2
01-22 19:10:05.448 D/CCodecBuffers(16548):   int32_t color-transfer = 3
01-22 19:10:05.448 D/CCodecBuffers(16548):   int32_t android._dataspace = 260
01-22 19:10:05.448 D/CCodecBuffers(16548):   int32_t width = 720
01-22 19:10:05.448 D/CCodecBuffers(16548):   int32_t rotation-degrees = 0
01-22 19:10:05.448 D/CCodecBuffers(16548):   int32_t sar-height = 1
01-22 19:10:05.448 D/CCodecBuffers(16548):   int32_t max-width = 1080
01-22 19:10:05.448 D/CCodecBuffers(16548):   int32_t max-height = 1920
01-22 19:10:05.448 D/CCodecBuffers(16548):   int32_t priority = 0
01-22 19:10:05.448 D/CCodecBuffers(16548):   string mime = "video/raw"
01-22 19:10:05.448 D/CCodecBuffers(16548):   Rect crop(0, 0, 719, 1279)
01-22 19:10:05.448 D/CCodecBuffers(16548):   Buffer hdr-static-info = {
01-22 19:10:05.448 D/CCodecBuffers(16548):     00000000:  00 00 00 00 00 00 00 00  00 00 00 00 00 00 00 00  ................
01-22 19:10:05.448 D/CCodecBuffers(16548):     00000010:  00 00 00 00 00 00 00 00  00                       .........
01-22 19:10:05.448 D/CCodecBuffers(16548):   }
01-22 19:10:05.448 D/CCodecBuffers(16548):   int32_t frame-rate = 30
01-22 19:10:05.448 D/CCodecBuffers(16548):   int32_t height = 1280
01-22 19:10:05.448 D/CCodecBuffers(16548):   int32_t color-format = 2130708361
01-22 19:10:05.448 D/CCodecBuffers(16548): }
01-22 19:10:05.448 V/ListServiceUtils(  961): checkInListByUid uid:10141 procName:com.google.android.youtube cost 262us return 0
01-22 19:10:05.448 D/voice_scence_discern(  961): get scence process name:com.google.android.youtube
01-22 19:10:05.448 V/voice_scence_discern(  961): this process not in init apk. apk_list:0xb4000075909ec6a0
01-22 19:10:05.448 D/OplusAudioVoiceScence(  961): scenceState=0, clientPname=com.google.android.youtube
01-22 19:10:05.448 D/AudioPolicyManagerExtImpl(  961): oplusForceOutputForMusicEffects Enter: session 5209, dev {AUDIO_DEVICE_OUT_SPEAKER, @:}, stream 3, flags 8, forced_deep 0
01-22 19:10:05.448 D/MMListService( 1164): getListValueByUid module:fast-audio-effects, uid:10141
01-22 19:10:05.448 V/ListServiceUtils(  961): checkInListByUid module:fast-audio-effects uid:10141 cost 275us return (null)
01-22 19:10:05.448 D/AudioPolicyManagerExtImpl(  961): check callingUid 10141 whose pacakge name is not in fast-audio-effects
01-22 19:10:05.448 D/AudioPolicyManagerExtImpl(  961): oplusForceOutputForMusicEffects Done:  flags 8,  forced_deep 0
01-22 19:10:05.449 D/MMListService( 1164): getListValueByUid module:fast-audio-effects, uid:10141
01-22 19:10:05.450 V/ListServiceUtils(  961): checkInListByUid module:fast-audio-effects uid:10141 cost 335us return (null)
01-22 19:10:05.450 E/GameAudioEffects(  961): outputSelected: call getListValueByUid(fast-audio-effects) but return null
01-22 19:10:05.450 D/AudioFlinger(  961): createTrack_l output 21  latencyMs 149 mNormalFrameCount 2048 mSampleRate 48000
01-22 19:10:05.450 D/AudioFlinger(  961): createTrack_l output 21 minFrameCount 6150 frameCount 12000
01-22 19:10:05.450 D/AudioFlinger(  961): Client defaulted notificationFrames to 6000 for frameCount 12000
01-22 19:10:05.450 D/AudioFlinger(  961): createTrack_l output 21 final frameCount 12000 for track session 5209 , mFrameCount 2048, mNormalFrameCount 2048, notificationFrameCount 6000
01-22 19:10:05.451 I/AF::Track(  961): Track, track(0xb40000757e23a000): mFastIndex -1, mStreamType 3, mId 1011, mFrameCount 12000, mSampleRate 48000, mFormat 1, mChannelCount 2,thread 0xb40000759080dbc0, sessionId 5209, AudioOut_15, primary-8
01-22 19:10:05.454 D/MMListService( 1164): getListValueByUid module:audio-choppy-boost, uid:10141
01-22 19:10:05.454 V/ListServiceUtils(  961): checkInListByUid module:audio-choppy-boost uid:10141 cost 310us return (null)
01-22 19:10:05.456 I/AudioTrack(16548): createTrack_l(1024) on outputId(21) : 0xb40000794d763c00, mCblk = 0x7ad8ff8100,  mLatency = 399, mAfLatency = 149, frameCount = 12000, mSampleRate = 48000, mFlags = 0x8, mReqFrameCount = 12000, mNotificationFramesAct = 6000
01-22 19:10:05.456 W/YouTube (16548): CueRangeManager state error: currentPosition=0 lastPositionTracked=6713
01-22 19:10:05.457 D/MMListService( 1164): getListValueByUid module:audio-choppy-boost, uid:10141
01-22 19:10:05.457 V/ListServiceUtils(16548): checkInListByUid module:audio-choppy-boost uid:10141 cost 228us return (null)
01-22 19:10:05.457 D/AudioTrackExtImpl(16548): setAudioBoostTid
01-22 19:10:05.457 D/AudioFlingerExtImpl(  961): audioShcedBoost after setUx(pid:16548, tid:17008)
01-22 19:10:05.457 D/AudioFlinger(  961): AudioFlinger::audioSchedBoost
01-22 19:10:05.458 D/AudioTrackExtImpl(16548): oplusDumpValue PID is 16548  Tid is 17008
01-22 19:10:05.458 V/ListServiceUtils(16548): checkInListByUid start module:change-futex-timeout uid:10141  time 85403959328us
01-22 19:10:05.458 V/ListServiceUtils(16548): checkInListByUid end module:change-futex-timeout uid:10141  time 85403959532us
01-22 19:10:05.458 D/ListServiceUtils(16548): checkInListByUid module:change-futex-timeout uid:10141 cost 203us return 0
01-22 19:10:05.458 D/MDP     (  843): DpAsyncBlit: in: job (443863 238) (1088, 1920, 34816, 17408, C12b, P1), sec0, flush 0 Buffer 221931: plane=2 bufVA={0xee,0xee,0x0} bufMVA={0x0,0x0,0x0} bufSize={0x1fe000,0xff000,0x0} proxy={0xb400007025cb18c0,0x0,0x0}fence=-1
01-22 19:10:05.458 D/MDP     (  843): DpAsyncBlit: out0: (1080, 1106, 2176, 0, C5, P1), misc: (X:0, Y:0, R:0, F:0, S:1, A:0, D:0), sec0, flush 0 Buffer 221931: plane=1 bufVA={0x79,0x0,0x0} bufMVA={0x0,0x0,0x0} bufSize={0x4fb000,0x0,0x0} proxy={0xb400007025cb1b00,0x0,0x0}fence=240
01-22 19:10:05.458 D/MDP     (  843): DpAsyncBlit: crop0: (0, 0, 1080, 1106, 0, 0, 0, 0)
01-22 19:10:05.460 D/AudioTrack(16548): setVolume(1024) left 1.000 right 1.000 , callingPid 16548
01-22 19:10:05.462 D/OplusCCodec(16548): signalSetParameters [591]: (0xb40000796ccff540)
01-22 19:10:05.469 I/SurfaceView(16548): 99031497 surfaceChanged -- format=4 w=720 h=1280
01-22 19:10:05.470 W/YouTube (16548): TraceableOnGlobalLayoutListener.onGlobalLayout[kuy-RootView2] is called 955
01-22 19:10:05.475 D/AudioFlinger(  961): updateWakeLockUids_l AudioOut_D uids:
01-22 19:10:05.475 D/AudioTrack(16548): start(1024): prior state:STATE_STOPPED output 21 stream 3 session 5209
01-22 19:10:05.475 D/AudioFlinger(  961): updateWakeLockUids_l AudioOut_2D uids:
01-22 19:10:05.475 D/AudioFlinger(  961): ro.audio.silent is ignored since no output device is set
01-22 19:10:05.475 D/AudioFlinger(  961): updateWakeLockUids_l AudioOut_1D uids:
01-22 19:10:05.475 D/AudioFlinger(  961): updateWakeLockUids_l AudioOut_25 uids:
01-22 19:10:05.475 D/AudioFlinger(  961): ro.audio.silent is ignored since no output device is set
01-22 19:10:05.475 D/AudioPolicyManagerCustomImpl(  961): hifiAudio_startOutputSamplerate() +output = 1024  +samplerate = 48000 mPrimaryOutput = 13 HifiState = 1 stream 3, session 5209
01-22 19:10:05.475 D/APM_AudioPolicyManager(  961): startOutput portId 1024
01-22 19:10:05.475 D/APM_AudioPolicyManager(  961): startOutput() output 21, stream 3, session 5209
01-22 19:10:05.476 D/MDP     (  843): DpAsyncBlit: in: job (443865 237) (768, 1280, 24576, 12288, C12b, P1), sec0, flush 0 Buffer 221932: plane=2 bufVA={0xed,0xed,0x0} bufMVA={0x0,0x0,0x0} bufSize={0xf0000,0x78000,0x0} proxy={0xb400007025cb16c0,0x0,0x0}fence=-1
01-22 19:10:05.476 D/MDP     (  843): DpAsyncBlit: out0: (756, 912, 2176, 0, C5, P1), misc: (X:0, Y:0, R:0, F:0, S:1, A:0, D:0), sec0, flush 0 Buffer 221932: plane=1 bufVA={0x9e,0x0,0x0} bufMVA={0x0,0x0,0x0} bufSize={0x4fb000,0x0,0x0} proxy={0xb400007025cb1740,0x0,0x0}fence=266
01-22 19:10:05.476 D/MDP     (  843): DpAsyncBlit: crop0: (0, 0, 720, 869, 0, 0, 0, 0)
01-22 19:10:05.476 D/GameAudioEffects(  961): hasAliveFastEffectTracks  return (0)
01-22 19:10:05.476 D/AudioPolicyManagerExtImpl(  961): oplusSelectOutputForMusicEffects: pendingOutput  => 21  flags => 0x00000008  outputTageName =>deep_buffer outputs.size(4) older music effect ouput(21), hasAliveGameTracks(0)
01-22 19:10:05.477 D/AudioPolicyManagerCustomImpl(  961): hifiAudio_startOutputSamplerate(), force policyForceReplace samplerate 48000
01-22 19:10:05.477 D/AudioPolicyManagerCustomImpl(  961): hifiAudio_startOutputSamplerate, replace sample rate with  mHiFiOutputDefaultSampleRate
01-22 19:10:05.477 D/AudioFlinger_PlaybackThreadExtImpl(  961): notifyAudioTrackCreate event:atlas_event_audio_track_create info:pid:16548,sessionId:5209,streamType:3,sampleRate:48000,format:1,channelcount:2,flags:8,deviceTypes:2,hasFastMixer:0
01-22 19:10:05.477 D/AtlasEventUploadUtils(  961): setEvent event:atlas_event_audio_track_create
01-22 19:10:05.477 D/EventTest( 1149): handleEvent atlas_event_audio_track_create pid:16548,sessionId:5209,streamType:3,flags:8,deviceTypes:2,hasFastMixer:0
01-22 19:10:05.477 D/AudioTrackServerProxyExtImpl(  961): AudioTrackServerProxyExtImpl init
01-22 19:10:05.477 D/AudioTrackServerProxyExtImpl(  961): audioTrackServerProxyTest
01-22 19:10:05.477 D/AudioTrackServerProxyExtImpl(  961): audioTrackServerProxy, initialize
01-22 19:10:05.477 D/AudioTrackServerProxyExtImpl(  961): initSupportAudioRamp ,  mIsSupport = 0.
01-22 19:10:05.478 D/OplusAtlas.OplusAtlasEventDispatch( 3300): setEvent:atlas_event_audio_track_create info:pid:16548,sessionId:5209,streamType:3,sampleRate:48000,format:1,channelcount:2,flags:8,deviceTypes:2,hasFastMixer:0
01-22 19:10:05.479 D/AudioTrackExtImpl(16548): setAudioBoostTid
01-22 19:10:05.479 D/AudioFlingerExtImpl(  961): audioShcedBoost after setUx(pid:16548, tid:32190)
01-22 19:10:05.479 D/AudioFlinger(  961): AudioFlinger::audioSchedBoost
01-22 19:10:05.479 D/MediaRouter(16548): onRestoreRoute() : route=RouteInfo{ name=Phone, description=null, status=null, category=RouteCategory{ name=System types=ROUTE_TYPE_LIVE_AUDIO ROUTE_TYPE_LIVE_VIDEO  groupable=false }, supportedTypes=ROUTE_TYPE_LIVE_AUDIO ROUTE_TYPE_LIVE_VIDEO , presentationDisplay=null }
01-22 19:10:05.479 V/MediaRouter(16548): Selecting route: RouteInfo{ name=Phone, description=null, status=null, category=RouteCategory{ name=System types=ROUTE_TYPE_LIVE_AUDIO ROUTE_TYPE_LIVE_VIDEO  groupable=false }, supportedTypes=ROUTE_TYPE_LIVE_AUDIO ROUTE_TYPE_LIVE_VIDEO , presentationDisplay=null }
01-22 19:10:05.479 D/OplusAtlas.OplusMessageHandler( 3300): handleMessage: Msg { when=-1ms what=1 arg1=16548 arg2=3 target=com.oplus.atlas.OplusMessageHandler$MyHandler }
01-22 19:10:05.479 D/OplusAtlasService( 3300): myHandleMessage: Msg { when=-1ms what=1 arg1=16548 arg2=3 target=com.oplus.atlas.OplusMessageHandler$MyHandler }
01-22 19:10:05.479 D/AudioTrackExtImpl(16548): oplusDumpValue PID is 16548  Tid is 17008
01-22 19:10:05.479 D/AudioTrackExtImpl(16548): oplusDumpValue PID is 16548  Tid is 32190
01-22 19:10:05.480 D/AudioTrackExtImpl(16548): setAudioBoostTid
01-22 19:10:05.480 D/AudioTrackExtImpl(16548): setAudioBoostTid This tid has been boosted
01-22 19:10:05.480 D/AudioTrackExtImpl(16548): setAudioWriteBoostTid
01-22 19:10:05.481 D/OplusAtlas.OplusMessageHandler( 3300): handleMessage: Msg { when=-2ms what=1 arg1=16548 arg2=3 obj=com.oplus.atlas.OplusAtlasEvent@c7e5348 target=com.oplus.atlas.OplusMessageHandler$MyHandler }
01-22 19:10:05.484 D/OplusDiracService( 3347): mrDiracEffectBroadcastReceiver action = android.Multimedia.AudioEffect.AudioTrack_BROADCAST
01-22 19:10:05.484 D/OplusDiracService( 3347): +new tast
01-22 19:10:05.484 D/OplusDiracService( 3347): -new tast
01-22 19:10:05.484 D/DiracDetectSceneService-v2.0( 3347): Task.run,effectenable = true
01