01-22 19:03:08.979 I/ale.app.staging(10113):   at com.facebook.react.ReactInstanceManager com.facebook.react.ReactInstanceManagerBuilder.build() (ReactInstanceManagerBuilder.java:325)
01-22 19:03:08.979 I/ale.app.staging(10113):   at com.facebook.react.ReactInstanceManager com.facebook.react.ReactNativeHost.createReactInstanceManager() (ReactNativeHost.java:96)
01-22 19:03:08.979 I/ale.app.staging(10113):   at com.facebook.react.ReactInstanceManager com.facebook.react.ReactNativeHost.getReactInstanceManager() (ReactNativeHost.java:42)
01-22 19:03:08.979 I/ale.app.staging(10113):   at void com.facebook.react.ReactDelegate.loadApp(java.lang.String) (ReactDelegate.java:121)
01-22 19:03:08.979 I/ale.app.staging(10113):   at void com.facebook.react.ReactActivityDelegate.loadApp(java.lang.String) (ReactActivityDelegate.java:114)
01-22 19:03:08.979 I/ale.app.staging(10113):   at void com.facebook.react.ReactActivityDelegate.onCreate(android.os.Bundle) (ReactActivityDelegate.java:109)
01-22 19:03:08.979 I/ale.app.staging(10113):   at void com.facebook.react.ReactActivity.onCreate(android.os.Bundle) (ReactActivity.java:46)
01-22 19:03:08.979 I/ale.app.staging(10113):   at void com.wholexale.app.MainActivity.onCreate(android.os.Bundle) (MainActivity.kt:17)
01-22 19:03:08.979 I/ale.app.staging(10113):   at void android.app.Activity.performCreate(android.os.Bundle, android.os.PersistableBundle) (Activity.java:8397)
01-22 19:03:08.979 I/ale.app.staging(10113):   at void android.app.Activity.performCreate(android.os.Bundle) (Activity.java:8370)
01-22 19:03:08.979 I/ale.app.staging(10113):   at void android.app.Instrumentation.callActivityOnCreate(android.app.Activity, android.os.Bundle) (Instrumentation.java:1403)
01-22 19:03:08.979 I/ale.app.staging(10113):   at android.app.Activity android.app.ActivityThread.performLaunchActivity(android.app.ActivityThread$ActivityClientRecord, android.content.Intent) (ActivityThread.java:3837)
01-22 19:03:08.979 I/ale.app.staging(10113):   at android.app.Activity android.app.ActivityThread.handleLaunchActivity(android.app.ActivityThread$ActivityClientRecord, android.app.servertransaction.PendingTransactionActions, android.content.Intent) (ActivityThread.java:4006)
01-22 19:03:08.979 I/ale.app.staging(10113):   at void android.app.servertransaction.LaunchActivityItem.execute(android.app.ClientTransactionHandler, android.os.IBinder, android.app.servertransaction.PendingTransactionActions) (LaunchActivityItem.java:111)
01-22 19:03:08.979 I/ale.app.staging(10113):   at void android.app.servertransaction.TransactionExecutor.executeCallbacks(android.app.servertransaction.ClientTransaction) (TransactionExecutor.java:135)
01-22 19:03:08.979 I/ale.app.staging(10113):   at void android.app.servertransaction.TransactionExecutor.execute(android.app.servertransaction.ClientTransaction) (TransactionExecutor.java:95)
01-22 19:03:08.979 I/ale.app.staging(10113):   at void android.app.ActivityThread$H.handleMessage(android.os.Message) (ActivityThread.java:2462)
01-22 19:03:08.979 I/ale.app.staging(10113):   at void android.os.Handler.dispatchMessage(android.os.Message) (Handler.java:106)
01-22 19:03:08.979 I/ale.app.staging(10113):   at boolean android.os.Looper.loopOnce(android.os.Looper, long, int) (Looper.java:240)
01-22 19:03:08.979 I/ale.app.staging(10113):   at void android.os.Looper.loop() (Looper.java:351)
01-22 19:03:08.979 I/ale.app.staging(10113):   at void android.app.ActivityThread.main(java.lang.String[]) (ActivityThread.java:8377)
01-22 19:03:08.979 I/ale.app.staging(10113):   at java.lang.Object java.lang.reflect.Method.invoke(java.lang.Object, java.lang.Object[]) (Method.java:-2)
01-22 19:03:08.979 I/ale.app.staging(10113):   at void com.android.internal.os.RuntimeInit$MethodAndArgsCaller.run() (RuntimeInit.java:584)
01-22 19:03:08.979 I/ale.app.staging(10113):   at void com.android.internal.os.ZygoteInit.main(java.lang.String[]) (ZygoteInit.java:1013)
01-22 19:03:08.979 E/unknown:NativeModuleInitError(10113): Failed to create NativeModule "UIManager"
01-22 19:03:08.979 E/unknown:NativeModuleInitError(10113): java.lang.NoClassDefFoundError: com.facebook.react.jscexecutor.JSCExecutor
01-22 19:03:08.979 E/unknown:NativeModuleInitError(10113): 	at com.facebook.react.ReactInstanceManagerBuilder.getDefaultJSExecutorFactory(ReactInstanceManagerBuilder.java:373)
01-22 19:03:08.979 E/unknown:NativeModuleInitError(10113): 	at com.facebook.react.ReactInstanceManagerBuilder.build(ReactInstanceManagerBuilder.java:325)
01-22 19:03:08.979 E/unknown:NativeModuleInitError(10113): 	at com.facebook.react.ReactNativeHost.createReactInstanceManager(ReactNativeHost.java:96)
01-22 19:03:08.979 E/unknown:NativeModuleInitError(10113): 	at com.facebook.react.ReactNativeHost.getReactInstanceManager(ReactNativeHost.java:42)
01-22 19:03:08.979 E/unknown:NativeModuleInitError(10113): 	at com.swmansion.reanimated.ReanimatedPackage.getReactInstanceManager(ReanimatedPackage.java:95)
01-22 19:03:08.979 E/unknown:NativeModuleInitError(10113): 	at com.swmansion.reanimated.ReanimatedPackage.createUIManager(ReanimatedPackage.java:72)
01-22 19:03:08.979 E/unknown:NativeModuleInitError(10113): 	at com.swmansion.reanimated.ReanimatedPackage.getModule(ReanimatedPackage.java:33)
01-22 19:03:08.979 E/unknown:NativeModuleInitError(10113): 	at com.facebook.react.TurboReactPackage$ModuleHolderProvider.get(TurboReactPackage.java:161)
01-22 19:03:08.979 E/unknown:NativeModuleInitError(10113): 	at com.facebook.react.TurboReactPackage$ModuleHolderProvider.get(TurboReactPackage.java:149)
01-22 19:03:08.979 E/unknown:NativeModuleInitError(10113): 	at com.facebook.react.bridge.ModuleHolder.create(ModuleHolder.java:191)
01-22 19:03:08.979 E/unknown:NativeModuleInitError(10113): 	at com.facebook.react.bridge.ModuleHolder.getModule(ModuleHolder.java:156)
01-22 19:03:08.979 E/unknown:NativeModuleInitError(10113): 	at com.facebook.react.bridge.NativeModuleRegistry.getModule(NativeModuleRegistry.java:170)
01-22 19:03:08.979 E/unknown:NativeModuleInitError(10113): 	at com.facebook.react.bridge.CatalystInstanceImpl.getNativeModule(CatalystInstanceImpl.java:493)
01-22 19:03:08.979 E/unknown:NativeModuleInitError(10113): 	at com.facebook.react.bridge.CatalystInstanceImpl.getNativeModule(CatalystInstanceImpl.java:469)
01-22 19:03:08.979 E/unknown:NativeModuleInitError(10113): 	at com.facebook.react.uimanager.UIManagerHelper.getUIManager(UIManagerHelper.java:89)
01-22 19:03:08.979 E/unknown:NativeModuleInitError(10113): 	at com.facebook.react.uimanager.UIManagerHelper.getUIManager(UIManagerHelper.java:47)
01-22 19:03:08.979 E/unknown:NativeModuleInitError(10113): 	at com.facebook.react.ReactInstanceManager.attachRootViewToInstance(ReactInstanceManager.java:1243)
01-22 19:03:08.979 E/unknown:NativeModuleInitError(10113): 	at com.facebook.react.ReactInstanceManager.setupReactContext(ReactInstanceManager.java:1185)
01-22 19:03:08.979 E/unknown:NativeModuleInitError(10113): 	at com.facebook.react.ReactInstanceManager.-$$Nest$msetupReactContext(Unknown Source:0)
01-22 19:03:08.979 E/unknown:NativeModuleInitError(10113): 	at com.facebook.react.ReactInstanceManager$5$2.run(ReactInstanceManager.java:1139)
01-22 19:03:08.979 E/unknown:NativeModuleInitError(10113): 	at android.os.Handler.handleCallback(Handler.java:942)
01-22 19:03:08.979 E/unknown:NativeModuleInitError(10113): 	at android.os.Handler.dispatchMessage(Handler.java:99)
01-22 19:03:08.979 E/unknown:NativeModuleInitError(10113): 	at com.facebook.react.bridge.queue.MessageQueueThreadHandler.dispatchMessage(MessageQueueThreadHandler.java:27)
01-22 19:03:08.979 E/unknown:NativeModuleInitError(10113): 	at android.os.Looper.loopOnce(Looper.java:240)
01-22 19:03:08.979 E/unknown:NativeModuleInitError(10113): 	at android.os.Looper.loop(Looper.java:351)
01-22 19:03:08.979 E/unknown:NativeModuleInitError(10113): 	at com.facebook.react.bridge.queue.MessageQueueThreadImpl$4.run(MessageQueueThreadImpl.java:228)
01-22 19:03:08.979 E/unknown:NativeModuleInitError(10113): 	at java.lang.Thread.run(Thread.java:1563)
01-22 19:03:08.979 E/unknown:NativeModuleInitError(10113): Caused by: java.lang.UnsatisfiedLinkError: dlopen failed: library "libjscexecutor.so" not found
01-22 19:03:08.979 E/unknown:NativeModuleInitError(10113): 	at java.lang.Runtime.loadLibrary0(Runtime.java:1097)
01-22 19:03:08.979 E/unknown:NativeModuleInitError(10113): 	at java.lang.Runtime.loadLibrary0(Runtime.java:1019)
01-22 19:03:08.979 E/unknown:NativeModuleInitError(10113): 	at java.lang.System.loadLibrary(System.java:1765)
01-22 19:03:08.979 E/unknown:NativeModuleInitError(10113): 	at com.facebook.soloader.nativeloader.SystemDelegate.loadLibrary(SystemDelegate.java:24)
01-22 19:03:08.979 E/unknown:NativeModuleInitError(10113): 	at com.facebook.soloader.nativeloader.NativeLoader.loadLibrary(NativeLoader.java:52)
01-22 19:03:08.979 E/unknown:NativeModuleInitError(10113): 	at com.facebook.soloader.nativeloader.NativeLoader.loadLibrary(NativeLoader.java:30)
01-22 19:03:08.979 E/unknown:NativeModuleInitError(10113): 	at com.facebook.soloader.SoLoader.loadLibrary(SoLoader.java:869)
01-22 19:03:08.979 E/unknown:NativeModuleInitError(10113): 	at com.facebook.react.jscexecutor.JSCExecutor.loadLibrary(JSCExecutor.java:24)
01-22 19:03:08.979 E/unknown:NativeModuleInitError(10113): 	at com.facebook.react.jscexecutor.JSCExecutor.<clinit>(JSCExecutor.java:20)
01-22 19:03:08.979 E/unknown:NativeModuleInitError(10113): 	at com.facebook.react.ReactInstanceManagerBuilder.getDefaultJSExecutorFactory(ReactInstanceManagerBuilder.java:373)
01-22 19:03:08.979 E/unknown:NativeModuleInitError(10113): 	at com.facebook.react.ReactInstanceManagerBuilder.build(ReactInstanceManagerBuilder.java:325)
01-22 19:03:08.979 E/unknown:NativeModuleInitError(10113): 	at com.facebook.react.ReactNativeHost.createReactInstanceManager(ReactNativeHost.java:96)
01-22 19:03:08.979 E/unknown:NativeModuleInitError(10113): 	at com.facebook.react.ReactNativeHost.getReactInstanceManager(ReactNativeHost.java:42)
01-22 19:03:08.979 E/unknown:NativeModuleInitError(10113): 	at com.facebook.react.ReactDelegate.loadApp(ReactDelegate.java:121)
01-22 19:03:08.979 E/unknown:NativeModuleInitError(10113): 	at com.facebook.react.ReactActivityDelegate.loadApp(ReactActivityDelegate.java:114)
01-22 19:03:08.979 E/unknown:NativeModuleInitError(10113): 	at com.facebook.react.ReactActivityDelegate.onCreate(ReactActivityDelegate.java:109)
01-22 19:03:08.979 E/unknown:NativeModuleInitError(10113): 	at com.facebook.react.ReactActivity.onCreate(ReactActivity.java:46)
01-22 19:03:08.979 E/unknown:NativeModuleInitError(10113): 	at com.wholexale.app.MainActivity.onCreate(MainActivity.kt:17)
01-22 19:03:08.979 E/unknown:NativeModuleInitError(10113): 	at android.app.Activity.performCreate(Activity.java:8397)
01-22 19:03:08.979 E/unknown:NativeModuleInitError(10113): 	at android.app.Activity.performCreate(Activity.java:8370)
01-22 19:03:08.979 E/unknown:NativeModuleInitError(10113): 	at android.app.Instrumentation.callActivityOnCreate(Instrumentation.java:1403)
01-22 19:03:08.979 E/unknown:NativeModuleInitError(10113): 	at android.app.ActivityThread.performLaunchActivity(ActivityThread.java:3837)
01-22 19:03:08.979 E/unknown:NativeModuleInitError(10113): 	at android.app.ActivityThread.handleLaunchActivity(ActivityThread.java:4006)
01-22 19:03:08.979 E/unknown:NativeModuleInitError(10113): 	at android.app.servertransaction.LaunchActivityItem.execute(LaunchActivityItem.java:111)
01-22 19:03:08.979 E/unknown:NativeModuleInitError(10113): 	at android.app.servertransaction.TransactionExecutor.executeCallbacks(TransactionExecutor.java:135)
01-22 19:03:08.979 E/unknown:NativeModuleInitError(10113): 	at android.app.servertransaction.TransactionExecutor.execute(TransactionExecutor.java:95)
01-22 19:03:08.979 E/unknown:NativeModuleInitError(10113): 	at android.app.ActivityThread$H.handleMessage(ActivityThread.java:2462)
01-22 19:03:08.979 E/unknown:NativeModuleInitError(10113): 	at android.os.Handler.dispatchMessage(Handler.java:106)
01-22 19:03:08.979 E/unknown:NativeModuleInitError(10113): 	at android.os.Looper.loopOnce(Looper.java:240)
01-22 19:03:08.979 E/unknown:NativeModuleInitError(10113): 	at android.os.Looper.loop(Looper.java:351)
01-22 19:03:08.979 E/unknown:NativeModuleInitError(10113): 	at android.app.ActivityThread.main(ActivityThread.java:8377)
01-22 19:03:08.979 E/unknown:NativeModuleInitError(10113): 	at java.lang.reflect.Method.invoke(Native Method)
01-22 19:03:08.979 E/unknown:NativeModuleInitError(10113): 	at com.android.internal.os.RuntimeInit$MethodAndArgsCaller.run(RuntimeInit.java:584)
01-22 19:03:08.979 E/unknown:NativeModuleInitError(10113): 	at com.android.internal.os.ZygoteInit.main(ZygoteInit.java:1013)
--------- beginning of crash
01-22 19:03:08.980 E/AndroidRuntime(10113): FATAL EXCEPTION: mqt_native_modules
01-22 19:03:08.980 E/AndroidRuntime(10113): Process: com.wholexale.app.staging, PID: 10113
01-22 19:03:08.980 E/AndroidRuntime(10113): java.lang.NoClassDefFoundError: com.facebook.react.jscexecutor.JSCExecutor
01-22 19:03:08.980 E/AndroidRuntime(10113): 	at com.facebook.react.ReactInstanceManagerBuilder.getDefaultJSExecutorFactory(ReactInstanceManagerBuilder.java:373)
01-22 19:03:08.980 E/AndroidRuntime(10113): 	at com.facebook.react.ReactInstanceManagerBuilder.build(ReactInstanceManagerBuilder.java:325)
01-22 19:03:08.980 E/AndroidRuntime(10113): 	at com.facebook.react.ReactNativeHost.createReactInstanceManager(ReactNativeHost.java:96)
01-22 19:03:08.980 E/AndroidRuntime(10113): 	at com.facebook.react.ReactNativeHost.getReactInstanceManager(ReactNativeHost.java:42)
01-22 19:03:08.980 E/AndroidRuntime(10113): 	at com.swmansion.reanimated.ReanimatedPackage.getReactInstanceManager(ReanimatedPackage.java:95)
01-22 19:03:08.980 E/AndroidRuntime(10113): 	at com.swmansion.reanimated.ReanimatedPackage.createUIManager(ReanimatedPackage.java:72)
01-22 19:03:08.980 E/AndroidRuntime(10113): 	at com.swmansion.reanimated.ReanimatedPackage.getModule(ReanimatedPackage.java:33)
01-22 19:03:08.980 E/AndroidRuntime(10113): 	at com.facebook.react.TurboReactPackage$ModuleHolderProvider.get(TurboReactPackage.java:161)
01-22 19:03:08.980 E/AndroidRuntime(10113): 	at com.facebook.react.TurboReactPackage$ModuleHolderProvider.get(TurboReactPackage.java:149)
01-22 19:03:08.980 E/AndroidRuntime(10113): 	at com.facebook.react.bridge.ModuleHolder.create(ModuleHolder.java:191)
01-22 19:03:08.980 E/AndroidRuntime(10113): 	at com.facebook.react.bridge.ModuleHolder.getModule(ModuleHolder.java:156)
01-22 19:03:08.980 E/AndroidRuntime(10113): 	at com.facebook.react.bridge.NativeModuleRegistry.getModule(NativeModuleRegistry.java:170)
01-22 19:03:08.980 E/AndroidRuntime(10113): 	at com.facebook.react.bridge.CatalystInstanceImpl.getNativeModule(CatalystInstanceImpl.java:493)
01-22 19:03:08.980 E/AndroidRuntime(10113): 	at com.facebook.react.bridge.CatalystInstanceImpl.getNativeModule(CatalystInstanceImpl.java:469)
01-22 19:03:08.980 E/AndroidRuntime(10113): 	at com.facebook.react.uimanager.UIManagerHelper.getUIManager(UIManagerHelper.java:89)
01-22 19:03:08.980 E/AndroidRuntime(10113): 	at com.facebook.react.uimanager.UIManagerHelper.getUIManager(UIManagerHelper.java:47)
01-22 19:03:08.980 E/AndroidRuntime(10113): 	at com.facebook.react.ReactInstanceManager.attachRootViewToInstance(ReactInstanceManager.java:1243)
01-22 19:03:08.980 E/AndroidRuntime(10113): 	at com.facebook.react.ReactInstanceManager.setupReactContext(ReactInstanceManager.java:1185)
01-22 19:03:08.980 E/AndroidRuntime(10113): 	at com.facebook.react.ReactInstanceManager.-$$Nest$msetupReactContext(Unknown Source:0)
01-22 19:03:08.980 E/AndroidRuntime(10113): 	at com.facebook.react.ReactInstanceManager$5$2.run(ReactInstanceManager.java:1139)
01-22 19:03:08.980 E/AndroidRuntime(10113): 	at android.os.Handler.handleCallback(Handler.java:942)
01-22 19:03:08.980 E/AndroidRuntime(10113): 	at android.os.Handler.dispatchMessage(Handler.java:99)
01-22 19:03:08.980 E/AndroidRuntime(10113): 	at com.facebook.react.bridge.queue.MessageQueueThreadHandler.dispatchMessage(MessageQueueThreadHandler.java:27)
01-22 19:03:08.980 E/AndroidRuntime(10113): 	at android.os.Looper.loopOnce(Looper.java:240)
01-22 19:03:08.980 E/AndroidRuntime(10113): 	at android.os.Looper.loop(Looper.java:351)
01-22 19:03:08.980 E/AndroidRuntime(10113): 	at com.facebook.react.bridge.queue.MessageQueueThreadImpl$4.run(MessageQueueThreadImpl.java:228)
01-22 19:03:08.980 E/AndroidRuntime(10113): 	at java.lang.Thread.run(Thread.java:1563)
01-22 19:03:08.980 E/AndroidRuntime(10113): Caused by: java.lang.UnsatisfiedLinkError: dlopen failed: library "libjscexecutor.so" not found
01-22 19:03:08.980 E/AndroidRuntime(10113): 	at java.lang.Runtime.loadLibrary0(Runtime.java:1097)
01-22 19:03:08.980 E/AndroidRuntime(10113): 	at java.lang.Runtime.loadLibrary0(Runtime.java:1019)
01-22 19:03:08.980 E/AndroidRuntime(10113): 	at java.lang.System.loadLibrary(System.java:1765)
01-22 19:03:08.980 E/AndroidRuntime(10113): 	at com.facebook.soloader.nativeloader.SystemDelegate.loadLibrary(SystemDelegate.java:24)
01-22 19:03:08.980 E/AndroidRuntime(10113): 	at com.facebook.soloader.nativeloader.NativeLoader.loadLibrary(NativeLoader.java:52)
01-22 19:03:08.980 E/AndroidRuntime(10113): 	at com.facebook.soloader.nativeloader.NativeLoader.loadLibrary(NativeLoader.java:30)
01-22 19:03:08.980 E/AndroidRuntime(10113): 	at com.facebook.soloader.SoLoader.loadLibrary(SoLoader.java:869)
01-22 19:03:08.980 E/AndroidRuntime(10113): 	at com.facebook.react.jscexecutor.JSCExecutor.loadLibrary(JSCExecutor.java:24)
01-22 19:03:08.980 E/AndroidRuntime(10113): 	at com.facebook.react.jscexecutor.JSCExecutor.<clinit>(JSCExecutor.java:20)
01-22 19:03:08.980 E/AndroidRuntime(10113): 	at com.facebook.react.ReactInstanceManagerBuilder.getDefaultJSExecutorFactory(ReactInstanceManagerBuilder.java:373)
01-22 19:03:08.980 E/AndroidRuntime(10113): 	at com.facebook.react.ReactInstanceManagerBuilder.build(ReactInstanceManagerBuilder.java:325)
01-22 19:03:08.980 E/AndroidRuntime(10113): 	at com.facebook.react.ReactNativeHost.createReactInstanceManager(ReactNativeHost.java:96)
01-22 19:03:08.980 E/AndroidRuntime(10113): 	at com.facebook.react.ReactNativeHost.getReactInstanceManager(ReactNativeHost.java:42)
01-22 19:03:08.980 E/AndroidRuntime(10113): 	at com.facebook.react.ReactDelegate.loadApp(ReactDelegate.java:121)
01-22 19:03:08.980 E/AndroidRuntime(10113): 	at com.facebook.react.ReactActivityDelegate.loadApp(ReactActivityDelegate.java:114)
01-22 19:03:08.980 E/AndroidRuntime(10113): 	at com.facebook.react.ReactActivityDelegate.onCreate(ReactActivityDelegate.java:109)
01-22 19:03:08.980 E/AndroidRuntime(10113): 	at com.facebook.react.ReactActivity.onCreate(ReactActivity.java:46)
01-22 19:03:08.980 E/AndroidRuntime(10113): 	at com.wholexale.app.MainActivity.onCreate(MainActivity.kt:17)
01-22 19:03:08.980 E/AndroidRuntime(10113): 	at android.app.Activity.performCreate(Activity.java:8397)
01-22 19:03:08.980 E/AndroidRuntime(10113): 	at android.app.Activity.performCreate(Activity.java:8370)
01-22 19:03:08.980 E/AndroidRuntime(10113): 	at android.app.Instrumentation.callActivityOnCreate(Instrumentation.java:1403)
01-22 19:03:08.980 E/AndroidRuntime(10113): 	at android.app.ActivityThread.performLaunchActivity(ActivityThread.java:3837)
01-22 19:03:08.980 E/AndroidRuntime(10113): 	at android.app.ActivityThread.handleLaunchActivity(ActivityThread.java:4006)
01-22 19:03:08.980 E/AndroidRuntime(10113): 	at android.app.servertransaction.LaunchActivityItem.execute(LaunchActivityItem.java:111)
01-22 19:03:08.980 E/AndroidRuntime(10113): 	at android.app.servertransaction.TransactionExecutor.executeCallbacks(TransactionExecutor.java:135)
01-22 19:03:08.980 E/AndroidRuntime(10113): 	at android.app.servertransaction.TransactionExecutor.execute(TransactionExecutor.java:95)
01-22 19:03:08.980 E/AndroidRuntime(10113): 	at android.app.ActivityThread$H.handleMessage(ActivityThread.java:2462)
01-22 19:03:08.980 E/AndroidRuntime(10113): 	at android.os.Handler.dispatchMessage(Handler.java:106)
01-22 19:03:08.980 E/AndroidRuntime(10113): 	at android.os.Looper.loopOnce(Looper.java:240)
01-22 19:03:08.980 E/AndroidRuntime(10113): 	at android.os.Looper.loop(Looper.java:351)
01-22 19:03:08.980 E/AndroidRuntime(10113): 	at android.app.ActivityThread.main(ActivityThread.java:8377)
01-22 19:03:08.980 E/AndroidRuntime(10113): 	at java.lang.reflect.Method.invoke(Native Method)
01-22 19:03:08.980 E/AndroidRuntime(10113): 	at com.android.internal.os.RuntimeInit$MethodAndArgsCaller.run(RuntimeInit.java:584)
01-22 19:03:08.980 E/AndroidRuntime(10113): 	at com.android.internal.os.ZygoteInit.main(ZygoteInit.java:1013)
01-22 19:03:08.981 I/hwservicemanager(  563): getTransport: Cannot find entry android.hardware.configstore@1.0::ISurfaceFlingerConfigs/default in either framework or device VINTF manifest.
01-22 19:03:08.981 I/AbnormalAppMonitorController( 2190): recordAbnormalMessage - ThirdKitFeature =1
01-22 19:03:08.981 D/OplusAppStartupMonitor( 1748): notifyUnstableAppInfo: Bundle[{unstableTime=1769088788981, reason=crash, userId=0, exceptionMsg=dlopen failed: library "libjscexecutor.so" not found, exceptionClass=java.lang.UnsatisfiedLinkError, app_channel_type=unstable, packageName=com.wholexale.app.staging, unstable_restrict_switch=true}]
01-22 19:03:08.982 D/Layer   (  966): reparent to null sequence=24174, seq[1], name=Surface(name=36bcf5d StatusBar)/@0xe761cc2 - animation-leash of insets_animation#24174
01-22 19:03:08.982 D/Layer   (  966): reparent to null sequence=24175, seq[2], name=Surface(name=209d612 NavigationBar0)/@0x85ef509 - animation-leash of insets_animation#24175
01-22 19:03:08.982 D/OplusLayer(  966): ~Layer() sequence=24174, name=Surface(name=36bcf5d StatusBar)/@0xe761cc2 - animation-leash of insets_animation#24174
01-22 19:03:08.982 D/OplusLayer(  966): ~Layer() sequence=24175, name=Surface(name=209d612 NavigationBar0)/@0x85ef509 - animation-leash of insets_animation#24175
01-22 19:03:08.983 D/abnormalUtils( 2190): com.wholexale.app.staging is foreground =true
01-22 19:03:08.985 I/mtkpower_client( 1748): [Legacy][PowerHal_Wrap_notifyAppState] com.wholexale.app.staging/com.wholexale.app.staging pid=10113 state:3
01-22 19:03:08.985 I/game_scn( 1748): collectForegroundAppList packName=com.wholexale.app.staging, actName=com.wholexale.app.staging, pid=10113, uid=10851, state:DEAD
01-22 19:03:08.986 W/ITheiaManagerExt( 1748): [checkEventUploadFrequent] 5 is reported frequently.
01-22 19:03:08.986 W/ITheiaManagerExt( 1748): [sendEvent] {0x5 84987487 0x1003 10113 10851 com.wholexale.app.staging} reported frequently, then we return.
01-22 19:03:08.987 W/OplusEapManager handleErrorInfo sendEvent: ( 1748): com.wholexale.app.staging Crashed
01-22 19:03:08.987 D/OplusAnrCrashMonitor( 1748): handleAnrCrashData: bundle data done
01-22 19:03:08.987 D/RilUtility(  859): notify_rild_crash_pid_set certPid:-1, crash:10113, scn:0x0
01-22 19:03:08.987 D/OplusAmsUtilsFeatrue( 1748): detectExceptionsForOIDT type:0
01-22 19:03:08.988 D/OplusAnrCrashMonitor( 1748): handleServiceCall: bundle data
01-22 19:03:08.988 D/OplusManager( 1748): send on stamp success
01-22 19:03:08.989 W/ActivityTaskManager( 1748):   Force finishing activity com.wholexale.app.staging/com.wholexale.app.MainActivity
01-22 19:03:08.989 I/DropBoxManagerService( 1748): add tag=data_app_crash isTagEnabled=true flags=0x2
01-22 19:03:08.991 I/mtkpower_client( 1748): perf_lock_rel, hdl:59265, tid:2280
01-22 19:03:08.991 I/mtkpower_client( 1748): perf_lock_acq, hdl:59265, dur:0, num:10, tid:2280
01-22 19:03:08.991 I/libPowerHal(  859): [perfLockRel] hdl:59265, idx:0
01-22 19:03:08.991 D/ActivityTaskManager( 1748): onWindowFocusChanged Task{d4f2fea #6 type=home I=com.android.launcher/.Launcher U=0 rootTaskId=1 visible=true visibleRequested=false mode=fullscreen translucent=true sz=1} would transfer to compact
01-22 19:03:08.991 I/libPowerHal(  859): [PD] system_server update cmd:1c3c000 param:1
01-22 19:03:08.991 I/InputDispatcher( 1748): setFocusedApplication displayId=0 ActivityRecord{a1e8fdf u0 com.android.launcher/.Launcher} t6}
01-22 19:03:08.991 I/libPowerHal(  859): [PD] (more) /proc/mcdi/state set +prefix:enable 1;
01-22 19:03:08.991 I/libPowerHal(  859): [PD] system_server update cmd:2004100 param:2
01-22 19:03:08.992 V/WindowManager( 1748): Changing focus from Window{de0c9f6 u0 com.wholexale.app.staging/com.wholexale.app.MainActivity} to null,diplayid=0
01-22 19:03:08.992 E/SQLiteLog( 2190): (2570) os_unix.c:39722: (13) unlink(//data/persist_log/stamp/stamp.db-journal) - 
01-22 19:03:08.992 E/SQLiteLog( 2190): (2570) disk I/O error in "PRAGMA journal_mode"
01-22 19:03:08.992 I/mtkpower_client( 1748): ret_hdl:59266
01-22 19:03:08.993 E/SQLiteDatabase( 2190): Failed to open database 'data/persist_log/stamp/stamp.db'.
01-22 19:03:08.993 E/SQLiteDatabase( 2190): android.database.sqlite.SQLiteDiskIOException: disk I/O error (code 2570 SQLITE_IOERR_DELETE): , while compiling: PRAGMA journal_mode
01-22 19:03:08.993 E/SQLiteDatabase( 2190): 	at android.database.sqlite.SQLiteConnection.nativePrepareStatement(Native Method)
01-22 19:03:08.993 E/SQLiteDatabase( 2190): 	at android.database.sqlite.SQLiteConnection.acquirePreparedStatement(SQLiteConnection.java:1074)
01-22 19:03:08.993 E/SQLiteDatabase( 2190): 	at android.database.sqlite.SQLiteConnection.executeForString(SQLiteConnection.java:817)
01-22 19:03:08.993 E/SQLiteDatabase( 2190): 	at android.database.sqlite.SQLiteConnection.setJournalMode(SQLiteConnection.java:425)
01-22 19:03:08.993 E/SQLiteDatabase( 2190): 	at android.database.sqlite.SQLiteConnection.setJournalFromConfiguration(SQLiteConnection.java:345)
01-22 19:03:08.993 E/SQLiteDatabase( 2190): 	at android.database.sqlite.SQLiteConnection.open(SQLiteConnection.java:274)
01-22 19:03:08.993 E/SQLiteDatabase( 2190): 	at android.database.sqlite.SQLiteConnection.open(SQLiteConnection.java:211)
01-22 19:03:08.993 E/SQLiteDatabase( 2190): 	at android.database.sqlite.SQLiteConnectionPool.openConnectionLocked(SQLiteConnectionPool.java:512)
01-22 19:03:08.993 E/SQLiteDatabase( 2190): 	at android.database.sqlite.SQLiteConnectionPool.open(SQLiteConnectionPool.java:210)
01-22 19:03:08.993 E/SQLiteDatabase( 2190): 	at android.database.sqlite.SQLiteConnectionPool.open(SQLiteConnectionPool.java:202)
01-22 19:03:08.993 E/SQLiteDatabase( 2190): 	at android.database.sqlite.SQLiteDatabase.openInner(SQLiteDatabase.java:1085)
01-22 19:03:08.993 E/SQLiteDatabase( 2190): 	at android.database.sqlite.SQLiteDatabase.open(SQLiteDatabase.java:1065)
01-22 19:03:08.993 E/SQLiteDatabase( 2190): 	at android.database.sqlite.SQLiteDatabase.openDatabase(SQLiteDatabase.java:956)
01-22 19:03:08.993 E/SQLiteDatabase( 2190): 	at android.database.sqlite.SQLiteDatabase.openOrCreateDatabase(SQLiteDatabase.java:973)
01-22 19:03:08.993 E/SQLiteDatabase( 2190): 	at android.database.sqlite.SQLiteDatabase.openOrCreateDatabase(SQLiteDatabase.java:965)
01-22 19:03:08.993 E/SQLiteDatabase( 2190): 	at v3.p.g(StampEventRecorder.java:1)
01-22 19:03:08.993 E/SQLiteDatabase( 2190): 	at v3.p.a(StampEventRecorder.java:15)
01-22 19:03:08.993 E/SQLiteDatabase( 2190): 	at v3.p$e.handleMessage(StampEventRecorder.java:4)
01-22 19:03:08.993 E/SQLiteDatabase( 2190): 	at android.os.Handler.dispatchMessage(Handler.java:106)
01-22 19:03:08.993 E/SQLiteDatabase( 2190): 	at android.os.Looper.loopOnce(Looper.java:240)
01-22 19:03:08.993 E/SQLiteDatabase( 2190): 	at android.os.Looper.loop(Looper.java:351)
01-22 19:03:08.993 E/SQLiteDatabase( 2190): 	at android.os.HandlerThread.run(HandlerThread.java:67)
01-22 19:03:08.993 V/StampEventRecorder( 2190): executeDbBegin e:android.database.sqlite.SQLiteDiskIOException: disk I/O error (code 2570 SQLITE_IOERR_DELETE): , while compiling: PRAGMA journal_mode
01-22 19:03:08.993 W/OplusSelfProtectManager( 1748): pkg[com.oplus.crashbox] not in policy list
01-22 19:03:08.993 V/StampEventRecorder( 2190): onStamp id : 020201
01-22 19:03:08.993 V/StampEventRecorder( 2190): onStamp failed : java.lang.NullPointerException: Attempt to invoke virtual method 'void android.database.sqlite.SQLiteDatabase.execSQL(java.lang.String)' on a null object reference
01-22 19:03:08.995 E/HWComposer(  966): getSupportedContentTypes: getSupportedContentTypes failed for display 0: Unsupported (8)
01-22 19:03:08.995 D/Theia.NoFocusWindow( 1748): FocusWindowErrorScene CheckFreezeScreen
01-22 19:03:08.996 V/OplusZoomWindowManagerService( 1748): prepareZoomTransition: curStack=Task{e45f736 #11648 type=standard A=10851:com.wholexale.app.staging U=0 visible=false visibleRequested=true mode=fullscreen translucent=true sz=1}   nextStackTask{d595e6b #1 type=home ?? U=0 visible=true visibleRequested=false mode=fullscreen translucent=true sz=1}
01-22 19:03:08.997 I/mtkpower_client( 1748): perf_lock_rel, hdl:59266, tid:2280
01-22 19:03:08.997 I/mtkpower_client( 1748): perf_lock_acq, hdl:59266, dur:0, num:10, tid:2280
01-22 19:03:08.997 D/DropBoxManagerService( 1748): file :: /data/system/dropbox/data_app_crash@1769088788990.txt
01-22 19:03:08.997 I/libPowerHal(  859): [perfLockRel] hdl:59266, idx:0
01-22 19:03:08.997 I/libPowerHal(  859): [PD] system_server update cmd:1c3c000 param:1
01-22 19:03:08.997 I/libPowerHal(  859): [PD] (more) /proc/mcdi/state set +prefix:enable 1;
01-22 19:03:08.997 I/libPowerHal(  859): [PD] system_server update cmd:2004100 param:2
01-22 19:03:08.998 W/AES     ( 1748): Exception Log handling...
01-22 19:03:08.998 I/mtkpower_client( 1748): ret_hdl:59267
01-22 19:03:08.998 W/AES     ( 1748): Skipped - do not care third party apk
01-22 19:03:09.003 I/servicemanager(  562): Could not find android.hardware.graphics.allocator.IAllocator/default in the VINTF manifest.
01-22 19:03:09.007 E/ion     (10113): ioctl c0044901 failed with code -1: Invalid argument
01-22 19:03:09.015 D/Layer   (  966): reparent to null sequence=24179, seq[1], name=Surface(name=36bcf5d StatusBar)/@0xe761cc2 - animation-leash of insets_animation#24179
01-22 19:03:09.015 D/Layer   (  966): reparent to null sequence=24180, seq[2], name=Surface(name=209d612 NavigationBar0)/@0x85ef509 - animation-leash of insets_animation#24180
01-22 19:03:09.019 I/Process (10113): Sending signal. PID: 10113 SIG: 9
01-22 19:03:09.028 W/BroadcastQueue( 1748): Background execution not allowed: receiving Intent { act=android.intent.action.DROPBOX_ENTRY_ADDED flg=0x10 (has extras) } to com.google.android.gms/.stats.service.DropBoxEntryAddedReceiver
01-22 19:03:09.028 W/BroadcastQueue( 1748): Background execution not allowed: receiving Intent { act=android.intent.action.DROPBOX_ENTRY_ADDED flg=0x10 (has extras) } to com.google.android.gms/.stats.service.DropBoxEntryAddedReceiver
01-22 19:03:09.030 E/OplusThermalStats( 1748): Error getting package info: com.android.launcher
01-22 19:03:09.041 D/OplusUIFirst_FB( 1748): com.android.launcher moveToTop:[]
01-22 19:03:09.041 D/OplusUIFirst_FB( 1748): List of ThreadOp: size=0 []
01-22 19:03:09.041 D/OplusUIFirst_FB( 1748): com.android.launcher boost hint: 2623
01-22 19:03:09.041 D/OplusUIFirst_FB( 1748): handleParaSwitch com.android.launcher null null 0
01-22 19:03:09.045 W/System  ( 2190): A resource failed to call release. 
01-22 19:03:09.045 W/System  ( 2190): A resource failed to call release. 
01-22 19:03:09.045 W/System  ( 2190): A resource failed to call release. 
01-22 19:03:09.045 W/System  ( 2190): A resource failed to call release. 
01-22 19:03:09.046 W/System  ( 2190): A resource failed to call release. 
01-22 19:03:09.046 W/System  ( 2190): A resource failed to call release. 
01-22 19:03:09.046 W/System  ( 2190): A resource failed to call release. 
01-22 19:03:09.046 W/System  ( 2190): A resource failed to call release. 
01-22 19:03:09.047 D/OplusUIFirst_FB( 1748): com.coloros.assistantscreen toForeOps: []
01-22 19:03:09.047 D/OplusUIFirst_FB( 1748): List of ThreadOp: size=0 []
01-22 19:03:09.049 D/OplusUIFirst_FB( 1748): com.google.android.googlequicksearchbox toForeOps: []
01-22 19:03:09.049 D/OplusUIFirst_FB( 1748): List of ThreadOp: size=0 []
01-22 19:03:09.050 D/OplusUIFirst_FB( 1748): com.google.android.adservices.api toForeOps: []
01-22 19:03:09.050 D/OplusUIFirst_FB( 1748): List of ThreadOp: size=0 []
01-22 19:03:09.051 I/SurfaceFlinger(  966): [SF client] REMOVE (0xb40000701f9faf00) for (10113:com.wholexale.app.staging)
01-22 19:03:09.053 I/WindowManager( 1748): WIN DEATH: Window{de0c9f6 u0 com.wholexale.app.staging/com.wholexale.app.MainActivity}
01-22 19:03:09.053 W/InputManager-JNI( 1748): Input channel object 'de0c9f6 com.wholexale.app.staging/com.wholexale.app.MainActivity (client)' was disposed without first being removed with the input manager!
01-22 19:03:09.054 D/OplusStartingWindowManager( 1748): interceptRemoveStartingWindow: packageName=com.wholexale.app.staging, isSnapshot=false, startingSurfaceRunnable=null
01-22 19:03:09.054 D/OplusSplitScreenDnDUI( 1748): notifyRemoveStartingWindow isSpitScreenDrag = false mDropTargetSurface = null StartingWindowpkgName = com.wholexale.app.staging DragPkg = null isLauncherResume = false
01-22 19:03:09.055 I/Zygote  (  819): Process 10113 exited due to signal 9 (Killed)
01-22 19:03:09.056 D/DisplayManagerService( 1748): Display listener for pid 10113 died.
01-22 19:03:09.059 I/SurfaceFlinger(  966): [SF client] REMOVE (0xb40000701dca29c0) for (1748:system_server)
01-22 19:03:09.064 D/Layer   (  966): reparent to null sequence=24178, seq[4], name=com.wholexale.app.staging/com.wholexale.app.MainActivity#24178
01-22 19:03:09.064 D/Layer   (  966): reparent to null sequence=24177, seq[3], name=de0c9f6 com.wholexale.app.staging/com.wholexale.app.MainActivity#24177
01-22 19:03:09.065 D/OplusLayer(  966): ~Layer() sequence=24180, name=Surface(name=209d612 NavigationBar0)/@0x85ef509 - animation-leash of insets_animation#24180
01-22 19:03:09.065 D/OplusLayer(  966): ~Layer() sequence=24179, name=Surface(name=36bcf5d StatusBar)/@0xe761cc2 - animation-leash of insets_animation#24179
01-22 19:03:09.065 D/OplusLayer(  966): ~Layer() sequence=24177, name=de0c9f6 com.wholexale.app.staging/com.wholexale.app.MainActivity#24177
01-22 19:03:09.065 I/BufferQueueDebug(  966): [com.wholexale.app.staging/com.wholexale.app.MainActivity#24178](this:0xb400007020ffe9e8,id:-1,api:0,p:-1,c:966) onDestructor()
01-22 19:03:09.065 D/OplusLayer(  966): ~Layer() sequence=24178, name=com.wholexale.app.staging/com.wholexale.app.MainActivity#24178
01-22 19:03:09.068 W/Process ( 1748): Unable to open /proc/10113/status
01-22 19:03:09.069 I/ActivityManager( 1748): Process com.wholexale.app.staging (pid 10113) has died: fg  TOP 
01-22 19:03:09.071 D/OplusUIFirst_FB( 1748): com.wholexale.app.staging remove pid: 10113
01-22 19:03:09.071 I/mtkpower_client( 1748): [Legacy][PowerHal_Wrap_notifyAppState] com.wholexale.app.staging/com.wholexale.app.staging pid=10113 state:3
01-22 19:03:09.071 I/game_scn( 1748): collectForegroundAppList packName=com.wholexale.app.staging, actName=com.wholexale.app.staging, pid=10113, uid=10851, state:DEAD
01-22 19:03:09.072 I/libprocessgroup( 1748): Successfully killed process cgroup uid 10851 pid 10113 in 0ms
01-22 19:03:09.073 I/OplusHansManager ( 1748): front pkg: com.android.launcher, uid: 10106, prev pkg: com.wholexale.app.staging, prev uid: 10851
01-22 19:03:09.073 I/OplusHansManager ( 1748): notifyAppGoForeground, uid=10106
01-22 19:03:09.073 I/OplusHansManager ( 1748): notifyAppGoBackground, uid=10851
01-22 19:03:09.073 D/OplusUIFirst_FB( 1748): com.android.launcher activity event: []
01-22 19:03:09.073 D/OplusUIFirst_FB( 1748): List of ThreadOp: size=0 []
01-22 19:03:09.073 D/OplusUIFirst_FB( 1748): handleParaSwitch com.android.launcher null null 1
01-22 19:03:09.074 I/Osense-DecisionMaker( 1748): notifySceneToAthenaPolicy: SCENE_LAUNCHER, bundle: Bundle[{prevPkgName=com.wholexale.app.staging, curUid=10106, curPkgName=com.android.launcher, prevUid=10851}]
01-22 19:03:09.074 D/Osense-DecisionMaker( 1748): getCurrentSysStats, availmemMb: 2562
01-22 19:03:09.074 D/Osense-DecisionMaker( 1748): getCurrentSysStats, availmemMb: 2564
01-22 19:03:09.074 D/Osense-DecisionMaker( 1748): getCurrentSysStats, availmemMb: 2567
01-22 19:03:09.075 I/OplusHansManager ( 1748): uid=10851, pkg=com.wholexale.app.staging enter SM
01-22 19:03:09.075 D/Osense-DecisionMaker( 1748): getCurrentSysStats, availmemMb: 2567
01-22 19:03:09.075 I/OplusHansManager ( 1748): uid=10851, pkg=com.wholexale.app.staging R enter(), D stay=0
01-22 19:03:09.075 I/OplusResourcePreloadManager( 1748): resume pkg: com.android.launcher, uid:10106, prev pkg: com.wholexale.app.staging, prev uid: 10851
01-22 19:03:09.075 D/RilUtility(  859): notify_rild_crash_pid_set certPid:-1, crash:10113, scn:0x0
01-22 19:03:09.085 D/TaskFragmentExtImpl( 1748): addColorModeOnResume resume=true pkg = com.android.launcher
01-22 19:03:09.085 D/LauncherClient( 2623): getThreadPriority -10
01-22 19:03:09.086 I/bpas    (12190): onResume
01-22 19:03:09.105 D/OplusLayer(  966): ~Layer() sequence=24183, name=Screenshot Parent#24183
01-22 19:03:09.124 V/WindowManager( 1748): Relayout Window{578cf9b u0 com.android.launcher/com.android.launcher.Launcher}: viewVisibility=0, oldvis=0, req=1080x2400
01-22 19:03:09.126 D/OplusAtlasService( 3300): getAttributeByAppName module:oplus-getStreamMaxVolume packageName:com.truecaller
01-22 19:03:09.129 D/AudioManagerExtImpl( 7107): getStreamVolume normal, volume index=5
01-22 19:03:09.130 W/Looper  ( 1748): Slow dispatch took 116ms android.ui h=com.android.server.am.ActivityManagerService$UiHandler c=null m=1
01-22 19:03:09.131 D/Layer   (  966): reparent to null sequence=24181, seq[1], name=Surface(name=36bcf5d StatusBar)/@0xe761cc2 - animation-leash of insets_animation#24181
01-22 19:03:09.131 D/Layer   (  966): reparent to null sequence=24182, seq[2], name=Surface(name=209d612 NavigationBar0)/@0x85ef509 - animation-leash of insets_animation#24182
01-22 19:03:09.131 D/OplusLayer(  966): ~Layer() sequence=24181, name=Surface(name=36bcf5d StatusBar)/@0xe761cc2 - animation-leash of insets_animation#24181
01-22 19:03:09.131 D/OplusLayer(  966): ~Layer() sequence=24182, name=Surface(name=209d612 NavigationBar0)/@0x85ef509 - animation-leash of insets_animation#24182
01-22 19:03:09.131 V/OplusZoomWindowManagerService( 1748): onAnimationFinished:  r = ActivityRecord{a1e8fdf u0 com.android.launcher/.Launcher} t6}
01-22 19:03:09.132 I/OplusAppSwitchManagerService( 1748):  handleAppVisible , r = ActivityRecord{a1e8fdf u0 com.android.launcher/.Launcher} t6}
01-22 19:03:09.134 V/OplusZoomWindowManagerService( 1748): onAnimationFinished:  r = ActivityRecord{12a93f8 u0 com.wholexale.app.staging/com.wholexale.app.MainActivity} t11648 f} isExiting}
01-22 19:03:09.134 I/WindowStateExtImpl( 1748): onSurfaceShowChange show = false mPackageName = com.wholexale.app.staging parentPkgName = com.wholexale.app.staging
01-22 19:03:09.135 W/InputManager-JNI( 1748): Input channel object 'a18b70e Splash Screen com.wholexale.app.staging (client)' was disposed without first being removed with the input manager!
01-22 19:03:09.137 D/SensorService( 1748): onUidStateChanged uid = 10851, state = UID_STATE_IDLE
01-22 19:03:09.140 I/OplusHansManager ( 1748): onUidGone(), 10851 com.wholexale.app.staging exit SM
01-22 19:03:09.142 V/WindowManager( 1748): Changing focus from null to Window{578cf9b u0 com.android.launcher/com.android.launcher.Launcher},diplayid=0
01-22 19:03:09.142 D/Theia.NoFocusWindow( 1748): FocusWindowErrorScene cancelCheckFreezeScreen
01-22 19:03:09.143 I/OplusHansManager ( 1748): uid=10851, pkg=com.wholexale.app.staging R exit SM
01-22 19:03:09.143 I/OplusHansManager ( 1748): uid=10851, pkg=com.wholexale.app.staging R exit(), R stay=0
01-22 19:03:09.147 D/Layer   (  966): reparent to null sequence=24171, seq[5], name=Splash Screen com.wholexale.app.staging#24171
01-22 19:03:09.147 D/Layer   (  966): reparent to null sequence=24173, seq[19], name=Surface(name=Task=6)/@0xbb6404 - animation-leash of app_transition#24173
01-22 19:03:09.147 D/Layer   (  966): reparent to null sequence=24172, seq[49], name=Surface(name=Task=11648)/@0x67a6fe9 - animation-leash of app_transition#24172
01-22 19:03:09.147 D/Layer   (  966): reparent to null sequence=24170, seq[2], name=a18b70e Splash Screen com.wholexale.app.staging#24170
01-22 19:03:09.148 D/OplusLayer(  966): ~Layer() sequence=24173, name=Surface(name=Task=6)/@0xbb6404 - animation-leash of app_transition#24173
01-22 19:03:09.148 D/OplusLayer(  966): ~Layer() sequence=24172, name=Surface(name=Task=11648)/@0x67a6fe9 - animation-leash of app_transition#24172
01-22 19:03:09.150 V/DeepThinker( 5470): ProcessManager: onProcessDied pid:10113, uid:10851
01-22 19:03:09.151 I/DispPerfService(  966): updateLayerMask 9
01-22 19:03:09.155 I/mtkpower@impl(  859): [setMode] type:5, enabled:0
01-22 19:03:09.155 I/PowerHalWrapper( 1748): amsBoostStop AMS_BOOST_PACK_SWITCH:true, AMS_BOOST_ACT_SWITCH:false, AMS_BOOST_PROCESS_CREATE:true 
01-22 19:03:09.156 I/libPowerHal(  859): [perfLockRel] hdl:59260, idx:2
01-22 19:03:09.157 I/mtkpower@impl(  859): [mtkPowerHint] hint:21, hold:6000, ext:30, ext_hold:35000
01-22 19:03:09.157 I/libPowerHal(  859): [perfLockRel] hdl:59261, idx:5
01-22 19:03:09.157 D/OplusAtlasService( 3300): getAttributeByAppName module:oplus-getStreamMaxVolume packageName:com.truecaller
01-22 19:03:09.158 D/OplusMirageWindowManagerService( 1748): onTaskRemoved displayid:0 taskId:11648 callers:com.android.server.wm.MirageWindowManagerExtImpl.onTaskRemoved:47 com.android.server.wm.TaskDisplayArea.removeChildTask:398 com.android.server.wm.TaskDisplayArea.removeChild:387 com.android.server.wm.WindowContainer.removeImmediately:891 com.android.server.wm.TaskFragment.removeImmediately:2904 
01-22 19:03:09.158 I/OplusScreenSecurityMask( 1748): onStackRemoved task = Task{e45f736 #11648 type=standard A=10851:com.wholexale.app.staging U=0 visible=false visibleRequested=false mode=fullscreen translucent=true sz=0} record = null displayId = 0
01-22 19:03:09.158 D/OplusAlwaysAliveManager( 1748): removing: 11648, ComponentInfo{com.wholexale.app.staging/com.wholexale.app.MainActivity}
01-22 19:03:09.158 D/TaskFragmentExtImpl( 1748): remove ActivityRecord{12a93f8 u0 com.wholexale.app.staging/com.wholexale.app.MainActivity} t-1 f}} to mActivityRecordSum = Counter{ }
01-22 19:03:09.160 I/libPowerHal(  859): [perfLockRel] hdl:59263, idx:6
01-22 19:03:09.162 D/AudioManagerExtImpl( 7107): getStreamVolume normal, volume index=5
01-22 19:03:09.163 D/OplusAtlasService( 3300): getAttributeByAppName module:oplus-getStreamMaxVolume packageName:com.truecaller
01-22 19:03:09.164 D/Layer   (  966): reparent to null sequence=24169, seq[2], name=ActivityRecord{12a93f8 u0 com.wholexale.app.staging/com.wholexale.app.MainActivity}#24169
01-22 19:03:09.164 D/Layer   (  966): reparent to null sequence=24168, seq[5], name=Task=11648#24168
01-22 19:03:09.164 D/Layer   (  966): reparent to null sequence=24186, seq[2], name=Task=11648#24186
01-22 19:03:09.166 V/ShellTaskOrganizer( 2225): Task vanished taskId=11648
01-22 19:03:09.167 I/FocusResolver( 1748): updateFocusedWindow, 578cf9b com.android.launcher/com.android.launcher.Launcher on display 0, reason: setFocusedWindow, result:   FocusedWindows:
01-22 19:03:09.167 I/FocusResolver( 1748):     displayId=0, name='578cf9b com.android.launcher/com.android.launcher.Launcher'
01-22 19:03:09.168 D/VRI[Launcher]( 2623): onFocusEvent true
01-22 19:03:09.169 D/AudioManagerExtImpl( 7107): getStreamVolume too fast, volume index=5, package=com.truecaller
01-22 19:03:09.169 D/InputMethodManagerService( 1748): isSecurity: attribute.packageName=com.android.launcher mCurMethodId=com.google.android.inputmethod.latin/com.android.inputmethod.latin.LatinIME
01-22 19:03:09.170 D/InputMethodManagerService( 1748): isSecurity= false (  enable=false needShow=false inBlackList=false isExist=true )
01-22 19:03:09.171 D/TaskChangeNotificationControllerExtImpl( 1748): Skip pass Snapshot to listener:android.app.ITaskStackListener$Stub$Proxy@cb4af11
01-22 19:03:09.173 I/GoogleInputMethodService(12290): GoogleInputMethodService.onFinishInput():2099 
01-22 19:03:09.175 I/Module  (12290): DeviceLockedStatusModuleProvider$Module.updateDeviceLockedStatus():103 repeatCheckTimes = 0, locked = false
01-22 19:03:09.176 I/GoogleInputMethodService(12290): GoogleInputMethodService.onStartInput():1371 onStartInput(EditorInfo{EditorInfo{packageName=com.android.launcher, inputType=0, inputTypeString=NULL, enableLearning=false, autoCorrection=false, autoComplete=false, imeOptions=0, privateImeOptions=null, actionName=UNSPECIFIED, actionLabel=null, initialSelStart=-1, initialSelEnd=-1, initialCapsMode=0, label=null, fieldId=-1, fieldName=null, extras=Bundle[{com.oplus.im.SCENES=0}], hintText=null, hintLocales=[]}}, false)
01-22 19:03:09.179 I/Module  (12290): DeviceLockedStatusModuleProvider$Module.updateDeviceLockedStatus():103 repeatCheckTimes = 1, locked = false
01-22 19:03:09.181 D/OplusLayer(  966): ~Layer() sequence=24169, name=ActivityRecord{12a93f8 u0 com.wholexale.app.staging/com.wholexale.app.MainActivity}#24169
01-22 19:03:09.181 D/OplusLayer(  966): ~Layer() sequence=24176, name=206c0d1 ActivityRecordInputSink com.wholexale.app.staging/com.wholexale.app.MainActivity#24176
01-22 19:03:09.181 D/OplusLayer(  966): ~Layer() sequence=24186, name=Task=11648#24186
01-22 19:03:09.189 D/OplusAppListInterceptManager( 1748): shouldFilterTask
01-22 19:03:09.189 D/OplusAppListInterceptManager( 1748): shouldFilterTask::packageName = com.wholexale.app.staging
01-22 19:03:09.189 D/OplusAppListInterceptManager( 1748): shouldFilterTask
01-22 19:03:09.189 D/OplusAppListInterceptManager( 1748): shouldFilterTask::packageName = com.truecaller
01-22 19:03:09.189 D/OplusAppListInterceptManager( 1748): shouldFilterTask
01-22 19:03:09.189 D/OplusAppListInterceptManager( 1748): shouldFilterTask::packageName = com.whatsapp
01-22 19:03:09.189 D/OplusAppListInterceptManager( 1748): shouldFilterTask
01-22 19:03:09.189 D/OplusAppListInterceptManager( 1748): shouldFilterTask::packageName = com.android.settings
01-22 19:03:09.189 D/OplusSplitScreenManagerService( 1748): com.android.settings unSupportsSplitScreen by blockList or ForbidActivityList
01-22 19:03:09.190 D/OplusSplitScreenManagerService( 1748): com.android.settings unSupportsSplitScreen by blockList or ForbidActivityList
01-22 19:03:09.197 D/OplusAppListInterceptManager( 1748): shouldFilterTask
01-22 19:03:09.197 D/OplusAppListInterceptManager( 1748): shouldFilterTask::packageName = com.wholexale.app.staging
01-22 19:03:09.197 D/OplusAppListInterceptManager( 1748): shouldFilterTask
01-22 19:03:09.197 D/OplusAppListInterceptManager( 1748): shouldFilterTask::packageName = com.truecaller
01-22 19:03:09.197 D/OplusAppListInterceptManager( 1748): shouldFilterTask
01-22 19:03:09.197 D/OplusAppListInterceptManager( 1748): shouldFilterTask::packageName = com.whatsapp
01-22 19:03:09.197 D/OplusAppListInterceptManager( 1748): shouldFilterTask
01-22 19:03:09.197 D/OplusAppListInterceptManager( 1748): shouldFilterTask::packageName = com.android.settings
01-22 19:03:09.197 D/OplusSplitScreenManagerService( 1748): com.android.settings unSupportsSplitScreen by blockList or ForbidActivityList
01-22 19:03:09.197 D/OplusSplitScreenManagerService( 1748): com.android.settings unSupportsSplitScreen by blockList or ForbidActivityList
01-22 19:03:09.240 D/OplusAtlasService( 3300): getAttributeByAppName module:oplus-getStreamMaxVolume packageName:com.truecaller
01-22 19:03:09.243 D/AudioManagerExtImpl( 7107): getStreamVolume normal, volume index=5
01-22 19:03:09.252 D/OplusAtlasService( 3300): getAttributeByAppName module:oplus-getStreamMaxVolume packageName:com.truecaller
01-22 19:03:09.254 D/AudioManagerExtImpl( 7107): getStreamVolume too fast, volume index=5, package=com.truecaller
01-22 19:03:09.254 V/ListServiceUtils( 1748): checkInListByUid start module:custom-icc uid:1000  time 84987755832us
01-22 19:03:09.254 V/ListServiceUtils( 1748): checkInListByUid end module:custom-icc uid:1000  time 84987756263us
01-22 19:03:09.255 D/ListServiceUtils( 1748): checkInListByUid module:custom-icc uid:1000 cost 430us return 0
01-22 19:03:09.255 D/MMListService( 1164): getListValueByUid module:image-processing, uid:1000
01-22 19:03:09.255 V/ListServiceUtils( 1748): checkInListByUid module:image-processing uid:1000 cost 226us return (null)
01-22 19:03:09.255 V/JpegEncoderExtImpl( 1748): Resolution: 1080 x 2400,support: 0;
01-22 19:03:09.255 D/OplusAtlasService( 3300): getAttributeByAppName module:oplus-getStreamMaxVolume packageName:com.truecaller
01-22 19:03:09.256 D/AudioManagerExtImpl( 7107): getStreamVolume too fast, volume index=5, package=com.truecaller
01-22 19:03:09.291 D/CameraDelegate( 1748): handleMessage:200
01-22 19:03:09.297 E/IHansComunication( 6221): HANS printMessageBody: RCV message: type = 3,port = 86870,caller_pid = 1,caller_uid = 0,target_pid = 13257,target_uid = 1000,pkg_cmd = -1,rpc = signal/-1
01-22 19:03:09.328 W/Bitmap  ( 1748): Called getWidth() on a recycle()'d bitmap! This is undefined behavior!
01-22 19:03:09.328 W/Bitmap  ( 1748): Called getHeight() on a recycle()'d bitmap! This is undefined behavior!
01-22 19:03:09.341 V/ListServiceUtils( 1748): checkInListByUid start module:custom-icc uid:1000  time 84987842554us
01-22 19:03:09.341 V/ListServiceUtils( 1748): checkInListByUid end module:custom-icc uid:1000  time 84987842766us
01-22 19:03:09.341 D/ListServiceUtils( 1748): checkInListByUid module:custom-icc uid:1000 cost 212us return 0
01-22 19:03:09.341 D/MMListService( 1164): getListValueByUid module:image-processing, uid:1000
01-22 19:03:09.341 V/ListServiceUtils( 1748): checkInListByUid module:image-processing uid:1000 cost 89us return (null)
01-22 19:03:09.341 V/JpegEncoderExtImpl( 1748): Resolution: 540 x 1200,support: 0;
