01-22 19:13:54.804 W/unknown:ViewManagerPropertyUpdater(16919): Could not find generated setter for class com.horcrux.svg.RenderableViewManager$MaskManager
01-22 19:13:54.805 D/VRI[VolumeDialogImplEx]( 2225): registerCallbacksForSync syncBuffer=false
01-22 19:13:54.807 W/unknown:ViewManagerPropertyUpdater(16919): Could not find generated setter for class com.horcrux.svg.RenderableViewManager$SymbolManager
01-22 19:13:54.809 D/OplusFeatureDCBacklight( 1748): notifySfRepaintEverything begin mCurrentDCMode:0brightness=1020threshold=260
01-22 19:13:54.811 D/RefBase (  966): RefBase: Explicit destruction, weak count = 0 (in 0xb40000703abd4328)
01-22 19:13:54.811 W/RefBase (  966): CallStack::getCurrentInternal not linked, returning null
01-22 19:13:54.811 W/RefBase (  966): CallStack::logStackInternal not linked
01-22 19:13:54.811 I/GPUAUX  (  966): [AUX]~GPUAUXContext:77: destory: 0xb4000070203952c0
01-22 19:13:54.811 W/unknown:ViewManagerPropertyUpdater(16919): Could not find generated setter for class com.horcrux.svg.RenderableViewManager$PatternManager
01-22 19:13:54.812 D/BLASTBufferQueue( 2225): [VRI[VolumeDialogImplEx][VolumeDialogImplEx]#1861](f:0,a:1) acquireNextBufferLocked size=546x1331 mFrameNumber=1 applyTransaction=true mTimestamp=85633313453719(auto) mPendingTransactions.size=0 graphicBufferId=9556302251491 transform=0
01-22 19:13:54.813 D/VRI[VolumeDialogImplEx]( 2225): Received frameCommittedCallback lastAttemptedDrawFrameNum=1 didProduceBuffer=true syncBuffer=false
01-22 19:13:54.813 W/Parcel  ( 2225): Expecting binder but got null!
01-22 19:13:54.813 D/RefBase (  966): RefBase: Explicit destruction, weak count = 0 (in 0xb40000703abd4aa8)
01-22 19:13:54.813 W/RefBase (  966): CallStack::getCurrentInternal not linked, returning null
01-22 19:13:54.813 W/RefBase (  966): CallStack::logStackInternal not linked
01-22 19:13:54.813 I/GPUAUX  (  966): [AUX]~GPUAUXContext:77: destory: 0xb40000701dd5ea70
01-22 19:13:54.815 D/RefBase (  966): RefBase: Explicit destruction, weak count = 0 (in 0xb40000702868c928)
01-22 19:13:54.815 W/RefBase (  966): CallStack::getCurrentInternal not linked, returning null
01-22 19:13:54.815 W/RefBase (  966): CallStack::logStackInternal not linked
01-22 19:13:54.815 I/GPUAUX  (  966): [AUX]~GPUAUXContext:77: destory: 0xb40000701dd5e2c0
01-22 19:13:54.815 W/unknown:ViewManagerPropertyUpdater(16919): Could not find generated setter for class com.horcrux.svg.RenderableViewManager$RectViewManager
01-22 19:13:54.815 D/MediaCodec(16548): [0xb40000796a615000] setState: 7
01-22 19:13:54.815 D/OplusCCodec(16548): signalFlush [583]: (0xb400007950871480)
01-22 19:13:54.816 I/OplusFeedbackInfo(16548): [signalFlush:L806]
01-22 19:13:54.816 D/C2MtkComponent(  846): [0xEE33AA00] flush_sm
01-22 19:13:54.817 D/C2MtkComponent(  846): [0xEE33AC04] printStash: key=1000008843000, frameIndex=107, inputFlags=0
01-22 19:13:54.818 D/C2MtkComponent(  846): [0xEE33AC04] printStash: key=1000008776000, frameIndex=105, inputFlags=0
01-22 19:13:54.818 D/C2MtkComponent(  846): [0xEE33AC04] printStash: key=1000008742000, frameIndex=104, inputFlags=0
01-22 19:13:54.818 D/C2MtkComponent(  846): [0xEE33AC04] printStash: key=1000008642000, frameIndex=101, inputFlags=0
01-22 19:13:54.818 D/C2MtkComponent(  846): [0xEE33AC04] printStash: key=1000008709000, frameIndex=103, inputFlags=0
01-22 19:13:54.818 D/C2MtkComponent(  846): [0xEE33AC04] printStash: key=1000008676000, frameIndex=102, inputFlags=0
01-22 19:13:54.818 D/C2MtkComponent(  846): [0xEE33AC04] printStash: key=1000008809000, frameIndex=106, inputFlags=0
01-22 19:13:54.818 D/C2MtkBufferManager(  846): [0xEE325550] wakeUpFetchThread release mThreadSem mCcThreadSem
01-22 19:13:54.818 D/RefBase (  966): RefBase: Explicit destruction, weak count = 0 (in 0xb40000703abd6628)
01-22 19:13:54.818 W/RefBase (  966): CallStack::getCurrentInternal not linked, returning null
01-22 19:13:54.818 W/RefBase (  966): CallStack::logStackInternal not linked
01-22 19:13:54.818 I/GPUAUX  (  966): [AUX]~GPUAUXContext:77: destory: 0xb40000701de0e410
01-22 19:13:54.820 W/unknown:ViewManagerPropertyUpdater(16919): Could not find generated setter for class com.horcrux.svg.RenderableViewManager$TextPathViewManager
01-22 19:13:54.821 W/unknown:ViewManagerPropertyUpdater(16919): Could not find generated setter for class com.horcrux.svg.SvgViewManager
01-22 19:13:54.822 D/VRI[VolumeDialogImplEx]( 2225): draw finished.
01-22 19:13:54.823 E/C2MtkVdec(  846): [0xEE33AA00] Unknown output workId: 1000008642000
01-22 19:13:54.823 D/VRI[VolumeDialogImplEx]( 2225): registerCallbacksForSync syncBuffer=false
01-22 19:13:54.824 D/WindowManager( 1748): finishDrawingWindow: Window{814e537 u0 VolumeDialogImplEx} mDrawState=DRAW_PENDING
01-22 19:13:54.826 W/unknown:ViewManagerPropertyUpdater(16919): Could not find generated setter for class com.horcrux.svg.RenderableViewManager$PathViewManager
01-22 19:13:54.827 D/C2MtkVdec(  846): [0xEE33AA00] VCodec Flushed, mGeneration: 1
01-22 19:13:54.828 W/C2MtkComponent(  846): [0xEE33AA00] processPreQueue: queue is empty.
01-22 19:13:54.828 W/C2MtkComponent(  846): [0xEE33AA00] processPostQueue: queue is empty.
01-22 19:13:54.828 W/unknown:ViewManagerPropertyUpdater(16919): Could not find generated setter for class com.horcrux.svg.RenderableViewManager$UseViewManager
01-22 19:13:54.828 W/C2MtkComponent(  846): [0xEE33AA00] processQueue: queue is empty.
01-22 19:13:54.828 D/PipelineWatcher(16548): onWorkDone: frameIndex not found (18446744073709551615); ignored
01-22 19:13:54.829 D/PipelineWatcher(16548): onWorkDone: frameIndex not found (18446744073709551615); ignored
01-22 19:13:54.829 D/PipelineWatcher(16548): onWorkDone: frameIndex not found (18446744073709551615); ignored
01-22 19:13:54.829 D/PipelineWatcher(16548): onWorkDone: frameIndex not found (18446744073709551615); ignored
01-22 19:13:54.829 D/PipelineWatcher(16548): onWorkDone: frameIndex not found (18446744073709551615); ignored
01-22 19:13:54.829 D/MediaCodec(16548): [0xb40000796a615000] setState: 6
01-22 19:13:54.829 E/system_server( 1748): No package ID ff found for ID 0xffffffff.
01-22 19:13:54.829 W/unknown:ViewManagerPropertyUpdater(16919): Could not find generated setter for class com.horcrux.svg.RenderableViewManager$CircleViewManager
01-22 19:13:54.830 I/CCodecConfig(16548): query failed after returning 17 values (BAD_INDEX)
01-22 19:13:54.830 D/OplusFeatureDCBacklight( 1748): notifySfRepaintEverything begin mCurrentDCMode:0brightness=1020threshold=260
01-22 19:13:54.830 W/Codec2Client(16548): query -- param skipped: index = 1342179345.
01-22 19:13:54.830 W/Codec2Client(16548): query -- param skipped: index = 2415921170.
01-22 19:13:54.830 W/Codec2Client(16548): query -- param skipped: index = 1610614798.
01-22 19:13:54.830 D/BufferStateLayer(  966): VolumeDialogImplEx#24454 setBuffer frameId=1, bufferId=9556302251491 fenceId=144, w= 546, h=1331
01-22 19:13:54.830 D/OplusLayer(  966): (24454,VolumeDialogImplEx#24454,com.android.systemui) setBuffer
01-22 19:13:54.831 D/RefBase (  966): RefBase: Explicit destruction, weak count = 0 (in 0xb40000703aa469a8)
01-22 19:13:54.831 W/RefBase (  966): CallStack::getCurrentInternal not linked, returning null
01-22 19:13:54.831 W/RefBase (  966): CallStack::logStackInternal not linked
01-22 19:13:54.831 I/GPUAUX  (  966): [AUX]~GPUAUXContext:77: destory: 0xb40000701dd5f820
01-22 19:13:54.831 W/unknown:ViewManagerPropertyUpdater(16919): Could not find generated setter for class com.horcrux.svg.RenderableViewManager$TSpanViewManager
01-22 19:13:54.833 D/BLASTBufferQueue(16548): [SurfaceView[com.google.android.youtube/com.google.android.youtube.app.honeycomb.Shell$HomeActivity]#26](f:0,a:1) destructor()
01-22 19:13:54.833 D/BufferQueueConsumer(16548): [SurfaceView[com.google.android.youtube/com.google.android.youtube.app.honeycomb.Shell$HomeActivity]#26(BLAST Consumer)26](id:40a400000037,api:0,p:-1,c:16548) disconnect
01-22 19:13:54.833 D/RefBase (  966): RefBase: Explicit destruction, weak count = 0 (in 0xb40000703abd5c28)
01-22 19:13:54.833 W/RefBase (  966): CallStack::getCurrentInternal not linked, returning null
01-22 19:13:54.833 W/RefBase (  966): CallStack::logStackInternal not linked
01-22 19:13:54.833 I/GPUAUX  (  966): [AUX]~GPUAUXContext:77: destory: 0xb40000701dd5e1a0
01-22 19:13:54.834 D/RefBase (  966): RefBase: Explicit destruction, weak count = 0 (in 0xb40000703aa46c28)
01-22 19:13:54.834 W/RefBase (  966): CallStack::getCurrentInternal not linked, returning null
01-22 19:13:54.834 W/RefBase (  966): CallStack::logStackInternal not linked
01-22 19:13:54.834 I/GPUAUX  (  966): [AUX]~GPUAUXContext:77: destory: 0xb40000701de0d690
01-22 19:13:54.834 W/unknown:ReactContext(16919): initializeMessageQueueThreads() is called.
01-22 19:13:54.836 D/nativeloader(16919): Load /data/app/~~H561ZM1FSav1dO6xKYyyBA==/com.wholexale.app.staging-P--MKxwxnR9BZ9r55q1Agw==/base.apk!/lib/arm64-v8a/libyoga.so using class loader ns clns-4 (caller=/data/app/~~H561ZM1FSav1dO6xKYyyBA==/com.wholexale.app.staging-P--MKxwxnR9BZ9r55q1Agw==/base.apk): ok
01-22 19:13:54.836 D/RefBase (  966): RefBase: Explicit destruction, weak count = 0 (in 0xb40000703aa47da8)
01-22 19:13:54.836 W/RefBase (  966): CallStack::getCurrentInternal not linked, returning null
01-22 19:13:54.836 W/RefBase (  966): CallStack::logStackInternal not linked
01-22 19:13:54.836 I/GPUAUX  (  966): [AUX]~GPUAUXContext:77: destory: 0xb40000701de0eaa0
01-22 19:13:54.839 D/SurfaceView(16548): 138095590positionLost mSurfaceControl is null return;
01-22 19:13:54.840 D/OplusFeatureDCBacklight( 1748): notifySfRepaintEverything begin mCurrentDCMode:0brightness=1020threshold=260
01-22 19:13:54.845 I/DispPerfService(  966): updateLayerMask 0
01-22 19:13:54.850 D/VRI[VolumeDialogImplEx]( 2225): Received frameCommittedCallback lastAttemptedDrawFrameNum=2 didProduceBuffer=true syncBuffer=false
01-22 19:13:54.852 D/VRI[VolumeDialogImplEx]( 2225): draw finished.
01-22 19:13:54.853 D/WindowManager( 1748): finishDrawingWindow: Window{814e537 u0 VolumeDialogImplEx} mDrawState=HAS_DRAWN
01-22 19:13:54.857 D/OplusFeatureDCBacklight( 1748): notifySfRepaintEverything begin mCurrentDCMode:0brightness=1020threshold=260
01-22 19:13:54.861 V/ListServiceUtils( 1748): checkInListByUid start module:custom-icc uid:1000  time 85633362984us
01-22 19:13:54.862 V/ListServiceUtils( 1748): checkInListByUid end module:custom-icc uid:1000  time 85633363482us
01-22 19:13:54.862 D/ListServiceUtils( 1748): checkInListByUid module:custom-icc uid:1000 cost 497us return 0
01-22 19:13:54.862 D/MMListService( 1164): getListValueByUid module:image-processing, uid:1000
01-22 19:13:54.862 V/ListServiceUtils( 1748): checkInListByUid module:image-processing uid:1000 cost 283us return (null)
01-22 19:13:54.862 V/JpegEncoderExtImpl( 1748): Resolution: 1080 x 2400,support: 0;
01-22 19:13:54.870 D/CameraDelegate( 1748): handleMessage:200
01-22 19:13:54.883 V/WindowManager( 1748): Relayout Window{ebeb829 u0 com.google.android.youtube/com.google.android.youtube.app.honeycomb.Shell$HomeActivity}: viewVisibility=8, oldvis=0, req=1080x2400
01-22 19:13:54.888 I/OplusHansManager ( 1748): uid=10244, pkg=com.google.android.apps.docs M FastFreeze is on, delay the transition to F until FastFreezerExit
01-22 19:13:54.889 I/OplusHansManager ( 1748): uid=10828, pkg=money.myhubble M FastFreeze is on, delay the transition to F until FastFreezerExit
01-22 19:13:54.889 D/OplusFeatureDCBacklight( 1748): notifySfRepaintEverything begin mCurrentDCMode:0brightness=1020threshold=260
01-22 19:13:54.890 D/OplusFeatureDCBacklight( 1748): notifySfRepaintEverything begin mCurrentDCMode:0brightness=1020threshold=260
01-22 19:13:54.896 D/BLASTBufferQueue(16548): [VRI[Shell$HomeActivity][com.google.android.youtube/com.google.android.youtube.app.honeycomb.Shell$HomeActivity]#25](f:0,a:1) destructor()
01-22 19:13:54.896 D/BufferQueueConsumer(16548): [VRI[Shell$HomeActivity][com.google.android.youtube/com.google.android.youtube.app.honeycomb.Shell$HomeActivity]#25(BLAST Consumer)25](id:40a400000036,api:0,p:-1,c:16548) disconnect
01-22 19:13:54.901 W/YouTube (16548): TraceableOnGlobalLayoutListener.onGlobalLayout[kuy-RootView2] is called 1062
01-22 19:13:54.905 I/ReactNativeJS(16919):  Patched React Native list components (FlatList/VirtualizedList/SectionList) to guard against undefined `this` / props
01-22 19:13:54.905 I/ReactNativeJS(16919):  Starting Wholexale app...
01-22 19:13:54.906 I/ReactNativeJS(16919): 'App name:', 'WholexaleApp'
01-22 19:13:54.907 D/OplusFeatureDCBacklight( 1748): notifySfRepaintEverything begin mCurrentDCMode:0brightness=1020threshold=260
01-22 19:13:54.910 V/AsyncStorageExpoMigration(16919): No scoped database found
01-22 19:13:54.916 D/OplusAtlasService( 3300): getAttributeByAppName module:oplus-getStreamMaxVolume packageName:com.google.android.youtube
01-22 19:13:54.918 D/AudioManagerExtImpl(16548): getStreamVolume normal, volume index=6
01-22 19:13:54.922 I/ReactNativeJS(16919): Loading App.js...
01-22 19:13:54.931 D/OplusFeatureDCBacklight( 1748): notifySfRepaintEverything begin mCurrentDCMode:0brightness=1020threshold=260
01-22 19:13:54.939 D/OplusFeatureDCBacklight( 1748): notifySfRepaintEverything begin mCurrentDCMode:0brightness=1020threshold=260
01-22 19:13:54.941 W/Bitmap  ( 1748): Called getWidth() on a recycle()'d bitmap! This is undefined behavior!
01-22 19:13:54.941 W/Bitmap  ( 1748): Called getHeight() on a recycle()'d bitmap! This is undefined behavior!
01-22 19:13:54.946 E/YT.mlplayer(16548): MedialibPlayer.setForegroundMode(false)
01-22 19:13:54.952 V/ListServiceUtils( 1748): checkInListByUid start module:custom-icc uid:1000  time 85633453496us
01-22 19:13:54.952 V/ListServiceUtils( 1748): checkInListByUid end module:custom-icc uid:1000  time 85633453717us
01-22 19:13:54.952 D/ListServiceUtils( 1748): checkInListByUid module:custom-icc uid:1000 cost 221us return 0
01-22 19:13:54.952 D/MMListService( 1164): getListValueByUid module:image-processing, uid:1000
01-22 19:13:54.952 V/ListServiceUtils( 1748): checkInListByUid module:image-processing uid:1000 cost 85us return (null)
01-22 19:13:54.952 V/JpegEncoderExtImpl( 1748): Resolution: 540 x 1200,support: 0;
01-22 19:13:54.956 D/OplusFeatureDCBacklight( 1748): notifySfRepaintEverything begin mCurrentDCMode:0brightness=1020threshold=260
01-22 19:13:54.958 I/ReactNativeJS(16919): 'App component:', 'Loaded'
01-22 19:13:54.958 I/ReactNativeJS(16919):  App registered successfully
01-22 19:13:54.958 I/ReactNativeJS(16919): Running "WholexaleApp
01-22 19:13:54.959 D/VRI[Shell$HomeActivity](16548): setWindowStopped stopped:true
01-22 19:13:54.963 I/ReactNativeJS(16919):  App component rendering...
01-22 19:13:54.963 I/ReactNativeJS(16919):  Loading ReduxProvider...
01-22 19:13:54.963 I/ReactNativeJS(16919):  Loading AIProvider...
01-22 19:13:54.963 I/ReactNativeJS(16919):  Loading AppProvider...
01-22 19:13:54.963 I/ReactNativeJS(16919):  Loading AppInner...
01-22 19:13:54.972 D/OplusFeatureDCBacklight( 1748): notifySfRepaintEverything begin mCurrentDCMode:0brightness=1020threshold=260
01-22 19:13:54.973 I/mtkpower_client( 1748): perf_lock_rel, hdl:59731, tid:2280
01-22 19:13:54.974 E/YouTube (16548): Trying to detachMediaView when it wasn't the most recent MediaView Setter
01-22 19:13:54.976 I/mtkpower_client( 1748): perf_lock_acq, hdl:59731, dur:0, num:10, tid:2280
01-22 19:13:54.976 I/libPowerHal(  859): [perfLockRel] hdl:59731, idx:0
01-22 19:13:54.976 I/libPowerHal(  859): [PD] system_server update cmd:1c3c000 param:1
01-22 19:13:54.976 I/libPowerHal(  859): [PD] (more) /proc/mcdi/state set +prefix:enable 1;
01-22 19:13:54.976 I/libPowerHal(  859): [PD] system_server update cmd:2004100 param:2
01-22 19:13:54.978 I/mtkpower_client( 1748): ret_hdl:59734
01-22 19:13:54.983 E/YT.mlplayer(16548): MedialibPlayer.pauseVideo(), STOPPAGE_GENERIC_PAUSE
01-22 19:13:54.984 D/AudioTrack(16548): pause(1042): prior state:STATE_ACTIVE output 21 stream 3 session 5209
01-22 19:13:54.985 D/AAL     ( 1193): 01-22 07:13:54.968 BL=1020,ESS= 256, 
01-22 19:13:54.985 E/YT.mlplayer(16548): MedialibPlayerEvents[38].onPaused()
01-22 19:13:54.990 D/OplusFeatureDCBacklight( 1748): notifySfRepaintEverything begin mCurrentDCMode:0brightness=1020threshold=260
01-22 19:13:54.994 E/YT.mlplayer(16548): MedialibPlayer.blockingStopVideo(),  STOPPAGE_PLAYBACK_SUSPENDED
01-22 19:13:54.995 E/YT.mlplayer(16548): MedialibPlayerEvents[38].onStopped()
01-22 19:13:55.005 E/YT.mlplayer(16548): MedialibPlayer.setMediaView(null)
01-22 19:13:55.007 D/OplusFeatureDCBacklight( 1748): notifySfRepaintEverything begin mCurrentDCMode:0brightness=1020threshold=260
01-22 19:13:55.009 E/YT.qoe  (16548): Pinging https://s.youtube.com/api/stats/qoe?cl=855946263&ei=EClyadqRAeK688EPzd_5uAc&el=shortspage&event=streamingstats&ns=yt&plid=AAZI-jMRRsuvjvwY&stmp=vb%3A1&cpn=DZ4T3zd7uYQCE7z_&welc=CgIIDA%3D%3D&cplatform=mobile&cbr=com.google.android.youtube&cff=SMALL_FORM_FACTOR&c=android&cmodel=CPH2285&cos=Android&soc=Mediatek%3AMT6779&csdk=33&cbrver=21.03.36&cver=21.03.36&cosver=13&cbrand=OPPO&qclc=ChBEWjRUM3pkN3VZUUNFN3pfGgxDZ0lJREElM0QlM0Q&df=132.602:0&conn=132.606:3&cplayer=PLATYPUS&bh=129.761:0.00,130.222:14.32,132.590:20.17,132.604:20.49&cmt=129.761:5.972,130.222:6.822,132.590:7.534,132.604:7.534&cache_bytes=130.222:5381911&mst=129.742:6822&is_offline=129.745:0&sur=129.824:3,132.435:1&bat=132.607:0.710:1&cat=mta%2Csabr&vps=129.761:B,130.222:PL,132.590:PA:sr.18,132.604:SU&bwm=132.590:1953927:0.410&ctmp=api:rt.129.732;clearQ,pcmp:u,ctype:rt.129.739;ytm,mem:tot.95;max.512;free.21;heap.192;hpall.152;hpfree.39,poa:n,vnorm:rt.129.765;rng.-5.42;trkcfg.-8.58;tarcfg.Optional%5B-14.0%5D;mode.TRACK;tar.-14.0;pre.-8.58;ang.-5.42;inpvol.1.0;mult.0.53579664;outvol.0.53579664,mlat:rt.129.767;loadVideo.33322,llv:33,vc:i.127,flags:2,mime_fb:rt.129.754;1,pmqs:dt.5444518;lmq.720;dir.1,vnorm:rt.129.924;rng.-0.0;trkcfg.-8.58;tarcfg.Optional%5B-14.0%5D;trkfmt.-14.0;mode.TRACK;tar.-14.0;pre.-14.0;ang.0.0;inpvol.1.0;mult.1.0;outvol.1.0,cir:rt.129.957;reused.false;reason.CODEC_INIT_REASON_BACKGROUND,dec:c2.mtk.vp9.decoder,bh0:tr1.14.395;tr2.16.816,mlat:rt.132.594;pauseVideo.7448;r.18&spatial=129.741:0:0&seq=3&docid=(scrubbed) 
01-22 19:13:55.009 E/YT.qoe  (16548): &fexp=
01-22 19:13:55.009 V/SystemSensorManagerExtImpl(16548): unRegisterListener by android.view.OrientationEventListener$SensorEventListenerImpl
01-22 19:13:55.009 W/SensorService( 1748): SensorEventConnection sensor handle=1, package = android.view.OrientationEventListener disable
01-22 19:13:55.009 D/SensorService( 1748): SensorDevice::activate: ident=0xb4000079abd4a780, handle=0x00000001, enabled=0, count=9
01-22 19:13:55.009 D/SensorService( 1748): disable index=8
01-22 19:13:55.009 D/SensorService( 1748): 	>>> actuating h/w batch 0x00000001 16666000 0
01-22 19:13:55.010 D/SensorService( 1748): activateHardware = 0
01-22 19:13:55.010 D/SensorService( 1748): ~SensorEventConnection(0xb4000079abd4a780)
01-22 19:13:55.010 D/SensorService( 1748): 12 active sensors
01-22 19:13:55.010 D/SensorService( 1748): removing connection 0xb4000079abd4a780 for sensor[0].handle=0x00000001
01-22 19:13:55.010 D/SensorService( 1748): removing connection 0xb4000079abd4a780 for sensor[1].handle=0x00000004
01-22 19:13:55.010 D/SensorService( 1748): removing connection 0xb4000079abd4a780 for sensor[2].handle=0x00000011
01-22 19:13:55.010 D/SensorService( 1748): removing connection 0xb4000079abd4a780 for sensor[3].handle=0x00000013
01-22 19:13:55.010 D/SensorService( 1748): removing connection 0xb4000079abd4a780 for sensor[4].handle=0x0000001b
01-22 19:13:55.010 D/SensorService( 1748): removing connection 0xb4000079abd4a780 for sensor[5].handle=0x000003e9
01-22 19:13:55.010 D/SensorService( 1748): removing connection 0xb4000079abd4a780 for sensor[6].handle=0x0100004f
01-22 19:13:55.010 D/SensorService( 1748): removing connection 0xb4000079abd4a780 for sensor[7].handle=0x01000051
01-22 19:13:55.010 D/SensorService( 1748): removing connection 0xb4000079abd4a780 for sensor[8].handle=0x01000053
01-22 19:13:55.010 D/SensorService( 1748): removing connection 0xb4000079abd4a780 for sensor[9].handle=0x5f676172
01-22 19:13:55.011 D/SensorService( 1748): removing connection 0xb4000079abd4a780 for sensor[10].handle=0x5f677276
01-22 19:13:55.011 D/SensorService( 1748): removing connection 0xb4000079abd4a780 for sensor[11].handle=0x5f6c696e
01-22 19:13:55.016 D/AF::TrackBase(  961): track(0xb4000075a4f9ec00) pause signal - released
01-22 19:13:55.016 D/AudioTrackExtImpl(16548): clearAudioBoostTid
01-22 19:13:55.017 D/AudioFlingerExtImpl(  961): audioShcedBoost after setUx(pid:16548, tid:19854)
01-22 19:13:55.017 D/AudioFlinger(  961): AudioFlinger::audioSchedBoost
01-22 19:13:55.017 D/AudioTrackExtImpl(16548): clearAudioBoostTid  pid 16548  tid 19854
01-22 19:13:55.017 D/AudioFlingerExtImpl(  961): audioShcedBoost after setUx(pid:16548, tid:32190)
01-22 19:13:55.017 D/AudioFlinger(  961): AudioFlinger::audioSchedBoost
01-22 19:13:55.018 D/AudioTrackExtImpl(16548): clearAudioBoostTid  pid 16548  tid 32190
01-22 19:13:55.023 D/OplusFeatureDCBacklight( 1748): notifySfRepaintEverything begin mCurrentDCMode:0brightness=1020threshold=260
01-22 19:13:55.028 I/charon  (10534): 4759[JOB] [acquire_alarm_timer_wake_lock()  412] Acquire wake lock(fd:-1, result: 1, errno:9)
01-22 19:13:55.028 I/charon  (10534): 03[JOB] [schedule()  269] Job timer expiry(now:121976, event->time:121976), queuing job for execution
01-22 19:13:55.028 I/charon  (10534): 11[IKE] <pdn_1_23|23> [send_keepalive()  760] NATT keepalive through charon is enabled, interval:20
01-22 19:13:55.028 I/charon  (10534): 11[IKE] <pdn_1_23|23> [send_keepalive()  780] sending keep alive to 49.44.190.250[4500]
01-22 19:13:55.028 I/charon  (10534): 11[JOB] <pdn_1_23|23> [schedule_job_tv()  506] Put the job(expire at 121996) in heap position:1, next expired job:121996
01-22 19:13:55.029 I/charon  (10534): 11[JOB] [release_alarm_timer_wake_lock()  391] Release wake lock(fd:-1, result: 1, errno:9)
01-22 19:13:55.031 I/ReactNativeJS(16919): DEBUG: Starting category flow initialization...
01-22 19:13:55.031 I/ReactNativeJS(16919): 'DEBUG: Current user:', null
01-22 19:13:55.031 I/ReactNativeJS(16919): 'DEBUG: Current isCategoryCompleted:', false
01-22 19:13:55.031 I/ReactNativeJS(16919): DEBUG: Loading category preference from storage...
01-22 19:13:55.035 V/WindowManager( 1748): Relayout Window{ebeb829 u0 com.google.android.youtube/com.google.android.youtube.app.honeycomb.Shell$HomeActivity}: viewVisibility=8, oldvis=8, req=1080x2400
01-22 19:13:55.038 E/OplusCustomizeRestrictionManager(16919): sInstance is null, start a new sInstance
01-22 19:13:55.039 D/OplusFeatureDCBacklight( 1748): notifySfRepaintEverything begin mCurrentDCMode:0brightness=1021threshold=260
01-22 19:13:55.044 D/AudioTrack(16548): flush(1042): prior state:STATE_PAUSED
01-22 19:13:55.044 D/AudioTrack(16548): stop(1042): prior state:STATE_FLUSHED output 21 stream 3 session 5209
01-22 19:13:55.045 D/CompatibilityChangeReporter(16919): Compat change id reported: 210923482; UID 10851; state: ENABLED
01-22 19:13:55.045 D/AudioTrack(16548): ~AudioTrack(1042), releasing mStatus =0 session id 5209 from 16548 on behalf of 16548
01-22 19:13:55.045 D/AudioTrack(16548): stop(1042): prior state:STATE_FLUSHED output 21 stream 3 session 5209
01-22 19:13:55.046 I/AudioTrack(16548): stopAndJoinCallbacks(1042) done
01-22 19:13:55.046 D/AudioTrackExtImpl(16548): clearAudioBoostTid
01-22 19:13:55.052 D/AALCust ( 1193): aal_backlight_bits, specialConfig:12
01-22 19:13:55.052 D/AAL     ( 1193): onBacklightChanged: 1020/1023 -> 1021/1023(phy:1021/4095)
01-22 19:13:55.056 I/InputReader( 1748): theia saupwkProcessKey
01-22 19:13:55.056 I/InputReader( 1748): theia start saupwkProcessKey
01-22 19:13:55.056 E/system_server( 1748): [theia_saupwk] start saupwkProcessKey
01-22 19:13:55.057 D/PhoneWindowManagerExtImpl( 1748): interceptKeyBeforeQueueing:KeyEvent { action=ACTION_DOWN, keyCode=KEYCODE_VOLUME_DOWN, scanCode=114, metaState=0, flags=0x8, repeatCount=0, eventTime=85633558052000, downTime=85633558052000, deviceId=2, source=0x101, displayId=-1 }   mIsUpGestureMode = false,  keyguardOn = false,  screenOn = true,  DisableBottomKeyMode = 0,  policyFlags = 570425344,  SosPowerKeyEnabled = true,  WalletSwitchState = 0,  IsQuickLaunchSupport = true,  canceled = false
01-22 19:13:55.057 D/OplusKeyCombinationManager( 1748): down true keyCode 25 count 0 interactive true eventTime 85633558 mDownTimes: {}
01-22 19:13:55.057 W/ContextImpl( 1748): Calling a method in the system process without a qualified user: android.app.ContextImpl.sendBroadcast:1205 com.android.server.policy.PhoneWindowManagerExtImpl.overrideInterceptKeyBeforeQueueing:940 com.android.server.policy.SubPhoneWindowManager.interceptKeyBeforeQueueing:44 com.android.server.wm.InputManagerCallback.interceptKeyBeforeQueueing:146 com.android.server.input.InputManagerService.interceptKeyBeforeQueueing:3084 
01-22 19:13:55.058 D/OplusFeatureDCBacklight( 1748): notifySfRepaintEverything begin mCurrentDCMode:0brightness=1021threshold=260
01-22 19:13:55.059 D/OplusFullScreenDisplayManager( 1748): adjustWindowParamsLw com.wholexale.app.staging, no change cutoutMode: 0
01-22 19:13:55.060 V/WindowManager( 1748): Relayout Window{aceeddc u0 com.wholexale.app.staging/com.wholexale.app.MainActivity}: viewVisibility=0, oldvis=0, req=1080x2400
01-22 19:13:55.064 D/BtGatt.ScanManager( 3256): uid 10128 isForeground true scanMode 1
01-22 19:13:55.064 I/OplusCustomScanStrategy( 3256): msg.what = 6
01-22 19:13:55.069 V/WindowManager( 1748): Relayout Window{6a3356d u0 Splash Screen com.wholexale.app.staging}: viewVisibility=8, oldvis=0, req=1080x2400
01-22 19:13:55.070 I/OplusJoystickManager( 1748): read game pad state for game manager -> false
01-22 19:13:55.070 W/OplusJoystickManager( 1748): mInterceptGamepadKey is false
01-22 19:13:55.071 D/WindowManager( 1748): interceptKeyTq keycode=25 interactive=true keyguardActive=false policyFlags=22000000
01-22 19:13:55.071 D/KeyCombinationManager( 1748): down true keyCode 25 count 0 interactive true eventTime 85633558 mDownTimes: {}
01-22 19:13:55.071 I/VibratorManagerServiceExtImpl( 1748): cancelVibrate uid=1000, pid=1748, usageFilter=-15, token=201252634
01-22 19:13:55.072 D/PowerManagerService( 1748): userActivityNoUpdateLocked: groupId=0, eventTime=85633558, event=1, flags=0x0, uid=1000
01-22 19:13:55.073 E/OplusSplitScreenManagerService( 1748): shouldInterceptBackKeyForSplitScreen error! connection is null
01-22 19:13:55.074 I/FontLog (20067): (REDACTED) Received query %s, URI %s
01-22 19:13:55.074 D/OplusFeatureDCBacklight( 1748): notifySfRepaintEverything begin mCurrentDCMode:0brightness=1021threshold=260
01-22 19:13:55.074 I/FontLog (20067): (REDACTED) Query [%s] resolved to %s
01-22 19:13:55.074 I/ReactNativeJS(16919): 'Retrieved category preference from AsyncStorage:', null
01-22 19:13:55.077 I/FontLog (20067): (REDACTED) Fetch %s end status %s
01-22 19:13:55.081 D/AudioFlinger(  961): 0xb40000759080dbc0:threadLoop_write write muted data to hw, mixerStatus 0 start, mId 21, mBytesWritten 933888
01-22 19:13:55.084 D/BLASTBufferQueue( 2225): [VRI[staging][Splash Screen com.wholexale.app.staging]#1860](f:0,a:1) destructor()
01-22 19:13:55.084 D/BufferQueueConsumer( 2225): [VRI[staging][Splash Screen com.wholexale.app.staging]#1860(BLAST Consumer)1860](id:8b100000754,api:0,p:-1,c:2225) disconnect
01-22 19:13:55.085 D/OplusScrollToTopManager( 2225): unregisterGuidePopupDismissReceiverInSystemUI
01-22 19:13:55.085 D/OplusScrollToTopManager( 2225): Receiver not registered: android.view.OplusScrollToTopManager$1@56ca07b
01-22 19:13:55.085 D/OplusScrollToTopManager( 2225): unregisterSystemUIBroadcastReceiver 
01-22 19:13:55.085 D/OplusScrollToTopManager( 2225): java.lang.IllegalArgumentException: Receiver not registered: android.view.OplusScrollToTopManager$2@247fe98
01-22 19:13:55.085 V/ZoomWindowDecorView( 2225): removeZoomView
01-22 19:13:55.086 I/ReactNativeJS(16919): 'DEBUG: Category preference loaded. Result:', { type: 'category/loadCategoryPreference/fulfilled',
01-22 19:13:55.086 I/ReactNativeJS(16919):   payload: { categoryId: null, categoryDetails: null, isCompleted: false },
01-22 19:13:55.086 I/ReactNativeJS(16919):   meta: 
01-22 19:13:55.086 I/ReactNativeJS(16919):    { arg: undefined,
01-22 19:13:55.086 I/ReactNativeJS(16919):      requestId: '4Vhv-L68iO5IK_Z_8xcMO',
01-22 19:13:55.086 I/ReactNativeJS(16919):      requestStatus: 'fulfilled' } }
01-22 19:13:55.086 I/ReactNativeJS(16919): DEBUG: Checking if category selection should be shown...
01-22 19:13:55.086 I/ReactNativeJS(16919): 'DEBUG: Current user state:', null
01-22 19:13:55.086 I/ReactNativeJS(16919): 'DEBUG: Current isCategoryCompleted:', false
01-22 19:13:55.086 I/ReactNativeJS(16919): 'DEBUG: isFirstTimeUser calculated as:', true
01-22 19:13:55.081 I/DiscoveryManager(20067): Discovery state (DiscoveryState{filterCriteria=null, categoryToCriteria={}, activeScan=false, activeScanWithScreenOff=false, discoveryRequestSupportsDynamicSession=false})
01-22 19:13:55.087 I/FontLog (20067): (REDACTED) Pulling font file for id = %d, cache size = %d
01-22 19:13:55.089 W/DatabaseProcessor(20067): processLocalDevices: failed to get the network info with non-null networkId.
01-22 19:13:55.090 I/DiscoveryManager(20067): Discovery state (DiscoveryState{filterCriteria=null, categoryToCriteria={}, activeScan=false, activeScanWithScreenOff=false, discoveryRequestSupportsDynamicSession=false})
01-22 19:13:55.090 W/DatabaseProcessor(20067): processLocalDevices: failed to get the network info with non-null networkId.
01-22 19:13:55.091 D/CoreBackPreview( 1748): Window{6a3356d u0 Splash Screen com.wholexale.app.staging EXITING}: Setting back callback null
01-22 19:13:55.095 D/OplusFeatureDCBacklight( 1748): notifySfRepaintEverything begin mCurrentDCMode:0brightness=1021threshold=260
01-22 19:13:55.096 I/FontLog (20067): (REDACTED) Pulling font file for id = %d, cache size = %d
01-22 19:13:55.097 W/AxMediaRouter(16548): Ignoring null provider descriptor from ComponentInfo{com.google.android.gms/com.google.android.gms.cast.media.CastMediaRouteProviderService_Persistent}
01-22 19:13:55.097 W/AxMediaRouter(16548): Ignoring null provider descriptor from ComponentInfo{com.google.android.gms/com.google.android.gms.cast.media.CastMediaRoute2ProviderService_Persistent}
01-22 19:13:55.098 I/serviceDiscovery( 1748): [MdnsDiscoveryManager] Unregistering listener for serviceType:_googlecast._tcp.local
01-22 19:13:55.099 I/WifiService( 1748): releaseMulticastLock uid=10128
01-22 19:13:55.099 I/serviceDiscovery( 1748): [MdnsDiscoveryManager] Unregistering listener for serviceType:_googlecast._tcp.local
01-22 19:13:55.099 W/InputManager-JNI( 1748): Input channel object '6a3356d Splash Screen com.wholexale.app.staging (client)' was disposed without first being removed with the input manager!
01-22 19:13:55.100 I/ReactNativeJS(16919): 'Retrieved category preference from AsyncStorage:', null
01-22 19:13:55.100 I/WifiService( 1748): releaseMulticastLock uid=1000
01-22 19:13:55.100 I/ReactNativeJS(16919): 'DEBUG: Category flow check result:', { shouldShow: true,
01-22 19:13:55.100 I/ReactNativeJS(16919):   reason: 'first_time_user',
01-22 19:13:55.100 I/ReactNativeJS(16919):   user: false,
01-22 19:13:55.100 I/ReactNativeJS(16919):   isCategoryCompleted: false }
01-22 19:13:55.100 I/ReactNativeJS(16919): DEBUG: Updating Redux state with category selection decision...
01-22 19:13:55.101 I/serviceDiscovery( 1748): [MdnsSocketProvider] Stop monitoring sockets.
01-22 19:13:55.101 I/TetheringManager( 1748): unregisterTetheringEventCallback caller:android
01-22 19:13:55.102 D/IpClient.wlan0( 2425): set max DTIM multiplier to 2
01-22 19:13:55.102 I/wpa_supplicant(12239): wpa_driver_nl80211_driver_cmd: wlan0 recv cmd RXFILTER-STOP
01-22 19:13:55.102 D/wpa_supplicant(12239): nl80211 test mode: ifindex=34
01-22 19:13:55.105 D/OplusFeatureDCBacklight( 1748): notifySfRepaintEverything begin mCurrentDCMode:0brightness=1021threshold=260
01-22 19:13:55.106 D/Layer   (  966): reparent to null sequence=24450, seq[37], name=Surface(name=aceeddc com.wholexale.app.staging/com.wholexale.app.MainActivity)/@0xde91c74 - animation-leash of starting_reveal#24450
01-22 19:13:55.107 I/wpa_supplicant(12239): wpa_driver_nl80211_driver_cmd: wlan0 recv cmd RXFILTER-REMOVE 2
01-22 19:13:55.107 D/wpa_supplicant(12239): nl80211 test mode: ifindex=34
01-22 19:13:55.108 I/wpa_supplicant(12239): wpa_driver_nl80211_driver_cmd: wlan0 recv cmd RXFILTER-START
01-22 19:13:55.108 D/wpa_supplicant(12239): nl80211 test mode: ifindex=34
01-22 19:13:55.113 I/Athena  ( 2605): CommonAction: 21,2114,123,0,0,0,546,0,2964,1908,960,1053
01-22 19:13:55.114 D/OplusAtlas.OplusAtlasEventDispatch( 3300): setEvent:atlas_event_on_foreground_activities_changed info:pid:16548,uid:10141,hasForegroundActivities:0
01-22 19:13:55.114 D/OplusAtlas.OplusAudioScene( 3300): callback success event:atlas_event_on_foreground_activities_changed eventInfo:pid:16548,uid:10141,hasForegroundActivities:0
01-22 19:13:55.114 V/DeepThinker( 5470): ProcessManager: onForegroundActivitiesChanged pid:16548, uid:10141, foregroundActivities:false
01-22 19:13:55.115 D/OplusAtlas.OplusMessageHandler( 3300): handleMessage: Msg { when=0 what=2 obj=com.oplus.atlas.OplusAtlasEvent@bfc4e4c target=com.oplus.atlas.OplusMessageHandler$MyHandler }
01-22 19:13:55.118 D/OplusScrollToTopManager(16548): postShowGuidePopupRunnable value = guide_popup_dismiss_by_user_value
01-22 19:13:55.119 D/OplusAtlasService( 3300): getAttributeByAppName module:oplus-getStreamMaxVolume packageName:com.google.android.youtube
01-22 19:13:55.121 D/OplusFeatureDCBacklight( 1748): notifySfRepaintEverything begin mCurrentDCMode:0brightness=1021threshold=260
01-22 19:13:55.121 I/ReactNativeJS(16919): DEBUG: Category flow initialization completed
01-22 19:13:55.123 D/Layer   (  966): reparent to null sequence=24427, seq[8], name=com.google.android.youtube/com.google.android.youtube.app.honeycomb.Shell$HomeActivity#24427
01-22 19:13:55.124 I/BufferQueueDebug(  966): [com.google.android.youtube/com.google.android.youtube.app.honeycomb.Shell$HomeActivity#24427](this:0xb40000701dbfe9e8,id:-1,api:0,p:-1,c:966) onDestructor()
01-22 19:13:55.124 D/AudioManagerExtImpl(16548): getStreamVolume normal, volume index=6
01-22 19:13:55.124 D/OplusLayer(  966): ~Layer() sequence=24427, name=com.google.android.youtube/com.google.android.youtube.app.honeycomb.Shell$HomeActivity#24427
01-22 19:13:55.124 D/OplusLayer(  966): ~Layer() sequence=24430, name=Bounds for - com.google.android.youtube/com.google.android.youtube.app.honeycomb.Shell$HomeActivity#24430
01-22 19:13:55.142 D/OplusFeatureDCBacklight( 1748): notifySfRepaintEverything begin mCurrentDCMode:0brightness=1021threshold=260
01-22 19:13:55.158 E/PhoneManager.SimilarPhotoScanner(15743):  createClient() not support
01-22 19:13:55.159 D/OplusFeatureDCBacklight( 1748): notifySfRepaintEverything begin mCurrentDCMode:0brightness=1021threshold=260
01-22 19:13:55.173 D/OplusFeatureDCBacklight( 1748): notifySfRepaintEverything begin mCurrentDCMode:0brightness=1021threshold=260
01-22 19:13:55.189 W/PhoneManager.VirusRomUpdateUtil(15743): readVirusWhiteListMD5() VIRUS_CONFIG_LIST_FILE not exist.
01-22 19:13:55.191 W/PhoneManager.VirusRomUpdateUtil(15743): readCloudBlackList() VIRUS_CONFIG_LIST_FILE not exist.
01-22 19:13:55.194 E/ActivityThread(15743): Failed to find provider info for com.oplus.securitypermission.AppControlCenterProvider
01-22 19:13:55.195 D/PowerManagerService( 1748): userActivityNoUpdateLocked: groupId=0, eventTime=85633696, event=0, flags=0x0, uid=10105
01-22 19:13:55.199 D/OplusFeatureDCBacklight( 1748): notifySfRepaintEverything begin mCurrentDCMode:0brightness=1021threshold=260
01-22 19:13:55.205 W/unknown:ReactNative(16919): Attempt to set local data for view with unknown tag: -1
01-22 19:13:55.205 W/unknown:ReactNative(16919): Attempt to set local data for view with unknown tag: -1
01-22 19:13:55.205 W/unknown:ReactNative(16919): Attempt to set local data for view with unknown tag: -1
01-22 19:13:55.205 W/unknown:ReactNative(16919): Attempt to set local data for view with unknown tag: -1
01-22 19:13:55.207 D/OplusFeatureDCBacklight( 1748): notifySfRepaintEverything begin mCurrentDCMode:0brightness=1021threshold=260
01-22 19:13:55.208 E/OplusSplitScreenManagerService( 1748): shouldInterceptBackKeyForSplitScreen error! connection is null
01-22 19:13:55.211 D/MediaSessionService( 1748): dispatchVolumeKeyEvent, pkg=com.wholexale.app.staging, opPkg=com.wholexale.app.staging, pid=16919, uid=10851, asSystem=true, event=KeyEvent { action=ACTION_DOWN, keyCode=KEYCODE_VOLUME_DOWN, scanCode=114, metaState=0, flags=0x8, repeatCount=0, eventTime=85633558052000, downTime=85633558052000, deviceId=2, source=0x101, displayId=-1 }, stream=-2147483648, musicOnly=false
01-22 19:13:55.212 D/MediaSessionService( 1748): Adjusting suggestedStream=-2147483648 by -1. flags=4113, preferSuggestedStream=false, session=null, musicOnly false
01-22 19:13:55.214 D/AudioServiceExtImpl( 1748): ringVolumeDefault :0
01-22 19:13:55.214 D/AudioServiceExtImpl( 1748): oplusGetParameters() keyValuePairs:OPLUS_AUDIO_GET_ADJUSTVOLUME_FORBID, uid: 1000
01-22 19:13:55.221 V/DeepThinker( 5470): BroadcastReceiverWrapper: onReceive, start dispatch android.media.VOLUME_CHANGED_ACTION
01-22 19:13:55.224 D/OplusFeatureDCBacklight( 1748): notifySfRepaintEverything begin mCurrentDCMode:0brightness=1021threshold=260
01-22 19:13:55.229 D/AudioFlinger_PlaybackThreadExtImpl(  961): notifyAudioTrackRemove event:atlas_event_audio_track_distroy info:pid:16548,sessionId:5209,streamType:3,sampleRate:48000,flags:8,deviceTypes:2,hasFastMixer:0
01-22 19:13:55.229 D/AtlasEventUploadUtils(  961): setEvent event:atlas_event_audio_track_distroy
01-22 19:13:55.229 D/AudioFlingerExtImpl(  961): removeAudioSessionUidMap, remove 5209, map size 1
01-22 19:13:55.229 W/BroadcastQueue( 1748): Background execution not allowed: receiving Intent { act=android.media.VOLUME_CHANGED_ACTION flg=0x14000010 (has extras) } to com.truecaller/net.pubnative.lite.sdk.receiver.VolumeChangedActionReceiver
01-22 19:13:55.229 D/AFExtImpl(  961): ~TrackInfo() 0xb4000075a4ef3300
01-22 19:13:55.229 D/OplusAtlas.OplusAtlasEventDispatch( 3300): setEvent:atlas_event_audio_track_distroy info:pid:16548,sessionId:5209,streamType:3,sampleRate:48000,flags:8,deviceTypes:2,hasFastMixer:0
01-22 19:13:55.229 D/AFExtImpl(  961): clearDumpBuffer() 0xb4000075a4ef3300, mDumpBufferCount 0
01-22 19:13:55.230 D/AudioPolicyManagerCustomImpl(  961): hifiAudio_stopOutputSamplerate() -output = 1042 -samplerate = 48000 mPrimaryOutput = 13 HifiState = 1
01-22 19:13:55.230 D/APM_AudioPolicyManager(  961): stopOutput portId 1042
01-22 19:13:55.230 D/AudioFlinger(  961): updateWakeLockUids_l AudioOut_15 uids:
01-22 19:13:55.230 D/APM_AudioPolicyManager(  961): stopOutput() output 21, stream 3, session 5209
01-22 19:13:55.231 D/APM_AudioPolicyManager(  961): setOutputDevice() output 21 device AUDIO_DEVICE_NONE force 0 delayMs 256
01-22 19:13:55.231 W/AudioPolicyManagerCustomImpl(  961): [MTK_APM_Route]setOutputDevices() mIoHandle 21 mId 5 device (0x2)(0x1, 0x2, 0x4, 0x8, 0x10, 0x20, 0x40, 0x4000, 0x4000000) delayMs 256 force 0 size 5
01-22 19:13:55.232 D/OplusAtlas.OplusMessageHandler( 3300): handleMessage: Msg { when=-3ms what=2 arg1=16548 arg2=3 target=com.oplus.atlas.OplusMessageHandler$MyHandler }
01-22 19:13:55.233 D/OplusAtlasService( 3300): myHandleMessage: Msg { when=-3ms what=2 arg1=16548 arg2=3 target=com.oplus.atlas.OplusMessageHandler$MyHandler }
01-22 19:13:55.234 D/OplusAtlas.OplusMessageHandler( 3300): handleMessage: Msg { when=0 what=2 arg1=16548 arg2=3 obj=com.oplus.atlas.OplusAtlasEvent@510ae95 target=com.oplus.atlas.OplusMessageHandler$MyHandler }
01-22 19:13:55.235 V/DeepThinker( 5470): BroadcastReceiverWrapper: onReceive, start dispatch android.media.VOLUME_CHANGED_ACTION
01-22 19:13:55.235 D/GameAudioEffects(  961): hasAliveFastEffectTracks  return (0)
01-22 19:13:55.235 D/AudioPolicyManagerExtImpl(  961): oplusSelectOutputForMusicEffects: pendingOutput  => 13  flags => 0x00000002  outputTageName =>primary output outputs.size(4) older music effect ouput(21), hasAliveGameTracks(0)
01-22 19:13:55.235 D/AudioPolicyManagerExtImpl(  961): oplusSelectOutputForMusicEffects pending music output is low latency output, but no alive fast effect tracks, block effectchain fallback to primary, set deepbuffer as defaultEffectsOutput instead
01-22 19:13:55.235 D/APM_AudioPolicyManager(  961): [MTK_APM_Output]releaseOutput() 21 portId 1042
01-22 19:13:55.240 W/BroadcastQueue( 1748): Background execution not allowed: receiving Intent { act=android.media.VOLUME_CHANGED_ACTION flg=0x14000010 (has extras) } to com.truecaller/net.pubnative.lite.sdk.receiver.VolumeChangedActionReceiver
01-22 19:13:55.242 D/ScrollOptimizationHelper(16919): can't find the config file for optimizaiton
01-22 19:13:55.242 I/WindowStateExtImpl( 1748): onSurfaceShowChange show = false mPackageName = com.wholexale.app.staging parentPkgName = com.wholexale.app.staging
01-22 19:13:55.242 D/ScrollOptimizationHelper(16919): will not debug for debug is false
01-22 19:13:55.243 D/CompatibilityChangeReporter(16919): Compat change id reported: 171228096; UID 10851; state: ENABLED
01-22 19:13:55.243 I/oplus.android.OplusFrameworkFactoryImpl(16919): get feature:IOplusDynamicVsyncFeature
01-22 19:13:55.243 I/oplus.android.OplusFrameworkFactoryImpl(16919): get feature:IOplusDynamicVsyncFeature
01-22 19:13:55.243 I/oplus.android.OplusFrameworkFactoryImpl(16919): get feature:IOplusDynamicVsyncFeature
01-22 19:13:55.244 D/OplusDiracService( 3347): mrDiracEffectBroadcastReceiver action = android.Multimedia.AudioEffect.AudioTrack_BROADCAST
01-22 19:13:55.244 D/OplusDiracService( 3347): +new tast
01-22 19:13:55.244 D/OplusDiracService( 3347): -new tast
01-22 19:13:55.244 D/DiracDetectSceneService-v2.0( 3347): Task.run,effectenable = true
01-22 19:13:55.244 W/unknown:ViewManagerPropertyUpdater(16919): Could not find generated setter for class com.swmansion.rnscreens.ScreensShadowNode
01-22 19:13:55.245 I/zygote  (  819): Delayed USAP Pool refill. New USAPs: 1
01-22 19:13:55.245 E/ActivityThread(15743): Failed to find provider info for com.oplus.securitypermission.AppControlCenterProvider
01-22 19:13:55.245 W/PhoneManager.AppControlRepository(15743): getAppControlledAppList, provider not found
01-22 19:13:55.248 D/OplusFeatureDCBacklight( 1748): notifySfRepaintEverything begin mCurrentDCMode:0brightness=1021threshold=260
01-22 19:13:55.248 E/ActivityThread(15743): Failed to find provider info for com.oplus.securityguard.SecurityEventProvider
01-22 19:13:55.248 W/PhoneManager.SecurityGuardRiskAppSyncUtil(15743): notifyRiskAppRemoved provider null
01-22 19:13:55.249 V/ListServiceUtils(  961): checkInListByUid start module:allow-get-parameters uid:10342  time 85633750345us
01-22 19:13:55.249 D/MMListService( 1164): checkInListByUid end module:allow-get-parameters uid:10342 time 85633750494
01-22 19:13:55.249 V/ListServiceUtils(  961): checkInListByUid end module:allow-get-parameters uid:10342  time 85633750581us
01-22 19:13:55.249 D/ListServiceUtils(  961): checkInListByUid module:allow-get-parameters uid:10342 cost 235us return 1
01-22 19:13:55.249 D/DiracDetectSceneService-v2.0( 3347): checkAndSetDirac : activeAudioPids = null
01-22 19:13:55.249 D/OplusDiracService( 3347): setDiracEffectInternal ++++ enable = false mode = MOVIE mSceneModeForUI:AUTO
01-22 19:13:55.249 D/OplusDiracService( 3347): isHeadsetOn mWiredHeadsetOn:false mA2dpConnected:false
01-22 19:13:55.249 D/OplusDiracService( 3347): isHeadsetOn mWiredHeadsetOn:false mA2dpConnected:false
01-22 19:13:55.249 D/OplusDiracService( 3347): isHeadsetOn mWiredHeadsetOn:false mA2dpConnected:false
01-22 19:13:55.249 D/OplusDiracService( 3347): isHeadsetOn mWiredHeadsetOn:false mA2dpConnected:false
01-22 19:13:55.249 D/OplusDiracService( 3347): isHeadsetOn mWiredHeadsetOn:false mA2dpConnected:false
01-22 19:13:55.249 D/OplusDiracService( 3347): setDisabled INTERNAL
01-22 19:13:55.250 W/libc    ( 2495): Access denied finding property "odm.dirac.acs.storeSettings"
01-22 19:13:55.250 W/libc    ( 2495): Access denied finding property "persist.odm.dirac.acs.storeSettings"
01-22 19:13:55.250 D/OplusThermalStats( 1748): onReceive: act = android.media.VOLUME_CHANGED_ACTION
01-22 19:13:55.250 D/OplusThermalStats( 1748): onReceive: act = android.media.VOLUME_CHANGED_ACTION
01-22 19:13:55.251 D/AudioManagerExtImpl(17538): getStreamVolume packageName=com.snapchat.android, index=5, streamType=3
01-22 19:13:55.251 I/vol.Events( 2225): writeEvent level_changed STREAM_MUSIC 5
01-22 19:13:55.252 E/audio_pcm_dump(  961): check_pcm_path : create path /data/persist_log fail 17
01-22 19:13:55.252 E/audio_pcm_dump(  961): check_pcm_path failed.
01-22 19:13:55.252 E/audio_pcm_dump(  961): check_pcm_path : create path /data/persist_log fail 17
01-22 19:13:55.252 E/audio_pcm_dump(  961): check_pcm_path failed.
01-22 19:13:55.253 I/vol.Events( 2225): writeEvent key STREAM_MUSIC 5
01-22 19:13:55.254 E/PhoneManager.VirusCommonUtils(15743):  java.lang.NoSuchMethodException: android.os.ISecurityPermissionService$Stub$Proxy.putRiskAppList [class android.os.Bundle]
01-22 19:13:55.254 E/PhoneManager.VirusCommonUtils(15743): 	at java.lang.Class.getMethod(Class.java:2934)
01-22 19:13:55.254 E/PhoneManager.VirusCommonUtils(15743): 	at java.lang.Class.getDeclaredMethod(Class.java:2913)
01-22 19:13:55.254 E/PhoneManager.VirusCommonUtils(15743): 	at com.oplus.phonemanager.virusdetect.util.VirusCommonUtils$sendVirusToOplusPermission$1.invokeSuspend(VirusCommonUtils.kt:329)
01-22 19:13:55.254 E/PhoneManager.VirusCommonUtils(15743): 	at kotlin.coroutines.jvm.internal.BaseContinuationImpl.resumeWith(ContinuationImpl.kt:11)
01-22 19:13:55.254 E/PhoneManager.VirusCommonUtils(15743): 	at kotlinx.coroutines.DispatchedTask.run(DispatchedTask.kt:129)
01-22 19:13:55.254 E/PhoneManager.VirusCommonUtils(15743): 	at kotlinx.coroutines.internal.LimitedDispatcher$Worker.run(LimitedDispatcher.kt:4)
01-22 19:13:55.254 E/PhoneManager.VirusCommonUtils(15743): 	at kotlinx.coroutines.scheduling.TaskImpl.run(Tasks.kt:3)
01-22 19:13:55.254 E/PhoneManager.VirusCommonUtils(15743): 	at kotlinx.coroutines.scheduling.CoroutineScheduler.runSafely(CoroutineScheduler.kt:1)
01-22 19:13:55.254 E/PhoneManager.VirusCommonUtils(15743): 	at kotlinx.coroutines.scheduling.CoroutineScheduler$Worker.executeTask(CoroutineScheduler.kt:15)
01-22 19:13:55.254 E/PhoneManager.VirusCommonUtils(15743): 	at kotlinx.coroutines.scheduling.CoroutineScheduler$Worker.runWorker(CoroutineScheduler.kt:29)
01-22 19:13:55.254 E/PhoneManager.VirusCommonUtils(15743): 	at kotlinx.coroutines.scheduling.CoroutineScheduler$Worker.run(CoroutineScheduler.kt:1)
01-22 19:13:55.255 D/APM_AudioPolicyManager(  961): setVolumeCurveIndex device 00000002, index 5
01-22 19:13:55.256 D/Layer   (  966): reparent to null sequence=24439, seq[5], name=Splash Screen com.wholexale.app.staging#24439
01-22 19:13:55.256 D/Zygote  (  819): Forked child process 19957
01-22 19:13:55.257 D/OplusFeatureDCBacklight( 1748): notifySfRepaintEverything begin mCurrentDCMode:0brightness=1021threshold=260
01-22 19:13:55.259 V/ListServiceUtils(  961): checkInListByUid start module:allow-get-parameters uid:10105  time 85633760285us
01-22 19:13:55.259 D/MMListService( 1164): checkInListByUid end module:allow-get-parameters uid:10105 time 85633760471
01-22 19:13:55.259 V/ListServiceUtils(  961): checkInListByUid end module:allow-get-parameters uid:10105  time 85633760754us
01-22 19:13:55.259 D/ListServiceUtils(  961): checkInListByUid module:allow-get-parameters uid:10105 cost 469us return 1
01-22 19:13:55.259 D/APM_AudioPolicyManager(  961): setVolumeCurveIndex device 00000002, index 5
01-22 19:13:55.260 I/DispPerfService(  966): updateLayerMask 0
01-22 19:13:55.261 D/APM_AudioPolicyManager(  961): setVolumeCurveIndex device 00000002, index 5
01-22 19:13:55.261 D/APM_AudioPolicyManager(  961): setVolumeCurveIndex device 00000002, index 5
01-22 19:13:55.264 D/AudioManagerExtImpl(17538): getStreamVolume packageName=com.snapchat.android, index=5, streamType=3
01-22 19:13:55.264 D/OplusThermalStats( 1748): onReceive: act = android.media.VOLUME_CHANGED_ACTION
01-22 19:13:55.264 D/PowerManagerService( 1748): userActivityNoUpdateLocked: groupId=0, eventTime=85633765, event=0, flags=0x0, uid=10105
01-22 19:13:55.265 D/OplusThermalStats( 1748): onReceive: act = android.media.VOLUME_CHANGED_ACTION
01-22 19:13:55.266 V/DeepThinker( 5470): BroadcastReceiverWrapper: onReceive, start dispatch android.media.VOLUME_CHANGED_ACTION
01-22 19:13:55.266 W/BroadcastQueue( 1748): Background execution not allowed: receiving Intent { act=android.media.VOLUME_CHANGED_ACTION flg=0x14000010 (has extras) } to com.truecaller/net.pubnative.lite.sdk.receiver.VolumeChangedActionReceiver
01-22 19:13:55.266 V/DeepThinker( 5470): BroadcastReceiverWrapper: onReceive, start dispatch android.media.VOLUME_CHANGED_ACTION
01-22 19:13:55.267 W/BroadcastQueue( 1748): Background execution not allowed: receiving Intent { act=android.media.VOLUME_CHANGED_ACTION flg=0x14000010 (has extras) } to com.truecaller/net.pubnative.lite.sdk.receiver.VolumeChangedActionReceiver
01-22 19:13:55.270 V/DeepThinker( 5470): BroadcastReceiverWrapper: onReceive, start dispatch android.media.ACTION_AUDIO_PLAYBACK_STATE_CHANGED
01-22 19:13:55.270 D/AudioManagerExtImpl( 1748): getStreamVolume normal, volume index=5
01-22 19:13:55.272 D/Layer   (  966): reparent to null sequence=24438, seq[3], name=6a3356d Splash Screen com.wholexale.app.staging#24438
01-22 19:13:55.272 W/Battery ( 4587): DeepThinkerProxy: onEventStateChanged DeviceEventResult :	eventType is :205	eventStateType is :1	pid is : 16548		packageName is : com.google.android.youtube
