01-22 19:09:56.266 D/PipelineWatcher(16548): onWorkDone: frameIndex not found (18446744073709551615); ignored
01-22 19:09:56.266 D/OplusTelephonyController( 2568): onSignalStrengthChanged: SignalStrength=SignalStrength:{mCdma=CellSignalStrengthCdma: cdmaDbm=2147483647 cdmaEcio=2147483647 evdoDbm=2147483647 evdoEcio=2147483647 evdoSnr=2147483647 level=0,mGsm=CellSignalStrengthGsm: rssi=2147483647 ber=2147483647 mTa=2147483647 mLevel=0,mWcdma=CellSignalStrengthWcdma: ss=2147483647 ber=2147483647 rscp=2147483647 ecno=2147483647 level=0,mTdscdma=CellSignalStrengthTdscdma: rssi=2147483647 ber=2147483647 rscp=2147483647 level=0,mLte=CellSignalStrengthLte: rssi=2147483647 rsrp=-110 rsrq=-10 rssnr=2 cqiTableIndex=2147483647 cqi=0 ta=0 level=2 parametersUseForLevel=0,mNr=CellSignalStrengthNr:{ csiRsrp = 2147483647 csiRsrq = 2147483647 csiCqiTableIndex = 2147483647 csiCqiReport = [] ssRsrp = 2147483647 ssRsrq = 2147483647 ssSinr = 2147483647 level = 0 parametersUseForLevel = 0 },primary=CellSignalStrengthLte}, phoneId=0, mMtkLevel=0, mMtkRsrpOnly=false, mMtkLteRsrpThreshold=null, mMtkLteRssnrThreshold=null
01-22 19:09:56.267 D/CCodecBufferChannel(16548): [c2.mtk.vp9.decoder#768] flushed work not feedInput.
01-22 19:09:56.272 D/vendor.oplus.hardware.charger@1.0-service(  897): getChargerControl:
01-22 19:09:56.277 D/CCodecBufferChannel(16548): [c2.mtk.vp9.decoder#768] flushed work; ignored.
01-22 19:09:56.277 D/CCodecBufferChannel(16548): [c2.mtk.vp9.decoder#768] Discard frames from previous generation.
01-22 19:09:56.277 D/PipelineWatcher(16548): onWorkDone: frameIndex not found (18446744073709551615); ignored
01-22 19:09:56.277 D/CCodecBufferChannel(16548): [c2.mtk.vp9.decoder#768] flushed work not feedInput.
01-22 19:09:56.281 D/BoundBrokerSvc(24720): onUnbind: Intent { act=com.google.android.gms.appset.service.START dat=chimera-action:/... cmp=com.google.android.gms/.chimera.GmsApiService }
01-22 19:09:56.336 D/CCodecBufferChannel(16548): [c2.mtk.vp9.decoder#768] flushed work; ignored.
01-22 19:09:56.336 D/CCodecBufferChannel(16548): [c2.mtk.vp9.decoder#768] Discard frames from previous generation.
01-22 19:09:56.336 D/PipelineWatcher(16548): onWorkDone: frameIndex not found (18446744073709551615); ignored
01-22 19:09:56.336 D/CCodecBufferChannel(16548): [c2.mtk.vp9.decoder#768] flushed work not feedInput.
01-22 19:09:56.343 D/OplusNecManager( 2568): broadcastServiceStateChanged slotId:0oos:true
01-22 19:09:56.348 D/CCodecBufferChannel(16548): [c2.mtk.vp9.decoder#768] flushed work; ignored.
01-22 19:09:56.348 D/CCodecBufferChannel(16548): [c2.mtk.vp9.decoder#768] Discard frames from previous generation.
01-22 19:09:56.348 D/PipelineWatcher(16548): onWorkDone: frameIndex not found (18446744073709551615); ignored
01-22 19:09:56.348 D/CCodecBufferChannel(16548): [c2.mtk.vp9.decoder#768] flushed work not feedInput.
01-22 19:09:56.359 D/CCodecBufferChannel(16548): [c2.mtk.vp9.decoder#768] flushed work; ignored.
01-22 19:09:56.359 D/CCodecBufferChannel(16548): [c2.mtk.vp9.decoder#768] Discard frames from previous generation.
01-22 19:09:56.359 D/PipelineWatcher(16548): onWorkDone: frameIndex not found (18446744073709551615); ignored
01-22 19:09:56.359 D/CCodecBufferChannel(16548): [c2.mtk.vp9.decoder#768] flushed work not feedInput.
01-22 19:09:56.361 W/HidlServiceHelper(11138): Failed to read virtual TLC buffer usage returns is NULLnull
01-22 19:09:56.366 D/PowerMitigationService( 2461):  onServiceStateChanged mIsOutOfService = 1, slotId0
01-22 19:09:56.366 D/PowerMitigationService( 2461):  onServiceStateChanged curRat = 0, slotId0
01-22 19:09:56.366 D/PowerMitigationService( 2461): handleMessage: { when=0 what=3 target=y.b$b }
01-22 19:09:56.366 D/PowerMitigationService( 2461): handleMessage: { when=-1ms what=12 target=y.b$b }
01-22 19:09:56.367 D/cellularState[0]( 2614): handleMessage: E msg.what=4
01-22 19:09:56.367 D/cellularState[0]( 2614): processMsg: NetworkSearchingState
01-22 19:09:56.367 D/cellularState[0]( 2614): processMsg: SimReadyState
01-22 19:09:56.367 D/cellularState[0]( 2614): processMsg: DefaultState
01-22 19:09:56.367 E/cellularState[0]( 2614):  - unhandledMessage: msg.what=4
01-22 19:09:56.367 D/cellularState[0]( 2614): handleMessage: X
01-22 19:09:56.370 I/OplusWifiSarManager( 1748): Received service state changed nrstate=0
01-22 19:09:56.372 W/ContextImpl( 1748): Calling a method in the system process without a qualified user: android.app.ContextImpl.sendBroadcastMultiplePermissions:1238 com.android.server.TelephonyRegistry.broadcastServiceStateChanged:3149 com.android.server.TelephonyRegistry.notifyServiceStateForPhoneId:1665 com.android.internal.telephony.ITelephonyRegistry$Stub.onTransact:492 android.os.Binder.execTransactInternal:1331 
01-22 19:09:56.373 W/ContextImpl( 1748): Calling a method in the system process without a qualified user: android.app.ContextImpl.sendBroadcastMultiplePermissions:1288 android.content.Context.sendBroadcastMultiplePermissions:2281 com.android.server.TelephonyRegistry.broadcastServiceStateChanged:3153 com.android.server.TelephonyRegistry.notifyServiceStateForPhoneId:1665 com.android.internal.telephony.ITelephonyRegistry$Stub.onTransact:492 
01-22 19:09:56.373 W/BroadcastQueue( 1748): Permission Denial: receiving Intent { act=android.intent.action.SERVICE_STATE flg=0x1000010 (has extras) } to ProcessRecord{b3a2deb 2225:com.android.systemui/u0a105} (pid=2225, uid=10105) requires android.permission.ACCESS_FINE_LOCATION due to sender android (uid 1001)
01-22 19:09:56.375 W/BroadcastQueue( 1748): Permission Denial: receiving Intent { act=android.intent.action.SERVICE_STATE flg=0x1000010 (has extras) } to com.google.android.cellbroadcastreceiver/com.android.cellbroadcastreceiver.CellBroadcastReceiver requires android.permission.READ_PHONE_STATE due to sender android (uid 1001)
01-22 19:09:56.376 W/BroadcastQueue( 1748): Permission Denial: receiving Intent { act=android.intent.action.SERVICE_STATE flg=0x1000010 (has extras) } to ProcessRecord{b3a2deb 2225:com.android.systemui/u0a105} (pid=2225, uid=10105) requires android.permission.ACCESS_FINE_LOCATION due to sender android (uid 1001)
01-22 19:09:56.376 W/BroadcastQueue( 1748): Appop Denial: receiving Intent { act=android.intent.action.SERVICE_STATE flg=0x1000010 (has extras) } to ProcessRecord{8e991c2 1748:system/1000} (pid=1748, uid=1000) excludes appop android:read_phone_state due to sender android (uid 1001)
01-22 19:09:56.376 W/ContextImpl( 1748): Calling a method in the system process without a qualified user: android.app.ContextImpl.sendBroadcastMultiplePermissions:1288 android.content.Context.sendBroadcastMultiplePermissions:2281 com.android.server.TelephonyRegistry.broadcastServiceStateChanged:3160 com.android.server.TelephonyRegistry.notifyServiceStateForPhoneId:1665 com.android.internal.telephony.ITelephonyRegistry$Stub.onTransact:492 
01-22 19:09:56.376 W/BroadcastQueue( 1748): Appop Denial: receiving Intent { act=android.intent.action.SERVICE_STATE flg=0x1000010 (has extras) } to ProcessRecord{68c6ecd 2568:com.android.phone/1001} (pid=2568, uid=1001) excludes appop android:read_phone_state due to sender android (uid 1001)
01-22 19:09:56.377 W/BroadcastQueue( 1748): Permission Denial: receiving Intent { act=android.intent.action.SERVICE_STATE flg=0x1000010 (has extras) } to com.google.android.cellbroadcastreceiver/com.android.cellbroadcastreceiver.CellBroadcastReceiver requires android.permission.ACCESS_FINE_LOCATION due to sender android (uid 1001)
01-22 19:09:56.378 W/ContextImpl( 1748): Calling a method in the system process without a qualified user: android.app.ContextImpl.sendBroadcastMultiplePermissions:1288 android.content.Context.sendBroadcastMultiplePermissions:2281 com.android.server.TelephonyRegistry.broadcastServiceStateChanged:3164 com.android.server.TelephonyRegistry.notifyServiceStateForPhoneId:1665 com.android.internal.telephony.ITelephonyRegistry$Stub.onTransact:492 
01-22 19:09:56.378 W/BroadcastQueue( 1748): Appop Denial: receiving Intent { act=android.intent.action.SERVICE_STATE flg=0x1000010 (has extras) } to ProcessRecord{8e991c2 1748:system/1000} (pid=1748, uid=1000) excludes appop android:fine_location due to sender android (uid 1001)
01-22 19:09:56.378 W/BroadcastQueue( 1748): Appop Denial: receiving Intent { act=android.intent.action.SERVICE_STATE flg=0x1000010 (has extras) } to ProcessRecord{68c6ecd 2568:com.android.phone/1001} (pid=2568, uid=1001) excludes appop android:fine_location due to sender android (uid 1001)
01-22 19:09:56.379 W/BroadcastQueue( 1748): Permission Denial: receiving Intent { act=android.intent.action.SERVICE_STATE flg=0x1000010 (has extras) } to com.google.android.cellbroadcastreceiver/com.android.cellbroadcastreceiver.CellBroadcastReceiver requires android.permission.READ_PHONE_STATE due to sender android (uid 1001)
01-22 19:09:56.380 W/BroadcastQueue( 1748): Appop Denial: receiving Intent { act=android.intent.action.SERVICE_STATE flg=0x1000010 (has extras) } to ProcessRecord{b3a2deb 2225:com.android.systemui/u0a105} (pid=2225, uid=10105) excludes appop android:read_phone_state due to sender android (uid 1001)
01-22 19:09:56.380 W/BroadcastQueue( 1748): Appop Denial: receiving Intent { act=android.intent.action.SERVICE_STATE flg=0x1000010 (has extras) } to ProcessRecord{8e991c2 1748:system/1000} (pid=1748, uid=1000) excludes appop android:read_phone_state due to sender android (uid 1001)
01-22 19:09:56.380 W/BroadcastQueue( 1748): Appop Denial: receiving Intent { act=android.intent.action.SERVICE_STATE flg=0x1000010 (has extras) } to ProcessRecord{68c6ecd 2568:com.android.phone/1001} (pid=2568, uid=1001) excludes appop android:read_phone_state due to sender android (uid 1001)
01-22 19:09:56.380 D/KeyguardUpdateMonitor( 2225): slot id:0 subId:7
01-22 19:09:56.381 D/KeyguardUpdateMonitor( 2225): is emergency: true
01-22 19:09:56.381 D/KeyguardUpdateMonitor( 2225): voice state: 1
01-22 19:09:56.381 D/KeyguardUpdateMonitor( 2225): slot id:1 subId:6
01-22 19:09:56.381 D/KeyguardUpdateMonitor( 2225): is emergency: false
01-22 19:09:56.381 D/KeyguardUpdateMonitor( 2225): voice state: 0
01-22 19:09:56.381 D/KeyguardUpdateMonitor( 2225): is Emergency supported: false
01-22 19:09:56.383 D/KeyguardUpdateMonitor( 2225): slot id:0 subId:7
01-22 19:09:56.383 D/KeyguardUpdateMonitor( 2225): is emergency: true
01-22 19:09:56.383 D/KeyguardUpdateMonitor( 2225): voice state: 1
01-22 19:09:56.383 D/KeyguardUpdateMonitor( 2225): slot id:1 subId:6
01-22 19:09:56.383 D/KeyguardUpdateMonitor( 2225): is emergency: false
01-22 19:09:56.383 D/KeyguardUpdateMonitor( 2225): voice state: 0
01-22 19:09:56.383 D/KeyguardUpdateMonitor( 2225): is Emergency supported: false
01-22 19:09:56.384 D/ServiceStateProvider( 2568): subId=7
01-22 19:09:56.386 D/CellBroadcastReceiver(10366): onReceive Intent { act=android.intent.action.SERVICE_STATE flg=0x1000010 cmp=com.google.android.cellbroadcastreceiver/com.android.cellbroadcastreceiver.CellBroadcastReceiver (has extras) }
01-22 19:09:56.388 D/CellBroadcastReceiver(10366): onServiceStateChanged, ss: 1
01-22 19:09:56.389 D/CellBroadcastReceiver(10366): networkOperator: 
01-22 19:09:56.389 D/Telephony( 2568): onServiceStateChanged  newState = 1 mServiceState = 1
01-22 19:09:56.390 D/PhoneInterfaceManager( 2568): isRttSupported: carrier: false, device: true, mtk: false
01-22 19:09:56.390 D/SimStateHelper( 2225): slot:0, lock state:Bundle[mParcelledData.dataSize=56]
01-22 19:09:56.391 D/SimStateHelper( 2225): slot:1, lock state:Bundle[mParcelledData.dataSize=56]
01-22 19:09:56.391 D/SimStateHelper( 2225): needDisableMenu: slot1State=0; slot2State=0
01-22 19:09:56.391 D/SimStateHelper( 2225): needDisableMenu:false
01-22 19:09:56.392 D/CCodecBufferChannel(16548): [c2.mtk.vp9.decoder#768] flushed work; ignored.
01-22 19:09:56.392 D/CCodecBufferChannel(16548): [c2.mtk.vp9.decoder#768] Discard frames from previous generation.
01-22 19:09:56.392 D/PipelineWatcher(16548): onWorkDone: frameIndex not found (18446744073709551615); ignored
01-22 19:09:56.393 D/CCodecBufferChannel(16548): [c2.mtk.vp9.decoder#768] flushed work not feedInput.
01-22 19:09:56.393 D/CellBroadcastReceiver(10366): networkOperator on emergency mode: 404 for the country code: in
01-22 19:09:56.393 D/CellBroadcastReceiver(10366): roamingNetworks: [XXX]
01-22 19:09:56.394 D/CellBroadcastReceiver(10366): update supported roaming operator as 404
01-22 19:09:56.394 I/Telephony( 2568): isRttCurrentlySupported -- regular acct, hasVoiceAvailability: false
01-22 19:09:56.394 I/Telephony( 2568):  isRttSupported: false
01-22 19:09:56.394 I/Telephony( 2568):  isUserRttSettingOn: false
01-22 19:09:56.394 I/Telephony( 2568):  alwaysAllowWhileRoaming: false
01-22 19:09:56.394 I/Telephony( 2568):  isRoaming: false
01-22 19:09:56.394 I/Telephony( 2568):  isOnWfc: false
01-22 19:09:56.394 D/PhoneInterfaceManager( 2568): isRttSupported: carrier: false, device: true, mtk: false
01-22 19:09:56.397 I/Telephony( 2568): isRttCurrentlySupported -- regular acct, hasVoiceAvailability: true
01-22 19:09:56.397 I/Telephony( 2568):  isRttSupported: false
01-22 19:09:56.397 I/Telephony( 2568):  isUserRttSettingOn: false
01-22 19:09:56.397 I/Telephony( 2568):  alwaysAllowWhileRoaming: false
01-22 19:09:56.397 I/Telephony( 2568):  isRoaming: false
01-22 19:09:56.397 I/Telephony( 2568):  isOnWfc: true
01-22 19:09:56.399 D/PhoneGlobals( 2568): SimSettingReceiver.onReceive, action=android.intent.action.SERVICE_STATE
01-22 19:09:56.401 I/OplusFeedbackInfo(16548): 0xb400007a364b1e00 c2.mtk.vp9.decoder 1080x1920 inputFps=32 outputFps=80 renderFps=30, discardFps=0
01-22 19:09:56.402 D/AtlasEventUploadUtils(16548): setEvent event:atlas_event_video_monitor_network_switch
01-22 19:09:56.402 D/OplusAtlas.OplusAtlasEventDispatch( 3300): setEvent:atlas_event_video_monitor_network_switch info:START,16548,Key,-5476376621985620480,Component,c2.mtk.vp9.decoder,Width,1080,Height,1920,IsMediaPlayer,0
01-22 19:09:56.402 D/CCodecBufferChannel(16548): [c2.mtk.vp9.decoder#768] flushed work; ignored.
01-22 19:09:56.402 D/OplusAtlasVideo( 3300): callback success event:atlas_event_video_monitor_network_switch eventInfo:START,16548,Key,-5476376621985620480,Component,c2.mtk.vp9.decoder,Width,1080,Height,1920,IsMediaPlayer,0
01-22 19:09:56.402 D/CCodecBufferChannel(16548): [c2.mtk.vp9.decoder#768] Discard frames from previous generation.
01-22 19:09:56.402 D/PipelineWatcher(16548): onWorkDone: frameIndex not found (18446744073709551615); ignored
01-22 19:09:56.402 D/CCodecBufferChannel(16548): [c2.mtk.vp9.decoder#768] flushed work not feedInput.
01-22 19:09:56.417 D/PhoneInterfaceManager( 2568): [PhoneIntfMgr] QueryTelephonyChecker-getDataNetworkTypeForSubscriber: packageName = com.android.phone, isGrant = true
01-22 19:09:56.432 W/BatteryExternalStatsWorker( 1748): error reading Bluetooth stats: 11
01-22 19:09:56.433 D/IMGMemtrackHAL(  849): hal_get_memory: memtrack cache rebuild was required
01-22 19:09:56.441 D/IHansComunication( 6221): HANS sendMessageToKernel: threadId = 516689218736, netLinkSetup = 1, type = FROZEN_TRANS, targetUid = 10817, pkgCmd = PKG_CMD_MAX
01-22 19:09:56.462 D/IHansComunication( 6221): HANS sendMessageToKernel: threadId = 516689218736, netLinkSetup = 1, type = FROZEN_TRANS, targetUid = 10744, pkgCmd = PKG_CMD_MAX
01-22 19:09:56.467 D/CCodecBufferChannel(16548): [c2.mtk.vp9.decoder#768] flushed work; ignored.
01-22 19:09:56.467 D/CCodecBufferChannel(16548): [c2.mtk.vp9.decoder#768] Discard frames from previous generation.
01-22 19:09:56.467 D/PipelineWatcher(16548): onWorkDone: frameIndex not found (18446744073709551615); ignored
01-22 19:09:56.467 D/CCodecBufferChannel(16548): [c2.mtk.vp9.decoder#768] flushed work not feedInput.
01-22 19:09:56.477 D/CCodecBufferChannel(16548): [c2.mtk.vp9.decoder#768] flushed work; ignored.
01-22 19:09:56.477 D/CCodecBufferChannel(16548): [c2.mtk.vp9.decoder#768] Discard frames from previous generation.
01-22 19:09:56.477 D/PipelineWatcher(16548): onWorkDone: frameIndex not found (18446744073709551615); ignored
01-22 19:09:56.477 D/CCodecBufferChannel(16548): [c2.mtk.vp9.decoder#768] flushed work not feedInput.
01-22 19:09:56.519 D/BoundBrokerSvc(24720): onUnbind: Intent { act=com.google.android.gms.measurement.START pkg=com.google.android.gms }
01-22 19:09:56.531 D/CCodecBufferChannel(16548): [c2.mtk.vp9.decoder#768] flushed work; ignored.
01-22 19:09:56.531 D/CCodecBufferChannel(16548): [c2.mtk.vp9.decoder#768] Discard frames from previous generation.
01-22 19:09:56.531 D/PipelineWatcher(16548): onWorkDone: frameIndex not found (18446744073709551615); ignored
01-22 19:09:56.532 D/CCodecBufferChannel(16548): [c2.mtk.vp9.decoder#768] flushed work not feedInput.
01-22 19:09:56.542 D/CCodecBufferChannel(16548): [c2.mtk.vp9.decoder#768] flushed work; ignored.
01-22 19:09:56.542 D/CCodecBufferChannel(16548): [c2.mtk.vp9.decoder#768] Discard frames from previous generation.
01-22 19:09:56.542 D/PipelineWatcher(16548): onWorkDone: frameIndex not found (18446744073709551615); ignored
01-22 19:09:56.542 D/CCodecBufferChannel(16548): [c2.mtk.vp9.decoder#768] flushed work not feedInput.
01-22 19:09:56.579 D/OplusAtlas.OplusMessageHandler( 3300): handleMessage: Msg { when=-1ms what=0 target=com.oplus.atlas.OplusMessageHandler$MyHandler }
01-22 19:09:56.598 D/CCodecBufferChannel(16548): [c2.mtk.vp9.decoder#768] flushed work; ignored.
01-22 19:09:56.598 D/CCodecBufferChannel(16548): [c2.mtk.vp9.decoder#768] Discard frames from previous generation.
01-22 19:09:56.598 D/PipelineWatcher(16548): onWorkDone: frameIndex not found (18446744073709551615); ignored
01-22 19:09:56.598 D/CCodecBufferChannel(16548): [c2.mtk.vp9.decoder#768] flushed work not feedInput.
01-22 19:09:56.608 D/CCodecBufferChannel(16548): [c2.mtk.vp9.decoder#768] flushed work; ignored.
01-22 19:09:56.608 D/CCodecBufferChannel(16548): [c2.mtk.vp9.decoder#768] Discard frames from previous generation.
01-22 19:09:56.608 D/PipelineWatcher(16548): onWorkDone: frameIndex not found (18446744073709551615); ignored
01-22 19:09:56.608 D/CCodecBufferChannel(16548): [c2.mtk.vp9.decoder#768] flushed work not feedInput.
01-22 19:09:56.663 D/CCodecBufferChannel(16548): [c2.mtk.vp9.decoder#768] flushed work; ignored.
01-22 19:09:56.663 D/CCodecBufferChannel(16548): [c2.mtk.vp9.decoder#768] Discard frames from previous generation.
01-22 19:09:56.663 D/PipelineWatcher(16548): onWorkDone: frameIndex not found (18446744073709551615); ignored
01-22 19:09:56.663 D/CCodecBufferChannel(16548): [c2.mtk.vp9.decoder#768] flushed work not feedInput.
01-22 19:09:56.672 I/Process (15940): Sending signal. PID: 15940 SIG: 9
01-22 19:09:56.674 D/CCodecBufferChannel(16548): [c2.mtk.vp9.decoder#768] flushed work; ignored.
01-22 19:09:56.674 D/CCodecBufferChannel(16548): [c2.mtk.vp9.decoder#768] Discard frames from previous generation.
01-22 19:09:56.674 D/PipelineWatcher(16548): onWorkDone: frameIndex not found (18446744073709551615); ignored
01-22 19:09:56.674 D/CCodecBufferChannel(16548): [c2.mtk.vp9.decoder#768] flushed work not feedInput.
01-22 19:09:56.703 I/Zygote  (  819): Process 15940 exited due to signal 9 (Killed)
01-22 19:09:56.707 W/Process ( 1748): Unable to open /proc/15940/status
01-22 19:09:56.708 I/ActivityManager( 1748): Process com.oplus.deepthinker:worker (pid 15940) has died: cch+35 CEM 
01-22 19:09:56.708 I/libprocessgroup( 1748): Successfully killed process cgroup uid 10358 pid 15940 in 0ms
01-22 19:09:56.708 D/OplusUIFirst_FB( 1748): com.oplus.deepthinker remove pid: 15940
01-22 19:09:56.709 I/mtkpower_client( 1748): [Legacy][PowerHal_Wrap_notifyAppState] com.oplus.deepthinker/com.oplus.deepthinker pid=15940 state:3
01-22 19:09:56.709 I/game_scn( 1748): collectForegroundAppList packName=com.oplus.deepthinker, actName=com.oplus.deepthinker, pid=15940, uid=10358, state:DEAD
01-22 19:09:56.709 V/DeepThinker( 5470): ProcessManager: onProcessDied pid:15940, uid:10358
01-22 19:09:56.710 D/RilUtility(  859): notify_rild_crash_pid_set certPid:-1, crash:15940, scn:0x0
01-22 19:09:56.729 D/CCodecBufferChannel(16548): [c2.mtk.vp9.decoder#768] flushed work; ignored.
01-22 19:09:56.729 D/CCodecBufferChannel(16548): [c2.mtk.vp9.decoder#768] Discard frames from previous generation.
01-22 19:09:56.729 D/PipelineWatcher(16548): onWorkDone: frameIndex not found (18446744073709551615); ignored
01-22 19:09:56.730 D/CCodecBufferChannel(16548): [c2.mtk.vp9.decoder#768] flushed work not feedInput.
01-22 19:09:56.740 D/CCodecBufferChannel(16548): [c2.mtk.vp9.decoder#768] flushed work; ignored.
01-22 19:09:56.740 D/CCodecBufferChannel(16548): [c2.mtk.vp9.decoder#768] Discard frames from previous generation.
01-22 19:09:56.740 D/PipelineWatcher(16548): onWorkDone: frameIndex not found (18446744073709551615); ignored
01-22 19:09:56.741 D/CCodecBufferChannel(16548): [c2.mtk.vp9.decoder#768] flushed work not feedInput.
01-22 19:09:56.796 D/CCodecBufferChannel(16548): [c2.mtk.vp9.decoder#768] flushed work; ignored.
01-22 19:09:56.796 D/CCodecBufferChannel(16548): [c2.mtk.vp9.decoder#768] Discard frames from previous generation.
01-22 19:09:56.796 D/PipelineWatcher(16548): onWorkDone: frameIndex not found (18446744073709551615); ignored
01-22 19:09:56.796 D/CCodecBufferChannel(16548): [c2.mtk.vp9.decoder#768] flushed work not feedInput.
01-22 19:09:56.807 D/CCodecBufferChannel(16548): [c2.mtk.vp9.decoder#768] flushed work; ignored.
01-22 19:09:56.807 D/CCodecBufferChannel(16548): [c2.mtk.vp9.decoder#768] Discard frames from previous generation.
01-22 19:09:56.807 D/PipelineWatcher(16548): onWorkDone: frameIndex not found (18446744073709551615); ignored
01-22 19:09:56.807 D/CCodecBufferChannel(16548): [c2.mtk.vp9.decoder#768] flushed work not feedInput.
01-22 19:09:56.862 D/CCodecBufferChannel(16548): [c2.mtk.vp9.decoder#768] flushed work; ignored.
01-22 19:09:56.862 D/CCodecBufferChannel(16548): [c2.mtk.vp9.decoder#768] Discard frames from previous generation.
01-22 19:09:56.862 D/PipelineWatcher(16548): onWorkDone: frameIndex not found (18446744073709551615); ignored
01-22 19:09:56.862 D/CCodecBufferChannel(16548): [c2.mtk.vp9.decoder#768] flushed work not feedInput.
01-22 19:09:56.873 D/CCodecBufferChannel(16548): [c2.mtk.vp9.decoder#768] flushed work; ignored.
01-22 19:09:56.873 D/CCodecBufferChannel(16548): [c2.mtk.vp9.decoder#768] Discard frames from previous generation.
01-22 19:09:56.873 D/PipelineWatcher(16548): onWorkDone: frameIndex not found (18446744073709551615); ignored
01-22 19:09:56.873 D/CCodecBufferChannel(16548): [c2.mtk.vp9.decoder#768] flushed work not feedInput.
01-22 19:09:56.894 D/OplusAtlasService( 3300): getAttributeByAppName module:oplus-getStreamMaxVolume packageName:com.truecaller
01-22 19:09:56.895 D/AudioManagerExtImpl( 7107): getStreamVolume normal, volume index=5
01-22 19:09:56.928 D/CCodecBufferChannel(16548): [c2.mtk.vp9.decoder#768] flushed work; ignored.
01-22 19:09:56.928 D/CCodecBufferChannel(16548): [c2.mtk.vp9.decoder#768] Discard frames from previous generation.
01-22 19:09:56.928 D/PipelineWatcher(16548): onWorkDone: frameIndex not found (18446744073709551615); ignored
01-22 19:09:56.928 D/CCodecBufferChannel(16548): [c2.mtk.vp9.decoder#768] flushed work not feedInput.
01-22 19:09:56.938 D/CCodecBufferChannel(16548): [c2.mtk.vp9.decoder#768] flushed work; ignored.
01-22 19:09:56.939 D/CCodecBufferChannel(16548): [c2.mtk.vp9.decoder#768] Discard frames from previous generation.
01-22 19:09:56.939 D/PipelineWatcher(16548): onWorkDone: frameIndex not found (18446744073709551615); ignored
01-22 19:09:56.939 D/CCodecBufferChannel(16548): [c2.mtk.vp9.decoder#768] flushed work not feedInput.
01-22 19:09:56.963 D/CCodecBufferChannel(16548): [c2.mtk.vp9.decoder#768] DEBUG: elapsed: mInputMetEos 29, hasPendingOutputsInClient 0, n=1 [in=4 pipeline=0 out=25]
01-22 19:09:56.964 D/PipelineWatcher(16548): [0xb400007967c40a80] elapsed: mFramesInPipeline 7, n 29
01-22 19:09:56.993 D/CCodecBufferChannel(16548): [c2.mtk.vp9.decoder#768] flushed work; ignored.
01-22 19:09:56.993 D/CCodecBufferChannel(16548): [c2.mtk.vp9.decoder#768] Discard frames from previous generation.
01-22 19:09:56.993 D/PipelineWatcher(16548): onWorkDone: frameIndex not found (18446744073709551615); ignored
01-22 19:09:56.993 D/CCodecBufferChannel(16548): [c2.mtk.vp9.decoder#768] flushed work not feedInput.
01-22 19:09:57.004 D/CCodecBufferChannel(16548): [c2.mtk.vp9.decoder#768] flushed work; ignored.
01-22 19:09:57.004 D/CCodecBufferChannel(16548): [c2.mtk.vp9.decoder#768] Discard frames from previous generation.
01-22 19:09:57.004 D/PipelineWatcher(16548): onWorkDone: frameIndex not found (18446744073709551615); ignored
01-22 19:09:57.004 D/CCodecBufferChannel(16548): [c2.mtk.vp9.decoder#768] flushed work not feedInput.
01-22 19:09:57.057 D/OplusAtlasService( 3300): getAttributeByAppName module:oplus-getStreamMaxVolume packageName:com.truecaller
01-22 19:09:57.058 D/CCodecBufferChannel(16548): [c2.mtk.vp9.decoder#768] flushed work; ignored.
01-22 19:09:57.058 D/CCodecBufferChannel(16548): [c2.mtk.vp9.decoder#768] Discard frames from previous generation.
01-22 19:09:57.058 D/PipelineWatcher(16548): onWorkDone: frameIndex not found (18446744073709551615); ignored
01-22 19:09:57.058 D/CCodecBufferChannel(16548): [c2.mtk.vp9.decoder#768] flushed work not feedInput.
01-22 19:09:57.059 D/AudioManagerExtImpl( 7107): getStreamVolume normal, volume index=5
01-22 19:09:57.069 D/CCodecBufferChannel(16548): [c2.mtk.vp9.decoder#768] flushed work; ignored.
01-22 19:09:57.069 D/CCodecBufferChannel(16548): [c2.mtk.vp9.decoder#768] Discard frames from previous generation.
01-22 19:09:57.069 D/PipelineWatcher(16548): onWorkDone: frameIndex not found (18446744073709551615); ignored
01-22 19:09:57.069 D/CCodecBufferChannel(16548): [c2.mtk.vp9.decoder#768] flushed work not feedInput.
01-22 19:09:57.105 D/OplusAtlasService( 3300): getAttributeByAppName module:oplus-getStreamMaxVolume packageName:com.truecaller
01-22 19:09:57.107 D/AudioManagerExtImpl( 7107): getStreamVolume normal, volume index=5
01-22 19:09:57.108 D/OplusAtlasService( 3300): getAttributeByAppName module:oplus-getStreamMaxVolume packageName:com.truecaller
01-22 19:09:57.109 D/AudioManagerExtImpl( 7107): getStreamVolume too fast, volume index=5, package=com.truecaller
01-22 19:09:57.121 D/OplusAtlasService( 3300): getAttributeByAppName module:oplus-getStreamMaxVolume packageName:com.truecaller
01-22 19:09:57.122 D/AudioManagerExtImpl( 7107): getStreamVolume too fast, volume index=5, package=com.truecaller
01-22 19:09:57.123 D/CCodecBufferChannel(16548): [c2.mtk.vp9.decoder#768] flushed work; ignored.
01-22 19:09:57.123 D/CCodecBufferChannel(16548): [c2.mtk.vp9.decoder#768] Discard frames from previous generation.
01-22 19:09:57.123 D/PipelineWatcher(16548): onWorkDone: frameIndex not found (18446744073709551615); ignored
01-22 19:09:57.123 D/CCodecBufferChannel(16548): [c2.mtk.vp9.decoder#768] flushed work not feedInput.
01-22 19:09:57.125 D/OplusAtlasService( 3300): getAttributeByAppName module:oplus-getStreamMaxVolume packageName:com.truecaller
01-22 19:09:57.126 D/AudioManagerExtImpl( 7107): getStreamVolume too fast, volume index=5, package=com.truecaller
01-22 19:09:57.134 D/CCodecBufferChannel(16548): [c2.mtk.vp9.decoder#768] flushed work; ignored.
01-22 19:09:57.134 D/CCodecBufferChannel(16548): [c2.mtk.vp9.decoder#768] Discard frames from previous generation.
01-22 19:09:57.134 D/PipelineWatcher(16548): onWorkDone: frameIndex not found (18446744073709551615); ignored
01-22 19:09:57.134 D/CCodecBufferChannel(16548): [c2.mtk.vp9.decoder#768] flushed work not feedInput.
01-22 19:09:57.188 D/CCodecBufferChannel(16548): [c2.mtk.vp9.decoder#768] flushed work; ignored.
01-22 19:09:57.188 D/CCodecBufferChannel(16548): [c2.mtk.vp9.decoder#768] Discard frames from previous generation.
01-22 19:09:57.188 D/PipelineWatcher(16548): onWorkDone: frameIndex not found (18446744073709551615); ignored
01-22 19:09:57.188 D/CCodecBufferChannel(16548): [c2.mtk.vp9.decoder#768] flushed work not feedInput.
01-22 19:09:57.199 D/CCodecBufferChannel(16548): [c2.mtk.vp9.decoder#768] flushed work; ignored.
01-22 19:09:57.199 D/CCodecBufferChannel(16548): [c2.mtk.vp9.decoder#768] Discard frames from previous generation.
01-22 19:09:57.199 D/PipelineWatcher(16548): onWorkDone: frameIndex not found (18446744073709551615); ignored
01-22 19:09:57.199 D/CCodecBufferChannel(16548): [c2.mtk.vp9.decoder#768] flushed work not feedInput.
01-22 19:09:57.233 D/IHansComunication( 6221): HANS sendMessageToKernel: threadId = 516689218736, netLinkSetup = 1, type = FROZEN_TRANS, targetUid = 10828, pkgCmd = PKG_CMD_MAX
01-22 19:09:57.264 D/CCodecBufferChannel(16548): [c2.mtk.vp9.decoder#768] flushed work; ignored.
01-22 19:09:57.264 D/CCodecBufferChannel(16548): [c2.mtk.vp9.decoder#768] Discard frames from previous generation.
01-22 19:09:57.264 D/PipelineWatcher(16548): onWorkDone: frameIndex not found (18446744073709551615); ignored
01-22 19:09:57.264 D/CCodecBufferChannel(16548): [c2.mtk.vp9.decoder#768] flushed work not feedInput.
01-22 19:09:57.275 D/CCodecBufferChannel(16548): [c2.mtk.vp9.decoder#768] flushed work; ignored.
01-22 19:09:57.275 D/CCodecBufferChannel(16548): [c2.mtk.vp9.decoder#768] Discard frames from previous generation.
01-22 19:09:57.275 D/PipelineWatcher(16548): onWorkDone: frameIndex not found (18446744073709551615); ignored
01-22 19:09:57.275 D/CCodecBufferChannel(16548): [c2.mtk.vp9.decoder#768] flushed work not feedInput.
01-22 19:09:57.317 D/CCodecBufferChannel(16548): [c2.mtk.vp9.decoder#768] flushed work; ignored.
01-22 19:09:57.317 D/CCodecBufferChannel(16548): [c2.mtk.vp9.decoder#768] Discard frames from previous generation.
01-22 19:09:57.318 D/PipelineWatcher(16548): onWorkDone: frameIndex not found (18446744073709551615); ignored
01-22 19:09:57.318 D/CCodecBufferChannel(16548): [c2.mtk.vp9.decoder#768] flushed work not feedInput.
01-22 19:09:57.328 D/CCodecBufferChannel(16548): [c2.mtk.vp9.decoder#768] flushed work; ignored.
01-22 19:09:57.329 D/CCodecBufferChannel(16548): [c2.mtk.vp9.decoder#768] Discard frames from previous generation.
01-22 19:09:57.329 D/PipelineWatcher(16548): onWorkDone: frameIndex not found (18446744073709551615); ignored
01-22 19:09:57.329 D/CCodecBufferChannel(16548): [c2.mtk.vp9.decoder#768] flushed work not feedInput.
01-22 19:09:57.395 D/CCodecBufferChannel(16548): [c2.mtk.vp9.decoder#768] flushed work; ignored.
01-22 19:09:57.395 D/CCodecBufferChannel(16548): [c2.mtk.vp9.decoder#768] Discard frames from previous generation.
01-22 19:09:57.395 D/PipelineWatcher(16548): onWorkDone: frameIndex not found (18446744073709551615); ignored
01-22 19:09:57.395 D/CCodecBufferChannel(16548): [c2.mtk.vp9.decoder#768] flushed work not feedInput.
01-22 19:09:57.395 D/CCodecBufferChannel(16548): [c2.mtk.vp9.decoder#768] flushed work; ignored.
01-22 19:09:57.395 D/CCodecBufferChannel(16548): [c2.mtk.vp9.decoder#768] Discard frames from previous generation.
01-22 19:09:57.395 D/PipelineWatcher(16548): onWorkDone: frameIndex not found (18446744073709551615); ignored
01-22 19:09:57.395 D/CCodecBufferChannel(16548): [c2.mtk.vp9.decoder#768] flushed work not feedInput.
01-22 19:09:57.402 I/OplusFeedbackInfo(16548): 0xb400007a364b1e00 c2.mtk.vp9.decoder 1080x1920 inputFps=28 outputFps=59 renderFps=30, discardFps=0
01-22 19:09:57.406 D/CCodecBufferChannel(16548): [c2.mtk.vp9.decoder#768] flushed work; ignored.
01-22 19:09:57.406 D/CCodecBufferChannel(16548): [c2.mtk.vp9.decoder#768] Discard frames from previous generation.
01-22 19:09:57.406 I/GPUAUX  (  966): [AUX]GPUAUXContext:69: create: 0xb40000701f899220
01-22 19:09:57.406 D/PipelineWatcher(16548): onWorkDone: frameIndex not found (18446744073709551615); ignored
01-22 19:09:57.406 D/CCodecBufferChannel(16548): [c2.mtk.vp9.decoder#768] flushed work not feedInput.
01-22 19:09:57.409 W/libc    (  966): Access denied finding property "ro.vendor.mtk_hdr_video_support"
01-22 19:09:57.409 D/MDP     (  966): DpAsyncBlit: in: job (16251 1131) (1088, 1920, 34816, 17408, C12b, P1), sec0, flush 0 Buffer 0: plane=2 bufVA={0x2b9,0x2b9,0x0} bufMVA={0x0,0x0,0x0} bufSize={0x1fe000,0xff000,0x0} proxy={0xb40000701f9f1080,0x0,0x0}fence=-1
01-22 19:09:57.409 D/MDP     (  966): DpAsyncBlit: out0: (1080, 1920, 1088, 544, C8s, P1), misc: (X:0, Y:0, R:0, F:0, S:0, A:0, D:0), sec0, flush 0 Buffer 0: plane=3 bufVA={0x47d,0x47d,0x47d} bufMVA={0x0,0x0,0x0} bufSize={0x1fe000,0x7f800,0x7f800} proxy={0xb40000701f9f1380,0x0,0x0}fence=-1
01-22 19:09:57.409 D/MDP     (  966): DpAsyncBlit: crop0: (0, 0, 1080, 1920, 0, 0, 0, 0)
01-22 19:09:57.425 D/OplusHecate(  966): pixels[90,345]=0xfffafafa
01-22 19:09:57.461 D/CCodecBufferChannel(16548): [c2.mtk.vp9.decoder#768] flushed work; ignored.
01-22 19:09:57.461 D/CCodecBufferChannel(16548): [c2.mtk.vp9.decoder#768] Discard frames from previous generation.
01-22 19:09:57.462 D/PipelineWatcher(16548): onWorkDone: frameIndex not found (18446744073709551615); ignored
01-22 19:09:57.462 D/CCodecBufferChannel(16548): [c2.mtk.vp9.decoder#768] flushed work not feedInput.
01-22 19:09:57.462 D/CCodecBufferChannel(16548): [c2.mtk.vp9.decoder#768] flushed work; ignored.
01-22 19:09:57.462 D/CCodecBufferChannel(16548): [c2.mtk.vp9.decoder#768] Discard frames from previous generation.
01-22 19:09:57.462 D/PipelineWatcher(16548): onWorkDone: frameIndex not found (18446744073709551615); ignored
01-22 19:09:57.462 D/CCodecBufferChannel(16548): [c2.mtk.vp9.decoder#768] flushed work not feedInput.
01-22 19:09:57.472 D/CCodecBufferChannel(16548): [c2.mtk.vp9.decoder#768] flushed work; ignored.
01-22 19:09:57.472 D/CCodecBufferChannel(16548): [c2.mtk.vp9.decoder#768] Discard frames from previous generation.
01-22 19:09:57.472 D/PipelineWatcher(16548): onWorkDone: frameIndex not found (18446744073709551615); ignored
01-22 19:09:57.472 D/CCodecBufferChannel(16548): [c2.mtk.vp9.decoder#768] flushed work not feedInput.
01-22 19:09:57.527 D/CCodecBufferChannel(16548): [c2.mtk.vp9.decoder#768] flushed work; ignored.
01-22 19:09:57.528 D/CCodecBufferChannel(16548): [c2.mtk.vp9.decoder#768] Discard frames from previous generation.
01-22 19:09:57.528 D/PipelineWatcher(16548): onWorkDone: frameIndex not found (18446744073709551615); ignored
01-22 19:09:57.528 D/CCodecBufferChannel(16548): [c2.mtk.vp9.decoder#768] flushed work not feedInput.
01-22 19:09:57.528 D/CCodecBufferChannel(16548): [c2.mtk.vp9.decoder#768] flushed work; ignored.
01-22 19:09:57.528 D/CCodecBufferChannel(16548): [c2.mtk.vp9.decoder#768] Discard frames from previous generation.
01-22 19:09:57.528 D/PipelineWatcher(16548): onWorkDone: frameIndex not found (18446744073709551615); ignored
01-22 19:09:57.528 D/CCodecBufferChannel(16548): [c2.mtk.vp9.decoder#768] flushed work not feedInput.
01-22 19:09:57.538 D/CCodecBufferChannel(16548): [c2.mtk.vp9.decoder#768] flushed work; ignored.
01-22 19:09:57.538 D/CCodecBufferChannel(16548): [c2.mtk.vp9.decoder#768] Discard frames from previous generation.
01-22 19:09:57.538 D/PipelineWatcher(16548): onWorkDone: frameIndex not found (18446744073709551615); ignored
01-22 19:09:57.538 D/CCodecBufferChannel(16548): [c2.mtk.vp9.decoder#768] flushed work not feedInput.
01-22 19:09:57.560 D/CCodecBufferChannel(16548): [c2.mtk.vp9.decoder#768] flushed work; ignored.
01-22 19:09:57.560 D/CCodecBufferChannel(16548): [c2.mtk.vp9.decoder#768] Discard frames from previous generation.
01-22 19:09:57.560 D/PipelineWatcher(16548): onWorkDone: frameIndex not found (18446744073709551615); ignored
01-22 19:09:57.560 D/CCodecBufferChannel(16548): [c2.mtk.vp9.decoder#768] flushed work not feedInput.
01-22 19:09:57.560 D/CCodecBufferChannel(16548): [c2.mtk.vp9.decoder#768] flushed work; ignored.
01-22 19:09:57.560 D/CCodecBufferChannel(16548): [c2.mtk.vp9.decoder#768] Discard frames from previous generation.
01-22 19:09:57.560 D/PipelineWatcher(16548): onWorkDone: frameIndex not found (18446744073709551615); ignored
01-22 19:09:57.561 D/CCodecBufferChannel(16548): [c2.mtk.vp9.decoder#768] flushed work not feedInput.
01-22 19:09:57.572 D/CCodecBufferChannel(16548): [c2.mtk.vp9.decoder#768] flushed work; ignored.
01-22 19:09:57.572 D/CCodecBufferChannel(16548): [c2.mtk.vp9.decoder#768] Discard frames from previous generation.
01-22 19:09:57.572 D/PipelineWatcher(16548): onWorkDone: frameIndex not found (18446744073709551615); ignored
01-22 19:09:57.572 D/CCodecBufferChannel(16548): [c2.mtk.vp9.decoder#768] flushed work not feedInput.
01-22 19:09:57.581 D/OplusAtlas.OplusMessageHandler( 3300): handleMessage: Msg { when=-1ms what=0 target=com.oplus.atlas.OplusMessageHandler$MyHandler }
01-22 19:09:57.616 D/CCodecBufferChannel(16548): [c2.mtk.vp9.decoder#768] flushed work; ignored.
01-22 19:09:57.616 D/CCodecBufferChannel(16548): [c2.mtk.vp9.decoder#768] Discard frames from previous generation.
01-22 19:09:57.616 D/PipelineWatcher(16548): onWorkDone: frameIndex not found (18446744073709551615); ignored
01-22 19:09:57.617 D/CCodecBufferChannel(16548): [c2.mtk.vp9.decoder#768] flushed work not feedInput.
01-22 19:09:57.617 D/CCodecBufferChannel(16548): [c2.mtk.vp9.decoder#768] flushed work; ignored.
01-22 19:09:57.617 D/CCodecBufferChannel(16548): [c2.mtk.vp9.decoder#768] Discard frames from previous generation.
01-22 19:09:57.617 D/PipelineWatcher(16548): onWorkDone: frameIndex not found (18446744073709551615); ignored
01-22 19:09:57.617 D/CCodecBufferChannel(16548): [c2.mtk.vp9.decoder#768] flushed work not feedInput.
01-22 19:09:57.627 D/CCodecBufferChannel(16548): [c2.mtk.vp9.decoder#768] flushed work; ignored.
01-22 19:09:57.627 D/CCodecBufferChannel(16548): [c2.mtk.vp9.decoder#768] Discard frames from previous generation.
01-22 19:09:57.627 D/PipelineWatcher(16548): onWorkDone: frameIndex not found (18446744073709551615); ignored
01-22 19:09:57.627 D/CCodecBufferChannel(16548): [c2.mtk.vp9.decoder#768] flushed work not feedInput.
01-22 19:09:57.693 D/CCodecBufferChannel(16548): [c2.mtk.vp9.decoder#768] flushed work; ignored.
01-22 19:09:57.693 D/CCodecBufferChannel(16548): [c2.mtk.vp9.decoder#768] Discard frames from previous generation.
01-22 19:09:57.693 D/PipelineWatcher(16548): onWorkDone: frameIndex not found (18446744073709551615); ignored
01-22 19:09:57.693 D/CCodecBufferChannel(16548): [c2.mtk.vp9.decoder#768] flushed work not feedInput.
01-22 19:09:57.693 D/CCodecBufferChannel(16548): [c2.mtk.vp9.decoder#768] flushed work; ignored.
01-22 19:09:57.694 D/CCodecBufferChannel(16548): [c2.mtk.vp9.decoder#768] Discard frames from previous generation.
01-22 19:09:57.694 D/PipelineWatcher(16548): onWorkDone: frameIndex not found (18446744073709551615); ignored
01-22 19:09:57.694 D/CCodecBufferChannel(16548): [c2.mtk.vp9.decoder#768] flushed work not feedInput.
01-22 19:09:57.705 D/CCodecBufferChannel(16548): [c2.mtk.vp9.decoder#768] flushed work; ignored.
01-22 19:09:57.705 D/CCodecBufferChannel(16548): [c2.mtk.vp9.decoder#768] Discard frames from previous generation.
01-22 19:09:57.705 D/PipelineWatcher(16548): onWorkDone: frameIndex not found (18446744073709551615); ignored
01-22 19:09:57.705 D/CCodecBufferChannel(16548): [c2.mtk.vp9.decoder#768] flushed work not feedInput.
01-22 19:09:57.718 D/CCodecBufferChannel(16548): [c2.mtk.vp9.decoder#768] flushed work; ignored.
01-22 19:09:57.718 D/CCodecBufferChannel(16548): [c2.mtk.vp9.decoder#768] Discard frames from previous generation.
01-22 19:09:57.718 D/PipelineWatcher(16548): onWorkDone: frameIndex not found (18446744073709551615); ignored
01-22 19:09:57.718 D/CCodecBufferChannel(16548): [c2.mtk.vp9.decoder#768] flushed work not feedInput.
01-22 19:09:57.719 D/CCodecBufferChannel(16548): [c2.mtk.vp9.decoder#768] flushed work; ignored.
01-22 19:09:57.719 D/CCodecBufferChannel(16548): [c2.mtk.vp9.decoder#768] Discard frames from previous generation.
01-22 19:09:57.719 D/PipelineWatcher(16548): onWorkDone: frameIndex not found (18446744073709551615); ignored
01-22 19:09:57.719 D/CCodecBufferChannel(16548): [c2.mtk.vp9.decoder#768] flushed work not feedInput.
01-22 19:09:57.729 D/CCodecBufferChannel(16548): [c2.mtk.vp9.decoder#768] flushed work; ignored.
01-22 19:09:57.729 D/CCodecBufferChannel(16548): [c2.mtk.vp9.decoder#768] Discard frames from previous generation.
01-22 19:09:57.729 D/PipelineWatcher(16548): onWorkDone: frameIndex not found (18446744073709551615); ignored
01-22 19:09:57.729 D/CCodecBufferChannel(16548): [c2.mtk.vp9.decoder#768] flushed work not feedInput.
01-22 19:09:57.796 D/CCodecBufferChannel(16548): [c2.mtk.vp9.decoder#768] flushed work; ignored.
01-22 19:09:57.796 D/CCodecBufferChannel(16548): [c2.mtk.vp9.decoder#768] Discard frames from previous generation.
01-22 19:09:57.796 D/PipelineWatcher(16548): onWorkDone: frameIndex not found (18446744073709551615); ignored
01-22 19:09:57.796 D/CCodecBufferChannel(16548): [c2.mtk.vp9.decoder#768] flushed work not feedInput.
01-22 19:09:57.796 D/CCodecBufferChannel(16548): [c2.mtk.vp9.decoder#768] flushed work; ignored.
01-22 19:09:57.796 D/CCodecBufferChannel(16548): [c2.mtk.vp9.decoder#768] Discard frames from previous generation.
01-22 19:09:57.796 D/PipelineWatcher(16548): onWorkDone: frameIndex not found (18446744073709551615); ignored
01-22 19:09:57.796 D/CCodecBufferChannel(16548): [c2.mtk.vp9.decoder#768] flushed work not feedInput.
01-22 19:09:57.807 D/CCodecBufferChannel(16548): [c2.mtk.vp9.decoder#768] flushed work; ignored.
01-22 19:09:57.807 D/CCodecBufferChannel(16548): [c2.mtk.vp9.decoder#768] Discard frames from previous generation.
01-22 19:09:57.807 D/PipelineWatcher(16548): onWorkDone: frameIndex not found (18446744073709551615); ignored
01-22 19:09:57.807 D/CCodecBufferChannel(16548): [c2.mtk.vp9.decoder#768] flushed work not feedInput.
01-22 19:09:57.850 D/CCodecBufferChannel(16548): [c2.mtk.vp9.decoder#768] flushed work; ignored.
01-22 19:09:57.850 D/CCodecBufferChannel(16548): [c2.mtk.vp9.decoder#768] Discard frames from previous generation.
01-22 19:09:57.850 D/PipelineWatcher(16548): onWorkDone: frameIndex not found (18446744073709551615); ignored
01-22 19:09:57.850 D/CCodecBufferChannel(16548): [c2.mtk.vp9.decoder#768] flushed work not feedInput.
01-22 19:09:57.850 D/CCodecBufferChannel(16548): [c2.mtk.vp9.decoder#768] flushed work; ignored.
01-22 19:09:57.850 D/CCodecBufferChannel(16548): [c2.mtk.vp9.decoder#768] Discard frames from previous generation.
01-22 19:09:57.850 D/PipelineWatcher(16548): onWorkDone: frameIndex not found (18446744073709551615); ignored
01-22 19:09:57.850 D/CCodecBufferChannel(16548): [c2.mtk.vp9.decoder#768] flushed work not feedInput.
01-22 19:09:57.861 D/CCodecBufferChannel(16548): [c2.mtk.vp9.decoder#768] flushed work; ignored.
01-22 19:09:57.861 D/CCodecBufferChannel(16548): [c2.mtk.vp9.decoder#768] Discard frames from previous generation.
01-22 19:09:57.861 D/PipelineWatcher(16548): onWorkDone: frameIndex not found (18446744073709551615); ignored
01-22 19:09:57.861 D/CCodecBufferChannel(16548): [c2.mtk.vp9.decoder#768] flushed work not feedInput.
01-22 19:09:57.883 D/CCodecBufferChannel(16548): [c2.mtk.vp9.decoder#768] flushed work; ignored.
01-22 19:09:57.883 D/CCodecBufferChannel(16548): [c2.mtk.vp9.decoder#768] Discard frames from previous generation.
01-22 19:09:57.883 D/PipelineWatcher(16548): onWorkDone: frameIndex not found (18446744073709551615); ignored
01-22 19:09:57.883 D/CCodecBufferChannel(16548): [c2.mtk.vp9.decoder#768] flushed work not feedInput.
01-22 19:09:57.883 D/CCodecBufferChannel(16548): [c2.mtk.vp9.decoder#768] flushed work; ignored.
01-22 19:09:57.884 D/CCodecBufferChannel(16548): [c2.mtk.vp9.decoder#768] Discard frames from previous generation.
01-22 19:09:57.884 D/PipelineWatcher(16548): onWorkDone: frameIndex not found (18446744073709551615); ignored
01-22 19:09:57.884 D/CCodecBufferChannel(16548): [c2.mtk.vp9.decoder#768] flushed work not feedInput.
01-22 19:09:57.894 D/CCodecBufferChannel(16548): [c2.mtk.vp9.decoder#768] flushed work; ignored.
01-22 19:09:57.894 D/CCodecBufferChannel(16548): [c2.mtk.vp9.decoder#768] Discard frames from previous generation.
01-22 19:09:57.894 D/PipelineWatcher(16548): onWorkDone: frameIndex not found (18446744073709551615); ignored
01-22 19:09:57.894 D/CCodecBufferChannel(16548): [c2.mtk.vp9.decoder#768] flushed work not feedInput.
01-22 19:09:57.950 D/CCodecBufferChannel(16548): [c2.mtk.vp9.decoder#768] flushed work; ignored.
01-22 19:09:57.950 D/CCodecBufferChannel(16548): [c2.mtk.vp9.decoder#768] Discard frames from previous generation.
01-22 19:09:57.950 D/PipelineWatcher(16548): onWorkDone: frameIndex not found (18446744073709551615); ignored
01-22 19:09:57.950 D/CCodecBufferChannel(16548): [c2.mtk.vp9.decoder#768] flushed work not feedInput.
01-22 19:09:57.950 D/CCodecBufferChannel(16548): [c2.mtk.vp9.decoder#768] flushed work; ignored.
01-22 19:09:57.950 D/CCodecBufferChannel(16548): [c2.mtk.vp9.decoder#768] Discard frames from previous generation.
01-22 19:09:57.950 D/PipelineWatcher(16548): onWorkDone: frameIndex not found (18446744073709551615); ignored
01-22 19:09:57.950 D/CCodecBufferChannel(16548): [c2.mtk.vp9.decoder#768] flushed work not feedInput.
01-22 19:09:57.961 D/CCodecBufferChannel(16548): [c2.mtk.vp9.decoder#768] flushed work; ignored.
01-22 19:09:57.961 D/CCodecBufferChannel(16548): [c2.mtk.vp9.decoder#768] Discard frames from previous generation.
01-22 19:09:57.961 D/PipelineWatcher(16548): onWorkDone: frameIndex not found (18446744073709551615); ignored
01-22 19:09:57.961 D/CCodecBufferChannel(16548): [c2.mtk.vp9.decoder#768] flushed work not feedInput.
01-22 19:09:58.016 D/CCodecBufferChannel(16548): [c2.mtk.vp9.decoder#768] flushed work; ignored.
01-22 19:09:58.016 D/CCodecBufferChannel(16548): [c2.mtk.vp9.decoder#768] Discard frames from previous generation.
01-22 19:09:58.016 D/PipelineWatcher(16548): onWorkDone: frameIndex not found (18446744073709551615); ignored
01-22 19:09:58.016 D/CCodecBufferChannel(16548): [c2.mtk.vp9.decoder#768] flushed work not feedInput.
01-22 19:09:58.016 D/CCodecBufferChannel(16548): [c2.mtk.vp9.decoder#768] flushed work; ignored.
01-22 19:09:58.016 D/CCodecBufferChannel(16548): [c2.mtk.vp9.decoder#768] Discard frames from previous generation.
01-22 19:09:58.016 D/PipelineWatcher(16548): onWorkDone: frameIndex not found (18446744073709551615); ignored
01-22 19:09:58.016 D/CCodecBufferChannel(16548): [c2.mtk.vp9.decoder#768] flushed work not feedInput.
01-22 19:09:58.026 D/CCodecBufferChannel(16548): [c2.mtk.vp9.decoder#768] flushed work; ignored.
01-22 19:09:58.026 D/CCodecBufferChannel(16548): [c2.mtk.vp9.decoder#768] Discard frames from previous generation.
01-22 19:09:58.026 D/PipelineWatcher(16548): onWorkDone: frameIndex not found (18446744073709551615); ignored
01-22 19:09:58.026 D/CCodecBufferChannel(16548): [c2.mtk.vp9.decoder#768] flushed work not feedInput.
01-22 19:09:58.070 D/CCodecBufferChannel(16548): [c2.mtk.vp9.decoder#768] flushed work; ignored.
01-22 19:09:58.070 D/CCodecBufferChannel(16548): [c2.mtk.vp9.decoder#768] Discard frames from previous generation.
01-22 19:09:58.070 D/PipelineWatcher(16548): onWorkDone: frameIndex not found (18446744073709551615); ignored
01-22 19:09:58.070 D/CCodecBufferChannel(16548): [c2.mtk.vp9.decoder#768] flushed work not feedInput.
01-22 19:09:58.071 D/CCodecBufferChannel(16548): [c2.mtk.vp9.decoder#768] flushed work; ignored.
01-22 19:09:58.071 D/CCodecBufferChannel(16548): [c2.mtk.vp9.decoder#768] Discard frames from previous generation.
01-22 19:09:58.071 D/PipelineWatcher(16548): onWorkDone: frameIndex not found (18446744073709551615); ignored
01-22 19:09:58.071 D/CCodecBufferChannel(16548): [c2.mtk.vp9.decoder#768] flushed work not feedInput.
01-22 19:09:58.081 D/CCodecBufferChannel(16548): [c2.mtk.vp9.decoder#768] flushed work; ignored.
01-22 19:09:58.081 D/CCodecBufferChannel(16548): [c2.mtk.vp9.decoder#768] Discard frames from previous generation.
01-22 19:09:58.081 D/PipelineWatcher(16548): onWorkDone: frameIndex not found (18446744073709551615); ignored
01-22 19:09:58.081 D/CCodecBufferChannel(16548): [c2.mtk.vp9.decoder#768] flushed work not feedInput.
01-22 19:09:58.137 D/CCodecBufferChannel(16548): [c2.mtk.vp9.decoder#768] flushed work; ignored.
01-22 19:09:58.137 D/CCodecBufferChannel(16548): [c2.mtk.vp9.decoder#768] Discard frames from previous generation.
01-22 19:09:58.137 D/PipelineWatcher(16548): onWorkDone: frameIndex not found (18446744073709551615); ignored
01-22 19:09:58.137 D/CCodecBufferChannel(16548): [c2.mtk.vp9.decoder#768] flushed work not feedInput.
01-22 19:09:58.137 D/CCodecBufferChannel(16548): [c2.mtk.vp9.decoder#768] flushed work; ignored.
01-22 19:09:58.137 D/CCodecBufferChannel(16548): [c2.mtk.vp9.decoder#768] Discard frames from previous generation.
01-22 19:09:58.137 D/PipelineWatcher(16548): onWorkDone: frameIndex not found (18446744073709551615); ignored
01-22 19:09:58.138 D/CCodecBufferChannel(16548): [c2.mtk.vp9.decoder#768] flushed work not feedInput.
01-22 19:09:58.148 D/CCodecBufferChannel(16548): [c2.mtk.vp9.decoder#768] flushed work; ignored.
01-22 19:09:58.148 D/CCodecBufferChannel(16548): [c2.mtk.vp9.decoder#768] Discard frames from previous generation.
01-22 19:09:58.148 D/PipelineWatcher(16548): onWorkDone: frameIndex not found (18446744073709551615); ignored
01-22 19:09:58.148 D/CCodecBufferChannel(16548): [c2.mtk.vp9.decoder#768] flushed work not feedInput.
01-22 19:09:58.204 D/CCodecBufferChannel(16548): [c2.mtk.vp9.decoder#768] flushed work; ignored.
01-22 19:09:58.204 D/CCodecBufferChannel(16548): [c2.mtk.vp9.decoder#768] Discard frames from previous generation.
01-22 19:09:58.204 D/PipelineWatcher(16548): onWorkDone: frameIndex not found (18446744073709551615); ignored
01-22 19:09:58.204 D/CCodecBufferChannel(16548): [c2.mtk.vp9.decoder#768] flushed work not feedInput.
01-22 19:09:58.204 D/CCodecBufferChannel(16548): [c2.mtk.vp9.decoder#768] flushed work; ignored.
01-22 19:09:58.204 D/CCodecBufferChannel(16548): [c2.mtk.vp9.decoder#768] Discard frames from previous generation.
