02-03 21:16:04.079 D/PowerManagerService( 1741): userActivityNoUpdateLocked: groupId=0, eventTime=102521406, event=2, flags=0x0, uid=1000
02-03 21:16:04.181 D/PowerManagerService( 1741): userActivityNoUpdateLocked: groupId=0, eventTime=102521509, event=2, flags=0x0, uid=1000
02-03 21:16:06.599 I/HwShutdownRecord( 1741): urgent_sync running start
02-03 21:16:06.616 W/ContextImpl( 1741): Calling a method in the system process without a qualified user: android.app.ContextImpl.sendBroadcastMultiplePermissions:1238 com.android.server.TelephonyRegistry.broadcastServiceStateChanged:3149 com.android.server.TelephonyRegistry.notifyServiceStateForPhoneId:1665 com.android.internal.telephony.ITelephonyRegistry$Stub.onTransact:492 android.os.Binder.execTransactInternal:1331 
02-03 21:16:06.617 W/ContextImpl( 1741): Calling a method in the system process without a qualified user: android.app.ContextImpl.sendBroadcastMultiplePermissions:1288 android.content.Context.sendBroadcastMultiplePermissions:2281 com.android.server.TelephonyRegistry.broadcastServiceStateChanged:3153 com.android.server.TelephonyRegistry.notifyServiceStateForPhoneId:1665 com.android.internal.telephony.ITelephonyRegistry$Stub.onTransact:492 
02-03 21:16:06.618 W/BroadcastQueue( 1741): Permission Denial: receiving Intent { act=android.intent.action.SERVICE_STATE flg=0x1000010 (has extras) } to ProcessRecord{d1f4578 2210:com.android.systemui/u0a105} (pid=2210, uid=10105) requires android.permission.ACCESS_FINE_LOCATION due to sender android (uid 1001)
02-03 21:16:06.619 W/BroadcastQueue( 1741): Permission Denial: receiving Intent { act=android.intent.action.SERVICE_STATE flg=0x1000010 (has extras) } to com.google.android.cellbroadcastreceiver/com.android.cellbroadcastreceiver.CellBroadcastReceiver requires android.permission.READ_PHONE_STATE due to sender android (uid 1001)
02-03 21:16:06.622 W/BroadcastQueue( 1741): Permission Denial: receiving Intent { act=android.intent.action.SERVICE_STATE flg=0x1000010 (has extras) } to ProcessRecord{d1f4578 2210:com.android.systemui/u0a105} (pid=2210, uid=10105) requires android.permission.ACCESS_FINE_LOCATION due to sender android (uid 1001)
02-03 21:16:06.623 W/ContextImpl( 1741): Calling a method in the system process without a qualified user: android.app.ContextImpl.sendBroadcastMultiplePermissions:1288 android.content.Context.sendBroadcastMultiplePermissions:2281 com.android.server.TelephonyRegistry.broadcastServiceStateChanged:3160 com.android.server.TelephonyRegistry.notifyServiceStateForPhoneId:1665 com.android.internal.telephony.ITelephonyRegistry$Stub.onTransact:492 
02-03 21:16:06.623 W/BroadcastQueue( 1741): Appop Denial: receiving Intent { act=android.intent.action.SERVICE_STATE flg=0x1000010 (has extras) } to ProcessRecord{e665375 1741:system/1000} (pid=1741, uid=1000) excludes appop android:read_phone_state due to sender android (uid 1001)
02-03 21:16:06.624 W/BroadcastQueue( 1741): Appop Denial: receiving Intent { act=android.intent.action.SERVICE_STATE flg=0x1000010 (has extras) } to ProcessRecord{169bd7f 2506:com.android.phone/1001} (pid=2506, uid=1001) excludes appop android:read_phone_state due to sender android (uid 1001)
02-03 21:16:06.624 W/BroadcastQueue( 1741): Permission Denial: receiving Intent { act=android.intent.action.SERVICE_STATE flg=0x1000010 (has extras) } to com.google.android.cellbroadcastreceiver/com.android.cellbroadcastreceiver.CellBroadcastReceiver requires android.permission.ACCESS_FINE_LOCATION due to sender android (uid 1001)
02-03 21:16:06.632 W/ContextImpl( 1741): Calling a method in the system process without a qualified user: android.app.ContextImpl.sendBroadcastMultiplePermissions:1288 android.content.Context.sendBroadcastMultiplePermissions:2281 com.android.server.TelephonyRegistry.broadcastServiceStateChanged:3164 com.android.server.TelephonyRegistry.notifyServiceStateForPhoneId:1665 com.android.internal.telephony.ITelephonyRegistry$Stub.onTransact:492 
02-03 21:16:06.633 W/BroadcastQueue( 1741): Appop Denial: receiving Intent { act=android.intent.action.SERVICE_STATE flg=0x1000010 (has extras) } to ProcessRecord{e665375 1741:system/1000} (pid=1741, uid=1000) excludes appop android:fine_location due to sender android (uid 1001)
02-03 21:16:06.633 W/BroadcastQueue( 1741): Appop Denial: receiving Intent { act=android.intent.action.SERVICE_STATE flg=0x1000010 (has extras) } to ProcessRecord{169bd7f 2506:com.android.phone/1001} (pid=2506, uid=1001) excludes appop android:fine_location due to sender android (uid 1001)
02-03 21:16:06.641 W/BroadcastQueue( 1741): Permission Denial: receiving Intent { act=android.intent.action.SERVICE_STATE flg=0x1000010 (has extras) } to com.google.android.cellbroadcastreceiver/com.android.cellbroadcastreceiver.CellBroadcastReceiver requires android.permission.READ_PHONE_STATE due to sender android (uid 1001)
02-03 21:16:06.648 W/BroadcastQueue( 1741): Appop Denial: receiving Intent { act=android.intent.action.SERVICE_STATE flg=0x1000010 (has extras) } to ProcessRecord{d1f4578 2210:com.android.systemui/u0a105} (pid=2210, uid=10105) excludes appop android:read_phone_state due to sender android (uid 1001)
02-03 21:16:06.649 W/BroadcastQueue( 1741): Appop Denial: receiving Intent { act=android.intent.action.SERVICE_STATE flg=0x1000010 (has extras) } to ProcessRecord{e665375 1741:system/1000} (pid=1741, uid=1000) excludes appop android:read_phone_state due to sender android (uid 1001)
02-03 21:16:06.650 W/BroadcastQueue( 1741): Appop Denial: receiving Intent { act=android.intent.action.SERVICE_STATE flg=0x1000010 (has extras) } to ProcessRecord{169bd7f 2506:com.android.phone/1001} (pid=2506, uid=1001) excludes appop android:read_phone_state due to sender android (uid 1001)
02-03 21:16:06.672 I/HwShutdownRecord( 1741): urgent_sync sync end 0
02-03 21:16:08.416 D/PowerManagerService( 1741): userActivityNoUpdateLocked: groupId=0, eventTime=102525741, event=2, flags=0x0, uid=1000
02-03 21:16:08.517 D/PowerManagerService( 1741): userActivityNoUpdateLocked: groupId=0, eventTime=102525844, event=2, flags=0x0, uid=1000
02-03 21:16:08.619 D/PowerManagerService( 1741): userActivityNoUpdateLocked: groupId=0, eventTime=102525947, event=2, flags=0x0, uid=1000
02-03 21:16:08.722 D/PowerManagerService( 1741): userActivityNoUpdateLocked: groupId=0, eventTime=102526049, event=2, flags=0x0, uid=1000
02-03 21:16:08.824 D/PowerManagerService( 1741): userActivityNoUpdateLocked: groupId=0, eventTime=102526152, event=2, flags=0x0, uid=1000
02-03 21:16:08.926 D/PowerManagerService( 1741): userActivityNoUpdateLocked: groupId=0, eventTime=102526254, event=2, flags=0x0, uid=1000
02-03 21:16:09.028 D/PowerManagerService( 1741): userActivityNoUpdateLocked: groupId=0, eventTime=102526356, event=2, flags=0x0, uid=1000
02-03 21:16:09.936 D/PowerManagerService( 1741): userActivityNoUpdateLocked: groupId=0, eventTime=102527263, event=2, flags=0x0, uid=1000
02-03 21:16:10.304 D/PowerManagerService( 1741): userActivityNoUpdateLocked: groupId=0, eventTime=102527631, event=2, flags=0x0, uid=1000
02-03 21:16:10.518 D/PowerManagerService( 1741): userActivityNoUpdateLocked: groupId=0, eventTime=102527843, event=2, flags=0x0, uid=1000
02-03 21:16:10.662 D/PowerManagerService( 1741): userActivityNoUpdateLocked: groupId=0, eventTime=102527990, event=2, flags=0x0, uid=1000
02-03 21:16:12.024 D/PowerManagerService( 1741): userActivityNoUpdateLocked: groupId=0, eventTime=102529350, event=2, flags=0x0, uid=1000
02-03 21:16:12.126 D/PowerManagerService( 1741): userActivityNoUpdateLocked: groupId=0, eventTime=102529453, event=2, flags=0x0, uid=1000
02-03 21:16:13.034 D/PowerManagerService( 1741): userActivityNoUpdateLocked: groupId=0, eventTime=102530360, event=2, flags=0x0, uid=1000
02-03 21:16:13.135 D/PowerManagerService( 1741): userActivityNoUpdateLocked: groupId=0, eventTime=102530463, event=2, flags=0x0, uid=1000
02-03 21:16:13.237 D/PowerManagerService( 1741): userActivityNoUpdateLocked: groupId=0, eventTime=102530565, event=2, flags=0x0, uid=1000
02-03 21:16:13.340 D/PowerManagerService( 1741): userActivityNoUpdateLocked: groupId=0, eventTime=102530668, event=2, flags=0x0, uid=1000
02-03 21:16:15.555 D/OplusBatteryServiceFeature( 1741): setSmartCoolDown: coolDown = 3, normalCoolDown = 3, pkgName = com.twitter.android
02-03 21:16:15.564 D/VRR [OPlusRefreshRateService]( 1741):  setFrameRateTargetControl [ 0.0 , com.twitter.android , false , com.oplus.battery ]
02-03 21:16:15.564 D/VRR [OPlusRefreshRateService]( 1741):  setFrameRateTargetControl from [0, 1000, android.uid.system:1000]
02-03 21:16:15.564 D/VRR [OPlusExternalRefreshRateManager]( 1741):  [FRTC] FrameRate : 0 com.twitter.android false com.oplus.battery 0 1000
02-03 21:16:15.565 D/VRR [OPlusSurfaceFlingerController]( 1741):  add frtc FrameRate : 0 com.twitter.android false com.oplus.battery
02-03 21:16:20.413 D/PowerManagerService( 1741): userActivityNoUpdateLocked: groupId=0, eventTime=102537733, event=2, flags=0x0, uid=1000
02-03 21:16:20.509 D/PowerManagerService( 1741): userActivityNoUpdateLocked: groupId=0, eventTime=102537836, event=2, flags=0x0, uid=1000
02-03 21:16:20.765 D/PowerManagerService( 1741): userActivityNoUpdateLocked: groupId=0, eventTime=102538091, event=2, flags=0x0, uid=1000
02-03 21:16:20.977 D/PowerManagerService( 1741): userActivityNoUpdateLocked: groupId=0, eventTime=102538304, event=2, flags=0x0, uid=1000
02-03 21:16:21.086 D/PowerManagerService( 1741): userActivityNoUpdateLocked: groupId=0, eventTime=102538414, event=2, flags=0x0, uid=1000
02-03 21:16:24.692 I/Quality (13289): Skipped: false 1 cost 26.4125 refreshRate 16551730 bit true processName com.twitter.android
02-03 21:16:24.724 I/Quality (13289): Skipped: false 1 cost 25.495523 refreshRate 16575122 bit true processName com.twitter.android
02-03 21:16:24.750 W/JobScheduler( 1741): Job didn't exist in JobStore: #com.twitter.android/2118
02-03 21:16:24.751 I/Quality (13289): Skipped: false 1 cost 18.894217 refreshRate 16567386 bit true processName com.twitter.android
02-03 21:16:24.754 W/JobScheduler( 1741): Job didn't exist in JobStore: #com.twitter.android/2117
02-03 21:16:24.807 W/JobScheduler( 1741): Job didn't exist in JobStore: #com.twitter.android/2119
02-03 21:16:25.674 W/ContextImpl(27330): Calling a method in the system process without a qualified user: android.app.ContextImpl.bindService:1982 android.content.ContextWrapper.bindService:863 com.heytap.mcs.biz.statistics.agent.OBUSAgent.bindStatisticsApiService:8 com.heytap.mcs.biz.statistics.agent.OBUSAgent.upload:7 com.heytap.mcs.biz.statistics.agent.AgentManager.upload:3 
02-03 21:16:25.686 D/CompatibilityChangeReporter( 1741): Compat change id reported: 135634846; UID 1000; state: DISABLED
02-03 21:16:25.686 D/CompatibilityChangeReporter( 1741): Compat change id reported: 177438394; UID 1000; state: DISABLED
02-03 21:16:25.686 D/CompatibilityChangeReporter( 1741): Compat change id reported: 135772972; UID 1000; state: DISABLED
02-03 21:16:25.686 D/CompatibilityChangeReporter( 1741): Compat change id reported: 135754954; UID 1000; state: ENABLED
02-03 21:16:25.692 W/ContextImpl(27330): Calling a method in the system process without a qualified user: android.app.ContextImpl.startService:1889 android.content.ContextWrapper.startService:827 com.heytap.mcs.service.McsService.a:13 com.heytap.mcs.service.McsService.a:4 com.heytap.mcs.service.McsService$c.run:47 
02-03 21:16:25.710 I/ActivityManager( 1741): Start proc 10865:com.heytap.mcs.statistics/1000 for service {com.heytap.mcs/com.heytap.mcs.biz.statistics.service.StatisticsApiService}
02-03 21:16:25.713 W/ContextImpl(10151): Calling a method in the system process without a qualified user: android.app.ContextImpl.startService:1889 android.content.ContextWrapper.startService:827 com.heytap.mcs.biz.message.h.a:18 com.heytap.mcs.biz.message.h.a:6 com.heytap.mcs.base.task.a.b:6 
02-03 21:16:25.729 I/ActivityManager( 1741): Start proc 10876:com.heytap.mcs.appservice/1000 for service {com.heytap.mcs/com.heytap.mcs.biz.appservice.McsSdkService}
02-03 21:16:25.755 D/CompatibilityChangeReporter( 1741): Compat change id reported: 168419799; UID 1000; state: DISABLED
02-03 21:16:25.761 I/ActivityManager( 1741): Process com.heytap.mcs.biz.message (pid 10151) has died: fg  SVC 
02-03 21:16:25.803 D/OplusBatteryServiceFeature( 1741): setSmartCoolDown: coolDown = 5, normalCoolDown = 5, pkgName = com.twitter.android
02-03 21:16:25.807 D/VRR [OPlusRefreshRateService]( 1741):  setFrameRateTargetControl [ 0.0 , com.twitter.android , false , com.oplus.battery ]
02-03 21:16:25.808 D/VRR [OPlusRefreshRateService]( 1741):  setFrameRateTargetControl from [0, 1000, android.uid.system:1000]
02-03 21:16:25.808 D/VRR [OPlusExternalRefreshRateManager]( 1741):  [FRTC] FrameRate : 0 com.twitter.android false com.oplus.battery 0 1000
02-03 21:16:25.808 D/VRR [OPlusSurfaceFlingerController]( 1741):  add frtc FrameRate : 0 com.twitter.android false com.oplus.battery
02-03 21:16:25.908 D/CompatibilityChangeReporter( 1741): Compat change id reported: 161145287; UID 1000; state: DISABLED
02-03 21:16:25.910 W/ActivityManager( 1741): Receiver with filter android.content.IntentFilter@a07bb55 already registered for pid 10865, callerPackage is com.heytap.mcs
02-03 21:16:25.948 W/ActivityManager( 1741): Receiver with filter android.content.IntentFilter@d830e5b already registered for pid 10865, callerPackage is com.heytap.mcs
02-03 21:16:25.993 W/ContextImpl(10865): Calling a method in the system process without a qualified user: android.app.ContextImpl.bindService:1982 android.content.ContextWrapper.bindService:863 com.heytap.msp.ipc.client.BinderManager.getBinderSync:9 com.heytap.msp.ipc.client.CompatServiceClient.getBinder:3 com.heytap.msp.ipc.client.CompatServiceClient.callRemote:32 
02-03 21:16:26.249 D/PowerManagerService( 1741): userActivityNoUpdateLocked: groupId=0, eventTime=102543576, event=2, flags=0x0, uid=1000
02-03 21:16:26.524 I/Quality (13289): Skipped: false 8 cost 137.43846 refreshRate 16549359 bit true processName com.twitter.android
02-03 21:16:26.565 I/Quality (13289): Skipped: false 1 cost 29.944866 refreshRate 16550006 bit true processName com.twitter.android
02-03 21:16:26.675 I/Quality (13289): Skipped: false 1 cost 23.794724 refreshRate 16555908 bit true processName com.twitter.android
02-03 21:16:26.704 I/Quality (13289): Skipped: false 1 cost 19.583351 refreshRate 16554539 bit true processName com.twitter.android
02-03 21:16:26.758 W/JobScheduler( 1741): Job didn't exist in JobStore: #com.twitter.android/2120
02-03 21:16:27.194 I/OplusProxyWakeLock( 1741): add uid: 10744 wakelock: lock:42025823 PARTIAL_WAKE_LOCK              '*job*' (uid=1000 pid=1741 ws=WorkSource{10744 com.cricbuzz.android})  to FroceReleaseWakeLock list
02-03 21:16:27.195 D/OplusDisplayPowerControllerExtImpl( 1741): original brightness:913 final brightness:913.0 scale:1.0 reason:1 darkLevel:0
02-03 21:16:27.196 D/DisplayManagerServiceExtImpl( 1741): request size(1,1),dpc=com.android.server.display.DisplayPowerController@af3474e size(0,1),flags=0X200F,id(0,0,local:0), phase=1, enable=true, ready=false,prox=true policy=BRIGHT,dozeState=UNKNOWN,screenBrightnessOverride=-1.000000,useAuto=false,lowPower=false,lowPowerFactor=0.500000
02-03 21:16:27.197 D/OplusDisplayPowerControllerExtImpl( 1741): RECORD:onUpdatePowerState policy:3 state:2 brightness:913
02-03 21:16:27.198 D/VRR [OPlusRefreshRateService]( 1741): notifyBrightnessChange brightness: 913.0
02-03 21:16:27.199 D/DisplayManagerServiceExtImpl( 1741): request size(1,1),dpc=com.android.server.display.DisplayPowerController@af3474e size(0,1),flags=0X200F,id(0,0,local:0), phase=1, enable=true, ready=true,prox=false policy=BRIGHT,dozeState=UNKNOWN,screenBrightnessOverride=-1.000000,useAuto=false,lowPower=false,lowPowerFactor=0.500000
02-03 21:16:27.333 D/PowerManagerService( 1741): userActivityNoUpdateLocked: groupId=0, eventTime=102544659, event=2, flags=0x0, uid=1000
02-03 21:16:27.494 D/OplusProxyWakeLock( 1741): restore uid :10744 wakelock: lock:42025823 PARTIAL_WAKE_LOCK              '*job*' (uid=1000 pid=1741 ws=WorkSource{10744 com.cricbuzz.android})
02-03 21:16:28.878 D/PowerManagerService( 1741): userActivityNoUpdateLocked: groupId=0, eventTime=102546205, event=2, flags=0x0, uid=1000
02-03 21:16:28.979 D/PowerManagerService( 1741): userActivityNoUpdateLocked: groupId=0, eventTime=102546307, event=2, flags=0x0, uid=1000
02-03 21:16:29.082 D/PowerManagerService( 1741): userActivityNoUpdateLocked: groupId=0, eventTime=102546410, event=2, flags=0x0, uid=1000
02-03 21:16:29.185 D/PowerManagerService( 1741): userActivityNoUpdateLocked: groupId=0, eventTime=102546512, event=2, flags=0x0, uid=1000
02-03 21:16:29.287 D/PowerManagerService( 1741): userActivityNoUpdateLocked: groupId=0, eventTime=102546614, event=2, flags=0x0, uid=1000
02-03 21:16:29.389 D/PowerManagerService( 1741): userActivityNoUpdateLocked: groupId=0, eventTime=102546717, event=2, flags=0x0, uid=1000
02-03 21:16:29.491 D/PowerManagerService( 1741): userActivityNoUpdateLocked: groupId=0, eventTime=102546819, event=2, flags=0x0, uid=1000
02-03 21:16:29.570 I/Quality (13289): JankCountInfo: com.twitter.app.main.MainActivity basic:0-0-0 action:-1 data:0-0 type:2 stage:0-0-0 type:3 stage:0-0-0 action:1 data:0-0 type:2 stage:0-0-0 action:2 data:0-0 type:2 stage:0-1-0 type:3 stage:0-0-0 action:6 data:0-1 type:2 stage:0-1-0 action:8 data:0-0 type:2 stage:0-4-0 type:3 stage:0-0-0
02-03 21:16:29.594 D/PowerManagerService( 1741): userActivityNoUpdateLocked: groupId=0, eventTime=102546922, event=2, flags=0x0, uid=1000
02-03 21:16:29.696 D/PowerManagerService( 1741): userActivityNoUpdateLocked: groupId=0, eventTime=102547024, event=2, flags=0x0, uid=1000
02-03 21:16:29.799 D/PowerManagerService( 1741): userActivityNoUpdateLocked: groupId=0, eventTime=102547127, event=2, flags=0x0, uid=1000
02-03 21:16:29.930 D/PowerManagerService( 1741): userActivityNoUpdateLocked: groupId=0, eventTime=102547258, event=2, flags=0x0, uid=1000
02-03 21:16:30.033 D/PowerManagerService( 1741): userActivityNoUpdateLocked: groupId=0, eventTime=102547361, event=2, flags=0x0, uid=1000
02-03 21:16:30.136 D/PowerManagerService( 1741): userActivityNoUpdateLocked: groupId=0, eventTime=102547463, event=2, flags=0x0, uid=1000
02-03 21:16:30.394 I/Quality (13289): Skipped: false 2 cost 35.373024 refreshRate 16551072 bit true processName com.twitter.android
02-03 21:16:30.448 W/JobScheduler( 1741): Job didn't exist in JobStore: #com.twitter.android/2121
02-03 21:16:30.538 D/PowerManagerService( 1741): userActivityNoUpdateLocked: groupId=0, eventTime=102547865, event=2, flags=0x0, uid=1000
02-03 21:16:30.670 D/PowerManagerService( 1741): userActivityNoUpdateLocked: groupId=0, eventTime=102547998, event=2, flags=0x0, uid=1000
02-03 21:16:30.771 D/PowerManagerService( 1741): userActivityNoUpdateLocked: groupId=0, eventTime=102548099, event=2, flags=0x0, uid=1000
02-03 21:16:30.908 W/ContextImpl(10865): Calling a method in the system process without a qualified user: android.app.ContextImpl.startService:1889 android.content.ContextWrapper.startService:827 com.heytap.mcs.biz.statistics.StaticProcessTrackStatusManager.exitCurrentProcess:11 com.heytap.mcs.biz.statistics.StaticProcessTrackStatusManager$1.handleMessage:3 android.os.Handler.dispatchMessage:102 
02-03 21:16:30.912 I/ActivityManager( 1741): Killing 16850:com.oplus.onetrace/1000 (adj 955): empty #21
02-03 21:16:30.968 I/WallpaperManagerServiceExt( 1741): getFoldWallpaperInfo user=0 which=32 phyDisplay=1
02-03 21:16:30.968 I/WallpaperManagerServiceExt( 1741): getFoldWallpaperInfo user=0 which=16 phyDisplay=1
02-03 21:16:30.984 I/OplusAppSwitchManagerService( 1741): hanldeBinderDied
02-03 21:16:30.984 I/OplusAppSwitchManagerService( 1741): appswitch unregisterAppSwitchObserver pkgName = com.oplus.onetrace config = OplusAppSwitchConfig = {  mConfigs = {} observerFingerPrint = 6165499}
02-03 21:16:30.984 I/OplusAppSwitchStateDispatcher( 1741): unregisterAppSwitchObserver ok, pkgName = com.oplus.onetrace info = OplusAppSwitchRuleInfo = {  observer = null observerFingerPrint = 6165499}
02-03 21:16:30.985 D/DisplayManagerService( 1741): Display listener for pid 16850 died.
02-03 21:16:30.991 I/ActivityManager( 1741): Process com.heytap.mcs.statistics (pid 10865) has died: fg  SVC 
02-03 21:16:31.961 D/CompatibilityChangeReporter( 1741): Compat change id reported: 177438394; UID 1000; state: DISABLED
02-03 21:16:31.962 D/CompatibilityChangeReporter( 1741): Compat change id reported: 135772972; UID 1000; state: DISABLED
02-03 21:16:31.964 D/CompatibilityChangeReporter( 1741): Compat change id reported: 135754954; UID 1000; state: ENABLED
02-03 21:16:31.983 I/ActivityManager( 1741): Start proc 11068:com.oplus.onetrace/1000 for service {com.oplus.onetrace/com.oplus.onetrace.controller.StatsManagerService}
02-03 21:16:32.029 D/CompatibilityChangeReporter( 1741): Compat change id reported: 168419799; UID 1000; state: DISABLED
02-03 21:16:32.210 W/ContextImpl(11068): Calling a method in the system process without a qualified user: android.app.ContextImpl.bindService:1982 android.content.ContextWrapper.bindService:863 com.oplus.dataprovider.utils.AthenaManager.p:19 com.oplus.dataprovider.utils.AthenaManager.u:24 com.oplus.dataprovider.utils.AthenaManager.s:1 
02-03 21:16:32.222 W/ContextImpl(11068): Calling a method in the system process without a qualified user: android.app.ContextImpl.bindService:1982 android.content.ContextWrapper.bindService:863 com.oplus.dataprovider.utils.AthenaManager.o:19 com.oplus.dataprovider.utils.AthenaManager.t:24 com.oplus.dataprovider.utils.AthenaManager.s:4 
02-03 21:16:32.459 D/CompatibilityChangeReporter( 1741): Compat change id reported: 157233955; UID 1000; state: ENABLED
02-03 21:16:32.506 D/CompatibilityChangeReporter( 1741): Compat change id reported: 74210811; UID 1000; state: DISABLED
02-03 21:16:32.508 D/CompatibilityChangeReporter( 1741): Compat change id reported: 74210811; UID 1000; state: ENABLED
02-03 21:16:32.526 I/OplusAppSwitchManagerService( 1741): appswitch registerAppSwitchObserver pName = com@@oplus@@onetrace observer = com.oplus.app.IOplusAppSwitchObserver$Stub$Proxy@5447946 config = OplusAppSwitchConfig = {  mConfigs = {} observerFingerPrint = 116231574}
02-03 21:16:32.526 I/OplusAppSwitchStateDispatcher( 1741): registerAppSwitchObserver addDynamicListener OK, info = OplusAppSwitchRuleInfo = {  observer = com.oplus.app.IOplusAppSwitchObserver$Stub$Proxy@5447946 observerFingerPrint = 116231574} rule size =0
02-03 21:16:32.537 W/ContextImpl(11068): Calling a method in the system process without a qualified user: android.app.ContextImpl.bindService:1982 android.content.ContextWrapper.bindService:863 com.oplus.dataprovider.producer.AppJankDataMonitor.bindSender:23 com.oplus.dataprovider.producer.AppJankDataMonitor.c:1 com.oplus.dataprovider.producer.f.run:3 
02-03 21:16:32.545 D/CompatibilityChangeReporter( 1741): Compat change id reported: 168419799; UID 1000; state: DISABLED
02-03 21:16:32.553 W/ContextImpl(11068): Calling a method in the system process without a qualified user: android.app.ContextImpl.bindService:1982 android.content.ContextWrapper.bindService:863 com.oplus.dataprovider.server.ThermalControlStatsProvider.h:37 com.oplus.dataprovider.server.ThermalControlStatsProvider.m:35 com.oplus.dataprovider.app.Z.n:3 
02-03 21:16:32.557 W/ActivityManager( 1741): Unable to start service Intent { act=com.oplus.battery.ThermalTraceService pkg=com.oplus.battery } U=0: not found
02-03 21:16:33.251 D/PowerManagerService( 1741): userActivityNoUpdateLocked: groupId=0, eventTime=102550577, event=2, flags=0x0, uid=1000
02-03 21:16:35.454 I/ActivityManager( 1741): Killing 3632:com.rapido.passenger/u0a820 (adj 999): empty #21
02-03 21:16:35.529 W/ActivityManager( 1741): Process 5646 does not match uid 1000 ignore setting hits oom adj
02-03 21:16:35.545 I/ActivityManager( 1741): Process com.oplus.sau (pid 5646) has died: svc SVC 
02-03 21:16:36.475 I/keystore2(  628): keystore2::watchdog: Watchdog thread idle -> terminating. Have a great day.
02-03 21:16:40.267 D/PowerManagerService( 1741): userActivityNoUpdateLocked: groupId=0, eventTime=102557583, event=2, flags=0x0, uid=1000
02-03 21:16:40.358 D/PowerManagerService( 1741): userActivityNoUpdateLocked: groupId=0, eventTime=102557685, event=2, flags=0x0, uid=1000
02-03 21:16:40.528 D/PowerManagerService( 1741): userActivityNoUpdateLocked: groupId=0, eventTime=102557855, event=2, flags=0x0, uid=1000
02-03 21:16:40.740 D/PowerManagerService( 1741): userActivityNoUpdateLocked: groupId=0, eventTime=102558067, event=2, flags=0x0, uid=1000
02-03 21:16:40.842 D/PowerManagerService( 1741): userActivityNoUpdateLocked: groupId=0, eventTime=102558169, event=2, flags=0x0, uid=1000
02-03 21:16:41.144 D/PowerManagerService( 1741): userActivityNoUpdateLocked: groupId=0, eventTime=102558469, event=2, flags=0x0, uid=1000
02-03 21:16:41.245 D/PowerManagerService( 1741): userActivityNoUpdateLocked: groupId=0, eventTime=102558572, event=2, flags=0x0, uid=1000
02-03 21:16:41.509 D/PowerManagerService( 1741): userActivityNoUpdateLocked: groupId=0, eventTime=102558835, event=2, flags=0x0, uid=1000
02-03 21:16:41.558 I/Quality (13289): Skipped: false 2 cost 44.647205 refreshRate 16547726 bit true processName com.twitter.android
02-03 21:16:41.683 D/PowerManagerService( 1741): userActivityNoUpdateLocked: groupId=0, eventTime=102559011, event=2, flags=0x0, uid=1000
02-03 21:16:41.844 D/OplusAppListInterceptManager( 1741): shouldFilterTask
02-03 21:16:41.844 D/OplusAppListInterceptManager( 1741): shouldFilterTask::packageName = com.twitter.android
02-03 21:16:41.844 D/OplusAppListInterceptManager( 1741): shouldFilterTask
02-03 21:16:41.844 D/OplusAppListInterceptManager( 1741): shouldFilterTask::packageName = com.cricbuzz.android
02-03 21:16:41.844 D/OplusAppListInterceptManager( 1741): shouldFilterTask
02-03 21:16:41.844 D/OplusAppListInterceptManager( 1741): shouldFilterTask::packageName = com.google.android.youtube
02-03 21:16:41.845 D/OplusAppListInterceptManager( 1741): shouldFilterTask
02-03 21:16:41.845 D/OplusAppListInterceptManager( 1741): shouldFilterTask::packageName = com.wholexale.app.staging
02-03 21:16:41.845 D/OplusAppListInterceptManager( 1741): shouldFilterTask
02-03 21:16:41.845 D/OplusAppListInterceptManager( 1741): shouldFilterTask::packageName = com.android.chrome
02-03 21:16:41.845 D/OplusAppListInterceptManager( 1741): shouldFilterTask
02-03 21:16:41.845 D/OplusAppListInterceptManager( 1741): shouldFilterTask::packageName = com.whatsapp
02-03 21:16:42.213 D/PowerManagerService( 1741): userActivityNoUpdateLocked: groupId=0, eventTime=102559538, event=2, flags=0x0, uid=1000
02-03 21:16:42.216 D/OplusZoomWindowRUSConfigManager( 1741): isSupportZoomModeWithPolicyLocked: target = com.twitter.android/.StartActivity
02-03 21:16:42.216 D/OplusZoomWindowRUSConfigManager( 1741): targetPkg = com.twitter.android
02-03 21:16:42.217 D/OplusZoomWindowRUSConfigManager( 1741): isSupportZoomModeWithPolicyLocked: target = com.twitter.android/com.twitter.app.main.MainActivity
02-03 21:16:42.217 D/OplusZoomWindowRUSConfigManager( 1741): targetPkg = com.twitter.android
02-03 21:16:42.220 D/OplusAppListInterceptManager( 1741): shouldFilterTask
02-03 21:16:42.220 D/OplusAppListInterceptManager( 1741): shouldFilterTask::packageName = com.twitter.android
02-03 21:16:42.221 D/OplusAppListInterceptManager( 1741): shouldFilterTask
02-03 21:16:42.221 D/OplusAppListInterceptManager( 1741): shouldFilterTask::packageName = com.cricbuzz.android
02-03 21:16:42.221 D/OplusAppListInterceptManager( 1741): shouldFilterTask
02-03 21:16:42.221 D/OplusAppListInterceptManager( 1741): shouldFilterTask::packageName = com.google.android.youtube
02-03 21:16:42.221 D/OplusAppListInterceptManager( 1741): shouldFilterTask
02-03 21:16:42.221 D/OplusAppListInterceptManager( 1741): shouldFilterTask::packageName = com.wholexale.app.staging
02-03 21:16:42.221 D/OplusAppListInterceptManager( 1741): shouldFilterTask
02-03 21:16:42.221 D/OplusAppListInterceptManager( 1741): shouldFilterTask::packageName = com.android.chrome
02-03 21:16:42.221 D/OplusAppListInterceptManager( 1741): shouldFilterTask
02-03 21:16:42.221 D/OplusAppListInterceptManager( 1741): shouldFilterTask::packageName = com.whatsapp
02-03 21:16:42.221 D/OplusAppListInterceptManager( 1741): shouldFilterTask
02-03 21:16:42.221 D/OplusAppListInterceptManager( 1741): shouldFilterTask::packageName = com.android.settings
02-03 21:16:42.222 D/CompatibilityChangeReporter( 1741): Compat change id reported: 197654537; UID 1000; state: ENABLED
02-03 21:16:42.222 D/OplusSplitScreenManagerService( 1741): com.android.settings unSupportsSplitScreen by blockList or ForbidActivityList
02-03 21:16:42.222 D/OplusSplitScreenManagerService( 1741): com.android.settings unSupportsSplitScreen by blockList or ForbidActivityList
02-03 21:16:42.222 D/OplusAppListInterceptManager( 1741): shouldFilterTask
02-03 21:16:42.222 D/OplusAppListInterceptManager( 1741): shouldFilterTask::packageName = com.google.android.gm
02-03 21:16:42.224 D/OplusAppListInterceptManager( 1741): shouldFilterTask
02-03 21:16:42.224 D/OplusAppListInterceptManager( 1741): shouldFilterTask::packageName = com.whatsapp
02-03 21:16:42.225 D/OplusAppListInterceptManager( 1741): shouldFilterTask
02-03 21:16:42.225 D/OplusAppListInterceptManager( 1741): shouldFilterTask::packageName = com.whatsapp.w4b
02-03 21:16:42.225 D/OplusAppListInterceptManager( 1741): shouldFilterTask
02-03 21:16:42.226 D/OplusAppListInterceptManager( 1741): shouldFilterTask::packageName = com.microsoft.bing
02-03 21:16:42.226 D/OplusAppListInterceptManager( 1741): shouldFilterTask
02-03 21:16:42.226 D/OplusAppListInterceptManager( 1741): shouldFilterTask::packageName = com.snapchat.android
02-03 21:16:42.226 D/OplusSplitScreenManagerService( 1741): com.snapchat.android unSupportsSplitScreen by blockList or ForbidActivityList
02-03 21:16:42.226 D/OplusAppListInterceptManager( 1741): shouldFilterTask
02-03 21:16:42.226 D/OplusAppListInterceptManager( 1741): shouldFilterTask::packageName = com.coloros.assistantscreen
02-03 21:16:42.227 D/OplusAppListInterceptManager( 1741): shouldFilterTask
02-03 21:16:42.227 D/OplusAppListInterceptManager( 1741): shouldFilterTask::packageName = com.truecaller
02-03 21:16:42.227 D/OplusAppListInterceptManager( 1741): shouldFilterTask
02-03 21:16:42.227 D/OplusAppListInterceptManager( 1741): shouldFilterTask::packageName = com.google.android.apps.messaging
02-03 21:16:42.237 D/OplusZoomWindowManagerService( 1741): hideZoomWindow, caller: 2561
02-03 21:16:42.240 D/LockSettingsService( 1741): [getSeparateProfileChallengeEnabled] userId = 999
02-03 21:16:42.250 V/WindowManager( 1741): Relayout Window{313405c u0 com.android.wallpaper.livepicker.service.smoke.Smoke0WallpaperService}: viewVisibility=0, oldvis=0, req=-1x-1
02-03 21:16:42.256 V/WindowManager( 1741): Relayout Window{43ad301 u0 com.android.launcher/com.android.launcher.Launcher}: viewVisibility=0, oldvis=8, req=1080x2400
02-03 21:16:42.265 V/WindowManager( 1741): Relayout Window{79e5b u0 com.android.launcher/com.android.launcher.Launcher}: viewVisibility=0, oldvis=8, req=1080x2400
02-03 21:16:42.284 E/OplusZoomWindowManagerService( 1741): hideZoomWindow fail, zoomStack null
02-03 21:16:42.287 D/WindowManager( 1741): finishDrawingWindow: Window{43ad301 u0 com.android.launcher/com.android.launcher.Launcher} mDrawState=DRAW_PENDING
02-03 21:16:42.296 I/Quality ( 2561): Skipped: false 2 cost 37.46902 refreshRate 16548721 bit true processName com.android.launcher
02-03 21:16:42.304 D/WindowManager( 1741): finishDrawingWindow: Window{79e5b u0 com.android.launcher/com.android.launcher.Launcher} mDrawState=DRAW_PENDING
02-03 21:16:42.313 D/PowerManagerService( 1741): userActivityNoUpdateLocked: groupId=0, eventTime=102559641, event=2, flags=0x0, uid=1000
02-03 21:16:42.315 I/WindowStateExtImpl( 1741): onSurfaceShowChange show = true mPackageName = com.android.launcher parentPkgName = com.android.launcher
02-03 21:16:42.331 D/InputMethodManagerService( 1741): onHandleImeWindowVisibleStatus: vis = 0, needsToShowImeSwitcher = false
02-03 21:16:42.341 I/StatusBarManagerService( 1741): disableLocked, what:920000, pkg:com.android.launcher userId: 0 token:android.os.BinderProxy@74f4c67 net1:920000 net2:0
02-03 21:16:42.840 I/StatusBarManagerService( 1741): disableLocked, what:0, pkg:com.android.launcher userId: 0 token:android.os.BinderProxy@74f4c67 net1:0 net2:0
02-03 21:16:42.855 D/TaskChangeNotificationControllerExtImpl( 1741): Skip pass Snapshot to listener:android.app.ITaskStackListener$Stub$Proxy@9e2d06d
02-03 21:16:42.867 V/WindowManager( 1741): Changing focus from Window{94c85a9 u0 com.twitter.android/com.twitter.app.main.MainActivity} to Window{43ad301 u0 com.android.launcher/com.android.launcher.Launcher},diplayid=0
02-03 21:16:42.873 D/ActivityTaskManager( 1741): onWindowFocusChanged Task{1b1fe44 #6 type=home I=com.android.launcher/.Launcher U=0 rootTaskId=1 visible=true visibleRequested=true mode=fullscreen translucent=false sz=1} would transfer to compact
02-03 21:16:42.887 D/TaskFragmentExtImpl( 1741): addColorModeOnResume resume=true pkg = com.android.launcher
02-03 21:16:42.895 V/OplusZoomWindowManagerService( 1741): onAnimationFinished:  r = ActivityRecord{6b04cc8 u0 com.twitter.android/com.twitter.app.main.MainActivity} t1534}
02-03 21:16:42.895 E/OplusThermalStats( 1741): Error getting package info: com.android.launcher
02-03 21:16:42.896 I/OplusAppSwitchManagerService( 1741):  handleAppVisible , r = ActivityRecord{c0ace5a u0 com.android.launcher/.Launcher} t6}
02-03 21:16:42.902 D/OplusAppListInterceptManager( 1741): shouldFilterTask
02-03 21:16:42.902 D/OplusAppListInterceptManager( 1741): shouldFilterTask::packageName = com.twitter.android
02-03 21:16:42.902 D/OplusAppListInterceptManager( 1741): shouldFilterTask
02-03 21:16:42.902 D/OplusAppListInterceptManager( 1741): shouldFilterTask::packageName = com.cricbuzz.android
02-03 21:16:42.903 D/OplusAppListInterceptManager( 1741): shouldFilterTask
02-03 21:16:42.903 D/OplusAppListInterceptManager( 1741): shouldFilterTask::packageName = com.google.android.youtube
02-03 21:16:42.903 D/OplusAppListInterceptManager( 1741): shouldFilterTask
02-03 21:16:42.903 D/OplusAppListInterceptManager( 1741): shouldFilterTask::packageName = com.wholexale.app.staging
02-03 21:16:42.904 I/OplusJoystickManager( 1741): handleApplicationSwitch deprecated!
02-03 21:16:42.906 D/OplusAppSwitchListener( 1741): Detect com.twitter.android switch to background
02-03 21:16:42.906 D/OplusEapManager( 1741): mTargetExitName :com.twitter.android
02-03 21:16:42.906 D/VRR [OPlusFrontAppManager]( 1741): OnAppSwitchObserver: onAppExit , info.targetName = com.twitter.android
02-03 21:16:42.906 D/VRR [OPlusFrontAppManager]( 1741): packageName: null
02-03 21:16:42.906 D/VRR [OPlusRefreshRateService]( 1741): handleFrontAppChange pkgName: null
02-03 21:16:42.906 D/VRR [OPlusExternalRefreshRateManager]( 1741): setFrontPackageName pkgName: null CurPkgName: com.twitter.android
02-03 21:16:42.909 D/OplusAppSwitchListener( 1741): Detect com.android.launcher switch to foreground
02-03 21:16:42.909 D/OplusEapManager( 1741): mTargetEnterName :com.android.launcher
02-03 21:16:42.909 D/VRR [OPlusFrontAppManager]( 1741): OnAppSwitchObserver: onAppEnter , info.targetName = com.android.launcher
02-03 21:16:42.909 D/VRR [OPlusFrontAppManager]( 1741): packageName: com.android.launcher
02-03 21:16:42.910 D/VRR [OPlusRefreshRateService]( 1741): handleFrontAppChange pkgName: com.android.launcher
02-03 21:16:42.910 D/VRR [OPlusExternalRefreshRateManager]( 1741): setFrontPackageName pkgName: com.android.launcher CurPkgName: null
02-03 21:16:42.911 D/VRR [OPlusRefreshRateService]( 1741):  setFrameRateTargetControl [ 0.0 , com.twitter.android , false , com.oplus.battery ]
02-03 21:16:42.911 D/VRR [OPlusRefreshRateService]( 1741):  setFrameRateTargetControl from [0, 1000, android.uid.system:1000]
02-03 21:16:42.911 D/VRR [OPlusExternalRefreshRateManager]( 1741):  [FRTC] FrameRate : 0 com.twitter.android false com.oplus.battery 0 1000
02-03 21:16:42.912 D/VRR [OPlusSurfaceFlingerController]( 1741):  add frtc FrameRate : 0 com.twitter.android false com.oplus.battery
02-03 21:16:42.931 D/InputMethodManagerService( 1741): isSecurity: attribute.packageName=com.android.launcher mCurMethodId=com.google.android.inputmethod.latin/com.android.inputmethod.latin.LatinIME
02-03 21:16:42.931 D/InputMethodManagerService( 1741): isSecurity= false (  enable=false needShow=false inBlackList=false isExist=true )
02-03 21:16:42.938 D/OplusBatteryServiceFeature( 1741): setSmartCoolDown: coolDown = 5, normalCoolDown = 5, pkgName = com.android.launcher
02-03 21:16:42.952 D/InputMethodManagerService( 1741): onHandleImeWindowVisibleStatus: vis = 0, needsToShowImeSwitcher = false
02-03 21:16:43.009 D/OplusAppListInterceptManager( 1741): shouldFilterTask
02-03 21:16:43.009 D/OplusAppListInterceptManager( 1741): shouldFilterTask::packageName = com.twitter.android
02-03 21:16:43.010 D/OplusAppListInterceptManager( 1741): shouldFilterTask
02-03 21:16:43.010 D/OplusAppListInterceptManager( 1741): shouldFilterTask::packageName = com.cricbuzz.android
02-03 21:16:43.085 V/WindowManager( 1741): Relayout Window{94c85a9 u0 com.twitter.android/com.twitter.app.main.MainActivity}: viewVisibility=8, oldvis=0, req=1080x2400
02-03 21:16:43.409 D/CameraDelegate( 1741): handleMessage:200
02-03 21:16:43.659 I/OplusJoystickManager( 1741): read game pad state for game manager -> false
02-03 21:16:43.659 W/OplusJoystickManager( 1741): mInterceptGamepadKey is false
02-03 21:16:43.659 D/PhoneWindowManagerExtImpl( 1741): send check wallet message failed by switch close
02-03 21:16:43.685 I/HwShutdownRecord( 1741): RecoverSqlFunc running start, setprop false
02-03 21:16:44.398 D/PowerManagerService( 1741): userActivityNoUpdateLocked: groupId=0, eventTime=102561723, event=2, flags=0x0, uid=1000
02-03 21:16:44.404 I/iopgp   ( 2637): Iopgp: TRANSACTION_IOPGP_ON_KEY_DOWN sequence_id = 58 pkg_name = visu.suni.telugucalendar2014 isProfile = 0
02-03 21:16:44.405 D/iopgp   ( 2637): cannot find a compiledtrace, need to start tracing on intentstart.
02-03 21:16:44.405 D/iopgp   ( 2637): Iopgp: Decide the action on keydown event done in 1ms.
02-03 21:16:44.499 D/PowerManagerService( 1741): userActivityNoUpdateLocked: groupId=0, eventTime=102561826, event=2, flags=0x0, uid=1000
02-03 21:16:44.602 D/PowerManagerService( 1741): userActivityNoUpdateLocked: groupId=0, eventTime=102561930, event=2, flags=0x0, uid=1000
02-03 21:16:44.735 D/PowerManagerService( 1741): userActivityNoUpdateLocked: groupId=0, eventTime=102562061, event=2, flags=0x0, uid=1000
02-03 21:16:44.835 D/PowerManagerService( 1741): userActivityNoUpdateLocked: groupId=0, eventTime=102562163, event=2, flags=0x0, uid=1000
02-03 21:16:44.938 D/PowerManagerService( 1741): userActivityNoUpdateLocked: groupId=0, eventTime=102562265, event=2, flags=0x0, uid=1000
02-03 21:16:45.041 D/PowerManagerService( 1741): userActivityNoUpdateLocked: groupId=0, eventTime=102562368, event=2, flags=0x0, uid=1000
02-03 21:16:45.143 D/PowerManagerService( 1741): userActivityNoUpdateLocked: groupId=0, eventTime=102562470, event=2, flags=0x0, uid=1000
02-03 21:16:45.246 D/PowerManagerService( 1741): userActivityNoUpdateLocked: groupId=0, eventTime=102562573, event=2, flags=0x0, uid=1000
02-03 21:16:45.348 D/PowerManagerService( 1741): userActivityNoUpdateLocked: groupId=0, eventTime=102562675, event=2, flags=0x0, uid=1000
02-03 21:16:45.450 D/PowerManagerService( 1741): userActivityNoUpdateLocked: groupId=0, eventTime=102562777, event=2, flags=0x0, uid=1000
02-03 21:16:45.552 D/PowerManagerService( 1741): userActivityNoUpdateLocked: groupId=0, eventTime=102562880, event=2, flags=0x0, uid=1000
02-03 21:16:45.655 D/PowerManagerService( 1741): userActivityNoUpdateLocked: groupId=0, eventTime=102562983, event=2, flags=0x0, uid=1000
02-03 21:16:45.757 D/PowerManagerService( 1741): userActivityNoUpdateLocked: groupId=0, eventTime=102563083, event=2, flags=0x0, uid=1000
02-03 21:16:45.937 D/ActivityThread(13289): do gfx trim 40 success
02-03 21:16:45.956 I/ActivityManager( 1741): Process com.heytap.mcs.appservice (pid 10876) has died: cch+25 CEM 
02-03 21:16:53.700 D/CompatibilityChangeReporter( 1741): Compat change id reported: 151105954; UID 1000; state: ENABLED
02-03 21:16:53.704 E/AppOps  ( 1741): attributionTag  not declared in manifest of com.oplus.exsystemservice
02-03 21:16:53.709 E/AppOps  ( 1741): attributionTag  not declared in manifest of com.oplus.exsystemservice
02-03 21:16:55.336 W/BatteryExternalStatsWorker( 1741): error reading Bluetooth stats: 11
02-03 21:16:56.777 W/ContextImpl( 1741): Calling a method in the system process without a qualified user: android.app.ContextImpl.sendBroadcastMultiplePermissions:1238 com.android.server.TelephonyRegistry.broadcastServiceStateChanged:3149 com.android.server.TelephonyRegistry.notifyServiceStateForPhoneId:1665 com.android.internal.telephony.ITelephonyRegistry$Stub.onTransact:492 android.os.Binder.execTransactInternal:1331 
02-03 21:16:56.780 W/BroadcastQueue( 1741): Permission Denial: receiving Intent { act=android.intent.action.SERVICE_STATE flg=0x1000010 (has extras) } to ProcessRecord{d1f4578 2210:com.android.systemui/u0a105} (pid=2210, uid=10105) requires android.permission.ACCESS_FINE_LOCATION due to sender android (uid 1001)
02-03 21:16:56.783 W/BroadcastQueue( 1741): Permission Denial: receiving Intent { act=android.intent.action.SERVICE_STATE flg=0x1000010 (has extras) } to com.google.android.cellbroadcastreceiver/com.android.cellbroadcastreceiver.CellBroadcastReceiver requires android.permission.READ_PHONE_STATE due to sender android (uid 1001)
02-03 21:16:56.784 W/ContextImpl( 1741): Calling a method in the system process without a qualified user: android.app.ContextImpl.sendBroadcastMultiplePermissions:1288 android.content.Context.sendBroadcastMultiplePermissions:2281 com.android.server.TelephonyRegistry.broadcastServiceStateChanged:3153 com.android.server.TelephonyRegistry.notifyServiceStateForPhoneId:1665 com.android.internal.telephony.ITelephonyRegistry$Stub.onTransact:492 
02-03 21:16:56.785 W/BroadcastQueue( 1741): Permission Denial: receiving Intent { act=android.intent.action.SERVICE_STATE flg=0x1000010 (has extras) } to ProcessRecord{d1f4578 2210:com.android.systemui/u0a105} (pid=2210, uid=10105) requires android.permission.ACCESS_FINE_LOCATION due to sender android (uid 1001)
02-03 21:16:56.786 W/ContextImpl( 1741): Calling a method in the system process without a qualified user: android.app.ContextImpl.sendBroadcastMultiplePermissions:1288 android.content.Context.sendBroadcastMultiplePermissions:2281 com.android.server.TelephonyRegistry.broadcastServiceStateChanged:3160 com.android.server.TelephonyRegistry.notifyServiceStateForPhoneId:1665 com.android.internal.telephony.ITelephonyRegistry$Stub.onTransact:492 
02-03 21:16:56.786 W/BroadcastQueue( 1741): Appop Denial: receiving Intent { act=android.intent.action.SERVICE_STATE flg=0x1000010 (has extras) } to ProcessRecord{e665375 1741:system/1000} (pid=1741, uid=1000) excludes appop android:read_phone_state due to sender android (uid 1001)
02-03 21:16:56.786 W/BroadcastQueue( 1741): Appop Denial: receiving Intent { act=android.intent.action.SERVICE_STATE flg=0x1000010 (has extras) } to ProcessRecord{169bd7f 2506:com.android.phone/1001} (pid=2506, uid=1001) excludes appop android:read_phone_state due to sender android (uid 1001)
02-03 21:16:56.787 W/BroadcastQueue( 1741): Permission Denial: receiving Intent { act=android.intent.action.SERVICE_STATE flg=0x1000010 (has extras) } to com.google.android.cellbroadcastreceiver/com.android.cellbroadcastreceiver.CellBroadcastReceiver requires android.permission.ACCESS_FINE_LOCATION due to sender android (uid 1001)
02-03 21:16:56.789 W/ContextImpl( 1741): Calling a method in the system process without a qualified user: android.app.ContextImpl.sendBroadcastMultiplePermissions:1288 android.content.Context.sendBroadcastMultiplePermissions:2281 com.android.server.TelephonyRegistry.broadcastServiceStateChanged:3164 com.android.server.TelephonyRegistry.notifyServiceStateForPhoneId:1665 com.android.internal.telephony.ITelephonyRegistry$Stub.onTransact:492 
02-03 21:16:56.790 W/BroadcastQueue( 1741): Appop Denial: receiving Intent { act=android.intent.action.SERVICE_STATE flg=0x1000010 (has extras) } to ProcessRecord{e665375 1741:system/1000} (pid=1741, uid=1000) excludes appop android:fine_location due to sender android (uid 1001)
02-03 21:16:56.790 W/BroadcastQueue( 1741): Appop Denial: receiving Intent { act=android.intent.action.SERVICE_STATE flg=0x1000010 (has extras) } to ProcessRecord{169bd7f 2506:com.android.phone/1001} (pid=2506, uid=1001) excludes appop android:fine_location due to sender android (uid 1001)
02-03 21:16:56.792 W/BroadcastQueue( 1741): Permission Denial: receiving Intent { act=android.intent.action.SERVICE_STATE flg=0x1000010 (has extras) } to com.google.android.cellbroadcastreceiver/com.android.cellbroadcastreceiver.CellBroadcastReceiver requires android.permission.READ_PHONE_STATE due to sender android (uid 1001)
02-03 21:16:56.795 W/BroadcastQueue( 1741): Appop Denial: receiving Intent { act=android.intent.action.SERVICE_STATE flg=0x1000010 (has extras) } to ProcessRecord{d1f4578 2210:com.android.systemui/u0a105} (pid=2210, uid=10105) excludes appop android:read_phone_state due to sender android (uid 1001)
02-03 21:16:56.802 W/BroadcastQueue( 1741): Appop Denial: receiving Intent { act=android.intent.action.SERVICE_STATE flg=0x1000010 (has extras) } to ProcessRecord{e665375 1741:system/1000} (pid=1741, uid=1000) excludes appop android:read_phone_state due to sender android (uid 1001)
02-03 21:16:56.802 W/BroadcastQueue( 1741): Appop Denial: receiving Intent { act=android.intent.action.SERVICE_STATE flg=0x1000010 (has extras) } to ProcessRecord{169bd7f 2506:com.android.phone/1001} (pid=2506, uid=1001) excludes appop android:read_phone_state due to sender android (uid 1001)
02-03 21:17:00.017 E/OplusCustomizeRestrictionManagerService( 1741): isBiometricDisabled start
02-03 21:17:00.019 E/OplusCustomizeRestrictionManagerService( 1741): isBiometricDisabled start
02-03 21:17:03.568 I/Quality (  962): SFJankCountInfo: 2011;0;0-0-0-0-0-0-0-0-0-0;1-0-0-0-0-0-0-0-0-0;2-0-0-0-0-0-0-0-0-0;3-0-0-0-0-0-0-0-0-0;4-0-0-0-0-0-0-0-0-0;5-0-0-0-0-0-0-0-0-0;6-0-0-0-0-0-0-0-0-0;7-0-0-0-0-0-0-0-0-0;8-0-0-0-0-0-0-0-0-0;9-0-0-0-0-0-0-0-0-0;
02-03 21:17:19.822 D/CompatibilityChangeReporter( 1741): Compat change id reported: 135634846; UID 10128; state: DISABLED
02-03 21:17:19.822 D/CompatibilityChangeReporter( 1741): Compat change id reported: 177438394; UID 10128; state: DISABLED
02-03 21:17:19.822 D/CompatibilityChangeReporter( 1741): Compat change id reported: 135772972; UID 10128; state: DISABLED
02-03 21:17:19.823 D/CompatibilityChangeReporter( 1741): Compat change id reported: 135754954; UID 10128; state: ENABLED
02-03 21:17:19.824 D/CompatibilityChangeReporter( 1741): Compat change id reported: 143937733; UID 10128; state: ENABLED
02-03 21:17:19.841 I/ActivityManager( 1741): Start proc 11338:com.google.process.gapps/u0a128 for content provider {com.google.android.gsf/com.google.android.gsf.settings.GoogleSettingsProvider}
02-03 21:17:20.003 D/CompatibilityChangeReporter( 1741): Compat change id reported: 161145287; UID 10128; state: DISABLED
02-03 21:17:20.039 D/CompatibilityChangeReporter( 1741): Compat change id reported: 201794303; UID 10128; state: ENABLED
02-03 21:17:20.048 D/CompatibilityChangeReporter( 1741): Compat change id reported: 124107808; UID 10135; state: ENABLED
02-03 21:17:20.081 D/CompatibilityChangeReporter( 1741): Compat change id reported: 161145287; UID 10135; state: DISABLED
02-03 21:17:20.097 D/BiometricService( 1741): canAuthenticate: User=0, Caller=0, Authenticators=255, opPackageName=com.android.vending
02-03 21:17:20.100 D/BiometricService/PreAuthInfo( 1741): Package: com.android.vending Sensor ID: 0 Modality: 2 Status: 1
02-03 21:17:20.100 E/OplusCustomizeRestrictionManagerService( 1741): isBiometricDisabled start
02-03 21:17:20.101 E/OplusCustomizeRestrictionManagerService( 1741): isBiometricDisabled start
02-03 21:17:20.103 D/BiometricService/PreAuthInfo( 1741): Package: com.android.vending Sensor ID: 4 Modality: 8 Status: 7
02-03 21:17:20.105 D/BiometricService/PreAuthInfo( 1741): getCanAuthenticateInternal Modality: 2 AuthenticatorStatus: 1
02-03 21:17:20.105 D/AuthService( 1741): canAuthenticate, userId: 0, callingUserId: 0, authenticators: 255, result: 0
02-03 21:17:20.106 D/BiometricService( 1741): canAuthenticate: User=0, Caller=0, Authenticators=255, opPackageName=com.android.vending
02-03 21:17:20.107 D/BiometricService/PreAuthInfo( 1741): Package: com.android.vending Sensor ID: 0 Modality: 2 Status: 1
02-03 21:17:20.107 E/OplusCustomizeRestrictionManagerService( 1741): isBiometricDisabled start
02-03 21:17:20.108 E/OplusCustomizeRestrictionManagerService( 1741): isBiometricDisabled start
02-03 21:17:20.108 D/BiometricService/PreAuthInfo( 1741): Package: com.android.vending Sensor ID: 4 Modality: 8 Status: 7
02-03 21:17:20.108 D/BiometricService/PreAuthInfo( 1741): getCanAuthenticateInternal Modality: 2 AuthenticatorStatus: 1
02-03 21:17:20.108 D/AuthService( 1741): canAuthenticate, userId: 0, callingUserId: 0, authenticators: 255, result: 0
02-03 21:17:20.125 D/BiometricService( 1741): canAuthenticate: User=0, Caller=0, Authenticators=15, opPackageName=com.android.vending
02-03 21:17:20.126 D/BiometricService/PreAuthInfo( 1741): Package: com.android.vending Sensor ID: 0 Modality: 2 Status: 1
02-03 21:17:20.126 D/BiometricService/PreAuthInfo( 1741): Package: com.android.vending Sensor ID: 4 Modality: 8 Status: 4
