02-03 21:08:14.216 D/Layer   (  962): reparent to null sequence=37911, seq[9], name=Task=1564#37911
02-03 21:08:14.216 D/Layer   (  962): reparent to null sequence=37990, seq[2], name=Task=1564#37990
02-03 21:08:14.217 D/OplusLayer(  962): ~Layer() sequence=37912, name=ActivityRecord{c9b3551 u0 com.wholexale.app.staging/com.wholexale.app.MainActivity}#37912
02-03 21:08:14.217 D/OplusLayer(  962): ~Layer() sequence=37920, name=5fa91b6 ActivityRecordInputSink com.wholexale.app.staging/com.wholexale.app.MainActivity#37920
02-03 21:08:14.217 D/OplusLayer(  962): ~Layer() sequence=37990, name=Task=1564#37990
02-03 21:08:14.228 V/StatusBar( 2210): onReceive: Intent { act=android.intent.action.CLOSE_SYSTEM_DIALOGS flg=0x50000010 (has extras) }
02-03 21:08:14.228 I/MainLooperBlockDetector( 5725): com.coloros.common.utils.RxSystemKeyEventMonitor$systemKeyEventReceiver$1.onReceive
02-03 21:08:14.228 V/ShadeControllerImpl( 2210): NotificationShadeWindow: com.android.systemui.statusbar.phone.NotificationShadeWindowView{39b9082 I.E...... ......ID 0,0-1080,2400} canPanelBeCollapsed(): false
02-03 21:08:14.228 I/MainLooperBlockDetector( 5725): checkMainLooperBlocked: detector not initialized
02-03 21:08:14.229 I/AstScreen.RxSystemKeyEventMonitor( 5725): HomeKey Receiver Reason = recentapps
02-03 21:08:14.229 D/OplusAppListInterceptManager( 1741): shouldFilterTask
02-03 21:08:14.229 D/OplusAppListInterceptManager( 1741): shouldFilterTask::packageName = com.google.android.youtube
02-03 21:08:14.229 D/OplusAppListInterceptManager( 1741): shouldFilterTask
02-03 21:08:14.229 D/OplusAppListInterceptManager( 1741): shouldFilterTask::packageName = com.cricbuzz.android
02-03 21:08:14.230 D/OplusAppListInterceptManager( 1741): shouldFilterTask
02-03 21:08:14.230 D/OplusAppListInterceptManager( 1741): shouldFilterTask::packageName = com.twitter.android
02-03 21:08:14.230 D/OplusAppListInterceptManager( 1741): shouldFilterTask
02-03 21:08:14.230 D/OplusAppListInterceptManager( 1741): shouldFilterTask::packageName = com.android.chrome
02-03 21:08:14.233 D/PowerManagerService( 1741): userActivityNoUpdateLocked: groupId=0, eventTime=102051561, event=2, flags=0x0, uid=1000
02-03 21:08:14.236 I/DeepThinkerSDK( 1741): [APP] ClientConnection: getDeepThinkerBridge start
02-03 21:08:14.236 I/DeepThinkerSDK( 1741): [APP] ClientConnection: getDeepThinkerBridge end
02-03 21:08:14.238 D/OplusAppListInterceptManager( 1741): shouldFilterTask
02-03 21:08:14.238 D/OplusAppListInterceptManager( 1741): shouldFilterTask::packageName = com.google.android.youtube
02-03 21:08:14.238 D/OplusAppListInterceptManager( 1741): shouldFilterTask
02-03 21:08:14.238 D/OplusAppListInterceptManager( 1741): shouldFilterTask::packageName = com.cricbuzz.android
02-03 21:08:14.238 D/OplusAppListInterceptManager( 1741): shouldFilterTask
02-03 21:08:14.238 D/OplusAppListInterceptManager( 1741): shouldFilterTask::packageName = com.twitter.android
02-03 21:08:14.238 D/OplusAppListInterceptManager( 1741): shouldFilterTask
02-03 21:08:14.238 D/OplusAppListInterceptManager( 1741): shouldFilterTask::packageName = com.android.chrome
02-03 21:08:14.238 I/libPowerHal(  863): [perfLockRel] hdl:97345, idx:1
02-03 21:08:14.239 D/b/223498680( 2561): BaseRecentsViewStateController setStateWithAnimation state=Normal, config.skipOverview=false
02-03 21:08:14.239 I/libPowerHal(  863): [PD] MTKPOWER_HINT_APP_TOUCH update cmd:3408600 param:0
02-03 21:08:14.239 W/Athena  ( 1741): MemoryGuardAction: current is in launcher, no support to handle mini program
02-03 21:08:14.241 D/b/223498680( 2561): LRV onStateTransitionStart setFreezeVisibility=true, toState=Normal
02-03 21:08:14.242 W/ThermalControlStatsParser(16850): Not supported ambient state : 0, may need to be updated.
02-03 21:08:14.243 W/ThermalControlStatsParser(16850): Not supported ambient state : 0, may need to be updated.
02-03 21:08:14.246 D/OplusAppListInterceptManager( 1741): shouldFilterTask
02-03 21:08:14.246 D/OplusAppListInterceptManager( 1741): shouldFilterTask::packageName = com.google.android.youtube
02-03 21:08:14.246 D/OplusAppListInterceptManager( 1741): shouldFilterTask
02-03 21:08:14.246 D/OplusAppListInterceptManager( 1741): shouldFilterTask::packageName = com.cricbuzz.android
02-03 21:08:14.255 I/MainLooperBlockDetector( 5725): com.coloros.common.utils.RxSystemKeyEventMonitor$systemKeyEventReceiver$1.onReceive
02-03 21:08:14.255 I/MainLooperBlockDetector( 5725): checkMainLooperBlocked: detector not initialized
02-03 21:08:14.255 I/AstScreen.RxSystemKeyEventMonitor( 5725): HomeKey Receiver Reason = recentapps
02-03 21:08:14.255 V/StatusBar( 2210): onReceive: Intent { act=android.intent.action.CLOSE_SYSTEM_DIALOGS flg=0x50000010 (has extras) }
02-03 21:08:14.255 V/ShadeControllerImpl( 2210): NotificationShadeWindow: com.android.systemui.statusbar.phone.NotificationShadeWindowView{39b9082 I.E...... ......ID 0,0-1080,2400} canPanelBeCollapsed(): false
02-03 21:08:14.262 D/CameraDelegate( 1741): handleMessage:200
02-03 21:08:14.277 D/OplusAppListInterceptManager( 1741): shouldFilterTask
02-03 21:08:14.277 D/OplusAppListInterceptManager( 1741): shouldFilterTask::packageName = com.google.android.youtube
02-03 21:08:14.277 D/OplusAppListInterceptManager( 1741): shouldFilterTask
02-03 21:08:14.278 D/OplusAppListInterceptManager( 1741): shouldFilterTask::packageName = com.cricbuzz.android
02-03 21:08:14.278 D/OplusAppListInterceptManager( 1741): shouldFilterTask
02-03 21:08:14.278 D/OplusAppListInterceptManager( 1741): shouldFilterTask::packageName = com.twitter.android
02-03 21:08:14.278 D/OplusAppListInterceptManager( 1741): shouldFilterTask
02-03 21:08:14.278 D/OplusAppListInterceptManager( 1741): shouldFilterTask::packageName = com.android.chrome
02-03 21:08:14.278 D/OplusAppListInterceptManager( 1741): shouldFilterTask
02-03 21:08:14.278 D/OplusAppListInterceptManager( 1741): shouldFilterTask::packageName = com.whatsapp
02-03 21:08:14.278 D/OplusAppListInterceptManager( 1741): shouldFilterTask
02-03 21:08:14.278 D/OplusAppListInterceptManager( 1741): shouldFilterTask::packageName = com.android.settings
02-03 21:08:14.278 D/OplusSplitScreenManagerService( 1741): com.android.settings unSupportsSplitScreen by blockList or ForbidActivityList
02-03 21:08:14.278 D/OplusSplitScreenManagerService( 1741): com.android.settings unSupportsSplitScreen by blockList or ForbidActivityList
02-03 21:08:14.278 D/OplusAppListInterceptManager( 1741): shouldFilterTask
02-03 21:08:14.278 D/OplusAppListInterceptManager( 1741): shouldFilterTask::packageName = com.google.android.gm
02-03 21:08:14.278 D/OplusAppListInterceptManager( 1741): shouldFilterTask
02-03 21:08:14.278 D/OplusAppListInterceptManager( 1741): shouldFilterTask::packageName = com.whatsapp
02-03 21:08:14.278 D/OplusAppListInterceptManager( 1741): shouldFilterTask
02-03 21:08:14.278 D/OplusAppListInterceptManager( 1741): shouldFilterTask::packageName = com.whatsapp.w4b
02-03 21:08:14.278 D/OplusAppListInterceptManager( 1741): shouldFilterTask
02-03 21:08:14.278 D/OplusAppListInterceptManager( 1741): shouldFilterTask::packageName = com.microsoft.bing
02-03 21:08:14.278 D/OplusAppListInterceptManager( 1741): shouldFilterTask
02-03 21:08:14.279 D/OplusAppListInterceptManager( 1741): shouldFilterTask::packageName = com.snapchat.android
02-03 21:08:14.279 D/OplusSplitScreenManagerService( 1741): com.snapchat.android unSupportsSplitScreen by blockList or ForbidActivityList
02-03 21:08:14.279 D/OplusAppListInterceptManager( 1741): shouldFilterTask
02-03 21:08:14.279 D/OplusAppListInterceptManager( 1741): shouldFilterTask::packageName = com.coloros.assistantscreen
02-03 21:08:14.279 D/OplusAppListInterceptManager( 1741): shouldFilterTask
02-03 21:08:14.279 D/OplusAppListInterceptManager( 1741): shouldFilterTask::packageName = com.truecaller
02-03 21:08:14.279 D/OplusAppListInterceptManager( 1741): shouldFilterTask
02-03 21:08:14.279 D/OplusAppListInterceptManager( 1741): shouldFilterTask::packageName = com.google.android.apps.messaging
02-03 21:08:14.279 I/Athena  ( 1741): SwipeUpClearAction: stop type is 1
02-03 21:08:14.280 E/Athena  ( 2533): AthenaService: onAthenaCleanup
02-03 21:08:14.342 I/mtkpower_client( 1741): perf_lock_rel, hdl:97346, tid:2265
02-03 21:08:14.342 I/mtkpower_client( 1741): perf_lock_acq, hdl:97346, dur:0, num:4, tid:2265
02-03 21:08:14.342 I/libPowerHal(  863): [perfLockRel] hdl:97346, idx:0
02-03 21:08:14.343 I/libPowerHal(  863): system_server: cpu_ctrl set cpu freq: -1 -1 -1 -1
02-03 21:08:14.343 I/libPowerHal(  863): [PD] system_server update cmd:1c3c000 param:1
02-03 21:08:14.343 I/libPowerHal(  863): [PD] (more) /proc/mcdi/state set +prefix:enable 1;
02-03 21:08:14.343 I/libPowerHal(  863): [PD] system_server update cmd:2004100 param:2
02-03 21:08:14.344 I/mtkpower_client( 1741): ret_hdl:97347
02-03 21:08:14.357 W/System  ( 1741): A resource failed to call HardwareBuffer.close. 
02-03 21:08:14.381 D/BufferPoolAccessor2.0(26664): bufferpool2 0xb400007319a65e28 : 0(0 size) total buffers - 0(0 size) used buffers - 0/8 (recycle/alloc) - 8/593 (fetch/transfer)
02-03 21:08:14.381 D/BufferPoolAccessor2.0(26664): evictor expired: 1, evicted: 1
02-03 21:08:14.632 D/b/223498680( 2561): LRV onStateTransitionComplete setFreezeVisibility=false, finalState=Normal
02-03 21:08:14.632 D/OplusRecentsView( 2561): setVisibility: oplusCleanStorageFrameLayout?.visibility = INVISIBLE
02-03 21:08:14.720 I/mtkpower_client( 1741): perf_lock_rel, hdl:97347, tid:2265
02-03 21:08:14.720 I/mtkpower_client( 1741): perf_lock_acq, hdl:97347, dur:0, num:10, tid:2265
02-03 21:08:14.721 D/NoBackGesture( 2210): Start gesture: MotionEvent { action=ACTION_DOWN, actionButton=0, id[0]=0, x[0]=935.75, y[0]=1239.75, toolType[0]=TOOL_TYPE_FINGER, buttonState=0, classification=NONE, metaState=0, flags=0x0, edgeFlags=0x0, pointerCount=1, historySize=0, eventTime=102052046, downTime=102052046, deviceId=4, source=0x1002, displayId=0, eventId=779894443 }
02-03 21:08:14.721 D/NoBackGesture( 2210): Not in side gesture area
02-03 21:08:14.721 D/PowerManagerService( 1741): userActivityNoUpdateLocked: groupId=0, eventTime=102052046, event=2, flags=0x0, uid=1000
02-03 21:08:14.721 D/OGG_Detector( 1741): D:done mCurrStatus: 0
02-03 21:08:14.722 I/libPowerHal(  863): [perfLockRel] hdl:97347, idx:0
02-03 21:08:14.722 I/libPowerHal(  863): [PD] system_server update cmd:2004100 param:2
02-03 21:08:14.723 I/mtkpower_client( 1741): ret_hdl:97349
02-03 21:08:14.724 I/libPowerHal(  863): system_server: cpu_ctrl set cpu freq: 2000000 -1 1503000 -1
02-03 21:08:14.727 I/iopgp   ( 2637): Iopgp: TRANSACTION_IOPGP_ON_KEY_DOWN sequence_id = 57 pkg_name = com.wholexale.app.staging isProfile = 0
02-03 21:08:14.728 D/iopgp   ( 2637): cannot find a compiledtrace, need to start tracing on intentstart.
02-03 21:08:14.728 D/iopgp   ( 2637): Iopgp: Decide the action on keydown event done in 1ms.
02-03 21:08:14.784 I/libPowerHal(  863): [perfLockRel] hdl:97348, idx:1
02-03 21:08:14.784 I/libPowerHal(  863): [PD] MTKPOWER_HINT_APP_TOUCH update cmd:3408600 param:0
02-03 21:08:14.798 I/iopgp   ( 2637): Iopgp: TRANSACTION_IOPGP_ON_INTENT_STARTED sequence_id = 57 pkg_name = com.wholexale.app.staging class_name = com.wholexale.app.MainActivity
02-03 21:08:14.799 I/ActivityTaskManager( 1741): START u0 {act=android.intent.action.MAIN cat=[android.intent.category.LAUNCHER] flg=0x10200000 cmp=com.wholexale.app.staging/com.wholexale.app.MainActivity bnds=[856,1086][1062,1388] mCallingUid=10106} from uid 10106
02-03 21:08:14.799 I/iopgp   ( 2637): Iopgp::starttracing
02-03 21:08:14.799 D/MultiApp.CMAService( 1741): changeIntentIfNeed --- from launcher
02-03 21:08:14.799 I/mtkpower_client( 1741): perf_lock_rel, hdl:97349, tid:2265
02-03 21:08:14.800 I/mtkpower_client( 1741): perf_lock_acq, hdl:97349, dur:0, num:10, tid:2265
02-03 21:08:14.800 I/libPowerHal(  863): [perfLockRel] hdl:97349, idx:0
02-03 21:08:14.800 I/libPowerHal(  863): system_server: cpu_ctrl set cpu freq: -1 -1 -1 -1
02-03 21:08:14.800 I/libPowerHal(  863): [PD] system_server update cmd:1c3c000 param:1
02-03 21:08:14.800 I/libPowerHal(  863): [PD] (more) /proc/mcdi/state set +prefix:enable 1;
02-03 21:08:14.800 I/libPowerHal(  863): [PD] system_server update cmd:2004100 param:2
02-03 21:08:14.801 I/mtkpower_client( 1741): ret_hdl:97350
02-03 21:08:14.801 I/libPowerHal(  863): system_server: cpu_ctrl set cpu freq: 1275000 -1 2200000 -1
02-03 21:08:14.803 D/OplusZoomWindowManagerService( 1741): onConfigurationChanged rotation not changed - prevRotation: 0
02-03 21:08:14.805 I/OplusScreenSecurityMask( 1741): onStackAdded task = Task{25a68f1 #1565 type=standard ?? U=0 visible=false visibleRequested=false mode=fullscreen translucent=true sz=0} record = null displayId = 0
02-03 21:08:14.805 I/OplusScreenSecurityMask( 1741): onStackAdded task = Task{25a68f1 #1565 type=standard A=10853:com.wholexale.app.staging U=0 visible=false visibleRequested=false mode=fullscreen translucent=true sz=0} record = null displayId = 0
02-03 21:08:14.806 D/iopgp   ( 2637): Create Perfetto handle 10
02-03 21:08:14.807 D/CompatibilityChangeReporter( 1741): Compat change id reported: 174042980; UID 10853; state: DISABLED
02-03 21:08:14.807 D/CompatibilityChangeReporter( 1741): Compat change id reported: 184838306; UID 10853; state: DISABLED
02-03 21:08:14.808 D/CompatibilityChangeReporter( 1741): Compat change id reported: 185004937; UID 10853; state: DISABLED
02-03 21:08:14.808 D/CompatibilityChangeReporter( 1741): Compat change id reported: 181136395; UID 10853; state: DISABLED
02-03 21:08:14.808 D/CompatibilityChangeReporter( 1741): Compat change id reported: 174042936; UID 10853; state: DISABLED
02-03 21:08:14.810 D/TaskFragmentExtImpl( 1741): add ActivityRecord{b94d27b u0 com.wholexale.app.staging/com.wholexale.app.MainActivity} t1565} to mActivityRecordSum = Counter{ com.wholexale.app.staging/com.wholexale.app.MainActivity(1) }
02-03 21:08:14.811 I/mtkpower@impl(  863): [setMode] type:5, enabled:1
02-03 21:08:14.812 I/libPowerHal(  863): LAUNCH: cpu_ctrl set cpu freq: 2000000 -1 2200000 -1
02-03 21:08:14.812 D/ActivityTaskManager( 1741): getStartingWindowType: newTask=true, taskSwitch=true, processRunning=false, allowTaskSnapshot=true, activityCreated=false, snapshot=null, record:ActivityRecord{b94d27b u0 com.wholexale.app.staging/com.wholexale.app.MainActivity} t1565}
02-03 21:08:14.813 D/CompatibilityChangeReporter( 1741): Compat change id reported: 205907456; UID 10853; state: ENABLED
02-03 21:08:14.813 V/OplusZoomWindowManagerService( 1741): windowMode: 0 ,stack: Task{25a68f1 #1565 type=standard A=10853:com.wholexale.app.staging U=0 visible=true visibleRequested=false mode=fullscreen translucent=true sz=1}
02-03 21:08:14.814 I/PowerHalWrapper( 1741): <amsBoostResume> last:com.android.launcher, next:com.wholexale.app.staging 
02-03 21:08:14.815 I/perfetto( 1021): ing_service_impl.cc:957 Configured tracing session 10, #sources:1, duration:5000 ms, #buffers:1, total buffer size:5120 KB, total sessions:1, uid:1000 session name: ""
02-03 21:08:14.815 D/PhoneStartingWindowTypeAlgorithm( 2210): preferredStartingWindowType newTask=true, taskSwitch=true, processRunning=false, allowTaskSnapshot=true, activityCreated=false, isSolidColorSplashScreen=false, legacySplashScreen=false, activityDrawn=false, topIsHome=false
02-03 21:08:14.815 D/OplusUIFirst_FB( 1741): com.wholexale.app.staging activity event: []
02-03 21:08:14.815 D/OplusUIFirst_FB( 1741): List of ThreadOp: size=0 []
02-03 21:08:14.815 D/OplusUIFirst_FB( 1741): handleParaSwitch com.wholexale.app.staging null null 1
02-03 21:08:14.815 I/mtkpower_client( 1741): perf_lock_rel, hdl:97350, tid:2265
02-03 21:08:14.816 I/perfetto( 1020):  probes_producer.cc:141 Ftrace setup (target_buf=10)
02-03 21:08:14.816 I/mtkpower_client( 1741): perf_lock_acq, hdl:97350, dur:0, num:10, tid:2265
02-03 21:08:14.816 I/libPowerHal(  863): [perfLockRel] hdl:97350, idx:0
02-03 21:08:14.816 I/libPowerHal(  863): [PD] system_server update cmd:1c3c000 param:1
02-03 21:08:14.816 I/libPowerHal(  863): [PD] (more) /proc/mcdi/state set +prefix:enable 1;
02-03 21:08:14.816 I/libPowerHal(  863): [PD] system_server update cmd:2004100 param:2
02-03 21:08:14.817 D/OplusShellStartingWindowManager( 2210): adjustSuggestedWindowType: skip no-system app and no-exception list app
02-03 21:08:14.817 I/mtkpower_client( 1741): ret_hdl:97353
02-03 21:08:14.817 I/SurfaceFlinger(  962): [SF client] NEW(0xb400007963ea6e40) for (2210:com.android.systemui)
02-03 21:08:14.817 D/ShellStartingWindow( 2210): getWindowAttrs window attributes color: 0, replace icon: false
02-03 21:08:14.818 W/OplusSlideAnimOptHelper( 2210): initScrollOpt: not running in mainthread
02-03 21:08:14.819 D/WindowManager( 2210): Add to mViews: android.widget.FrameLayout{72ec0ca V.E...... ......I. 0,0-0,0},pkg= com.wholexale.app.staging
02-03 21:08:14.820 D/OplusAlwaysAliveManager( 1741): process not running, cold launch: ActivityRecord{b94d27b u0 com.wholexale.app.staging/com.wholexale.app.MainActivity} t1565}, processName: com.wholexale.app.staging
02-03 21:08:14.820 D/OplusUIFirst_FB( 1741): com.wholexale.app.staging activity event: []
02-03 21:08:14.820 D/OplusUIFirst_FB( 1741): List of ThreadOp: size=0 []
02-03 21:08:14.822 D/ShellStartingWindow( 2210): inconsize = 408
02-03 21:08:14.823 I/perfetto( 1020):    ftrace_procfs.cc:335 enabled ftrace in /sys/kernel/tracing/
02-03 21:08:14.823 D/OplusFullScreenDisplayManager( 1741): adjustWindowParamsLw com.wholexale.app.staging, no change cutoutMode: 0
02-03 21:08:14.827 I/WindowManager( 1741): addWindow: New client android.os.BinderProxy@54a6062 : window=Window{7d515f3 u0 Splash Screen com.wholexale.app.staging}
02-03 21:08:14.829 D/ViewRootImplExtImpl( 2210): onDisplayChanged -1 for VRI android.view.ViewRootImpl@7115717
02-03 21:08:14.832 I/PowerHalWrapper( 1741): amsBoostProcessCreate package:com.wholexale.app.staging 
02-03 21:08:14.832 V/SensorManager( 1741): call sensorServiceCommonInterface name: setScreenShotDisable
02-03 21:08:14.832 D/SensorService( 1741): SensorService sensorServiceCommonInterface = setScreenShotDisable
02-03 21:08:14.832 D/SensorServiceExtImpl( 1741): sensorServiceCommonInterface funcName = setScreenShotDisable, flag = 0, status = 0
02-03 21:08:14.832 D/OplusUIFirst_FB( 1741): com.wholexale.app.staging activity event: []
02-03 21:08:14.832 D/OplusUIFirst_FB( 1741): List of ThreadOp: size=0 []
02-03 21:08:14.832 D/OplusUIFirst_FB( 1741): handleParaSwitch com.wholexale.app.staging null null 1
02-03 21:08:14.833 E/WindowManager( 1741): create RemoteAnimationController com.android.server.wm.RemoteAnimationController@f211e4f
02-03 21:08:14.833 I/OplusHansManager ( 1741): front pkg: com.wholexale.app.staging, uid: 10853, prev pkg: com.android.launcher, prev uid: 10106
02-03 21:08:14.833 D/OplusUIFirst_FB( 1741): com.wholexale.app.staging activity event: []
02-03 21:08:14.833 D/OplusUIFirst_FB( 1741): List of ThreadOp: size=0 []
02-03 21:08:14.833 D/OplusUIFirst_FB( 1741): handleParaSwitch com.wholexale.app.staging null null 1
02-03 21:08:14.833 I/Osense-DecisionMaker( 1741): notifySceneToAthenaPolicy: SCENE_APP_SWITCH, bundle: Bundle[{prevPkgName=com.android.launcher, curUid=10853, curPkgName=com.wholexale.app.staging, prevUid=10106}]
02-03 21:08:14.833 V/SensorManager( 1741): call sensorServiceCommonInterface name: setScreenShotDisable
02-03 21:08:14.833 D/SensorService( 1741): SensorService sensorServiceCommonInterface = setScreenShotDisable
02-03 21:08:14.833 D/SensorServiceExtImpl( 1741): sensorServiceCommonInterface funcName = setScreenShotDisable, flag = 0, status = 0
02-03 21:08:14.833 I/OplusResourcePreloadManager( 1741): resume pkg: com.wholexale.app.staging, uid:10853, prev pkg: com.android.launcher, prev uid: 10106
02-03 21:08:14.833 D/InputEventReceiver( 2210): Input log is disabled
02-03 21:08:14.833 I/Osense-DecisionMaker( 1741): scene: SCENE_APP_SWITCH, excutingPolicy: freezer
02-03 21:08:14.834 I/OplusHansManager ( 1741): notifyAppGoForeground, uid=10853
02-03 21:08:14.834 D/Osense-DecisionMaker( 1741): invoke freezer policy,type: fast
02-03 21:08:14.834 I/OplusHansManager ( 1741): notifyAppGoBackground, uid=10106
02-03 21:08:14.834 V/SensorManager( 1741): call sensorServiceCommonInterface name: setScreenShotDisable
02-03 21:08:14.834 D/SensorService( 1741): SensorService sensorServiceCommonInterface = setScreenShotDisable
02-03 21:08:14.834 D/SensorServiceExtImpl( 1741): sensorServiceCommonInterface funcName = setScreenShotDisable, flag = 0, status = 0
02-03 21:08:14.834 D/OplusShellStartingWindowManager( 2210): handleSplashScreenView: normal third app or no-default
02-03 21:08:14.838 I/PowerHalWrapper( 1741): amsBoostNotify pid:2561,activity:com.android.launcher.Launcher, package:com.android.launcher, mProcessCreatePackcom.wholexale.app.staging 
02-03 21:08:14.838 I/PowerHalWrapper( 1741): state: 0 
02-03 21:08:14.838 I/mtkpower_client( 1741): [Legacy][PowerHal_Wrap_notifyAppState] com.android.launcher/com.android.launcher.Launcher pid=2561 state:0
02-03 21:08:14.838 I/game_scn( 1741): collectForegroundAppList packName=com.android.launcher, actName=com.android.launcher.Launcher, pid=2561, uid=10106, state:PAUSED
02-03 21:08:14.838 I/PowerHalWrapper( 1741): amsBoostNotify AMS_BOOST_PROCESS_CREATE_BOOST:true 
02-03 21:08:14.839 D/CoreBackPreview( 1741): Window{7d515f3 u0 Splash Screen com.wholexale.app.staging}: Setting back callback OnBackInvokedCallbackInfo{mCallback=android.window.IOnBackInvokedCallback$Stub$Proxy@84399ba, mPriority=0}
02-03 21:08:14.839 D/CompatibilityChangeReporter( 1741): Compat change id reported: 135634846; UID 10853; state: DISABLED
02-03 21:08:14.839 D/CompatibilityChangeReporter( 1741): Compat change id reported: 177438394; UID 10853; state: DISABLED
02-03 21:08:14.839 D/CompatibilityChangeReporter( 1741): Compat change id reported: 135772972; UID 10853; state: DISABLED
02-03 21:08:14.839 D/CompatibilityChangeReporter( 1741): Compat change id reported: 135754954; UID 10853; state: ENABLED
02-03 21:08:14.839 I/libPowerHal(  863): [perfLockRel] hdl:97247, idx:-1
02-03 21:08:14.839 D/OplusFullScreenDisplayManager( 1741): adjustWindowParamsLw com.wholexale.app.staging, no change cutoutMode: 0
02-03 21:08:14.840 V/WindowManager( 1741): Relayout Window{7d515f3 u0 Splash Screen com.wholexale.app.staging}: viewVisibility=0, oldvis=0, req=1080x2400
02-03 21:08:14.840 D/CompatibilityChangeReporter( 1741): Compat change id reported: 143937733; UID 10853; state: ENABLED
02-03 21:08:14.843 I/BufferQueueDebug(  962): [Splash Screen com.wholexale.app.staging#37994](this:0xb400007963de49e8,id:-1,api:0,p:-1,c:-1) BufferQueue core=(962:/system/bin/surfaceflinger)
02-03 21:08:14.844 I/ActivityManager( 1741): Start proc 26680:com.wholexale.app.staging/u0a853 for next-top-activity {com.wholexale.app.staging/com.wholexale.app.MainActivity}
02-03 21:08:14.850 V/WindowManager( 1741): Changing focus from Window{43ad301 u0 com.android.launcher/com.android.launcher.Launcher} to null,diplayid=0
02-03 21:08:14.851 D/Theia.NoFocusWindow( 1741): FocusWindowErrorScene CheckFreezeScreen
02-03 21:08:14.853 D/[OSIE]  (  962): scltmLayer_name VRI[staging][Splash Screen com.wholexale.app.staging]
02-03 21:08:14.853 D/[OSIE]  (  962): IsSCLTMLayer=0 
02-03 21:08:14.853 D/BufferQueueConsumer( 2210): [](id:8a200000af4,api:0,p:-1,c:2210) connect: controlledByApp=false
02-03 21:08:14.853 E/IPCThreadState( 2210): attemptIncStrongHandle(309): Not supported
02-03 21:08:14.855 I/iopgp   ( 2637): Iopgp: TRANSACTION_IOPGP_ON_ACTIVITY_LAUNCHED sequence_id = 57
02-03 21:08:14.856 D/OplusUIFirst_FB( 1741): com.wholexale.app.staging proc start: 10853 26680 false com.wholexale.app.staging
02-03 21:08:14.856 D/OplusUIFirst_FB( 1741): com.wholexale.app.staging start process: []
02-03 21:08:14.856 D/OplusUIFirst_FB( 1741): List of ThreadOp: size=0 []
02-03 21:08:14.861 D/VRI[staging]( 2210): registerCallbacksForSync syncBuffer=false
02-03 21:08:14.863 D/OplusUIFirst_FB( 1741): com.google.android.googlequicksearchbox moveToBack 5675
02-03 21:08:14.865 I/FocusResolver( 1741): updateFocusedWindow,  on display 0, reason: NO_WINDOW, result:   FocusedWindows: <none>
02-03 21:08:14.866 D/OplusUIFirst_FB( 1741): com.coloros.assistantscreen moveToBack 5725
02-03 21:08:14.866 D/VRI[Launcher]( 2561): onFocusEvent false
02-03 21:08:14.868 E/ale.app.staging(26680): Unknown bits set in runtime_flags: 0x40000000
02-03 21:08:14.868 I/ale.app.staging(26680): Using CollectorTypeCC GC.
02-03 21:08:14.873 I/OplusHansManager ( 1741): FastFreeze enter, freeze uids: [10139, 10156, 10186, 10601, 10614, 10742, 10744, 10801, 10867, 99910601]
02-03 21:08:14.873 E/IHansComunication( 4602): HANS printMessageBody: RCV message: type = 0,port = 86870,caller_pid = 1069,caller_uid = 1047,target_pid = 18572,target_uid = 10801,pkg_cmd = -1,rpc = android.hardware.ICameraServiceListener/5
02-03 21:08:14.874 E/IHansComunication( 4602): HANS printMessageBody: RCV message: type = 0,port = 86870,caller_pid = 1069,caller_uid = 1047,target_pid = 30705,target_uid = 10742,pkg_cmd = -1,rpc = android.hardware.ICameraServiceListener/5
02-03 21:08:14.874 E/IHansComunication( 4602): HANS printMessageBody: RCV message: type = 0,port = 86870,caller_pid = 1069,caller_uid = 1047,target_pid = 31255,target_uid = 10744,pkg_cmd = -1,rpc = android.hardware.ICameraServiceListener/5
02-03 21:08:14.874 E/IHansComunication( 4602): HANS printMessageBody: RCV message: type = 0,port = 86870,caller_pid = 1069,caller_uid = 1047,target_pid = 13289,target_uid = 10867,pkg_cmd = -1,rpc = android.hardware.ICameraServiceListener/5
02-03 21:08:14.874 E/IHansComunication( 4602): HANS printMessageBody: RCV message: type = 0,port = 86870,caller_pid = 1069,caller_uid = 1047,target_pid = 677,target_uid = 10186,pkg_cmd = -1,rpc = android.hardware.ICameraServiceListener/5
02-03 21:08:14.874 E/IHansComunication( 4602): HANS printMessageBody: RCV message: type = 0,port = 86870,caller_pid = 1069,caller_uid = 1047,target_pid = 18572,target_uid = 10801,pkg_cmd = -1,rpc = android.hardware.ICameraServiceListener/5
02-03 21:08:14.874 E/IHansComunication( 4602): HANS printMessageBody: RCV message: type = 0,port = 86870,caller_pid = 1069,caller_uid = 1047,target_pid = 30705,target_uid = 10742,pkg_cmd = -1,rpc = android.hardware.ICameraServiceListener/5
02-03 21:08:14.874 E/IHansComunication( 4602): HANS printMessageBody: RCV message: type = 0,port = 86870,caller_pid = 1069,caller_uid = 1047,target_pid = 31255,target_uid = 10744,pkg_cmd = -1,rpc = android.hardware.ICameraServiceListener/5
02-03 21:08:14.874 E/IHansComunication( 4602): HANS printMessageBody: RCV message: type = 0,port = 86870,caller_pid = 1069,caller_uid = 1047,target_pid = 13289,target_uid = 10867,pkg_cmd = -1,rpc = android.hardware.ICameraServiceListener/5
02-03 21:08:14.874 E/IHansComunication( 4602): HANS printMessageBody: RCV message: type = 0,port = 86870,caller_pid = 1069,caller_uid = 1047,target_pid = 677,target_uid = 10186,pkg_cmd = -1,rpc = android.hardware.ICameraServiceListener/5
02-03 21:08:14.874 E/IHansComunication( 4602): HANS printMessageBody: RCV message: type = 0,port = 86870,caller_pid = 1069,caller_uid = 1047,target_pid = 18572,target_uid = 10801,pkg_cmd = -1,rpc = android.hardware.ICameraServiceListener/5
02-03 21:08:14.874 E/IHansComunication( 4602): HANS printMessageBody: RCV message: type = 0,port = 86870,caller_pid = 1069,caller_uid = 1047,target_pid = 30705,target_uid = 10742,pkg_cmd = -1,rpc = android.hardware.ICameraServiceListener/5
02-03 21:08:14.874 E/IHansComunication( 4602): HANS printMessageBody: RCV message: type = 0,port = 86870,caller_pid = 1069,caller_uid = 1047,target_pid = 31255,target_uid = 10744,pkg_cmd = -1,rpc = android.hardware.ICameraServiceListener/5
02-03 21:08:14.874 E/IHansComunication( 4602): HANS printMessageBody: RCV message: type = 0,port = 86870,caller_pid = 1069,caller_uid = 1047,target_pid = 13289,target_uid = 10867,pkg_cmd = -1,rpc = android.hardware.ICameraServiceListener/5
02-03 21:08:14.874 E/IHansComunication( 4602): HANS printMessageBody: RCV message: type = 0,port = 86870,caller_pid = 1069,caller_uid = 1047,target_pid = 677,target_uid = 10186,pkg_cmd = -1,rpc = android.hardware.ICameraServiceListener/5
02-03 21:08:14.874 E/IHansComunication( 4602): HANS printMessageBody: RCV message: type = 0,port = 86870,caller_pid = 1069,caller_uid = 1047,target_pid = 18572,target_uid = 10801,pkg_cmd = -1,rpc = android.hardware.ICameraServiceListener/5
02-03 21:08:14.874 E/IHansComunication( 4602): HANS printMessageBody: RCV message: type = 0,port = 86870,caller_pid = 1069,caller_uid = 1047,target_pid = 30705,target_uid = 10742,pkg_cmd = -1,rpc = android.hardware.ICameraServiceListener/5
02-03 21:08:14.874 E/IHansComunication( 4602): HANS printMessageBody: RCV message: type = 0,port = 86870,caller_pid = 1069,caller_uid = 1047,target_pid = 31255,target_uid = 10744,pkg_cmd = -1,rpc = android.hardware.ICameraServiceListener/5
02-03 21:08:14.874 E/IHansComunication( 4602): HANS printMessageBody: RCV message: type = 0,port = 86870,caller_pid = 1069,caller_uid = 1047,target_pid = 13289,target_uid = 10867,pkg_cmd = -1,rpc = android.hardware.ICameraServiceListener/5
02-03 21:08:14.874 E/IHansComunication( 4602): HANS printMessageBody: RCV message: type = 0,port = 86870,caller_pid = 1069,caller_uid = 1047,target_pid = 677,target_uid = 10186,pkg_cmd = -1,rpc = android.hardware.ICameraServiceListener/5
02-03 21:08:14.874 E/IHansComunication( 4602): HANS printMessageBody: RCV message: type = 0,port = 86870,caller_pid = 1069,caller_uid = 1047,target_pid = 18572,target_uid = 10801,pkg_cmd = -1,rpc = android.hardware.ICameraServiceListener/5
02-03 21:08:14.874 E/IHansComunication( 4602): HANS printMessageBody: RCV message: type = 0,port = 86870,caller_pid = 1069,caller_uid = 1047,target_pid = 30705,target_uid = 10742,pkg_cmd = -1,rpc = android.hardware.ICameraServiceListener/5
02-03 21:08:14.874 E/IHansComunication( 4602): HANS printMessageBody: RCV message: type = 0,port = 86870,caller_pid = 1069,caller_uid = 1047,target_pid = 31255,target_uid = 10744,pkg_cmd = -1,rpc = android.hardware.ICameraServiceListener/5
02-03 21:08:14.874 E/IHansComunication( 4602): HANS printMessageBody: RCV message: type = 0,port = 86870,caller_pid = 1069,caller_uid = 1047,target_pid = 13289,target_uid = 10867,pkg_cmd = -1,rpc = android.hardware.ICameraServiceListener/5
02-03 21:08:14.874 E/IHansComunication( 4602): HANS printMessageBody: RCV message: type = 0,port = 86870,caller_pid = 1069,caller_uid = 1047,target_pid = 677,target_uid = 10186,pkg_cmd = -1,rpc = android.hardware.ICameraServiceListener/5
02-03 21:08:14.874 E/IHansComunication( 4602): HANS printMessageBody: RCV message: type = 0,port = 86870,caller_pid = 1069,caller_uid = 1047,target_pid = 18572,target_uid = 10801,pkg_cmd = -1,rpc = android.hardware.ICameraServiceListener/5
02-03 21:08:14.874 E/IHansComunication( 4602): HANS printMessageBody: RCV message: type = 0,port = 86870,caller_pid = 1069,caller_uid = 1047,target_pid = 30705,target_uid = 10742,pkg_cmd = -1,rpc = android.hardware.ICameraServiceListener/5
02-03 21:08:14.874 E/IHansComunication( 4602): HANS printMessageBody: RCV message: type = 0,port = 86870,caller_pid = 1069,caller_uid = 1047,target_pid = 31255,target_uid = 10744,pkg_cmd = -1,rpc = android.hardware.ICameraServiceListener/5
02-03 21:08:14.874 E/IHansComunication( 4602): HANS printMessageBody: RCV message: type = 0,port = 86870,caller_pid = 1069,caller_uid = 1047,target_pid = 13289,target_uid = 10867,pkg_cmd = -1,rpc = android.hardware.ICameraServiceListener/5
02-03 21:08:14.874 E/IHansComunication( 4602): HANS printMessageBody: RCV message: type = 0,port = 86870,caller_pid = 1069,caller_uid = 1047,target_pid = 677,target_uid = 10186,pkg_cmd = -1,rpc = android.hardware.ICameraServiceListener/5
02-03 21:08:14.877 I/OplusHansManager ( 1741): enter FastFreezer, frontApp: 10853, frozen uids: [10801, 10867, 10614, 10742, 10744, 10601, 10186, 10139, 10156, 99910601], important uids: [], reason: osense
02-03 21:08:14.877 I/OplusHansManager ( 1741): onUidActive() update stay time, uid=10853, pkgName=com.wholexale.app.staging, U stay=0
02-03 21:08:14.878 I/OplusHansManager ( 1741): forceUnfreezeByPid pid= 30705 reason= unfreezeForKernel: AsyncBinder
02-03 21:08:14.881 D/BLASTBufferQueue( 2210): [VRI[staging][Splash Screen com.wholexale.app.staging]#2774](f:0,a:1) acquireNextBufferLocked size=1080x2400 mFrameNumber=1 applyTransaction=true mTimestamp=102052210310159(auto) mPendingTransactions.size=0 graphicBufferId=9491877751039 transform=0
02-03 21:08:14.882 D/VRI[staging]( 2210): Received frameCommittedCallback lastAttemptedDrawFrameNum=1 didProduceBuffer=true syncBuffer=false
02-03 21:08:14.882 W/Parcel  ( 2210): Expecting binder but got null!
02-03 21:08:14.882 D/VRI[staging]( 2210): draw finished.
02-03 21:08:14.883 D/WindowManager( 1741): finishDrawingWindow: Window{7d515f3 u0 Splash Screen com.wholexale.app.staging} mDrawState=DRAW_PENDING
02-03 21:08:14.884 I/OplusHansManager ( 1741): unfreeze uid: 10744 com.cricbuzz.android pids: [31255, 16233] reason: AsyncBinder scene: LcdOn|FastFreezer
02-03 21:08:14.885 D/nativeloader(26680): Load libframework-connectivity-tiramisu-jni.so using APEX ns com_android_tethering for caller /apex/com.android.tethering/javalib/framework-connectivity-t.jar: ok
02-03 21:08:14.886 D/OplusSplitScreenManagerService( 1741): isDragToSplitState mOplusSpiltScreenDnDUI is null, just return!
02-03 21:08:14.886 D/OplusSplitScreenManagerService( 1741): isDragToSplitState mOplusSpiltScreenDnDUI is null, just return!
02-03 21:08:14.886 D/OplusSplitScreenManagerService( 1741): isDragToSplitState mOplusSpiltScreenDnDUI is null, just return!
02-03 21:08:14.887 V/ShellTaskOrganizer( 2210): Task appeared taskId=1565
02-03 21:08:14.891 I/OplusHansManager ( 1741): unfreeze uid: 10186 in.cricketexchange.app.cricketexchange pids: [518, 677, 1357] reason: AsyncBinder scene: LcdOn|FastFreezer
02-03 21:08:14.894 I/OplusHansManager ( 1741): unfreeze uid: 10742 com.microsoft.bing pids: [30705] reason: AsyncBinder scene: LcdOn|FastFreezer
02-03 21:08:14.895 D/BufferStateLayer(  962): Splash Screen com.wholexale.app.staging#37994 setBuffer frameId=1, bufferId=9491877751039 fenceId=1050, w= 1080, h=2400
02-03 21:08:14.895 D/OplusLayer(  962): (37994,Splash Screen com.wholexale.app.staging#37994,com.android.systemui) setBuffer
02-03 21:08:14.896 I/OplusHansManager ( 1741): forceUnfreezeByPid pid= 31255 reason= unfreezeForKernel: AsyncBinder
02-03 21:08:14.896 I/OplusHansManager ( 1741): forceUnfreezeByPid pid= 677 reason= unfreezeForKernel: AsyncBinder
02-03 21:08:14.896 I/OplusHansManager ( 1741): forceUnfreezeByPid pid= 30705 reason= unfreezeForKernel: AsyncBinder
02-03 21:08:14.897 I/OplusHansManager ( 1741): forceUnfreezeByPid pid= 31255 reason= unfreezeForKernel: AsyncBinder
02-03 21:08:14.897 W/System.err( 1741): java.io.FileNotFoundException: /data/su_test: open failed: EACCES (Permission denied)
02-03 21:08:14.898 I/OplusHansManager ( 1741): forceUnfreezeByPid pid= 677 reason= unfreezeForKernel: AsyncBinder
02-03 21:08:14.898 I/OplusHansManager ( 1741): forceUnfreezeByPid pid= 30705 reason= unfreezeForKernel: AsyncBinder
02-03 21:08:14.899 I/OplusHansManager ( 1741): forceUnfreezeByPid pid= 31255 reason= unfreezeForKernel: AsyncBinder
02-03 21:08:14.899 I/OplusHansManager ( 1741): forceUnfreezeByPid pid= 677 reason= unfreezeForKernel: AsyncBinder
02-03 21:08:14.900 I/OplusHansManager ( 1741): forceUnfreezeByPid pid= 30705 reason= unfreezeForKernel: AsyncBinder
02-03 21:08:14.900 I/OplusHansManager ( 1741): forceUnfreezeByPid pid= 31255 reason= unfreezeForKernel: AsyncBinder
02-03 21:08:14.900 I/OplusHansManager ( 1741): forceUnfreezeByPid pid= 677 reason= unfreezeForKernel: AsyncBinder
02-03 21:08:14.900 I/OplusHansManager ( 1741): forceUnfreezeByPid pid= 30705 reason= unfreezeForKernel: AsyncBinder
02-03 21:08:14.900 I/OplusHansManager ( 1741): forceUnfreezeByPid pid= 31255 reason= unfreezeForKernel: AsyncBinder
02-03 21:08:14.901 I/OplusHansManager ( 1741): forceUnfreezeByPid pid= 677 reason= unfreezeForKernel: AsyncBinder
02-03 21:08:14.901 I/WindowStateExtImpl( 1741): onSurfaceShowChange show = true mPackageName = com.wholexale.app.staging parentPkgName = com.wholexale.app.staging
02-03 21:08:14.902 I/OneTrace(26680): Mark active for pid=26680? true
02-03 21:08:14.902 D/cutils-dev(26680): otrace_set_tracing_enabled? true
02-03 21:08:14.902 D/cutils-dev(26680): properties changed in otrace_seq_number_changed!
02-03 21:08:14.903 E/ale.app.staging(26680): Could not write anonymous vdex /system/framework/oat/arm64/mediatek-framework.vdex: Could not open /system/framework/oat/arm64/mediatek-framework.vdex for writing
02-03 21:08:14.904 D/ActivityOptionsCompat( 2561): IRemoteAnimationRunner call onStart
02-03 21:08:14.904 D/OplusUIFirst_FB( 1741): com.wholexale.app.staging toForeOps: []
02-03 21:08:14.904 D/OplusUIFirst_FB( 1741): List of ThreadOp: size=0 []
02-03 21:08:14.907 E/SimulationInteractor( 2561): tryGetAnimationPainterInstance error:com.oplus.painteranimationpanel.api.AnimPainterInstance
02-03 21:08:14.907 D/RGBNormalizeServer( 1741): OplusRGBNormalize feature enabled ? false
02-03 21:08:14.907 D/IconConfigParser( 2561): parseConfig::icon config =: IconConfig = [ isForeign : true,theme : 2,iconSize : 5000,iconShape : 0,foregroundSize : 5600,artPlusOn : 0,iconRadius ï¼š36,darkModeIcon:1,localSpecial:false,iconThemeEnable:false ]
02-03 21:08:14.909 I/mtkpower_client( 1741): perf_lock_rel, hdl:97353, tid:2265
02-03 21:08:14.910 I/mtkpower_client( 1741): perf_lock_acq, hdl:97353, dur:0, num:12, tid:2265
02-03 21:08:14.910 I/libPowerHal(  863): [perfLockRel] hdl:97353, idx:0
02-03 21:08:14.910 I/libPowerHal(  863): [PD] system_server update cmd:1c3c000 param:1
02-03 21:08:14.911 I/libPowerHal(  863): [PD] (more) /proc/mcdi/state set +prefix:enable 1;
02-03 21:08:14.911 I/libPowerHal(  863): [PD] system_server update cmd:2004100 param:2
02-03 21:08:14.911 D/Layer   (  962): reparent to null sequence=37988, seq[2], name=Surface(name=f376551 NavigationBar0)/@0x9151ceb - animation-leash of insets_animation#37988
02-03 21:08:14.912 D/Layer   (  962): reparent to null sequence=37987, seq[1], name=Surface(name=9a49e9b StatusBar)/@0x32ac83a - animation-leash of insets_animation#37987
02-03 21:08:14.912 I/mtkpower_client( 1741): ret_hdl:97355
02-03 21:08:14.912 I/libPowerHal(  863): [setGPUFreq] system_server user set gpu freq min:17, max:-1
02-03 21:08:14.912 I/libPowerHal(  863): system_server: set gpu opp level: 17
02-03 21:08:14.912 D/OplusLayer(  962): ~Layer() sequence=37987, name=Surface(name=9a49e9b StatusBar)/@0x32ac83a - animation-leash of insets_animation#37987
02-03 21:08:14.912 D/OplusLayer(  962): ~Layer() sequence=37988, name=Surface(name=f376551 NavigationBar0)/@0x9151ceb - animation-leash of insets_animation#37988
02-03 21:08:14.913 I/libPowerHal(  863): system_server: set gpu opp level max: 0
02-03 21:08:14.913 I/libPowerHal(  863): [setGPUFreq] Soft min/max = (17, 0); Hard min/max = (29, 0)
02-03 21:08:14.913 I/libPowerHal(  863): [setGPUFreq] final min/max = (17, 0)
02-03 21:08:14.913 I/libPowerHal(  863): system_server: set gpu opp level: 17
02-03 21:08:14.913 I/libPowerHal(  863): system_server: set gpu opp level max: 0
02-03 21:08:14.915 W/System.err( 1741): 	at libcore.io.IoBridge.open(IoBridge.java:574)
02-03 21:08:14.915 W/System.err( 1741): 	at java.io.FileOutputStream.<init>(FileOutputStream.java:259)
02-03 21:08:14.915 W/System.err( 1741): 	at java.io.FileOutputStream.<init>(FileOutputStream.java:147)
02-03 21:08:14.915 W/System.err( 1741): 	at com.android.server.oplus.heimdall.root.RootDetector.writeFile(RootDetector.java:179)
02-03 21:08:14.915 W/System.err( 1741): 	at com.android.server.oplus.heimdall.root.RootDetector.checkAccessRootData(RootDetector.java:152)
02-03 21:08:14.915 W/System.err( 1741): 	at com.android.server.oplus.heimdall.root.RootDetector.checkDeviceRootStatus(RootDetector.java:45)
02-03 21:08:14.915 D/OplusDexOptimizeManager( 1741): Do not in AppLaunchOptList!
02-03 21:08:14.916 W/System.err( 1741): 	at com.android.server.oplus.heimdall.HeimdallHandler.handleMessage(HeimdallHandler.java:43)
02-03 21:08:14.916 W/System.err( 1741): 	at android.os.Handler.dispatchMessage(Handler.java:106)
02-03 21:08:14.916 W/System.err( 1741): 	at android.os.Looper.loopOnce(Looper.java:240)
02-03 21:08:14.916 W/System.err( 1741): 	at android.os.Looper.loop(Looper.java:351)
02-03 21:08:14.916 W/System.err( 1741): 	at android.os.HandlerThread.run(HandlerThread.java:67)
02-03 21:08:14.916 W/System.err( 1741): 	at com.android.server.ServiceThread.run(ServiceThread.java:44)
02-03 21:08:14.916 W/System.err( 1741): Caused by: android.system.ErrnoException: open failed: EACCES (Permission denied)
02-03 21:08:14.916 W/System.err( 1741): 	at libcore.io.Linux.open(Native Method)
02-03 21:08:14.916 W/System.err( 1741): 	at libcore.io.ForwardingOs.open(ForwardingOs.java:574)
02-03 21:08:14.916 W/System.err( 1741): 	at libcore.io.BlockGuardOs.open(BlockGuardOs.java:274)
02-03 21:08:14.916 W/System.err( 1741): 	at libcore.io.IoBridge.open(IoBridge.java:560)
02-03 21:08:14.916 W/System.err( 1741): 	... 11 more
02-03 21:08:14.916 W/System.err( 1741): java.io.FileNotFoundException: /data/su_test: open failed: ENOENT (No such file or directory)
02-03 21:08:14.917 W/System.err( 1741): 	at libcore.io.IoBridge.open(IoBridge.java:574)
02-03 21:08:14.917 W/System.err( 1741): 	at java.io.FileInputStream.<init>(FileInputStream.java:179)
02-03 21:08:14.917 W/System.err( 1741): 	at com.android.server.oplus.heimdall.root.RootDetector.readFile(RootDetector.java:202)
02-03 21:08:14.917 W/System.err( 1741): 	at com.android.server.oplus.heimdall.root.RootDetector.checkAccessRootData(RootDetector.java:160)
02-03 21:08:14.917 W/System.err( 1741): 	at com.android.server.oplus.heimdall.root.RootDetector.checkDeviceRootStatus(RootDetector.java:45)
02-03 21:08:14.917 W/System.err( 1741): 	at com.android.server.oplus.heimdall.HeimdallHandler.handleMessage(HeimdallHandler.java:43)
02-03 21:08:14.917 W/System.err( 1741): 	at android.os.Handler.dispatchMessage(Handler.java:106)
02-03 21:08:14.917 W/System.err( 1741): 	at android.os.Looper.loopOnce(Looper.java:240)
02-03 21:08:14.917 W/System.err( 1741): 	at android.os.Looper.loop(Looper.java:351)
02-03 21:08:14.917 W/System.err( 1741): 	at android.os.HandlerThread.run(HandlerThread.java:67)
02-03 21:08:14.917 W/System.err( 1741): 	at com.android.server.ServiceThread.run(ServiceThread.java:44)
02-03 21:08:14.917 W/System.err( 1741): Caused by: android.system.ErrnoException: open failed: ENOENT (No such file or directory)
02-03 21:08:14.917 W/System.err( 1741): 	at libcore.io.Linux.open(Native Method)
02-03 21:08:14.917 W/System.err( 1741): 	at libcore.io.ForwardingOs.open(ForwardingOs.java:574)
02-03 21:08:14.917 W/System.err( 1741): 	at libcore.io.BlockGuardOs.open(BlockGuardOs.java:274)
02-03 21:08:14.917 W/System.err( 1741): 	at libcore.io.IoBridge.open(IoBridge.java:560)
02-03 21:08:14.917 W/System.err( 1741): 	... 10 more
02-03 21:08:14.918 I/OplusAppSwitchManagerService( 1741): appswitch hasProcess ActivityRecord{b94d27b u0 com.wholexale.app.staging/com.wholexale.app.MainActivity} t1565}
02-03 21:08:14.918 I/OplusJoystickManager( 1741): handleApplicationSwitch deprecated!
02-03 21:08:14.919 I/OplusAppSwitchManagerService( 1741): appswitch hasProcess ActivityRecord{b94d27b u0 com.wholexale.app.staging/com.wholexale.app.MainActivity} t1565}
02-03 21:08:14.919 D/OplusAppSwitchListener( 1741): Detect com.android.launcher switch to background
02-03 21:08:14.919 I/PowerHalWrapper( 1741): amsBoostNotify pid:26680,activity:com.wholexale.app.MainActivity, package:com.wholexale.app.staging, mProcessCreatePackcom.wholexale.app.staging 
02-03 21:08:14.919 I/PowerHalWrapper( 1741): state: 1 
02-03 21:08:14.919 I/mtkpower_client( 1741): [Legacy][PowerHal_Wrap_notifyAppState] com.wholexale.app.staging/com.wholexale.app.MainActivity pid=26680 state:1
02-03 21:08:14.919 I/game_scn( 1741): collectForegroundAppList packName=com.wholexale.app.staging, actName=com.wholexale.app.MainActivity, pid=26680, uid=10853, state:RESUMED
02-03 21:08:14.919 D/OplusEapManager( 1741): mTargetExitName :com.android.launcher
02-03 21:08:14.919 I/PowerHalWrapper( 1741): amsBoostNotify AMS_BOOST_PROCESS_CREATE_BOOST:true 
02-03 21:08:14.920 V/DCSEX-AppSwitchManager( 1741): OnAppSwitchObserver: onAppExit, resuming = com.wholexale.app.staging, target = com.android.launcher, is ResumingFirstStart =  true, is ResumingMultiApp =  false, extensionInfo =  Bundle[{taskId=1565, uid=10853}]
02-03 21:08:14.920 I/libPowerHal(  863): [perfNotifyAppState] foreground:com.wholexale.app.staging, pid:26680, uid:10853
02-03 21:08:14.920 D/VRR [OPlusFrontAppManager]( 1741): OnAppSwitchObserver: onAppExit , info.targetName = com.android.launcher
02-03 21:08:14.920 D/ActivityTaskManager( 1741): onWindowFocusChanged Task{25a68f1 #1565 type=standard A=10853:com.wholexale.app.staging U=0 visible=true visibleRequested=true mode=fullscreen translucent=false sz=1} would transfer to compact
02-03 21:08:14.920 I/InputDispatcher( 1741): setFocusedApplication displayId=0 ActivityRecord{b94d27b u0 com.wholexale.app.staging/com.wholexale.app.MainActivity} t1565}
02-03 21:08:14.920 E/UxUtility(  863): notifyAppState error = NULL
02-03 21:08:14.920 I/TouchUtility(  863): notifyAppState error = NULL
02-03 21:08:14.920 D/VRR [OPlusFrontAppManager]( 1741): packageName: null
02-03 21:08:14.920 D/VRR [OPlusRefreshRateService]( 1741): handleFrontAppChange pkgName: null
02-03 21:08:14.920 D/DCSEX-AppLaunchEventRecorder( 1741): onAppSwitch from = com.android.launcher to = com.wholexale.app.staging
02-03 21:08:14.920 D/VRR [OPlusExternalRefreshRateManager]( 1741): setFrontPackageName pkgName: null CurPkgName: com.android.launcher
02-03 21:08:14.921 I/mtkpower@impl(  863): [notifyAppState] pc:1, com.android.launcher => com.wholexale.app.staging
02-03 21:08:14.921 I/mtkpower_client( 1741): perf_lock_rel, hdl:97355, tid:2265
02-03 21:08:14.922 I/mtkpower_client( 1741): perf_lock_acq, hdl:97355, dur:0, num:12, tid:2265
02-03 21:08:14.922 I/libPowerHal(  863): [perfLockRel] hdl:97355, idx:0
02-03 21:08:14.922 I/libPowerHal(  863): [unsetGPUFreq] current min:17, max:0; scn_gpu_min:17, scn_gpu_max:-1; scn_gpu_min(HL):-1, scn_gpu_max(HL):-1
02-03 21:08:14.922 I/libPowerHal(  863): system_server: set gpu opp level: 29
02-03 21:08:14.922 W/Battery ( 6226): ThermalControlUtils: mForegroundPkg=com.wholexale.app.staging
02-03 21:08:14.922 I/libPowerHal(  863): system_server: set gpu opp level max: 0
02-03 21:08:14.922 I/libPowerHal(  863): [setGPUFreq] Soft min/max = (29, 0); Hard min/max = (29, 0)
02-03 21:08:14.922 I/libPowerHal(  863): [setGPUFreq] final min/max = (29, 0)
02-03 21:08:14.922 I/libPowerHal(  863): system_server: set gpu opp level: 29
02-03 21:08:14.922 I/libPowerHal(  863): system_server: set gpu opp level max: 0
02-03 21:08:14.922 I/libPowerHal(  863): [PD] system_server update cmd:1c3c000 param:1
02-03 21:08:14.922 I/libPowerHal(  863): [PD] (more) /proc/mcdi/state set +prefix:enable 1;
02-03 21:08:14.922 I/libPowerHal(  863): [PD] system_server update cmd:2004100 param:2
02-03 21:08:14.923 D/VRR [OPlusRefreshRateService]( 1741):  setFrameRateTargetControl [ 0.0 , com.android.launcher , false , com.oplus.battery ]
02-03 21:08:14.923 D/VRR [OPlusRefreshRateService]( 1741):  setFrameRateTargetControl from [0, 1000, android.uid.system:1000]
02-03 21:08:14.923 D/VRR [OPlusExternalRefreshRateManager]( 1741):  [FRTC] FrameRate : 0 com.android.launcher false com.oplus.battery 0 1000
02-03 21:08:14.923 E/OplusThermalStats( 1741): Error getting package info: com.wholexale.app.staging
02-03 21:08:14.924 D/VRR [OPlusSurfaceFlingerController]( 1741):  add frtc FrameRate : 0 com.android.launcher false com.oplus.battery
02-03 21:08:14.924 I/VRR [FRTC](  962): setFrameRateTarget with [0, com.android.launcher, 0, com.oplus.battery, 1, 0, 1000]
02-03 21:08:14.924 D/OplusUIFirst_FB( 1741): com.wholexale.app.staging moveToTop:[]
02-03 21:08:14.924 D/OplusUIFirst_FB( 1741): List of ThreadOp: size=0 []
02-03 21:08:14.924 W/VRR [FRTC](  962): invalid param { fps 0, proc_name com.android.launcher, strict_mode 0, description com.oplus.battery, proc_id 0, rate_status 0, backend Surface, version 1, pid 0, uid 1000, enable at 2026-02-03 21:08:14, disable waiting } for current status.
02-03 21:08:14.924 W/VRR [FRTC](  962): CurrentTarget size 0:
02-03 21:08:14.924 D/OplusUIFirst_FB( 1741): com.wholexale.app.staging boost hint: 26680
02-03 21:08:14.924 I/mtkpower_client( 1741): ret_hdl:97356
02-03 21:08:14.924 D/OplusUIFirst_FB( 1741): handleParaSwitch com.wholexale.app.staging null null 0
02-03 21:08:14.925 D/CompatibilityChangeReporter(26680): Compat change id reported: 171979766; UID 10853; state: ENABLED
02-03 21:08:14.925 I/oplus.android.OplusFrameworkFactoryImpl(26680): get feature:IOplusAutoResolutionFeature
02-03 21:08:14.925 I/oplus.android.OplusFrameworkFactoryImpl(26680): getOplusAutoResolutionFeature
02-03 21:08:14.925 W/Battery ( 6226): ThermalControllHandler: tempLevel=6,userMode=3,gameUserMode=-1,appType=-1,envTempType=1,appStates=[],appSwitchSafetyMode=false
02-03 21:08:14.926 D/OplusUIFirst_FB( 1741): com.wholexale.app.staging toForeOps: []
02-03 21:08:14.926 D/OplusUIFirst_FB( 1741): List of ThreadOp: size=0 []
02-03 21:08:14.926 W/Battery ( 6226): ThermalControllerCenter: mSafetyState=10000
02-03 21:08:14.927 W/Battery ( 6226): ThermalControllHandler: tempGear=6,configItemName=common_config
02-03 21:08:14.928 D/SensorService( 1741): onUidStateChanged uid = 10853, state = UID_STATE_ACTIVE
02-03 21:08:14.928 I/libPowerHal(  863): [setGPUFreq] system_server user set gpu freq min:17, max:-1
02-03 21:08:14.928 I/libPowerHal(  863): system_server: set gpu opp level: 17
02-03 21:08:14.928 I/libPowerHal(  863): system_server: set gpu opp level max: 0
