01-22 20:27:27.380 E/AndroidRuntime(30197): 	at java.lang.System.loadLibrary(System.java:1765)
01-22 20:27:27.380 E/AndroidRuntime(30197): 	at com.facebook.soloader.nativeloader.SystemDelegate.loadLibrary(SystemDelegate.java:24)
01-22 20:27:27.380 E/AndroidRuntime(30197): 	at com.facebook.soloader.nativeloader.NativeLoader.loadLibrary(NativeLoader.java:52)
01-22 20:27:27.380 E/AndroidRuntime(30197): 	at com.facebook.soloader.nativeloader.NativeLoader.loadLibrary(NativeLoader.java:30)
01-22 20:27:27.380 E/AndroidRuntime(30197): 	at com.facebook.soloader.SoLoader.loadLibrary(SoLoader.java:869)
01-22 20:27:27.380 E/AndroidRuntime(30197): 	at com.facebook.hermes.reactexecutor.HermesExecutor.loadLibrary(HermesExecutor.java:26)
01-22 20:27:27.380 E/AndroidRuntime(30197): 	at com.facebook.hermes.reactexecutor.HermesExecutor.<clinit>(HermesExecutor.java:20)
01-22 20:27:27.380 E/AndroidRuntime(30197): 	at com.facebook.hermes.reactexecutor.HermesExecutorFactory.create(HermesExecutorFactory.java:39)
01-22 20:27:27.380 E/AndroidRuntime(30197): 	at com.facebook.react.ReactInstanceManager$5.run(ReactInstanceManager.java:1112)
01-22 20:27:27.380 E/AndroidRuntime(30197): 	at java.lang.Thread.run(Thread.java:1563)
01-22 20:27:27.383 D/OplusAppStartupMonitor( 1748): notifyUnstableAppInfo: Bundle[{unstableTime=1769093847382, reason=crash, userId=0, exceptionMsg=dlopen failed: library "libhermes.so" not found, exceptionClass=java.lang.UnsatisfiedLinkError, app_channel_type=unstable, packageName=com.wholexale.app.staging, unstable_restrict_switch=true}]
01-22 20:27:27.384 I/AbnormalAppMonitorController( 2190): recordAbnormalMessage - ThirdKitFeature =1
01-22 20:27:27.386 I/mtkpower_client( 1748): [Legacy][PowerHal_Wrap_notifyAppState] com.wholexale.app.staging/com.wholexale.app.staging pid=30197 state:3
01-22 20:27:27.386 I/game_scn( 1748): collectForegroundAppList packName=com.wholexale.app.staging, actName=com.wholexale.app.staging, pid=30197, uid=10851, state:DEAD
01-22 20:27:27.387 D/RilUtility(  859): notify_rild_crash_pid_set certPid:-1, crash:30197, scn:0x0
01-22 20:27:27.389 D/abnormalUtils( 2190): com.wholexale.app.staging is foreground =false
01-22 20:27:27.389 D/TheiaManager( 1748): sendEvent {0x5 90045889 0x1003 30197 10851 com.wholexale.app.staging}
01-22 20:27:27.389 W/OplusEapManager handleErrorInfo sendEvent: ( 1748): com.wholexale.app.staging Crashed
01-22 20:27:27.389 D/OplusAnrCrashMonitor( 1748): handleAnrCrashData: bundle data done
01-22 20:27:27.390 D/OplusAmsUtilsFeatrue( 1748): detectExceptionsForOIDT type:0
01-22 20:27:27.392 I/TheiaBinder( 1294): Bn onTransaction code:1
01-22 20:27:27.392 I/TheiaBinder( 1294): Bn sendFramworkEvent eventId: 0x5
01-22 20:27:27.392 I/TheiaBinder( 1294): Bn sendFramworkEvent timestamp: 90045889
01-22 20:27:27.392 I/TheiaBinder( 1294): Bn sendFramworkEvent logInfo: 0x1003
01-22 20:27:27.392 I/TheiaBinder( 1294): Bn sendFramworkEvent pid: 30197
01-22 20:27:27.392 I/TheiaBinder( 1294): Bn sendFramworkEvent uid: 10851
01-22 20:27:27.392 I/TheiaBinder( 1294): Bn sendFramworkEvent extraInfo: com.wholexale.app.staging
01-22 20:27:27.392 I/TheiaBinder( 1294): [generateTheiaTimestamp]: generateTheiaTimestamp start.
01-22 20:27:27.392 I/TheiaBinder( 1294): [generateTheiaTimestamp]: 2026-01-22 20:27:27 392.
01-22 20:27:27.392 I/TheiaBinder( 1294): [buildNewTheiaEvent]: buildNewTheiaEvent start.
01-22 20:27:27.392 I/DropBoxManagerService( 1748): add tag=data_app_crash isTagEnabled=true flags=0x2
01-22 20:27:27.393 I/oplus_theia( 1294): [oplus_theia theiaEventHandleThread]: oplus_statistic_common theia event upload.
01-22 20:27:27.395 D/common_dcs(  967): CommonDcsService:uploadThreadMain start to work
01-22 20:27:27.398 I/OplusPackageManagerNativeEx( 1748): invoke sendArrayCommonDcsUpload
01-22 20:27:27.398 D/PackageManager( 1748): OplusBasePackageManagerNative Transact success, code:10002
01-22 20:27:27.398 D/common_dcs(  967): CommonDcsService:uploadThreadMain end work
01-22 20:27:27.398 D/DropBoxManagerService( 1748): file :: /data/system/dropbox/data_app_crash@1769093847393.txt
01-22 20:27:27.399 I/TheiaBinder( 1294): [oplus_theia showAllTheiaEvents]:eventID: 1041 logInfo: 11 timestamp: 2026-01-21 09:38:56 646.
01-22 20:27:27.399 I/TheiaBinder( 1294): [oplus_theia showAllTheiaEvents]:eventID: 1041 logInfo: 11 timestamp: 2026-01-21 09:38:56 646.
01-22 20:27:27.399 I/TheiaBinder( 1294): [oplus_theia showAllTheiaEvents]:eventID: 1041 logInfo: 11 timestamp: 2026-01-21 09:38:56 646.
01-22 20:27:27.399 I/TheiaBinder( 1294): [oplus_theia showAllTheiaEvents]:eventID: 1041 logInfo: 11 timestamp: 2026-01-21 09:38:56 646.
01-22 20:27:27.399 I/TheiaBinder( 1294): [oplus_theia showAllTheiaEvents]:eventID: 1041 logInfo: 11 timestamp: 2026-01-21 09:38:56 646.
01-22 20:27:27.399 I/TheiaBinder( 1294): [oplus_theia showAllTheiaEvents]:eventID: 1041 logInfo: 11 timestamp: 2026-01-21 09:38:56 646.
01-22 20:27:27.399 I/TheiaBinder( 1294): [oplus_theia showAllTheiaEvents]:eventID: 5 logInfo: 4099 timestamp: 2026-01-21 09:38:56 646.
01-22 20:27:27.399 I/TheiaBinder( 1294): [oplus_theia showAllTheiaEvents]:eventID: 5 logInfo: 4099 timestamp: 2026-01-21 09:38:56 646.
01-22 20:27:27.399 I/oplus_theia( 1294): [oplus_theia checkSystemVerion]: checkSystemVerion.
01-22 20:27:27.399 I/oplus_theia( 1294): [oplus_theia checkSystemVerion]: isCommercialVersion:1, isReleaseVersion:1, isInteractiveRomAction:0, isPreVersion:0, isCtaVersion:0,.
01-22 20:27:27.399 I/oplus_theia( 1294): [oplus_theia theiaVersionSwitch]: THEIA_SYSTEM_VERSION_TRAIL by sys.theia.panic_enable_mask.
01-22 20:27:27.399 I/oplus_theia( 1294): [oplus_theia theiaVersionSwitch]: THEIA_SYSTEM_VERSION_TRAIL by sys.theia.user_panic_for_debug.
01-22 20:27:27.400 W/AES     ( 1748): Exception Log handling...
01-22 20:27:27.400 I/oplus_theia( 1294): [oplus_theia immediateDumpThread]: immediateDumpThread start, loginfo 4099 theiaEventId 200046953.
01-22 20:27:27.400 I/oplus_theia( 1294): [oplus_theia buildLogPathFolderName]: buildLogPathFolderName start.
01-22 20:27:27.400 I/oplus_theia( 1294): [oplus_theia trailContinuousDumpThread]: trailContinuousDumpThread start in 30 s.
01-22 20:27:27.400 W/AES     ( 1748): Skipped - do not care third party apk
01-22 20:27:27.400 I/oplus_theia( 1294): [oplus_theia buildLogPathFolderName]: mkdir /data/persist_log/theia30
01-22 20:27:27.406 D/nativeloader(30197): Load libpowerhalwrap_jni.so using system ns (caller=/system/framework/mediatek-framework.jar): ok
01-22 20:27:27.406 I/PowerHalWrapper(30197): PowerHalWrapper.getInstance 
01-22 20:27:27.406 I/PowerHalWrapper(30197): PowerHalWrapper.getInstance 
01-22 20:27:27.406 I/MSYNC3-VariableRefreshRate(30197): Variable refreshrate is disabled
01-22 20:27:27.407 D/OplusInputMethodUtil(30197): init sDebug to false, init sDebugIme to false, init sAlwaysOn to false
01-22 20:27:27.407 D/OplusInputMethodUtil(30197): updateDebugToClass InputMethodManager.DEBUG = false
01-22 20:27:27.407 D/OplusInputMethodUtil(30197): updateDebugToClass ImeFocusController.DEBUG = false
01-22 20:27:27.407 D/OplusInputMethodUtil(30197): updateDebugToClass BaseInputConnection.DEBUG = false
01-22 20:27:27.407 D/OplusInputMethodUtil(30197): updateDebugToClass ImeFocusController.sDebugIme = false
01-22 20:27:27.411 I/SurfaceFactory(30197): [static] sSurfaceFactory = com.mediatek.view.impl.SurfaceFactoryImpl@a4bb6f0
01-22 20:27:27.412 I/SurfaceFlinger(  966): [SF client] NEW(0xb40000701df7d140) for (30197:com.wholexale.app.staging)
01-22 20:27:27.412 D/OplusAnrCrashMonitor( 1748): bind to service from AnrCrashParams{ Tag=crash, id=b957697}
01-22 20:27:27.414 W/ActivityTaskManager( 1748):   Force finishing activity com.wholexale.app.staging/com.wholexale.app.MainActivity
01-22 20:27:27.417 D/ActivityTaskManager( 1748): onWindowFocusChanged Task{d4f2fea #6 type=home I=com.android.launcher/.Launcher U=0 rootTaskId=1 visible=true visibleRequested=false mode=fullscreen translucent=true sz=1} would transfer to compact
01-22 20:27:27.417 I/InputDispatcher( 1748): setFocusedApplication displayId=0 ActivityRecord{a1e8fdf u0 com.android.launcher/.Launcher} t6}
01-22 20:27:27.417 D/WindowManager(30197): Add to mViews: DecorView@cd67eee[MainActivity],pkg= com.wholexale.app.staging
01-22 20:27:27.418 I/OplusSlideAnimOptHelper(30197): checkListMode: is blacklist mode = true
01-22 20:27:27.419 D/OplusSlideAnimOptHelper(30197): com.wholexale.app.staging scrollEffectOpt enable = true
01-22 20:27:27.420 D/ActivityTaskManager( 1748): finishIfPossible mOpeningApps remove r=ActivityRecord{37f81f4 u0 com.wholexale.app.staging/com.wholexale.app.MainActivity} t11654 f}}
01-22 20:27:27.421 D/ExtensionsLoader(30197): createInstance(64bit) : createExtendedFactory
01-22 20:27:27.421 W/OplusSelfProtectManager( 1748): pkg[com.oplus.crashbox] not in policy list
01-22 20:27:27.426 E/OplusThermalStats( 1748): Error getting package info: com.android.launcher
01-22 20:27:27.427 W/BroadcastQueue( 1748): Background execution not allowed: receiving Intent { act=android.intent.action.DROPBOX_ENTRY_ADDED flg=0x10 (has extras) } to com.google.android.gms/.stats.service.DropBoxEntryAddedReceiver
01-22 20:27:27.427 I/Process (30197): Sending signal. PID: 30197 SIG: 9
01-22 20:27:27.427 W/BroadcastQueue( 1748): Background execution not allowed: receiving Intent { act=android.intent.action.DROPBOX_ENTRY_ADDED flg=0x10 (has extras) } to com.google.android.gms/.stats.service.DropBoxEntryAddedReceiver
01-22 20:27:27.429 W/OplusSelfProtectManager( 1748): pkg[com.oplus.crashbox] not in policy list
01-22 20:27:27.437 D/OplusUIFirst_FB( 1748): com.android.launcher toForeOps: []
01-22 20:27:27.437 D/OplusUIFirst_FB( 1748): List of ThreadOp: size=0 []
01-22 20:27:27.438 D/OplusAtlas.OplusAtlasEventDispatch( 3300): setEvent:atlas_event_on_foreground_activities_changed info:pid:2623,uid:10106,hasForegroundActivities:1
01-22 20:27:27.439 D/OplusAtlas.OplusAudioScene( 3300): callback success event:atlas_event_on_foreground_activities_changed eventInfo:pid:2623,uid:10106,hasForegroundActivities:1
01-22 20:27:27.439 D/OplusAtlas.OplusMessageHandler( 3300): handleMessage: Msg { when=0 what=2 obj=com.oplus.atlas.OplusAtlasEvent@9ddaae3 target=com.oplus.atlas.OplusMessageHandler$MyHandler }
01-22 20:27:27.440 D/OplusUIFirst_FB( 1748): com.google.android.googlequicksearchbox toForeOps: []
01-22 20:27:27.440 D/OplusUIFirst_FB( 1748): List of ThreadOp: size=0 []
01-22 20:27:27.440 W/OplusSelfProtectManager( 1748): pkg[com.oplus.crashbox] not in policy list
01-22 20:27:27.440 V/DeepThinker( 5470): ProcessManager: onForegroundActivitiesChanged pid:2623, uid:10106, foregroundActivities:true
01-22 20:27:27.442 D/OplusUIFirst_FB( 1748): com.google.android.adservices.api toForeOps: []
01-22 20:27:27.442 W/OplusSelfProtectManager( 1748): pkg[com.oplus.crashbox] not in policy list
01-22 20:27:27.442 D/OplusUIFirst_FB( 1748): List of ThreadOp: size=0 []
01-22 20:27:27.446 D/OplusUIFirst_FB( 1748): com.coloros.assistantscreen toForeOps: []
01-22 20:27:27.446 D/OplusUIFirst_FB( 1748): List of ThreadOp: size=0 []
01-22 20:27:27.447 W/CrashBox_FileUtils(16320): failed to get Info: exists=false, canRead=false
01-22 20:27:27.448 D/DisplayManagerService( 1748): Display listener for pid 30197 died.
01-22 20:27:27.448 I/SurfaceFlinger(  966): [SF client] REMOVE (0xb40000701df7d140) for (30197:com.wholexale.app.staging)
01-22 20:27:27.448 I/Zygote  (  819): Process 30197 exited due to signal 9 (Killed)
01-22 20:27:27.448 W/OplusSelfProtectManager( 1748): pkg[com.oplus.crashbox] not in policy list
01-22 20:27:27.449 I/oplus_theia( 1294): [oplus_theia buildLogPathFolderName]: mkdir /data/persist_log/theia30/theia_appCrash_com.wholexale.app.staging@8cf57ae48d2988e9@2026-01-22-20-27-27-392
01-22 20:27:27.452 D/OplusAnrCrashMonitor( 1748): handleServiceCall: bundle data
01-22 20:27:27.461 I/OplusCustomScanStrategy( 3256): msg.what = 6
01-22 20:27:27.468 W/Process ( 1748): Unable to open /proc/30197/status
01-22 20:27:27.468 I/ActivityManager( 1748): Process com.wholexale.app.staging (pid 30197) has died: fg  TOP 
01-22 20:27:27.468 I/libprocessgroup( 1748): Successfully killed process cgroup uid 10851 pid 30197 in 0ms
01-22 20:27:27.469 D/OplusUIFirst_FB( 1748): com.wholexale.app.staging remove pid: 30197
01-22 20:27:27.469 W/OplusSelfProtectManager( 1748): pkg[com.oplus.crashbox] not in policy list
01-22 20:27:27.469 I/mtkpower_client( 1748): [Legacy][PowerHal_Wrap_notifyAppState] com.wholexale.app.staging/com.wholexale.app.staging pid=30197 state:3
01-22 20:27:27.469 I/game_scn( 1748): collectForegroundAppList packName=com.wholexale.app.staging, actName=com.wholexale.app.staging, pid=30197, uid=10851, state:DEAD
01-22 20:27:27.469 V/DeepThinker( 5470): ProcessManager: onProcessDied pid:30197, uid:10851
01-22 20:27:27.471 D/RilUtility(  859): notify_rild_crash_pid_set certPid:-1, crash:30197, scn:0x0
01-22 20:27:27.472 D/SensorService( 1748): onUidStateChanged uid = 10851, state = UID_STATE_IDLE
01-22 20:27:27.477 I/OplusHansManager ( 1748): onUidGone(), 10851 com.wholexale.app.staging exit SM
01-22 20:27:27.481 D/OplusMirageWindowManagerService( 1748): onTaskRemoved displayid:0 taskId:11654 callers:com.android.server.wm.MirageWindowManagerExtImpl.onTaskRemoved:47 com.android.server.wm.TaskDisplayArea.removeChildTask:398 com.android.server.wm.TaskDisplayArea.removeChild:387 com.android.server.wm.WindowContainer.removeImmediately:891 com.android.server.wm.TaskFragment.removeImmediately:2904 
01-22 20:27:27.481 I/OplusScreenSecurityMask( 1748): onStackRemoved task = Task{bbd2b92 #11654 type=standard A=10851:com.wholexale.app.staging U=0 visible=false visibleRequested=false mode=fullscreen translucent=true sz=0} record = null displayId = 0
01-22 20:27:27.482 D/OplusAlwaysAliveManager( 1748): removing: 11654, ComponentInfo{com.wholexale.app.staging/com.wholexale.app.MainActivity}
01-22 20:27:27.482 D/TaskFragmentExtImpl( 1748): remove ActivityRecord{37f81f4 u0 com.wholexale.app.staging/com.wholexale.app.MainActivity} t-1 f}} to mActivityRecordSum = Counter{ }
01-22 20:27:27.482 I/PowerHalWrapper( 1748): <amsBoostResume> last:null, next:com.android.launcher 
01-22 20:27:27.483 I/OplusHansManager ( 1748): front pkg: com.android.launcher, uid: 10106, prev pkg: com.wholexale.app.staging, prev uid: 10851
01-22 20:27:27.483 D/OplusUIFirst_FB( 1748): com.android.launcher activity event: []
01-22 20:27:27.483 D/OplusUIFirst_FB( 1748): List of ThreadOp: size=0 []
01-22 20:27:27.483 D/OplusUIFirst_FB( 1748): handleParaSwitch com.android.launcher null null 1
01-22 20:27:27.483 I/OplusHansManager ( 1748): notifyAppGoForeground, uid=10106
01-22 20:27:27.483 I/OplusHansManager ( 1748): notifyAppGoBackground, uid=10851
01-22 20:27:27.484 I/OplusResourcePreloadManager( 1748): resume pkg: com.android.launcher, uid:10106, prev pkg: com.wholexale.app.staging, prev uid: 10851
01-22 20:27:27.484 I/libPowerHal(  859): [perfLockRel] hdl:60043, idx:1
01-22 20:27:27.484 D/VRI[Launcher]( 2623): dispatchAppVisibility visible:true
01-22 20:27:27.485 D/VRI[Launcher](12190): dispatchAppVisibility visible:true
01-22 20:27:27.485 V/OplusZoomWindowManagerService( 1748): onAnimationFinished:  r = ActivityRecord{a1e8fdf u0 com.android.launcher/.Launcher} t6}
01-22 20:27:27.485 I/OplusAppSwitchManagerService( 1748):  handleAppVisible , r = ActivityRecord{a1e8fdf u0 com.android.launcher/.Launcher} t6}
01-22 20:27:27.489 V/OplusZoomWindowManagerService( 1748): onAnimationFinished:  r = ActivityRecord{a1e8fdf u0 com.android.launcher/.Launcher} t6}
01-22 20:27:27.489 D/VRI[Launcher](12190): dispatchAppVisibility visible:false
01-22 20:27:27.489 D/VRI[Launcher]( 2623): dispatchAppVisibility visible:false
01-22 20:27:27.494 D/TaskFragmentExtImpl( 1748): addColorModeOnResume resume=true pkg = com.android.launcher
01-22 20:27:27.494 D/VRI[Launcher]( 2623): setWindowStopped stopped:false
01-22 20:27:27.495 D/VRI[Launcher]( 2623): dispatchAppVisibility visible:true
01-22 20:27:27.495 D/VRI[Launcher](12190): dispatchAppVisibility visible:true
01-22 20:27:27.495 V/OplusZoomWindowManagerService( 1748): onAnimationFinished:  r = ActivityRecord{a1e8fdf u0 com.android.launcher/.Launcher} t6}
01-22 20:27:27.495 I/OplusAppSwitchManagerService( 1748):  handleAppVisible , r = ActivityRecord{a1e8fdf u0 com.android.launcher/.Launcher} t6}
01-22 20:27:27.495 I/mtkpower@impl(  859): [setMode] type:5, enabled:0
01-22 20:27:27.497 V/OplusZoomWindowManagerService( 1748): onAnimationFinished:  r = ActivityRecord{a1e8fdf u0 com.android.launcher/.Launcher} t6}
01-22 20:27:27.497 D/VRI[Launcher]( 2623): dispatchAppVisibility visible:false
01-22 20:27:27.497 D/VRI[Launcher](12190): dispatchAppVisibility visible:false
01-22 20:27:27.504 D/Layer   (  966): reparent to null sequence=24605, seq[2], name=ActivityRecord{37f81f4 u0 com.wholexale.app.staging/com.wholexale.app.MainActivity}#24605
01-22 20:27:27.504 D/Layer   (  966): reparent to null sequence=24604, seq[3], name=Task=11654#24604
01-22 20:27:27.513 D/LauncherClient( 2623): getThreadPriority -10
01-22 20:27:27.517 D/OplusUIFirst_FB( 1748): com.android.launcher moveToBack 2623
01-22 20:27:27.519 D/OplusUIFirst_FB( 1748): com.google.android.googlequicksearchbox moveToBack 12190
01-22 20:27:27.522 D/OplusUIFirst_FB( 1748): com.google.android.adservices.api moveToBack 8759
01-22 20:27:27.523 D/OplusLayer(  966): ~Layer() sequence=24604, name=Task=11654#24604
01-22 20:27:27.523 D/OplusLayer(  966): ~Layer() sequence=24605, name=ActivityRecord{37f81f4 u0 com.wholexale.app.staging/com.wholexale.app.MainActivity}#24605
01-22 20:27:27.523 D/OplusLayer(  966): ~Layer() sequence=24606, name=d9add1d ActivityRecordInputSink com.wholexale.app.staging/com.wholexale.app.MainActivity#24606
01-22 20:27:27.525 D/OplusUIFirst_FB( 1748): com.coloros.assistantscreen moveToBack 4044
01-22 20:27:27.528 V/WindowManager( 1748): Relayout Window{64337ed u0 com.android.launcher/com.android.launcher.Launcher}: viewVisibility=0, oldvis=8, req=1080x2400
01-22 20:27:27.541 V/WindowManager( 1748): Relayout Window{578cf9b u0 com.android.launcher/com.android.launcher.Launcher}: viewVisibility=8, oldvis=8, req=1080x2400
01-22 20:27:27.541 I/boun    (12190): (REDACTED) onApplyWindowInsets: systemWindowInsets=%s
01-22 20:27:27.543 I/boun    (12190): (REDACTED) onApplyWindowInsets: systemWindowInsets=%s
01-22 20:27:27.546 I/OplusCustomScanStrategy( 3256): msg.what = 6
01-22 20:27:27.565 W/Looper  ( 1748): Slow dispatch took 104ms main h=com.android.server.job.JobSchedulerService$JobHandler c=null m=3
01-22 20:27:27.567 I/UTrace.Lib.UserUnlock( 4044): isUnlocked() result=true pkg=com.coloros.assistantscreen currentTime=126388692 [base|com.coloros.assistantscreen|2.0.38-16273c1]
01-22 20:27:27.570 D/CompatibilityChangeReporter( 1748): Compat change id reported: 135634846; UID 10200; state: DISABLED
01-22 20:27:27.570 D/CompatibilityChangeReporter( 1748): Compat change id reported: 177438394; UID 10200; state: DISABLED
01-22 20:27:27.570 D/CompatibilityChangeReporter( 1748): Compat change id reported: 135772972; UID 10200; state: DISABLED
01-22 20:27:27.570 D/CompatibilityChangeReporter( 1748): Compat change id reported: 135754954; UID 10200; state: ENABLED
01-22 20:27:27.571 D/CompatibilityChangeReporter( 1748): Compat change id reported: 143937733; UID 10200; state: ENABLED
01-22 20:27:27.575 I/UTrace.Sdk.HLogConfigHelper( 4044): [PantaCardSdk|com.coloros.assistantscreen] doQueryHLogConfig() can't query log config [base|com.coloros.assistantscreen|2.0.38-16273c1]
01-22 20:27:27.603 I/bpas    (12190): onStart
01-22 20:27:27.610 W/View    ( 2623): requestLayout() improperly called by android.widget.LinearLayout{188dd28 VFE...C.. ......ID 0,3-958,105 #7f0a00a2 app:id/animated_hint_layout} during layout: running second layout pass
01-22 20:27:27.613 I/PowerHalWrapper( 1748): amsBoostNotify pid:2623,activity:com.android.launcher.Launcher, package:com.android.launcher, mProcessCreatePackcom.wholexale.app.staging 
01-22 20:27:27.613 I/PowerHalWrapper( 1748): state: 0 
01-22 20:27:27.613 I/mtkpower_client( 1748): [Legacy][PowerHal_Wrap_notifyAppState] com.android.launcher/com.android.launcher.Launcher pid=2623 state:0
01-22 20:27:27.613 I/game_scn( 1748): collectForegroundAppList packName=com.android.launcher, actName=com.android.launcher.Launcher, pid=2623, uid=10106, state:PAUSED
01-22 20:27:27.613 I/PowerHalWrapper( 1748): amsBoostNotify AMS_BOOST_PROCESS_CREATE_BOOST:true 
01-22 20:27:27.614 D/Zygote  (  819): Forked child process 19808
01-22 20:27:27.615 D/OplusAppListInterceptManager( 1748): shouldFilterTask
01-22 20:27:27.615 D/OplusAppListInterceptManager( 1748): shouldFilterTask::packageName = com.google.android.youtube
01-22 20:27:27.616 D/OplusAppListInterceptManager( 1748): shouldFilterTask
01-22 20:27:27.616 D/OplusAppListInterceptManager( 1748): shouldFilterTask::packageName = com.snapchat.android
01-22 20:27:27.616 D/OplusSplitScreenManagerService( 1748): com.snapchat.android unSupportsSplitScreen by blockList or ForbidActivityList
01-22 20:27:27.616 D/OplusAppListInterceptManager( 1748): shouldFilterTask
01-22 20:27:27.616 D/OplusAppListInterceptManager( 1748): shouldFilterTask::packageName = com.cricbuzz.android
01-22 20:27:27.616 D/OplusAppListInterceptManager( 1748): shouldFilterTask
01-22 20:27:27.616 D/OplusAppListInterceptManager( 1748): shouldFilterTask::packageName = com.coloros.assistantscreen
01-22 20:27:27.617 I/UTrace.Sdk.SdkConfig( 4044): queryIfExpired() unchanged configData=SdkConfigData(isEnabled=false, overflow=FlowCtrl(window=1000, maxFlow=9223372036854775807), overflowPt=[], logsDebuggable=false, traceCacheMetrics=TraceCacheMetrics(maxPendingRecordsL1=1000, maxPendingRecordsL2=50, delayAddTraceList=500, spanNameCacheSize=600, dbCacheWindow=3600000, dbSendWindow=3600000, dbExpireWindow=21600000, dbDelaySend=300000), traceLogCtrl=TraceLogCtrl(intentUseInfo=false, codeUseInfo=true), hLogCtrl=null, bindWindow=3600000, expireTime=1769097447617) unlocked=true expireTime=(Thu Jan 22 21:27:27 GMT+05:30 2026) [base|com.coloros.assistantscreen|2.0.38-16273c1]
01-22 20:27:27.621 W/ActivityManager( 1748): Slow operation: 53ms so far, now at startProcess: returned from zygote!
01-22 20:27:27.623 D/OplusAppListInterceptManager( 1748): shouldFilterTask
01-22 20:27:27.623 D/OplusAppListInterceptManager( 1748): shouldFilterTask::packageName = com.google.android.youtube
01-22 20:27:27.623 D/OplusAppListInterceptManager( 1748): shouldFilterTask
01-22 20:27:27.623 D/OplusAppListInterceptManager( 1748): shouldFilterTask::packageName = com.snapchat.android
01-22 20:27:27.623 D/OplusSplitScreenManagerService( 1748): com.snapchat.android unSupportsSplitScreen by blockList or ForbidActivityList
01-22 20:27:27.623 D/OplusAppListInterceptManager( 1748): shouldFilterTask
01-22 20:27:27.623 D/OplusAppListInterceptManager( 1748): shouldFilterTask::packageName = com.cricbuzz.android
01-22 20:27:27.624 D/OplusAppListInterceptManager( 1748): shouldFilterTask
01-22 20:27:27.624 D/OplusAppListInterceptManager( 1748): shouldFilterTask::packageName = com.coloros.assistantscreen
01-22 20:27:27.630 V/WindowManager( 1748): Relayout Window{578cf9b u0 com.android.launcher/com.android.launcher.Launcher}: viewVisibility=8, oldvis=8, req=1080x2400
01-22 20:27:27.635 W/ActivityTaskManager( 1748): Request to remove task ignored for non-existent task 11604
01-22 20:27:27.635 I/PowerHalWrapper( 1748): amsBoostNotify pid:2623,activity:com.android.launcher.Launcher, package:com.android.launcher, mProcessCreatePackcom.wholexale.app.staging 
01-22 20:27:27.635 I/PowerHalWrapper( 1748): state: 0 
01-22 20:27:27.636 I/mtkpower_client( 1748): [Legacy][PowerHal_Wrap_notifyAppState] com.android.launcher/com.android.launcher.Launcher pid=2623 state:0
01-22 20:27:27.636 I/game_scn( 1748): collectForegroundAppList packName=com.android.launcher, actName=com.android.launcher.Launcher, pid=2623, uid=10106, state:PAUSED
01-22 20:27:27.636 I/PowerHalWrapper( 1748): amsBoostNotify AMS_BOOST_PROCESS_CREATE_BOOST:true 
01-22 20:27:27.637 I/PowerHalWrapper( 1748): amsBoostStop AMS_BOOST_PACK_SWITCH:true, AMS_BOOST_ACT_SWITCH:false, AMS_BOOST_PROCESS_CREATE:true 
01-22 20:27:27.637 D/VRI[Launcher]( 2623): setWindowStopped stopped:true
01-22 20:27:27.641 I/mtkpower@impl(  859): [mtkPowerHint] hint:21, hold:6000, ext:30, ext_hold:35000
01-22 20:27:27.641 I/libPowerHal(  859): [perfLockRel] hdl:60045, idx:5
01-22 20:27:27.642 I/libPowerHal(  859): [perfLockRel] hdl:60044, idx:2
01-22 20:27:27.646 E/ock:clockWidget(19808): Unknown bits set in runtime_flags: 0x40000000
01-22 20:27:27.647 I/ock:clockWidget(19808): Using CollectorTypeCC GC.
01-22 20:27:27.652 I/bmyl    (12190): (REDACTED) [%s] onStart()
01-22 20:27:27.652 I/bnaq    (12190): Reloading theme data
01-22 20:27:27.659 D/nativeloader(19808): Load libframework-connectivity-tiramisu-jni.so using APEX ns com_android_tethering for caller /apex/com.android.tethering/javalib/framework-connectivity-t.jar: ok
01-22 20:27:27.667 I/Finsky  ( 4911): [2] SCH: job service start with id 9953.
01-22 20:27:27.669 I/OneTrace(19808): Mark active for pid=19808? true
01-22 20:27:27.669 D/cutils-dev(19808): otrace_set_tracing_enabled? true
01-22 20:27:27.669 D/cutils-dev(19808): properties changed in otrace_seq_number_changed!
01-22 20:27:27.672 E/ock:clockWidget(19808): Could not write anonymous vdex /system/framework/oat/arm64/mediatek-framework.vdex: Could not open /system/framework/oat/arm64/mediatek-framework.vdex for writing
01-22 20:27:27.672 W/ActivityManager( 1748): Slow operation: 104ms so far, now at startProcess: done updating battery stats
01-22 20:27:27.673 W/ActivityManager( 1748): Slow operation: 104ms so far, now at startProcess: building log message
01-22 20:27:27.673 I/ActivityManager( 1748): Start proc 19808:com.coloros.alarmclock:clockWidget/u0a200 for broadcast {com.coloros.alarmclock/com.coloros.widget.smallweather.WidgetLauncherStateReceiver}
01-22 20:27:27.673 W/ActivityManager( 1748): Slow operation: 104ms so far, now at startProcess: starting to update pids map
01-22 20:27:27.673 W/ActivityManager( 1748): Slow operation: 104ms so far, now at startProcess: done updating pids map
01-22 20:27:27.673 D/OplusUIFirst_FB( 1748): com.coloros.alarmclock proc start: 10200 19808 false com.coloros.alarmclock:clockWidget
01-22 20:27:27.673 D/OplusUIFirst_FB( 1748): com.coloros.alarmclock start process: []
01-22 20:27:27.673 D/OplusUIFirst_FB( 1748): List of ThreadOp: size=0 []
01-22 20:27:27.676 D/RGBNormalizeServer( 1748): OplusRGBNormalize feature enabled ? false
01-22 20:27:27.683 I/bpas    (12190): onResume
01-22 20:27:27.683 D/CompatibilityChangeReporter(19808): Compat change id reported: 171979766; UID 10200; state: ENABLED
01-22 20:27:27.683 I/oplus.android.OplusFrameworkFactoryImpl(19808): get feature:IOplusAutoResolutionFeature
01-22 20:27:27.683 I/oplus.android.OplusFrameworkFactoryImpl(19808): getOplusAutoResolutionFeature
01-22 20:27:27.699 V/WindowManager( 1748): Relayout Window{64337ed u0 com.android.launcher/com.android.launcher.Launcher}: viewVisibility=8, oldvis=0, req=1080x2400
01-22 20:27:27.701 I/Finsky  ( 4911): [26218] SCH: Satisfied jobs for 9953 are: 12-1
01-22 20:27:27.702 I/oplus_theia( 1294): [oplus_theia collectLogWithCmdExeceteThread]: logcat -d -v threadtime > /data/persist_log/theia30/theia_appCrash_com.wholexale.app.staging@8cf57ae48d2988e9@2026-01-22-20-27-27-392/android.txt, ret is: 0
01-22 20:27:27.702 I/Finsky  ( 4911): [26237] SCH: Job 12-1 starting
01-22 20:27:27.702 I/OplusFeatureCache(19808): Milliseconds spent on init(): 18
01-22 20:27:27.703 I/Finsky  ( 4911): [2] WM::SCH: Logging work start for 12-1
01-22 20:27:27.704 I/Finsky  ( 4911): [2] [ContentSync] job started
01-22 20:27:27.704 D/CompactWindowAppManager(19808): initCompactApplicationInfo 
01-22 20:27:27.707 I/Finsky  ( 4911): [26238] PSR: Package cache is empty, setup cache.
01-22 20:27:27.708 I/bpas    (12190): onPause
01-22 20:27:27.716 W/libc    (19808): Access denied finding property "ro.odm.prev.product.name"
01-22 20:27:27.718 D/LoadedApk(19808): mApplicationInfo overrideDisplayId:null
01-22 20:27:27.719 I/bpas    (12190): onStop
01-22 20:27:27.728 D/nativeloader(19808): Configuring clns-4 for other apk /system_ext/framework/androidx.window.extensions.jar. target_sdk_version=34, uses_libraries=ALL, library_path=/product/app/Clock/lib/arm64:/product/app/Clock/Clock.apk!/lib/arm64-v8a, permitted_path=/data:/mnt/expand:/data/user_de/0/com.coloros.alarmclock
01-22 20:27:27.728 D/nativeloader(19808): Extending system_exposed_libraries: libapuwareapusys.mtk.so:libapuwareapusys_v2.mtk.so:libapuwarexrp.mtk.so:libapuwarexrp_v2.mtk.so:libapuwareutils.mtk.so:libapuwareutils_v2.mtk.so:libapuwarehmp.mtk.so:libmcv_runtime_usdk.mtk.so:libneuron_graph_delegate.mtk.so:libneuronusdk_adapter.mtk.so:libtflite_mtk.mtk.so:libarmnn_ndk.mtk.so:libcmdl_ndk.mtk.so:libnir_neon_driver_ndk.mtk.so:libmvpu_runtime.mtk.so:libmvpu_runtime_pub.mtk.so:libmvpu_engine_pub.mtk.so:libmvpu_pattern_pub.mtk.so:libmvpuop_mtk_cv.mtk.so:libmvpuop_mtk_nn.mtk.so:libteeservice_client.trustonic.so:libSloganJni.oplus.so:libsuperNight.oplus.so
01-22 20:27:27.735 D/nativeloader(19808): Configuring clns-5 for other apk /system_ext/framework/androidx.window.sidecar.jar. target_sdk_version=34, uses_libraries=ALL, library_path=/product/app/Clock/lib/arm64:/product/app/Clock/Clock.apk!/lib/arm64-v8a, permitted_path=/data:/mnt/expand:/data/user_de/0/com.coloros.alarmclock
01-22 20:27:27.735 D/nativeloader(19808): Extending system_exposed_libraries: libapuwareapusys.mtk.so:libapuwareapusys_v2.mtk.so:libapuwarexrp.mtk.so:libapuwarexrp_v2.mtk.so:libapuwareutils.mtk.so:libapuwareutils_v2.mtk.so:libapuwarehmp.mtk.so:libmcv_runtime_usdk.mtk.so:libneuron_graph_delegate.mtk.so:libneuronusdk_adapter.mtk.so:libtflite_mtk.mtk.so:libarmnn_ndk.mtk.so:libcmdl_ndk.mtk.so:libnir_neon_driver_ndk.mtk.so:libmvpu_runtime.mtk.so:libmvpu_runtime_pub.mtk.so:libmvpu_engine_pub.mtk.so:libmvpu_pattern_pub.mtk.so:libmvpuop_mtk_cv.mtk.so:libmvpuop_mtk_nn.mtk.so:libteeservice_client.trustonic.so:libSloganJni.oplus.so:libsuperNight.oplus.so
01-22 20:27:27.744 D/CameraDelegate( 1748): handleMessage:200
01-22 20:27:27.757 I/oplus_theia( 1294): [oplus_theia collectLogWithCmdExeceteThread]: dmesg > /data/persist_log/theia30/theia_appCrash_com.wholexale.app.staging@8cf57ae48d2988e9@2026-01-22-20-27-27-392/kernel.txt, ret is: 0
01-22 20:27:27.757 W/ActivityTaskManager( 1748): Activity top resumed state loss timeout for ActivityRecord{37f81f4 u0 com.wholexale.app.staging/com.wholexale.app.MainActivity} t-1 f}}
01-22 20:27:27.767 D/BoundBrokerSvc(24720): onBind: Intent { act=com.google.android.gms.inappreach.service.START dat=chimera-action:/... cmp=com.google.android.gms/.chimera.GmsApiService }
01-22 20:27:27.768 D/BoundBrokerSvc(24720): Loading bound service for intent: Intent { act=com.google.android.gms.inappreach.service.START dat=chimera-action:/... cmp=com.google.android.gms/.chimera.GmsApiService }
01-22 20:27:27.777 D/nativeloader(19808): InitLlndkLibrariesProduct: libEGL.so:libGLESv1_CM.so:libGLESv2.so:libGLESv3.so:libRS.so:libandroid_net.so:libbinder_ndk.so:libc.so:libcgrouprc.so:libclang_rt.asan-aarch64-android.so:libclang_rt.asan-arm-android.so:libclang_rt.hwasan-aarch64-android.so:libdl.so:libft2.so:liblog.so:libm.so:libmediandk.so:libnativewindow.so:libneuralnetworks.so:libselinux.so:libsync.so:libvndksupport.so:libvulkan.so
01-22 20:27:27.777 D/nativeloader(19808): Configuring product-clns-6 for unbundled product apk /product/app/Clock/Clock.apk. target_sdk_version=34, uses_libraries=, library_path=/product/app/Clock/lib/arm64:/product/app/Clock/Clock.apk!/lib/arm64-v8a:/product/lib64:/system/product/lib64, permitted_path=/data:/mnt/expand:/data/user_de/0/com.coloros.alarmclock:/product/lib64:/system/product/lib64
01-22 20:27:27.779 D/nativeloader(19808): InitVndkspLibrariesProduct: android.hardware.common-V2-ndk_platform.so:android.hardware.common.fmq-V1-ndk_platform.so:android.hardware.graphics.common-V2-ndk_platform.so:android.hardware.graphics.common@1.0.so:android.hardware.graphics.common@1.1.so:android.hardware.graphics.common@1.2.so:android.hardware.graphics.mapper@2.0.so:android.hardware.graphics.mapper@2.1.so:android.hardware.graphics.mapper@3.0.so:android.hardware.graphics.mapper@4.0.so:android.hardware.renderscript@1.0.so:android.hidl.memory.token@1.0.so:android.hidl.memory@1.0-impl.so:android.hidl.memory@1.0.so:android.hidl.safe_union@1.0.so:libRSCpuRef.so:libRSDriver.so:libRS_internal.so:libbacktrace.so:libbase.so:libbcinfo.so:libblas.so:libc++.so:libcompiler_rt.so:libcutils.so:libdmabufheap.so:libgralloctypes.so:libhardware.so:libhidlbase.so:libhidlmemory.so:libion.so:libjsoncpp.so:liblzma.so:libprocessgroup.so:libunwindstack.so:libutils.so:libutilscallstack.so:libz.so
01-22 20:27:27.789 W/OplusExSystemServiceHelper(20067): checkOplusExSystemService intent getComponent is null
01-22 20:27:27.803 D/nativeloader(19808): Load libframework-connectivity-jni.so using APEX ns com_android_tethering for caller /apex/com.android.tethering/javalib/framework-connectivity.jar: ok
01-22 20:27:27.805 D/BoundBrokerSvc(24720): onBind: Intent { act=com.google.android.gms.semanticlocationhistory.service.START dat=chimera-action:/... cmp=com.google.android.gms/.chimera.GmsApiService }
01-22 20:27:27.805 D/BoundBrokerSvc(24720): Loading bound service for intent: Intent { act=com.google.android.gms.semanticlocationhistory.service.START dat=chimera-action:/... cmp=com.google.android.gms/.chimera.GmsApiService }
01-22 20:27:27.807 V/GraphicsEnvironment(19808): ANGLE Developer option for 'com.coloros.alarmclock' set to: 'default'
01-22 20:27:27.808 V/GraphicsEnvironment(19808): ANGLE GameManagerService for com.coloros.alarmclock: false
01-22 20:27:27.808 V/GraphicsEnvironment(19808): Neither updatable production driver nor prerelease driver is supported.
01-22 20:27:27.815 D/NetworkSecurityConfig(19808): No Network Security Config specified, using platform default
01-22 20:27:27.815 D/NetworkSecurityConfig(19808): No Network Security Config specified, using platform default
01-22 20:27:27.861 D/OplusActivityManager(19808): get AMS extension: android.os.BinderProxy@461d7fb
01-22 20:27:27.871 W/PackageManager( 1748): package unknown uid 10200 pid 19808 call SetEnabledSetting(com.coloros.alarmclock component = com.oplus.alarmclock.provider.ClockProviderOPlus, 1, 0)
01-22 20:27:27.898 I/Finsky  ( 4911): [26239] Wrote 1 rows to frosting DB
01-22 20:27:27.929 E/IHansComunication( 6221): HANS printMessageBody: RCV message: type = 3,port = 86870,caller_pid = 1,caller_uid = 0,target_pid = 19787,target_uid = 1000,pkg_cmd = -1,rpc = signal/-1
01-22 20:27:27.950 W/Finsky  ( 4911): [26238] SLM: no metadata property com.android.vending.derived.apk.id found for shared library com.google.android.trichromelibrary_647807131:
01-22 20:27:27.950 W/Finsky  ( 4911): [26238] SLM: no metadata property com.android.vending.sdk.version.patch found for shared library com.google.android.trichromelibrary_647807131:
01-22 20:27:27.951 W/Finsky  ( 4911): [26238] SLM: no metadata property com.android.vending.derived.apk.id found for shared library com.google.android.trichromelibrary_749919233:
01-22 20:27:27.951 W/Finsky  ( 4911): [26238] SLM: no metadata property com.android.vending.sdk.version.patch found for shared library com.google.android.trichromelibrary_749919233:
01-22 20:27:27.954 W/Finsky  ( 4911): [26238] SLM: no metadata property com.android.vending.derived.apk.id found for shared library com.google.android.trichromelibrary_749919433:
01-22 20:27:27.956 W/Finsky  ( 4911): [26238] SLM: no metadata property com.android.vending.sdk.version.patch found for shared library com.google.android.trichromelibrary_749919433:
01-22 20:27:27.956 W/Finsky  ( 4911): [26238] SLM: no metadata property com.android.vending.derived.apk.id found for shared library com.google.android.trichromelibrary_755909033:
01-22 20:27:27.956 W/Finsky  ( 4911): [26238] SLM: no metadata property com.android.vending.sdk.version.patch found for shared library com.google.android.trichromelibrary_755909033:
01-22 20:27:27.959 I/WeatherS_WeatherServiceVersionUtils(19808): serviceVersionCode16013000
01-22 20:27:27.963 I/WeatherS_WeatherServiceVersionUtils(19808): serviceVersionCode16013000
01-22 20:27:27.965 D/CompatibilityChangeReporter( 1748): Compat change id reported: 161145287; UID 10200; state: DISABLED
01-22 20:27:27.987 E/RefMethod(19808): Attempt to invoke virtual method 'java.lang.reflect.Method[] java.lang.Class.getDeclaredMethods()' on a null object reference
01-22 20:27:27.991 I/WeatherS_WeatherServiceVersionUtils(19808): serviceVersionCode16013000
01-22 20:27:27.991 I/WeatherS_WeatherServiceVersionUtils(19808): serviceVersionCode16013000
01-22 20:27:27.991 I/WeatherS_WeatherServiceVersionUtils(19808): serviceVersionCode16013000
01-22 20:27:27.996 W/ClockTag_ClockWidget.ClockWidgetManager(19808): updateWeatherInfo -- weatherEntity is null!
01-22 20:27:28.007 D/CompatibilityChangeReporter(19808): Compat change id reported: 170233598; UID 10200; state: DISABLED
01-22 20:27:28.008 I/oplus_theia( 1294): [oplus_theia collectLogWithCmdExeceteThread]: logcat -d -b events > /data/persist_log/theia30/theia_appCrash_com.wholexale.app.staging@8cf57ae48d2988e9@2026-01-22-20-27-27-392/events.txt, ret is: 0
01-22 20:27:28.014 D/CompatibilityChangeReporter(19808): Compat change id reported: 160794467; UID 10200; state: ENABLED
01-22 20:27:28.033 I/WeatherS_WeatherServiceVersionUtils(19808): serviceVersionCode16013000
01-22 20:27:28.034 I/WeatherS_WeatherServiceVersionUtils(19808): serviceVersionCode16013000
01-22 20:27:28.038 I/WeatherS_WeatherBaseDataTask(19808): Service has not started, bind update Service.
01-22 20:27:28.038 I/WeatherS_WeatherServiceManager(19808): bindUpdateService false
01-22 20:27:28.042 D/CompatibilityChangeReporter( 1748): Compat change id reported: 135634846; UID 10201; state: DISABLED
01-22 20:27:28.042 D/CompatibilityChangeReporter( 1748): Compat change id reported: 177438394; UID 10201; state: DISABLED
01-22 20:27:28.042 D/CompatibilityChangeReporter( 1748): Compat change id reported: 135772972; UID 10201; state: DISABLED
01-22 20:27:28.043 D/CompatibilityChangeReporter( 1748): Compat change id reported: 135754954; UID 10201; state: ENABLED
01-22 20:27:28.043 D/CompatibilityChangeReporter( 1748): Compat change id reported: 143937733; UID 10201; state: ENABLED
01-22 20:27:28.045 I/WeatherS_WeatherBaseDataTask(19808): Service has not started, bind update Service.
01-22 20:27:28.045 I/WeatherS_WeatherServiceManager(19808): bindUpdateService false
01-22 20:27:28.055 D/Zygote  (  819): Forked child process 19857
01-22 20:27:28.058 I/ActivityManager( 1748): Start proc 19857:com.coloros.weather.service/u0a201 for service {com.coloros.weather.service/com.oplus.weather.external.WeatherCommonService}
01-22 20:27:28.058 D/OplusUIFirst_FB( 1748): com.coloros.weather.service proc start: 10201 19857 false com.coloros.weather.service
01-22 20:27:28.058 D/OplusUIFirst_FB( 1748): com.coloros.weather.service start process: []
01-22 20:27:28.058 D/OplusUIFirst_FB( 1748): List of ThreadOp: size=0 []
01-22 20:27:28.075 E/weather.service(19857): Unknown bits set in runtime_flags: 0x40000000
01-22 20:27:28.076 I/weather.service(19857): Using CollectorTypeCC GC.
01-22 20:27:28.085 D/nativeloader(19857): Load libframework-connectivity-tiramisu-jni.so using APEX ns com_android_tethering for caller /apex/com.android.tethering/javalib/framework-connectivity-t.jar: ok
01-22 20:27:28.095 I/OneTrace(19857): Mark active for pid=19857? true
01-22 20:27:28.095 D/cutils-dev(19857): otrace_set_tracing_enabled? true
01-22 20:27:28.096 D/cutils-dev(19857): properties changed in otrace_seq_number_changed!
01-22 20:27:28.097 E/weather.service(19857): Could not write anonymous vdex /system/framework/oat/arm64/mediatek-framework.vdex: Could not open /system/framework/oat/arm64/mediatek-framework.vdex for writing
01-22 20:27:28.102 D/RGBNormalizeServer( 1748): OplusRGBNormalize feature enabled ? false
01-22 20:27:28.109 W/OplusExSystemServiceHelper(19857): checkOplusExSystemService intent getComponent is null
01-22 20:27:28.112 D/CompatibilityChangeReporter(19857): Compat change id reported: 171979766; UID 10201; state: ENABLED
01-22 20:27:28.112 I/oplus.android.OplusFrameworkFactoryImpl(19857): get feature:IOplusAutoResolutionFeature
01-22 20:27:28.112 I/oplus.android.OplusFrameworkFactoryImpl(19857): getOplusAutoResolutionFeature
01-22 20:27:28.127 I/OplusFeatureCache(19857): Milliseconds spent on init(): 15
01-22 20:27:28.128 D/CompactWindowAppManager(19857): initCompactApplicationInfo 
01-22 20:27:28.139 W/libc    (19857): Access denied finding property "ro.odm.prev.product.name"
01-22 20:27:28.141 D/LoadedApk(19857): mApplicationInfo overrideDisplayId:null
01-22 20:27:28.153 D/nativeloader(19857): Configuring clns-4 for other apk /system/system_ext/framework/vendor.oplus.hardware.cryptoeng-V1.0-java.jar. target_sdk_version=36, uses_libraries=ALL, library_path=/data/app/~~9DMs4DJLQeCJKdzfJW4zJA==/com.coloros.weather.service-wUX0XwkKaTVoQS5VPDdEzg==/lib/arm64, permitted_path=/data:/mnt/expand:/data/user_de/0/com.coloros.weather.service
01-22 20:27:28.153 D/nativeloader(19857): Extending system_exposed_libraries: libapuwareapusys.mtk.so:libapuwareapusys_v2.mtk.so:libapuwarexrp.mtk.so:libapuwarexrp_v2.mtk.so:libapuwareutils.mtk.so:libapuwareutils_v2.mtk.so:libapuwarehmp.mtk.so:libmcv_runtime_usdk.mtk.so:libneuron_graph_delegate.mtk.so:libneuronusdk_adapter.mtk.so:libtflite_mtk.mtk.so:libarmnn_ndk.mtk.so:libcmdl_ndk.mtk.so:libnir_neon_driver_ndk.mtk.so:libmvpu_runtime.mtk.so:libmvpu_runtime_pub.mtk.so:libmvpu_engine_pub.mtk.so:libmvpu_pattern_pub.mtk.so:libmvpuop_mtk_cv.mtk.so:libmvpuop_mtk_nn.mtk.so:libteeservice_client.trustonic.so:libSloganJni.oplus.so:libsuperNight.oplus.so
01-22 20:27:28.157 D/nativeloader(19857): Configuring clns-5 for other apk /system_ext/framework/androidx.window.extensions.jar. target_sdk_version=36, uses_libraries=ALL, library_path=/data/app/~~9DMs4DJLQeCJKdzfJW4zJA==/com.coloros.weather.service-wUX0XwkKaTVoQS5VPDdEzg==/lib/arm64, permitted_path=/data:/mnt/expand:/data/user_de/0/com.coloros.weather.service
01-22 20:27:28.158 D/nativeloader(19857): Extending system_exposed_libraries: libapuwareapusys.mtk.so:libapuwareapusys_v2.mtk.so:libapuwarexrp.mtk.so:libapuwarexrp_v2.mtk.so:libapuwareutils.mtk.so:libapuwareutils_v2.mtk.so:libapuwarehmp.mtk.so:libmcv_runtime_usdk.mtk.so:libneuron_graph_delegate.mtk.so:libneuronusdk_adapter.mtk.so:libtflite_mtk.mtk.so:libarmnn_ndk.mtk.so:libcmdl_ndk.mtk.so:libnir_neon_driver_ndk.mtk.so:libmvpu_runtime.mtk.so:libmvpu_runtime_pub.mtk.so:libmvpu_engine_pub.mtk.so:libmvpu_pattern_pub.mtk.so:libmvpuop_mtk_cv.mtk.so:libmvpuop_mtk_nn.mtk.so:libteeservice_client.trustonic.so:libSloganJni.oplus.so:libsuperNight.oplus.so
01-22 20:27:28.162 I/zygote  (  819): Delayed USAP Pool refill. New USAPs: 1
01-22 20:27:28.163 D/nativeloader(19857): Configuring clns-6 for other apk /system_ext/framework/androidx.window.sidecar.jar. target_sdk_version=36, uses_libraries=ALL, library_path=/data/app/~~9DMs4DJLQeCJKdzfJW4zJA==/com.coloros.weather.service-wUX0XwkKaTVoQS5VPDdEzg==/lib/arm64, permitted_path=/data:/mnt/expand:/data/user_de/0/com.coloros.weather.service
01-22 20:27:28.163 D/nativeloader(19857): Extending system_exposed_libraries: libapuwareapusys.mtk.so:libapuwareapusys_v2.mtk.so:libapuwarexrp.mtk.so:libapuwarexrp_v2.mtk.so:libapuwareutils.mtk.so:libapuwareutils_v2.mtk.so:libapuwarehmp.mtk.so:libmcv_runtime_usdk.mtk.so:libneuron_graph_delegate.mtk.so:libneuronusdk_adapter.mtk.so:libtflite_mtk.mtk.so:libarmnn_ndk.mtk.so:libcmdl_ndk.mtk.so:libnir_neon_driver_ndk.mtk.so:libmvpu_runtime.mtk.so:libmvpu_runtime_pub.mtk.so:libmvpu_engine_pub.mtk.so:libmvpu_pattern_pub.mtk.so:libmvpuop_mtk_cv.mtk.so:libmvpuop_mtk_nn.mtk.so:libteeservice_client.trustonic.so:libSloganJni.oplus.so:libsuperNight.oplus.so
01-22 20:27:28.177 D/Zygote  (  819): Forked child process 19878
01-22 20:27:28.180 D/AALLightSensor( 1193): oldLux=0 [SA:0 LA:0] newLux=0 (oriLux: 0)
01-22 20:27:28.188 W/weather.service(19857): Failed to find entry 'classes.dex': Entry not found
01-22 20:27:28.191 W/weather.service(19857): Failed to find entry 'classes.dex': Entry not found
01-22 20:27:28.192 D/nativeloader(19857): Configuring clns-7 for other apk /data/app/~~9DMs4DJLQeCJKdzfJW4zJA==/com.coloros.weather.service-wUX0XwkKaTVoQS5VPDdEzg==/base.apk:/data/app/~~9DMs4DJLQeCJKdzfJW4zJA==/com.coloros.weather.service-wUX0XwkKaTVoQS5VPDdEzg==/split_config.en.apk:/data/app/~~9DMs4DJLQeCJKdzfJW4zJA==/com.coloros.weather.service-wUX0XwkKaTVoQS5VPDdEzg==/split_config.xxhdpi.apk. target_sdk_version=36, uses_libraries=, library_path=/data/app/~~9DMs4DJLQeCJKdzfJW4zJA==/com.coloros.weather.service-wUX0XwkKaTVoQS5VPDdEzg==/lib/arm64, permitted_path=/data:/mnt/expand:/data/user_de/0/com.coloros.weather.service
01-22 20:27:28.219 D/nativeloader(19857): Load libframework-connectivity-jni.so using APEX ns com_android_tethering for caller /apex/com.android.tethering/javalib/framework-connectivity.jar: ok
01-22 20:27:28.223 V/GraphicsEnvironment(19857): ANGLE Developer option for 'com.coloros.weather.service' set to: 'default'
01-22 20:27:28.223 V/GraphicsEnvironment(19857): ANGLE GameManagerService for com.coloros.weather.service: false
01-22 20:27:28.223 V/GraphicsEnvironment(19857): Neither updatable production driver nor prerelease driver is supported.
01-22 20:27:28.228 D/NetworkSecurityConfig(19857): No Network Security Config specified, using platform default
01-22 20:27:28.228 D/NetworkSecurityConfig(19857): No Network Security Config specified, using platform default
01-22 20:27:28.252 D/UsageStatsService( 1748): User[999] type=0 b=1769091935475 e=1769093848252 cb=1769073226312 ce=1769093839275 disk=0 all=1
01-22 20:27:28.259 I/SwitchesProvider(19857): com.oplus.weather.service.provider.WeatherSwitchProvider
01-22 20:27:28.270 D/CompatibilityChangeReporter(19857): Compat change id reported: 183155436; UID 10201; state: ENABLED
01-22 20:27:28.272 E/WeatherS_AccuUtilsExp(19857): exp -> true
01-22 20:27:28.290 I/SwitchesProvider(19857): com.oplus.weather.service.provider.ColorWeatherSwitchProvider
01-22 20:27:28.309 D/OplusActivityManager(19857): get AMS extension: android.os.BinderProxy@74445bc
01-22 20:27:28.317 I/gle.android.gms( 6747): Explicit concurrent copying GC freed 5911KB AllocSpace bytes, 4(124KB) LOS objects, 24% free, 6947KB/9263KB, paused 89us,52us total 94.614ms
01-22 20:27:28.320 D/CompatibilityChangeReporter( 1748): Compat change id reported: 319212206; UID 10201; state: ENABLED
01-22 20:27:28.321 I/WeatherS_WeatherApplication(19857): registerWeatherUIAppChangedReceiver
01-22 20:27:28.323 D/CompatibilityChangeReporter( 1748): Compat change id reported: 161145287; UID 10201; state: DISABLED
01-22 20:27:28.323 I/WeatherS_WeatherApplication(19857): registerExternalUpdateWeatherReceiver
01-22 20:27:28.328 D/ConnectivityService( 1748): NetReassign [no changes] [c 1] [a 2] [i 5]
01-22 20:27:28.343 I/WeatherS_WeatherServiceManager(19808): onServiceConnected
01-22 20:27:28.344 I/WeatherS_WeatherServiceManager(19808): onServiceConnected
01-22 20:27:28.344 I/WeatherS_WeatherBaseDataTask(19808): executeRequest getLocationCityDataAndUpdateWeatherInfoIfNeeded
01-22 20:27:28.347 E/WeatherS_PrivacyStatementExport(19857): isAgreed-1
01-22 20:27:28.348 I/WeatherS_WeatherBaseDataTask(19808): executeRequest getResidentSecureSettingsData
01-22 20:27:28.348 E/WeatherS_PrivacyStatementExport(19857): isAgreed-1
01-22 20:27:28.352 E/WeatherS_WeatherCommonServiceProxy(19857): getLocationCityInfo
01-22 20:27:28.353 D/WeatherS_PoolManager(19857):  thread: Thread[pool-1-thread-1,5,main]
01-22 20:27:28.353 D/WeatherS_PoolManager(19857):  thread: Thread[pool-2-thread-1,5,main]
01-22 20:27:28.360 I/DCS>ContentProvider[18193](27464): support
01-22 20:27:28.384 I/WeatherS_WeatherCommonServiceProxy(19857): getResidentCity list size: 1
01-22 20:27:28.384 I/WeatherS_WeatherCommonServiceProxy(19857): getLocationCityAndUpdate id = 2 cityId:0
01-22 20:27:28.384 E/WeatherS_WeatherCommonServiceProxy(19857): getTimeZoneOfAttendCity
01-22 20:27:28.384 D/WeatherS_PoolManager(19857):  thread: Thread[pool-2-thread-2,5,main]
01-22 20:27:28.386 E/WeatherS_WeatherCommonServiceProxy(19857): getOneAttentCityWeatherInfoList
01-22 20:27:28.387 D/WeatherS_PoolManager(19857):  thread: Thread[pool-2-thread-3,5,main]
01-22 20:27:28.388 I/WeatherS_WeatherCommonServiceProxy(19857): resident data temp -> 48
01-22 20:27:28.389 I/WeatherS_WeatherBaseDataTask(19808): after doRequestFromWeatherService getResidentSecureSettingsData result true
01-22 20:27:28.393 I/WeatherS_WeatherCommonServiceProxy(19857): parseWeatherToAttentWeatherInfo currentTemp: 75
01-22 20:27:28.393 I/WeatherS_WeatherBaseDataTask(19808):  doRequestFromWeatherService getResidentSecureSettingsData response data true
01-22 20:27:28.396 D/WeatherS_PoolManager(19857):  thread: Thread[pool-3-thread-1,5,main]
01-22 20:27:28.397 I/WeatherS_WeatherCommonServiceProxy(19857): getLocationCityAndUpdate  temp = 75 Partly cloudy 58
01-22 20:27:28.397 E/WeatherS_WeatherCommonServiceProxy(19857): getLocationCityAndUpdate  needUpdateWeatherInfo = true, isCallFromWeatherApp = false
01-22 20:27:28.398 I/WeatherS_WeatherServiceVersionUtils(19808): serviceVersionCode16013000
01-22 20:27:28.398 I/WeatherS_WeatherServiceVersionUtils(19808): serviceVersionCode16013000
01-22 20:27:28.398 I/WeatherS_WeatherServiceVersionUtils(19808): serviceVersionCode16013000
01-22 20:27:28.399 W/ClockTag_ClockWidget.ClockWidgetManager(19808): updateWeatherInfo -- weatherEntity is null!
01-22 20:27:28.399 I/WeatherS_SharedUtil(19857): getLocationWeather weather: 75::58::Partly cloudy::::5.5::Asia/Kolkata::0::1769044191000::1769084919000::false::259
