01-22 22:56:51.816 E/GoogleApiManager( 7580): Failed to get service from broker. 
01-22 22:56:51.816 E/GoogleApiManager( 7580): java.lang.SecurityException: Unknown calling package name 'com.google.android.gms'.
01-22 22:56:51.816 E/GoogleApiManager( 7580): 	at android.os.Parcel.createExceptionOrNull(Parcel.java:3062)
01-22 22:56:51.816 E/GoogleApiManager( 7580): 	at android.os.Parcel.createException(Parcel.java:3046)
01-22 22:56:51.816 E/GoogleApiManager( 7580): 	at android.os.Parcel.readException(Parcel.java:3029)
01-22 22:56:51.816 E/GoogleApiManager( 7580): 	at android.os.Parcel.readException(Parcel.java:2971)
01-22 22:56:51.816 E/GoogleApiManager( 7580): 	at bdqy.a(:com.google.android.gms@260233029@26.02.33 (190400-858744110):36)
01-22 22:56:51.816 E/GoogleApiManager( 7580): 	at bdoz.z(:com.google.android.gms@260233029@26.02.33 (190400-858744110):143)
01-22 22:56:51.816 E/GoogleApiManager( 7580): 	at bcuz.run(:com.google.android.gms@260233029@26.02.33 (190400-858744110):42)
01-22 22:56:51.816 E/GoogleApiManager( 7580): 	at android.os.Handler.handleCallback(Handler.java:942)
01-22 22:56:51.816 E/GoogleApiManager( 7580): 	at android.os.Handler.dispatchMessage(Handler.java:99)
01-22 22:56:51.816 E/GoogleApiManager( 7580): 	at cqvg.mB(:com.google.android.gms@260233029@26.02.33 (190400-858744110):1)
01-22 22:56:51.816 E/GoogleApiManager( 7580): 	at cqvg.dispatchMessage(:com.google.android.gms@260233029@26.02.33 (190400-858744110):5)
01-22 22:56:51.816 E/GoogleApiManager( 7580): 	at android.os.Looper.loopOnce(Looper.java:240)
01-22 22:56:51.816 E/GoogleApiManager( 7580): 	at android.os.Looper.loop(Looper.java:351)
01-22 22:56:51.816 E/GoogleApiManager( 7580): 	at android.os.HandlerThread.run(HandlerThread.java:67)
01-22 22:56:51.816 W/GoogleApiManager( 7580): Not showing notification since connectionResult is not user-facing: ConnectionResult{statusCode=DEVELOPER_ERROR, resolution=null, message=null, clientMethodKey=null}
01-22 22:56:51.820 W/FlagRegistrar( 7580): Failed to register com.google.android.gms.providerinstaller#com.truecaller
01-22 22:56:51.820 W/FlagRegistrar( 7580): fwyi: 17: 17: API: Phenotype.API is not available on this device. Connection failed with: ConnectionResult{statusCode=DEVELOPER_ERROR, resolution=null, message=null, clientMethodKey=null}
01-22 22:56:51.820 W/FlagRegistrar( 7580): 	at fwyk.a(:com.google.android.gms@260233029@26.02.33 (190400-858744110):13)
01-22 22:56:51.820 W/FlagRegistrar( 7580): 	at guzi.d(:com.google.android.gms@260233029@26.02.33 (190400-858744110):3)
01-22 22:56:51.820 W/FlagRegistrar( 7580): 	at guzk.run(:com.google.android.gms@260233029@26.02.33 (190400-858744110):130)
01-22 22:56:51.820 W/FlagRegistrar( 7580): 	at gvbr.execute(:com.google.android.gms@260233029@26.02.33 (190400-858744110):1)
01-22 22:56:51.820 W/FlagRegistrar( 7580): 	at guzs.f(:com.google.android.gms@260233029@26.02.33 (190400-858744110):1)
01-22 22:56:51.820 W/FlagRegistrar( 7580): 	at guzs.m(:com.google.android.gms@260233029@26.02.33 (190400-858744110):99)
01-22 22:56:51.820 W/FlagRegistrar( 7580): 	at guzs.r(:com.google.android.gms@260233029@26.02.33 (190400-858744110):17)
01-22 22:56:51.820 W/FlagRegistrar( 7580): 	at fpmw.hC(:com.google.android.gms@260233029@26.02.33 (190400-858744110):35)
01-22 22:56:51.820 W/FlagRegistrar( 7580): 	at fcpv.run(:com.google.android.gms@260233029@26.02.33 (190400-858744110):12)
01-22 22:56:51.820 W/FlagRegistrar( 7580): 	at gvbr.execute(:com.google.android.gms@260233029@26.02.33 (190400-858744110):1)
01-22 22:56:51.820 W/FlagRegistrar( 7580): 	at fcpw.b(:com.google.android.gms@260233029@26.02.33 (190400-858744110):18)
01-22 22:56:51.820 W/FlagRegistrar( 7580): 	at fcql.b(:com.google.android.gms@260233029@26.02.33 (190400-858744110):34)
01-22 22:56:51.820 W/FlagRegistrar( 7580): 	at fcqn.d(:com.google.android.gms@260233029@26.02.33 (190400-858744110):25)
01-22 22:56:51.820 W/FlagRegistrar( 7580): 	at bcsi.c(:com.google.android.gms@260233029@26.02.33 (190400-858744110):9)
01-22 22:56:51.820 W/FlagRegistrar( 7580): 	at bcux.q(:com.google.android.gms@260233029@26.02.33 (190400-858744110):48)
01-22 22:56:51.820 W/FlagRegistrar( 7580): 	at bcux.d(:com.google.android.gms@260233029@26.02.33 (190400-858744110):10)
01-22 22:56:51.820 W/FlagRegistrar( 7580): 	at bcux.g(:com.google.android.gms@260233029@26.02.33 (190400-858744110):191)
01-22 22:56:51.820 W/FlagRegistrar( 7580): 	at bcux.onConnectionFailed(:com.google.android.gms@260233029@26.02.33 (190400-858744110):2)
01-22 22:56:51.820 W/FlagRegistrar( 7580): 	at bcuz.run(:com.google.android.gms@260233029@26.02.33 (190400-858744110):70)
01-22 22:56:51.820 W/FlagRegistrar( 7580): 	at android.os.Handler.handleCallback(Handler.java:942)
01-22 22:56:51.820 W/FlagRegistrar( 7580): 	at android.os.Handler.dispatchMessage(Handler.java:99)
01-22 22:56:51.820 W/FlagRegistrar( 7580): 	at cqvg.mB(:com.google.android.gms@260233029@26.02.33 (190400-858744110):1)
01-22 22:56:51.820 W/FlagRegistrar( 7580): 	at cqvg.dispatchMessage(:com.google.android.gms@260233029@26.02.33 (190400-858744110):5)
01-22 22:56:51.820 W/FlagRegistrar( 7580): 	at android.os.Looper.loopOnce(Looper.java:240)
01-22 22:56:51.820 W/FlagRegistrar( 7580): 	at android.os.Looper.loop(Looper.java:351)
01-22 22:56:51.820 W/FlagRegistrar( 7580): 	at android.os.HandlerThread.run(HandlerThread.java:67)
01-22 22:56:51.820 W/FlagRegistrar( 7580): Caused by: bcqp: 17: API: Phenotype.API is not available on this device. Connection failed with: ConnectionResult{statusCode=DEVELOPER_ERROR, resolution=null, message=null, clientMethodKey=null}
01-22 22:56:51.820 W/FlagRegistrar( 7580): 	at bdol.a(:com.google.android.gms@260233029@26.02.33 (190400-858744110):15)
01-22 22:56:51.820 W/FlagRegistrar( 7580): 	at bcsl.a(:com.google.android.gms@260233029@26.02.33 (190400-858744110):1)
01-22 22:56:51.820 W/FlagRegistrar( 7580): 	at bcsi.c(:com.google.android.gms@260233029@26.02.33 (190400-858744110):5)
01-22 22:56:51.820 W/FlagRegistrar( 7580): 	... 12 more
01-22 22:56:51.864 D/nativeloader( 7580): Load /data/app/~~ELby_H2hT9EwXjHsIWTweg==/com.google.android.gms-lnT4HCbVAT6U8P0lsxDlfw==/base.apk!/lib/arm64-v8a/libconscrypt_gmscore_jni.so using class loader ns clns-11 (caller=/data/app/~~ELby_H2hT9EwXjHsIWTweg==/com.google.android.gms-lnT4HCbVAT6U8P0lsxDlfw==/base.apk): ok
01-22 22:56:51.865 V/bt_stack( 3256): [VERBOSE1:btm_ble_gap.cc(2613)] btm_ble_process_adv_addr: bda=66:**:**:**:f0:b6 addr_type=1
01-22 22:56:51.865 I/bt_btm  ( 3256): LogMsg: btm_ble_process_adv_pkt: pkt_data_len: 25
01-22 22:56:51.866 V/bt_stack( 3256): [VERBOSE1:btm_ble_gap.cc(2613)] btm_ble_process_adv_addr: bda=66:**:**:**:f0:b6 addr_type=1
01-22 22:56:51.866 I/bt_btm  ( 3256): LogMsg: btm_ble_process_adv_pkt: pkt_data_len: 0
01-22 22:56:51.866 I/bt_btif ( 3256): LogMsg: bta_dm_observe_results_cb
01-22 22:56:51.866 I/bt_btif ( 3256): LogMsg: btif_ble_scanner_update_COD 66:a6:c0:ec:f0:b6 cod is 0x000000
01-22 22:56:51.866 I/bt_btif ( 3256): LogMsg: btif_ble_scanner_update_COD cod in config 0x001f00, status=0
01-22 22:56:51.866 I/bt_btif ( 3256): LogMsg: btif_ble_scanner_update_COD invalid cod 0x0, use cod 0x1f00 in config
01-22 22:56:51.866 V/NativeCrypto( 7580): Registering com/google/android/gms/org/conscrypt/NativeCrypto's 333 native methods...
01-22 22:56:51.866 I/bt_btif ( 3256): LogMsg: bta_scan_results_cb_impl : type 0 channel 0
01-22 22:56:51.866 I/bt_btif ( 3256): LogMsg: bta_scan_results_cb_impl: HAL bt_gatt_callbacks->scanner->scan_result_cb
01-22 22:56:51.866 D/BtGatt.GattService( 3256): onScanResult() - eventType=0x1b, addressType=1, address=66:A6:C0:EC:F0:B6, primaryPhy=1, secondaryPhy=0, advertisingSid=0xff, txPower=127, rssi=-78, periodicAdvInt=0x0, originalAddress=66:A6:C0:EC:F0:B6, type=0, channel=0
01-22 22:56:51.869 I/NearbyDiscovery(22573): (REDACTED) BloomFilterAdvManager: Detected bloom filter but too far away, ignoring. %sm, %s
01-22 22:56:51.872 I/NearbyDiscovery(20067): (REDACTED) BloomFilterAdvManager: Detected bloom filter but too far away, ignoring. %sm, %s
01-22 22:56:51.933 I/ProviderInstaller( 7580): Installed default security provider GmsCore_OpenSSL
01-22 22:56:52.056 I/Finsky  (26668): [26975] com.truecaller: Account determined from installer data - [rPS6LPAx5Lr8Ht_qDoZYJT4A7c9F3cBz3TL9Zc7nSeQ]
01-22 22:56:52.057 I/Finsky  (26668): [26975] Billing preferred account via installer for com.truecaller: [rPS6LPAx5Lr8Ht_qDoZYJT4A7c9F3cBz3TL9Zc7nSeQ]
01-22 22:56:52.063 I/Finsky  (26668): [26975] com.truecaller: Account determined from installer data - [rPS6LPAx5Lr8Ht_qDoZYJT4A7c9F3cBz3TL9Zc7nSeQ]
01-22 22:56:52.063 I/Finsky  (26668): [26975] Billing preferred account via installer for com.truecaller: [rPS6LPAx5Lr8Ht_qDoZYJT4A7c9F3cBz3TL9Zc7nSeQ]
01-22 22:56:52.081 I/Finsky  (26668): [26975] User is not an active Play Pass subscriber
01-22 22:56:52.092 I/Athena  ( 2605): CommonAction: 22,2247,160,0,0,0,382,0,3218,2080,694,1484,11.7348385,22
01-22 22:56:52.133 D/BoundBrokerSvc(20067): onRebind: Intent { act=com.google.android.gms.time.trustedtime.service.START dat=chimera-action:/... cmp=com.google.android.gms/.chimera.PersistentApiService }
01-22 22:56:52.146 D/BoundBrokerSvc(20067): onBind: Intent { act=com.google.android.gms.time.trustedtime.singleuserapi.service.START dat=chimera-action:/... cmp=com.google.android.gms/.chimera.PersistentSingleUserInternalApiService }
01-22 22:56:52.146 D/BoundBrokerSvc(20067): Loading bound service for intent: Intent { act=com.google.android.gms.time.trustedtime.singleuserapi.service.START dat=chimera-action:/... cmp=com.google.android.gms/.chimera.PersistentSingleUserInternalApiService }
01-22 22:56:52.168 I/ActivityManager( 1748): Killing 1068:com.google.android.googlequicksearchbox:search/u0a136 (adj 965): empty #21
01-22 22:56:52.171 E/IHansComunication( 6221): HANS printMessageBody: RCV message: type = 3,port = 86870,caller_pid = 1748,caller_uid = 1000,target_pid = 1068,target_uid = 10136,pkg_cmd = -1,rpc = signal/-1
01-22 22:56:52.180 I/libprocessgroup( 1748): Successfully killed process cgroup uid 10136 pid 1068 in 9ms
01-22 22:56:52.212 I/Zygote  (  819): Process 1068 exited due to signal 9 (Killed)
01-22 22:56:52.221 D/OplusUIFirst_FB( 1748): com.google.android.googlequicksearchbox remove pid: 1068
01-22 22:56:52.222 I/mtkpower_client( 1748): [Legacy][PowerHal_Wrap_notifyAppState] com.google.android.googlequicksearchbox/com.google.android.googlequicksearchbox pid=1068 state:3
01-22 22:56:52.222 I/game_scn( 1748): collectForegroundAppList packName=com.google.android.googlequicksearchbox, actName=com.google.android.googlequicksearchbox, pid=1068, uid=10136, state:DEAD
01-22 22:56:52.223 D/RilUtility(  859): notify_rild_crash_pid_set certPid:-1, crash:1068, scn:0x0
01-22 22:56:52.223 V/DeepThinker( 5470): ProcessManager: onProcessDied pid:1068, uid:10136
01-22 22:56:52.265 D/NetworkEvent( 2614): OplusNetworkEventCbProxy invoke.....onDnsEvent argslen:8
01-22 22:56:52.666 V/bt_stack( 3256): [VERBOSE1:btm_ble_gap.cc(2613)] btm_ble_process_adv_addr: bda=66:**:**:**:f0:b6 addr_type=1
01-22 22:56:52.666 I/bt_btm  ( 3256): LogMsg: btm_ble_process_adv_pkt: pkt_data_len: 25
01-22 22:56:52.667 V/bt_stack( 3256): [VERBOSE1:btm_ble_gap.cc(2613)] btm_ble_process_adv_addr: bda=66:**:**:**:f0:b6 addr_type=1
01-22 22:56:52.667 I/bt_btm  ( 3256): LogMsg: btm_ble_process_adv_pkt: pkt_data_len: 0
01-22 22:56:52.667 I/bt_btif ( 3256): LogMsg: bta_dm_observe_results_cb
01-22 22:56:52.667 I/bt_btif ( 3256): LogMsg: btif_ble_scanner_update_COD 66:a6:c0:ec:f0:b6 cod is 0x000000
01-22 22:56:52.667 I/bt_btif ( 3256): LogMsg: btif_ble_scanner_update_COD cod in config 0x001f00, status=0
01-22 22:56:52.667 I/bt_btif ( 3256): LogMsg: btif_ble_scanner_update_COD invalid cod 0x0, use cod 0x1f00 in config
01-22 22:56:52.668 I/bt_btif ( 3256): LogMsg: bta_scan_results_cb_impl : type 0 channel 0
01-22 22:56:52.668 I/bt_btif ( 3256): LogMsg: bta_scan_results_cb_impl: HAL bt_gatt_callbacks->scanner->scan_result_cb
01-22 22:56:52.668 D/BtGatt.GattService( 3256): onScanResult() - eventType=0x1b, addressType=1, address=66:A6:C0:EC:F0:B6, primaryPhy=1, secondaryPhy=0, advertisingSid=0xff, txPower=127, rssi=-76, periodicAdvInt=0x0, originalAddress=66:A6:C0:EC:F0:B6, type=0, channel=0
01-22 22:56:52.675 I/NearbyDiscovery(22573): (REDACTED) BloomFilterAdvManager: Detected bloom filter but too far away, ignoring. %sm, %s
01-22 22:56:52.681 I/NearbyDiscovery(20067): (REDACTED) BloomFilterAdvManager: Detected bloom filter but too far away, ignoring. %sm, %s
01-22 22:56:52.732 D/ConnectivityService( 1748): requestNetwork for uid/pid:10057/7580 activeRequest: null callbackRequest: 16098 [NetworkRequest [ REQUEST id=16099, [ Capabilities: INTERNET&NOT_RESTRICTED&TRUSTED&NOT_VCN_MANAGED Uid: 10057 RequestorUid: 10057 RequestorPkg: com.truecaller UnderlyingNetworks: Null] ]] callback flags: 0 order: 2147483647 isUidTracked: false declaredMethods: AVAIL|LOST|NC
01-22 22:56:52.738 D/WifiNetworkFactory( 1748): got request NetworkRequest [ REQUEST id=16099, [ Capabilities: INTERNET&NOT_RESTRICTED&TRUSTED&NOT_VCN_MANAGED Uid: 10057 RequestorUid: 10057 RequestorPkg: com.truecaller UnderlyingNetworks: Null] ]
01-22 22:56:52.739 D/UntrustedWifiNetworkFactory( 1748): got request NetworkRequest [ REQUEST id=16099, [ Capabilities: INTERNET&NOT_RESTRICTED&TRUSTED&NOT_VCN_MANAGED Uid: 10057 RequestorUid: 10057 RequestorPkg: com.truecaller UnderlyingNetworks: Null] ]
01-22 22:56:52.740 D/OemPaidWifiNetworkFactory( 1748): got request NetworkRequest [ REQUEST id=16099, [ Capabilities: INTERNET&NOT_RESTRICTED&TRUSTED&NOT_VCN_MANAGED Uid: 10057 RequestorUid: 10057 RequestorPkg: com.truecaller UnderlyingNetworks: Null] ]
01-22 22:56:52.740 D/MultiInternetWifiNetworkFactory( 1748): got request NetworkRequest [ REQUEST id=16099, [ Capabilities: INTERNET&NOT_RESTRICTED&TRUSTED&NOT_VCN_MANAGED Uid: 10057 RequestorUid: 10057 RequestorPkg: com.truecaller UnderlyingNetworks: Null] ]
01-22 22:56:52.742 D/ConnectivityService( 1748): NetReassign [16099 : null → 113] [c 0] [a 3] [i 5]
01-22 22:56:53.068 I/cn_CronetUrlRequestContext(26668): destroyNativeStreamLocked android.net.connectivity.org.chromium.net.impl.CronetBidirectionalStream@fa0d501
01-22 22:56:53.093 I/Athena  ( 2605): CommonAction: 0,2266,172,0,0,0,382,0,3201,2086,718,1468
01-22 22:56:53.098 D/Volley  (26668): [26761] aywr.run: Could not delete cache entry for key=[FoDqEZV05xwzE_5klXM6EhQDd-Knu3-ZIQaLK1qmxxo], filename=I8Hi33Q4-v6Muapu9srEUbLO280
01-22 22:56:53.116 D/NetworkEvent( 2614): OplusNetworkEventCbProxy invoke.....onDnsEvent argslen:8
01-22 22:56:53.212 D/ConnectivityService( 1748): NetReassign [no changes] [c 1] [a 3] [i 4]
01-22 22:56:53.227 I/com.truecaller( 7580): Waiting for a blocking GC ClassLinker
01-22 22:56:53.236 D/NetworkEvent( 2614): OplusNetworkEventCbProxy invoke.....onDnsEvent argslen:8
01-22 22:56:53.321 V/bt_stack( 3256): [VERBOSE1:btm_ble_gap.cc(2613)] btm_ble_process_adv_addr: bda=66:**:**:**:f0:b6 addr_type=1
01-22 22:56:53.321 I/bt_btm  ( 3256): LogMsg: btm_ble_process_adv_pkt: pkt_data_len: 25
01-22 22:56:53.321 V/bt_stack( 3256): [VERBOSE1:btm_ble_gap.cc(2613)] btm_ble_process_adv_addr: bda=66:**:**:**:f0:b6 addr_type=1
01-22 22:56:53.322 I/bt_btm  ( 3256): LogMsg: btm_ble_process_adv_pkt: pkt_data_len: 0
01-22 22:56:53.322 I/bt_btif ( 3256): LogMsg: bta_dm_observe_results_cb
01-22 22:56:53.322 I/bt_btif ( 3256): LogMsg: btif_ble_scanner_update_COD 66:a6:c0:ec:f0:b6 cod is 0x000000
01-22 22:56:53.322 I/bt_btif ( 3256): LogMsg: btif_ble_scanner_update_COD cod in config 0x001f00, status=0
01-22 22:56:53.322 I/bt_btif ( 3256): LogMsg: btif_ble_scanner_update_COD invalid cod 0x0, use cod 0x1f00 in config
01-22 22:56:53.322 I/bt_btif ( 3256): LogMsg: bta_scan_results_cb_impl : type 0 channel 0
01-22 22:56:53.322 I/bt_btif ( 3256): LogMsg: bta_scan_results_cb_impl: HAL bt_gatt_callbacks->scanner->scan_result_cb
01-22 22:56:53.322 D/BtGatt.GattService( 3256): onScanResult() - eventType=0x1b, addressType=1, address=66:A6:C0:EC:F0:B6, primaryPhy=1, secondaryPhy=0, advertisingSid=0xff, txPower=127, rssi=-84, periodicAdvInt=0x0, originalAddress=66:A6:C0:EC:F0:B6, type=0, channel=0
01-22 22:56:53.325 I/NearbyDiscovery(20067): (REDACTED) BloomFilterAdvManager: Detected bloom filter but too far away, ignoring. %sm, %s
01-22 22:56:53.325 I/NearbyDiscovery(22573): (REDACTED) BloomFilterAdvManager: Detected bloom filter but too far away, ignoring. %sm, %s
01-22 22:56:53.603 D/CompatibilityChangeReporter( 1748): Compat change id reported: 135634846; UID 10128; state: DISABLED
01-22 22:56:53.603 D/CompatibilityChangeReporter( 1748): Compat change id reported: 177438394; UID 10128; state: DISABLED
01-22 22:56:53.603 D/CompatibilityChangeReporter( 1748): Compat change id reported: 135772972; UID 10128; state: DISABLED
01-22 22:56:53.603 D/CompatibilityChangeReporter( 1748): Compat change id reported: 135754954; UID 10128; state: ENABLED
01-22 22:56:53.604 D/CompatibilityChangeReporter( 1748): Compat change id reported: 143937733; UID 10128; state: ENABLED
01-22 22:56:53.620 D/Zygote  (  819): Forked child process 7805
01-22 22:56:53.622 I/ActivityManager( 1748): Start proc 7805:com.google.process.gapps/u0a128 for content provider {com.google.android.gsf/com.google.android.gsf.settings.GoogleSettingsProvider}
01-22 22:56:53.623 D/OplusUIFirst_FB( 1748): com.google.android.gsf proc start: 10128 7805 false com.google.process.gapps
01-22 22:56:53.623 D/OplusUIFirst_FB( 1748): com.google.android.gsf start process: []
01-22 22:56:53.623 D/OplusUIFirst_FB( 1748): List of ThreadOp: size=0 []
01-22 22:56:53.637 E/e.process.gapps( 7805): Unknown bits set in runtime_flags: 0x40000000
01-22 22:56:53.637 I/e.process.gapps( 7805): Using CollectorTypeCC GC.
01-22 22:56:53.645 D/nativeloader( 7805): Load libframework-connectivity-tiramisu-jni.so using APEX ns com_android_tethering for caller /apex/com.android.tethering/javalib/framework-connectivity-t.jar: ok
01-22 22:56:53.652 W/TouchableRegionManager( 2225): onHeadsUpPinnedModeChanged
01-22 22:56:53.652 I/OneTrace( 7805): Mark active for pid=7805? true
01-22 22:56:53.652 D/cutils-dev( 7805): otrace_set_tracing_enabled? true
01-22 22:56:53.653 D/cutils-dev( 7805): properties changed in otrace_seq_number_changed!
01-22 22:56:53.654 E/e.process.gapps( 7805): Could not write anonymous vdex /system/framework/oat/arm64/mediatek-framework.vdex: Could not open /system/framework/oat/arm64/mediatek-framework.vdex for writing
01-22 22:56:53.658 D/RGBNormalizeServer( 1748): OplusRGBNormalize feature enabled ? false
01-22 22:56:53.662 W/View    ( 2225): requestLayout() improperly called by android.widget.ImageView{dcd8b3f V.ED..... ......ID 893,41-944,92} during layout: running second layout pass
01-22 22:56:53.662 W/View    ( 2225): requestLayout() improperly called by android.view.NotificationHeaderView{6b34dda V.E...... ......ID 0,0-998,133 #10203e7 android:id/notification_header} during layout: running second layout pass
01-22 22:56:53.662 W/View    ( 2225): requestLayout() improperly called by android.widget.ImageView{bd08044 V.ED..... ......ID 893,41-944,92} during layout: running second layout pass
01-22 22:56:53.662 W/View    ( 2225): requestLayout() improperly called by android.view.NotificationHeaderView{cacc20b V.E...... ......ID 0,0-998,133 #10203e7 android:id/notification_header} during layout: running second layout pass
01-22 22:56:53.662 W/View    ( 2225): requestLayout() improperly called by android.widget.ImageView{a11f0be V.ED..... ......ID 893,41-944,92} during layout: running second layout pass
01-22 22:56:53.662 W/View    ( 2225): requestLayout() improperly called by android.view.NotificationHeaderView{83028e8 V.E...... ......ID 0,0-998,133 #10203e7 android:id/notification_header} during layout: running second layout pass
01-22 22:56:53.665 D/CompatibilityChangeReporter( 7805): Compat change id reported: 171979766; UID 10128; state: ENABLED
01-22 22:56:53.665 I/oplus.android.OplusFrameworkFactoryImpl( 7805): get feature:IOplusAutoResolutionFeature
01-22 22:56:53.665 I/oplus.android.OplusFrameworkFactoryImpl( 7805): getOplusAutoResolutionFeature
01-22 22:56:53.679 I/OplusFeatureCache( 7805): Milliseconds spent on init(): 14
01-22 22:56:53.680 D/CompactWindowAppManager( 7805): initCompactApplicationInfo 
01-22 22:56:53.686 D/AALLightSensor( 1193): oldLux=4 [SA:4 LA:3] newLux=4 (oriLux: 4)
01-22 22:56:53.696 W/libc    ( 7805): Access denied finding property "ro.odm.prev.product.name"
01-22 22:56:53.700 D/LoadedApk( 7805): mApplicationInfo overrideDisplayId:null
01-22 22:56:53.710 D/ProfileInstaller( 6770): Skipping profile installation for in.cricketexchange.app.cricketexchange
01-22 22:56:53.711 D/nativeloader( 7805): Configuring clns-4 for other apk /system/framework/org.apache.http.legacy.jar. target_sdk_version=33, uses_libraries=ALL, library_path=/my_heytap/non_overlay/priv-app/GoogleServicesFramework/lib/arm64:/my_heytap/non_overlay/priv-app/GoogleServicesFramework/GoogleServicesFramework.apk!/lib/arm64-v8a, permitted_path=/data:/mnt/expand:/data/user/0/com.google.android.gsf
01-22 22:56:53.711 D/nativeloader( 7805): Extending system_exposed_libraries: libapuwareapusys.mtk.so:libapuwareapusys_v2.mtk.so:libapuwarexrp.mtk.so:libapuwarexrp_v2.mtk.so:libapuwareutils.mtk.so:libapuwareutils_v2.mtk.so:libapuwarehmp.mtk.so:libmcv_runtime_usdk.mtk.so:libneuron_graph_delegate.mtk.so:libneuronusdk_adapter.mtk.so:libtflite_mtk.mtk.so:libarmnn_ndk.mtk.so:libcmdl_ndk.mtk.so:libnir_neon_driver_ndk.mtk.so:libmvpu_runtime.mtk.so:libmvpu_runtime_pub.mtk.so:libmvpu_engine_pub.mtk.so:libmvpu_pattern_pub.mtk.so:libmvpuop_mtk_cv.mtk.so:libmvpuop_mtk_nn.mtk.so:libteeservice_client.trustonic.so:libSloganJni.oplus.so:libsuperNight.oplus.so
01-22 22:56:53.735 D/nativeloader( 7805): Configuring clns-5 for other apk /my_heytap/non_overlay/priv-app/GoogleServicesFramework/GoogleServicesFramework.apk. target_sdk_version=33, uses_libraries=, library_path=/my_heytap/non_overlay/priv-app/GoogleServicesFramework/lib/arm64:/my_heytap/non_overlay/priv-app/GoogleServicesFramework/GoogleServicesFramework.apk!/lib/arm64-v8a, permitted_path=/data:/mnt/expand:/data/user/0/com.google.android.gsf
01-22 22:56:53.746 I/com.truecaller( 7580): Waiting for a blocking GC ClassLinker
01-22 22:56:53.776 D/nativeloader( 7805): Load libframework-connectivity-jni.so using APEX ns com_android_tethering for caller /apex/com.android.tethering/javalib/framework-connectivity.jar: ok
01-22 22:56:53.782 V/GraphicsEnvironment( 7805): ANGLE Developer option for 'com.google.android.gsf' set to: 'default'
01-22 22:56:53.783 V/GraphicsEnvironment( 7805): ANGLE GameManagerService for com.google.android.gsf: false
01-22 22:56:53.783 V/GraphicsEnvironment( 7805): Neither updatable production driver nor prerelease driver is supported.
01-22 22:56:53.788 D/NetworkSecurityConfig( 7805): No Network Security Config specified, using platform default
01-22 22:56:53.789 D/NetworkSecurityConfig( 7805): No Network Security Config specified, using platform default
01-22 22:56:53.882 I/GoogleHttpClient( 7805): GMS http client unavailable, use old client
01-22 22:56:53.931 D/CompatibilityChangeReporter( 1748): Compat change id reported: 161145287; UID 10128; state: DISABLED
01-22 22:56:53.933 D/NetworkEvent( 2614): OplusNetworkEventCbProxy invoke.....onDnsEvent argslen:8
01-22 22:56:53.998 D/OplusActivityManager( 7805): get AMS extension: android.os.BinderProxy@672efdb
01-22 22:56:54.029 D/CompatibilityChangeReporter( 1748): Compat change id reported: 201794303; UID 10128; state: ENABLED
01-22 22:56:54.048 D/CompatibilityChangeReporter( 1748): Compat change id reported: 124107808; UID 10135; state: ENABLED
01-22 22:56:54.072 E/DatabaseUtils( 2568): Writing exception to parcel
01-22 22:56:54.072 E/DatabaseUtils( 2568): java.lang.SecurityException: No permission to access APN settings
01-22 22:56:54.072 E/DatabaseUtils( 2568): 	at com.android.providers.telephony.TelephonyProvider.checkPermissionForApnTable(TelephonyProvider.java:6328)
01-22 22:56:54.072 E/DatabaseUtils( 2568): 	at com.android.providers.telephony.TelephonyProvider.checkPermission(TelephonyProvider.java:6300)
01-22 22:56:54.072 E/DatabaseUtils( 2568): 	at com.android.providers.telephony.TelephonyProvider.checkPermissionCompat(TelephonyProvider.java:6345)
01-22 22:56:54.072 E/DatabaseUtils( 2568): 	at com.android.providers.telephony.TelephonyProvider.query(TelephonyProvider.java:5064)
01-22 22:56:54.072 E/DatabaseUtils( 2568): 	at android.content.ContentProvider.query(ContentProvider.java:1486)
01-22 22:56:54.072 E/DatabaseUtils( 2568): 	at android.content.ContentProvider.query(ContentProvider.java:1582)
01-22 22:56:54.072 E/DatabaseUtils( 2568): 	at android.content.ContentProvider$Transport.query(ContentProvider.java:298)
01-22 22:56:54.072 E/DatabaseUtils( 2568): 	at android.content.ContentProviderNative.onTransact(ContentProviderNative.java:107)
01-22 22:56:54.072 E/DatabaseUtils( 2568): 	at android.os.Binder.execTransactInternal(Binder.java:1326)
01-22 22:56:54.072 E/DatabaseUtils( 2568): 	at android.os.Binder.execTransact(Binder.java:1268)
01-22 22:56:54.074 E/RequestContextBuilder(26668): Could not get APN after (but including) LollipopMr1: 
01-22 22:56:54.074 E/RequestContextBuilder(26668): java.lang.SecurityException: No permission to access APN settings
01-22 22:56:54.074 E/RequestContextBuilder(26668): 	at android.os.Parcel.createExceptionOrNull(Parcel.java:3062)
01-22 22:56:54.074 E/RequestContextBuilder(26668): 	at android.os.Parcel.createException(Parcel.java:3046)
01-22 22:56:54.074 E/RequestContextBuilder(26668): 	at android.os.Parcel.readException(Parcel.java:3029)
01-22 22:56:54.074 E/RequestContextBuilder(26668): 	at android.database.DatabaseUtils.readExceptionFromParcel(DatabaseUtils.java:190)
01-22 22:56:54.074 E/RequestContextBuilder(26668): 	at android.database.DatabaseUtils.readExceptionFromParcel(DatabaseUtils.java:142)
01-22 22:56:54.074 E/RequestContextBuilder(26668): 	at android.content.ContentProviderProxy.query(ContentProviderNative.java:481)
01-22 22:56:54.074 E/RequestContextBuilder(26668): 	at android.content.ContentResolver.query(ContentResolver.java:1245)
01-22 22:56:54.074 E/RequestContextBuilder(26668): 	at android.content.ContentResolver.query(ContentResolver.java:1171)
01-22 22:56:54.074 E/RequestContextBuilder(26668): 	at android.content.ContentResolver.query(ContentResolver.java:1127)
01-22 22:56:54.074 E/RequestContextBuilder(26668): 	at bhgo.b(PG:113)
01-22 22:56:54.074 E/RequestContextBuilder(26668): 	at bhgo.a(PG:146)
01-22 22:56:54.074 E/RequestContextBuilder(26668): 	at bhcm.a(PG:588)
01-22 22:56:54.074 E/RequestContextBuilder(26668): 	at bhcl.s(PG:52)
01-22 22:56:54.074 E/RequestContextBuilder(26668): 	at bhcl.o(PG:329)
01-22 22:56:54.074 E/RequestContextBuilder(26668): 	at qbu.call(PG:435)
01-22 22:56:54.074 E/RequestContextBuilder(26668): 	at bjnk.a(PG:3)
01-22 22:56:54.074 E/RequestContextBuilder(26668): 	at bjmp.run(PG:19)
01-22 22:56:54.074 E/RequestContextBuilder(26668): 	at bjnl.run(PG:5)
01-22 22:56:54.074 E/RequestContextBuilder(26668): 	at java.util.concurrent.ThreadPoolExecutor.runWorker(ThreadPoolExecutor.java:1154)
01-22 22:56:54.074 E/RequestContextBuilder(26668): 	at java.util.concurrent.ThreadPoolExecutor$Worker.run(ThreadPoolExecutor.java:652)
01-22 22:56:54.074 E/RequestContextBuilder(26668): 	at tme.run(PG:633)
01-22 22:56:54.074 E/RequestContextBuilder(26668): 	at java.lang.Thread.run(Thread.java:1563)
01-22 22:56:54.077 D/PhoneInterfaceManager( 2568): [PhoneIntfMgr] QueryTelephonyChecker-getDeviceId: packageName = com.android.vending, isGrant = true
01-22 22:56:54.079 D/PhoneInterfaceManager( 2568): [PhoneIntfMgr] QueryTelephonyChecker-getDeviceId: packageName = com.android.vending, isGrant = true
01-22 22:56:54.081 I/com.truecaller( 7580): WaitForGcToComplete blocked ClassLinker on Background for 854.140ms
01-22 22:56:54.107 V/WindowManager( 1748): Relayout Window{726b172 u0 NotificationShade}: viewVisibility=0, oldvis=0, req=1080x2400
01-22 22:56:54.112 W/BlurCache_Filter(  966): blurRegion is empty !
01-22 22:56:54.112 W/BlurCache_Filter(  966): settings is empty !
01-22 22:56:54.117 D/PaySecureElementClient(26668): Felica app not found; returning isSecureElementAvailable = false!
01-22 22:56:54.120 D/NotificationShadeWindowController( 2225): notifyUiSwitched 0
01-22 22:56:54.121 D/OplusUIFirst( 1748): disable slide boost in system ui
01-22 22:56:54.121 D/StatusBar( 2225): Received new disable state: enaihbcrso.qingr (unchanged)
01-22 22:56:54.122 D/OplusUIFirst_FB( 1748): com.android.systemui moveToBack 2225
01-22 22:56:54.128 V/bt_stack( 3256): [VERBOSE1:btm_ble_gap.cc(2613)] btm_ble_process_adv_addr: bda=66:**:**:**:f0:b6 addr_type=1
01-22 22:56:54.128 W/BlurCache_Filter(  966): blurRegion is empty !
01-22 22:56:54.128 I/bt_btm  ( 3256): LogMsg: btm_ble_process_adv_pkt: pkt_data_len: 25
01-22 22:56:54.128 W/BlurCache_Filter(  966): settings is empty !
01-22 22:56:54.128 V/bt_stack( 3256): [VERBOSE1:btm_ble_gap.cc(2613)] btm_ble_process_adv_addr: bda=66:**:**:**:f0:b6 addr_type=1
01-22 22:56:54.128 I/bt_btm  ( 3256): LogMsg: btm_ble_process_adv_pkt: pkt_data_len: 0
01-22 22:56:54.128 I/bt_btif ( 3256): LogMsg: bta_dm_observe_results_cb
01-22 22:56:54.128 I/bt_btif ( 3256): LogMsg: btif_ble_scanner_update_COD 66:a6:c0:ec:f0:b6 cod is 0x000000
01-22 22:56:54.128 I/bt_btif ( 3256): LogMsg: btif_ble_scanner_update_COD cod in config 0x001f00, status=0
01-22 22:56:54.128 I/bt_btif ( 3256): LogMsg: btif_ble_scanner_update_COD invalid cod 0x0, use cod 0x1f00 in config
01-22 22:56:54.129 I/bt_btif ( 3256): LogMsg: bta_scan_results_cb_impl : type 0 channel 0
01-22 22:56:54.129 I/bt_btif ( 3256): LogMsg: bta_scan_results_cb_impl: HAL bt_gatt_callbacks->scanner->scan_result_cb
01-22 22:56:54.129 D/BtGatt.GattService( 3256): onScanResult() - eventType=0x1b, addressType=1, address=66:A6:C0:EC:F0:B6, primaryPhy=1, secondaryPhy=0, advertisingSid=0xff, txPower=127, rssi=-84, periodicAdvInt=0x0, originalAddress=66:A6:C0:EC:F0:B6, type=0, channel=0
01-22 22:56:54.131 V/WindowManager( 1748): Relayout Window{726b172 u0 NotificationShade}: viewVisibility=4, oldvis=0, req=1080x2400
01-22 22:56:54.132 I/NearbyDiscovery(20067): (REDACTED) BloomFilterAdvManager: Detected bloom filter but too far away, ignoring. %sm, %s
01-22 22:56:54.132 D/BiometricService( 1748): canAuthenticate: User=0, Caller=0, Authenticators=15, opPackageName=com.android.vending
01-22 22:56:54.135 D/BiometricService/PreAuthInfo( 1748): Package: com.android.vending Sensor ID: 0 Modality: 2 Status: 1
01-22 22:56:54.135 I/NearbyDiscovery(22573): (REDACTED) BloomFilterAdvManager: Detected bloom filter but too far away, ignoring. %sm, %s
01-22 22:56:54.136 D/Biometrics/Fingerprint21/OplusFingerprintManager( 1748): mRemote:com.android.server.biometrics.sensors.fingerprint.FingerprintService$FingerprintServiceWrapper@8e7dbb7
01-22 22:56:54.138 D/BiometricService/PreAuthInfo( 1748): Package: com.android.vending Sensor ID: 4 Modality: 8 Status: 4
01-22 22:56:54.138 D/BLASTBufferQueue( 2225): [VRI[NotificationShade][NotificationShade]#1981](f:0,a:1) destructor()
01-22 22:56:54.138 D/BufferQueueConsumer( 2225): [VRI[NotificationShade][NotificationShade]#1981(BLAST Consumer)1981](id:8b1000007d0,api:0,p:-1,c:2225) disconnect
01-22 22:56:54.138 D/BiometricService/PreAuthInfo( 1748): getCanAuthenticateInternal Modality: 2 AuthenticatorStatus: 1
01-22 22:56:54.138 D/AuthService( 1748): canAuthenticate, userId: 0, callingUserId: 0, authenticators: 15, result: 0
01-22 22:56:54.139 D/BiometricService( 1748): canAuthenticate: User=0, Caller=0, Authenticators=32768, opPackageName=com.android.vending
01-22 22:56:54.139 D/Layer   (  966): reparent to null sequence=25313, seq[48], name=NotificationShade#25313
01-22 22:56:54.139 D/BiometricService/PreAuthInfo( 1748): getCanAuthenticateInternal Modality: 1 AuthenticatorStatus: 1
01-22 22:56:54.139 D/AuthService( 1748): canAuthenticate, userId: 0, callingUserId: 0, authenticators: 32768, result: 0
01-22 22:56:54.140 D/BiometricService( 1748): canAuthenticate: User=0, Caller=0, Authenticators=15, opPackageName=com.android.vending
01-22 22:56:54.140 D/BiometricService/PreAuthInfo( 1748): Package: com.android.vending Sensor ID: 0 Modality: 2 Status: 1
01-22 22:56:54.141 D/Biometrics/Fingerprint21/OplusFingerprintManager( 1748): mRemote:com.android.server.biometrics.sensors.fingerprint.FingerprintService$FingerprintServiceWrapper@8e7dbb7
01-22 22:56:54.141 D/BiometricService/PreAuthInfo( 1748): Package: com.android.vending Sensor ID: 4 Modality: 8 Status: 4
01-22 22:56:54.141 D/BiometricService/PreAuthInfo( 1748): getCanAuthenticateInternal Modality: 2 AuthenticatorStatus: 1
01-22 22:56:54.141 D/AuthService( 1748): canAuthenticate, userId: 0, callingUserId: 0, authenticators: 15, result: 0
01-22 22:56:54.144 I/BufferQueueDebug(  966): [NotificationShade#25313](this:0xb4000070203009e8,id:-1,api:0,p:-1,c:966) onDestructor()
01-22 22:56:54.144 D/OplusLayer(  966): ~Layer() sequence=25313, name=NotificationShade#25313
01-22 22:56:54.145 I/DispPerfService(  966): updateLayerMask 0
01-22 22:56:54.145 V/WindowManager( 1748): Relayout Window{36bcf5d u0 StatusBar}: viewVisibility=0, oldvis=0, req=1080x110
01-22 22:56:54.146 D/BiometricService( 1748): canAuthenticate: User=0, Caller=0, Authenticators=15, opPackageName=com.android.vending
01-22 22:56:54.146 D/BiometricService/PreAuthInfo( 1748): Package: com.android.vending Sensor ID: 0 Modality: 2 Status: 1
01-22 22:56:54.147 D/Biometrics/Fingerprint21/OplusFingerprintManager( 1748): mRemote:com.android.server.biometrics.sensors.fingerprint.FingerprintService$FingerprintServiceWrapper@8e7dbb7
01-22 22:56:54.147 D/BiometricService/PreAuthInfo( 1748): Package: com.android.vending Sensor ID: 4 Modality: 8 Status: 4
01-22 22:56:54.147 D/BiometricService/PreAuthInfo( 1748): getCanAuthenticateInternal Modality: 2 AuthenticatorStatus: 1
01-22 22:56:54.147 D/AuthService( 1748): canAuthenticate, userId: 0, callingUserId: 0, authenticators: 15, result: 0
01-22 22:56:54.156 D/TlcTeeKeyMaster(  629): TEE_Begin 4.1
01-22 22:56:54.156 D/Layer   (  966): reparent to null sequence=25312, seq[1], name=Surface(name=36bcf5d StatusBar)/@0xe761cc2 - animation-leash of insets_animation#25312
01-22 22:56:54.156 D/TlcTeeKeyMaster(  629): purpose = 0x00000000
01-22 22:56:54.156 D/OplusLayer(  966): ~Layer() sequence=25312, name=Surface(name=36bcf5d StatusBar)/@0xe761cc2 - animation-leash of insets_animation#25312
01-22 22:56:54.157 D/TlcTeeKeyMaster(  629): find_spare_operation_slot: allocate op 0xbee1bd00a1d5fb41 to slot #0 (1 ops live)
01-22 22:56:54.158 D/TlcTeeKeyMaster(  629): TEE_Begin exiting with 0
01-22 22:56:54.167 E/OplusCustomizeRestrictionManagerService( 1748): isBiometricDisabled start
01-22 22:56:54.168 D/BiometricService( 1748): Sensor ID(4), oemStrength: 255, updatedStrength: 255, modality 8, state: 0, cookie: 0, sensorId 4, hasEnrollments: false cannot participate in Keystore operations
01-22 22:56:54.173 D/BiometricService( 1748): canAuthenticate: User=0, Caller=0, Authenticators=15, opPackageName=com.android.vending
01-22 22:56:54.174 D/BiometricService/PreAuthInfo( 1748): Package: com.android.vending Sensor ID: 0 Modality: 2 Status: 1
01-22 22:56:54.175 D/Biometrics/Fingerprint21/OplusFingerprintManager( 1748): mRemote:com.android.server.biometrics.sensors.fingerprint.FingerprintService$FingerprintServiceWrapper@8e7dbb7
01-22 22:56:54.175 D/BiometricService/PreAuthInfo( 1748): Package: com.android.vending Sensor ID: 4 Modality: 8 Status: 4
01-22 22:56:54.175 D/BiometricService/PreAuthInfo( 1748): getCanAuthenticateInternal Modality: 2 AuthenticatorStatus: 1
01-22 22:56:54.175 D/AuthService( 1748): canAuthenticate, userId: 0, callingUserId: 0, authenticators: 15, result: 0
01-22 22:56:54.773 V/bt_stack( 3256): [VERBOSE1:btm_ble_gap.cc(2613)] btm_ble_process_adv_addr: bda=66:**:**:**:f0:b6 addr_type=1
01-22 22:56:54.774 I/bt_btm  ( 3256): LogMsg: btm_ble_process_adv_pkt: pkt_data_len: 25
01-22 22:56:54.774 V/bt_stack( 3256): [VERBOSE1:btm_ble_gap.cc(2613)] btm_ble_process_adv_addr: bda=66:**:**:**:f0:b6 addr_type=1
01-22 22:56:54.774 I/bt_btm  ( 3256): LogMsg: btm_ble_process_adv_pkt: pkt_data_len: 0
01-22 22:56:54.774 I/bt_btif ( 3256): LogMsg: bta_dm_observe_results_cb
01-22 22:56:54.774 I/bt_btif ( 3256): LogMsg: btif_ble_scanner_update_COD 66:a6:c0:ec:f0:b6 cod is 0x000000
01-22 22:56:54.774 I/bt_btif ( 3256): LogMsg: btif_ble_scanner_update_COD cod in config 0x001f00, status=0
01-22 22:56:54.774 I/bt_btif ( 3256): LogMsg: btif_ble_scanner_update_COD invalid cod 0x0, use cod 0x1f00 in config
01-22 22:56:54.774 I/bt_btif ( 3256): LogMsg: bta_scan_results_cb_impl : type 0 channel 0
01-22 22:56:54.775 I/bt_btif ( 3256): LogMsg: bta_scan_results_cb_impl: HAL bt_gatt_callbacks->scanner->scan_result_cb
01-22 22:56:54.775 D/BtGatt.GattService( 3256): onScanResult() - eventType=0x1b, addressType=1, address=66:A6:C0:EC:F0:B6, primaryPhy=1, secondaryPhy=0, advertisingSid=0xff, txPower=127, rssi=-77, periodicAdvInt=0x0, originalAddress=66:A6:C0:EC:F0:B6, type=0, channel=0
01-22 22:56:54.779 I/NearbyDiscovery(20067): (REDACTED) BloomFilterAdvManager: Detected bloom filter but too far away, ignoring. %sm, %s
01-22 22:56:54.779 I/NearbyDiscovery(22573): (REDACTED) BloomFilterAdvManager: Detected bloom filter but too far away, ignoring. %sm, %s
01-22 22:56:54.923 D/OplusNetKit( 1748): interface name from LP: [ccmni0]
01-22 22:56:54.924 D/OplusNetKit( 1748): interface name from LP: [ccmni2]
01-22 22:56:54.924 D/OplusNetKit( 1748): interface name from LP: [wlan0]
01-22 22:56:54.924 D/OplusNetKit( 1748): in getLpByInterface name from LP: [ccmni0]
01-22 22:56:54.924 D/OplusNetKit( 1748): in getLpByInterface name from LP: [ccmni2]
01-22 22:56:54.924 D/OplusNetKit( 1748): in getLpByInterface name from LP: [wlan0]
01-22 22:56:54.924 D/OplusNetKit( 1748): in getLpByInterface name from LP: [ccmni0]
01-22 22:56:54.924 D/OplusNetKit( 1748): in getLpByInterface name from LP: [ccmni2]
01-22 22:56:54.924 D/OplusNetKit( 1748): in getLpByInterface name from LP: [wlan0]
01-22 22:56:54.924 D/OplusNetKit( 1748): Route is ipv4 on wlan0 found, break
01-22 22:56:55.265 D/BoundBrokerSvc(24720): onUnbind: Intent { act=com.google.android.gms.ads.service.START pkg=com.google.android.gms }
01-22 22:56:55.578 V/bt_stack( 3256): [VERBOSE1:btm_ble_gap.cc(2613)] btm_ble_process_adv_addr: bda=66:**:**:**:f0:b6 addr_type=1
01-22 22:56:55.579 I/bt_btm  ( 3256): LogMsg: btm_ble_process_adv_pkt: pkt_data_len: 25
01-22 22:56:55.579 V/bt_stack( 3256): [VERBOSE1:btm_ble_gap.cc(2613)] btm_ble_process_adv_addr: bda=66:**:**:**:f0:b6 addr_type=1
01-22 22:56:55.579 I/bt_btm  ( 3256): LogMsg: btm_ble_process_adv_pkt: pkt_data_len: 0
01-22 22:56:55.579 I/bt_btif ( 3256): LogMsg: bta_dm_observe_results_cb
01-22 22:56:55.579 I/bt_btif ( 3256): LogMsg: btif_ble_scanner_update_COD 66:a6:c0:ec:f0:b6 cod is 0x000000
01-22 22:56:55.579 I/bt_btif ( 3256): LogMsg: btif_ble_scanner_update_COD cod in config 0x001f00, status=0
01-22 22:56:55.579 I/bt_btif ( 3256): LogMsg: btif_ble_scanner_update_COD invalid cod 0x0, use cod 0x1f00 in config
01-22 22:56:55.579 I/bt_btif ( 3256): LogMsg: bta_scan_results_cb_impl : type 0 channel 0
01-22 22:56:55.580 I/bt_btif ( 3256): LogMsg: bta_scan_results_cb_impl: HAL bt_gatt_callbacks->scanner->scan_result_cb
01-22 22:56:55.580 D/BtGatt.GattService( 3256): onScanResult() - eventType=0x1b, addressType=1, address=66:A6:C0:EC:F0:B6, primaryPhy=1, secondaryPhy=0, advertisingSid=0xff, txPower=127, rssi=-84, periodicAdvInt=0x0, originalAddress=66:A6:C0:EC:F0:B6, type=0, channel=0
01-22 22:56:55.584 I/NearbyDiscovery(22573): (REDACTED) BloomFilterAdvManager: Detected bloom filter but too far away, ignoring. %sm, %s
01-22 22:56:55.584 I/NearbyDiscovery(20067): (REDACTED) BloomFilterAdvManager: Detected bloom filter but too far away, ignoring. %sm, %s
01-22 22:56:55.963 E/OplusArpPeer_euclid_psw( 1748): ARP read failure: android.system.ErrnoException: read failed: EAGAIN (Try again)
01-22 22:56:55.966 E/OplusArpPeer_euclid_psw( 1748):  OplusArpPeer close
01-22 22:56:56.133 D/AtCmdParser( 2614): parserAtcmdUrc can not find parser for +CSCON
01-22 22:56:56.210 V/bt_stack( 3256): [VERBOSE1:btm_ble_gap.cc(2613)] btm_ble_process_adv_addr: bda=66:**:**:**:f0:b6 addr_type=1
01-22 22:56:56.210 I/bt_btm  ( 3256): LogMsg: btm_ble_process_adv_pkt: pkt_data_len: 25
01-22 22:56:56.210 V/bt_stack( 3256): [VERBOSE1:btm_ble_gap.cc(2613)] btm_ble_process_adv_addr: bda=66:**:**:**:f0:b6 addr_type=1
01-22 22:56:56.210 I/bt_btm  ( 3256): LogMsg: btm_ble_process_adv_pkt: pkt_data_len: 0
01-22 22:56:56.210 I/bt_btif ( 3256): LogMsg: bta_dm_observe_results_cb
01-22 22:56:56.210 I/bt_btif ( 3256): LogMsg: btif_ble_scanner_update_COD 66:a6:c0:ec:f0:b6 cod is 0x000000
01-22 22:56:56.210 I/bt_btif ( 3256): LogMsg: btif_ble_scanner_update_COD cod in config 0x001f00, status=0
01-22 22:56:56.210 I/bt_btif ( 3256): LogMsg: btif_ble_scanner_update_COD invalid cod 0x0, use cod 0x1f00 in config
01-22 22:56:56.210 I/bt_btif ( 3256): LogMsg: bta_scan_results_cb_impl : type 0 channel 0
01-22 22:56:56.210 I/bt_btif ( 3256): LogMsg: bta_scan_results_cb_impl: HAL bt_gatt_callbacks->scanner->scan_result_cb
01-22 22:56:56.211 D/BtGatt.GattService( 3256): onScanResult() - eventType=0x1b, addressType=1, address=66:A6:C0:EC:F0:B6, primaryPhy=1, secondaryPhy=0, advertisingSid=0xff, txPower=127, rssi=-86, periodicAdvInt=0x0, originalAddress=66:A6:C0:EC:F0:B6, type=0, channel=0
01-22 22:56:56.213 I/NearbyDiscovery(22573): (REDACTED) BloomFilterAdvManager: Detected bloom filter but too far away, ignoring. %sm, %s
01-22 22:56:56.213 I/NearbyDiscovery(20067): (REDACTED) BloomFilterAdvManager: Detected bloom filter but too far away, ignoring. %sm, %s
01-22 22:56:56.489 E/horae   ( 3350): 0: back:34825,frame:33462,front:35513, 5, +(1487), 1 ,37000,34800,36000,35900
01-22 22:56:56.765 D/BoundBrokerSvc(20067): onRebind: Intent { act=com.google.android.gms.libs.gmscorelogger.service.START dat=chimera-action:/... cmp=com.google.android.gms/.chimera.PersistentDirectBootAwareApiService }
01-22 22:56:56.904 I/thermal_repeater( 1170): [recvMdThermalInfo] ret=29, strLen=127,  1, 32767,,, 197, 32767, 9462
01-22 22:56:57.008 V/bt_stack( 3256): [VERBOSE1:btm_ble_gap.cc(2613)] btm_ble_process_adv_addr: bda=66:**:**:**:f0:b6 addr_type=1
01-22 22:56:57.008 I/bt_btm  ( 3256): LogMsg: btm_ble_process_adv_pkt: pkt_data_len: 25
01-22 22:56:57.008 V/bt_stack( 3256): [VERBOSE1:btm_ble_gap.cc(2613)] btm_ble_process_adv_addr: bda=66:**:**:**:f0:b6 addr_type=1
01-22 22:56:57.008 I/bt_btm  ( 3256): LogMsg: btm_ble_process_adv_pkt: pkt_data_len: 0
01-22 22:56:57.008 I/bt_btif ( 3256): LogMsg: bta_dm_observe_results_cb
01-22 22:56:57.008 I/bt_btif ( 3256): LogMsg: btif_ble_scanner_update_COD 66:a6:c0:ec:f0:b6 cod is 0x000000
01-22 22:56:57.009 I/bt_btif ( 3256): LogMsg: btif_ble_scanner_update_COD cod in config 0x001f00, status=0
01-22 22:56:57.009 I/bt_btif ( 3256): LogMsg: btif_ble_scanner_update_COD invalid cod 0x0, use cod 0x1f00 in config
01-22 22:56:57.009 I/bt_btif ( 3256): LogMsg: bta_scan_results_cb_impl : type 0 channel 0
01-22 22:56:57.009 I/bt_btif ( 3256): LogMsg: bta_scan_results_cb_impl: HAL bt_gatt_callbacks->scanner->scan_result_cb
01-22 22:56:57.009 D/BtGatt.GattService( 3256): onScanResult() - eventType=0x1b, addressType=1, address=66:A6:C0:EC:F0:B6, primaryPhy=1, secondaryPhy=0, advertisingSid=0xff, txPower=127, rssi=-77, periodicAdvInt=0x0, originalAddress=66:A6:C0:EC:F0:B6, type=0, channel=0
01-22 22:56:57.014 I/NearbyDiscovery(20067): (REDACTED) BloomFilterAdvManager: Detected bloom filter but too far away, ignoring. %sm, %s
01-22 22:56:57.014 I/NearbyDiscovery(22573): (REDACTED) BloomFilterAdvManager: Detected bloom filter but too far away, ignoring. %sm, %s
01-22 22:56:57.201 D/BoundBrokerSvc(20067): onUnbind: Intent { act=com.google.android.gms.common.telemetry.service.START dat=chimera-action:/... cmp=com.google.android.gms/.chimera.PersistentApiService }
01-22 22:56:57.686 D/AALLightSensor( 1193): oldLux=4 [SA:4 LA:3] newLux=4 (oriLux: 4)
01-22 22:56:57.812 V/bt_stack( 3256): [VERBOSE1:btm_ble_gap.cc(2613)] btm_ble_process_adv_addr: bda=66:**:**:**:f0:b6 addr_type=1
01-22 22:56:57.813 I/bt_btm  ( 3256): LogMsg: btm_ble_process_adv_pkt: pkt_data_len: 25
01-22 22:56:57.813 V/bt_stack( 3256): [VERBOSE1:btm_ble_gap.cc(2613)] btm_ble_process_adv_addr: bda=66:**:**:**:f0:b6 addr_type=1
01-22 22:56:57.813 I/bt_btm  ( 3256): LogMsg: btm_ble_process_adv_pkt: pkt_data_len: 0
01-22 22:56:57.813 I/bt_btif ( 3256): LogMsg: bta_dm_observe_results_cb
01-22 22:56:57.813 I/bt_btif ( 3256): LogMsg: btif_ble_scanner_update_COD 66:a6:c0:ec:f0:b6 cod is 0x000000
01-22 22:56:57.813 I/bt_btif ( 3256): LogMsg: btif_ble_scanner_update_COD cod in config 0x001f00, status=0
01-22 22:56:57.813 I/bt_btif ( 3256): LogMsg: btif_ble_scanner_update_COD invalid cod 0x0, use cod 0x1f00 in config
01-22 22:56:57.814 I/bt_btif ( 3256): LogMsg: bta_scan_results_cb_impl : type 0 channel 0
01-22 22:56:57.814 I/bt_btif ( 3256): LogMsg: bta_scan_results_cb_impl: HAL bt_gatt_callbacks->scanner->scan_result_cb
01-22 22:56:57.814 D/BtGatt.GattService( 3256): onScanResult() - eventType=0x1b, addressType=1, address=66:A6:C0:EC:F0:B6, primaryPhy=1, secondaryPhy=0, advertisingSid=0xff, txPower=127, rssi=-84, periodicAdvInt=0x0, originalAddress=66:A6:C0:EC:F0:B6, type=0, channel=0
01-22 22:56:57.818 I/NearbyDiscovery(22573): (REDACTED) BloomFilterAdvManager: Detected bloom filter but too far away, ignoring. %sm, %s
01-22 22:56:57.818 I/NearbyDiscovery(20067): (REDACTED) BloomFilterAdvManager: Detected bloom filter but too far away, ignoring. %sm, %s
01-22 22:56:58.535 I/OplusHansManager ( 1748): uid=10744, pkg=com.cricbuzz.android can transition from M to F
01-22 22:56:58.535 I/OplusHansManager ( 1748): uid=10744, pkg=com.cricbuzz.android F enter(), M stay=10
01-22 22:56:58.546 I/OplusHansManager ( 1748): freeze uid: 10744 com.cricbuzz.android pids: [20117, 25225] IsolatedUid: [99316] scene: LcdOn
01-22 22:56:58.549 D/IHansComunication( 6221): HansComunication::addUid-- 10744, persistent--0
01-22 22:56:58.549 D/IHansComunication( 6221): HANS sendMessageToKernel: threadId = 516689218736, netLinkSetup = 1, type = PKG, targetUid = 10744, pkgCmd = ADD_ONE_UID
01-22 22:56:59.254 V/bt_stack( 3256): [VERBOSE1:btm_ble_gap.cc(2613)] btm_ble_process_adv_addr: bda=66:**:**:**:f0:b6 addr_type=1
01-22 22:56:59.254 I/bt_btm  ( 3256): LogMsg: btm_ble_process_adv_pkt: pkt_data_len: 25
01-22 22:56:59.254 V/bt_stack( 3256): [VERBOSE1:btm_ble_gap.cc(2613)] btm_ble_process_adv_addr: bda=66:**:**:**:f0:b6 addr_type=1
01-22 22:56:59.254 I/bt_btm  ( 3256): LogMsg: btm_ble_process_adv_pkt: pkt_data_len: 0
01-22 22:56:59.254 I/bt_btif ( 3256): LogMsg: bta_dm_observe_results_cb
01-22 22:56:59.254 I/bt_btif ( 3256): LogMsg: btif_ble_scanner_update_COD 66:a6:c0:ec:f0:b6 cod is 0x000000
01-22 22:56:59.254 I/bt_btif ( 3256): LogMsg: btif_ble_scanner_update_COD cod in config 0x001f00, status=0
01-22 22:56:59.254 I/bt_btif ( 3256): LogMsg: btif_ble_scanner_update_COD invalid cod 0x0, use cod 0x1f00 in config
01-22 22:56:59.255 I/bt_btif ( 3256): LogMsg: bta_scan_results_cb_impl : type 0 channel 0
01-22 22:56:59.255 I/bt_btif ( 3256): LogMsg: bta_scan_results_cb_impl: HAL bt_gatt_callbacks->scanner->scan_result_cb
01-22 22:56:59.255 D/BtGatt.GattService( 3256): onScanResult() - eventType=0x1b, addressType=1, address=66:A6:C0:EC:F0:B6, primaryPhy=1, secondaryPhy=0, advertisingSid=0xff, txPower=127, rssi=-77, periodicAdvInt=0x0, originalAddress=66:A6:C0:EC:F0:B6, type=0, channel=0
01-22 22:56:59.259 I/NearbyDiscovery(20067): (REDACTED) BloomFilterAdvManager: Detected bloom filter but too far away, ignoring. %sm, %s
01-22 22:56:59.259 I/NearbyDiscovery(22573): (REDACTED) BloomFilterAdvManager: Detected bloom filter but too far away, ignoring. %sm, %s
01-22 22:56:59.549 D/IHansComunication( 6221): HANS sendMessageToKernel: threadId = 516689218736, netLinkSetup = 1, type = FROZEN_TRANS, targetUid = 10744, pkgCmd = PKG_CMD_MAX
01-22 22:56:59.621 I/charon  (10534): 5675[JOB] [acquire_alarm_timer_wake_lock()  412] Acquire wake lock(fd:-1, result: 1, errno:9)
01-22 22:56:59.621 I/charon  (10534): 03[JOB] [schedule()  269] Job timer expiry(now:135360, event->time:135360), queuing job for execution
01-22 22:56:59.622 I/charon  (10534): 13[IKE] <pdn_1_23|23> [send_keepalive()  760] NATT keepalive through charon is enabled, interval:20
01-22 22:56:59.622 I/charon  (10534): 13[IKE] <pdn_1_23|23> [send_keepalive()  780] sending keep alive to 49.44.190.250[4500]
01-22 22:56:59.622 I/charon  (10534): 13[JOB] <pdn_1_23|23> [schedule_job_tv()  506] Put the job(expire at 135380) in heap position:2, next expired job:135378
01-22 22:56:59.622 I/charon  (10534): 13[JOB] [release_alarm_timer_wake_lock()  391] Release wake lock(fd:-1, result: 1, errno:9)
01-22 22:56:59.653 D/ConnectivityService( 1748): requestNetwork for uid/pid:10057/7580 activeRequest: null callbackRequest: 16101 [NetworkRequest [ REQUEST id=16102, [ Capabilities: INTERNET&NOT_RESTRICTED&TRUSTED&NOT_VCN_MANAGED Uid: 10057 RequestorUid: 10057 RequestorPkg: com.truecaller UnderlyingNetworks: Null] ]] callback flags: 0 order: 2147483647 isUidTracked: false declaredMethods: AVAIL|LOST
01-22 22:56:59.661 D/WifiNetworkFactory( 1748): got request NetworkRequest [ REQUEST id=16102, [ Capabilities: INTERNET&NOT_RESTRICTED&TRUSTED&NOT_VCN_MANAGED Uid: 10057 RequestorUid: 10057 RequestorPkg: com.truecaller UnderlyingNetworks: Null] ]
01-22 22:56:59.661 D/UntrustedWifiNetworkFactory( 1748): got request NetworkRequest [ REQUEST id=16102, [ Capabilities: INTERNET&NOT_RESTRICTED&TRUSTED&NOT_VCN_MANAGED Uid: 10057 RequestorUid: 10057 RequestorPkg: com.truecaller UnderlyingNetworks: Null] ]
01-22 22:56:59.662 D/NetworkEvent( 2614): OplusNetworkEventCbProxy invoke.....onDnsEvent argslen:8
