01-23 00:13:57.756 W/AccessPointsManager(12290): AccessPointsManager.addAccessPoint():1086 The holder controller #0x7f0b2468 is not registered
01-23 00:13:57.756 I/HardKeyTracker(12290): HardKeyTracker.unregisterKeySequence():228 Unregister key sequence abgw{labelResId=2132020516, callback=uml@ed10d62, lastModifier=2, keyCodes=[32], actions=[0]}
01-23 00:13:57.756 I/HardKeyTracker(12290): HardKeyTracker.registerKeySequence():177 Register key sequence abgw{labelResId=2132020516, callback=uml@e1f3a85, lastModifier=2, keyCodes=[32], actions=[0]}
01-23 00:13:57.758 I/HardKeyTracker(12290): HardKeyTracker.unregisterKeySequence():228 Unregister key sequence abgw{labelResId=2132020516, callback=uml@65c9cc8, lastModifier=2, keyCodes=[32], actions=[0]}
01-23 00:13:57.758 I/HardKeyTracker(12290): HardKeyTracker.registerKeySequence():177 Register key sequence abgw{labelResId=2132020516, callback=uml@50333e8, lastModifier=2, keyCodes=[32], actions=[0]}
01-23 00:13:57.760 W/OnBackInvokedCallback(13976): OnBackInvokedCallback is not enabled for the application.
01-23 00:13:57.760 W/OnBackInvokedCallback(13976): Set 'android:enableOnBackInvokedCallback="true"' in the application manifest.
01-23 00:13:57.762 D/InsetsController(13976): show(ime(), fromIme=true)
01-23 00:13:57.764 D/InputMethodManagerService( 1748): onHandleImeWindowVisibleStatus: vis = 3, needsToShowImeSwitcher = false
01-23 00:13:57.767 D/InsetsController(13976): show(ime(), fromIme=true)
01-23 00:13:57.768 D/OplusFullScreenDisplayManager( 1748): adjustWindowParamsLw com.google.android.inputmethod.latin, no change cutoutMode: 0
01-23 00:13:57.768 V/WindowManager( 1748): Relayout Window{48c0b3 u0 InputMethod}: viewVisibility=0, oldvis=0, req=1080x2290
01-23 00:13:57.772 D/InputMethodManagerService( 1748): onHandleImeWindowVisibleStatus: vis = 3, needsToShowImeSwitcher = false
01-23 00:13:57.773 I/KeyboardModeUtils(12290): KeyboardModeUtils.getKeyboardBottomOffset():435 inch: 0.000000 ydpi: 409.016998 adjustKeyboardBottomByDisplaySize: false currentDensityDpi: 408 defaultDensityDpi: 408 keyboardBottomToScreenPx: 0 keyboardBottomToNavBarPx: -41 navBarHeight: 41
01-23 00:13:57.774 I/BaseKeyboardSizeHelper(12290): BaseKeyboardSizeHelper.calculateMaxKeyboardBodyHeight():73 leave 273 height for app when ime window height:2249, header height:112 and isFullscreenMode:false, so the max keyboard body height is:1864
01-23 00:13:57.774 I/BaseKeyboardSizeHelper(12290): BaseKeyboardSizeHelper.calculateMaxKeyboardBodyHeight():73 leave 273 height for app when ime window height:2249, header height:112 and isFullscreenMode:false, so the max keyboard body height is:1864
01-23 00:13:57.774 I/WindowMetricsNotification(12290): WindowMetricsNotification.notifyWithWindow():166 
01-23 00:13:57.774 I/WindowMetricsNotification(12290): WindowMetricsNotification.notify():159 afxy[bounds=Rect(0, 110 - 1080, 2400), insets=Rect(0, 0 - 0, 41), densityDpi=408, smallestScreenWidthDp=423, displayWidth=1080, displayHeight=2400, xdpi=409.017, ydpi=409.017, isTrustable=true, displayId=0]; DisplayMetrics{density=2.55, width=1080, height=2400, scaledDensity=2.55, xdpi=409.017, ydpi=409.017}
01-23 00:13:57.783 I/hwcomposer(  843): [HWC] (0)fire a callback of refresh to SF[4]  
01-23 00:13:57.784 I/GoogleInputMethodService(12290): GoogleInputMethodService$1.onKeyboardViewShown():329 onKeyboardViewShown: keyboardType=prime, keyboardViewType=HEADER keyboardView=com.google.android.libraries.inputmethod.widgets.SoftKeyboardView{1aedff3 V.E...... ........ 0,0-1080,112}
01-23 00:13:57.784 I/BaseKeyboardSizeHelper(12290): BaseKeyboardSizeHelper.calculateMaxKeyboardBodyHeight():73 leave 273 height for app when ime window height:2249, header height:112 and isFullscreenMode:false, so the max keyboard body height is:1864
01-23 00:13:57.785 I/GoogleInputMethodService(12290): GoogleInputMethodService$1.onKeyboardViewShown():329 onKeyboardViewShown: keyboardType=prime, keyboardViewType=BODY keyboardView=com.google.android.libraries.inputmethod.widgets.SoftKeyboardView{2ba117 V.E...... ........ 0,0-1080,742}
01-23 00:13:57.785 I/BaseKeyboardSizeHelper(12290): BaseKeyboardSizeHelper.calculateMaxKeyboardBodyHeight():73 leave 273 height for app when ime window height:2249, header height:112 and isFullscreenMode:false, so the max keyboard body height is:1864
01-23 00:13:57.786 I/GlobeKeyExtension(12290): GlobeKeyExtension$1.onKeyboardViewShown():72 maybeDisableLanguageSwitchKeyPref when the keyboard is shown
01-23 00:13:57.786 I/GlobeKeyExtension(12290): GlobeKeyExtension.maybeDisableLanguageSwitchKeyPref():200 maybeDisableLanguageSwitchKeyPref hasGlobeKeyBeenDisabled: false, shouldDisableLanguageSwitchKey: false
01-23 00:13:57.786 I/NewLanguagePromptExtension(12290): NewLanguagePromptExtension$1.onKeyboardViewShown():88 Not show new language banner: not prime keyboard, or the extension not activated.
01-23 00:13:57.787 I/KeyboardModeUtils(12290): KeyboardModeUtils.getKeyboardBottomOffset():435 inch: 0.000000 ydpi: 409.016998 adjustKeyboardBottomByDisplaySize: false currentDensityDpi: 408 defaultDensityDpi: 408 keyboardBottomToScreenPx: 0 keyboardBottomToNavBarPx: -41 navBarHeight: 41
01-23 00:13:57.787 I/BaseKeyboardSizeHelper(12290): BaseKeyboardSizeHelper.calculateMaxKeyboardBodyHeight():73 leave 273 height for app when ime window height:2249, header height:112 and isFullscreenMode:false, so the max keyboard body height is:1864
01-23 00:13:57.787 I/BaseKeyboardSizeHelper(12290): BaseKeyboardSizeHelper.calculateMaxKeyboardBodyHeight():73 leave 273 height for app when ime window height:2249, header height:112 and isFullscreenMode:false, so the max keyboard body height is:1864
01-23 00:13:57.802 I/SP      (12290): Sync for gboard-small-speech-packs succeeded in 51 ms: no changes
01-23 00:13:57.802 I/SP      (12290): GC for 'gboard-small-speech-packs' (10) with ttl of 0 ms took 0 ms (0/0/0)
01-23 00:13:57.803 I/SpeechPackManager(12290): SpeechPackManager$4.onSuccess():495 updatePackSetCacheAsync() : Updated the PackSet cache
01-23 00:13:57.859 V/SystemSensorManagerExtImpl(22573): unRegisterListener by com.google.android.location.collectionlib.SensorScanner$SensorEventListenerAdapter
01-23 00:13:57.859 W/SensorService( 1748): SensorEventConnection sensor handle=1, package = com.google.android.location.collectionlib.SensorScanner$SensorEventListenerAdapter disable
01-23 00:13:57.859 D/SensorService( 1748): SensorDevice::activate: ident=0xb400007894e3ed00, handle=0x00000001, enabled=0, count=5
01-23 00:13:57.859 D/SensorService( 1748): disable index=1
01-23 00:13:57.859 D/SensorService( 1748): 	>>> actuating h/w batch 0x00000001 50000000 0
01-23 00:13:57.860 I/Accelerometer(  852): batch: handle:0, flag:0,samplingPeriodNs:50000000 maxBatchReportLatencyNs:0
01-23 00:13:57.860 D/SensorService( 1748): activateHardware = 0
01-23 00:13:57.861 D/SensorService( 1748): ~SensorEventConnection(0xb400007894e3ed00)
01-23 00:13:57.861 D/SensorService( 1748): 9 active sensors
01-23 00:13:57.861 D/SensorService( 1748): removing connection 0xb400007894e3ed00 for sensor[0].handle=0x00000001
01-23 00:13:57.861 D/SensorService( 1748): removing connection 0xb400007894e3ed00 for sensor[1].handle=0x00000004
01-23 00:13:57.861 D/SensorService( 1748): removing connection 0xb400007894e3ed00 for sensor[2].handle=0x00000013
01-23 00:13:57.861 D/SensorService( 1748): removing connection 0xb400007894e3ed00 for sensor[3].handle=0x0000001b
01-23 00:13:57.861 D/SensorService( 1748): removing connection 0xb400007894e3ed00 for sensor[4].handle=0x000003e9
01-23 00:13:57.861 D/SensorService( 1748): removing connection 0xb400007894e3ed00 for sensor[5].handle=0x0100004f
01-23 00:13:57.861 D/SensorService( 1748): removing connection 0xb400007894e3ed00 for sensor[6].handle=0x01000051
01-23 00:13:57.861 D/SensorService( 1748): removing connection 0xb400007894e3ed00 for sensor[7].handle=0x01000053
01-23 00:13:57.861 D/SensorService( 1748): removing connection 0xb400007894e3ed00 for sensor[8].handle=0x5f677276
01-23 00:13:57.931 I/thermal_repeater( 1170): [recvMdThermalInfo] ret=29, strLen=127,  1, 32767,,, 197, 32767, 9462
01-23 00:13:57.975 I/hwcomposer(  843): [HWC] (0)fire a callback of refresh to SF[4]  
01-23 00:13:58.112 I/OplusHansManager ( 1748): unfreeze uid: 10711 com.openai.chatgpt pids: [6179] reason: Broadcast scene: LcdOn
01-23 00:13:58.113 I/OplusHansManager ( 1748): uid=10711, pkg=com.openai.chatgpt, transition from Frozen to Middle, reason=Broadcast
01-23 00:13:58.113 I/OplusHansManager ( 1748): uid=10711, pkg=com.openai.chatgpt F exit(), F stay=14, reason=Broadcast
01-23 00:13:58.120 I/OplusHansManager ( 1748): unfreeze uid: 10349 com.jio.myjio pids: [30091] reason: Broadcast scene: LcdOn
01-23 00:13:58.121 I/OplusHansManager ( 1748): uid=10349, pkg=com.jio.myjio, transition from Frozen to Middle, reason=Broadcast
01-23 00:13:58.121 I/OplusHansManager ( 1748): uid=10349, pkg=com.jio.myjio F exit(), F stay=14, reason=Broadcast
01-23 00:13:58.125 D/vendor.oplus.hardware.charger@1.0-service(  897): getChargerControl:
01-23 00:13:58.148 D/ProfileInstaller(13976): Skipping profile installation for com.wholexale.app.staging
01-23 00:13:58.299 I/hwcomposer(  843): [HWC] (0)fire a callback of refresh to SF[4]  
01-23 00:13:58.384 D/PowerManagerService( 1748): userActivityNoUpdateLocked: groupId=0, eventTime=102709301, event=2, flags=0x0, uid=1000
01-23 00:13:58.384 D/OGG_Detector( 1748): D:done mCurrStatus: 0
01-23 00:13:58.384 D/NoBackGesture( 2225): Start gesture: MotionEvent { action=ACTION_DOWN, actionButton=0, id[0]=0, x[0]=72.25, y[0]=2136.0, toolType[0]=TOOL_TYPE_FINGER, buttonState=0, classification=NONE, metaState=0, flags=0x0, edgeFlags=0x0, pointerCount=1, historySize=0, eventTime=102709301, downTime=102709301, deviceId=4, source=0x1002, displayId=0, eventId=344164298 }
01-23 00:13:58.384 D/NoBackGesture( 2225): Not in side gesture area
01-23 00:13:58.386 D/EditableInputConnectionExtImpl(13976): handleSendKeyEvent
01-23 00:13:58.483 I/libPowerHal(  859): [perfLockRel] hdl:69345, idx:1
01-23 00:13:58.484 I/libPowerHal(  859): [PD] MTKPOWER_HINT_APP_TOUCH update cmd:3408600 param:0
01-23 00:13:58.484 D/PowerManagerService( 1748): userActivityNoUpdateLocked: groupId=0, eventTime=102709403, event=2, flags=0x0, uid=1000
01-23 00:13:58.489 D/EditableInputConnectionExtImpl(13976): handleSendKeyEvent
01-23 00:13:58.497 I/KeyboardModeUtils(12290): KeyboardModeUtils.getKeyboardBottomOffset():435 inch: 0.000000 ydpi: 409.016998 adjustKeyboardBottomByDisplaySize: false currentDensityDpi: 408 defaultDensityDpi: 408 keyboardBottomToScreenPx: 0 keyboardBottomToNavBarPx: -41 navBarHeight: 41
01-23 00:13:58.497 I/BaseKeyboardSizeHelper(12290): BaseKeyboardSizeHelper.calculateMaxKeyboardBodyHeight():73 leave 273 height for app when ime window height:2249, header height:112 and isFullscreenMode:false, so the max keyboard body height is:1864
01-23 00:13:58.498 I/BaseKeyboardSizeHelper(12290): BaseKeyboardSizeHelper.calculateMaxKeyboardBodyHeight():73 leave 273 height for app when ime window height:2249, header height:112 and isFullscreenMode:false, so the max keyboard body height is:1864
01-23 00:13:58.503 I/hwcomposer(  843): [HWC] (0)fire a callback of refresh to SF[4]  
01-23 00:13:58.550 D/AALLightSensor( 1193): oldLux=60 [SA:42 LA:41] newLux=60 (oriLux: 43)
01-23 00:13:58.603 I/hwcomposer(  843): [HWC] (0)fire a callback of refresh to SF[4]  
01-23 00:13:58.712 D/CursorFeedback(13976): getExtraCursorWidth
01-23 00:13:58.712 D/CursorFeedback(13976): getExtraLeftOffset
01-23 00:13:58.775 I/charon  (10534): 03[JOB] [schedule()  269] Job timer expiry(now:139979, event->time:139979), queuing job for execution
01-23 00:13:58.798 I/mtkpower@impl(  859): [powerd_req] TIMER_MSG_PERF_LOCK_TIMEOUT hdl:69330
01-23 00:13:58.798 I/libPowerHal(  859): [perfLockRel] hdl:69330, idx:-1
01-23 00:13:58.803 I/hwcomposer(  843): [HWC] (0)fire a callback of refresh to SF[4]  
01-23 00:13:58.866 D/PowerManagerService( 1748): userActivityNoUpdateLocked: groupId=0, eventTime=102709784, event=2, flags=0x0, uid=1000
01-23 00:13:58.866 D/OplusSystemUINavigationGesture(12290): [GESTURE_BUTTON] swipe from 1
01-23 00:13:58.866 D/OGG_Detector( 1748): D:done mCurrStatus: 0
01-23 00:13:58.866 D/NoBackGesture( 2225): Start gesture: MotionEvent { action=ACTION_DOWN, actionButton=0, id[0]=0, x[0]=1021.75, y[0]=1829.0, toolType[0]=TOOL_TYPE_FINGER, buttonState=0, classification=NONE, metaState=0, flags=0x0, edgeFlags=0x0, pointerCount=1, historySize=0, eventTime=102709784, downTime=102709784, deviceId=4, source=0x1002, displayId=0, eventId=477897539 }
01-23 00:13:58.867 D/NoBackGesture( 2225): AllowGesture false cuz: ||||touch region not valid
01-23 00:13:58.867 D/NoBackGesture( 2225): current sysUiFlags: |||||||||||||||||allow_gesture|ime_visible|||||||
01-23 00:13:58.867 D/NoBackGesture( 2225): mAllowGesture: false
01-23 00:13:58.960 I/libPowerHal(  859): [perfLockRel] hdl:69346, idx:1
01-23 00:13:58.961 I/libPowerHal(  859): [PD] MTKPOWER_HINT_APP_TOUCH update cmd:3408600 param:0
01-23 00:13:58.963 W/TooltipLifecycleManager(12290): TooltipLifecycleManager.dismissTooltips():153 Tooltip with id SUGGESTION_VIEW_EDU_MINI_DIALOG not found in tooltipManager.
01-23 00:13:58.978 D/CursorFeedback(13976): getExtraCursorWidth
01-23 00:13:58.978 D/CursorFeedback(13976): getExtraLeftOffset
01-23 00:13:58.982 I/KeyboardModeUtils(12290): KeyboardModeUtils.getKeyboardBottomOffset():435 inch: 0.000000 ydpi: 409.016998 adjustKeyboardBottomByDisplaySize: false currentDensityDpi: 408 defaultDensityDpi: 408 keyboardBottomToScreenPx: 0 keyboardBottomToNavBarPx: -41 navBarHeight: 41
01-23 00:13:58.983 I/BaseKeyboardSizeHelper(12290): BaseKeyboardSizeHelper.calculateMaxKeyboardBodyHeight():73 leave 273 height for app when ime window height:2249, header height:112 and isFullscreenMode:false, so the max keyboard body height is:1864
01-23 00:13:58.983 I/BaseKeyboardSizeHelper(12290): BaseKeyboardSizeHelper.calculateMaxKeyboardBodyHeight():73 leave 273 height for app when ime window height:2249, header height:112 and isFullscreenMode:false, so the max keyboard body height is:1864
01-23 00:13:58.983 I/hwcomposer(  843): [HWC] (0)fire a callback of refresh to SF[4]  
01-23 00:13:59.010 D/CompatibilityChangeReporter( 1748): Compat change id reported: 197654537; UID 10851; state: ENABLED
01-23 00:13:59.018 D/OGG_Detector( 1748): D:done mCurrStatus: 0
01-23 00:13:59.018 D/PowerManagerService( 1748): userActivityNoUpdateLocked: groupId=0, eventTime=102709937, event=2, flags=0x0, uid=1000
01-23 00:13:59.018 D/NoBackGesture( 2225): Start gesture: MotionEvent { action=ACTION_DOWN, actionButton=0, id[0]=0, x[0]=84.0, y[0]=1993.0, toolType[0]=TOOL_TYPE_FINGER, buttonState=0, classification=NONE, metaState=0, flags=0x0, edgeFlags=0x0, pointerCount=1, historySize=0, eventTime=102709937, downTime=102709937, deviceId=4, source=0x1002, displayId=0, eventId=735150254 }
01-23 00:13:59.018 D/NoBackGesture( 2225): Not in side gesture area
01-23 00:13:59.027 D/OplusFullScreenDisplayManager( 1748): adjustWindowParamsLw com.wholexale.app.staging, no change cutoutMode: 0
01-23 00:13:59.027 V/WindowManager( 1748): Relayout Window{446b7b8 u0 com.wholexale.app.staging/com.wholexale.app.MainActivity}: viewVisibility=0, oldvis=0, req=1080x2400
01-23 00:13:59.098 I/libPowerHal(  859): [perfLockRel] hdl:69347, idx:1
01-23 00:13:59.099 W/TooltipLifecycleManager(12290): TooltipLifecycleManager.dismissTooltips():153 Tooltip with id SUGGESTION_VIEW_EDU_MINI_DIALOG not found in tooltipManager.
01-23 00:13:59.099 I/libPowerHal(  859): [PD] MTKPOWER_HINT_APP_TOUCH update cmd:3408600 param:0
01-23 00:13:59.110 D/CursorFeedback(13976): getExtraCursorWidth
01-23 00:13:59.110 D/CursorFeedback(13976): getExtraLeftOffset
01-23 00:13:59.142 D/OplusFullScreenDisplayManager( 1748): adjustWindowParamsLw com.wholexale.app.staging, no change cutoutMode: 0
01-23 00:13:59.143 V/WindowManager( 1748): Relayout Window{446b7b8 u0 com.wholexale.app.staging/com.wholexale.app.MainActivity}: viewVisibility=0, oldvis=0, req=1080x2400
01-23 00:13:59.184 D/BtGatt.ScanManager( 3256): uid 10128 isForeground true scanMode 1
01-23 00:13:59.184 I/OplusCustomScanStrategy( 3256): msg.what = 6
01-23 00:13:59.231 I/hwcomposer(  843): [HWC] (0)fire a callback of refresh to SF[4]  
01-23 00:13:59.348 D/OGG_Detector( 1748): D:done mCurrStatus: 0
01-23 00:13:59.348 D/NoBackGesture( 2225): Start gesture: MotionEvent { action=ACTION_DOWN, actionButton=0, id[0]=0, x[0]=215.75, y[0]=1988.25, toolType[0]=TOOL_TYPE_FINGER, buttonState=0, classification=NONE, metaState=0, flags=0x0, edgeFlags=0x0, pointerCount=1, historySize=0, eventTime=102710266, downTime=102710266, deviceId=4, source=0x1002, displayId=0, eventId=162648419 }
01-23 00:13:59.348 D/NoBackGesture( 2225): Not in side gesture area
01-23 00:13:59.349 D/PowerManagerService( 1748): userActivityNoUpdateLocked: groupId=0, eventTime=102710266, event=2, flags=0x0, uid=1000
01-23 00:13:59.428 I/libPowerHal(  859): [perfLockRel] hdl:69348, idx:1
01-23 00:13:59.428 I/libPowerHal(  859): [PD] MTKPOWER_HINT_APP_TOUCH update cmd:3408600 param:0
01-23 00:13:59.429 W/TooltipLifecycleManager(12290): TooltipLifecycleManager.dismissTooltips():153 Tooltip with id SUGGESTION_VIEW_EDU_MINI_DIALOG not found in tooltipManager.
01-23 00:13:59.441 D/CursorFeedback(13976): getExtraCursorWidth
01-23 00:13:59.441 D/CursorFeedback(13976): getExtraLeftOffset
01-23 00:13:59.447 E/Situation(  852): processEvent, handle:26, flush_action:0
01-23 00:13:59.447 E/Situation(  852): orientation state = 4 
01-23 00:13:59.448 V/WindowOrientationListener( 1748): onSensorChanged mDesiredRotation = 4
01-23 00:13:59.473 D/OplusFullScreenDisplayManager( 1748): adjustWindowParamsLw com.wholexale.app.staging, no change cutoutMode: 0
01-23 00:13:59.473 V/WindowManager( 1748): Relayout Window{446b7b8 u0 com.wholexale.app.staging/com.wholexale.app.MainActivity}: viewVisibility=0, oldvis=0, req=1080x2400
01-23 00:13:59.531 D/OGG_Detector( 1748): D:done mCurrStatus: 0
01-23 00:13:59.532 D/NoBackGesture( 2225): Start gesture: MotionEvent { action=ACTION_DOWN, actionButton=0, id[0]=0, x[0]=222.75, y[0]=1984.75, toolType[0]=TOOL_TYPE_FINGER, buttonState=0, classification=NONE, metaState=0, flags=0x0, edgeFlags=0x0, pointerCount=1, historySize=0, eventTime=102710449, downTime=102710449, deviceId=4, source=0x1002, displayId=0, eventId=341471515 }
01-23 00:13:59.532 D/NoBackGesture( 2225): Not in side gesture area
01-23 00:13:59.532 D/PowerManagerService( 1748): userActivityNoUpdateLocked: groupId=0, eventTime=102710449, event=2, flags=0x0, uid=1000
01-23 00:13:59.596 I/libPowerHal(  859): [perfLockRel] hdl:69349, idx:1
01-23 00:13:59.596 I/libPowerHal(  859): [PD] MTKPOWER_HINT_APP_TOUCH update cmd:3408600 param:0
01-23 00:13:59.597 W/TooltipLifecycleManager(12290): TooltipLifecycleManager.dismissTooltips():153 Tooltip with id SUGGESTION_VIEW_EDU_MINI_DIALOG not found in tooltipManager.
01-23 00:13:59.606 D/CursorFeedback(13976): getExtraCursorWidth
01-23 00:13:59.606 D/CursorFeedback(13976): getExtraLeftOffset
01-23 00:13:59.639 D/OplusFullScreenDisplayManager( 1748): adjustWindowParamsLw com.wholexale.app.staging, no change cutoutMode: 0
01-23 00:13:59.639 V/WindowManager( 1748): Relayout Window{446b7b8 u0 com.wholexale.app.staging/com.wholexale.app.MainActivity}: viewVisibility=0, oldvis=0, req=1080x2400
01-23 00:13:59.727 I/hwcomposer(  843): [HWC] (0)fire a callback of refresh to SF[4]  
01-23 00:14:00.003 D/PhoneUsageTime( 4587): affairType:231
01-23 00:14:00.006 D/Utils   ( 4587): getLastChargeTime: 1769107380146
01-23 00:14:00.007 D/Utils   ( 4587): getLastChargeDurationTime: 4509571
01-23 00:14:00.007 D/SingleClockView( 2225): updateTime,  24hfmt=false, h=12, m=14
01-23 00:14:00.009 D/PhoneScreenOnTime( 4587): affairType:231
01-23 00:14:00.009 D/PackageManager( 1748): multi app -> resolveContentProvider change name=settings to user 0 providerInfo=ContentProviderInfo{name=settings className=com.android.providers.settings.SettingsProvider}
01-23 00:14:00.010 D/PackageManager( 1748): multi app -> resolveContentProvider change name=settings to user 0 providerInfo=ContentProviderInfo{name=settings className=com.android.providers.settings.SettingsProvider}
01-23 00:14:00.010 D/Utils   ( 4587): getLastScrChangeTime: 1769107380157
01-23 00:14:00.010 D/Utils   ( 4587): getScrOnSeconds: 3679036
01-23 00:14:00.011 D/Utils   ( 4587): setLastScrChangeTime: 1769107440009
01-23 00:14:00.011 D/Utils   ( 4587): setScrOnSeconds: 3738888
01-23 00:14:00.012 D/PackageManager( 1748): multi app -> resolveContentProvider change name=settings to user 0 providerInfo=ContentProviderInfo{name=settings className=com.android.providers.settings.SettingsProvider}
01-23 00:14:00.012 D/PackageManager( 1748): multi app -> resolveContentProvider change name=settings to user 0 providerInfo=ContentProviderInfo{name=settings className=com.android.providers.settings.SettingsProvider}
01-23 00:14:00.013 E/OplusCustomizeRestrictionManagerService( 1748): isBiometricDisabled start
01-23 00:14:00.014 E/OplusCustomizeRestrictionManagerService( 1748): isBiometricDisabled start
01-23 00:14:00.015 D/PackageManager( 1748): multi app -> resolveContentProvider change name=settings to user 0 providerInfo=ContentProviderInfo{name=settings className=com.android.providers.settings.SettingsProvider}
01-23 00:14:00.015 D/PackageManager( 1748): multi app -> resolveContentProvider change name=settings to user 0 providerInfo=ContentProviderInfo{name=settings className=com.android.providers.settings.SettingsProvider}
01-23 00:14:00.018 D/PackageManager( 1748): multi app -> resolveContentProvider change name=settings to user 0 providerInfo=ContentProviderInfo{name=settings className=com.android.providers.settings.SettingsProvider}
01-23 00:14:00.018 D/PackageManager( 1748): multi app -> resolveContentProvider change name=settings to user 0 providerInfo=ContentProviderInfo{name=settings className=com.android.providers.settings.SettingsProvider}
01-23 00:14:00.043 D/OGG_Detector( 1748): D:done mCurrStatus: 0
01-23 00:14:00.043 D/PowerManagerService( 1748): userActivityNoUpdateLocked: groupId=0, eventTime=102710961, event=2, flags=0x0, uid=1000
01-23 00:14:00.044 D/NoBackGesture( 2225): Start gesture: MotionEvent { action=ACTION_DOWN, actionButton=0, id[0]=0, x[0]=198.5, y[0]=1850.5, toolType[0]=TOOL_TYPE_FINGER, buttonState=0, classification=NONE, metaState=0, flags=0x0, edgeFlags=0x0, pointerCount=1, historySize=0, eventTime=102710961, downTime=102710961, deviceId=4, source=0x1002, displayId=0, eventId=475181295 }
01-23 00:14:00.044 D/NoBackGesture( 2225): Not in side gesture area
01-23 00:14:00.051 I/hwcomposer(  843): [HWC] (0)fire a callback of refresh to SF[4]  
01-23 00:14:00.106 E/Situation(  852): processEvent, handle:26, flush_action:0
01-23 00:14:00.107 E/Situation(  852): orientation state = 0 
01-23 00:14:00.128 I/libPowerHal(  859): [perfLockRel] hdl:69350, idx:1
01-23 00:14:00.129 I/libPowerHal(  859): [PD] MTKPOWER_HINT_APP_TOUCH update cmd:3408600 param:0
01-23 00:14:00.130 W/TooltipLifecycleManager(12290): TooltipLifecycleManager.dismissTooltips():153 Tooltip with id SUGGESTION_VIEW_EDU_MINI_DIALOG not found in tooltipManager.
01-23 00:14:00.136 D/CursorFeedback(13976): getExtraCursorWidth
01-23 00:14:00.136 D/CursorFeedback(13976): getExtraLeftOffset
01-23 00:14:00.139 E/horae   ( 3350): 0: back:36146,frame:34682,front:37072, 6, +(1928), 1 ,39000,37000,38000,38400
01-23 00:14:00.167 D/OplusFullScreenDisplayManager( 1748): adjustWindowParamsLw com.wholexale.app.staging, no change cutoutMode: 0
01-23 00:14:00.168 V/WindowManager( 1748): Relayout Window{446b7b8 u0 com.wholexale.app.staging/com.wholexale.app.MainActivity}: viewVisibility=0, oldvis=0, req=1080x2400
01-23 00:14:00.255 I/hwcomposer(  843): [HWC] (0)fire a callback of refresh to SF[4]  
01-23 00:14:00.306 D/NoBackGesture( 2225): Start gesture: MotionEvent { action=ACTION_DOWN, actionButton=0, id[0]=0, x[0]=927.5, y[0]=1803.0, toolType[0]=TOOL_TYPE_FINGER, buttonState=0, classification=NONE, metaState=0, flags=0x0, edgeFlags=0x0, pointerCount=1, historySize=0, eventTime=102711224, downTime=102711224, deviceId=4, source=0x1002, displayId=0, eventId=319964817 }
01-23 00:14:00.306 D/NoBackGesture( 2225): Not in side gesture area
01-23 00:14:00.306 D/OGG_Detector( 1748): D:done mCurrStatus: 0
01-23 00:14:00.307 D/PowerManagerService( 1748): userActivityNoUpdateLocked: groupId=0, eventTime=102711224, event=2, flags=0x0, uid=1000
01-23 00:14:00.384 I/libPowerHal(  859): [perfLockRel] hdl:69351, idx:1
01-23 00:14:00.385 I/libPowerHal(  859): [PD] MTKPOWER_HINT_APP_TOUCH update cmd:3408600 param:0
01-23 00:14:00.385 W/TooltipLifecycleManager(12290): TooltipLifecycleManager.dismissTooltips():153 Tooltip with id SUGGESTION_VIEW_EDU_MINI_DIALOG not found in tooltipManager.
01-23 00:14:00.400 D/CursorFeedback(13976): getExtraCursorWidth
01-23 00:14:00.400 D/CursorFeedback(13976): getExtraLeftOffset
01-23 00:14:00.433 D/OplusFullScreenDisplayManager( 1748): adjustWindowParamsLw com.wholexale.app.staging, no change cutoutMode: 0
01-23 00:14:00.433 V/WindowManager( 1748): Relayout Window{446b7b8 u0 com.wholexale.app.staging/com.wholexale.app.MainActivity}: viewVisibility=0, oldvis=0, req=1080x2400
01-23 00:14:00.436 I/AppSearchIcing( 1748): icing-search-engine.cc:2327: Persisting data to disk with mode 3
01-23 00:14:00.443 I/AppSearchIcing( 1748): icing-search-engine.cc:2340: PersistToDisk completed.
01-23 00:14:00.524 I/hwcomposer(  843): [HWC] (0)fire a callback of refresh to SF[4]  
01-23 00:14:00.526 D/SensorService( 1748): onUidStateChanged uid = 10066, state = UID_STATE_IDLE
01-23 00:14:00.539 D/NoBackGesture( 2225): Start gesture: MotionEvent { action=ACTION_DOWN, actionButton=0, id[0]=0, x[0]=348.25, y[0]=1800.0, toolType[0]=TOOL_TYPE_FINGER, buttonState=0, classification=NONE, metaState=0, flags=0x0, edgeFlags=0x0, pointerCount=1, historySize=0, eventTime=102711457, downTime=102711457, deviceId=4, source=0x1002, displayId=0, eventId=833140110 }
01-23 00:14:00.540 D/NoBackGesture( 2225): Not in side gesture area
01-23 00:14:00.540 D/OGG_Detector( 1748): D:done mCurrStatus: 0
01-23 00:14:00.540 D/PowerManagerService( 1748): userActivityNoUpdateLocked: groupId=0, eventTime=102711457, event=2, flags=0x0, uid=1000
01-23 00:14:00.543 D/OplusHecate(  966): pixels[315,120]=0xffffffff
01-23 00:14:00.611 I/libPowerHal(  859): [perfLockRel] hdl:69352, idx:1
01-23 00:14:00.611 I/libPowerHal(  859): [PD] MTKPOWER_HINT_APP_TOUCH update cmd:3408600 param:0
01-23 00:14:00.612 W/TooltipLifecycleManager(12290): TooltipLifecycleManager.dismissTooltips():153 Tooltip with id SUGGESTION_VIEW_EDU_MINI_DIALOG not found in tooltipManager.
01-23 00:14:00.619 D/CursorFeedback(13976): getExtraCursorWidth
01-23 00:14:00.619 D/CursorFeedback(13976): getExtraLeftOffset
01-23 00:14:00.664 D/OplusFullScreenDisplayManager( 1748): adjustWindowParamsLw com.wholexale.app.staging, no change cutoutMode: 0
01-23 00:14:00.664 V/WindowManager( 1748): Relayout Window{446b7b8 u0 com.wholexale.app.staging/com.wholexale.app.MainActivity}: viewVisibility=0, oldvis=0, req=1080x2400
01-23 00:14:00.751 I/hwcomposer(  843): [HWC] (0)fire a callback of refresh to SF[4]  
01-23 00:14:00.766 D/NoBackGesture( 2225): Start gesture: MotionEvent { action=ACTION_DOWN, actionButton=0, id[0]=0, x[0]=318.75, y[0]=1990.75, toolType[0]=TOOL_TYPE_FINGER, buttonState=0, classification=NONE, metaState=0, flags=0x0, edgeFlags=0x0, pointerCount=1, historySize=0, eventTime=102711684, downTime=102711684, deviceId=4, source=0x1002, displayId=0, eventId=24619854 }
01-23 00:14:00.766 D/NoBackGesture( 2225): Not in side gesture area
01-23 00:14:00.767 D/OGG_Detector( 1748): D:done mCurrStatus: 0
01-23 00:14:00.767 D/PowerManagerService( 1748): userActivityNoUpdateLocked: groupId=0, eventTime=102711684, event=2, flags=0x0, uid=1000
01-23 00:14:00.853 I/libPowerHal(  859): [perfLockRel] hdl:69353, idx:1
01-23 00:14:00.854 I/libPowerHal(  859): [PD] MTKPOWER_HINT_APP_TOUCH update cmd:3408600 param:0
01-23 00:14:00.854 W/TooltipLifecycleManager(12290): TooltipLifecycleManager.dismissTooltips():153 Tooltip with id SUGGESTION_VIEW_EDU_MINI_DIALOG not found in tooltipManager.
01-23 00:14:00.863 D/CursorFeedback(13976): getExtraCursorWidth
01-23 00:14:00.863 D/CursorFeedback(13976): getExtraLeftOffset
01-23 00:14:00.896 D/OplusFullScreenDisplayManager( 1748): adjustWindowParamsLw com.wholexale.app.staging, no change cutoutMode: 0
01-23 00:14:00.896 V/WindowManager( 1748): Relayout Window{446b7b8 u0 com.wholexale.app.staging/com.wholexale.app.MainActivity}: viewVisibility=0, oldvis=0, req=1080x2400
01-23 00:14:00.983 I/hwcomposer(  843): [HWC] (0)fire a callback of refresh to SF[4]  
01-23 00:14:01.147 I/VoLTE IMCB-CM( 1497): receive the nessage from IMC #72
01-23 00:14:01.148 I/VoLTE IMCB-CM( 1497): receive the nessage from IMC #72
01-23 00:14:01.148 I/VoLTE IMCB( 1497): {{{{[process_msg] msg_id=100116(0x00018714), dst=IMCB[2], IMCB_IMC_HEADER_FILE_VERNO=79, MSG_ID_IMC_IN_BEGIN=100000, IMC_FEATURE_BITMAP=0x3 @0#184
01-23 00:14:01.148 I/VoLTE IMCB( 1497): ENTER imcb_imc_tlv_para_setting_ind_handler()@0#6013
01-23 00:14:01.148 I/VoLTE IMCB( 1497): Pure Mesage Send dest=UA[3], msg_id=10051(0x00002743), len=24, IMCB_IMC_HEADER_FILE_VERNO=79, MSG_ID_IMC_IN_BEGIN=100000, IMC_FEATURE_BITMAP=0x3 imcb_send_to_COMM()@0#242
01-23 00:14:01.148 I/VoLTE IMCB( 1497): send REQ_UPDATE_RT_SETTING from tlv_para IMC to UA imcb_imc_tlv_para_setting_ind_handler()@0#6038
01-23 00:14:01.148 I/VoLTE IMCB( 1497): EndofMessage process_msg()@0#232}}}}
01-23 00:14:01.148 I/VoLTE IMCB( 1497): {{{{[process_msg] msg_id=100116(0x00018714), dst=IMCB[2], IMCB_IMC_HEADER_FILE_VERNO=79, MSG_ID_IMC_IN_BEGIN=100000, IMC_FEATURE_BITMAP=0x3 @0#184
01-23 00:14:01.148 I/VoLTE IMCB( 1497): ENTER imcb_imc_tlv_para_setting_ind_handler()@0#6013
01-23 00:14:01.148 I/VoLTE IMCB( 1497): Pure Mesage Send dest=UA[3], msg_id=10051(0x00002743), len=24, IMCB_IMC_HEADER_FILE_VERNO=79, MSG_ID_IMC_IN_BEGIN=100000, IMC_FEATURE_BITMAP=0x3 imcb_send_to_COMM()@0#242
01-23 00:14:01.148 I/VoLTE IMCB( 1497): EndofMessage process_msg()@0#232}}}}
01-23 00:14:01.148 I/VoLTE SMS( 1493): SMS psismsc_from_user=0, force_psi_scheme_to_tel=0, add_user_phone=1, update_call_id_with_host=0 (module/volte//volte_ua/src/sms/sms.c:397)
01-23 00:14:01.148 I/VoLTE SMS( 1493): SMS add_no_fork=0, nsn_specific=0, mo_retry_after_504=0, send_timerF_expiry=0 (module/volte//volte_ua/src/sms/sms.c:404)
01-23 00:14:01.149 I/VoLTE SMS( 1493): SMS imsi_reged_disable_sms=0, retry_count=0, retry_duration=0, wfc_with_plani=0, in_reply_to_support=1, check_reason_phase=0, pani_country=0, restore_in_3gpp_abnormal=1, vzw_dev_type=0, sms_force_sip_uri=0 (module/volte//volte_ua/src/sms/sms.c:417)
01-23 00:14:01.149 I/VoLTE SMS( 1493): SMS psismsc_from_user=0, force_psi_scheme_to_tel=0, add_user_phone=1, update_call_id_with_host=0 (module/volte//volte_ua/src/sms/sms.c:397)
01-23 00:14:01.149 I/VoLTE SMS( 1493): SMS add_no_fork=0, nsn_specific=0, mo_retry_after_504=0, send_timerF_expiry=0 (module/volte//volte_ua/src/sms/sms.c:404)
01-23 00:14:01.149 I/VoLTE SMS( 1493): SMS imsi_reged_disable_sms=0, retry_count=0, retry_duration=0, wfc_with_plani=0, in_reply_to_support=1, check_reason_phase=0, pani_country=0, restore_in_3gpp_abnormal=1, vzw_dev_type=0, sms_force_sip_uri=0 (module/volte//volte_ua/src/sms/sms.c:417)
01-23 00:14:01.149 I/VoLTE REG( 1482): Update the Reg[0] plmn_type =(2) (module/volte//volte_stack/src/reg/reg.c:15537)
01-23 00:14:01.149 I/VoLTE REG( 1482): Update the Reg[0] plmn_type =(2) (module/volte//volte_stack/src/reg/reg.c:15537)
01-23 00:14:01.152 D/AtCmdParser( 2614): parserAtcmdUrc can not find parser for +CSCON
01-23 00:14:01.168 D/OplusTelephonyController( 2568): onSignalStrengthChanged: SignalStrength=SignalStrength:{mCdma=CellSignalStrengthCdma: cdmaDbm=2147483647 cdmaEcio=2147483647 evdoDbm=2147483647 evdoEcio=2147483647 evdoSnr=2147483647 level=0,mGsm=CellSignalStrengthGsm: rssi=-69 ber=99 mTa=2147483647 mLevel=4,mWcdma=CellSignalStrengthWcdma: ss=2147483647 ber=2147483647 rscp=2147483647 ecno=2147483647 level=0,mTdscdma=CellSignalStrengthTdscdma: rssi=2147483647 ber=2147483647 rscp=2147483647 level=0,mLte=CellSignalStrengthLte: rssi=2147483647 rsrp=2147483647 rsrq=2147483647 rssnr=2147483647 cqiTableIndex=2147483647 cqi=2147483647 ta=2147483647 level=0 parametersUseForLevel=0,mNr=CellSignalStrengthNr:{ csiRsrp = 2147483647 csiRsrq = 2147483647 csiCqiTableIndex = 2147483647 csiCqiReport = [] ssRsrp = 2147483647 ssRsrq = 2147483647 ssSinr = 2147483647 level = 0 parametersUseForLevel = 0 },primary=CellSignalStrengthGsm}, phoneId=0, mMtkLevel=0, mMtkRsrpOnly=false, mMtkLteRsrpThreshold=null, mMtkLteRssnrThreshold=null
01-23 00:14:01.173 D/AtCmdParser( 2614): parserAtcmdUrc can not find parser for +PSBEARER
01-23 00:14:01.175 D/AtCmdParser( 2614): parserAtcmdUrc can not find parser for +EREG
01-23 00:14:01.176 D/AtCmdParser( 2614): parserAtcmdUrc can not find parser for +EGREG
01-23 00:14:01.189 D/OplusNecManager( 2568): broadcastServiceStateChanged slotId:0oos:true
01-23 00:14:01.267 I/hwcomposer(  843): [HWC] (0)fire a callback of refresh to SF[4]  
01-23 00:14:01.387 D/NoBackGesture( 2225): Start gesture: MotionEvent { action=ACTION_DOWN, actionButton=0, id[0]=0, x[0]=66.75, y[0]=1711.5, toolType[0]=TOOL_TYPE_FINGER, buttonState=0, classification=NONE, metaState=0, flags=0x0, edgeFlags=0x0, pointerCount=1, historySize=0, eventTime=102712306, downTime=102712306, deviceId=4, source=0x1002, displayId=0, eventId=84815979 }
01-23 00:14:01.387 D/NoBackGesture( 2225): Not in side gesture area
01-23 00:14:01.387 D/OGG_Detector( 1748): D:done mCurrStatus: 0
01-23 00:14:01.388 D/PowerManagerService( 1748): userActivityNoUpdateLocked: groupId=0, eventTime=102712306, event=2, flags=0x0, uid=1000
01-23 00:14:01.481 I/libPowerHal(  859): [perfLockRel] hdl:69354, idx:1
01-23 00:14:01.482 I/libPowerHal(  859): [PD] MTKPOWER_HINT_APP_TOUCH update cmd:3408600 param:0
01-23 00:14:01.483 W/TooltipLifecycleManager(12290): TooltipLifecycleManager.dismissTooltips():153 Tooltip with id SUGGESTION_VIEW_EDU_MINI_DIALOG not found in tooltipManager.
01-23 00:14:01.491 D/CursorFeedback(13976): getExtraCursorWidth
01-23 00:14:01.491 D/CursorFeedback(13976): getExtraLeftOffset
01-23 00:14:01.499 I/hwcomposer(  843): [HWC] (0)fire a callback of refresh to SF[4]  
01-23 00:14:01.524 D/OplusFullScreenDisplayManager( 1748): adjustWindowParamsLw com.wholexale.app.staging, no change cutoutMode: 0
01-23 00:14:01.524 V/WindowManager( 1748): Relayout Window{446b7b8 u0 com.wholexale.app.staging/com.wholexale.app.MainActivity}: viewVisibility=0, oldvis=0, req=1080x2400
01-23 00:14:01.611 I/hwcomposer(  843): [HWC] (0)fire a callback of refresh to SF[4]  
01-23 00:14:01.648 V/SystemSensorManagerExtImpl(25539): unRegisterListener by com.google.ccc.abuse.droidguard.events.b
01-23 00:14:01.648 V/SystemSensorManagerExtImpl(25539): unRegisterListener by com.google.ccc.abuse.droidguard.events.b
01-23 00:14:01.783 D/NoBackGesture( 2225): Start gesture: MotionEvent { action=ACTION_DOWN, actionButton=0, id[0]=0, x[0]=160.5, y[0]=1714.5, toolType[0]=TOOL_TYPE_FINGER, buttonState=0, classification=NONE, metaState=0, flags=0x0, edgeFlags=0x0, pointerCount=1, historySize=0, eventTime=102712701, downTime=102712701, deviceId=4, source=0x1002, displayId=0, eventId=46549711 }
01-23 00:14:01.783 D/NoBackGesture( 2225): Not in side gesture area
01-23 00:14:01.783 D/OGG_Detector( 1748): D:done mCurrStatus: 0
01-23 00:14:01.783 D/PowerManagerService( 1748): userActivityNoUpdateLocked: groupId=0, eventTime=102712701, event=2, flags=0x0, uid=1000
01-23 00:14:01.876 I/libPowerHal(  859): [perfLockRel] hdl:69355, idx:1
01-23 00:14:01.876 I/libPowerHal(  859): [PD] MTKPOWER_HINT_APP_TOUCH update cmd:3408600 param:0
01-23 00:14:01.877 W/TooltipLifecycleManager(12290): TooltipLifecycleManager.dismissTooltips():153 Tooltip with id SUGGESTION_VIEW_EDU_MINI_DIALOG not found in tooltipManager.
01-23 00:14:01.888 D/CursorFeedback(13976): getExtraCursorWidth
01-23 00:14:01.888 D/CursorFeedback(13976): getExtraLeftOffset
01-23 00:14:01.895 I/hwcomposer(  843): [HWC] (0)fire a callback of refresh to SF[4]  
01-23 00:14:01.921 D/OplusFullScreenDisplayManager( 1748): adjustWindowParamsLw com.wholexale.app.staging, no change cutoutMode: 0
01-23 00:14:01.922 V/WindowManager( 1748): Relayout Window{446b7b8 u0 com.wholexale.app.staging/com.wholexale.app.MainActivity}: viewVisibility=0, oldvis=0, req=1080x2400
01-23 00:14:02.015 I/hwcomposer(  843): [HWC] (0)fire a callback of refresh to SF[4]  
01-23 00:14:02.119 D/NoBackGesture( 2225): Start gesture: MotionEvent { action=ACTION_DOWN, actionButton=0, id[0]=0, x[0]=289.75, y[0]=1699.25, toolType[0]=TOOL_TYPE_FINGER, buttonState=0, classification=NONE, metaState=0, flags=0x0, edgeFlags=0x0, pointerCount=1, historySize=0, eventTime=102713037, downTime=102713037, deviceId=4, source=0x1002, displayId=0, eventId=583248743 }
01-23 00:14:02.119 D/NoBackGesture( 2225): Not in side gesture area
01-23 00:14:02.119 D/OGG_Detector( 1748): D:done mCurrStatus: 0
01-23 00:14:02.119 D/PowerManagerService( 1748): userActivityNoUpdateLocked: groupId=0, eventTime=102713037, event=2, flags=0x0, uid=1000
01-23 00:14:02.198 I/libPowerHal(  859): [perfLockRel] hdl:69356, idx:1
01-23 00:14:02.199 I/libPowerHal(  859): [PD] MTKPOWER_HINT_APP_TOUCH update cmd:3408600 param:0
01-23 00:14:02.199 W/TooltipLifecycleManager(12290): TooltipLifecycleManager.dismissTooltips():153 Tooltip with id SUGGESTION_VIEW_EDU_MINI_DIALOG not found in tooltipManager.
01-23 00:14:02.206 D/CursorFeedback(13976): getExtraCursorWidth
01-23 00:14:02.206 D/CursorFeedback(13976): getExtraLeftOffset
01-23 00:14:02.252 D/OplusFullScreenDisplayManager( 1748): adjustWindowParamsLw com.wholexale.app.staging, no change cutoutMode: 0
01-23 00:14:02.252 V/WindowManager( 1748): Relayout Window{446b7b8 u0 com.wholexale.app.staging/com.wholexale.app.MainActivity}: viewVisibility=0, oldvis=0, req=1080x2400
01-23 00:14:02.339 I/hwcomposer(  843): [HWC] (0)fire a callback of refresh to SF[4]  
01-23 00:14:02.368 D/vendor.oplus.hardware.charger@1.0-service(  897): getChargerControl:
01-23 00:14:02.406 I/OplusHansManager ( 1748): uid=10744, pkg=com.cricbuzz.android can transition from M to F
01-23 00:14:02.406 I/OplusHansManager ( 1748): uid=10744, pkg=com.cricbuzz.android F enter(), M stay=10
01-23 00:14:02.416 I/OplusHansManager ( 1748): freeze uid: 10744 com.cricbuzz.android pids: [20117] scene: LcdOn
01-23 00:14:02.417 D/IHansComunication( 6221): HansComunication::addUid-- 10744, persistent--0
01-23 00:14:02.417 D/IHansComunication( 6221): HANS sendMessageToKernel: threadId = 516689218736, netLinkSetup = 1, type = PKG, targetUid = 10744, pkgCmd = ADD_ONE_UID
01-23 00:14:02.466 W/HidlServiceHelper(32688): Failed to read virtual TLC buffer usage returns is NULLnull
01-23 00:14:02.544 W/FinalizerDaemon(13976): type=1400 audit(0.0:7743): avc: denied { getopt } for path="/dev/socket/usap_pool_primary" scontext=u:r:untrusted_app:s0:c83,c259,c512,c768 tcontext=u:r:zygote:s0 tclass=unix_stream_socket permissive=0 app=com.wholexale.app.staging
01-23 00:14:02.750 D/AALLightSensor( 1193): oldLux=60 [SA:42 LA:41] newLux=60 (oriLux: 43)
01-23 00:14:02.799 I/hwcomposer(  843): [HWC] (0)fire a callback of refresh to SF[4]  
01-23 00:14:02.926 V/SystemSensorManagerExtImpl(22573): RegisterListener lsm6dso ACCELEROMETER type:1 delay:20000us by com.google.android.location.collectionlib.SensorScanner$SensorEventListenerAdapter
01-23 00:14:02.926 D/SensorService( 1748): createSensorEventConnection, mCurrentOperatingMode = 0, requestedMode = 0
01-23 00:14:02.927 W/SensorService( 1748): SensorEventConnection sensor handle=1, package = com.google.android.location.collectionlib.SensorScanner$SensorEventListenerAdapter enable
01-23 00:14:02.927 E/SensorService( 1748): Required app com.google.android.location.collectionlib.SensorScanner$SensorEventListenerAdapter, uid 99910128, pid 22573
01-23 00:14:02.927 D/SensorServiceExtImpl( 1748): SensorServiceExtImpl oplusGeminiProximitySensor = 0
01-23 00:14:02.927 D/SensorServiceUtils( 1748): setSamplingPeriodNs sensorType = 1, samplingPeriodNs = 20000000
01-23 00:14:02.927 D/SensorServiceExtImpl( 1748): setSamplingPeriodNs SamplingPeriodNs =20000000
01-23 00:14:02.927 D/SensorServiceExtImpl( 1748): SensorServiceExtImpl oplusGeminiProximitySensor = 0
01-23 00:14:02.927 D/SensorService( 1748): SensorDevice::batch: ident=0xb400007953a98080, handle=0x00000001, flags=0, period_ns=20000000 timeout=0
01-23 00:14:02.927 D/SensorService( 1748): 	>>> curr_period=50000000 min_period=20000000 curr_timeout=0 min_timeout=0
01-23 00:14:02.927 D/SensorService( 1748): 	>>> actuating h/w BATCH 0x00000001 20000000 0
01-23 00:14:02.927 I/Accelerometer(  852): batch: handle:0, flag:0,samplingPeriodNs:20000000 maxBatchReportLatencyNs:0
01-23 00:14:02.928 D/SensorService( 1748): Calling batch handle==1 flags=0rate=20000000 timeout== 0
01-23 00:14:02.928 D/SensorService( 1748): 	>>> actuating h/w flush 1
01-23 00:14:02.928 I/Accelerometer(  852): flush, flushCnt:1
01-23 00:14:02.928 D/SensorService( 1748): Calling activate on 1
01-23 00:14:02.928 D/SensorService( 1748): SensorDevice::activate: ident=0xb400007953a98080, handle=0x00000001, enabled=1, count=5
01-23 00:14:02.928 D/SensorService( 1748): enable index=1
01-23 00:14:02.928 D/SensorService( 1748): info.numActiveClients() = 5, info.isActive = 1
01-23 00:14:02.928 D/SensorService( 1748): activateHardware = 0
01-23 00:14:02.930 I/Accelerometer(  852): flush complete, flushCnt:0
01-23 00:14:02.930 D/SensorService( 1748): flush complete event sensor==1 
01-23 00:14:02.930 D/SensorService( 1748): flush complete event sensor==1 
01-23 00:14:02.930 D/SensorService( 1748): flush complete event sensor==1 
01-23 00:14:02.930 D/SensorService( 1748): flush complete event sensor==1 
01-23 00:14:02.930 D/SensorService( 1748): First flush event for sensor==1 
01-23 00:14:02.930 D/SensorService( 1748): flush complete event sensor==1 
01-23 00:14:02.930 D/SensorService( 1748): flush complete event sensor==1 
01-23 00:14:02.930 D/SensorService( 1748): flush complete event sensor==1 
01-23 00:14:02.930 D/SensorService( 1748): flush complete event sensor==1 
01-23 00:14:02.930 D/SensorService( 1748): flush complete event sensor==1 
01-23 00:14:02.930 D/SensorService( 1748): flush complete event sensor==1 
01-23 00:14:02.930 D/SensorService( 1748): flush complete event sensor==1 
01-23 00:14:02.930 D/SensorService( 1748): flush complete event sensor==1 
01-23 00:14:02.930 D/SensorService( 1748): flush complete event sensor==1 
01-23 00:14:03.208 D/AtCmdParser( 2614): parserAtcmdUrc can not find parser for +CSCON
01-23 00:14:03.247 I/FileCleaner(32688): Apply cleaner for dir:/data/user_de/0/com.oplus.onetrace/files/thermal_metrics
01-23 00:14:03.291 I/hwcomposer(  843): [HWC] (0)fire a callback of refresh to SF[4]  
01-23 00:14:03.419 D/IHansComunication( 6221): HANS sendMessageToKernel: threadId = 516689218736, netLinkSetup = 1, type = FROZEN_TRANS, targetUid = 10744, pkgCmd = PKG_CMD_MAX
01-23 00:14:03.554 D/BoundBrokerSvc(20067): onUnbind: Intent { act=com.google.android.gms.clearcut.sampler.service.START dat=chimera-action:/... cmp=com.google.android.gms/.chimera.PersistentDirectBootAwareApiService }
01-23 00:14:03.560 E/IHansComunication( 6221): HANS printMessageBody: RCV message: type = 0,port = 86870,caller_pid = 1089,caller_uid = 1047,target_pid = 20117,target_uid = 10744,pkg_cmd = -1,rpc = android.hardware.ICameraServiceListener/5
01-23 00:14:03.567 I/OplusHansManager ( 1748): unfreeze uid: 10744 com.cricbuzz.android pids: [20117] reason: AsyncBinder scene: LcdOn
01-23 00:14:03.569 I/OplusHansManager ( 1748): uid=10744, pkg=com.cricbuzz.android, transition from Frozen to Middle, reason=AsyncBinder
01-23 00:14:03.569 I/OplusHansManager ( 1748): uid=10744, pkg=com.cricbuzz.android F exit(), F stay=1, reason=AsyncBinder
01-23 00:14:03.811 I/hwcomposer(  843): [HWC] (0)fire a callback of refresh to SF[4]  
01-23 00:14:04.013 D/vendor.oplus.hardware.charger@1.0-service(  897): getChargerControl:
01-23 00:14:04.220 D/CursorFeedback(13976): getExtraCursorWidth
01-23 00:14:04.220 D/CursorFeedback(13976): getExtraLeftOffset
01-23 00:14:04.251 D/OGG_Detector( 1748): D:done mCurrStatus: 0
01-23 00:14:04.251 D/PowerManagerService( 1748): userActivityNoUpdateLocked: groupId=0, eventTime=102715168, event=2, flags=0x0, uid=1000
01-23 00:14:04.251 D/NoBackGesture( 2225): Start gesture: MotionEvent { action=ACTION_DOWN, actionButton=0, id[0]=0, x[0]=292.5, y[0]=1232.25, toolType[0]=TOOL_TYPE_FINGER, buttonState=0, classification=NONE, metaState=0, flags=0x0, edgeFlags=0x0, pointerCount=1, historySize=0, eventTime=102715168, downTime=102715168, deviceId=4, source=0x1002, displayId=0, eventId=760157623 }
01-23 00:14:04.251 D/NoBackGesture( 2225): Not in side gesture area
01-23 00:14:04.291 D/ccci_mdinit(  970): (1):monitor_time_update_thread round:8557 ########
01-23 00:14:04.315 I/hwcomposer(  843): [HWC] (0)fire a callback of refresh to SF[4]  
01-23 00:14:04.326 I/mtkpower_client( 1748): perf_lock_rel, hdl:69342, tid:2280
01-23 00:14:04.326 I/mtkpower_client( 1748): perf_lock_acq, hdl:69342, dur:0, num:4, tid:2280
01-23 00:14:04.326 I/libPowerHal(  859): [perfLockRel] hdl:69342, idx:0
01-23 00:14:04.327 I/libPowerHal(  859): [PD] system_server update cmd:2004100 param:2
01-23 00:14:04.328 I/mtkpower_client( 1748): ret_hdl:69358
01-23 00:14:04.349 D/PowerManagerService( 1748): userActivityNoUpdateLocked: groupId=0, eventTime=102715268, event=2, flags=0x0, uid=1000
01-23 00:14:04.356 I/mtkpower_client( 1748): perf_lock_acq, hdl:0, dur:3000, num:2, tid:4194
01-23 00:14:04.356 I/mtkpower_client( 1748): ret_hdl:69359
01-23 00:14:04.357 I/mtkpower_client( 1748): perf_lock_rel, hdl:69359, tid:4194
01-23 00:14:04.357 I/mtkpower_client( 1748): perf_lock_acq, hdl:69359, dur:3000, num:4, tid:4209
01-23 00:14:04.357 I/mtkpower@impl(  859): [check_work_req] i:1, msg:1 hdl:69359, wait
01-23 00:14:04.358 I/libPowerHal(  859): [touch_boost_enabled] value:0
01-23 00:14:04.358 I/libPowerHal(  859): [perfLockRel] hdl:69359, idx:5
01-23 00:14:04.359 I/libPowerHal(  859): [touch_boost_enabled] value:-1
01-23 00:14:04.359 I/libPowerHal(  859): [PD] system_server update cmd:3408500 param:-1
01-23 00:14:04.361 I/mtkpower_client( 1748): ret_hdl:69360
01-23 00:14:04.362 I/mtkpower_client( 1748): perf_lock_rel, hdl:69360, tid:4194
01-23 00:14:04.362 I/libPowerHal(  859): [fpsgo_ctrl_render_thread] 1211, 0xb400007e89a126a0
01-23 00:14:04.362 E/libPowerHal(  859): Could not open '/sys/kernel/fpsgo/fstb/set_ui_ctrl'
01-23 00:14:04.362 E/libPowerHal(  859): error : 2, No such file or directory
01-23 00:14:04.363 I/libPowerHal(  859): [perfLockRel] hdl:69357, idx:1
01-23 00:14:04.364 I/mtkpower_client( 1748): perf_lock_rel, hdl:69358, tid:2280
01-23 00:14:04.364 I/libPowerHal(  859): [PD] MTKPOWER_HINT_APP_TOUCH update cmd:3408600 param:0
01-23 00:14:04.365 I/libPowerHal(  859): [perfLockRel] hdl:69360, idx:5
01-23 00:14:04.365 I/libPowerHal(  859): [fpsgo_ctrl_render_thread] 1211, 0xb400007e89a126a0
01-23 00:14:04.365 E/libPowerHal(  859): Could not open '/sys/kernel/fpsgo/fstb/set_ui_ctrl'
01-23 00:14:04.365 E/libPowerHal(  859): error : 2, No such file or directory
01-23 00:14:04.365 I/libPowerHal(  859): [PD] system_server update ONESHOT cmd:2000300 param:1211
01-23 00:14:04.366 I/mtkpower_client( 1748): perf_lock_acq, hdl:0, dur:3000, num:2, tid:4209
01-23 00:14:04.366 I/mtkpower_client( 1748): perf_lock_acq, hdl:69358, dur:0, num:4, tid:2280
01-23 00:14:04.366 I/libPowerHal(  859): [perfLockRel] hdl:69358, idx:0
01-23 00:14:04.366 I/libPowerHal(  859): [PD] system_server update cmd:2004100 param:2
01-23 00:14:04.367 I/mtkpower_client( 1748): ret_hdl:69361
01-23 00:14:04.367 I/libPowerHal(  859): cmdSetting - unknown cmd:2048700, scmd:(null) ,param_1:1
01-23 00:14:04.367 I/mtkpower_client( 1748): ret_hdl:69362
01-23 00:14:04.368 I/mtkpower_client( 1748): perf_lock_acq, hdl:69360, dur:3000, num:4, tid:4209
01-23 00:14:04.369 I/mtkpower_client( 1748): ret_hdl:69363
01-23 00:14:04.369 I/libPowerHal(  859): [fpsgo_noctrl_render_thread] -1211, 0xb400007e89a126a0
01-23 00:14:04.369 I/mtkpower_client( 1748): perf_lock_rel, hdl:69362, tid:2280
01-23 00:14:04.369 I/mtkpower_client( 1748): perf_lock_rel, hdl:69363, tid:4209
01-23 00:14:04.370 I/libPowerHal(  859): [fpsgo_ctrl_render_thread] 1211, 0xb400007e89a126a0
01-23 00:14:04.370 E/libPowerHal(  859): Could not open '/sys/kernel/fpsgo/fstb/set_ui_ctrl'
01-23 00:14:04.370 E/libPowerHal(  859): error : 2, No such file or directory
01-23 00:14:04.370 I/libPowerHal(  859): [perfLockRel] hdl:69362, idx:1
01-23 00:14:04.370 I/mtkpower_client( 1748): perf_lock_acq, hdl:69362, dur:0, num:8, tid:2280
01-23 00:14:04.370 I/libPowerHal(  859): [PD] system_server update cmd:2004100 param:2
01-23 00:14:04.371 I/mtkpower_client( 1748): perf_lock_acq, hdl:69363, dur:3000, num:4, tid:4226
01-23 00:14:04.371 I/libPowerHal(  859): [perfLockRel] hdl:69363, idx:5
01-23 00:14:04.371 I/libPowerHal(  859): [fpsgo_noctrl_render_thread] -1211, 0xb400007e89a126a0
01-23 00:14:04.372 I/libPowerHal(  859): [PD] system_server update ONESHOT cmd:2000400 param:-1211
01-23 00:14:04.372 I/libPowerHal(  859): [fpsgo_ctrl_render_thread] 1211, 0xb400007e89a126a0
01-23 00:14:04.372 E/libPowerHal(  859): Could not open '/sys/kernel/fpsgo/fstb/set_ui_ctrl'
01-23 00:14:04.372 E/libPowerHal(  859): error : 2, No such file or directory
01-23 00:14:04.372 I/libPowerHal(  859): [PD] system_server update ONESHOT cmd:2000300 param:1211
01-23 00:14:04.372 I/mtkpower_client( 1748): ret_hdl:69364
01-23 00:14:04.373 I/libPowerHal(  859): system_server: cpu_ctrl set cpu freq: 1375000 -1 1176000 -1
01-23 00:14:04.373 I/mtkpower_client( 1748): ret_hdl:69365
