02-03 20:39:03.412 D/UntrustedWifiNetworkFactory( 1741): got request NetworkRequest [ REQUEST id=18799, [ Capabilities: INTERNET&NOT_RESTRICTED&TRUSTED&NOT_VCN_MANAGED Uid: 1000 RequestorUid: 1000 RequestorPkg: com.oplus.onetrace UnderlyingNetworks: Null] ]
02-03 20:39:03.412 D/BroadcastCompat(16850): 1)Register receiver:com.oplus.dataprovider.server.F$b@e6194ed
02-03 20:39:03.413 D/OemPaidWifiNetworkFactory( 1741): got request NetworkRequest [ REQUEST id=18799, [ Capabilities: INTERNET&NOT_RESTRICTED&TRUSTED&NOT_VCN_MANAGED Uid: 1000 RequestorUid: 1000 RequestorPkg: com.oplus.onetrace UnderlyingNetworks: Null] ]
02-03 20:39:03.413 D/MultiInternetWifiNetworkFactory( 1741): got request NetworkRequest [ REQUEST id=18799, [ Capabilities: INTERNET&NOT_RESTRICTED&TRUSTED&NOT_VCN_MANAGED Uid: 1000 RequestorUid: 1000 RequestorPkg: com.oplus.onetrace UnderlyingNetworks: Null] ]
02-03 20:39:03.415 D/ConnectivityService( 1741): NetReassign [18799 : null  131] [c 1] [a 5] [i 7]
02-03 20:39:03.415 W/FileNodeStatsProvider(16850): Failed to access file node path=/proc/wireless/enable_tx
02-03 20:39:03.416 W/FileNodeStatsProvider(16850): Failed to access file node path=/sys/module/cpufreq_bouncing/parameters/trace
02-03 20:39:03.416 W/FileNodeStatsProvider(16850): Failed to access file node path=/sys/devices/system/cpu/cpufreq/policy7/scaling_max_freq
02-03 20:39:03.416 W/FileNodeStatsProvider(16850): Failed to access file node path=/sys/devices/system/cpu/cpufreq/policy7/scaling_min_freq
02-03 20:39:03.416 W/FileNodeStatsProvider(16850): Failed to access file node path=/sys/devices/system/cpu/cpufreq/policy4/scaling_max_freq
02-03 20:39:03.416 W/FileNodeStatsProvider(16850): Failed to access file node path=/sys/devices/system/cpu/cpufreq/policy4/scaling_min_freq
02-03 20:39:03.419 W/FileNodeStatsProvider(16850): Failed to access file node path=/sys/class/backlight/panel0-backlight/brightness
02-03 20:39:03.419 W/FileNodeStatsProvider(16850): Failed to access file node path=/sys/class/leds/lcd-backlight/brightness
02-03 20:39:03.420 W/FileNodeStatsProvider(16850): Failed to access file node path=/sys/class/leds/fan/speed
02-03 20:39:03.420 W/FileNodeStatsProvider(16850): Failed to access file node path=/sys/class/leds/fan/state
02-03 20:39:03.420 W/FileNodeStatsProvider(16850): Failed to access file node path=/sys/class/leds/fan/rpm
02-03 20:39:03.421 W/FileNodeStatsProvider(16850): Failed to access file node path=/sys/class/leds/fan/level
02-03 20:39:03.430 D/BroadcastCompat(16850): 2)Register receiver:com.oplus.dataprovider.server.A$a@1760859
02-03 20:39:03.434 D/vendor.oplus.hardware.charger@1.0-service(  893): getChargerControl:
02-03 20:39:03.434 D/vendor.oplus.hardware.charger@1.0-service(  893): getChargerControl:
02-03 20:39:03.439 D/BroadcastCompat(16850): 1)Register receiver:com.oplus.dataprovider.server.c2$a@81d67b8
02-03 20:39:03.446 D/AudioManagerExtImpl(16850): getStreamVolume packageName=com.oplus.onetrace, index=7, streamType=0
02-03 20:39:03.446 D/AudioManagerExtImpl(16850): getStreamVolume packageName=com.oplus.onetrace, index=0, streamType=1
02-03 20:39:03.447 D/AudioManagerExtImpl(16850): getStreamVolume packageName=com.oplus.onetrace, index=0, streamType=2
02-03 20:39:03.447 D/AudioManagerExtImpl(16850): getStreamVolume packageName=com.oplus.onetrace, index=8, streamType=3
02-03 20:39:03.448 D/AudioManagerExtImpl(16850): getStreamVolume packageName=com.oplus.onetrace, index=12, streamType=4
02-03 20:39:03.448 D/AudioManagerExtImpl(16850): getStreamVolume packageName=com.oplus.onetrace, index=0, streamType=5
02-03 20:39:03.449 D/AudioManagerExtImpl(16850): getStreamVolume packageName=com.oplus.onetrace, index=0, streamType=8
02-03 20:39:03.450 D/AudioManagerExtImpl(16850): getStreamVolume packageName=com.oplus.onetrace, index=8, streamType=10
02-03 20:39:03.450 D/BroadcastCompat(16850): 1)Register receiver:com.oplus.dataprovider.server.v$a@d19cf7
02-03 20:39:03.456 D/CompatibilityChangeReporter( 1741): Compat change id reported: 157233955; UID 1000; state: ENABLED
02-03 20:39:03.479 D/BroadcastCompat(16850): 1)Register receiver:com.oplus.dataprovider.server.h1$a@f91193
02-03 20:39:03.484 I/CpuTaskStatsManager(16850): set ctp1.0 enable state:true
02-03 20:39:03.499 I/OplusAppSwitchManagerService( 1741): appswitch registerAppSwitchObserver pName = com@@oplus@@onetrace observer = com.oplus.app.IOplusAppSwitchObserver$Stub$Proxy@5122d5e config = OplusAppSwitchConfig = {  mConfigs = {} observerFingerPrint = 143459389}
02-03 20:39:03.499 I/OplusAppSwitchStateDispatcher( 1741): registerAppSwitchObserver addDynamicListener OK, info = OplusAppSwitchRuleInfo = {  observer = com.oplus.app.IOplusAppSwitchObserver$Stub$Proxy@5122d5e observerFingerPrint = 143459389} rule size =0
02-03 20:39:03.504 D/BroadcastCompat(16850): 2)Register receiver:com.oplus.dataprovider.server.l$a@39df300
02-03 20:39:03.507 W/ContextImpl(16850): Calling a method in the system process without a qualified user: android.app.ContextImpl.bindService:1982 android.content.ContextWrapper.bindService:863 com.oplus.dataprovider.producer.AppJankDataMonitor.bindSender:23 com.oplus.dataprovider.producer.AppJankDataMonitor.c:1 com.oplus.dataprovider.producer.f.run:3 
02-03 20:39:03.515 W/SystemPropertyStatsProvider(16850): System property with key=vendor.oplus.media.vpp.osie_sr.on is not found!
02-03 20:39:03.519 W/ContextImpl(16850): Calling a method in the system process without a qualified user: android.app.ContextImpl.bindService:1982 android.content.ContextWrapper.bindService:863 com.oplus.dataprovider.server.ThermalControlStatsProvider.h:37 com.oplus.dataprovider.server.ThermalControlStatsProvider.m:35 com.oplus.dataprovider.app.Z.n:3 
02-03 20:39:03.524 D/BroadcastCompat(16850): 1)Register receiver:com.oplus.dataprovider.server.o1$b@17847c4
02-03 20:39:03.527 W/OplusExSystemServiceHelper(10477): checkOplusExSystemService intent getComponent is null
02-03 20:39:03.531 W/ActivityManager( 1741): Unable to start service Intent { act=com.oplus.battery.ThermalTraceService pkg=com.oplus.battery } U=0: not found
02-03 20:39:03.531 D/BroadcastCompat(16850): 2)Register receiver:com.oplus.dataprovider.server.ThermalControlStatsProvider$a@bac76ad
02-03 20:39:03.535 D/ClientMessengerHelper(10477): Succeed register client: com.oplus.onetrace
02-03 20:39:03.545 W/HidlServiceHelper(16850): Failed to read task schedule version with kernel returns
02-03 20:39:03.901 D/OplusHecate(  962): pixels[1077,117]=0xfffafafa
02-03 20:39:04.566 I/thermal_repeater( 1180): [recvMdThermalInfo] ret=26, strLen=127,  3, 42, -50, 197, 32767, 1
02-03 20:39:04.601 W/ContextImpl(10477): Calling a method in the system process without a qualified user: android.app.ContextImpl.bindService:1982 android.content.ContextWrapper.bindService:863 com.oplus.onetrace.connection.a.c:19 com.oplus.onetrace.connection.b.c:23 y.a.c:7 
02-03 20:39:05.340 I/dkvd    (22470): Scheduling one-off OpaEnabledBroadcastWorker now
02-03 20:39:05.351 I/egnu    (22470): Validating WorkManager process
02-03 20:39:05.354 I/egnu    (22470): (REDACTED) Processes: %s, %s, %s, %s
02-03 20:39:05.357 D/WM-PackageManagerHelper(22470): Skipping component enablement for androidx.work.impl.background.systemjob.SystemJobService
02-03 20:39:05.358 D/WM-Schedulers(22470): Created SystemJobScheduler and enabled SystemJobService
02-03 20:39:05.360 D/OplusAtlasService( 3289): getAttributeByAppName module:oplus-getStreamMaxVolume packageName:com.cricbuzz.android
02-03 20:39:05.361 D/WM-ForceStopRunnable(22470): Is default app process = true
02-03 20:39:05.361 D/WM-ForceStopRunnable(22470): Performing cleanup operations.
02-03 20:39:05.362 D/AudioManagerExtImpl(31255): getStreamVolume packageName=com.cricbuzz.android, index=8, streamType=3
02-03 20:39:05.389 D/WM-SystemJobScheduler(22470): Reconciling jobs
02-03 20:39:05.445 D/CompatibilityChangeReporter(22470): Compat change id reported: 160794467; UID 10136; state: ENABLED
02-03 20:39:05.448 D/WM-ForceStopRunnable(22470): Found unfinished work, scheduling it.
02-03 20:39:05.476 W/System  (22333): A resource failed to call ContentProviderClient.close. 
02-03 20:39:05.488 D/CompatibilityChangeReporter(22470): Compat change id reported: 194532703; UID 10136; state: ENABLED
02-03 20:39:05.488 D/WM-SystemJobScheduler(22470): Scheduling work ID 549774e0-985b-453d-960a-288fdd4fa190Job ID 126205
02-03 20:39:05.489 D/CompatibilityChangeReporter( 1741): Compat change id reported: 194532703; UID 10136; state: ENABLED
02-03 20:39:05.497 D/WM-SystemJobScheduler(22470): Scheduling work ID 7a191dcd-1a12-45ce-9c4a-f4f1da864cefJob ID 126213
02-03 20:39:05.502 D/WM-SystemJobScheduler(22470): Scheduling work ID 1937edc8-be9b-4a27-8a54-f9ce3064b703Job ID 127023
02-03 20:39:05.510 D/WM-SystemJobScheduler(22470): Scheduling work ID 9a9d6fb4-8cb5-4bb3-bcba-c6210e12a6c8Job ID 126844
02-03 20:39:05.517 D/WM-SystemJobScheduler(22470): Scheduling work ID b33e1526-3f94-42a2-8a96-b1582c61e498Job ID 126845
02-03 20:39:05.524 D/WM-SystemJobScheduler(22470): Scheduling work ID fe9b26d2-3b9b-47ca-9b5c-ea3f07fb3cabJob ID 127020
02-03 20:39:05.531 D/WM-SystemJobScheduler(22470): Scheduling work ID d167dd46-a0fe-4979-bbad-3572ae5f0885Job ID 126900
02-03 20:39:05.538 D/WM-SystemJobScheduler(22470): Scheduling work ID 72e03ea6-3797-4dd6-a140-bd225ea2fd71Job ID 127022
02-03 20:39:05.544 D/WM-SystemJobScheduler(22470): Scheduling work ID 287efac9-d6da-4ae5-adf9-52142ea6ae98Job ID 126943
02-03 20:39:05.550 D/WM-SystemJobScheduler(22470): Scheduling work ID a3edcb05-79b2-487a-b268-0c5e64d701a1Job ID 126944
02-03 20:39:05.555 D/WM-SystemJobScheduler(22470): Scheduling work ID 906bdff2-fa11-44fd-93bd-f7c09625b22dJob ID 126817
02-03 20:39:05.561 D/WM-SystemJobScheduler(22470): Scheduling work ID 7be5b863-eb6b-41ef-82ba-b55911b727a8Job ID 126818
02-03 20:39:05.566 D/WM-SystemJobScheduler(22470): Scheduling work ID 9a34c3f1-3d75-468b-aea0-b36a1b1c0c12Job ID 126819
02-03 20:39:05.572 D/WM-SystemJobScheduler(22470): Scheduling work ID c2b6bd77-c847-48bb-84f2-cd075f01f8f2Job ID 126945
02-03 20:39:05.578 D/WM-SystemJobScheduler(22470): Scheduling work ID eeaa627a-77fe-4010-85c1-8b46807a6ea6Job ID 126946
02-03 20:39:05.583 D/WM-SystemJobScheduler(22470): Scheduling work ID 88a8dde0-74b3-49a7-b99f-8ab7ea8e0c05Job ID 127019
02-03 20:39:05.590 D/WM-SystemJobScheduler(22470): Scheduling work ID 4133b4f7-f315-41f2-8300-dfeaaebaa9deJob ID 127029
02-03 20:39:05.596 D/WM-SystemJobScheduler(22470): Scheduling work ID 8b9d928a-0b98-4519-9701-a327263f962eJob ID 126989
02-03 20:39:05.603 D/WM-SystemJobScheduler(22470): Scheduling work ID a15cbdc6-a06f-4c3a-ba36-63b436f820b8Job ID 127021
02-03 20:39:05.612 D/WM-SystemJobScheduler(22470): Scheduling work ID 37357e32-6feb-433c-a649-569ae1d28dfeJob ID 126997
02-03 20:39:05.619 D/WM-SystemJobScheduler(22470): Scheduling work ID 7b25412e-d14f-4aa4-b8b6-5dd58100cc26Job ID 127004
02-03 20:39:05.630 D/WM-SystemJobScheduler(22470): Scheduling work ID e1e06d48-51e0-4153-9b67-ccd813ffa379Job ID 127024
02-03 20:39:05.637 D/WM-SystemJobScheduler(22470): Scheduling work ID 864ac7d5-5ef8-4e45-bd2e-25560c8fd307Job ID 127030
02-03 20:39:05.644 D/WM-SystemJobScheduler(22470): Scheduling work ID daef8acc-b330-4de5-97b0-cd8247ac2747Job ID 127031
02-03 20:39:05.653 D/WM-SystemJobScheduler(22470): Scheduling work ID 80505600-97c0-4c49-b025-f0625b5c88d4Job ID 127032
02-03 20:39:05.659 D/WM-SystemJobScheduler(22470): Scheduling work ID 30a9f279-7046-4599-a2f4-04d2a90ffc99Job ID 127038
02-03 20:39:05.663 D/WM-GreedyScheduler(22470): Ignoring {WorkSpec: 549774e0-985b-453d-960a-288fdd4fa190}. Requires device idle.
02-03 20:39:05.664 D/WM-GreedyScheduler(22470): Ignoring {WorkSpec: 7a191dcd-1a12-45ce-9c4a-f4f1da864cef}. Requires device idle.
02-03 20:39:05.665 D/WM-GreedyScheduler(22470): Starting tracking for 7be5b863-eb6b-41ef-82ba-b55911b727a8,c2b6bd77-c847-48bb-84f2-cd075f01f8f2,906bdff2-fa11-44fd-93bd-f7c09625b22d,eeaa627a-77fe-4010-85c1-8b46807a6ea6,9a34c3f1-3d75-468b-aea0-b36a1b1c0c12,a3edcb05-79b2-487a-b268-0c5e64d701a1
02-03 20:39:05.693 D/WM-SystemJobScheduler(22470): Scheduling work ID dd40bee8-9426-43bc-8045-43d2c3f9e3d3Job ID 127040
02-03 20:39:05.706 D/FusionLightExtImpl( 1741): processRawLux stop to shot
02-03 20:39:05.706 D/FusionLightExtImpl( 1741): processRawLux ShotOnce, after outEvent->light = 18.297266, comp_lux = 394.746277, RGB(255.000000, 228.000000, 182.000000), C = 12.000000, threshold = 1000, mBrightLevel = 913
02-03 20:39:05.715 D/WM-GreedyScheduler(22470): Ignoring {WorkSpec: 549774e0-985b-453d-960a-288fdd4fa190}. Requires device idle.
02-03 20:39:05.715 D/WM-GreedyScheduler(22470): Ignoring {WorkSpec: 7a191dcd-1a12-45ce-9c4a-f4f1da864cef}. Requires device idle.
02-03 20:39:05.715 D/WM-SystemJobService(22470): onStartJob for WorkGenerationalId(workSpecId=dd40bee8-9426-43bc-8045-43d2c3f9e3d3, generation=0)
02-03 20:39:05.716 D/WM-GreedyScheduler(22470): Starting work for dd40bee8-9426-43bc-8045-43d2c3f9e3d3
02-03 20:39:05.717 D/WM-GreedyScheduler(22470): Starting tracking for 7be5b863-eb6b-41ef-82ba-b55911b727a8,c2b6bd77-c847-48bb-84f2-cd075f01f8f2,906bdff2-fa11-44fd-93bd-f7c09625b22d,eeaa627a-77fe-4010-85c1-8b46807a6ea6,9a34c3f1-3d75-468b-aea0-b36a1b1c0c12,a3edcb05-79b2-487a-b268-0c5e64d701a1
02-03 20:39:05.731 D/WM-Processor(22470): ndl: processing WorkGenerationalId(workSpecId=dd40bee8-9426-43bc-8045-43d2c3f9e3d3, generation=0)
02-03 20:39:05.734 D/WM-Processor(22470): Work WorkGenerationalId(workSpecId=dd40bee8-9426-43bc-8045-43d2c3f9e3d3, generation=0) is already enqueued for processing
02-03 20:39:05.751 I/exgm    (22470): (REDACTED) Scoped context discovery schemas: %s.
02-03 20:39:05.758 D/WM-WorkerWrapper(22470): Starting work for com.google.apps.tiktok.contrib.work.TikTokListenableWorker
02-03 20:39:05.759 D/WM-ConstraintTracker(22470): nhe: initial state = true
02-03 20:39:05.759 D/WM-BrdcstRcvrCnstrntTrc(22470): nhe: registering receiver
02-03 20:39:05.766 D/WM-ConstraintTracker(22470): nhp: initial state = NetworkState(isConnected=true, isValidated=true, isMetered=false, isNotRoaming=true, isBlocked=false)
02-03 20:39:05.767 D/WM-NetworkStateTracker(22470): Registering network callback
02-03 20:39:05.772 I/dkvf    (22470): Broadcasting OPA enabled
02-03 20:39:05.773 D/ConnectivityService( 1741): requestNetwork for uid/pid:10136/22470 activeRequest: null callbackRequest: 18800 [NetworkRequest [ REQUEST id=18801, [ Capabilities: INTERNET&NOT_RESTRICTED&TRUSTED&NOT_VCN_MANAGED Uid: 10136 RequestorUid: 10136 RequestorPkg: com.google.android.googlequicksearchbox UnderlyingNetworks: Null] ]] callback flags: 0 order: 2147483647 isUidTracked: false declaredMethods: AVAIL|LOST|NC|BLK
02-03 20:39:05.775 I/dkvf    (22470): Broadcasting OPA user enabled
02-03 20:39:05.778 D/WifiNetworkFactory( 1741): got request NetworkRequest [ REQUEST id=18801, [ Capabilities: INTERNET&NOT_RESTRICTED&TRUSTED&NOT_VCN_MANAGED Uid: 10136 RequestorUid: 10136 RequestorPkg: com.google.android.googlequicksearchbox UnderlyingNetworks: Null] ]
02-03 20:39:05.778 D/UntrustedWifiNetworkFactory( 1741): got request NetworkRequest [ REQUEST id=18801, [ Capabilities: INTERNET&NOT_RESTRICTED&TRUSTED&NOT_VCN_MANAGED Uid: 10136 RequestorUid: 10136 RequestorPkg: com.google.android.googlequicksearchbox UnderlyingNetworks: Null] ]
02-03 20:39:05.779 D/OemPaidWifiNetworkFactory( 1741): got request NetworkRequest [ REQUEST id=18801, [ Capabilities: INTERNET&NOT_RESTRICTED&TRUSTED&NOT_VCN_MANAGED Uid: 10136 RequestorUid: 10136 RequestorPkg: com.google.android.googlequicksearchbox UnderlyingNetworks: Null] ]
02-03 20:39:05.779 D/MultiInternetWifiNetworkFactory( 1741): got request NetworkRequest [ REQUEST id=18801, [ Capabilities: INTERNET&NOT_RESTRICTED&TRUSTED&NOT_VCN_MANAGED Uid: 10136 RequestorUid: 10136 RequestorPkg: com.google.android.googlequicksearchbox UnderlyingNetworks: Null] ]
02-03 20:39:05.780 D/WM-NetworkStateTracker(22470): Network capabilities changed: [ Transports: WIFI Capabilities: NOT_METERED&INTERNET&NOT_RESTRICTED&TRUSTED&NOT_VPN&VALIDATED&NOT_ROAMING&FOREGROUND&NOT_CONGESTED&NOT_SUSPENDED&NOT_VCN_MANAGED LinkUpBandwidth>=12000Kbps LinkDnBandwidth>=60000Kbps TransportInfo: <SSID: <unknown ssid>, BSSID: 02:00:00:00:00:00, MAC: 02:00:00:00:00:00, IP: /192.168.31.196, Security type: 2, Supplicant state: COMPLETED, Wi-Fi standard: 5, RSSI: -63, Link speed: 234Mbps, Tx Link speed: 234Mbps, Max Supported Tx Link speed: 433Mbps, Rx Link speed: 292Mbps, Max Supported Rx Link speed: 433Mbps, Frequency: 5785MHz, Net ID: -1, Metered hint: false, score: 51, isUsable: true, CarrierMerged: false, SubscriptionId: -1, IsPrimary: -1, Trusted: true, Restricted: false, Ephemeral: false, OEM paid: false, OEM private: false, OSU AP: false, FQDN: <none>, Provider friendly name: <none>, Requesting package name: <none><none>MLO Information: , AP MLD Address: <none>, AP MLO Link Id: <none>, AP MLO Affiliated links: <none>> SignalStrength: -63 UnderlyingNetworks: Null]
02-03 20:39:05.781 D/WM-NetworkStateTracker(22470): Network blocked status changed: false
02-03 20:39:05.781 D/ConnectivityService( 1741): NetReassign [18801 : null  131] [c 1] [a 1] [i 5]
02-03 20:39:05.790 D/WM-PackageManagerHelper(22470): Skipping component enablement for androidx.work.impl.background.systemalarm.RescheduleReceiver
02-03 20:39:05.791 D/WM-GreedyScheduler(22470): Constraints met: Scheduling work ID WorkGenerationalId(workSpecId=c2b6bd77-c847-48bb-84f2-cd075f01f8f2, generation=9)
02-03 20:39:05.792 D/WM-GreedyScheduler(22470): Constraints met: Scheduling work ID WorkGenerationalId(workSpecId=9a34c3f1-3d75-468b-aea0-b36a1b1c0c12, generation=8)
02-03 20:39:05.793 D/WM-GreedyScheduler(22470): Constraints met: Scheduling work ID WorkGenerationalId(workSpecId=906bdff2-fa11-44fd-93bd-f7c09625b22d, generation=9)
02-03 20:39:05.793 D/WM-GreedyScheduler(22470): Constraints met: Scheduling work ID WorkGenerationalId(workSpecId=7be5b863-eb6b-41ef-82ba-b55911b727a8, generation=8)
02-03 20:39:05.794 D/WM-GreedyScheduler(22470): Constraints met: Scheduling work ID WorkGenerationalId(workSpecId=a3edcb05-79b2-487a-b268-0c5e64d701a1, generation=8)
02-03 20:39:05.795 D/WM-GreedyScheduler(22470): Constraints met: Scheduling work ID WorkGenerationalId(workSpecId=eeaa627a-77fe-4010-85c1-8b46807a6ea6, generation=9)
02-03 20:39:05.803 D/WM-Processor(22470): ndl: processing WorkGenerationalId(workSpecId=c2b6bd77-c847-48bb-84f2-cd075f01f8f2, generation=9)
02-03 20:39:05.808 D/WM-Processor(22470): ndl: processing WorkGenerationalId(workSpecId=9a34c3f1-3d75-468b-aea0-b36a1b1c0c12, generation=8)
02-03 20:39:05.812 D/WM-Processor(22470): ndl: processing WorkGenerationalId(workSpecId=906bdff2-fa11-44fd-93bd-f7c09625b22d, generation=9)
02-03 20:39:05.817 D/WM-Processor(22470): ndl: processing WorkGenerationalId(workSpecId=7be5b863-eb6b-41ef-82ba-b55911b727a8, generation=8)
02-03 20:39:05.821 D/WM-Processor(22470): ndl: processing WorkGenerationalId(workSpecId=a3edcb05-79b2-487a-b268-0c5e64d701a1, generation=8)
02-03 20:39:05.825 D/WM-Processor(22470): ndl: processing WorkGenerationalId(workSpecId=eeaa627a-77fe-4010-85c1-8b46807a6ea6, generation=9)
02-03 20:39:05.833 D/WM-WorkerWrapper(22470): Starting work for com.google.apps.tiktok.contrib.work.TikTokListenableWorker
02-03 20:39:05.855 I/WM-WorkerWrapper(22470): Worker result SUCCESS for Work [ id=dd40bee8-9426-43bc-8045-43d2c3f9e3d3, tags={ com.google.apps.tiktok.contrib.work.TikTokListenableWorker,TikTokWorker#com.google.android.libraries.search.assistant.launcher.OpaEnabledBroadcastWorker } ]
02-03 20:39:05.904 D/ScreenStatusProducer(10477): Current queue status: isIdle = true, isPolling = true
02-03 20:39:05.954 W/OplusExSystemServiceHelper(13939): checkOplusExSystemService intent getComponent is null
02-03 20:39:05.956 D/BoundBrokerSvc(13939): onBind: Intent { act=com.google.android.gms.audit.service.START pkg=com.google.android.gms }
02-03 20:39:05.956 D/BoundBrokerSvc(13939): Loading bound service for intent: Intent { act=com.google.android.gms.audit.service.START pkg=com.google.android.gms }
02-03 20:39:06.056 W/PhBaseOp( 4768): Phenotype API error. Event: # hwee@b670842, EventCode: COMMIT_CONFIG [CONTEXT service_id=51 ]
02-03 20:39:06.056 W/PhBaseOp( 4768): epcy: 29537: Stale snapshot for com.google.android.apps.search.readaloud#com.google.android.googlequicksearchbox(new configuration available)
02-03 20:39:06.056 W/PhBaseOp( 4768): 	at epew.d(:com.google.android.gms@260234029@26.02.34 (190400-860235415):466)
02-03 20:39:06.056 W/PhBaseOp( 4768): 	at epew.b(:com.google.android.gms@260234029@26.02.34 (190400-860235415):44)
02-03 20:39:06.056 W/PhBaseOp( 4768): 	at epev.i(:com.google.android.gms@260234029@26.02.34 (190400-860235415):3)
02-03 20:39:06.056 W/PhBaseOp( 4768): 	at eper.h(:com.google.android.gms@260234029@26.02.34 (190400-860235415):31)
02-03 20:39:06.056 W/PhBaseOp( 4768): 	at eper.f(:com.google.android.gms@260234029@26.02.34 (190400-860235415):13)
02-03 20:39:06.056 W/PhBaseOp( 4768): 	at cphk.fB(:com.google.android.gms@260234029@26.02.34 (190400-860235415):1)
02-03 20:39:06.056 W/PhBaseOp( 4768): 	at cpho.run(:com.google.android.gms@260234029@26.02.34 (190400-860235415):118)
02-03 20:39:06.056 W/PhBaseOp( 4768): 	at gmlr.run(:com.google.android.gms@260234029@26.02.34 (190400-860235415):19)
02-03 20:39:06.056 W/PhBaseOp( 4768): 	at bekn.c(:com.google.android.gms@260234029@26.02.34 (190400-860235415):50)
02-03 20:39:06.056 W/PhBaseOp( 4768): 	at bekn.run(:com.google.android.gms@260234029@26.02.34 (190400-860235415):73)
02-03 20:39:06.056 W/PhBaseOp( 4768): 	at java.util.concurrent.ThreadPoolExecutor.runWorker(ThreadPoolExecutor.java:1154)
02-03 20:39:06.056 W/PhBaseOp( 4768): 	at java.util.concurrent.ThreadPoolExecutor$Worker.run(ThreadPoolExecutor.java:652)
02-03 20:39:06.056 W/PhBaseOp( 4768): 	at beqe.run(:com.google.android.gms@260234029@26.02.34 (190400-860235415):8)
02-03 20:39:06.056 W/PhBaseOp( 4768): 	at java.lang.Thread.run(Thread.java:1563)
02-03 20:39:06.057 W/AsyncOperation( 4768): operation=CommitToConfigurationOperationCall, opStatusCode=29537 [CONTEXT service_id=51 ]
02-03 20:39:06.057 W/AsyncOperation( 4768): OperationException[Status{statusCode=Stale snapshot for com.google.android.apps.search.readaloud#com.google.android.googlequicksearchbox(new configuration available), resolution=null}]
02-03 20:39:06.057 W/AsyncOperation( 4768): 	at eper.h(:com.google.android.gms@260234029@26.02.34 (190400-860235415):61)
02-03 20:39:06.057 W/AsyncOperation( 4768): 	at eper.f(:com.google.android.gms@260234029@26.02.34 (190400-860235415):13)
02-03 20:39:06.057 W/AsyncOperation( 4768): 	at cphk.fB(:com.google.android.gms@260234029@26.02.34 (190400-860235415):1)
02-03 20:39:06.057 W/AsyncOperation( 4768): 	at cpho.run(:com.google.android.gms@260234029@26.02.34 (190400-860235415):118)
02-03 20:39:06.057 W/AsyncOperation( 4768): 	at gmlr.run(:com.google.android.gms@260234029@26.02.34 (190400-860235415):19)
02-03 20:39:06.057 W/AsyncOperation( 4768): 	at bekn.c(:com.google.android.gms@260234029@26.02.34 (190400-860235415):50)
02-03 20:39:06.057 W/AsyncOperation( 4768): 	at bekn.run(:com.google.android.gms@260234029@26.02.34 (190400-860235415):73)
02-03 20:39:06.057 W/AsyncOperation( 4768): 	at java.util.concurrent.ThreadPoolExecutor.runWorker(ThreadPoolExecutor.java:1154)
02-03 20:39:06.057 W/AsyncOperation( 4768): 	at java.util.concurrent.ThreadPoolExecutor$Worker.run(ThreadPoolExecutor.java:652)
02-03 20:39:06.057 W/AsyncOperation( 4768): 	at beqe.run(:com.google.android.gms@260234029@26.02.34 (190400-860235415):8)
02-03 20:39:06.057 W/AsyncOperation( 4768): 	at java.lang.Thread.run(Thread.java:1563)
02-03 20:39:06.070 D/SensorServiceExtImpl( 1741): isAllowOplusAMD opPackageName = com.google.android.googlequicksearchbox
02-03 20:39:06.086 W/bgnt    (22470): No value provided for the places model index flag.
02-03 20:39:06.087 D/LocationManagerService( 1741): incoming location from: network
02-03 20:39:06.087 W/bgnt    (22470): No value provided for the places model index flag.
02-03 20:39:06.089 D/LocationManagerService( 1741): incoming location from: network
02-03 20:39:06.090 I/FusedLocation( 4768): (REDACTED) location delivery to %s blocked - too close
02-03 20:39:06.090 D/LocationManagerService( 1741): incoming location from: fused
02-03 20:39:06.090 I/FusedLocation( 4768): (REDACTED) location delivery to %s blocked - too close
02-03 20:39:06.095 E/LocationManagerService( 1741): non-monotonic location received from passive provider
02-03 20:39:06.095 D/LocationManagerService( 1741): incoming location from: fused
02-03 20:39:06.101 D/CompatibilityChangeReporter( 1741): Compat change id reported: 171306433; UID 10128; state: ENABLED
02-03 20:39:06.102 D/CompatibilityChangeReporter( 1741): Compat change id reported: 218533173; UID 10128; state: ENABLED
02-03 20:39:06.111 D/mtk_lbs_utility( 1062): start_timer_check_ret: start_timer_check_ret ret=0
02-03 20:39:06.112 D/MNLD    ( 1062): mnld_nfw_mnl2agps_location_sync: ret = 51
02-03 20:39:06.112 D/MNLD    ( 1062): mnld_nfw_mnl2agps_location_sync: mnl2agps_location_sync success
02-03 20:39:06.112 D/MNLD    ( 1062): mnld_main_thread: mnld_main_thread stop_timer return: 0
02-03 20:39:06.126 D/MddPeriodicWorker(22470): PeriodicWorker: startWork
02-03 20:39:06.128 D/WM-WorkerWrapper(22470): Starting work for androidx.work.multiprocess.RemoteListenableDelegatingWorker
02-03 20:39:06.133 D/WM-ListenableWorkerImpl(22470): Binding to com.google.android.googlequicksearchbox, com.google.android.libraries.search.integrations.tiktok.RemoteWorkerService_googleapp
02-03 20:39:06.139 I/WM-RemoteWorkerService( 5675): Binding to RemoteWorkerService
02-03 20:39:06.143 D/WM-WorkerWrapper(22470): Starting work for com.google.apps.tiktok.contrib.work.TikTokListenableWorker
02-03 20:39:06.145 D/MddPeriodicWorker(22470): PeriodicWorker: startWork
02-03 20:39:06.145 D/BoundBrokerSvc( 4768): onRebind: Intent { act=com.google.android.gms.auth.aang.events.services.START dat=chimera-action:/... cmp=com.google.android.gms/.chimera.PersistentApiService }
02-03 20:39:06.146 D/WM-Processor(22470): ndl dd40bee8-9426-43bc-8045-43d2c3f9e3d3 executed; reschedule = false
02-03 20:39:06.147 D/WM-SystemJobService(22470): dd40bee8-9426-43bc-8045-43d2c3f9e3d3 executed on JobScheduler
02-03 20:39:06.147 D/WM-WorkerWrapper(22470): Starting work for androidx.work.multiprocess.RemoteListenableDelegatingWorker
02-03 20:39:06.147 D/WM-ListenableWorkerImpl(22470): Binding to com.google.android.googlequicksearchbox, com.google.android.libraries.search.integrations.tiktok.RemoteWorkerService_googleapp
02-03 20:39:06.153 D/WM-WorkerWrapper(22470): Starting work for androidx.work.multiprocess.RemoteListenableDelegatingWorker
02-03 20:39:06.153 D/WM-ListenableWorkerImpl(22470): Binding to com.google.android.googlequicksearchbox, com.google.android.libraries.search.integrations.tiktok.RemoteWorkerService_googleapp
02-03 20:39:06.154 D/WM-GreedyScheduler(22470): Cancelling work ID dd40bee8-9426-43bc-8045-43d2c3f9e3d3
02-03 20:39:06.156 D/BoundBrokerSvc(13939): onRebind: Intent { act=com.google.android.gms.onboardingconsent.api.ConsentManagerApiService.START dat=chimera-action:/... cmp=com.google.android.gms/.chimera.GmsApiService }
02-03 20:39:06.161 D/WM-WorkerWrapper(22470): Starting work for com.google.apps.tiktok.contrib.work.TikTokListenableWorker
02-03 20:39:06.162 D/MddPeriodicWorker(22470): PeriodicWorker: startWork
02-03 20:39:06.164 D/WM-ListenableWorkerImpl(22470): Service connected
02-03 20:39:06.167 D/WM-ListenableWorkerImpl( 5675): Executing work request (9a34c3f1-3d75-468b-aea0-b36a1b1c0c12, com.google.apps.tiktok.contrib.work.TikTokListenableWorker)
02-03 20:39:06.169 D/BoundBrokerSvc( 4768): onRebind: Intent { act=com.google.android.gms.common.telemetry.service.START dat=chimera-action:/... cmp=com.google.android.gms/.chimera.PersistentApiService }
02-03 20:39:06.171 W/ConsentManagerApiServic(13939): Consent Manager API is not enabled. [CONTEXT service_id=460 ]
02-03 20:39:06.172 W/JobScheduler( 1741): Job didn't exist in JobStore: #com.google.android.googlequicksearchbox/127040
02-03 20:39:06.172 D/WM-SystemJobService(22470): onStopJob for WorkGenerationalId(workSpecId=dd40bee8-9426-43bc-8045-43d2c3f9e3d3, generation=0)
02-03 20:39:06.173 D/WM-ListenableWorkerImpl(22470): Service connected
02-03 20:39:06.173 D/WM-ListenableWorkerImpl(22470): Service connected
02-03 20:39:06.175 D/MddPeriodicWorker( 5675): PeriodicWorker: startWork
02-03 20:39:06.177 D/WM-GreedyScheduler(22470): Ignoring {WorkSpec: 549774e0-985b-453d-960a-288fdd4fa190}. Requires device idle.
02-03 20:39:06.177 D/WM-GreedyScheduler(22470): Ignoring {WorkSpec: 7a191dcd-1a12-45ce-9c4a-f4f1da864cef}. Requires device idle.
02-03 20:39:06.177 E/PhFileGroupPop( 5675): Failed to add file group 
02-03 20:39:06.177 E/PhFileGroupPop( 5675): Failed to add file group 
02-03 20:39:06.177 D/WM-ListenableWorkerImpl( 5675): Executing work request (7be5b863-eb6b-41ef-82ba-b55911b727a8, com.google.apps.tiktok.contrib.work.TikTokListenableWorker)
02-03 20:39:06.178 E/PhFileGroupPop( 5675): Failed to add file group 
02-03 20:39:06.178 E/PhFileGroupPop( 5675): Failed to add file group 
02-03 20:39:06.178 E/PhFileGroupPop( 5675): Failed to add file group 
02-03 20:39:06.179 D/WM-ListenableWorkerImpl( 5675): Executing work request (a3edcb05-79b2-487a-b268-0c5e64d701a1, com.google.apps.tiktok.contrib.work.TikTokListenableWorker)
02-03 20:39:06.179 E/PhFileGroupPop( 5675): Failed to add file group 
02-03 20:39:06.179 E/PhFileGroupPop( 5675): Failed to add file group 
02-03 20:39:06.179 E/PhFileGroupPop( 5675): Failed to add file group 
02-03 20:39:06.179 I/dsax    ( 5675): Scheduling next refresh
02-03 20:39:06.181 D/MddPeriodicWorker( 5675): PeriodicWorker: startWork
02-03 20:39:06.181 E/PhFileGroupPop( 5675): Failed to add file group 
02-03 20:39:06.181 E/PhFileGroupPop( 5675): Failed to add file group 
02-03 20:39:06.181 E/PhFileGroupPop( 5675): Failed to add file group 
02-03 20:39:06.181 E/PhFileGroupPop( 5675): Failed to add file group 
02-03 20:39:06.181 E/PhFileGroupPop( 5675): Failed to add file group 
02-03 20:39:06.182 E/PhFileGroupPop( 5675): Failed to add file group 
02-03 20:39:06.182 E/PhFileGroupPop( 5675): Failed to add file group 
02-03 20:39:06.182 E/PhFileGroupPop( 5675): Failed to add file group 
02-03 20:39:06.182 I/dsax    ( 5675): Throttled; returning pending refresh
02-03 20:39:06.182 D/MddPeriodicWorker( 5675): PeriodicWorker: startWork
02-03 20:39:06.183 E/PhFileGroupPop( 5675): Failed to add file group 
02-03 20:39:06.183 E/PhFileGroupPop( 5675): Failed to add file group 
02-03 20:39:06.183 E/PhFileGroupPop( 5675): Failed to add file group 
02-03 20:39:06.183 E/PhFileGroupPop( 5675): Failed to add file group 
02-03 20:39:06.183 E/PhFileGroupPop( 5675): Failed to add file group 
02-03 20:39:06.184 E/PhFileGroupPop( 5675): Failed to add file group 
02-03 20:39:06.184 E/PhFileGroupPop( 5675): Failed to add file group 
02-03 20:39:06.184 E/PhFileGroupPop( 5675): Failed to add file group 
02-03 20:39:06.184 I/dsax    ( 5675): Throttled; returning pending refresh
02-03 20:39:06.184 E/PhFileGroupPop(22470): Failed to add file group 
02-03 20:39:06.184 E/PhFileGroupPop(22470): Failed to add file group 
02-03 20:39:06.184 E/PhFileGroupPop(22470): Failed to add file group 
02-03 20:39:06.185 E/PhFileGroupPop(22470): Failed to add file group 
02-03 20:39:06.185 E/PhFileGroupPop(22470): Failed to add file group 
02-03 20:39:06.185 E/PhFileGroupPop(22470): Failed to add file group 
02-03 20:39:06.186 E/PhFileGroupPop(22470): Failed to add file group 
02-03 20:39:06.186 E/PhFileGroupPop(22470): Failed to add file group 
02-03 20:39:06.186 E/PhFileGroupPop(22470): Failed to add file group 
02-03 20:39:06.186 E/PhFileGroupPop(22470): Failed to add file group 
02-03 20:39:06.186 E/PhFileGroupPop(22470): Failed to add file group 
02-03 20:39:06.186 E/PhFileGroupPop(22470): Failed to add file group 
02-03 20:39:06.186 E/PhFileGroupPop(22470): Failed to add file group 
02-03 20:39:06.186 E/PhFileGroupPop(22470): Failed to add file group 
02-03 20:39:06.186 E/PhFileGroupPop(22470): Failed to add file group 
02-03 20:39:06.189 E/PhFileGroupPop(22470): Failed to add file group 
02-03 20:39:06.189 E/PhFileGroupPop(22470): Failed to add file group 
02-03 20:39:06.190 E/PhFileGroupPop(22470): Failed to add file group 
02-03 20:39:06.190 E/PhFileGroupPop(22470): Failed to add file group 
02-03 20:39:06.190 E/PhFileGroupPop(22470): Failed to add file group 
02-03 20:39:06.190 E/PhFileGroupPop(22470): Failed to add file group 
02-03 20:39:06.190 E/PhFileGroupPop(22470): Failed to add file group 
02-03 20:39:06.190 E/PhFileGroupPop(22470): Failed to add file group 
02-03 20:39:06.190 E/PhFileGroupPop(22470): Failed to add file group 
02-03 20:39:06.193 I/dsax    (22470): Scheduling next refresh
02-03 20:39:06.195 I/dsax    (22470): Throttled; returning pending refresh
02-03 20:39:06.195 I/dsax    (22470): Scheduling next refresh
02-03 20:39:06.197 I/dsax    (22470): Throttled; returning pending refresh
02-03 20:39:06.197 I/dsax    (22470): Throttled; returning pending refresh
02-03 20:39:06.197 I/dsax    (22470): Throttled; returning pending refresh
02-03 20:39:06.201 D/PhFileGroupPop( 5675): Added file groups assistant_appintegration_appactions_config
02-03 20:39:06.202 I/dsax    (22470): Scheduling next refresh
02-03 20:39:06.202 I/dsax    (22470): Throttled; returning pending refresh
02-03 20:39:06.203 I/dsax    (22470): Scheduling next refresh
02-03 20:39:06.203 I/dsax    (22470): Throttled; returning pending refresh
02-03 20:39:06.204 I/dsax    (22470): Throttled; returning pending refresh
02-03 20:39:06.204 D/PhFileGroupPop( 5675): Added file groups fedass_policy_config_group
02-03 20:39:06.204 I/dsax    (22470): Scheduling next refresh
02-03 20:39:06.204 I/dsax    (22470): Throttled; returning pending refresh
02-03 20:39:06.204 I/dsax    (22470): Scheduling next refresh
02-03 20:39:06.205 I/dsax    (22470): Throttled; returning pending refresh
02-03 20:39:06.205 I/dsax    (22470): Throttled; returning pending refresh
02-03 20:39:06.205 D/PhFileGroupPop( 5675): Added file groups smart_dictation_policy_config_group
02-03 20:39:06.206 I/dsax    (22470): Throttled; returning pending refresh
02-03 20:39:06.206 I/dsax    (22470): Scheduling next refresh
02-03 20:39:06.206 I/dsax    (22470): Throttled; returning pending refresh
02-03 20:39:06.206 I/eakt    (22470): MDD.MigrationProxyPopulator.refreshFileGroups
02-03 20:39:06.206 I/eakt    (22470): MDD.MigrationProxyPopulator.refreshFileGroups
02-03 20:39:06.207 D/PhFileGroupPop( 5675): Added file groups tapas_cortex
02-03 20:39:06.207 E/SingleDataFileGroupPop(22470): Failed to add file group 
02-03 20:39:06.207 I/dsax    (22470): Throttled; returning pending refresh
02-03 20:39:06.208 I/dsax    (22470): Throttled; returning pending refresh
02-03 20:39:06.208 I/eakt    (22470): MDD.MigrationProxyPopulator.refreshFileGroups
02-03 20:39:06.208 E/SingleDataFileGroupPop(22470): Failed to add file group 
02-03 20:39:06.208 D/PhFileGroupPop( 5675): Added file groups assistant_appintegration_appactions_config
02-03 20:39:06.209 I/ZipLPPopulator(22470): #scheduleLanguagePackDeletion
02-03 20:39:06.209 I/ZipLPPopulator(22470): ephw: MEDIUM
02-03 20:39:06.209 I/ZipLPPopulator(22470): 	at eapz.a(PG:22)
02-03 20:39:06.209 I/ZipLPPopulator(22470): 	at cycr.y(PG:24)
02-03 20:39:06.209 I/ZipLPPopulator(22470): 	at cycr.A(PG:1)
02-03 20:39:06.209 I/ZipLPPopulator(22470): 	at cycr.h(PG:19)
02-03 20:39:06.209 I/ZipLPPopulator(22470): 	at cycr.p(PG:1)
02-03 20:39:06.209 I/ZipLPPopulator(22470): 	at dscg.p(PG:16)
02-03 20:39:06.209 I/ZipLPPopulator(22470): 	at cytd.a(PG:13)
02-03 20:39:06.209 I/ZipLPPopulator(22470): 	at eiaz.a(PG:17)
02-03 20:39:06.209 I/ZipLPPopulator(22470): 	at erek.a(PG:3)
02-03 20:39:06.209 I/ZipLPPopulator(22470): 	at erdn.run(PG:19)
02-03 20:39:06.209 I/ZipLPPopulator(22470): 	at erem.run(PG:5)
02-03 20:39:06.209 I/ZipLPPopulator(22470): 	at cmvb.run(PG:5)
02-03 20:39:06.209 I/ZipLPPopulator(22470): 	at java.util.concurrent.ThreadPoolExecutor.runWorker(ThreadPoolExecutor.java:1154)
02-03 20:39:06.209 I/ZipLPPopulator(22470): 	at java.util.concurrent.ThreadPoolExecutor$Worker.run(ThreadPoolExecutor.java:652)
02-03 20:39:06.209 I/ZipLPPopulator(22470): 	at cmuh.run(PG:33)
02-03 20:39:06.209 I/ZipLPPopulator(22470): 	at java.lang.Thread.run(Thread.java:1563)
02-03 20:39:06.209 I/ZipLPPopulator(22470): 	at cmwf.run(PG:63)
02-03 20:39:06.209 I/ZipLPPopulator(22470): #addNewFileGroups
02-03 20:39:06.211 I/eapk    (22470): #getDownloadableLanguagePacks
02-03 20:39:06.211 E/SingleDataFileGroupPop(22470): Failed to add file group 
02-03 20:39:06.212 I/ZipLPPopulator(22470): #scheduleLanguagePackDeletion
02-03 20:39:06.212 I/ZipLPPopulator(22470): ephw: MEDIUM
02-03 20:39:06.212 I/ZipLPPopulator(22470): 	at eapz.a(PG:22)
02-03 20:39:06.212 I/ZipLPPopulator(22470): 	at cycr.y(PG:24)
02-03 20:39:06.212 I/ZipLPPopulator(22470): 	at cycr.h(PG:32)
02-03 20:39:06.212 I/ZipLPPopulator(22470): 	at cycr.p(PG:1)
02-03 20:39:06.212 I/ZipLPPopulator(22470): 	at dscg.p(PG:16)
02-03 20:39:06.212 I/ZipLPPopulator(22470): 	at cytd.a(PG:13)
02-03 20:39:06.212 I/ZipLPPopulator(22470): 	at eiaz.a(PG:17)
02-03 20:39:06.212 I/ZipLPPopulator(22470): 	at erek.a(PG:3)
02-03 20:39:06.212 I/ZipLPPopulator(22470): 	at erdn.run(PG:19)
02-03 20:39:06.212 I/ZipLPPopulator(22470): 	at erem.run(PG:5)
02-03 20:39:06.212 I/ZipLPPopulator(22470): 	at cmvb.run(PG:5)
02-03 20:39:06.212 I/ZipLPPopulator(22470): 	at java.util.concurrent.ThreadPoolExecutor.runWorker(ThreadPoolExecutor.java:1154)
02-03 20:39:06.212 I/ZipLPPopulator(22470): 	at java.util.concurrent.ThreadPoolExecutor$Worker.run(ThreadPoolExecutor.java:652)
02-03 20:39:06.212 I/ZipLPPopulator(22470): 	at cmuh.run(PG:33)
02-03 20:39:06.212 I/ZipLPPopulator(22470): 	at java.lang.Thread.run(Thread.java:1563)
02-03 20:39:06.212 I/ZipLPPopulator(22470): 	at cmwf.run(PG:63)
02-03 20:39:06.212 D/PhFileGroupPop( 5675): Added file groups fedass_policy_config_group
02-03 20:39:06.212 I/ZipLPPopulator(22470): #addNewFileGroups
02-03 20:39:06.212 I/ZipLPPopulator(22470): #scheduleLanguagePackDeletion
02-03 20:39:06.212 I/ZipLPPopulator(22470): ephw: MEDIUM
02-03 20:39:06.212 I/ZipLPPopulator(22470): 	at eapz.a(PG:22)
02-03 20:39:06.212 I/ZipLPPopulator(22470): 	at cycr.y(PG:24)
02-03 20:39:06.212 I/ZipLPPopulator(22470): 	at cycr.A(PG:1)
02-03 20:39:06.212 I/ZipLPPopulator(22470): 	at cycr.h(PG:64)
02-03 20:39:06.212 I/ZipLPPopulator(22470): 	at cycr.p(PG:1)
02-03 20:39:06.212 I/ZipLPPopulator(22470): 	at dscg.p(PG:16)
02-03 20:39:06.212 I/ZipLPPopulator(22470): 	at cytd.a(PG:13)
02-03 20:39:06.212 I/ZipLPPopulator(22470): 	at eiaz.a(PG:17)
02-03 20:39:06.212 I/ZipLPPopulator(22470): 	at erek.a(PG:3)
02-03 20:39:06.212 I/ZipLPPopulator(22470): 	at erdn.run(PG:19)
02-03 20:39:06.212 I/ZipLPPopulator(22470): 	at erem.run(PG:5)
02-03 20:39:06.212 I/ZipLPPopulator(22470): 	at cmvb.run(PG:5)
02-03 20:39:06.212 I/ZipLPPopulator(22470): 	at java.util.concurrent.ThreadPoolExecutor.runWorker(ThreadPoolExecutor.java:1154)
02-03 20:39:06.212 I/ZipLPPopulator(22470): 	at java.util.concurrent.ThreadPoolExecutor$Worker.run(ThreadPoolExecutor.java:652)
02-03 20:39:06.212 I/ZipLPPopulator(22470): 	at cmuh.run(PG:33)
02-03 20:39:06.212 I/ZipLPPopulator(22470): 	at java.lang.Thread.run(Thread.java:1563)
02-03 20:39:06.212 I/ZipLPPopulator(22470): 	at cmwf.run(PG:63)
02-03 20:39:06.212 I/eapk    (22470): #getDownloadableLanguagePacks
02-03 20:39:06.213 D/PhFileGroupPop( 5675): Added file groups smart_dictation_policy_config_group
02-03 20:39:06.213 I/ZipLPPopulator(22470): #addNewFileGroups
02-03 20:39:06.213 D/PhFileGroupPop( 5675): Added file groups tapas_cortex
02-03 20:39:06.214 I/eaqj    (22470): (REDACTED) Loaded languagepack (LP) flag value from latest config %s: %s
02-03 20:39:06.214 I/eaqj    (22470): (REDACTED) Loaded languagepack (LP) flag value from latest config %s: %s
02-03 20:39:06.214 I/eapk    (22470): #getDownloadableLanguagePacks
02-03 20:39:06.214 D/PhFileGroupPop( 5675): Added file groups assistant_appintegration_appactions_config
02-03 20:39:06.215 D/PhFileGroupPop( 5675): Added file groups fedass_policy_config_group
02-03 20:39:06.216 D/PhFileGroupPop( 5675): Added file groups smart_dictation_policy_config_group
02-03 20:39:06.216 I/eaqj    (22470): (REDACTED) Loaded languagepack (LP) flag value from latest config %s: %s
02-03 20:39:06.216 D/PhFileGroupPop( 5675): Added file groups tapas_cortex
02-03 20:39:06.217 I/LPRequestState(22470): (REDACTED) [%s] #resolveDesiredLanguagePacks
02-03 20:39:06.217 I/LPRequestState(22470): (REDACTED) [%s] #resolveDesiredLanguagePacks
02-03 20:39:06.220 I/LPRequestState(22470): (REDACTED) [%s] #resolveDesiredLanguagePacks
02-03 20:39:06.223 I/ZipLPPopulator(22470): #addNewFileGroups complete
02-03 20:39:06.224 I/eapk    (22470): #getInstalledPackages from MDD
02-03 20:39:06.224 I/ZipLPPopulator(22470): #addNewFileGroups complete
02-03 20:39:06.225 I/eapk    (22470): #getInstalledPackages from MDD
02-03 20:39:06.225 I/eapk    (22470): #GetLanguagePackList
02-03 20:39:06.225 I/ZipLPPopulator(22470): #addNewFileGroups complete
02-03 20:39:06.225 I/eapk    (22470): #GetLanguagePackList
02-03 20:39:06.225 I/eapk    (22470): MDD.getFileGroupsByFilter(langpack-domain_xx-XX_ver_zipfile)
02-03 20:39:06.226 I/eapk    (22470): MDD.getFileGroupsByFilter(langpack-domain_xx-XX_ver_zipfile)
02-03 20:39:06.226 I/eapk    (22470): #getInstalledPackages from MDD
02-03 20:39:06.226 I/eapk    (22470): #GetLanguagePackList
02-03 20:39:06.226 I/eapk    (22470): MDD.getFileGroupsByFilter(langpack-domain_xx-XX_ver_zipfile)
02-03 20:39:06.227 I/TFLite-in-PlayServices( 4768): Created interpreter.
02-03 20:39:06.237 D/PhFileGroupPop(22470): Added file groups assistant_appintegration_appactions_config
02-03 20:39:06.243 I/TFLite-in-PlayServices( 4768): Created interpreter.
02-03 20:39:06.246 D/PhFileGroupPop(22470): Added file groups assistant_appintegration_appactions_config
02-03 20:39:06.249 I/NetworkScheduler( 4768): (REDACTED) Error inserting %s
02-03 20:39:06.251 I/SemanticLocation( 4768): (REDACTED) [Inferrer] %s%s
02-03 20:39:06.251 I/cacz    ( 5675): (REDACTED) Using GoogleAuthUtil for getToken for 1p app: %s
02-03 20:39:06.255 D/PhFileGroupPop(22470): Added file groups assistant_appintegration_appactions_config
02-03 20:39:06.260 D/PhFileGroupPop(22470): Added file groups fedass_policy_config_group
02-03 20:39:06.266 D/PhFileGroupPop(22470): Added file groups fedass_policy_config_group
02-03 20:39:06.269 I/cpfv    ( 5675): (REDACTED) Starting batch sync for corpora: %s
02-03 20:39:06.270 I/cpfv    ( 5675): (REDACTED) Starting batch sync for corpora: %s
02-03 20:39:06.272 D/PhFileGroupPop(22470): Added file groups fedass_policy_config_group
02-03 20:39:06.273 I/cpfv    ( 5675): (REDACTED) Starting batch sync for corpora: %s
02-03 20:39:06.278 D/PhFileGroupPop(22470): Added file groups smart_dictation_policy_config_group
02-03 20:39:06.284 D/PhFileGroupPop(22470): Added file groups smart_dictation_policy_config_group
02-03 20:39:06.291 D/PhFileGroupPop(22470): Added file groups smart_dictation_policy_config_group
02-03 20:39:06.294 I/cpfv    ( 5675): (REDACTED) The syncToken for corpus %s is %s and the syncRequestReason is %s
02-03 20:39:06.298 I/cpfv    ( 5675): (REDACTED) The syncToken for corpus %s is %s and the syncRequestReason is %s
02-03 20:39:06.301 D/PhFileGroupPop(22470): Added file groups tapas_cortex
02-03 20:39:06.301 D/OplusTelephonyController( 2506): onSignalStrengthChanged: SignalStrength=SignalStrength:{mCdma=CellSignalStrengthCdma: cdmaDbm=2147483647 cdmaEcio=2147483647 evdoDbm=2147483647 evdoEcio=2147483647 evdoSnr=2147483647 level=0,mGsm=CellSignalStrengthGsm: rssi=2147483647 ber=2147483647 mTa=2147483647 mLevel=0,mWcdma=CellSignalStrengthWcdma: ss=2147483647 ber=2147483647 rscp=2147483647 ecno=2147483647 level=0,mTdscdma=CellSignalStrengthTdscdma: rssi=2147483647 ber=2147483647 rscp=2147483647 level=0,mLte=CellSignalStrengthLte: rssi=2147483647 rsrp=-110 rsrq=2147483647 rssnr=2147483647 cqiTableIndex=2147483647 cqi=2147483647 ta=2147483647 level=1 parametersUseForLevel=0,mNr=CellSignalStrengthNr:{ csiRsrp = 2147483647 csiRsrq = 2147483647 csiCqiTableIndex = 2147483647 csiCqiReport = [] ssRsrp = 2147483647 ssRsrq = 2147483647 ssSinr = 2147483647 level = 0 parametersUseForLevel = 0 },primary=CellSignalStrengthLte}, phoneId=0, mMtkLevel=0, mMtkRsrpOnly=false, mMtkLteRsrpThreshold=null, mMtkLteRssnrThreshold=null
02-03 20:39:06.302 I/cpfv    ( 5675): (REDACTED) The syncToken for corpus %s is %s and the syncRequestReason is %s
02-03 20:39:06.309 D/PhFileGroupPop(22470): Added file groups tapas_cortex
02-03 20:39:06.313 D/PhFileGroupPop(22470): Added file groups tapas_cortex
02-03 20:39:06.352 I/TFLite-in-PlayServices( 4768): Created interpreter.
02-03 20:39:06.356 D/VRR [OTI](  962): handleIdle from 0 to 1
02-03 20:39:06.356 D/VRR [OTI-HW](  962): isStateReady 0
02-03 20:39:06.356 D/VRR [OTI-HW](  962): rate range: min {id=0, hwcId=0, resolution=1080x2400, refreshRate=60.00 Hz, dpi=409.02x409.02, group=0} cur {id=0, hwcId=0, resolution=1080x2400, refreshRate=60.00 Hz, dpi=409.02x409.02, group=0} max {id=0, hwcId=0, resolution=1080x2400, refreshRate=60.00 Hz, dpi=409.02x409.02, group=0}
02-03 20:39:06.357 D/VRR [OTI-HW](  962): keep rate.
02-03 20:39:06.363 I/TFLite-in-PlayServices( 4768): Created interpreter.
02-03 20:39:06.370 I/SemanticLocation( 4768): (REDACTED) [Inferrer] %s%s
02-03 20:39:06.399 I/hwcomposer(  843): [HWC] (0)fire a callback of refresh to SF[4]  
02-03 20:39:06.410 D/NetworkEvent( 2547): OplusNetworkEventCbProxy invoke.....onDnsEvent argslen:8
02-03 20:39:06.410 D/NetworkEvent( 2547): OplusNetworkEventCbProxy invoke.....onDnsEvent argslen:8
02-03 20:39:06.415 D/NetworkEvent( 2547): OplusNetworkEventCbProxy invoke.....onDnsEvent argslen:8
02-03 20:39:06.551 I/LPRequestState(22470): (REDACTED) [%s] #resolveUnusedLanguagePacks
02-03 20:39:06.551 I/LPRequestState(22470): (REDACTED) [%s] #resolveDesiredLanguagePacks
02-03 20:39:06.665 I/LPRequestState(22470): (REDACTED) [%s] #resolveUnusedLanguagePacks
02-03 20:39:06.665 I/LPRequestState(22470): (REDACTED) [%s] #resolveDesiredLanguagePacks
02-03 20:39:06.701 I/cpje    ( 5675): (REDACTED) Writing metadata key: %s, corpus: %s
02-03 20:39:06.702 I/cpje    ( 5675): (REDACTED) Writing metadata key: %s, corpus: %s
02-03 20:39:06.706 I/cpfv    ( 5675): (REDACTED) Starting batch sync for corpora: %s
02-03 20:39:06.715 I/cpje    ( 5675): The GellerConfig is not present, returning null.
02-03 20:39:06.715 I/cpje    ( 5675): (REDACTED) The GellerConfig is not present, defaulting isUploadEnabled for corpus %s to true.
02-03 20:39:06.716 I/cpfv    ( 5675): (REDACTED) The syncToken for corpus %s is %s and the syncRequestReason is %s
02-03 20:39:06.790 I/LPRequestState(22470): (REDACTED) [%s] #resolveUnusedLanguagePacks
02-03 20:39:06.790 I/LPRequestState(22470): (REDACTED) [%s] #resolveDesiredLanguagePacks
02-03 20:39:06.845 I/cpje    ( 5675): (REDACTED) Writing metadata key: %s, corpus: %s
02-03 20:39:06.847 I/cpje    ( 5675): (REDACTED) Writing metadata key: %s, corpus: %s
02-03 20:39:06.851 I/cpfv    ( 5675): (REDACTED) Starting batch sync for corpora: %s
02-03 20:39:06.857 I/cpje    ( 5675): The GellerConfig is not present, returning null.
02-03 20:39:06.857 I/cpje    ( 5675): (REDACTED) The GellerConfig is not present, defaulting isUploadEnabled for corpus %s to true.
02-03 20:39:06.858 I/cpfv    ( 5675): (REDACTED) The syncToken for corpus %s is %s and the syncRequestReason is %s
02-03 20:39:06.875 I/cpje    ( 5675): (REDACTED) Writing metadata key: %s, corpus: %s
02-03 20:39:06.877 I/cpje    ( 5675): (REDACTED) Writing metadata key: %s, corpus: %s
02-03 20:39:06.883 I/cpfv    ( 5675): (REDACTED) Starting batch sync for corpora: %s
02-03 20:39:06.888 I/cpje    ( 5675): The GellerConfig is not present, returning null.
02-03 20:39:06.889 I/cpje    ( 5675): (REDACTED) The GellerConfig is not present, defaulting isUploadEnabled for corpus %s to true.
02-03 20:39:06.891 I/cpfv    ( 5675): (REDACTED) The syncToken for corpus %s is %s and the syncRequestReason is %s
02-03 20:39:06.905 D/AALLightSensor( 1200): oldLux=21 [SA:18 LA:18] newLux=21 (oriLux: 18)
02-03 20:39:07.101 D/BoundBrokerSvc( 4768): onRebind: Intent { act=com.google.android.gms.libs.gmscorelogger.service.START dat=chimera-action:/... cmp=com.google.android.gms/.chimera.PersistentDirectBootAwareApiService }
02-03 20:39:07.168 I/cpje    ( 5675): (REDACTED) Writing metadata key: %s, corpus: %s
02-03 20:39:07.170 I/cpje    ( 5675): (REDACTED) Writing metadata key: %s, corpus: %s
02-03 20:39:07.180 I/cpfv    ( 5675): (REDACTED) Starting batch sync for corpora: %s
02-03 20:39:07.181 I/dsax    ( 5675): Running throttled refresh
02-03 20:39:07.192 I/cpfv    ( 5675): (REDACTED) Starting batch sync for corpora: %s
02-03 20:39:07.195 I/dsax    (22470): Running throttled refresh
02-03 20:39:07.196 I/dsax    (22470): Running throttled refresh
02-03 20:39:07.202 I/xlg     (22470): (REDACTED) #shouldMigrate(): allowMobileLocaleSettingsDataMigration = %b,
02-03 20:39:07.205 I/dsax    (22470): Running throttled refresh
02-03 20:39:07.206 I/dsax    (22470): Running throttled refresh
02-03 20:39:07.206 I/dsax    (22470): Running throttled refresh
02-03 20:39:07.206 I/dsax    (22470): Running throttled refresh
02-03 20:39:07.207 I/dsax    (22470): Running throttled refresh
02-03 20:39:07.208 I/cpfv    ( 5675): (REDACTED) The syncToken for corpus %s is %s and the syncRequestReason is %s
02-03 20:39:07.212 W/cpfv    ( 5675): (REDACTED) Upload permissions denied for Corpus %s
02-03 20:39:07.214 I/cpfv    ( 5675): (REDACTED) The syncToken for corpus %s is %s and the syncRequestReason is %s
02-03 20:39:07.251 W/dykx    (22470): No available dsp hotword properties, skip geller sync.
