01-22 19:03:09.429 W/WindowManager( 1748): Failed looking up window session=Session{370de18 2225:u0a10105} callers=com.android.server.wm.WindowManagerService.windowForClientLocked:6236 com.android.server.wm.WindowManagerService.relayoutWindow:2365 com.android.server.wm.Session.relayout:275 
01-22 19:03:09.431 D/OplusScrollToTopManager( 2225): unregisterGuidePopupDismissReceiverInSystemUI
01-22 19:03:09.431 D/OplusScrollToTopManager( 2225): Receiver not registered: android.view.OplusScrollToTopManager$1@2527af0
01-22 19:03:09.431 D/OplusScrollToTopManager( 2225): unregisterSystemUIBroadcastReceiver 
01-22 19:03:09.431 D/OplusScrollToTopManager( 2225): java.lang.IllegalArgumentException: Receiver not registered: android.view.OplusScrollToTopManager$2@433a869
01-22 19:03:09.431 V/ZoomWindowDecorView( 2225): removeZoomView
01-22 19:03:09.431 D/BLASTBufferQueue( 2225): [VRI[staging][Splash Screen com.wholexale.app.staging]#1848](f:0,a:1) destructor()
01-22 19:03:09.431 D/BufferQueueConsumer( 2225): [VRI[staging][Splash Screen com.wholexale.app.staging]#1848(BLAST Consumer)1848](id:8b100000748,api:0,p:-1,c:2225) disconnect
01-22 19:03:09.431 W/WindowManager( 1748): Failed looking up window session=Session{370de18 2225:u0a10105} callers=com.android.server.wm.WindowManagerService.windowForClientLocked:6236 com.android.server.wm.Session.setOnBackInvokedCallbackInfo:972 android.view.IWindowSession$Stub.onTransact:1209 
01-22 19:03:09.431 E/WindowManager( 1748): setOnBackInvokedCallback(): No window state for package:com.android.systemui
01-22 19:03:09.432 W/WindowManager( 1748): Failed looking up window session=Session{370de18 2225:u0a10105} callers=com.android.server.wm.WindowManagerService.windowForClientLocked:6236 com.android.server.wm.WindowManagerService.removeWindow:2147 com.android.server.wm.Session.remove:233 
01-22 19:03:09.445 I/BufferQueueDebug(  966): [Splash Screen com.wholexale.app.staging#24171](this:0xb400007020fd99e8,id:-1,api:0,p:-1,c:966) onDestructor()
01-22 19:03:09.446 D/OplusLayer(  966): ~Layer() sequence=24171, name=Splash Screen com.wholexale.app.staging#24171
01-22 19:03:09.491 W/ActivityTaskManager( 1748): Activity top resumed state loss timeout for ActivityRecord{12a93f8 u0 com.wholexale.app.staging/com.wholexale.app.MainActivity} t-1 f}}
01-22 19:03:09.491 I/OplusJoystickManager( 1748): handleApplicationSwitch deprecated!
01-22 19:03:09.491 D/OplusAppSwitchListener( 1748): Detect com.wholexale.app.staging switch to background
01-22 19:03:09.491 D/OplusEapManager( 1748): mTargetExitName :com.wholexale.app.staging
01-22 19:03:09.491 V/DCSEX-AppSwitchManager( 1748): OnAppSwitchObserver: onAppExit, resuming = com.android.launcher, target = com.wholexale.app.staging, is ResumingFirstStart =  false, is ResumingMultiApp =  false, extensionInfo =  Bundle[{taskId=6, uid=10106}]
01-22 19:03:09.492 D/VRR [OPlusFrontAppManager]( 1748): OnAppSwitchObserver: onAppExit , info.targetName = com.wholexale.app.staging
01-22 19:03:09.492 D/VRR [OPlusFrontAppManager]( 1748): packageName: null
01-22 19:03:09.492 I/PowerHalWrapper( 1748): amsBoostNotify pid:2623,activity:com.android.launcher.Launcher, package:com.android.launcher, mProcessCreatePackcom.wholexale.app.staging 
01-22 19:03:09.492 I/PowerHalWrapper( 1748): state: 1 
01-22 19:03:09.492 I/mtkpower_client( 1748): [Legacy][PowerHal_Wrap_notifyAppState] com.android.launcher/com.android.launcher.Launcher pid=2623 state:1
01-22 19:03:09.492 I/game_scn( 1748): collectForegroundAppList packName=com.android.launcher, actName=com.android.launcher.Launcher, pid=2623, uid=10106, state:RESUMED
01-22 19:03:09.492 I/PowerHalWrapper( 1748): amsBoostNotify AMS_BOOST_PROCESS_CREATE_BOOST:true 
01-22 19:03:09.492 D/OplusAppSwitchListener( 1748): Detect com.android.launcher switch to foreground
01-22 19:03:09.492 D/OplusEapManager( 1748): mTargetEnterName :com.android.launcher
01-22 19:03:09.492 D/DCSEX-AppLaunchEventRecorder( 1748): onAppSwitch from = com.wholexale.app.staging to = com.android.launcher
01-22 19:03:09.493 I/libPowerHal(  859): [perfNotifyAppState] foreground:com.android.launcher, pid:2623, uid:10106
01-22 19:03:09.493 D/VRR [OPlusRefreshRateService]( 1748): handleFrontAppChange pkgName: null
01-22 19:03:09.493 D/OplusLatencyOptimizerManager( 1748): enter pkg: com.android.launcher isPrevBlackAppTop: false mIsBlackAppTop: false
01-22 19:03:09.493 E/UxUtility(  859): notifyAppState error = NULL
01-22 19:03:09.493 I/TouchUtility(  859): notifyAppState error = NULL
01-22 19:03:09.493 V/DCSEX-AppSwitchManager( 1748): OnAppSwitchObserver: onAppEnter, launchedFrom =  null, target =  com.android.launcher, is firstStart =  false, is multiApp =  false, extensionInfo =  Bundle[{taskId=6, pid=2623, uid=10106, versionCode=13000051}]
01-22 19:03:09.493 D/VRR [OPlusFrontAppManager]( 1748): OnAppSwitchObserver: onAppEnter , info.targetName = com.android.launcher
01-22 19:03:09.493 D/VRR [OPlusFrontAppManager]( 1748): packageName: com.android.launcher
01-22 19:03:09.493 W/Battery ( 4587): ThermalControlUtils: mForegroundPkg=com.android.launcher
01-22 19:03:09.493 E/Athena  ( 1748): MemoryGuardAction: handleAppChange
01-22 19:03:09.494 D/VRR [OPlusRefreshRateService]( 1748):  setFrameRateTargetControl [ 0.0 , com.wholexale.app.staging , false , com.oplus.battery ]
01-22 19:03:09.494 D/VRR [OPlusRefreshRateService]( 1748):  setFrameRateTargetControl from [0, 1000, android.uid.system:1000]
01-22 19:03:09.495 I/mtkpower@impl(  859): [notifyAppState] pc:0, com.wholexale.app.staging => com.android.launcher
01-22 19:03:09.495 I/Athena  ( 2605): AthenaDynamicReceiver: pre_app:com.wholexale.app.staging, next_app:com.android.launcher(10106|2623)
01-22 19:03:09.496 D/VRR [OPlusExternalRefreshRateManager]( 1748): setFrontPackageName pkgName: null CurPkgName: com.wholexale.app.staging
01-22 19:03:09.496 D/VRR [OPlusExternalRefreshRateManager]( 1748):  [FRTC] FrameRate : 0 com.wholexale.app.staging false com.oplus.battery 0 1000
01-22 19:03:09.496 D/VRR [OPlusRefreshRateService]( 1748): handleFrontAppChange pkgName: com.android.launcher
01-22 19:03:09.496 D/VRR [OPlusExternalRefreshRateManager]( 1748): setFrontPackageName pkgName: com.android.launcher CurPkgName: null
01-22 19:03:09.496 D/VRR [OPlusSurfaceFlingerController]( 1748):  add frtc FrameRate : 0 com.wholexale.app.staging false com.oplus.battery
01-22 19:03:09.496 I/VRR [FRTC](  966): setFrameRateTarget with [0, com.wholexale.app.staging, 0, com.oplus.battery, 1, 0, 1000]
01-22 19:03:09.496 W/VRR [FRTC](  966): invalid param { fps 0, proc_name com.wholexale.app.staging, strict_mode 0, description com.oplus.battery, proc_id 0, rate_status 0, backend Surface, version 1, pid 0, uid 1000, enable at 2026-01-22 19:03:09, disable waiting } for current status.
01-22 19:03:09.496 W/VRR [FRTC](  966): CurrentTarget size 0:
01-22 19:03:09.497 W/Battery ( 4587): ThermalControllHandler: tempLevel=7,userMode=3,gameUserMode=7,appType=-1,envTempType=1,appStates=[],appSwitchSafetyMode=false
01-22 19:03:09.497 W/Battery ( 4587): ThermalControllerCenter: mSafetyState=10000
01-22 19:03:09.498 W/Battery ( 4587): ThermalControllHandler: tempGear=7,configItemName=common_config
01-22 19:03:09.499 W/libc    (27464): Access denied finding property "vendor.gsm.serial"
01-22 19:03:09.499 D/OplusBatteryServiceFeature( 1748): setSmartCoolDown: coolDown = 3, normalCoolDown = 3, pkgName = com.android.launcher
01-22 19:03:09.500 D/vendor.oplus.hardware.charger@1.0-service(  897): set cooldown:3,  normalCoolDown:3
01-22 19:03:09.500 W/Battery ( 4587): ThermalControllHandler: MSG_THERMAL_CONTROL_CATEGORY_CHANGED
01-22 19:03:09.598 I/mtkpower_client( 1748): perf_lock_rel, hdl:59267, tid:2280
01-22 19:03:09.598 I/mtkpower_client( 1748): perf_lock_acq, hdl:59267, dur:0, num:6, tid:2280
01-22 19:03:09.598 I/libPowerHal(  859): [perfLockRel] hdl:59267, idx:0
01-22 19:03:09.599 I/libPowerHal(  859): [PD] system_server update cmd:1c3c000 param:1
01-22 19:03:09.599 I/libPowerHal(  859): [PD] (more) /proc/mcdi/state set +prefix:enable 1;
01-22 19:03:09.599 I/libPowerHal(  859): [PD] system_server update cmd:2004100 param:2
01-22 19:03:09.599 I/mtkpower_client( 1748): ret_hdl:59270
01-22 19:03:09.600 I/libPowerHal(  859): system_server: hard user limit set cpu freq: -1 -1 -1 1933000
01-22 19:03:09.648 E/Parcel  (13279): Attempt to read from protected data in Parcel 0x7fe76b0d30
01-22 19:03:09.648 E/Parcel  (13279): Attempt to read from protected data in Parcel 0x7fe76b0d30
01-22 19:03:09.648 E/Parcel  (13279): Attempt to read from protected data in Parcel 0x7fe76b0d30
01-22 19:03:09.648 E/Parcel  (13279): Attempt to read from protected data in Parcel 0x7fe76b0d30
01-22 19:03:09.648 E/Parcel  (13279): Attempt to read from protected data in Parcel 0x7fe76b0d30
01-22 19:03:09.745 I/zygote  (  819): Delayed USAP Pool refill. New USAPs: 1
01-22 19:03:09.750 E/Parcel  (13284): Attempt to read from protected data in Parcel 0x7fc9651c70
01-22 19:03:09.750 E/Parcel  (13284): Attempt to read from protected data in Parcel 0x7fc9651c70
01-22 19:03:09.750 E/Parcel  (13284): Attempt to read from protected data in Parcel 0x7fc9651c70
01-22 19:03:09.750 E/Parcel  (13284): Attempt to read from protected data in Parcel 0x7fc9651c70
01-22 19:03:09.750 E/Parcel  (13284): Attempt to read from protected data in Parcel 0x7fc9651c70
01-22 19:03:09.754 D/Zygote  (  819): Forked child process 13287
01-22 19:03:09.857 E/Parcel  (13294): Attempt to read from protected data in Parcel 0x7fdaea3f50
01-22 19:03:09.857 E/Parcel  (13294): Attempt to read from protected data in Parcel 0x7fdaea3f50
01-22 19:03:09.857 E/Parcel  (13294): Attempt to read from protected data in Parcel 0x7fdaea3f50
01-22 19:03:09.857 E/Parcel  (13294): Attempt to read from protected data in Parcel 0x7fdaea3f50
01-22 19:03:09.857 E/Parcel  (13294): Attempt to read from protected data in Parcel 0x7fdaea3f50
01-22 19:03:09.936 D/OplusTelephonyController( 2568): onSignalStrengthChanged: SignalStrength=SignalStrength:{mCdma=CellSignalStrengthCdma: cdmaDbm=2147483647 cdmaEcio=2147483647 evdoDbm=2147483647 evdoEcio=2147483647 evdoSnr=2147483647 level=0,mGsm=CellSignalStrengthGsm: rssi=-83 ber=99 mTa=2147483647 mLevel=4,mWcdma=CellSignalStrengthWcdma: ss=2147483647 ber=2147483647 rscp=2147483647 ecno=2147483647 level=0,mTdscdma=CellSignalStrengthTdscdma: rssi=2147483647 ber=2147483647 rscp=2147483647 level=0,mLte=CellSignalStrengthLte: rssi=2147483647 rsrp=2147483647 rsrq=2147483647 rssnr=2147483647 cqiTableIndex=2147483647 cqi=2147483647 ta=2147483647 level=0 parametersUseForLevel=0,mNr=CellSignalStrengthNr:{ csiRsrp = 2147483647 csiRsrq = 2147483647 csiCqiTableIndex = 2147483647 csiCqiReport = [] ssRsrp = 2147483647 ssRsrq = 2147483647 ssSinr = 2147483647 level = 0 parametersUseForLevel = 0 },primary=CellSignalStrengthGsm}, phoneId=0, mMtkLevel=0, mMtkRsrpOnly=false, mMtkLteRsrpThreshold=null, mMtkLteRssnrThreshold=null
01-22 19:03:09.944 W/libc    (12336): Access denied finding property "ro.oem_unlock_supported"
01-22 19:03:09.987 D/CompatibilityChangeReporter(12336): Compat change id reported: 186082280; UID 10221; state: ENABLED
01-22 19:03:09.993 D/CameraDelegate( 1748): handleMessage:200
01-22 19:03:09.995 D/CompatibilityChangeReporter( 1748): Compat change id reported: 161145287; UID 10221; state: DISABLED
01-22 19:03:10.234 I/Finsky  (27346): [2] SCH: job service start with id 9905.
01-22 19:03:10.245 I/Finsky  (27346): [20140] SCH: Scheduling phonesky job Id: 1-1337, CT: 1769062837223, Constraints: [{ L: 37539401, D: 80739401, C: CHARGING_NONE, I: IDLE_NONE, N: NET_ANY, B: BATTERY_ANY }]
01-22 19:03:10.245 I/Finsky  (27346): [20140] SCH: Scheduling phonesky job Id: 12-1, CT: 1769088775360, Constraints: [{ L: 15000, D: 86400000, C: CHARGING_NONE, I: IDLE_NONE, N: NET_ANY, B: BATTERY_ANY }]
01-22 19:03:10.245 I/Finsky  (27346): [20140] SCH: Scheduling phonesky job Id: 34-426, CT: 1769062846973, Constraints: [{ L: 604800000, D: 2471522803, C: CHARGING_NONE, I: IDLE_NONE, N: NET_ANY, B: BATTERY_ANY }]
01-22 19:03:10.245 I/Finsky  (27346): [20140] SCH: Scheduling phonesky job Id: 34-432, CT: 1769062846975, Constraints: [{ L: 604800000, D: 2550723487, C: CHARGING_NONE, I: IDLE_NONE, N: NET_ANY, B: BATTERY_ANY }]
01-22 19:03:10.245 I/Finsky  (27346): [20140] SCH: Scheduling phonesky job Id: 34-442, CT: 1769062846979, Constraints: [{ L: 37922960, D: 1333922960, C: CHARGING_NONE, I: IDLE_NONE, N: NET_ANY, B: BATTERY_ANY }]
01-22 19:03:10.249 I/Finsky  (27346): [20131] SCH: Scheduling 1 system job(s)
01-22 19:03:10.249 I/Finsky  (27346): [20131] SCH: Scheduling system job Id: 9911, L: 0, D: 54786375, C: false, I: false, N: 1
01-22 19:03:10.257 I/Finsky  (27346): [2] SCH: job service start with id 9911.
01-22 19:03:10.261 I/Finsky  (27346): [20692] SCH: job service finished with id 9905.
01-22 19:03:10.270 I/Finsky  (27346): [20142] SCH: Scheduling phonesky job Id: 1-1337, CT: 1769062837223, Constraints: [{ L: 37539401, D: 80739401, C: CHARGING_NONE, I: IDLE_NONE, N: NET_ANY, B: BATTERY_ANY }]
01-22 19:03:10.271 I/Finsky  (27346): [20142] SCH: Scheduling phonesky job Id: 12-1, CT: 1769088775360, Constraints: [{ L: 15000, D: 86400000, C: CHARGING_NONE, I: IDLE_NONE, N: NET_ANY, B: BATTERY_ANY }]
01-22 19:03:10.271 I/Finsky  (27346): [20142] SCH: Scheduling phonesky job Id: 34-426, CT: 1769062846973, Constraints: [{ L: 604800000, D: 2471522803, C: CHARGING_NONE, I: IDLE_NONE, N: NET_ANY, B: BATTERY_ANY }]
01-22 19:03:10.271 I/Finsky  (27346): [20142] SCH: Scheduling phonesky job Id: 34-432, CT: 1769062846975, Constraints: [{ L: 604800000, D: 2550723487, C: CHARGING_NONE, I: IDLE_NONE, N: NET_ANY, B: BATTERY_ANY }]
01-22 19:03:10.271 I/Finsky  (27346): [20142] SCH: Scheduling phonesky job Id: 34-442, CT: 1769062846979, Constraints: [{ L: 37922960, D: 1333922960, C: CHARGING_NONE, I: IDLE_NONE, N: NET_ANY, B: BATTERY_ANY }]
01-22 19:03:10.275 I/Finsky  (27346): [20136] SCH: Scheduling 1 system job(s)
01-22 19:03:10.276 I/Finsky  (27346): [20136] SCH: Scheduling system job Id: 9916, L: 0, D: 54786349, C: false, I: false, N: 1
01-22 19:03:10.284 I/Finsky  (27346): [2] SCH: job service start with id 9916.
01-22 19:03:10.288 I/Finsky  (27346): [20692] SCH: job service finished with id 9911.
01-22 19:03:10.298 I/Finsky  (27346): [20131] SCH: Scheduling phonesky job Id: 1-1337, CT: 1769062837223, Constraints: [{ L: 37539401, D: 80739401, C: CHARGING_NONE, I: IDLE_NONE, N: NET_ANY, B: BATTERY_ANY }]
01-22 19:03:10.298 I/Finsky  (27346): [20131] SCH: Scheduling phonesky job Id: 12-1, CT: 1769088775360, Constraints: [{ L: 15000, D: 86400000, C: CHARGING_NONE, I: IDLE_NONE, N: NET_ANY, B: BATTERY_ANY }]
01-22 19:03:10.298 I/Finsky  (27346): [20131] SCH: Scheduling phonesky job Id: 34-426, CT: 1769062846973, Constraints: [{ L: 604800000, D: 2471522803, C: CHARGING_NONE, I: IDLE_NONE, N: NET_ANY, B: BATTERY_ANY }]
01-22 19:03:10.298 I/Finsky  (27346): [20131] SCH: Scheduling phonesky job Id: 34-432, CT: 1769062846975, Constraints: [{ L: 604800000, D: 2550723487, C: CHARGING_NONE, I: IDLE_NONE, N: NET_ANY, B: BATTERY_ANY }]
01-22 19:03:10.298 I/Finsky  (27346): [20131] SCH: Scheduling phonesky job Id: 34-442, CT: 1769062846979, Constraints: [{ L: 37922960, D: 1333922960, C: CHARGING_NONE, I: IDLE_NONE, N: NET_ANY, B: BATTERY_ANY }]
01-22 19:03:10.302 I/Finsky  (27346): [20140] SCH: Scheduling 1 system job(s)
01-22 19:03:10.303 I/Finsky  (27346): [20140] SCH: Scheduling system job Id: 9921, L: 0, D: 54786322, C: false, I: false, N: 1
01-22 19:03:10.311 I/Finsky  (27346): [2] SCH: job service start with id 9921.
01-22 19:03:10.316 I/Finsky  (27346): [20692] SCH: job service finished with id 9916.
01-22 19:03:10.325 I/Finsky  (27346): [20140] SCH: Scheduling phonesky job Id: 1-1337, CT: 1769062837223, Constraints: [{ L: 37539401, D: 80739401, C: CHARGING_NONE, I: IDLE_NONE, N: NET_ANY, B: BATTERY_ANY }]
01-22 19:03:10.326 I/Finsky  (27346): [20140] SCH: Scheduling phonesky job Id: 12-1, CT: 1769088775360, Constraints: [{ L: 15000, D: 86400000, C: CHARGING_NONE, I: IDLE_NONE, N: NET_ANY, B: BATTERY_ANY }]
01-22 19:03:10.326 I/Finsky  (27346): [20140] SCH: Scheduling phonesky job Id: 34-426, CT: 1769062846973, Constraints: [{ L: 604800000, D: 2471522803, C: CHARGING_NONE, I: IDLE_NONE, N: NET_ANY, B: BATTERY_ANY }]
01-22 19:03:10.326 I/Finsky  (27346): [20140] SCH: Scheduling phonesky job Id: 34-432, CT: 1769062846975, Constraints: [{ L: 604800000, D: 2550723487, C: CHARGING_NONE, I: IDLE_NONE, N: NET_ANY, B: BATTERY_ANY }]
01-22 19:03:10.326 I/Finsky  (27346): [20140] SCH: Scheduling phonesky job Id: 34-442, CT: 1769062846979, Constraints: [{ L: 37922960, D: 1333922960, C: CHARGING_NONE, I: IDLE_NONE, N: NET_ANY, B: BATTERY_ANY }]
01-22 19:03:10.330 I/Finsky  (27346): [20142] SCH: Scheduling 1 system job(s)
01-22 19:03:10.330 I/Finsky  (27346): [20142] SCH: Scheduling system job Id: 9926, L: 0, D: 54786294, C: false, I: false, N: 1
01-22 19:03:10.337 I/Finsky  (27346): [2] SCH: job service start with id 9926.
01-22 19:03:10.342 I/Finsky  (27346): [20692] SCH: job service finished with id 9921.
01-22 19:03:10.351 I/Finsky  (27346): [20136] SCH: Scheduling phonesky job Id: 1-1337, CT: 1769062837223, Constraints: [{ L: 37539401, D: 80739401, C: CHARGING_NONE, I: IDLE_NONE, N: NET_ANY, B: BATTERY_ANY }]
01-22 19:03:10.352 I/Finsky  (27346): [20136] SCH: Scheduling phonesky job Id: 12-1, CT: 1769088775360, Constraints: [{ L: 15000, D: 86400000, C: CHARGING_NONE, I: IDLE_NONE, N: NET_ANY, B: BATTERY_ANY }]
01-22 19:03:10.352 I/Finsky  (27346): [20136] SCH: Scheduling phonesky job Id: 34-426, CT: 1769062846973, Constraints: [{ L: 604800000, D: 2471522803, C: CHARGING_NONE, I: IDLE_NONE, N: NET_ANY, B: BATTERY_ANY }]
01-22 19:03:10.352 I/Finsky  (27346): [20136] SCH: Scheduling phonesky job Id: 34-432, CT: 1769062846975, Constraints: [{ L: 604800000, D: 2550723487, C: CHARGING_NONE, I: IDLE_NONE, N: NET_ANY, B: BATTERY_ANY }]
01-22 19:03:10.352 I/Finsky  (27346): [20136] SCH: Scheduling phonesky job Id: 34-442, CT: 1769062846979, Constraints: [{ L: 37922960, D: 1333922960, C: CHARGING_NONE, I: IDLE_NONE, N: NET_ANY, B: BATTERY_ANY }]
01-22 19:03:10.356 I/Finsky  (27346): [20131] SCH: Scheduling 1 system job(s)
01-22 19:03:10.356 I/Finsky  (27346): [20131] SCH: Scheduling system job Id: 9931, L: 0, D: 54786268, C: false, I: false, N: 1
01-22 19:03:10.364 I/GameManagerServiceExt( 1748): re: 4, Bundle[mParcelledData.dataSize=5600] .
01-22 19:03:10.364 I/Finsky  (27346): [2] SCH: job service start with id 9931.
01-22 19:03:10.367 I/Finsky  (27346): [20692] SCH: job service finished with id 9926.
01-22 19:03:10.371 E/ActivityThread( 2190): Failed to find provider info for com.oplus.thirdkit
01-22 19:03:10.371 E/AbnormalAppMonitorController( 2190): callProvider errorUnknown authority com.oplus.thirdkit
01-22 19:03:10.374 I/Finsky  (27346): [20689] SCH: Satisfied jobs for 9931 are: 12-1
01-22 19:03:10.374 I/Finsky  (27346): [20692] SCH: Job 12-1 starting
01-22 19:03:10.375 I/Finsky  (27346): [2] WM::SCH: Logging work start for 12-1
01-22 19:03:10.375 I/Finsky  (27346): [2] [ContentSync] job started
01-22 19:03:10.462 D/vendor.oplus.hardware.charger@1.0-service(  897): getChargerControl:
01-22 19:03:10.686 D/power@timer(  859): [mtkPowerTimer] visRead:0
01-22 19:03:10.691 W/Finsky  (27346): [2] STU: Failed to get storage stats for package 'com.google.mainline.primary.libs' (1601: Error getting stats: android.content.pm.PackageManager.NameNotFoundException)
01-22 19:03:11.016 W/CrashBox_MaximumCounter(16320): insert info:2d53aa6c8080a3910f81290f9fa85cb8--get count is:3
01-22 19:03:11.032 W/Finsky  (27346): [2] STU: Failed to get storage stats for package 'com.google.android.appsearch' (1601: Error getting stats: android.content.pm.PackageManager.NameNotFoundException)
01-22 19:03:11.034 W/Finsky  (27346): [2] STU: Failed to get storage stats for package 'com.google.android.art' (1601: Error getting stats: android.content.pm.PackageManager.NameNotFoundException)
01-22 19:03:11.088 W/Finsky  (27346): [2] STU: Failed to get storage stats for package 'com.google.android.mediaprovider' (1601: Error getting stats: android.content.pm.PackageManager.NameNotFoundException)
01-22 19:03:11.116 W/Finsky  (27346): [2] STU: Failed to get storage stats for package 'com.google.android.resolv' (1601: Error getting stats: android.content.pm.PackageManager.NameNotFoundException)
01-22 19:03:11.153 W/Finsky  (27346): [2] STU: Failed to get storage stats for package 'com.google.android.media' (1601: Error getting stats: android.content.pm.PackageManager.NameNotFoundException)
01-22 19:03:11.195 D/OplusAtlasService( 3300): getAttributeByAppName module:oplus-getStreamMaxVolume packageName:com.truecaller
01-22 19:03:11.198 D/AudioManagerExtImpl( 7107): getStreamVolume normal, volume index=5
01-22 19:03:11.215 D/OplusAtlasService( 3300): getAttributeByAppName module:oplus-getStreamMaxVolume packageName:com.truecaller
01-22 19:03:11.216 D/AudioManagerExtImpl( 7107): getStreamVolume too fast, volume index=5, package=com.truecaller
01-22 19:03:11.221 D/OplusAtlasService( 3300): getAttributeByAppName module:oplus-getStreamMaxVolume packageName:com.truecaller
01-22 19:03:11.222 D/AudioManagerExtImpl( 7107): getStreamVolume normal, volume index=5
01-22 19:03:11.278 D/AALLightSensor( 1193): oldLux=0 [SA:0 LA:0] newLux=0 (oriLux: 0)
01-22 19:03:11.297 D/OplusAtlasService( 3300): getAttributeByAppName module:oplus-getStreamMaxVolume packageName:com.truecaller
01-22 19:03:11.298 D/AudioManagerExtImpl( 7107): getStreamVolume normal, volume index=5
01-22 19:03:11.301 D/BoundBrokerSvc(24720): onUnbind: Intent { act=com.google.android.gms.feedback.internal.IFeedbackService dat=chimera-action:/... cmp=com.google.android.gms/.chimera.GmsBoundBrokerService }
01-22 19:03:11.307 D/OplusAtlasService( 3300): getAttributeByAppName module:oplus-getStreamMaxVolume packageName:com.truecaller
01-22 19:03:11.307 I/OplusHansManager ( 1748): uid=10744, pkg=com.cricbuzz.android can transition from M to F
01-22 19:03:11.308 I/OplusHansManager ( 1748): uid=10744, pkg=com.cricbuzz.android F enter(), M stay=10
01-22 19:03:11.308 D/AudioManagerExtImpl( 7107): getStreamVolume too fast, volume index=5, package=com.truecaller
01-22 19:03:11.310 D/OplusAtlasService( 3300): getAttributeByAppName module:oplus-getStreamMaxVolume packageName:com.truecaller
01-22 19:03:11.311 D/AudioManagerExtImpl( 7107): getStreamVolume too fast, volume index=5, package=com.truecaller
01-22 19:03:11.313 E/IHansComunication( 6221): HANS printMessageBody: RCV message: type = 0,port = 86870,caller_pid = 1089,caller_uid = 1047,target_pid = 9694,target_uid = 10744,pkg_cmd = -1,rpc = android.hardware.ICameraServiceListener/5
01-22 19:03:11.315 I/OplusHansManager ( 1748): freeze uid: 10744 com.cricbuzz.android pids: [9694, 19174] IsolatedUid: [99275] scene: LcdOn
01-22 19:03:11.316 D/IHansComunication( 6221): HansComunication::addUid-- 10744, persistent--0
01-22 19:03:11.316 D/IHansComunication( 6221): HANS sendMessageToKernel: threadId = 516689218736, netLinkSetup = 1, type = PKG, targetUid = 10744, pkgCmd = ADD_ONE_UID
01-22 19:03:11.320 I/OplusHansManager ( 1748): unfreeze uid: 10744 com.cricbuzz.android pids: [9694, 19174] reason: AsyncBinder scene: LcdOn
01-22 19:03:11.321 I/OplusHansManager ( 1748): uid=10744, pkg=com.cricbuzz.android, transition from Frozen to Middle, reason=AsyncBinder
01-22 19:03:11.321 I/OplusHansManager ( 1748): uid=10744, pkg=com.cricbuzz.android F exit(), F stay=0, reason=AsyncBinder
01-22 19:03:11.364 W/Finsky  (27346): [2] STU: Failed to get storage stats for package 'com.google.android.sdkext' (1601: Error getting stats: android.content.pm.PackageManager.NameNotFoundException)
01-22 19:03:11.372 W/Finsky  (27346): [2] STU: Failed to get storage stats for package 'com.google.android.adservices' (1601: Error getting stats: android.content.pm.PackageManager.NameNotFoundException)
01-22 19:03:11.372 W/Finsky  (27346): [2] STU: Failed to get storage stats for package 'com.google.android.tethering' (1601: Error getting stats: android.content.pm.PackageManager.NameNotFoundException)
01-22 19:03:11.549 W/Finsky  (27346): [2] STU: Failed to get storage stats for package 'com.google.android.cellbroadcast' (1601: Error getting stats: android.content.pm.PackageManager.NameNotFoundException)
01-22 19:03:11.750 W/Finsky  (27346): [2] STU: Failed to get storage stats for package 'com.google.android.tzdata4' (1601: Error getting stats: android.content.pm.PackageManager.NameNotFoundException)
01-22 19:03:11.795 W/Finsky  (27346): [2] STU: Failed to get storage stats for package 'com.google.android.permission' (1601: Error getting stats: android.content.pm.PackageManager.NameNotFoundException)
01-22 19:03:11.938 I/thermal_repeater( 1170): [recvMdThermalInfo] ret=29, strLen=127,  1, 32767,,, 197, 32767, 9462
01-22 19:03:12.317 D/IHansComunication( 6221): HANS sendMessageToKernel: threadId = 516689218736, netLinkSetup = 1, type = FROZEN_TRANS, targetUid = 10744, pkgCmd = PKG_CMD_MAX
01-22 19:03:12.390 W/Finsky  (27346): [2] STU: Failed to get storage stats for package 'com.google.android.media.swcodec' (1601: Error getting stats: android.content.pm.PackageManager.NameNotFoundException)
01-22 19:03:12.470 W/Finsky  (27346): [2] STU: Failed to get storage stats for package 'com.google.android.adbd' (1601: Error getting stats: android.content.pm.PackageManager.NameNotFoundException)
01-22 19:03:12.503 W/Finsky  (27346): [2] STU: Failed to get storage stats for package 'com.google.android.conscrypt' (1601: Error getting stats: android.content.pm.PackageManager.NameNotFoundException)
01-22 19:03:12.615 W/Finsky  (27346): [2] STU: Failed to get storage stats for package 'com.google.android.neuralnetworks' (1601: Error getting stats: android.content.pm.PackageManager.NameNotFoundException)
01-22 19:03:12.620 D/vendor.oplus.hardware.charger@1.0-service(  897): getChargerControl:
01-22 19:03:12.622 W/Finsky  (27346): [2] STU: Failed to get storage stats for package 'com.google.android.ipsec' (1601: Error getting stats: android.content.pm.PackageManager.NameNotFoundException)
01-22 19:03:12.655 W/Finsky  (27346): [2] STU: Failed to get storage stats for package 'com.google.android.ondevicepersonalization' (1601: Error getting stats: android.content.pm.PackageManager.NameNotFoundException)
01-22 19:03:12.684 I/OplusHansManager ( 1748): uid=10817, pkg=com.indeed.android.jobsearch can transition from M to F
01-22 19:03:12.684 I/OplusHansManager ( 1748): uid=10817, pkg=com.indeed.android.jobsearch F enter(), M stay=10
01-22 19:03:12.689 I/OplusHansManager ( 1748): freeze uid: 10817 com.indeed.android.jobsearch pids: [3249, 3593] IsolatedUid: [99251] scene: LcdOn
01-22 19:03:12.690 D/IHansComunication( 6221): HansComunication::addUid-- 10817, persistent--0
01-22 19:03:12.690 D/IHansComunication( 6221): HANS sendMessageToKernel: threadId = 516689218736, netLinkSetup = 1, type = PKG, targetUid = 10817, pkgCmd = ADD_ONE_UID
01-22 19:03:12.720 W/Finsky  (27346): [2] STU: Failed to get storage stats for package 'com.google.android.extservices' (1601: Error getting stats: android.content.pm.PackageManager.NameNotFoundException)
01-22 19:03:12.728 E/TaskPersister( 1748): File error accessing recents directory (directory doesn't exist?).
01-22 19:03:12.741 W/HidlServiceHelper(11138): Failed to read virtual TLC buffer usage returns is NULLnull
01-22 19:03:12.852 W/Finsky  (27346): [2] STU: Failed to get storage stats for package 'com.google.android.os.statsd' (1601: Error getting stats: android.content.pm.PackageManager.NameNotFoundException)
01-22 19:03:12.905 E/FilePhenotypeFlags(12336): Config package com.google.android.gms.clearcut_client#com.coloros.phonemanager cannot use FILE backing without declarative registration. See go/phenotype-android-integration#phenotype for more information. This will lead to stale flags.
01-22 19:03:12.907 W/Finsky  (27346): [2] STU: Failed to get storage stats for package 'com.google.android.scheduling' (1601: Error getting stats: android.content.pm.PackageManager.NameNotFoundException)
01-22 19:03:12.921 D/BoundBrokerSvc(24720): onUnbind: Intent { act=com.google.android.gms.safetynet.service.START pkg=com.google.android.gms }
01-22 19:03:12.925 E/IHansComunication( 6221): HANS printMessageBody: RCV message: type = 0,port = 86870,caller_pid = 1089,caller_uid = 1047,target_pid = 3249,target_uid = 10817,pkg_cmd = -1,rpc = android.hardware.ICameraServiceListener/5
01-22 19:03:12.929 I/OplusHansManager ( 1748): unfreeze uid: 10817 com.indeed.android.jobsearch pids: [3249, 3593] reason: AsyncBinder scene: LcdOn
01-22 19:03:12.930 I/OplusHansManager ( 1748): uid=10817, pkg=com.indeed.android.jobsearch, transition from Frozen to Middle, reason=AsyncBinder
01-22 19:03:12.930 I/OplusHansManager ( 1748): uid=10817, pkg=com.indeed.android.jobsearch F exit(), F stay=0, reason=AsyncBinder
01-22 19:03:12.945 I/Finsky  (27346): [2] App states replicator found 50 unowned apps
01-22 19:03:12.956 I/Finsky  (27346): [20142] Completed 0 account content syncs with 0 successful.
01-22 19:03:12.956 I/Finsky  (27346): [2] [ContentSync] Installation state replication succeeded.
01-22 19:03:12.956 I/Finsky  (27346): [2] SCH: jobFinished: 12-1. TimeElapsed: 2582ms.
01-22 19:03:12.957 I/Finsky  (27346): [2] WM::SCH: Logging work end for 12-1
01-22 19:03:12.962 E/FilePhenotypeFlags(12336): Config package com.google.android.gms.clearcut_client#com.coloros.phonemanager cannot use FILE backing without declarative registration. See go/phenotype-android-integration#phenotype for more information. This will lead to stale flags.
01-22 19:03:12.964 E/FilePhenotypeFlags(12336): Config package com.google.android.gms.clearcut_client#com.coloros.phonemanager cannot use FILE backing without declarative registration. See go/phenotype-android-integration#phenotype for more information. This will lead to stale flags.
01-22 19:03:12.977 I/Finsky  (27346): [20142] SCH: Scheduling phonesky job Id: 1-1337, CT: 1769062837223, Constraints: [{ L: 37539401, D: 80739401, C: CHARGING_NONE, I: IDLE_NONE, N: NET_ANY, B: BATTERY_ANY }]
01-22 19:03:12.977 I/Finsky  (27346): [20142] SCH: Scheduling phonesky job Id: 34-426, CT: 1769062846973, Constraints: [{ L: 604800000, D: 2471522803, C: CHARGING_NONE, I: IDLE_NONE, N: NET_ANY, B: BATTERY_ANY }]
01-22 19:03:12.977 I/Finsky  (27346): [20142] SCH: Scheduling phonesky job Id: 34-432, CT: 1769062846975, Constraints: [{ L: 604800000, D: 2550723487, C: CHARGING_NONE, I: IDLE_NONE, N: NET_ANY, B: BATTERY_ANY }]
01-22 19:03:12.977 I/Finsky  (27346): [20142] SCH: Scheduling phonesky job Id: 34-442, CT: 1769062846979, Constraints: [{ L: 37922960, D: 1333922960, C: CHARGING_NONE, I: IDLE_NONE, N: NET_ANY, B: BATTERY_ANY }]
01-22 19:03:12.981 I/Finsky  (27346): [20131] SCH: Scheduling 1 system job(s)
01-22 19:03:12.982 I/Finsky  (27346): [20131] SCH: Scheduling system job Id: 9936, L: 11583643, D: 54783643, C: false, I: false, N: 1
01-22 19:03:12.988 I/Finsky  (27346): [20692] SCH: job service finished with id 9931.
01-22 19:03:13.251 D/OplusAtlasService( 3300): getAttributeByAppName module:oplus-getStreamMaxVolume packageName:com.truecaller
01-22 19:03:13.252 D/AudioManagerExtImpl( 7107): getStreamVolume normal, volume index=5
01-22 19:03:13.267 D/OplusAtlasService( 3300): getAttributeByAppName module:oplus-getStreamMaxVolume packageName:com.truecaller
01-22 19:03:13.268 D/AudioManagerExtImpl( 7107): getStreamVolume too fast, volume index=5, package=com.truecaller
01-22 19:03:13.273 D/OplusAtlasService( 3300): getAttributeByAppName module:oplus-getStreamMaxVolume packageName:com.truecaller
01-22 19:03:13.274 D/AudioManagerExtImpl( 7107): getStreamVolume normal, volume index=5
01-22 19:03:13.349 D/OplusAtlasService( 3300): getAttributeByAppName module:oplus-getStreamMaxVolume packageName:com.truecaller
01-22 19:03:13.350 D/AudioManagerExtImpl( 7107): getStreamVolume normal, volume index=5
01-22 19:03:13.361 D/OplusAtlasService( 3300): getAttributeByAppName module:oplus-getStreamMaxVolume packageName:com.truecaller
01-22 19:03:13.361 D/AudioManagerExtImpl( 7107): getStreamVolume too fast, volume index=5, package=com.truecaller
01-22 19:03:13.366 D/OplusAtlasService( 3300): getAttributeByAppName module:oplus-getStreamMaxVolume packageName:com.truecaller
01-22 19:03:13.367 D/AudioManagerExtImpl( 7107): getStreamVolume too fast, volume index=5, package=com.truecaller
01-22 19:03:13.477 E/WiseLight(  852): Light=16.000000, del_time=200.000000, light_c=1.000000
01-22 19:03:13.677 E/WiseLight(  852): Light=17.000000, del_time=150.000000, light_c=1.000000
01-22 19:03:13.691 D/IHansComunication( 6221): HANS sendMessageToKernel: threadId = 516689218736, netLinkSetup = 1, type = FROZEN_TRANS, targetUid = 10817, pkgCmd = PKG_CMD_MAX
01-22 19:03:13.877 E/WiseLight(  852): Light=17.000000, del_time=175.000000, light_c=1.000000
01-22 19:03:13.954 D/ccci_mdinit(  970): (1):monitor_time_update_thread round:7746 ########
01-22 19:03:14.241 W/AlarmManager( 2425): Unrecognized alarm listener com.android.networkstack.android.net.ip.IpClientLinkObserver$Dhcp6PdPreferredPrefixAlarmListener@8b96adb
01-22 19:03:14.241 I/[BIP]   ( 1457):  [BIP NL] event newaddr match dev 0
01-22 19:03:14.241 I/[BIP]   ( 1457):  [BIP NL] IPv6: *:*:*:*:*:*:*:*
01-22 19:03:14.241 I/[BIP]   ( 1457):  [BIP NL] addr state is 3, ipv4=*.*.*.*, ipv6=*:*:*:*:*:*:*:*
01-22 19:03:14.241 I/[BIP]   ( 1457):  [BIP NL] event newaddr match dev 0
01-22 19:03:14.241 I/[BIP]   ( 1457):  [BIP NL] IPv6: *:*:*:*:*:*:*:*
01-22 19:03:14.241 I/[BIP]   ( 1457):  [BIP NL] addr state is 3, ipv4=*.*.*.*, ipv6=*:*:*:*:*:*:*:*
01-22 19:03:14.497 D/BoundBrokerSvc(24720): onUnbind: Intent { act=com.google.android.gms.safebrowsing.SafeBrowsingService.START dat=chimera-action:/... cmp=com.google.android.gms/.chimera.GmsBoundBrokerService }
01-22 19:03:14.502 D/AppSwitchObserverHelper( 4587): packageName: com.android.launcher,com.wholexale.app.staging
01-22 19:03:14.578 I/OplusHansManager ( 1748): uid=10349, pkg=com.jio.myjio can transition from M to F
01-22 19:03:14.578 I/OplusHansManager ( 1748): uid=10349, pkg=com.jio.myjio F enter(), M stay=10
01-22 19:03:14.581 I/OplusHansManager ( 1748): freeze uid: 10349 com.jio.myjio pids: [10144] scene: LcdOn
01-22 19:03:14.582 D/IHansComunication( 6221): HansComunication::addUid-- 10349, persistent--0
01-22 19:03:14.582 D/IHansComunication( 6221): HANS sendMessageToKernel: threadId = 516689218736, netLinkSetup = 1, type = PKG, targetUid = 10349, pkgCmd = ADD_ONE_UID
01-22 19:03:14.821 D/BoundBrokerSvc(24720): onUnbind: Intent { act=com.google.android.gms.appset.service.START dat=chimera-action:/... cmp=com.google.android.gms/.chimera.GmsApiService }
01-22 19:03:14.939 I/charon  (10534): 4717[JOB] [acquire_alarm_timer_wake_lock()  412] Acquire wake lock(fd:-1, result: 1, errno:9)
01-22 19:03:14.939 I/charon  (10534): 03[JOB] [schedule()  269] Job timer expiry(now:121336, event->time:121336), queuing job for execution
01-22 19:03:14.939 I/charon  (10534): 14[IKE] <pdn_1_23|23> [send_keepalive()  760] NATT keepalive through charon is enabled, interval:20
01-22 19:03:14.939 I/charon  (10534): 14[IKE] <pdn_1_23|23> [send_keepalive()  780] sending keep alive to 49.44.190.250[4500]
01-22 19:03:14.939 I/charon  (10534): 14[JOB] <pdn_1_23|23> [schedule_job_tv()  506] Put the job(expire at 121356) in heap position:1, next expired job:121356
01-22 19:03:14.940 I/charon  (10534): 14[JOB] [release_alarm_timer_wake_lock()  391] Release wake lock(fd:-1, result: 1, errno:9)
01-22 19:03:15.162 I/mtkpower@impl(  859): [powerd_req] TIMER_MSG_PERF_LOCK_TIMEOUT hdl:59268
01-22 19:03:15.162 I/libPowerHal(  859): [perfLockRel] hdl:59268, idx:1
01-22 19:03:15.163 I/libPowerHal(  859): MTKPOWER_HINT_PROCESS_CREATE: cpu_ctrl set cpu freq: -1 -1 -1 -1
01-22 19:03:15.163 I/libPowerHal(  859): [PD] MTKPOWER_HINT_PROCESS_CREATE update cmd:1000000, param:1
01-22 19:03:15.163 I/libPowerHal(  859): [PD] MTKPOWER_HINT_PROCESS_CREATE update cmd:1408300 param:40
01-22 19:03:15.164 I/libPowerHal(  859): [PD] MTKPOWER_HINT_PROCESS_CREATE update cmd:1434500 param:0
01-22 19:03:15.164 I/libPowerHal(  859): [PD] MTKPOWER_HINT_PROCESS_CREATE update cmd:1000000 param:1
01-22 19:03:15.279 D/AALLightSensor( 1193): oldLux=0 [SA:0 LA:0] newLux=0 (oriLux: 0)
01-22 19:03:15.306 D/OplusAtlasService( 3300): getAttributeByAppName module:oplus-getStreamMaxVolume packageName:com.truecaller
01-22 19:03:15.309 D/AudioManagerExtImpl( 7107): getStreamVolume normal, volume index=5
01-22 19:03:15.321 D/OplusAtlasService( 3300): getAttributeByAppName module:oplus-getStreamMaxVolume packageName:com.truecaller
01-22 19:03:15.322 D/AudioManagerExtImpl( 7107): getStreamVolume too fast, volume index=5, package=com.truecaller
01-22 19:03:15.327 D/OplusAtlasService( 3300): getAttributeByAppName module:oplus-getStreamMaxVolume packageName:com.truecaller
01-22 19:03:15.328 D/AudioManagerExtImpl( 7107): getStreamVolume too fast, volume index=5, package=com.truecaller
01-22 19:03:15.404 D/OplusAtlasService( 3300): getAttributeByAppName module:oplus-getStreamMaxVolume packageName:com.truecaller
01-22 19:03:15.407 D/AudioManagerExtImpl( 7107): getStreamVolume normal, volume index=5
01-22 19:03:15.416 D/OplusAtlasService( 3300): getAttributeByAppName module:oplus-getStreamMaxVolume packageName:com.truecaller
01-22 19:03:15.418 D/AudioManagerExtImpl( 7107): getStreamVolume too fast, volume index=5, package=com.truecaller
01-22 19:03:15.420 D/OplusAtlasService( 3300): getAttributeByAppName module:oplus-getStreamMaxVolume packageName:com.truecaller
01-22 19:03:15.422 D/AudioManagerExtImpl( 7107): getStreamVolume too fast, volume index=5, package=com.truecaller
01-22 19:03:15.471 D/OplusHecate(  966): pixels[1077,117]=0xff0d0b85
01-22 19:03:15.583 D/IHansComunication( 6221): HANS sendMessageToKernel: threadId = 516689218736, netLinkSetup = 1, type = FROZEN_TRANS, targetUid = 10349, pkgCmd = PKG_CMD_MAX
01-22 19:03:16.091 D/IMGMemtrackHAL(  849): hal_get_memory: memtrack cache rebuild was required
01-22 19:03:16.098 D/OplusAppListInterceptManager( 1748): shouldFilterTask
01-22 19:03:16.098 D/OplusAppListInterceptManager( 1748): shouldFilterTask::packageName = com.wholexale.app.staging
01-22 19:03:16.098 D/OplusAppListInterceptManager( 1748): shouldFilterTask
01-22 19:03:16.098 D/OplusAppListInterceptManager( 1748): shouldFilterTask::packageName = com.truecaller
01-22 19:03:16.099 D/OplusAppListInterceptManager( 1748): shouldFilterTask
01-22 19:03:16.099 D/OplusAppListInterceptManager( 1748): shouldFilterTask::packageName = com.whatsapp
01-22 19:03:16.099 D/OplusAppListInterceptManager( 1748): shouldFilterTask
01-22 19:03:16.099 D/OplusAppListInterceptManager( 1748): shouldFilterTask::packageName = com.android.settings
01-22 19:03:16.099 D/OplusSplitScreenManagerService( 1748): com.android.settings unSupportsSplitScreen by blockList or ForbidActivityList
01-22 19:03:16.099 D/OplusSplitScreenManagerService( 1748): com.android.settings unSupportsSplitScreen by blockList or ForbidActivityList
01-22 19:03:16.099 D/OplusAppListInterceptManager( 1748): shouldFilterTask
01-22 19:03:16.099 D/OplusAppListInterceptManager( 1748): shouldFilterTask::packageName = com.google.android.youtube
01-22 19:03:16.100 D/OplusAppListInterceptManager( 1748): shouldFilterTask
01-22 19:03:16.100 D/OplusAppListInterceptManager( 1748): shouldFilterTask::packageName = com.cricbuzz.android
01-22 19:03:16.107 W/GuardElfCpu( 4587): type=1400 audit(0.0:6909): avc: denied { read } for name="status" dev="proc" ino=46487149 scontext=u:r:system_app:s0 tcontext=u:r:surfaceflinger:s0 tclass=file permissive=0
01-22 19:03:16.107 W/GuardElfCpu( 4587): type=1400 audit(0.0:6910): avc: denied { search } for name="846" dev="proc" ino=46477183 scontext=u:r:system_app:s0 tcontext=u:r:mtk_hal_c2:s0 tclass=dir permissive=0
01-22 19:03:16.107 W/GuardElfCpu( 4587): type=1400 audit(0.0:6911): avc: denied { search } for name="843" dev="proc" ino=46486226 scontext=u:r:system_app:s0 tcontext=u:r:hal_graphics_composer_default:s0 tclass=dir permissive=0
01-22 19:03:16.107 W/GuardElfCpu( 4587): type=1400 audit(0.0:6912): avc: denied { read } for name="status" dev="proc" ino=46487150 scontext=u:r:system_app:s0 tcontext=u:r:installd:s0 tclass=file permissive=0
01-22 19:03:16.148 D/ScreenStatusProducer(25296): Current queue status: isIdle = true, isPolling = true
01-22 19:03:16.683 I/Process (12516): Sending signal. PID: 12516 SIG: 9
01-22 19:03:16.722 I/Zygote  (  819): Process 12516 exited due to signal 9 (Killed)
01-22 19:03:16.722 W/Process ( 1748): Unable to open /proc/12516/status
01-22 19:03:16.723 I/ActivityManager( 1748): Process com.oplus.deepthinker:worker (pid 12516) has died: cch+25 CEM 
01-22 19:03:16.723 I/libprocessgroup( 1748): Successfully killed process cgroup uid 10358 pid 12516 in 0ms
01-22 19:03:16.724 D/OplusUIFirst_FB( 1748): com.oplus.deepthinker remove pid: 12516
01-22 19:03:16.724 I/mtkpower_client( 1748): [Legacy][PowerHal_Wrap_notifyAppState] com.oplus.deepthinker/com.oplus.deepthinker pid=12516 state:3
01-22 19:03:16.724 I/game_scn( 1748): collectForegroundAppList packName=com.oplus.deepthinker, actName=com.oplus.deepthinker, pid=12516, uid=10358, state:DEAD
01-22 19:03:16.725 V/DeepThinker( 5470): ProcessManager: onProcessDied pid:12516, uid:10358
01-22 19:03:16.726 D/RilUtility(  859): notify_rild_crash_pid_set certPid:-1, crash:12516, scn:0x0
01-22 19:03:16.783 D/IMGMemtrackHAL(  849): hal_get_memory: memtrack cache rebuild was required
01-22 19:03:17.364 D/OplusAtlasService( 3300): getAttributeByAppName module:oplus-getStreamMaxVolume packageName:com.truecaller
01-22 19:03:17.368 D/AudioManagerExtImpl( 7107): getStreamVolume normal, volume index=5
01-22 19:03:17.379 D/OplusAtlasService( 3300): getAttributeByAppName module:oplus-getStreamMaxVolume packageName:com.truecaller
01-22 19:03:17.381 D/AudioManagerExtImpl( 7107): getStreamVolume too fast, volume index=5, package=com.truecaller
01-22 19:03:17.384 D/OplusAtlasService( 3300): getAttributeByAppName module:oplus-getStreamMaxVolume packageName:com.truecaller
01-22 19:03:17.385 D/AudioManagerExtImpl( 7107): getStreamVolume too fast, volume index=5, package=com.truecaller
01-22 19:03:17.462 D/OplusAtlasService( 3300): getAttributeByAppName module:oplus-getStreamMaxVolume packageName:com.truecaller
01-22 19:03:17.465 D/AudioManagerExtImpl( 7107): getStreamVolume normal, volume index=5
01-22 19:03:17.476 D/OplusAtlasService( 3300): getAttributeByAppName module:oplus-getStreamMaxVolume packageName:com.truecaller
01-22 19:03:17.477 D/AudioManagerExtImpl( 7107): getStreamVolume too fast, volume index=5, package=com.truecaller
01-22 19:03:17.480 D/OplusAtlasService( 3300): getAttributeByAppName module:oplus-getStreamMaxVolume packageName:com.truecaller
01-22 19:03:17.481 D/AudioManagerExtImpl( 7107): getStreamVolume too fast, volume index=5, package=com.truecaller
01-22 19:03:17.622 D/vendor.oplus.hardware.charger@1.0-service(  897): getChargerControl:
01-22 19:03:17.742 W/HidlServiceHelper(11138): Failed to read virtual TLC buffer usage returns is NULLnull
01-22 19:03:17.846 D/BoundBrokerSvc(24720): onUnbind: Intent { act=com.google.android.gms.ads.service.CACHE pkg=com.google.android.gms }
01-22 19:03:18.101 D/AtCmdParser( 2614): parserAtcmdUrc can not find parser for +EBARRING
01-22 19:03:18.120 D/AtCmdParser( 2614): parserAtcmdUrc can not find parser for +EREG
01-22 19:03:18.121 D/AtCmdParser( 2614): parserAtcmdUrc can not find parser for +EGREG
01-22 19:03:18.188 D/OplusNecManager( 2568): broadcastServiceStateChanged slotId:1oos:false
01-22 19:03:18.215 D/PowerMitigationService( 2461):  onServiceStateChanged curRat = 18, slotId1
01-22 19:03:18.215 D/cellularState[1]( 2614): handleMessage: E msg.what=4
01-22 19:03:18.215 D/cellularState[1]( 2614): processMsg: NetworkSearchingState
01-22 19:03:18.215 D/cellularState[1]( 2614): processMsg: SimReadyState
01-22 19:03:18.215 D/cellularState[1]( 2614): processMsg: DefaultState
01-22 19:03:18.215 E/cellularState[1]( 2614):  - unhandledMessage: msg.what=4
01-22 19:03:18.215 D/cellularState[1]( 2614): handleMessage: X
01-22 19:03:18.215 D/PowerMitigationService( 2461): handleMessage: { when=-1ms what=12 arg1=1 target=y.b$b }
01-22 19:03:18.221 W/ContextImpl( 1748): Calling a method in the system process without a qualified user: android.app.ContextImpl.sendBroadcastMultiplePermissions:1238 com.android.server.TelephonyRegistry.broadcastServiceStateChanged:3149 com.android.server.TelephonyRegistry.notifyServiceStateForPhoneId:1665 com.android.internal.telephony.ITelephonyRegistry$Stub.onTransact:492 android.os.Binder.execTransactInternal:1331 
01-22 19:03:18.223 W/ContextImpl( 1748): Calling a method in the system process without a qualified user: android.app.ContextImpl.sendBroadcastMultiplePermissions:1288 android.content.Context.sendBroadcastMultiplePermissions:2281 com.android.server.TelephonyRegistry.broadcastServiceStateChanged:3153 com.android.server.TelephonyRegistry.notifyServiceStateForPhoneId:1665 com.android.internal.telephony.ITelephonyRegistry$Stub.onTransact:492 
01-22 19:03:18.223 W/BroadcastQueue( 1748): Permission Denial: receiving Intent { act=android.intent.action.SERVICE_STATE flg=0x1000010 (has extras) } to ProcessRecord{b3a2deb 2225:com.android.systemui/u0a105} (pid=2225, uid=10105) requires android.permission.ACCESS_FINE_LOCATION due to sender android (uid 1001)
01-22 19:03:18.225 W/BroadcastQueue( 1748): Permission Denial: receiving Intent { act=android.intent.action.SERVICE_STATE flg=0x1000010 (has extras) } to com.google.android.cellbroadcastreceiver/com.android.cellbroadcastreceiver.CellBroadcastReceiver requires android.permission.READ_PHONE_STATE due to sender android (uid 1001)
01-22 19:03:18.226 W/BroadcastQueue( 1748): Permission Denial: receiving Intent { act=android.intent.action.SERVICE_STATE flg=0x1000010 (has extras) } to ProcessRecord{b3a2deb 2225:com.android.systemui/u0a105} (pid=2225, uid=10105) requires android.permission.ACCESS_FINE_LOCATION due to sender android (uid 1001)
01-22 19:03:18.227 W/BroadcastQueue( 1748): Appop Denial: receiving Intent { act=android.intent.action.SERVICE_STATE flg=0x1000010 (has extras) } to ProcessRecord{8e991c2 1748:system/1000} (pid=1748, uid=1000) excludes appop android:read_phone_state due to sender android (uid 1001)
01-22 19:03:18.227 W/ContextImpl( 1748): Calling a method in the system process without a qualified user: android.app.ContextImpl.sendBroadcastMultiplePermissions:1288 android.content.Context.sendBroadcastMultiplePermissions:2281 com.android.server.TelephonyRegistry.broadcastServiceStateChanged:3160 com.android.server.TelephonyRegistry.notifyServiceStateForPhoneId:1665 com.android.internal.telephony.ITelephonyRegistry$Stub.onTransact:492 
01-22 19:03:18.227 W/BroadcastQueue( 1748): Appop Denial: receiving Intent { act=android.intent.action.SERVICE_STATE flg=0x1000010 (has extras) } to ProcessRecord{68c6ecd 2568:com.android.phone/1001} (pid=2568, uid=1001) excludes appop android:read_phone_state due to sender android (uid 1001)
01-22 19:03:18.228 W/BroadcastQueue( 1748): Permission Denial: receiving Intent { act=android.intent.action.SERVICE_STATE flg=0x1000010 (has extras) } to com.google.android.cellbroadcastreceiver/com.android.cellbroadcastreceiver.CellBroadcastReceiver requires android.permission.ACCESS_FINE_LOCATION due to sender android (uid 1001)
01-22 19:03:18.229 W/ContextImpl( 1748): Calling a method in the system process without a qualified user: android.app.ContextImpl.sendBroadcastMultiplePermissions:1288 android.content.Context.sendBroadcastMultiplePermissions:2281 com.android.server.TelephonyRegistry.broadcastServiceStateChanged:3164 com.android.server.TelephonyRegistry.notifyServiceStateForPhoneId:1665 com.android.internal.telephony.ITelephonyRegistry$Stub.onTransact:492 
01-22 19:03:18.230 W/BroadcastQueue( 1748): Appop Denial: receiving Intent { act=android.intent.action.SERVICE_STATE flg=0x1000010 (has extras) } to ProcessRecord{8e991c2 1748:system/1000} (pid=1748, uid=1000) excludes appop android:fine_location due to sender android (uid 1001)
01-22 19:03:18.231 W/BroadcastQueue( 1748): Appop Denial: receiving Intent { act=android.intent.action.SERVICE_STATE flg=0x1000010 (has extras) } to ProcessRecord{68c6ecd 2568:com.android.phone/1001} (pid=2568, uid=1001) excludes appop android:fine_location due to sender android (uid 1001)
01-22 19:03:18.231 W/BroadcastQueue( 1748): Permission Denial: receiving Intent { act=android.intent.action.SERVICE_STATE flg=0x1000010 (has extras) } to com.google.android.cellbroadcastreceiver/com.android.cellbroadcastreceiver.CellBroadcastReceiver requires android.permission.READ_PHONE_STATE due to sender android (uid 1001)
01-22 19:03:18.233 W/BroadcastQueue( 1748): Appop Denial: receiving Intent { act=android.intent.action.SERVICE_STATE flg=0x1000010 (has extras) } to ProcessRecord{b3a2deb 2225:com.android.systemui/u0a105} (pid=2225, uid=10105) excludes appop android:read_phone_state due to sender android (uid 1001)
01-22 19:03:18.233 W/BroadcastQueue( 1748): Appop Denial: receiving Intent { act=android.intent.action.SERVICE_STATE flg=0x1000010 (has extras) } to ProcessRecord{8e991c2 1748:system/1000} (pid=1748, uid=1000) excludes appop android:read_phone_state due to sender android (uid 1001)
01-22 19:03:18.234 W/BroadcastQueue( 1748): Appop Denial: receiving Intent { act=android.intent.action.SERVICE_STATE flg=0x1000010 (has extras) } to ProcessRecord{68c6ecd 2568:com.android.phone/1001} (pid=2568, uid=1001) excludes appop android:read_phone_state due to sender android (uid 1001)
01-22 19:03:18.239 D/ServiceStateProvider( 2568): subId=6
01-22 19:03:18.242 D/CellBroadcastReceiver(10366): onReceive Intent { act=android.intent.action.SERVICE_STATE flg=0x1000010 cmp=com.google.android.cellbroadcastreceiver/com.android.cellbroadcastreceiver.CellBroadcastReceiver (has extras) }
