02-03 21:07:10.065 I/GoogleInputMethodService( 5757): GoogleInputMethodService.onStartInputView():1459 onStartInputView(EditorInfo{EditorInfo{packageName=com.wholexale.app.staging, inputType=4081, inputTypeString=Password[CapSentences], enableLearning=false, autoCorrection=false, autoComplete=true, imeOptions=4000006, privateImeOptions=null, actionName=DONE, actionLabel=null, initialSelStart=0, initialSelEnd=0, initialCapsMode=2000, label=null, fieldId=57, fieldName=null, extras=Bundle[{android.support.text.emoji.emojiCompat_metadataVersion=11, android.support.text.emoji.emojiCompat_replaceAll=false, com.oplus.im.SCENES=0}], hintText=non-empty, hintLocales=[]}}, false)
02-03 21:07:10.066 W/ModuleManager( 5757): ModuleManager.loadModule():573 Module abkd is not available
02-03 21:07:10.066 I/KeyboardHeightUtil( 5757): KeyboardHeightUtil.getOemKeyboardHeightRatio():81 systemKeyboardHeightRatio:1.000000.
02-03 21:07:10.070 I/AndroidIME( 5757): InputBundleManager.loadActiveInputBundleId():531 loadActiveInputBundleId: und-Latn-x-password, password
02-03 21:07:10.070 I/AndroidIME( 5757): AbstractIme.onActivate():95 PasswordIme.onActivate() : EditorInfo = EditorInfo{packageName=com.wholexale.app.staging, inputType=4081, inputTypeString=Password[CapSentences], enableLearning=false, autoCorrection=false, autoComplete=true, imeOptions=4000006, privateImeOptions=null, actionName=DONE, actionLabel=null, initialSelStart=0, initialSelEnd=0, initialCapsMode=2000, label=null, fieldId=57, fieldName=null, extras=Bundle[{android.support.text.emoji.emojiCompat_metadataVersion=11, android.support.text.emoji.emojiCompat_replaceAll=false, com.oplus.im.SCENES=0}], hintText=non-empty, hintLocales=[]}, IncognitoMode = false, DeviceLocked = false
02-03 21:07:10.071 I/OnDeviceWmrCalculator( 5757): OnDeviceWmrCalculator.calculateWmr():94 WMR: 0.0000 (0 / 2)
02-03 21:07:10.071 I/KeyboardWrapper( 5757): KeyboardWrapper.activateKeyboard():582 activateKeyboard(): type=prime, status=INACTIVE, imeDef=zsv{stringId=password, language=und-Latn-x-password, languageTag=und-Latn-x-password, processedConditions={writing_helper_enable_by_word_revert=true, variant=qwerty, true=true, language=en-US, enable_number_row=true, device=phone, enable_number_row_in_password=true, enable_pk_simulator=false}, className=com.google.android.libraries.inputmethod.ime.password.PasswordIme, label=2132019328, keyEventInterpreter=null, inlineComposing=true, autoCapital=true, announceAutoSelectedCandidate=true, statusIcon=0, indicatorIcon=0, indicatorLabel=null, displayAppCompletions=false, extraValues=zsn{}, processors=zvh@a4dd9ba, unacceptableMetaKeys=4098, languageSpecificSettings=0, asciiCapable=false, alwaysShowSuggestions=false, useAsciiPasswordKeyboard=false, keyboardGroupDef=zum@f3acfbf, phenotypeFlagId=0, localizationLanguageTag=null, supportsInlineSuggestion=false}
02-03 21:07:10.071 I/KeyboardManager( 5757): KeyboardManager.requestKeyboard():249 Creating keyboard prime, imeId=password, cacheKey=theme,!gsf,!pgsans,!pgsf,!use_system_font,BORDER,DYNAMIC_DARK_BRIGHT_KEY,FLAVOR_DPI=XXHDPI,KEYBOARD_WIDTH_CATEGORY=NORMAL,KEY_BORDER_SHAPE=1,LIGHT_THEME=false,PHYSICAL_DIAGONAL=6.205629,POPUP,SCREEN_SHORTEST_WIDTH=423,SCREEN_SHORTEST_WIDTH_NO_SCALE=423,SW400DP,XXHDPI,bottom4dp,bright_key_on_dynamic_color_dark_theme=true,enable_popup_on_keypress=true,keyboard_redesign_google_sans=true,non_linear_scale,noshadow,overlay_builtin_dynamic_color_dark_base.binarypb:gm3-dark-ff1c100f-ffffb4aa-f3a6645152bf6ebcfdaad69eee598866,silkpopup
02-03 21:07:10.072 I/AndroidIME( 5757): InputBundleManager.startInput():361 startInput() with zur[keyboardType=prime, payload=null]
02-03 21:07:10.073 I/GlobeKeyExtension( 5757): GlobeKeyExtension.onActivate():120 
02-03 21:07:10.077 I/LanguagePromoExtension( 5757): LanguagePromoExtension.checkDisplayPreconditions():171 Not show language promo: exceeds the max display times.
02-03 21:07:10.077 I/NewLanguagePromptExtension( 5757): NewLanguagePromptExtension.onActivate():189 Not activated NewLanguagePromptExtension: not a normal text input box.
02-03 21:07:10.078 I/HardKeyTracker( 5757): HardKeyTracker.unregisterKeySequence():228 Unregister key sequence abgw{labelResId=2132020511, callback=uml@f315f95, lastModifier=2, keyCodes=[56], actions=[0]}
02-03 21:07:10.078 I/HardKeyTracker( 5757): HardKeyTracker.registerKeySequence():177 Register key sequence abgw{labelResId=2132020511, callback=uml@6aa630f, lastModifier=2, keyCodes=[56], actions=[0]}
02-03 21:07:10.079 I/VoiceInputManagerWrapper( 5757): VoiceInputManagerWrapper.cancelShutdown():109 cancelShutdown()
02-03 21:07:10.079 I/VoiceInputManagerWrapper( 5757): VoiceInputManagerWrapper.syncLanguagePacks():121 syncLanguagePacks()
02-03 21:07:10.079 I/SpeechFactory( 5757): SpeechRecognitionFactory.maybeScheduleAutoPackDownloadForFallback():217 maybeScheduleAutoPackDownloadForFallback()
02-03 21:07:10.079 I/VoiceInputManager( 5757): VoiceInputManager.onKeyboardActivated():1215 onKeyboardActivated() [UD]
02-03 21:07:10.079 I/FallbackOnDeviceRecognitionProvider( 5757): FallbackOnDeviceRecognitionProvider.maybeScheduleAutoPackDownload():213 maybeScheduleAutoPackDownload() for language tag en-US
02-03 21:07:10.079 I/SpeechPackManager( 5757): SpeechPackManager.isPackAvailableToDownload():224 isPackAvailableToDownload() : LanguageTag = en-US : ManifestUrl = https://dl.google.com/android/voice/gboard/terse/superpacks-manifest-20210519.json
02-03 21:07:10.080 I/PkModeUpdater( 5757): PkModeUpdater.onActivate():74 onActivate false true
02-03 21:07:10.080 I/AccessoryInputModeManager( 5757): AccessoryInputModeManager.onModeStarted():324 Accessory input mode started: null
02-03 21:07:10.080 I/FallbackOnDeviceRecognitionProvider( 5757): FallbackOnDeviceRecognitionProvider$1.onSuccess():221 auto download packs.
02-03 21:07:10.080 W/SupplementaryKeyboardsWrapper( 5757): SupplementaryKeyboardsWrapper.deactivateKeyboard():162 keyboard accessory_candidates_consumer is not activated before!
02-03 21:07:10.080 I/SpeechPackManager( 5757): SpeechPackManager.syncPacks():343 syncPacks()
02-03 21:07:10.080 I/SpeechPackManager( 5757): SpeechPackManager.isPackAvailableOnDisk():205 isPackAvailableOnDisk() : LanguageTag = en-GB
02-03 21:07:10.080 I/SpeechPackManager( 5757): SpeechPackManager.registerManifest():509 registerManifest() : https://dl.google.com/android/voice/gboard/terse/superpacks-manifest-20210519.json
02-03 21:07:10.081 I/SpeechPackManager( 5757): SpeechPackManager.registerManifest():516 registerManifest() : Reusing hash 1327534105
02-03 21:07:10.082 I/SpeechPackSlicingStrategy( 5757): SpeechPackSlicingStrategy.getSlices():52 getSlices() : ForceUpdates = false : LanguageTags = [en-US, en-GB]
02-03 21:07:10.082 I/SpeechPackSlicingStrategy( 5757): SpeechPackSlicingStrategy.getSlices():66 getSlices(): slicing result: {slices=[{gboard-small-speech-packs:en-US-small-rnnt, W:C:*:*, bg}, {gboard-small-speech-packs:en-GB-v201-f20, W:C:*:*, bg}], last batch=true, sync metadata=false}
02-03 21:07:10.082 I/SP      ( 5757): Syncing gboard-small-speech-packs (1327534105) with slices: [{en-US-small-rnnt, W:C:*:*, bg}, {en-GB-v201-f20, W:C:*:*, bg}], metadata: false
02-03 21:07:10.084 I/KeyboardModeUtils( 5757): KeyboardModeUtils.getKeyboardBottomOffset():435 inch: 0.000000 ydpi: 409.016998 adjustKeyboardBottomByDisplaySize: false currentDensityDpi: 408 defaultDensityDpi: 408 keyboardBottomToScreenPx: 0 keyboardBottomToNavBarPx: -41 navBarHeight: 41
02-03 21:07:10.084 I/BaseKeyboardSizeHelper( 5757): BaseKeyboardSizeHelper.calculateMaxKeyboardBodyHeight():73 leave 273 height for app when ime window height:2249, header height:112 and isFullscreenMode:false, so the max keyboard body height is:1864
02-03 21:07:10.084 I/BaseKeyboardSizeHelper( 5757): BaseKeyboardSizeHelper.calculateMaxKeyboardBodyHeight():73 leave 273 height for app when ime window height:2249, header height:112 and isFullscreenMode:false, so the max keyboard body height is:1864
02-03 21:07:10.084 I/BaseKeyboardSizeHelper( 5757): BaseKeyboardSizeHelper.calculateMaxKeyboardBodyHeight():73 leave 273 height for app when ime window height:2249, header height:112 and isFullscreenMode:false, so the max keyboard body height is:1864
02-03 21:07:10.084 I/BaseKeyboardSizeHelper( 5757): BaseKeyboardSizeHelper.calculateMaxKeyboardBodyHeight():73 leave 273 height for app when ime window height:2249, header height:112 and isFullscreenMode:false, so the max keyboard body height is:1864
02-03 21:07:10.084 W/ExtensionWrapper( 5757): ExtensionWrapper.setExtensionViewVisibility():859 interface yzm is not activate
02-03 21:07:10.086 I/Module  ( 5757): DeviceLockedStatusModuleProvider$Module.updateDeviceLockedStatus():103 repeatCheckTimes = 1, locked = false
02-03 21:07:10.086 I/HardKeyTracker( 5757): HardKeyTracker.unregisterKeySequence():228 Unregister key sequence abgw{labelResId=2132020511, callback=uml@82bcaae, lastModifier=2, keyCodes=[56], actions=[0]}
02-03 21:07:10.087 I/HardKeyTracker( 5757): HardKeyTracker.registerKeySequence():177 Register key sequence abgw{labelResId=2132020511, callback=uml@90cfc5d, lastModifier=2, keyCodes=[56], actions=[0]}
02-03 21:07:10.088 I/HardKeyTracker( 5757): HardKeyTracker.unregisterKeySequence():228 Unregister key sequence abgw{labelResId=2132020515, callback=uml@3dae3dc, lastModifier=2, keyCodes=[48], actions=[0]}
02-03 21:07:10.088 I/HardKeyTracker( 5757): HardKeyTracker.registerKeySequence():177 Register key sequence abgw{labelResId=2132020515, callback=uml@c59f9d2, lastModifier=2, keyCodes=[48], actions=[0]}
02-03 21:07:10.089 W/AccessPointsManager( 5757): AccessPointsManager.addAccessPoint():1086 The holder controller #0x7f0b2468 is not registered
02-03 21:07:10.090 I/HardKeyTracker( 5757): HardKeyTracker.unregisterKeySequence():228 Unregister key sequence abgw{labelResId=2132020515, callback=uml@288d26b, lastModifier=2, keyCodes=[48], actions=[0]}
02-03 21:07:10.090 I/HardKeyTracker( 5757): HardKeyTracker.registerKeySequence():177 Register key sequence abgw{labelResId=2132020515, callback=uml@6d98aa3, lastModifier=2, keyCodes=[48], actions=[0]}
02-03 21:07:10.093 I/HardKeyTracker( 5757): HardKeyTracker.unregisterKeySequence():228 Unregister key sequence abgw{labelResId=2132020516, callback=uml@a44c261, lastModifier=2, keyCodes=[32], actions=[0]}
02-03 21:07:10.093 I/HardKeyTracker( 5757): HardKeyTracker.registerKeySequence():177 Register key sequence abgw{labelResId=2132020516, callback=uml@1a20159, lastModifier=2, keyCodes=[32], actions=[0]}
02-03 21:07:10.097 I/HardKeyTracker( 5757): HardKeyTracker.unregisterKeySequence():228 Unregister key sequence abgw{labelResId=2132020516, callback=uml@1bdd274, lastModifier=2, keyCodes=[32], actions=[0]}
02-03 21:07:10.098 I/HardKeyTracker( 5757): HardKeyTracker.registerKeySequence():177 Register key sequence abgw{labelResId=2132020516, callback=uml@177cc, lastModifier=2, keyCodes=[32], actions=[0]}
02-03 21:07:10.100 W/OnBackInvokedCallback(25078): OnBackInvokedCallback is not enabled for the application.
02-03 21:07:10.100 W/OnBackInvokedCallback(25078): Set 'android:enableOnBackInvokedCallback="true"' in the application manifest.
02-03 21:07:10.102 D/InsetsController(25078): show(ime(), fromIme=true)
02-03 21:07:10.104 D/InputMethodManagerService( 1741): onHandleImeWindowVisibleStatus: vis = 3, needsToShowImeSwitcher = false
02-03 21:07:10.107 D/InsetsController(25078): show(ime(), fromIme=true)
02-03 21:07:10.109 D/InputMethodManagerService( 1741): onHandleImeWindowVisibleStatus: vis = 3, needsToShowImeSwitcher = false
02-03 21:07:10.111 I/KeyboardModeUtils( 5757): KeyboardModeUtils.getKeyboardBottomOffset():435 inch: 0.000000 ydpi: 409.016998 adjustKeyboardBottomByDisplaySize: false currentDensityDpi: 408 defaultDensityDpi: 408 keyboardBottomToScreenPx: 0 keyboardBottomToNavBarPx: -41 navBarHeight: 41
02-03 21:07:10.112 I/BaseKeyboardSizeHelper( 5757): BaseKeyboardSizeHelper.calculateMaxKeyboardBodyHeight():73 leave 273 height for app when ime window height:2249, header height:112 and isFullscreenMode:false, so the max keyboard body height is:1864
02-03 21:07:10.112 I/BaseKeyboardSizeHelper( 5757): BaseKeyboardSizeHelper.calculateMaxKeyboardBodyHeight():73 leave 273 height for app when ime window height:2249, header height:112 and isFullscreenMode:false, so the max keyboard body height is:1864
02-03 21:07:10.112 I/WindowMetricsNotification( 5757): WindowMetricsNotification.notifyWithWindow():166 
02-03 21:07:10.112 I/WindowMetricsNotification( 5757): WindowMetricsNotification.notify():159 afxy[bounds=Rect(0, 110 - 1080, 2400), insets=Rect(0, 0 - 0, 41), densityDpi=408, smallestScreenWidthDp=423, displayWidth=1080, displayHeight=2400, xdpi=409.017, ydpi=409.017, isTrustable=true, displayId=0]; DisplayMetrics{density=2.55, width=1080, height=2400, scaledDensity=2.55, xdpi=409.017, ydpi=409.017}
02-03 21:07:10.122 I/KeyboardWrapper( 5757): KeyboardWrapper.onKeyboardReady():224 onKeyboardReady(): type=prime(prime), kb=com.google.android.apps.inputmethod.latin.keyboard.LatinPasswordKeyboard@374d0b5
02-03 21:07:10.122 I/KeyboardWrapper( 5757): KeyboardWrapper.doActivateKeyboard():612 doActivateKeyboard(): prime
02-03 21:07:10.133 I/BaseKeyboardSizeHelper( 5757): BaseKeyboardSizeHelper.calculateMaxKeyboardBodyHeight():73 leave 273 height for app when ime window height:2249, header height:112 and isFullscreenMode:false, so the max keyboard body height is:1864
02-03 21:07:10.133 W/TooltipLifecycleManager( 5757): TooltipLifecycleManager.dismissTooltips():153 Tooltip with id undo_access_point_promotion_banner not found in tooltipManager.
02-03 21:07:10.137 I/KeyboardModeUtils( 5757): KeyboardModeUtils.getKeyboardBottomOffset():435 inch: 0.000000 ydpi: 409.016998 adjustKeyboardBottomByDisplaySize: false currentDensityDpi: 408 defaultDensityDpi: 408 keyboardBottomToScreenPx: 0 keyboardBottomToNavBarPx: -41 navBarHeight: 41
02-03 21:07:10.137 I/BaseKeyboardSizeHelper( 5757): BaseKeyboardSizeHelper.calculateMaxKeyboardBodyHeight():73 leave 273 height for app when ime window height:2249, header height:112 and isFullscreenMode:false, so the max keyboard body height is:1864
02-03 21:07:10.137 I/BaseKeyboardSizeHelper( 5757): BaseKeyboardSizeHelper.calculateMaxKeyboardBodyHeight():73 leave 273 height for app when ime window height:2249, header height:112 and isFullscreenMode:false, so the max keyboard body height is:1864
02-03 21:07:10.137 I/BaseKeyboardSizeHelper( 5757): BaseKeyboardSizeHelper.calculateMaxKeyboardBodyHeight():73 leave 273 height for app when ime window height:2249, header height:112 and isFullscreenMode:false, so the max keyboard body height is:1864
02-03 21:07:10.137 I/BaseKeyboardSizeHelper( 5757): BaseKeyboardSizeHelper.calculateMaxKeyboardBodyHeight():73 leave 273 height for app when ime window height:2249, header height:112 and isFullscreenMode:false, so the max keyboard body height is:1864
02-03 21:07:10.138 I/GlobeKeyExtension( 5757): GlobeKeyExtension.getKeyboardInitialStates():175 
02-03 21:07:10.138 W/Keyboard( 5757): Keyboard.getKeyboardViewHelper():604 null helper is returned: keyboardDef=zty{processedConditions={show_comma_key=true, enable_more_candidates_view_for_multilingual=false, layout_9key_split=false, enable_secondary_symbols=false, pref_enable_flick_symbols=false, language=en-US, deprecate_long_press_space_for_ime_picker=false, show_suggestion_strip=true, expressions=normal, android_software_xr_api_spatial=false, variant=qwerty, show_period_key=true, enable_number_row=true, device=phone, keyboard_mode=normal, show_secondary_digits=false, enable_pk_simulator=false, enable_preemptive_decode=true}, globalConditions={global_theme_key=theme,!gsf,!pgsans,!pgsf,!use_system_font,BORDER,DYNAMIC_DARK_BRIGHT_KEY,FLAVOR_DPI=XXHDPI,KEYBOARD_WIDTH_CATEGORY=NORMAL,KEY_BORDER_SHAPE=1,LIGHT_THEME=false,PHYSICAL_DIAGONAL=6.205629,POPUP,SCREEN_SHORTEST_WIDTH=423,SCREEN_SHORTEST_WIDTH_NO_SCALE=423,SW400DP,XXHDPI,bottom4dp,bright_key_on_dynamic_color_dark_theme=true,enable_popup_on_keypress=true,keyboard_redesign_google_sans=true,non_linear_scale,noshadow,overlay_builtin_dynamic_color_dark_base.binarypb:gm3-dark-ff1c100f-ffffb4aa-f3a6645152bf6ebcfdaad69eee598866,silkpopup, global_locale=en_US, global_density_dpi=408, global_orientation=1}, className=.latin.keyboard.LatinPasswordKeyboard, resourceIds=[#0x7f1705f9, #0x7f17088b, #0x7f1706b9], initialStates=0, keyboardViewDefs=[zuy{direction=null, id=#0x7f0b0225, isScalable=true, layoutId=#0x7f0e02af, type=BODY, touchable=true, defaultShow=true}, zuy{direction=null, id=#0x7f0b0225, isScalable=false, layoutId=#0x7f0e020b, type=FLOATING_CANDIDATES, touchable=false, defaultShow=false}, zuy{direction=LOCALE, id=#0x7f0b0225, isScalable=false, layoutId=#0x7f0e0511, type=HEADER, touchable=true, defaultShow=true}], persistentStates=0, persistentStatesPrefKey=null, popupBubbleLayoutId=#0x7f0e0601, recentKeyLayoutId=#0x0, recentKeyPopupLayoutId=#0x0, recentKeyType=null, rememberRecentKey=NONE, sessionStates=17592186044419}, type=WIDGET, helpersCreated={HEADER=yst@aac2115, BODY=yst@89cac2a, FLOATING_CANDIDATES=yst@9a64a1b}, context.getResources().getConfiguration(): {1.15 ??mcc??mnc [en_US,en_GB] ldltr sw423dp w423dp h898dp 408dpi nrml long port night finger -keyb/v/h -nav/h winConfig={ mBounds=Rect(0, 0 - 1080, 2400) mAppBounds=Rect(0, 110 - 1080, 2400) mMaxBounds=Rect(0, 0 - 1080, 2400) mDisplayRotation=ROTATION_0 mWindowingMode=fullscreen mDisplayWindowingMode=fullscreen mActivityType=undefined mAlwaysOnTop=undefined mRotation=ROTATION_0} s.543 fontWeightAdjustment=0mThemeChanged= 0, mThemeChangedFlags= 0, mFlipFont= 0, mAccessibleChanged= -1, mUxIconConfig= 3468921665126662177, mMaterialColor= 0, mUserId= 0, mFontUserId= 0, mFontVariationSettings= 226, mFoldingAngle = -1.0, mIconPackName= , mDarkModeBackgroundMaxL= 0.0, mDarkModeDialogBgMaxL= 27.0, mDarkModeForegroundMinL= 100.0, mOplusConfigType= 1, mOplusChangedConfigs= 0, OpSans= 0, mFlag= 0}
02-03 21:07:10.139 I/BaseKeyboardSizeHelper( 5757): BaseKeyboardSizeHelper.calculateMaxKeyboardBodyHeight():73 leave 273 height for app when ime window height:2249, header height:112 and isFullscreenMode:false, so the max keyboard body height is:1864
02-03 21:07:10.139 I/hwcomposer(  843): [HWC] (0)fire a callback of refresh to SF[4]  
02-03 21:07:10.141 I/SP      ( 5757): Sync for gboard-small-speech-packs succeeded in 60 ms: no changes
02-03 21:07:10.142 I/SP      ( 5757): GC for 'gboard-small-speech-packs' (10) with ttl of 0 ms took 1 ms (0/1/0)
02-03 21:07:10.143 I/SpeechPackManager( 5757): SpeechPackManager$4.onSuccess():495 updatePackSetCacheAsync() : Updated the PackSet cache
02-03 21:07:10.148 D/OplusFullScreenDisplayManager( 1741): adjustWindowParamsLw com.google.android.inputmethod.latin, no change cutoutMode: 0
02-03 21:07:10.148 V/WindowManager( 1741): Relayout Window{96ba97a u0 InputMethod}: viewVisibility=0, oldvis=0, req=1080x2290
02-03 21:07:10.153 I/KeyboardModeUtils( 5757): KeyboardModeUtils.getKeyboardBottomOffset():435 inch: 0.000000 ydpi: 409.016998 adjustKeyboardBottomByDisplaySize: false currentDensityDpi: 408 defaultDensityDpi: 408 keyboardBottomToScreenPx: 0 keyboardBottomToNavBarPx: -41 navBarHeight: 41
02-03 21:07:10.153 I/BaseKeyboardSizeHelper( 5757): BaseKeyboardSizeHelper.calculateMaxKeyboardBodyHeight():73 leave 273 height for app when ime window height:2249, header height:112 and isFullscreenMode:false, so the max keyboard body height is:1864
02-03 21:07:10.153 I/BaseKeyboardSizeHelper( 5757): BaseKeyboardSizeHelper.calculateMaxKeyboardBodyHeight():73 leave 273 height for app when ime window height:2249, header height:112 and isFullscreenMode:false, so the max keyboard body height is:1864
02-03 21:07:10.155 V/bt_stack( 3260): [VERBOSE1:btm_ble_gap.cc(2613)] btm_ble_process_adv_addr: bda=44:**:**:**:a0:c8 addr_type=1
02-03 21:07:10.155 I/bt_btm  ( 3260): LogMsg: btm_ble_process_adv_pkt: pkt_data_len: 20
02-03 21:07:10.155 V/bt_stack( 3260): [VERBOSE1:btm_ble_gap.cc(2613)] btm_ble_process_adv_addr: bda=44:**:**:**:a0:c8 addr_type=1
02-03 21:07:10.155 I/bt_btm  ( 3260): LogMsg: btm_ble_process_adv_pkt: pkt_data_len: 27
02-03 21:07:10.155 I/bt_btif ( 3260): LogMsg: bta_dm_observe_results_cb
02-03 21:07:10.155 I/bt_btif ( 3260): LogMsg: btif_ble_scanner_update_COD 44:53:00:c7:a0:c8 cod is 0x000000
02-03 21:07:10.155 I/bt_btif ( 3260): LogMsg: btif_ble_scanner_update_COD cod in config 0x001f00, status=0
02-03 21:07:10.155 I/bt_btif ( 3260): LogMsg: btif_ble_scanner_update_COD invalid cod 0x0, use cod 0x1f00 in config
02-03 21:07:10.155 I/bt_btif ( 3260): LogMsg: bta_scan_results_cb_impl : type 0 channel 0
02-03 21:07:10.156 I/bt_btif ( 3260): LogMsg: bta_scan_results_cb_impl: HAL bt_gatt_callbacks->scanner->scan_result_cb
02-03 21:07:10.156 D/BtGatt.GattService( 3260): onScanResult() - eventType=0x1b, addressType=1, address=44:53:00:C7:A0:C8, primaryPhy=1, secondaryPhy=0, advertisingSid=0xff, txPower=127, rssi=-94, periodicAdvInt=0x0, originalAddress=44:53:00:C7:A0:C8, type=0, channel=0
02-03 21:07:10.159 I/NearbyDiscovery( 4768): (REDACTED) BloomFilterAdvManager: Detected bloom filter but too far away, ignoring. %sm, %s
02-03 21:07:10.163 I/GoogleInputMethodService( 5757): GoogleInputMethodService$1.onKeyboardViewShown():329 onKeyboardViewShown: keyboardType=prime, keyboardViewType=HEADER keyboardView=com.google.android.libraries.inputmethod.widgets.SoftKeyboardView{f002258 V.E...... ........ 0,0-1080,112}
02-03 21:07:10.163 I/BaseKeyboardSizeHelper( 5757): BaseKeyboardSizeHelper.calculateMaxKeyboardBodyHeight():73 leave 273 height for app when ime window height:2249, header height:112 and isFullscreenMode:false, so the max keyboard body height is:1864
02-03 21:07:10.164 I/GoogleInputMethodService( 5757): GoogleInputMethodService$1.onKeyboardViewShown():329 onKeyboardViewShown: keyboardType=prime, keyboardViewType=BODY keyboardView=com.google.android.libraries.inputmethod.widgets.SoftKeyboardView{34ae571 V.E...... ........ 0,0-1080,742}
02-03 21:07:10.164 I/BaseKeyboardSizeHelper( 5757): BaseKeyboardSizeHelper.calculateMaxKeyboardBodyHeight():73 leave 273 height for app when ime window height:2249, header height:112 and isFullscreenMode:false, so the max keyboard body height is:1864
02-03 21:07:10.165 I/GlobeKeyExtension( 5757): GlobeKeyExtension$1.onKeyboardViewShown():72 maybeDisableLanguageSwitchKeyPref when the keyboard is shown
02-03 21:07:10.165 I/GlobeKeyExtension( 5757): GlobeKeyExtension.maybeDisableLanguageSwitchKeyPref():200 maybeDisableLanguageSwitchKeyPref hasGlobeKeyBeenDisabled: false, shouldDisableLanguageSwitchKey: false
02-03 21:07:10.165 I/NewLanguagePromptExtension( 5757): NewLanguagePromptExtension$1.onKeyboardViewShown():88 Not show new language banner: not prime keyboard, or the extension not activated.
02-03 21:07:10.165 I/KeyboardModeUtils( 5757): KeyboardModeUtils.getKeyboardBottomOffset():435 inch: 0.000000 ydpi: 409.016998 adjustKeyboardBottomByDisplaySize: false currentDensityDpi: 408 defaultDensityDpi: 408 keyboardBottomToScreenPx: 0 keyboardBottomToNavBarPx: -41 navBarHeight: 41
02-03 21:07:10.166 I/BaseKeyboardSizeHelper( 5757): BaseKeyboardSizeHelper.calculateMaxKeyboardBodyHeight():73 leave 273 height for app when ime window height:2249, header height:112 and isFullscreenMode:false, so the max keyboard body height is:1864
02-03 21:07:10.166 I/BaseKeyboardSizeHelper( 5757): BaseKeyboardSizeHelper.calculateMaxKeyboardBodyHeight():73 leave 273 height for app when ime window height:2249, header height:112 and isFullscreenMode:false, so the max keyboard body height is:1864
02-03 21:07:10.207 D/IHansComunication( 4602): HANS sendMessageToKernel: threadId = 501361515696, netLinkSetup = 1, type = FROZEN_TRANS, targetUid = 10744, pkgCmd = PKG_CMD_MAX
02-03 21:07:10.325 D/ProfileInstaller(25078): Installing profile for com.wholexale.app.staging
02-03 21:07:10.351 I/hwcomposer(  843): [HWC] (0)fire a callback of refresh to SF[4]  
02-03 21:07:10.406 D/IHansComunication( 4602): HANS sendMessageToKernel: threadId = 501361515696, netLinkSetup = 1, type = FROZEN_TRANS, targetUid = 10742, pkgCmd = PKG_CMD_MAX
02-03 21:07:10.429 D/IHansComunication( 4602): HANS sendMessageToKernel: threadId = 501361515696, netLinkSetup = 1, type = FROZEN_TRANS, targetUid = 10186, pkgCmd = PKG_CMD_MAX
02-03 21:07:10.455 I/dxvd    ( 5870): (REDACTED) appOpsListener %s %s
02-03 21:07:10.455 I/audioserver(  956): App op 27 missing, silencing record AttributionSourceState{pid: 26664, uid: 10141, packageName: com.google.android.youtube, attributionTag: (null), token: {no toString() implemented}, renouncedPermissions: [], next: []}
02-03 21:07:10.455 I/dxvd    ( 5870): (REDACTED) Ignoring irrelevant audio permission changes for package %s
02-03 21:07:10.655 I/hwcomposer(  843): [HWC] (0)fire a callback of refresh to SF[4]  
02-03 21:07:10.973 D/IHansComunication( 4602): HANS sendMessageToKernel: threadId = 501361515696, netLinkSetup = 1, type = FROZEN_TRANS, targetUid = 10349, pkgCmd = PKG_CMD_MAX
02-03 21:07:11.139 I/hwcomposer(  843): [HWC] (0)fire a callback of refresh to SF[4]  
02-03 21:07:11.210 D/PowerManagerService( 1741): userActivityNoUpdateLocked: groupId=0, eventTime=101988537, event=2, flags=0x0, uid=1000
02-03 21:07:11.210 D/OGG_Detector( 1741): D:done mCurrStatus: 0
02-03 21:07:11.211 D/NoBackGesture( 2210): Start gesture: MotionEvent { action=ACTION_DOWN, actionButton=0, id[0]=0, x[0]=658.0, y[0]=1090.25, toolType[0]=TOOL_TYPE_FINGER, buttonState=0, classification=NONE, metaState=0, flags=0x0, edgeFlags=0x0, pointerCount=1, historySize=0, eventTime=101988537, downTime=101988537, deviceId=4, source=0x1002, displayId=0, eventId=867199977 }
02-03 21:07:11.211 D/NoBackGesture( 2210): Not in side gesture area
02-03 21:07:11.275 I/libPowerHal(  863): [perfLockRel] hdl:97263, idx:1
02-03 21:07:11.275 I/libPowerHal(  863): [PD] MTKPOWER_HINT_APP_TOUCH update cmd:3408600 param:0
02-03 21:07:11.276 D/InputMethodManager(25078): showSoftInput() view=com.facebook.react.views.textinput.ReactEditText{aeb502d VFED..CL. .F.P.... 132,3-891,149 #39 aid=1073741825} flags=0 reason=SHOW_SOFT_INPUT
02-03 21:07:11.280 D/InsetsController(25078): show(ime(), fromIme=true)
02-03 21:07:11.281 D/InputMethodManagerService( 1741): onHandleImeWindowVisibleStatus: vis = 3, needsToShowImeSwitcher = false
02-03 21:07:11.288 I/mtkpower@impl(  863): [powerd_req] TIMER_MSG_PERF_LOCK_TIMEOUT hdl:97247
02-03 21:07:11.288 I/libPowerHal(  863): [perfLockRel] hdl:97247, idx:-1
02-03 21:07:11.383 I/hwcomposer(  843): [HWC] (0)fire a callback of refresh to SF[4]  
02-03 21:07:11.432 D/BufferPoolAccessor2.0(26664): bufferpool2 0xb4000072c30a2a28 : 0(0 size) total buffers - 0(0 size) used buffers - 0/8 (recycle/alloc) - 8/153 (fetch/transfer)
02-03 21:07:11.432 D/BufferPoolAccessor2.0(26664): evictor expired: 1, evicted: 1
02-03 21:07:11.529 D/BoundBrokerSvc( 4768): onUnbind: Intent { act=com.google.android.gms.presencemanager.service.START dat=chimera-action:/... cmp=com.google.android.gms/.chimera.PersistentApiService }
02-03 21:07:11.533 D/BoundBrokerSvc( 4768): onUnbind: Intent { act=com.google.android.gms.presencemanager.service.INTERNAL_IDENTITY dat=chimera-action:/... cmp=com.google.android.gms/.chimera.PersistentApiService }
02-03 21:07:11.635 I/hwcomposer(  843): [HWC] (0)fire a callback of refresh to SF[4]  
02-03 21:07:11.680 D/BtGatt.ScanManager( 3260): uid 10128 isForeground true scanMode 1
02-03 21:07:11.680 I/OplusCustomScanStrategy( 3260): msg.what = 6
02-03 21:07:11.682 V/bt_stack( 3260): [VERBOSE1:btm_ble_gap.cc(2613)] btm_ble_process_adv_addr: bda=44:**:**:**:a0:c8 addr_type=1
02-03 21:07:11.683 I/bt_btm  ( 3260): LogMsg: btm_ble_process_adv_pkt: pkt_data_len: 20
02-03 21:07:11.683 V/bt_stack( 3260): [VERBOSE1:btm_ble_gap.cc(2613)] btm_ble_process_adv_addr: bda=44:**:**:**:a0:c8 addr_type=1
02-03 21:07:11.683 I/bt_btm  ( 3260): LogMsg: btm_ble_process_adv_pkt: pkt_data_len: 27
02-03 21:07:11.683 I/bt_btif ( 3260): LogMsg: bta_dm_observe_results_cb
02-03 21:07:11.683 I/bt_btif ( 3260): LogMsg: btif_ble_scanner_update_COD 44:53:00:c7:a0:c8 cod is 0x000000
02-03 21:07:11.683 I/bt_btif ( 3260): LogMsg: btif_ble_scanner_update_COD cod in config 0x001f00, status=0
02-03 21:07:11.683 I/bt_btif ( 3260): LogMsg: btif_ble_scanner_update_COD invalid cod 0x0, use cod 0x1f00 in config
02-03 21:07:11.683 I/bt_btif ( 3260): LogMsg: bta_scan_results_cb_impl : type 0 channel 0
02-03 21:07:11.683 I/bt_btif ( 3260): LogMsg: bta_scan_results_cb_impl: HAL bt_gatt_callbacks->scanner->scan_result_cb
02-03 21:07:11.683 D/BtGatt.GattService( 3260): onScanResult() - eventType=0x1b, addressType=1, address=44:53:00:C7:A0:C8, primaryPhy=1, secondaryPhy=0, advertisingSid=0xff, txPower=127, rssi=-94, periodicAdvInt=0x0, originalAddress=44:53:00:C7:A0:C8, type=0, channel=0
02-03 21:07:11.686 I/NearbyDiscovery( 4768): (REDACTED) BloomFilterAdvManager: Detected bloom filter but too far away, ignoring. %sm, %s
02-03 21:07:11.787 I/MMKV    (27412): <MMKV.cpp:1180::sync> MMKV::sync, SyncFlag = 0
02-03 21:07:11.863 D/OplusAtlasService( 3289): getAttributeByAppName module:oplus-getStreamMaxVolume packageName:com.cricbuzz.android
02-03 21:07:11.867 D/AudioManagerExtImpl(31255): getStreamVolume packageName=com.cricbuzz.android, index=6, streamType=3
02-03 21:07:11.870 D/OplusAtlasService( 3289): getAttributeByAppName module:oplus-getStreamMaxVolume packageName:com.cricbuzz.android
02-03 21:07:11.874 D/AudioManagerExtImpl(31255): getStreamVolume packageName=com.cricbuzz.android, index=6, streamType=3
02-03 21:07:11.906 D/AALLightSensor( 1200): oldLux=24 [SA:17 LA:17] newLux=24 (oriLux: 17)
02-03 21:07:11.921 D/OplusNetKit( 1741): interface name from LP: [ccmni0]
02-03 21:07:11.922 D/OplusNetKit( 1741): interface name from LP: [ccmni2]
02-03 21:07:11.922 D/OplusNetKit( 1741): interface name from LP: [ccmni3]
02-03 21:07:11.922 D/OplusNetKit( 1741): interface name from LP: [wlan0]
02-03 21:07:11.922 D/OplusNetKit( 1741): in getLpByInterface name from LP: [ccmni0]
02-03 21:07:11.922 D/OplusNetKit( 1741): in getLpByInterface name from LP: [ccmni2]
02-03 21:07:11.922 D/OplusNetKit( 1741): in getLpByInterface name from LP: [ccmni3]
02-03 21:07:11.922 D/OplusNetKit( 1741): in getLpByInterface name from LP: [wlan0]
02-03 21:07:11.922 D/OplusNetKit( 1741): in getLpByInterface name from LP: [ccmni0]
02-03 21:07:11.922 D/OplusNetKit( 1741): in getLpByInterface name from LP: [ccmni2]
02-03 21:07:11.922 D/OplusNetKit( 1741): in getLpByInterface name from LP: [ccmni3]
02-03 21:07:11.922 D/OplusNetKit( 1741): in getLpByInterface name from LP: [wlan0]
02-03 21:07:11.922 D/OplusNetKit( 1741): Route is ipv4 on wlan0 found, break
02-03 21:07:12.361 D/OGG_Detector( 1741): D:done mCurrStatus: 0
02-03 21:07:12.361 D/NoBackGesture( 2210): Start gesture: MotionEvent { action=ACTION_DOWN, actionButton=0, id[0]=0, x[0]=72.25, y[0]=2112.25, toolType[0]=TOOL_TYPE_FINGER, buttonState=0, classification=NONE, metaState=0, flags=0x0, edgeFlags=0x0, pointerCount=1, historySize=0, eventTime=101989686, downTime=101989686, deviceId=4, source=0x1002, displayId=0, eventId=762153989 }
02-03 21:07:12.361 D/NoBackGesture( 2210): Not in side gesture area
02-03 21:07:12.361 D/PowerManagerService( 1741): userActivityNoUpdateLocked: groupId=0, eventTime=101989686, event=2, flags=0x0, uid=1000
02-03 21:07:12.363 D/EditableInputConnectionExtImpl(25078): handleSendKeyEvent
02-03 21:07:12.372 D/CursorFeedback(25078): getExtraCursorWidth
02-03 21:07:12.372 D/CursorFeedback(25078): getExtraLeftOffset
02-03 21:07:12.447 V/bt_stack( 3260): [VERBOSE1:btm_ble_gap.cc(2613)] btm_ble_process_adv_addr: bda=44:**:**:**:a0:c8 addr_type=1
02-03 21:07:12.447 I/bt_btm  ( 3260): LogMsg: btm_ble_process_adv_pkt: pkt_data_len: 20
02-03 21:07:12.447 I/libPowerHal(  863): [perfLockRel] hdl:97264, idx:1
02-03 21:07:12.447 V/bt_stack( 3260): [VERBOSE1:btm_ble_gap.cc(2613)] btm_ble_process_adv_addr: bda=44:**:**:**:a0:c8 addr_type=1
02-03 21:07:12.447 I/bt_btm  ( 3260): LogMsg: btm_ble_process_adv_pkt: pkt_data_len: 27
02-03 21:07:12.447 I/bt_btif ( 3260): LogMsg: bta_dm_observe_results_cb
02-03 21:07:12.447 I/bt_btif ( 3260): LogMsg: btif_ble_scanner_update_COD 44:53:00:c7:a0:c8 cod is 0x000000
02-03 21:07:12.447 I/bt_btif ( 3260): LogMsg: btif_ble_scanner_update_COD cod in config 0x001f00, status=0
02-03 21:07:12.447 I/bt_btif ( 3260): LogMsg: btif_ble_scanner_update_COD invalid cod 0x0, use cod 0x1f00 in config
02-03 21:07:12.447 I/libPowerHal(  863): [PD] MTKPOWER_HINT_APP_TOUCH update cmd:3408600 param:0
02-03 21:07:12.447 I/bt_btif ( 3260): LogMsg: bta_scan_results_cb_impl : type 0 channel 0
02-03 21:07:12.448 I/bt_btif ( 3260): LogMsg: bta_scan_results_cb_impl: HAL bt_gatt_callbacks->scanner->scan_result_cb
02-03 21:07:12.448 D/BtGatt.GattService( 3260): onScanResult() - eventType=0x1b, addressType=1, address=44:53:00:C7:A0:C8, primaryPhy=1, secondaryPhy=0, advertisingSid=0xff, txPower=127, rssi=-86, periodicAdvInt=0x0, originalAddress=44:53:00:C7:A0:C8, type=0, channel=0
02-03 21:07:12.451 I/NearbyDiscovery( 4768): (REDACTED) BloomFilterAdvManager: Detected bloom filter but too far away, ignoring. %sm, %s
02-03 21:07:12.455 D/EditableInputConnectionExtImpl(25078): handleSendKeyEvent
02-03 21:07:12.465 D/CursorFeedback(25078): getExtraCursorWidth
02-03 21:07:12.465 I/KeyboardModeUtils( 5757): KeyboardModeUtils.getKeyboardBottomOffset():435 inch: 0.000000 ydpi: 409.016998 adjustKeyboardBottomByDisplaySize: false currentDensityDpi: 408 defaultDensityDpi: 408 keyboardBottomToScreenPx: 0 keyboardBottomToNavBarPx: -41 navBarHeight: 41
02-03 21:07:12.465 D/CursorFeedback(25078): getExtraLeftOffset
02-03 21:07:12.465 I/BaseKeyboardSizeHelper( 5757): BaseKeyboardSizeHelper.calculateMaxKeyboardBodyHeight():73 leave 273 height for app when ime window height:2249, header height:112 and isFullscreenMode:false, so the max keyboard body height is:1864
02-03 21:07:12.465 I/BaseKeyboardSizeHelper( 5757): BaseKeyboardSizeHelper.calculateMaxKeyboardBodyHeight():73 leave 273 height for app when ime window height:2249, header height:112 and isFullscreenMode:false, so the max keyboard body height is:1864
02-03 21:07:12.663 E/horae   ( 3350): 0: back:37031,frame:35481,front:38000, 6, +(2000), 1 ,40000,37500,39000,39200
02-03 21:07:12.763 D/PowerManagerService( 1741): userActivityNoUpdateLocked: groupId=0, eventTime=101990089, event=2, flags=0x0, uid=1000
02-03 21:07:12.763 D/NoBackGesture( 2210): Start gesture: MotionEvent { action=ACTION_DOWN, actionButton=0, id[0]=0, x[0]=1019.5, y[0]=1808.5, toolType[0]=TOOL_TYPE_FINGER, buttonState=0, classification=NONE, metaState=0, flags=0x0, edgeFlags=0x0, pointerCount=1, historySize=0, eventTime=101990089, downTime=101990089, deviceId=4, source=0x1002, displayId=0, eventId=813526695 }
02-03 21:07:12.763 D/OplusSystemUINavigationGesture( 5757): [GESTURE_BUTTON] swipe from 1
02-03 21:07:12.763 D/NoBackGesture( 2210): AllowGesture false cuz: ||||touch region not valid
02-03 21:07:12.763 D/NoBackGesture( 2210): current sysUiFlags: |||||||||||||||||allow_gesture|ime_visible|||||||
02-03 21:07:12.763 D/NoBackGesture( 2210): mAllowGesture: false
02-03 21:07:12.763 D/OGG_Detector( 1741): D:done mCurrStatus: 0
02-03 21:07:12.833 I/libPowerHal(  863): [perfLockRel] hdl:97265, idx:1
02-03 21:07:12.834 I/libPowerHal(  863): [PD] MTKPOWER_HINT_APP_TOUCH update cmd:3408600 param:0
02-03 21:07:12.836 W/TooltipLifecycleManager( 5757): TooltipLifecycleManager.dismissTooltips():153 Tooltip with id SUGGESTION_VIEW_EDU_MINI_DIALOG not found in tooltipManager.
02-03 21:07:12.846 D/CursorFeedback(25078): getExtraCursorWidth
02-03 21:07:12.846 D/CursorFeedback(25078): getExtraLeftOffset
02-03 21:07:12.851 I/KeyboardModeUtils( 5757): KeyboardModeUtils.getKeyboardBottomOffset():435 inch: 0.000000 ydpi: 409.016998 adjustKeyboardBottomByDisplaySize: false currentDensityDpi: 408 defaultDensityDpi: 408 keyboardBottomToScreenPx: 0 keyboardBottomToNavBarPx: -41 navBarHeight: 41
02-03 21:07:12.852 I/BaseKeyboardSizeHelper( 5757): BaseKeyboardSizeHelper.calculateMaxKeyboardBodyHeight():73 leave 273 height for app when ime window height:2249, header height:112 and isFullscreenMode:false, so the max keyboard body height is:1864
02-03 21:07:12.852 I/BaseKeyboardSizeHelper( 5757): BaseKeyboardSizeHelper.calculateMaxKeyboardBodyHeight():73 leave 273 height for app when ime window height:2249, header height:112 and isFullscreenMode:false, so the max keyboard body height is:1864
02-03 21:07:12.879 D/OplusFullScreenDisplayManager( 1741): adjustWindowParamsLw com.wholexale.app.staging, no change cutoutMode: 0
02-03 21:07:12.879 V/WindowManager( 1741): Relayout Window{a72305 u0 com.wholexale.app.staging/com.wholexale.app.MainActivity}: viewVisibility=0, oldvis=0, req=1080x2400
02-03 21:07:12.893 D/OGG_Detector( 1741): D:done mCurrStatus: 0
02-03 21:07:12.893 D/NoBackGesture( 2210): Start gesture: MotionEvent { action=ACTION_DOWN, actionButton=0, id[0]=0, x[0]=90.5, y[0]=1964.0, toolType[0]=TOOL_TYPE_FINGER, buttonState=0, classification=NONE, metaState=0, flags=0x0, edgeFlags=0x0, pointerCount=1, historySize=0, eventTime=101990220, downTime=101990220, deviceId=4, source=0x1002, displayId=0, eventId=192898430 }
02-03 21:07:12.893 D/NoBackGesture( 2210): Not in side gesture area
02-03 21:07:12.893 D/PowerManagerService( 1741): userActivityNoUpdateLocked: groupId=0, eventTime=101990220, event=2, flags=0x0, uid=1000
02-03 21:07:12.966 I/libPowerHal(  863): [perfLockRel] hdl:97266, idx:1
02-03 21:07:12.966 I/libPowerHal(  863): [PD] MTKPOWER_HINT_APP_TOUCH update cmd:3408600 param:0
02-03 21:07:12.967 W/TooltipLifecycleManager( 5757): TooltipLifecycleManager.dismissTooltips():153 Tooltip with id SUGGESTION_VIEW_EDU_MINI_DIALOG not found in tooltipManager.
02-03 21:07:12.971 E/OplusArpPeer_euclid_psw( 1741): ARP read failure: android.system.ErrnoException: read failed: EAGAIN (Try again)
02-03 21:07:12.973 E/OplusArpPeer_euclid_psw( 1741):  OplusArpPeer close
02-03 21:07:12.979 D/CursorFeedback(25078): getExtraCursorWidth
02-03 21:07:12.979 D/CursorFeedback(25078): getExtraLeftOffset
02-03 21:07:12.994 E/Situation(  852): processEvent, handle:26, flush_action:0
02-03 21:07:12.994 E/Situation(  852): orientation state = 4 
02-03 21:07:12.995 V/WindowOrientationListener( 1741): onSensorChanged mDesiredRotation = 4
02-03 21:07:13.012 D/OplusFullScreenDisplayManager( 1741): adjustWindowParamsLw com.wholexale.app.staging, no change cutoutMode: 0
02-03 21:07:13.012 V/WindowManager( 1741): Relayout Window{a72305 u0 com.wholexale.app.staging/com.wholexale.app.MainActivity}: viewVisibility=0, oldvis=0, req=1080x2400
02-03 21:07:13.099 I/hwcomposer(  843): [HWC] (0)fire a callback of refresh to SF[4]  
02-03 21:07:13.150 D/OGG_Detector( 1741): D:done mCurrStatus: 0
02-03 21:07:13.151 D/NoBackGesture( 2210): Start gesture: MotionEvent { action=ACTION_DOWN, actionButton=0, id[0]=0, x[0]=229.75, y[0]=1993.0, toolType[0]=TOOL_TYPE_FINGER, buttonState=0, classification=NONE, metaState=0, flags=0x0, edgeFlags=0x0, pointerCount=1, historySize=0, eventTime=101990477, downTime=101990477, deviceId=4, source=0x1002, displayId=0, eventId=1041926284 }
02-03 21:07:13.151 D/NoBackGesture( 2210): Not in side gesture area
02-03 21:07:13.151 D/PowerManagerService( 1741): userActivityNoUpdateLocked: groupId=0, eventTime=101990477, event=2, flags=0x0, uid=1000
02-03 21:07:13.216 V/bt_stack( 3260): [VERBOSE1:btm_ble_gap.cc(2613)] btm_ble_process_adv_addr: bda=44:**:**:**:a0:c8 addr_type=1
02-03 21:07:13.216 I/bt_btm  ( 3260): LogMsg: btm_ble_process_adv_pkt: pkt_data_len: 20
02-03 21:07:13.216 V/bt_stack( 3260): [VERBOSE1:btm_ble_gap.cc(2613)] btm_ble_process_adv_addr: bda=44:**:**:**:a0:c8 addr_type=1
02-03 21:07:13.216 I/bt_btm  ( 3260): LogMsg: btm_ble_process_adv_pkt: pkt_data_len: 27
02-03 21:07:13.216 I/bt_btif ( 3260): LogMsg: bta_dm_observe_results_cb
02-03 21:07:13.216 I/bt_btif ( 3260): LogMsg: btif_ble_scanner_update_COD 44:53:00:c7:a0:c8 cod is 0x000000
02-03 21:07:13.217 I/bt_btif ( 3260): LogMsg: btif_ble_scanner_update_COD cod in config 0x001f00, status=0
02-03 21:07:13.217 I/bt_btif ( 3260): LogMsg: btif_ble_scanner_update_COD invalid cod 0x0, use cod 0x1f00 in config
02-03 21:07:13.217 I/bt_btif ( 3260): LogMsg: bta_scan_results_cb_impl : type 0 channel 0
02-03 21:07:13.217 I/bt_btif ( 3260): LogMsg: bta_scan_results_cb_impl: HAL bt_gatt_callbacks->scanner->scan_result_cb
02-03 21:07:13.217 D/BtGatt.GattService( 3260): onScanResult() - eventType=0x1b, addressType=1, address=44:53:00:C7:A0:C8, primaryPhy=1, secondaryPhy=0, advertisingSid=0xff, txPower=127, rssi=-90, periodicAdvInt=0x0, originalAddress=44:53:00:C7:A0:C8, type=0, channel=0
02-03 21:07:13.220 I/NearbyDiscovery( 4768): (REDACTED) BloomFilterAdvManager: Detected bloom filter but too far away, ignoring. %sm, %s
02-03 21:07:13.229 I/libPowerHal(  863): [perfLockRel] hdl:97267, idx:1
02-03 21:07:13.230 I/libPowerHal(  863): [PD] MTKPOWER_HINT_APP_TOUCH update cmd:3408600 param:0
02-03 21:07:13.230 W/TooltipLifecycleManager( 5757): TooltipLifecycleManager.dismissTooltips():153 Tooltip with id SUGGESTION_VIEW_EDU_MINI_DIALOG not found in tooltipManager.
02-03 21:07:13.244 D/CursorFeedback(25078): getExtraCursorWidth
02-03 21:07:13.244 D/CursorFeedback(25078): getExtraLeftOffset
02-03 21:07:13.277 D/OplusFullScreenDisplayManager( 1741): adjustWindowParamsLw com.wholexale.app.staging, no change cutoutMode: 0
02-03 21:07:13.277 V/WindowManager( 1741): Relayout Window{a72305 u0 com.wholexale.app.staging/com.wholexale.app.MainActivity}: viewVisibility=0, oldvis=0, req=1080x2400
02-03 21:07:13.310 D/OGG_Detector( 1741): D:done mCurrStatus: 0
02-03 21:07:13.310 D/PowerManagerService( 1741): userActivityNoUpdateLocked: groupId=0, eventTime=101990637, event=2, flags=0x0, uid=1000
02-03 21:07:13.310 D/NoBackGesture( 2210): Start gesture: MotionEvent { action=ACTION_DOWN, actionButton=0, id[0]=0, x[0]=209.25, y[0]=1993.75, toolType[0]=TOOL_TYPE_FINGER, buttonState=0, classification=NONE, metaState=0, flags=0x0, edgeFlags=0x0, pointerCount=1, historySize=0, eventTime=101990637, downTime=101990637, deviceId=4, source=0x1002, displayId=0, eventId=461173417 }
02-03 21:07:13.311 D/NoBackGesture( 2210): Not in side gesture area
02-03 21:07:13.383 I/libPowerHal(  863): [perfLockRel] hdl:97268, idx:1
02-03 21:07:13.383 I/libPowerHal(  863): [PD] MTKPOWER_HINT_APP_TOUCH update cmd:3408600 param:0
02-03 21:07:13.384 W/TooltipLifecycleManager( 5757): TooltipLifecycleManager.dismissTooltips():153 Tooltip with id SUGGESTION_VIEW_EDU_MINI_DIALOG not found in tooltipManager.
02-03 21:07:13.393 D/CursorFeedback(25078): getExtraCursorWidth
02-03 21:07:13.393 D/CursorFeedback(25078): getExtraLeftOffset
02-03 21:07:13.426 D/OplusFullScreenDisplayManager( 1741): adjustWindowParamsLw com.wholexale.app.staging, no change cutoutMode: 0
02-03 21:07:13.426 V/WindowManager( 1741): Relayout Window{a72305 u0 com.wholexale.app.staging/com.wholexale.app.MainActivity}: viewVisibility=0, oldvis=0, req=1080x2400
02-03 21:07:13.482 W/HidlServiceHelper(16850): Failed to read virtual TLC buffer usage returns is NULLnull
02-03 21:07:13.502 D/vendor.oplus.hardware.charger@1.0-service(  893): getChargerControl:
02-03 21:07:13.515 I/hwcomposer(  843): [HWC] (0)fire a callback of refresh to SF[4]  
02-03 21:07:13.518 I/charon  ( 4408): 7662[JOB] [acquire_alarm_timer_wake_lock()  412] Acquire wake lock(fd:-1, result: 1, errno:9)
02-03 21:07:13.519 I/charon  ( 4408): 05[JOB] [schedule()  269] Job timer expiry(now:126102, event->time:126102), queuing job for execution
02-03 21:07:13.520 I/charon  ( 4408): 01[IKE] <pdn_1_32|32> [send_dpd()  933] sending DPD request
02-03 21:07:13.520 I/charon  ( 4408): 01[JOB] <pdn_1_32|32> [schedule_job_tv()  506] Put the job(expire at 126222) in heap position:2, next expired job:126106
02-03 21:07:13.520 I/charon  ( 4408): 01[IKE] <pdn_1_32|32> [wod_tcp_txrx()   72] Tx to WOD - len:23, data:[ipsecdpdintvl=***]
02-03 21:07:13.521 I/[epdg_wo]( 1511): [SKT] [wod_ipsec] accept client (fd: [7])
02-03 21:07:13.521 I/[epdg_wo]( 1511): [WOA] wo_msg_sensitive_print: [ipsecdpdintvl=1,32,120](22)
02-03 21:07:13.521 I/[epdg_wo]( 1511): [WOA] wo_msg_sensitive_print: [ipsecdpdintvl:ok](16)
02-03 21:07:13.521 I/charon  ( 4408): 01[IKE] <pdn_1_32|32> [wod_tcp_txrx()  106] RX from WOD - len:17, data:[ipsecdpdintvl:***]
02-03 21:07:13.522 I/charon  ( 4408): 01[ENC] <pdn_1_32|32> [generate_message() 1737] generating INFORMATIONAL request 23 [ ]
02-03 21:07:13.522 I/charon  ( 4408): 01[KNL] <pdn_1_32|32> [get_interface_address()  702] ============================ ip: (null), scope:0
02-03 21:07:13.522 I/charon  ( 4408): 01[KNL] <pdn_1_32|32> [get_route() 1722] using (null) as address to reach (null)
02-03 21:07:13.523 I/charon  ( 4408): 01[NET] <pdn_1_32|32> [send_()  101] sending packet: from (null) to (null) (76 bytes)
02-03 21:07:13.523 I/charon  ( 4408): 01[JOB] <pdn_1_32|32> [schedule_job_tv()  506] Put the job(expire at 126104) in heap position:1, next expired job:126104
02-03 21:07:13.523 I/charon  ( 4408): 01[JOB] [release_alarm_timer_wake_lock()  391] Release wake lock(fd:-1, result: 1, errno:9)
02-03 21:07:13.523 D/[epdg_wo]( 1511): [DBG][PS1:8] Process message: [ipsecdpdintvl=](30)
02-03 21:07:13.523 I/[epdg_wo]( 1511): [WOA][PS1:8] wo_msg_sensitive_print: [+wodpdintvl:1,"IMS",1,120](25)
02-03 21:07:13.589 D/OGG_Detector( 1741): D:done mCurrStatus: 0
02-03 21:07:13.589 D/NoBackGesture( 2210): Start gesture: MotionEvent { action=ACTION_DOWN, actionButton=0, id[0]=0, x[0]=159.0, y[0]=1831.0, toolType[0]=TOOL_TYPE_FINGER, buttonState=0, classification=NONE, metaState=0, flags=0x0, edgeFlags=0x0, pointerCount=1, historySize=0, eventTime=101990915, downTime=101990915, deviceId=4, source=0x1002, displayId=0, eventId=176422390 }
02-03 21:07:13.589 D/NoBackGesture( 2210): Not in side gesture area
02-03 21:07:13.589 D/PowerManagerService( 1741): userActivityNoUpdateLocked: groupId=0, eventTime=101990915, event=2, flags=0x0, uid=1000
02-03 21:07:13.652 I/charon  ( 4408): 11[NET] <pdn_1_32|32> [execute()   73] received packet: from (null) to (null) (76 bytes)
02-03 21:07:13.653 I/charon  ( 4408): 11[ENC] <pdn_1_32|32> [parse_body() 2654] parsed INFORMATIONAL response 23 [ ]
02-03 21:07:13.675 I/libPowerHal(  863): [perfLockRel] hdl:97269, idx:1
02-03 21:07:13.676 I/libPowerHal(  863): [PD] MTKPOWER_HINT_APP_TOUCH update cmd:3408600 param:0
02-03 21:07:13.676 W/TooltipLifecycleManager( 5757): TooltipLifecycleManager.dismissTooltips():153 Tooltip with id SUGGESTION_VIEW_EDU_MINI_DIALOG not found in tooltipManager.
02-03 21:07:13.691 D/CursorFeedback(25078): getExtraCursorWidth
02-03 21:07:13.691 D/CursorFeedback(25078): getExtraLeftOffset
02-03 21:07:13.711 E/Situation(  852): processEvent, handle:26, flush_action:0
02-03 21:07:13.711 E/Situation(  852): orientation state = 0 
02-03 21:07:13.723 D/OplusFullScreenDisplayManager( 1741): adjustWindowParamsLw com.wholexale.app.staging, no change cutoutMode: 0
02-03 21:07:13.723 V/WindowManager( 1741): Relayout Window{a72305 u0 com.wholexale.app.staging/com.wholexale.app.MainActivity}: viewVisibility=0, oldvis=0, req=1080x2400
02-03 21:07:13.811 I/hwcomposer(  843): [HWC] (0)fire a callback of refresh to SF[4]  
02-03 21:07:13.874 D/OGG_Detector( 1741): D:done mCurrStatus: 0
02-03 21:07:13.874 D/NoBackGesture( 2210): Start gesture: MotionEvent { action=ACTION_DOWN, actionButton=0, id[0]=0, x[0]=948.5, y[0]=1831.25, toolType[0]=TOOL_TYPE_FINGER, buttonState=0, classification=NONE, metaState=0, flags=0x0, edgeFlags=0x0, pointerCount=1, historySize=0, eventTime=101991200, downTime=101991200, deviceId=4, source=0x1002, displayId=0, eventId=812697497 }
02-03 21:07:13.874 D/NoBackGesture( 2210): Not in side gesture area
02-03 21:07:13.874 D/PowerManagerService( 1741): userActivityNoUpdateLocked: groupId=0, eventTime=101991200, event=2, flags=0x0, uid=1000
02-03 21:07:13.921 D/OplusAtlasService( 3289): getAttributeByAppName module:oplus-getStreamMaxVolume packageName:com.cricbuzz.android
02-03 21:07:13.922 D/AudioManagerExtImpl(31255): getStreamVolume packageName=com.cricbuzz.android, index=6, streamType=3
02-03 21:07:13.928 D/OplusAtlasService( 3289): getAttributeByAppName module:oplus-getStreamMaxVolume packageName:com.cricbuzz.android
02-03 21:07:13.930 D/AudioManagerExtImpl(31255): getStreamVolume packageName=com.cricbuzz.android, index=6, streamType=3
02-03 21:07:13.945 I/libPowerHal(  863): [perfLockRel] hdl:97270, idx:1
02-03 21:07:13.946 I/libPowerHal(  863): [PD] MTKPOWER_HINT_APP_TOUCH update cmd:3408600 param:0
02-03 21:07:13.947 W/TooltipLifecycleManager( 5757): TooltipLifecycleManager.dismissTooltips():153 Tooltip with id SUGGESTION_VIEW_EDU_MINI_DIALOG not found in tooltipManager.
02-03 21:07:13.955 D/CursorFeedback(25078): getExtraCursorWidth
02-03 21:07:13.955 D/CursorFeedback(25078): getExtraLeftOffset
02-03 21:07:13.988 D/OplusFullScreenDisplayManager( 1741): adjustWindowParamsLw com.wholexale.app.staging, no change cutoutMode: 0
02-03 21:07:13.988 V/WindowManager( 1741): Relayout Window{a72305 u0 com.wholexale.app.staging/com.wholexale.app.MainActivity}: viewVisibility=0, oldvis=0, req=1080x2400
02-03 21:07:14.043 D/PowerManagerService( 1741): userActivityNoUpdateLocked: groupId=0, eventTime=101991369, event=2, flags=0x0, uid=1000
02-03 21:07:14.043 D/NoBackGesture( 2210): Start gesture: MotionEvent { action=ACTION_DOWN, actionButton=0, id[0]=0, x[0]=344.5, y[0]=1854.0, toolType[0]=TOOL_TYPE_FINGER, buttonState=0, classification=NONE, metaState=0, flags=0x0, edgeFlags=0x0, pointerCount=1, historySize=0, eventTime=101991369, downTime=101991369, deviceId=4, source=0x1002, displayId=0, eventId=596564093 }
02-03 21:07:14.043 D/NoBackGesture( 2210): Not in side gesture area
02-03 21:07:14.043 D/OGG_Detector( 1741): D:done mCurrStatus: 0
02-03 21:07:14.136 I/libPowerHal(  863): [perfLockRel] hdl:97271, idx:1
02-03 21:07:14.136 I/libPowerHal(  863): [PD] MTKPOWER_HINT_APP_TOUCH update cmd:3408600 param:0
