02-03 21:08:09.811 V/WindowManager( 1741): Relayout Window{79e5b u0 com.android.launcher/com.android.launcher.Launcher}: viewVisibility=8, oldvis=0, req=1080x2400
02-03 21:08:09.812 D/BLASTBufferQueue( 2561): [VRI[Launcher][com.android.launcher/com.android.launcher.Launcher]#622](f:0,a:1) destructor()
02-03 21:08:09.812 D/BufferQueueConsumer( 2561): [VRI[Launcher][com.android.launcher/com.android.launcher.Launcher]#622(BLAST Consumer)622](id:a01000002a9,api:0,p:-1,c:2561) disconnect
02-03 21:08:09.813 D/BtGatt.ScanManager( 3260): uid 10128 isForeground true scanMode 1
02-03 21:08:09.813 D/VRI[Launcher]( 2561): setWindowStopped stopped:true
02-03 21:08:09.814 I/OplusCustomScanStrategy( 3260): msg.what = 6
02-03 21:08:09.827 D/BLASTBufferQueue( 5675): [VRI[Launcher][com.android.launcher/com.android.launcher.Launcher]#623](f:0,a:1) destructor()
02-03 21:08:09.827 D/BufferQueueConsumer( 5675): [VRI[Launcher][com.android.launcher/com.android.launcher.Launcher]#623(BLAST Consumer)623](id:162b0000026f,api:0,p:-1,c:5675) disconnect
02-03 21:08:09.828 I/boun    ( 5675): (REDACTED) onApplyWindowInsets: systemWindowInsets=%s
02-03 21:08:09.829 I/boun    ( 5675): (REDACTED) onApplyWindowInsets: systemWindowInsets=%s
02-03 21:08:09.830 D/Layer   (  962): reparent to null sequence=37963, seq[6], name=com.android.launcher/com.android.launcher.Launcher#37963
02-03 21:08:09.830 D/Layer   (  962): reparent to null sequence=37964, seq[6], name=com.android.launcher/com.android.launcher.Launcher#37964
02-03 21:08:09.831 I/bpas    ( 5675): onStop
02-03 21:08:09.832 V/DeepThinker( 7781): ProcessManager: onForegroundActivitiesChanged pid:2561, uid:10106, foregroundActivities:false
02-03 21:08:09.832 D/OplusAtlas.OplusAtlasEventDispatch( 3289): setEvent:atlas_event_on_foreground_activities_changed info:pid:2561,uid:10106,hasForegroundActivities:0
02-03 21:08:09.832 D/OplusAtlas.OplusAudioScene( 3289): callback success event:atlas_event_on_foreground_activities_changed eventInfo:pid:2561,uid:10106,hasForegroundActivities:0
02-03 21:08:09.833 D/OplusAtlas.OplusMessageHandler( 3289): handleMessage: Msg { when=0 what=2 obj=com.oplus.atlas.OplusAtlasEvent@2f6830a target=com.oplus.atlas.OplusMessageHandler$MyHandler }
02-03 21:08:09.835 I/WindowStateExtImpl( 1741): onSurfaceShowChange show = false mPackageName = com.wholexale.app.staging parentPkgName = com.wholexale.app.staging
02-03 21:08:09.847 D/Layer   (  962): reparent to null sequence=37970, seq[2], name=SnapshotStartingWindow for taskId=1564#37970
02-03 21:08:09.847 D/Layer   (  962): reparent to null sequence=37969, seq[4], name=d00d36c SnapshotStartingWindow for taskId=1564#37969
02-03 21:08:09.847 D/Layer   (  962): reparent to null sequence=37980, seq[23], name=Surface(name=d00d36c SnapshotStartingWindow for taskId=1564)/@0x396a507 - animation-leash of window_animation#37980
02-03 21:08:09.847 I/BufferQueueDebug(  962): [com.android.launcher/com.android.launcher.Launcher#37963](this:0xb400007963bbf9e8,id:-1,api:0,p:-1,c:962) onDestructor()
02-03 21:08:09.847 D/OplusLayer(  962): ~Layer() sequence=37963, name=com.android.launcher/com.android.launcher.Launcher#37963
02-03 21:08:09.848 I/BufferQueueDebug(  962): [com.android.launcher/com.android.launcher.Launcher#37964](this:0xb400007964b739e8,id:-1,api:0,p:-1,c:962) onDestructor()
02-03 21:08:09.848 D/OplusLayer(  962): ~Layer() sequence=37964, name=com.android.launcher/com.android.launcher.Launcher#37964
02-03 21:08:09.849 D/OplusLayer(  962): ~Layer() sequence=37980, name=Surface(name=d00d36c SnapshotStartingWindow for taskId=1564)/@0x396a507 - animation-leash of window_animation#37980
02-03 21:08:09.849 D/OplusLayer(  962): ~Layer() sequence=37969, name=d00d36c SnapshotStartingWindow for taskId=1564#37969
02-03 21:08:09.850 I/BufferQueueDebug(  962): [SnapshotStartingWindow for taskId=1564#37970](this:0xb40000794c9fd9e8,id:-1,api:0,p:-1,c:962) onDestructor()
02-03 21:08:09.851 D/OplusLayer(  962): ~Layer() sequence=37970, name=SnapshotStartingWindow for taskId=1564#37970
02-03 21:08:09.851 I/DispPerfService(  962): updateLayerMask 0
02-03 21:08:09.919 I/hwcomposer(  843): [HWC] (0)fire a callback of refresh to SF[4]  
02-03 21:08:09.976 D/CameraDelegate( 1741): handleMessage:200
02-03 21:08:10.007 D/OplusAtlasService( 3289): getAttributeByAppName module:oplus-getStreamMaxVolume packageName:com.cricbuzz.android
02-03 21:08:10.010 D/AudioManagerExtImpl(31255): getStreamVolume packageName=com.cricbuzz.android, index=6, streamType=3
02-03 21:08:10.014 D/OplusAtlasService( 3289): getAttributeByAppName module:oplus-getStreamMaxVolume packageName:com.cricbuzz.android
02-03 21:08:10.015 D/AudioManagerExtImpl(31255): getStreamVolume packageName=com.cricbuzz.android, index=6, streamType=3
02-03 21:08:10.051 I/mtkpower_client( 1741): perf_lock_rel, hdl:97334, tid:2265
02-03 21:08:10.052 I/mtkpower_client( 1741): perf_lock_acq, hdl:97334, dur:0, num:4, tid:2265
02-03 21:08:10.052 I/libPowerHal(  863): [perfLockRel] hdl:97334, idx:0
02-03 21:08:10.052 I/libPowerHal(  863): system_server: cpu_ctrl set cpu freq: -1 -1 -1 -1
02-03 21:08:10.052 I/libPowerHal(  863): [PD] system_server update cmd:1c3c000 param:1
02-03 21:08:10.052 I/libPowerHal(  863): [PD] (more) /proc/mcdi/state set +prefix:enable 1;
02-03 21:08:10.052 I/libPowerHal(  863): [PD] system_server update cmd:2004100 param:2
02-03 21:08:10.053 I/mtkpower_client( 1741): ret_hdl:97335
02-03 21:08:10.132 D/BoundBrokerSvc(13939): onUnbind: Intent { act=com.google.android.gms.common.BIND_SHARED_PREFS pkg=com.google.android.gms }
02-03 21:08:10.706 D/OplusQpowerManager( 1741): PKAT has been disabled
02-03 21:08:10.784 I/FA      (26664): Application backgrounded at: timestamp_millis: 1770133088784
02-03 21:08:10.827 I/hwcomposer(  843): [HWC] (0)fire a callback of refresh to SF[4]  
02-03 21:08:10.959 D/OplusTelephonyController( 2506): onSignalStrengthChanged: SignalStrength=SignalStrength:{mCdma=CellSignalStrengthCdma: cdmaDbm=2147483647 cdmaEcio=2147483647 evdoDbm=2147483647 evdoEcio=2147483647 evdoSnr=2147483647 level=0,mGsm=CellSignalStrengthGsm: rssi=2147483647 ber=2147483647 mTa=2147483647 mLevel=0,mWcdma=CellSignalStrengthWcdma: ss=2147483647 ber=2147483647 rscp=2147483647 ecno=2147483647 level=0,mTdscdma=CellSignalStrengthTdscdma: rssi=2147483647 ber=2147483647 rscp=2147483647 level=0,mLte=CellSignalStrengthLte: rssi=2147483647 rsrp=-108 rsrq=2147483647 rssnr=2147483647 cqiTableIndex=2147483647 cqi=2147483647 ta=2147483647 level=1 parametersUseForLevel=0,mNr=CellSignalStrengthNr:{ csiRsrp = 2147483647 csiRsrq = 2147483647 csiCqiTableIndex = 2147483647 csiCqiReport = [] ssRsrp = 2147483647 ssRsrq = 2147483647 ssSinr = 2147483647 level = 0 parametersUseForLevel = 0 },primary=CellSignalStrengthLte}, phoneId=0, mMtkLevel=0, mMtkRsrpOnly=false, mMtkLteRsrpThreshold=null, mMtkLteRssnrThreshold=null
02-03 21:08:10.959 D/OplusTelephonyController( 2506): onSignalStrengthChanged: SignalStrength=SignalStrength:{mCdma=CellSignalStrengthCdma: cdmaDbm=2147483647 cdmaEcio=2147483647 evdoDbm=2147483647 evdoEcio=2147483647 evdoSnr=2147483647 level=0,mGsm=CellSignalStrengthGsm: rssi=2147483647 ber=2147483647 mTa=2147483647 mLevel=0,mWcdma=CellSignalStrengthWcdma: ss=2147483647 ber=2147483647 rscp=2147483647 ecno=2147483647 level=0,mTdscdma=CellSignalStrengthTdscdma: rssi=2147483647 ber=2147483647 rscp=2147483647 level=0,mLte=CellSignalStrengthLte: rssi=2147483647 rsrp=-108 rsrq=-11 rssnr=2 cqiTableIndex=2147483647 cqi=0 ta=0 level=3 parametersUseForLevel=0,mNr=CellSignalStrengthNr:{ csiRsrp = 2147483647 csiRsrq = 2147483647 csiCqiTableIndex = 2147483647 csiCqiReport = [] ssRsrp = 2147483647 ssRsrq = 2147483647 ssSinr = 2147483647 level = 0 parametersUseForLevel = 0 },primary=CellSignalStrengthLte}, phoneId=0, mMtkLevel=0, mMtkRsrpOnly=false, mMtkLteRsrpThreshold=null, mMtkLteRssnrThreshold=null
02-03 21:08:11.059 I/hwcomposer(  843): [HWC] (0)fire a callback of refresh to SF[4]  
02-03 21:08:11.470 D/Osense-DecisionMaker( 1741): notifyDelayedSceneToPolicy
02-03 21:08:11.471 D/Osense-DecisionMaker( 1741): getCurrentSysStats, availmemMb: 2135
02-03 21:08:11.471 D/Osense-DecisionMaker( 1741): getCurrentSysStats, availmemMb: 2135
02-03 21:08:11.471 D/Osense-DecisionMaker( 1741): getCurrentSysStats, availmemMb: 2135
02-03 21:08:11.471 D/Osense-DecisionMaker( 1741): getCurrentSysStats, availmemMb: 2135
02-03 21:08:11.772 I/OplusHansManager ( 1741): uid=10744, pkg=com.cricbuzz.android can transition from M to F
02-03 21:08:11.772 I/OplusHansManager ( 1741): uid=10744, pkg=com.cricbuzz.android F enter(), M stay=10
02-03 21:08:11.782 I/OplusHansManager ( 1741): freeze uid: 10744 com.cricbuzz.android pids: [31255, 16233] IsolatedUid: [99235] scene: LcdOn
02-03 21:08:11.784 D/IHansComunication( 4602): HansComunication::addUid-- 10744, persistent--0
02-03 21:08:11.784 D/IHansComunication( 4602): HANS sendMessageToKernel: threadId = 501361515696, netLinkSetup = 1, type = PKG, targetUid = 10744, pkgCmd = ADD_ONE_UID
02-03 21:08:11.790 I/OplusHansManager ( 1741): uid=10186, pkg=in.cricketexchange.app.cricketexchange can transition from M to F
02-03 21:08:11.790 I/OplusHansManager ( 1741): uid=10186, pkg=in.cricketexchange.app.cricketexchange F enter(), M stay=10
02-03 21:08:11.801 I/OplusHansManager ( 1741): freeze uid: 10186 in.cricketexchange.app.cricketexchange pids: [518, 677, 1357] IsolatedUid: [99241] scene: LcdOn
02-03 21:08:11.803 D/IHansComunication( 4602): HansComunication::addUid-- 10186, persistent--0
02-03 21:08:11.803 D/IHansComunication( 4602): HANS sendMessageToKernel: threadId = 501361515696, netLinkSetup = 1, type = PKG, targetUid = 10186, pkgCmd = ADD_ONE_UID
02-03 21:08:11.917 D/AFExtImpl(  956): removeThread() 0xb400007a74e0d540, id=21
02-03 21:08:11.917 D/AudioALSAStreamOut(  836): standby(), flag 8
02-03 21:08:11.918 D/AudioALSAStreamOut(  836): standbyStreamOut(), halRequest 0, mDestroy 0, flag 8
02-03 21:08:11.918 D/AudioALSAStreamOut(  836): close(), flags 8
02-03 21:08:11.918 D/AudioALSAPlaybackHandlerNormal(  836): +close(), flag = 8, mDevice = 0x2
02-03 21:08:11.918 D/AudioALSAPlaybackHandlerBase(  836): +stopPcmDriver(), mPcm = 0xf3111200
02-03 21:08:11.918 D/AudioALSAPlaybackHandlerBase(  836): -stopPcmDriver(), mPcm = 0xf3111200
02-03 21:08:11.918 D/AudioALSAHardwareResourceManager(  836): +stopOutputDevice(), mOutputDevices = 0x2, mStartOutputDevicesCount = 1
02-03 21:08:11.918 D/AudioALSADeviceConfigManager(  836): ApplyDeviceTurnoffSequenceByName(), DeviceName = ext_speaker_output descriptor->DeviceStatusCounter = 1, Ctlsize=2
02-03 21:08:11.922 D/AudioALSADeviceConfigManager(  836): ApplyDeviceTurnoffSequenceByName(), DeviceName = speaker_output descriptor->DeviceStatusCounter = 1, Ctlsize=2
02-03 21:08:11.923 D/AudioDspStreamManager(  836): +stopDevice() Devices 0x2 mOutputDeviceCount 0x1
02-03 21:08:11.923 D/AudioDspStreamManager(  836): dataPasstoBleDlTask return false outputdevice = 0x2 playbckType = 10
02-03 21:08:11.923 D/AudioDspStreamManager(  836): needStopBleDlTask ret = 0 mDspBleDlStreamState = 0 mDspTaskBleDlActive[0] dspstartflag[0]
02-03 21:08:11.923 D/AudioDspStreamManager(  836): dataPasstoA2DPTask return false outputdevice = 0x2 playbckType = 10
02-03 21:08:11.923 D/AudioDspStreamManager(  836): needStopA2dpTask ret = 0 mDspA2DPStreamState = 0 mDspTaskA2DPActive[0] dspstartflag[0]
02-03 21:08:11.923 D/AudioDspStreamManager(  836): dataPassToCodec output_devices = 0x2 mAudioOutputFlags = 0 devicecount = 1 ret = 1
02-03 21:08:11.923 D/AudioDspStreamManager(  836): dataPasstoDspAfe output_devices = 0x2 Flags = 0 isUseAdspPlaybackTask = 1 ret = 1
02-03 21:08:11.923 D/AudioDspStreamManager(  836): needStopPlaybackTask ret = 1, force: 1, mDspTaskPlaybackActive[1] dspstartflag[1]
02-03 21:08:11.923 D/AudioDspStreamManager(  836): +stopPlaybackTask
02-03 21:08:11.923 D/audio_messenger_ipi(  836): hal send, task: 9, msg_id: 0x10, ack_type: 0, p1: 0x0, p2: 0x0
02-03 21:08:11.924 D/AudioDspStreamManager(  836): -triggerDsp task_scene = 9 data_type = 16
02-03 21:08:11.924 D/AudioDspStreamManager(  836): stopTasks_l() mDspStreamState = DSP_STREAM_STOP
02-03 21:08:11.924 D/AudioDspStreamManager(  836): -stopDevice() Devices 0x2
02-03 21:08:11.924 D/AudioALSAHardwareResourceManager(  836): notifyOutputDeviceStatusChange(), device = 2, status = 1, sampleRate = 0, mOpenSpeakerPathCount = 0
02-03 21:08:11.924 D/AudioALSAStreamManager(  836): speakerStatusChangeCb(), status = 1, sampleRate = 0
02-03 21:08:11.926 D/AudioALSAPlaybackHandlerBase(  836): -closePcmDriver(), mPcm = 0x0
02-03 21:08:11.926 D/AudioDspStreamManager(  836): +removePlaybackHandler(), playbackHandler = 4085287680 0xf3808b00
02-03 21:08:11.926 D/AudioDspStreamManager(  836): removePlaybackHandler() mOutputDeviceCount 0x0
02-03 21:08:11.926 D/AudioDspStreamManager(  836): needStopBleDlTask ret = 0 mDspBleDlStreamState = 0 mDspTaskBleDlActive[0] dspstartflag[0]
02-03 21:08:11.926 D/AudioDspStreamManager(  836): needStopA2dpTask ret = 0 mDspA2DPStreamState = 0 mDspTaskA2DPActive[0] dspstartflag[0]
02-03 21:08:11.926 D/AudioDspStreamManager(  836): needStopPlaybackTask ret = 0, force: 0, mDspTaskPlaybackActive[0] dspstartflag[0]
02-03 21:08:11.926 D/AudioDspStreamManager(  836): needOpenBleDlTask ret = 4 mDspBleDlStreamState = 0 startflag = 0
02-03 21:08:11.926 D/AudioDspStreamManager(  836): needOpenA2dpTask ret = 4 mDspA2DPStreamState = 0 a2dpstartflag = 0
02-03 21:08:11.926 D/AudioDspStreamManager(  836): getDspStreamStatus ret = 0 mDspStreamState = 3 dspstartflag = 0 dsp_recovery_mode 0
02-03 21:08:11.938 D/AudioALSADeviceConfigManager(  836): ApplyDeviceTurnoffSequenceByName(), DeviceName = PLAYBACK4_TO_ADDA_DL descriptor->DeviceStatusCounter = 1, Ctlsize=8
02-03 21:08:11.942 D/AudioALSADeviceConfigManager(  836): ApplyDeviceTurnoffSequenceByName(), DeviceName = I2S0_TO_CAPTURE4 descriptor->DeviceStatusCounter = 1, Ctlsize=4
02-03 21:08:11.944 D/AudioDspStreamManager(  836): setDspRefRuntimeEn(), task_scene = 9, condition = 0
02-03 21:08:11.944 D/AudioDspStreamManager(  836): setDspRuntimeEn(), task_scene = 9, condition = 0
02-03 21:08:11.944 D/audio_messenger_ipi(  836): hal send, task: 9, msg_id: 0x16, ack_type: 1, p1: 0x0, p2: 0x0
02-03 21:08:11.945 D/sixth_if_gift(  836): sixth_rcv_from_dsp(), msg_id 0xDAA2
02-03 21:08:11.945 D/sixth_if_gift(  836): tuning_misc_dev_close : run !!!
02-03 21:08:11.953 D/aurisys_lib_manager(  836): delete_aurisys_lib_manager(), manager 0xf65e6f40
02-03 21:08:11.953 D/audio_messenger_ipi(  836): audio_ipi_dma_cbk_deregister(), task 9
02-03 21:08:11.954 D/AudioALSAPlaybackHandlerBase(  836): ClosePCMDumpDSP() flag 8, task_scene = 9
02-03 21:08:11.954 D/AudioDspStreamManager(  836): -closePlaybackTask(), mDspTaskPlaybackActive = 0, mPlaybackUlPcm = 0x0 mPlaybackDlPcm = 0x0, mDspPcm = 0x0
02-03 21:08:11.954 D/AudioALSADeviceConfigManager(  836): ApplyDeviceTurnoffSequenceByName(), DeviceName = PLAYBACK3_TO_CAPTURE6 descriptor->DeviceStatusCounter = 1, Ctlsize=4
02-03 21:08:11.955 D/sixth_if_gift(  836): tuning_misc_dev_close : thread exited, using 10001 us
02-03 21:08:11.955 D/audio_messenger_ipi(  836): dma, task: 27, msg_id: 0xdaa2, ack_type: 0, p1: 0x4, p2: 0x0, dma sz: 4, idx: 47232, hal sz: 0
02-03 21:08:11.956 D/AudioALSADeviceConfigManager(  836): ApplyDeviceTurnoffSequenceByName(), DeviceName = PLAYBACK3_TO_DSPDL descriptor->DeviceStatusCounter = 1, Ctlsize=2
02-03 21:08:11.957 D/AudioALSAPlaybackHandlerBase(  836): DestroyAurisysLibManager()
02-03 21:08:11.957 D/aurisys_lib_handler(  836): aurisys_arsi_destroy_handler(), lib_name mtk_bessound, 0xed461b80, arsi_destroy_handler, arsi_handler = 0xef21ec00, retval = 0
02-03 21:08:11.957 D/sixth_if_gift(  836): tuning_misc_dev_thrd_proc : exit !!!
02-03 21:08:11.957 D/aurisys_lib_manager(  836): delete_aurisys_lib_manager(), manager 0xf65e63e0
02-03 21:08:11.957 D/AudioALSAPlaybackHandlerBase(  836): closeWavDump()
02-03 21:08:11.957 D/AudioALSAPlaybackHandlerNormal(  836): -close()
02-03 21:08:11.957 D/AudioALSAStreamOut(  836): close() checkCardClose 0
02-03 21:08:11.958 D/audio_engineer_test(  836): disable_force_test: disable=0 force_test_dis=0 stream_open_count=1
02-03 21:08:11.958 D/oplus_audio_config(  836): oplus_get_config(),unkonw config
02-03 21:08:11.958 D/oplus_audio_config(  836): oplus_is_config_support(),param null
02-03 21:08:11.958 D/AudioALSAStreamOut(  836): isHiRes = 0
02-03 21:08:11.958 D/AudioALSAStreamOut(  836): changeSia8109BoostVoltage: ActiveOutputStreamNum = 0, flag = 0
02-03 21:08:12.482 E/TaskPersister( 1741): File error accessing recents directory (directory doesn't exist?).
02-03 21:08:12.506 D/AALLightSensor( 1200): oldLux=30 [SA:24 LA:22] newLux=30 (oriLux: 25)
02-03 21:08:12.786 D/IHansComunication( 4602): HANS sendMessageToKernel: threadId = 501361515696, netLinkSetup = 1, type = FROZEN_TRANS, targetUid = 10744, pkgCmd = PKG_CMD_MAX
02-03 21:08:12.802 D/IHansComunication( 4602): HANS sendMessageToKernel: threadId = 501361515696, netLinkSetup = 1, type = FROZEN_TRANS, targetUid = 10186, pkgCmd = PKG_CMD_MAX
02-03 21:08:12.979 D/OplusNetKit( 1741): interface name from LP: [ccmni0]
02-03 21:08:12.979 D/OplusNetKit( 1741): interface name from LP: [ccmni2]
02-03 21:08:12.980 D/OplusNetKit( 1741): interface name from LP: [ccmni3]
02-03 21:08:12.980 D/OplusNetKit( 1741): interface name from LP: [wlan0]
02-03 21:08:12.980 D/OplusNetKit( 1741): in getLpByInterface name from LP: [ccmni0]
02-03 21:08:12.980 D/OplusNetKit( 1741): in getLpByInterface name from LP: [ccmni2]
02-03 21:08:12.980 D/OplusNetKit( 1741): in getLpByInterface name from LP: [ccmni3]
02-03 21:08:12.980 D/OplusNetKit( 1741): in getLpByInterface name from LP: [wlan0]
02-03 21:08:12.980 D/OplusNetKit( 1741): in getLpByInterface name from LP: [ccmni0]
02-03 21:08:12.980 D/OplusNetKit( 1741): in getLpByInterface name from LP: [ccmni2]
02-03 21:08:12.980 D/OplusNetKit( 1741): in getLpByInterface name from LP: [ccmni3]
02-03 21:08:12.980 D/OplusNetKit( 1741): in getLpByInterface name from LP: [wlan0]
02-03 21:08:12.980 D/OplusNetKit( 1741): Route is ipv4 on wlan0 found, break
02-03 21:08:13.066 I/OplusHansManager ( 1741): uid=10742, pkg=com.microsoft.bing can transition from M to F
02-03 21:08:13.066 I/OplusHansManager ( 1741): uid=10742, pkg=com.microsoft.bing F enter(), M stay=10
02-03 21:08:13.075 I/OplusHansManager ( 1741): freeze uid: 10742 com.microsoft.bing pids: [30705] scene: LcdOn
02-03 21:08:13.077 D/IHansComunication( 4602): HansComunication::addUid-- 10742, persistent--0
02-03 21:08:13.078 D/IHansComunication( 4602): HANS sendMessageToKernel: threadId = 501361515696, netLinkSetup = 1, type = PKG, targetUid = 10742, pkgCmd = ADD_ONE_UID
02-03 21:08:13.169 W/InputDispatcherExtImpl( 1741): MotionEvent action_down is in invalid region, x: 490.750000, y: 2358.000000
02-03 21:08:13.169 W/InputDispatcherExtImpl( 1741): MotionEvent action_down is in invalid region, x: 490.750000, y: 2358.000000
02-03 21:08:13.170 D/OGG_Detector( 1741): D:done mCurrStatus: 0
02-03 21:08:13.170 D/NoBackGesture( 2210): Start gesture: MotionEvent { action=ACTION_DOWN, actionButton=0, id[0]=0, x[0]=490.75, y[0]=2358.0, toolType[0]=TOOL_TYPE_FINGER, buttonState=0, classification=NONE, metaState=0, flags=0x0, edgeFlags=0x0, pointerCount=1, historySize=0, eventTime=102050493, downTime=102050493, deviceId=4, source=0x1002, displayId=0, eventId=857743209 }
02-03 21:08:13.170 D/NoBackGesture( 2210): Not in side gesture area
02-03 21:08:13.170 D/PowerManagerService( 1741): userActivityNoUpdateLocked: groupId=0, eventTime=102050493, event=2, flags=0x0, uid=1000
02-03 21:08:13.170 D/NoBackGesture( 2210): gestureBar animation: gestureBarNotHide = false, isCorrectHomeHandle = true
02-03 21:08:13.174 D/OplusZoomWindowRUSConfigManager( 1741): isSupportZoomModeWithPolicyLocked: target = com.wholexale.app.staging/com.wholexale.app.MainActivity
02-03 21:08:13.174 D/OplusZoomWindowRUSConfigManager( 1741): targetPkg = com.wholexale.app.staging
02-03 21:08:13.175 D/OplusZoomWindowRUSConfigManager( 1741): isSupportZoomModeWithPolicyLocked: target = com.wholexale.app.staging/com.wholexale.app.MainActivity
02-03 21:08:13.175 D/OplusZoomWindowRUSConfigManager( 1741): targetPkg = com.wholexale.app.staging
02-03 21:08:13.177 D/MultiStateCallback( 2561): [195758479] Adding [STATE_LAUNCHER_PRESENT (1)] to [ (0)]
02-03 21:08:13.178 D/DockIconView( 2561): onIconListVisibilityChanged: mTask = [id=1516 windowingMode=1 user=0 lastActiveTime=115903446, displayId=0] null,alpha=1.0,l=930,t=0,r=1050,b=120
02-03 21:08:13.178 D/OplusAppListInterceptManager( 1741): shouldFilterTask
02-03 21:08:13.178 D/OplusAppListInterceptManager( 1741): shouldFilterTask::packageName = com.wholexale.app.staging
02-03 21:08:13.179 D/OplusAppListInterceptManager( 1741): shouldFilterTask
02-03 21:08:13.179 D/OplusAppListInterceptManager( 1741): shouldFilterTask::packageName = com.google.android.youtube
02-03 21:08:13.179 D/OplusAppListInterceptManager( 1741): shouldFilterTask
02-03 21:08:13.179 D/OplusAppListInterceptManager( 1741): shouldFilterTask::packageName = com.cricbuzz.android
02-03 21:08:13.179 D/OplusAppListInterceptManager( 1741): shouldFilterTask
02-03 21:08:13.179 D/OplusAppListInterceptManager( 1741): shouldFilterTask::packageName = com.twitter.android
02-03 21:08:13.179 D/OplusAppListInterceptManager( 1741): shouldFilterTask
02-03 21:08:13.179 D/OplusAppListInterceptManager( 1741): shouldFilterTask::packageName = com.android.chrome
02-03 21:08:13.180 D/MultiStateCallback( 2561): [195758479] Adding [STATE_LAUNCHER_BIND_TO_SERVICE (8)] to [STATE_LAUNCHER_PRESENT (1)]
02-03 21:08:13.180 D/OplusAppListInterceptManager( 1741): shouldFilterTask
02-03 21:08:13.180 D/OplusAppListInterceptManager( 1741): shouldFilterTask::packageName = com.whatsapp
02-03 21:08:13.180 D/OplusAppListInterceptManager( 1741): shouldFilterTask
02-03 21:08:13.180 D/OplusAppListInterceptManager( 1741): shouldFilterTask::packageName = com.android.settings
02-03 21:08:13.180 D/MultiStateCallback( 2561): [134944264] Adding [STATE_RECENTS_ANIMATION_INITIALIZED (4)] to [ (0)]
02-03 21:08:13.181 D/OplusSplitScreenManagerService( 1741): com.android.settings unSupportsSplitScreen by blockList or ForbidActivityList
02-03 21:08:13.181 D/OplusSplitScreenManagerService( 1741): com.android.settings unSupportsSplitScreen by blockList or ForbidActivityList
02-03 21:08:13.181 D/OplusAppListInterceptManager( 1741): shouldFilterTask
02-03 21:08:13.181 D/OplusAppListInterceptManager( 1741): shouldFilterTask::packageName = com.google.android.gm
02-03 21:08:13.181 D/DockIconView( 2561): refresh: scale = 0.90909094,bm.width=132,icon.width=120,measureWidth=120
02-03 21:08:13.181 D/DockIconView( 2561): updatePaintFilter: mBitmapShader = android.graphics.BitmapShader@cb8efc6,mul=204,alpha=1.0,mDimAlpha=0.0
02-03 21:08:13.181 D/OplusAppListInterceptManager( 1741): shouldFilterTask
02-03 21:08:13.181 D/OplusAppListInterceptManager( 1741): shouldFilterTask::packageName = com.whatsapp
02-03 21:08:13.181 D/OplusAppListInterceptManager( 1741): shouldFilterTask
02-03 21:08:13.181 D/OplusAppListInterceptManager( 1741): shouldFilterTask::packageName = com.whatsapp.w4b
02-03 21:08:13.182 D/OplusAppListInterceptManager( 1741): shouldFilterTask
02-03 21:08:13.182 D/OplusAppListInterceptManager( 1741): shouldFilterTask::packageName = com.microsoft.bing
02-03 21:08:13.182 D/OplusAppListInterceptManager( 1741): shouldFilterTask
02-03 21:08:13.182 D/OplusAppListInterceptManager( 1741): shouldFilterTask::packageName = com.snapchat.android
02-03 21:08:13.182 D/OplusSplitScreenManagerService( 1741): com.snapchat.android unSupportsSplitScreen by blockList or ForbidActivityList
02-03 21:08:13.182 D/OplusAppListInterceptManager( 1741): shouldFilterTask
02-03 21:08:13.182 D/OplusAppListInterceptManager( 1741): shouldFilterTask::packageName = com.coloros.assistantscreen
02-03 21:08:13.183 D/OplusAppListInterceptManager( 1741): shouldFilterTask
02-03 21:08:13.183 D/OplusAppListInterceptManager( 1741): shouldFilterTask::packageName = com.truecaller
02-03 21:08:13.183 D/OplusAppListInterceptManager( 1741): shouldFilterTask
02-03 21:08:13.183 D/OplusAppListInterceptManager( 1741): shouldFilterTask::packageName = com.google.android.apps.messaging
02-03 21:08:13.183 V/SensorManager( 1741): call sensorServiceCommonInterface name: setScreenShotDisable
02-03 21:08:13.184 D/SensorService( 1741): SensorService sensorServiceCommonInterface = setScreenShotDisable
02-03 21:08:13.184 D/SensorServiceExtImpl( 1741): sensorServiceCommonInterface funcName = setScreenShotDisable, flag = 0, status = 0
02-03 21:08:13.184 I/mtkpower@impl(  863): [setMode] type:5, enabled:1
02-03 21:08:13.186 D/OplusUIFirst_FB( 1741): com.android.launcher toForeOps: []
02-03 21:08:13.186 D/OplusUIFirst_FB( 1741): List of ThreadOp: size=0 []
02-03 21:08:13.190 D/OplusUIFirst_FB( 1741): com.google.android.googlequicksearchbox toForeOps: []
02-03 21:08:13.190 D/OplusUIFirst_FB( 1741): List of ThreadOp: size=0 []
02-03 21:08:13.192 I/libPowerHal(  863): LAUNCH: cpu_ctrl set cpu freq: 2000000 -1 2200000 -1
02-03 21:08:13.192 D/OplusUIFirst_FB( 1741): com.coloros.assistantscreen toForeOps: []
02-03 21:08:13.192 D/OplusUIFirst_FB( 1741): List of ThreadOp: size=0 []
02-03 21:08:13.193 D/VRI[Launcher]( 2561): dispatchAppVisibility visible:true
02-03 21:08:13.193 D/VRI[Launcher]( 5675): dispatchAppVisibility visible:true
02-03 21:08:13.194 D/VRI[Launcher]( 2561): setWindowStopped stopped:false
02-03 21:08:13.194 D/b/223498680( 2561): LRV onStateTransitionStart setFreezeVisibility=true, toState=Background
02-03 21:08:13.195 I/ActivityManager( 1741): updateOomAdj start time is before than pendingPid added, don't delete it
02-03 21:08:13.195 D/OplusWallpaperServiceHelper( 2321): isNightMode is true
02-03 21:08:13.195 D/b/223498680( 2561): LRV onStateTransitionComplete setFreezeVisibility=false, finalState=Background
02-03 21:08:13.196 D/b/223498680( 2561): RAAF createStateElementAnimation alpha=[0.0]
02-03 21:08:13.196 D/LockSettingsService( 1741): [getSeparateProfileChallengeEnabled] userId = 999
02-03 21:08:13.196 D/b/223498680( 2561): RAAF createStateElementAnimation onStart
02-03 21:08:13.196 D/OplusRecentsView( 2561): setVisibility: oplusCleanStorageFrameLayout?.visibility = INVISIBLE
02-03 21:08:13.196 D/MultiStateCallback( 2561): [195758479] Adding [STATE_LAUNCHER_STARTED (2)] to [STATE_LAUNCHER_PRESENT, STATE_LAUNCHER_BIND_TO_SERVICE (9)]
02-03 21:08:13.197 I/OplusWallpaperServiceHelper( 2321): getDarkModeWallpaperWindowAlpha. nightMode = true
02-03 21:08:13.197 V/DeepThinker( 7781): ProcessManager: onForegroundActivitiesChanged pid:2561, uid:10106, foregroundActivities:true
02-03 21:08:13.198 D/OplusAtlas.OplusAtlasEventDispatch( 3289): setEvent:atlas_event_on_foreground_activities_changed info:pid:2561,uid:10106,hasForegroundActivities:1
02-03 21:08:13.198 D/OplusAtlas.OplusAudioScene( 3289): callback success event:atlas_event_on_foreground_activities_changed eventInfo:pid:2561,uid:10106,hasForegroundActivities:1
02-03 21:08:13.198 D/OplusAtlas.OplusMessageHandler( 3289): handleMessage: Msg { when=0 what=2 obj=com.oplus.atlas.OplusAtlasEvent@29f077b target=com.oplus.atlas.OplusMessageHandler$MyHandler }
02-03 21:08:13.200 E/IHansComunication( 4602): HANS printMessageBody: RCV message: type = 0,port = 86870,caller_pid = 1069,caller_uid = 1047,target_pid = 30705,target_uid = 10742,pkg_cmd = -1,rpc = android.hardware.ICameraServiceListener/5
02-03 21:08:13.200 I/AutoHideController( 2210): suspendAutoHide: removeAutoHide
02-03 21:08:13.200 E/IHansComunication( 4602): HANS printMessageBody: RCV message: type = 0,port = 86870,caller_pid = 1069,caller_uid = 1047,target_pid = 31255,target_uid = 10744,pkg_cmd = -1,rpc = android.hardware.ICameraServiceListener/5
02-03 21:08:13.200 E/IHansComunication( 4602): HANS printMessageBody: RCV message: type = 0,port = 86870,caller_pid = 1069,caller_uid = 1047,target_pid = 677,target_uid = 10186,pkg_cmd = -1,rpc = android.hardware.ICameraServiceListener/5
02-03 21:08:13.200 E/IHansComunication( 4602): HANS printMessageBody: RCV message: type = 0,port = 86870,caller_pid = 1069,caller_uid = 1047,target_pid = 30705,target_uid = 10742,pkg_cmd = -1,rpc = android.hardware.ICameraServiceListener/5
02-03 21:08:13.200 E/IHansComunication( 4602): HANS printMessageBody: RCV message: type = 0,port = 86870,caller_pid = 1069,caller_uid = 1047,target_pid = 31255,target_uid = 10744,pkg_cmd = -1,rpc = android.hardware.ICameraServiceListener/5
02-03 21:08:13.200 E/IHansComunication( 4602): HANS printMessageBody: RCV message: type = 0,port = 86870,caller_pid = 1069,caller_uid = 1047,target_pid = 677,target_uid = 10186,pkg_cmd = -1,rpc = android.hardware.ICameraServiceListener/5
02-03 21:08:13.200 E/IHansComunication( 4602): HANS printMessageBody: RCV message: type = 0,port = 86870,caller_pid = 1069,caller_uid = 1047,target_pid = 30705,target_uid = 10742,pkg_cmd = -1,rpc = android.hardware.ICameraServiceListener/5
02-03 21:08:13.200 E/IHansComunication( 4602): HANS printMessageBody: RCV message: type = 0,port = 86870,caller_pid = 1069,caller_uid = 1047,target_pid = 31255,target_uid = 10744,pkg_cmd = -1,rpc = android.hardware.ICameraServiceListener/5
02-03 21:08:13.201 E/IHansComunication( 4602): HANS printMessageBody: RCV message: type = 0,port = 86870,caller_pid = 1069,caller_uid = 1047,target_pid = 677,target_uid = 10186,pkg_cmd = -1,rpc = android.hardware.ICameraServiceListener/5
02-03 21:08:13.202 D/BtGatt.ScanManager( 3260): uid 10128 isForeground true scanMode 1
02-03 21:08:13.202 I/OplusCustomScanStrategy( 3260): msg.what = 6
02-03 21:08:13.202 D/ActivityManagerWrapper( 2561): startRecentsActivity()--onAnimationStart()
02-03 21:08:13.204 I/OplusHansManager ( 1741): unfreeze uid: 10742 com.microsoft.bing pids: [30705] reason: AsyncBinder scene: LcdOn
02-03 21:08:13.205 I/OplusHansManager ( 1741): uid=10742, pkg=com.microsoft.bing, transition from Frozen to Middle, reason=AsyncBinder
02-03 21:08:13.205 I/OplusHansManager ( 1741): uid=10742, pkg=com.microsoft.bing F exit(), F stay=0, reason=AsyncBinder
02-03 21:08:13.205 D/MultiStateCallback( 2561): [195758479] Adding [STATE_APP_CONTROLLER_RECEIVED (16)] to [STATE_LAUNCHER_PRESENT, STATE_LAUNCHER_STARTED, STATE_LAUNCHER_BIND_TO_SERVICE (11)]
02-03 21:08:13.206 D/MultiStateCallback( 2561): [134944264] Adding [STATE_RECENTS_ANIMATION_STARTED (8)] to [STATE_RECENTS_ANIMATION_INITIALIZED (4)]
02-03 21:08:13.206 I/mtkpower_client( 1741): perf_lock_rel, hdl:97335, tid:2265
02-03 21:08:13.206 D/b/223498680( 2561): RAAF createStateElementAnimation onEnd
02-03 21:08:13.206 I/mtkpower_client( 1741): perf_lock_acq, hdl:97335, dur:0, num:12, tid:2265
02-03 21:08:13.206 I/mtkpower@impl(  863): [check_work_req] i:0, msg:1 hdl:97335, wait
02-03 21:08:13.206 V/WindowManager( 1741): Relayout Window{313405c u0 com.android.wallpaper.livepicker.service.smoke.Smoke0WallpaperService}: viewVisibility=0, oldvis=0, req=-1x-1
02-03 21:08:13.208 I/libPowerHal(  863): [perfLockRel] hdl:97335, idx:0
02-03 21:08:13.208 I/libPowerHal(  863): [PD] system_server update cmd:2004100 param:2
02-03 21:08:13.208 I/mtkpower_client( 1741): ret_hdl:97338
02-03 21:08:13.209 I/libPowerHal(  863): [setGPUFreq] system_server user set gpu freq min:17, max:-1
02-03 21:08:13.209 I/libPowerHal(  863): system_server: set gpu opp level: 17
02-03 21:08:13.209 I/libPowerHal(  863): system_server: set gpu opp level max: 0
02-03 21:08:13.209 I/libPowerHal(  863): [setGPUFreq] Soft min/max = (17, 0); Hard min/max = (29, 0)
02-03 21:08:13.209 I/libPowerHal(  863): [setGPUFreq] final min/max = (17, 0)
02-03 21:08:13.209 I/libPowerHal(  863): system_server: set gpu opp level: 17
02-03 21:08:13.209 I/libPowerHal(  863): system_server: set gpu opp level max: 0
02-03 21:08:13.211 I/OplusHansManager ( 1741): unfreeze uid: 10744 com.cricbuzz.android pids: [31255, 16233] reason: AsyncBinder scene: LcdOn
02-03 21:08:13.213 D/OplusAtlasService( 3289): getAttributeByAppName module:oplus-getStreamMaxVolume packageName:com.cricbuzz.android
02-03 21:08:13.215 V/WindowManager( 1741): Relayout Window{79e5b u0 com.android.launcher/com.android.launcher.Launcher}: viewVisibility=0, oldvis=8, req=1080x2400
02-03 21:08:13.216 I/BufferQueueDebug(  962): [com.android.launcher/com.android.launcher.Launcher#37984](this:0xb400007963db49e8,id:-1,api:0,p:-1,c:-1) BufferQueue core=(962:/system/bin/surfaceflinger)
02-03 21:08:13.216 D/AppStateRecord( 1741): handleMessage: EVENT_FOREGROUND_APP_CHANGE
02-03 21:08:13.216 D/AppStateRecord( 1741): isFgAppInStuckList
02-03 21:08:13.216 D/AppStateRecord( 1741): getFgAppInStuckList: fgApp com.wholexale.app.staging
02-03 21:08:13.216 D/AppStateRecord( 1741): handleMessage: not fg stuck app, updateQoeEvent false
02-03 21:08:13.218 D/WCGWindowSurfaceFactory( 2321): mIsSupportWCG false
02-03 21:08:13.219 I/OplusHansManager ( 1741): unfreeze uid: 10186 in.cricketexchange.app.cricketexchange pids: [518, 677, 1357] reason: AsyncBinder scene: LcdOn
02-03 21:08:13.220 I/OplusHansManager ( 1741): forceUnfreezeByPid pid= 30705 reason= unfreezeForKernel: AsyncBinder
02-03 21:08:13.221 I/OplusHansManager ( 1741): uid=10744, pkg=com.cricbuzz.android, transition from Frozen to Middle, reason=AsyncBinder
02-03 21:08:13.221 I/OplusHansManager ( 1741): uid=10744, pkg=com.cricbuzz.android F exit(), F stay=1, reason=AsyncBinder
02-03 21:08:13.221 I/OplusHansManager ( 1741): forceUnfreezeByPid pid= 31255 reason= unfreezeForKernel: AsyncBinder
02-03 21:08:13.221 I/OplusHansManager ( 1741): uid=10186, pkg=in.cricketexchange.app.cricketexchange, transition from Frozen to Middle, reason=AsyncBinder
02-03 21:08:13.221 I/OplusHansManager ( 1741): uid=10186, pkg=in.cricketexchange.app.cricketexchange F exit(), F stay=1, reason=AsyncBinder
02-03 21:08:13.221 I/OplusHansManager ( 1741): forceUnfreezeByPid pid= 677 reason= unfreezeForKernel: AsyncBinder
02-03 21:08:13.221 V/WindowManager( 1741): Relayout Window{43ad301 u0 com.android.launcher/com.android.launcher.Launcher}: viewVisibility=0, oldvis=8, req=1080x2400
02-03 21:08:13.221 I/OplusHansManager ( 1741): forceUnfreezeByPid pid= 30705 reason= unfreezeForKernel: AsyncBinder
02-03 21:08:13.221 I/OplusHansManager ( 1741): forceUnfreezeByPid pid= 31255 reason= unfreezeForKernel: AsyncBinder
02-03 21:08:13.222 I/OplusHansManager ( 1741): forceUnfreezeByPid pid= 677 reason= unfreezeForKernel: AsyncBinder
02-03 21:08:13.222 I/BufferQueueDebug(  962): [com.android.launcher/com.android.launcher.Launcher#37985](this:0xb400007964a1e9e8,id:-1,api:0,p:-1,c:-1) BufferQueue core=(962:/system/bin/surfaceflinger)
02-03 21:08:13.223 D/[OSIE]  (  962): scltmLayer_name VRI[Launcher][com.android.launcher/com.android.launcher.Launcher]
02-03 21:08:13.223 D/[OSIE]  (  962): IsSCLTMLayer=0 
02-03 21:08:13.223 D/BufferQueueConsumer( 5675): [](id:162b00000270,api:0,p:-1,c:5675) connect: controlledByApp=false
02-03 21:08:13.224 E/IPCThreadState( 5675): attemptIncStrongHandle(57): Not supported
02-03 21:08:13.224 D/AudioManagerExtImpl(31255): getStreamVolume packageName=com.cricbuzz.android, index=6, streamType=3
02-03 21:08:13.224 I/boun    ( 5675): (REDACTED) onApplyWindowInsets: systemWindowInsets=%s
02-03 21:08:13.225 I/boun    ( 5675): (REDACTED) onApplyWindowInsets: systemWindowInsets=%s
02-03 21:08:13.225 D/OplusAtlasService( 3289): getAttributeByAppName module:oplus-getStreamMaxVolume packageName:com.cricbuzz.android
02-03 21:08:13.226 D/VRI[Launcher]( 5675): registerCallbacksForSync syncBuffer=false
02-03 21:08:13.226 D/skia    ( 2321): SkJpegCodec::onGetPixels +
02-03 21:08:13.228 D/AudioManagerExtImpl(31255): getStreamVolume packageName=com.cricbuzz.android, index=6, streamType=3
02-03 21:08:13.230 D/[OSIE]  (  962): scltmLayer_name VRI[Launcher][com.android.launcher/com.android.launcher.Launcher]
02-03 21:08:13.230 D/[OSIE]  (  962): IsSCLTMLayer=0 
02-03 21:08:13.230 D/BufferQueueConsumer( 2561): [](id:a01000002aa,api:0,p:-1,c:2561) connect: controlledByApp=false
02-03 21:08:13.230 E/IPCThreadState( 2561): attemptIncStrongHandle(120): Not supported
02-03 21:08:13.232 D/OplusRecentsView( 2561): getLastViewIndex() :14
02-03 21:08:13.232 W/View    ( 2561): requestLayout() improperly called by android.widget.LinearLayout{bac76ad VFE...C.. ......ID 0,3-958,105 #7f0a00a2 app:id/animated_hint_layout} during layout: running second layout pass
02-03 21:08:13.233 D/VRI[Launcher]( 2561): registerCallbacksForSync syncBuffer=false
02-03 21:08:13.234 D/MultiStateCallback( 2561): [195758479] Adding [STATE_LAUNCHER_DRAWN (4)] to [STATE_LAUNCHER_PRESENT, STATE_LAUNCHER_STARTED, STATE_LAUNCHER_BIND_TO_SERVICE, STATE_APP_CONTROLLER_RECEIVED (27)]
02-03 21:08:13.239 D/BLASTBufferQueue( 5675): [VRI[Launcher][com.android.launcher/com.android.launcher.Launcher]#624](f:0,a:1) acquireNextBufferLocked size=1080x2400 mFrameNumber=1 applyTransaction=true mTimestamp=102050567943851(auto) mPendingTransactions.size=0 graphicBufferId=24373939407846 transform=0
02-03 21:08:13.239 D/VRI[Launcher]( 5675): Received frameCommittedCallback lastAttemptedDrawFrameNum=1 didProduceBuffer=true syncBuffer=false
02-03 21:08:13.240 D/BufferStateLayer(  962): com.android.launcher/com.android.launcher.Launcher#37984 setBuffer frameId=1, bufferId=24373939407846 fenceId=603, w= 1080, h=2400
02-03 21:08:13.240 D/OplusLayer(  962): (37984,com.android.launcher/com.android.launcher.Launcher#37984,com.google.android.googlequicksearchbox:googleapp) setBuffer
02-03 21:08:13.241 D/VRI[Launcher]( 5675): draw finished.
02-03 21:08:13.244 D/WindowManager( 1741): finishDrawingWindow: Window{79e5b u0 com.android.launcher/com.android.launcher.Launcher} mDrawState=DRAW_PENDING
02-03 21:08:13.245 D/BLASTBufferQueue( 2561): [VRI[Launcher][com.android.launcher/com.android.launcher.Launcher]#623](f:0,a:1) acquireNextBufferLocked size=1080x2400 mFrameNumber=1 applyTransaction=true mTimestamp=102050574279005(auto) mPendingTransactions.size=0 graphicBufferId=10999411250690 transform=0
02-03 21:08:13.245 I/WeatherS_WeatherServiceVersionUtils(24226): serviceVersionCode16013000
02-03 21:08:13.245 I/WeatherS_WeatherServiceVersionUtils(24226): serviceVersionCode16013000
02-03 21:08:13.245 D/VRI[Launcher]( 2561): Received frameCommittedCallback lastAttemptedDrawFrameNum=1 didProduceBuffer=true syncBuffer=false
02-03 21:08:13.246 I/WeatherS_WeatherServiceVersionUtils(24226): serviceVersionCode16013000
02-03 21:08:13.246 D/VRI[Launcher]( 2561): draw finished.
02-03 21:08:13.246 I/WeatherS_WeatherServiceVersionUtils(24226): serviceVersionCode16013000
02-03 21:08:13.246 D/MultiStateCallback( 2561): [195758479] Adding [STATE_GESTURE_STARTED (256)] to [STATE_LAUNCHER_PRESENT, STATE_LAUNCHER_STARTED, STATE_LAUNCHER_DRAWN, STATE_LAUNCHER_BIND_TO_SERVICE, STATE_APP_CONTROLLER_RECEIVED (31)]
02-03 21:08:13.247 D/b/223498680( 2561): RAAF createStateElementAnimation alpha=[0.0]
02-03 21:08:13.247 D/b/223498680( 2561): RAAF createStateElementAnimation onStart
02-03 21:08:13.247 I/LatencyTracker( 2561): ACTION_TOGGLE_RECENTS latency=70
02-03 21:08:13.248 I/WeatherS_WeatherServiceVersionUtils(24226): serviceVersionCode16013000
02-03 21:08:13.248 I/WeatherS_WeatherServiceVersionUtils(24226): serviceVersionCode16013000
02-03 21:08:13.248 D/DockIconView( 2561): updatePaintFilter: mBitmapShader = null,mul=204,alpha=1.0,mDimAlpha=0.0
02-03 21:08:13.248 D/DockIconView( 2561): updatePaintFilter: mBitmapShader = null,mul=204,alpha=1.0,mDimAlpha=0.0
02-03 21:08:13.248 D/DockIconView( 2561): updatePaintFilter: mBitmapShader = null,mul=204,alpha=1.0,mDimAlpha=0.0
02-03 21:08:13.248 D/DockIconView( 2561): updatePaintFilter: mBitmapShader = null,mul=204,alpha=1.0,mDimAlpha=0.0
02-03 21:08:13.248 I/WeatherS_WeatherBaseDataTask(24226): Service has not started, bind update Service.
02-03 21:08:13.248 D/DockIconView( 2561): updatePaintFilter: mBitmapShader = null,mul=204,alpha=1.0,mDimAlpha=0.0
02-03 21:08:13.248 D/DockIconView( 2561): updatePaintFilter: mBitmapShader = null,mul=204,alpha=1.0,mDimAlpha=0.0
02-03 21:08:13.248 D/DockIconView( 2561): updatePaintFilter: mBitmapShader = null,mul=204,alpha=1.0,mDimAlpha=0.0
02-03 21:08:13.248 I/WeatherS_WeatherServiceManager(24226): bindUpdateService false
02-03 21:08:13.249 D/DockIconView( 2561): updatePaintFilter: mBitmapShader = null,mul=204,alpha=1.0,mDimAlpha=0.0
02-03 21:08:13.249 D/DockIconView( 2561): updatePaintFilter: mBitmapShader = null,mul=204,alpha=1.0,mDimAlpha=0.0
02-03 21:08:13.249 D/DockIconView( 2561): updatePaintFilter: mBitmapShader = null,mul=204,alpha=1.0,mDimAlpha=0.0
02-03 21:08:13.249 D/DockIconView( 2561): updatePaintFilter: mBitmapShader = null,mul=204,alpha=1.0,mDimAlpha=0.0
02-03 21:08:13.249 D/DockIconView( 2561): updatePaintFilter: mBitmapShader = null,mul=204,alpha=1.0,mDimAlpha=0.0
02-03 21:08:13.249 D/DockIconView( 2561): onIconListVisibilityChanged: mTask = [id=1564 windowingMode=1 user=0 lastActiveTime=126159395, displayId=0] null,alpha=1.0,l=2580,t=0,r=2700,b=120
02-03 21:08:13.249 D/DockIconView( 2561): onIconListVisibilityChanged: mTask = [id=1546 windowingMode=1 user=0 lastActiveTime=126157781, displayId=0] null,alpha=1.0,l=2430,t=0,r=2550,b=120
02-03 21:08:13.249 D/DockIconView( 2561): onIconListVisibilityChanged: mTask = [id=1523 windowingMode=1 user=0 lastActiveTime=125942136, displayId=0] null,alpha=1.0,l=2280,t=0,r=2400,b=120
02-03 21:08:13.249 D/DockIconView( 2561): onIconListVisibilityChanged: mTask = [id=1534 windowingMode=1 user=0 lastActiveTime=125580689, displayId=0] null,alpha=1.0,l=2130,t=0,r=2250,b=120
02-03 21:08:13.249 D/DockIconView( 2561): onIconListVisibilityChanged: mTask = [id=1563 windowingMode=1 user=0 lastActiveTime=125000984, displayId=0] null,alpha=1.0,l=1980,t=0,r=2100,b=120
02-03 21:08:13.249 D/DockIconView( 2561): onIconListVisibilityChanged: mTask = [id=1520 windowingMode=1 user=0 lastActiveTime=124864095, displayId=0] null,alpha=1.0,l=1830,t=0,r=1950,b=120
02-03 21:08:13.249 D/DockIconView( 2561): onIconListVisibilityChanged: mTask = [id=1555 windowingMode=1 user=0 lastActiveTime=124459863, displayId=0] null,alpha=1.0,l=1680,t=0,r=1800,b=120
02-03 21:08:13.249 D/DockIconView( 2561): onIconListVisibilityChanged: mTask = [id=1554 windowingMode=1 user=0 lastActiveTime=124035918, displayId=0] null,alpha=1.0,l=1530,t=0,r=1650,b=120
02-03 21:08:13.249 D/DockIconView( 2561): onIconListVisibilityChanged: mTask = [id=1551 windowingMode=1 user=999 lastActiveTime=123894704, displayId=0] null,alpha=1.0,l=1380,t=0,r=1500,b=120
02-03 21:08:13.249 D/DockIconView( 2561): onIconListVisibilityChanged: mTask = [id=1544 windowingMode=1 user=0 lastActiveTime=123889323, displayId=0] null,alpha=1.0,l=1230,t=0,r=1350,b=120
02-03 21:08:13.249 D/DockIconView( 2561): onIconListVisibilityChanged: mTask = [id=1533 windowingMode=1 user=0 lastActiveTime=116160535, displayId=0] null,alpha=1.0,l=1080,t=0,r=1200,b=120
02-03 21:08:13.249 D/DockIconView( 2561): onIconListVisibilityChanged: mTask = [id=1516 windowingMode=1 user=0 lastActiveTime=115903446, displayId=0] null,alpha=1.0,l=930,t=0,r=1050,b=120
02-03 21:08:13.249 D/OplusZoomWindowManagerService( 1741): hideZoomWindow, caller: 2561
02-03 21:08:13.250 D/PhoneInterfaceManager( 2506): [PhoneIntfMgr] QueryTelephonyChecker-getDataNetworkTypeForSubscriber: packageName = com.android.phone, isGrant = true
02-03 21:08:13.252 E/OplusZoomWindowManagerService( 1741): hideZoomWindow fail, zoomStack null
02-03 21:08:13.252 D/DockIconView( 2561): updatePaintFilter: mBitmapShader = null,mul=204,alpha=1.0,mDimAlpha=0.0
02-03 21:08:13.253 D/b/223498680( 2561): RAAF createStateElementAnimation onEnd
02-03 21:08:13.253 D/PhoneInterfaceManager( 2506): [PhoneIntfMgr] QueryTelephonyChecker-getDataNetworkTypeForSubscriber: packageName = com.android.phone, isGrant = true
02-03 21:08:13.254 D/OplusRecentsView( 2561): getLastViewIndex() :14
02-03 21:08:13.254 D/WindowManager( 1741): finishDrawingWindow: Window{43ad301 u0 com.android.launcher/com.android.launcher.Launcher} mDrawState=DRAW_PENDING
02-03 21:08:13.256 D/BufferStateLayer(  962): com.android.launcher/com.android.launcher.Launcher#37985 setBuffer frameId=1, bufferId=10999411250690 fenceId=587, w= 1080, h=2400
02-03 21:08:13.257 D/OplusLayer(  962): (37985,com.android.launcher/com.android.launcher.Launcher#37985,com.android.launcher) setBuffer
02-03 21:08:13.257 D/UxIconPackageManagerExt( 2561): UxIcon checkChooseIconsRootPath false
02-03 21:08:13.262 D/UxIconPackageManagerExt( 2561): UxIcon checkChooseIconsRootPath false
02-03 21:08:13.264 I/WindowStateExtImpl( 1741): onSurfaceShowChange show = true mPackageName = com.android.launcher parentPkgName = com.android.launcher
02-03 21:08:13.266 D/PowerManagerService( 1741): userActivityNoUpdateLocked: groupId=0, eventTime=102050594, event=2, flags=0x0, uid=1000
02-03 21:08:13.270 W/OplusExSystemServiceHelper(24253): checkOplusExSystemService intent getComponent is null
02-03 21:08:13.270 D/UxIconPackageManagerExt( 2561): UxIcon checkChooseIconsRootPath false
02-03 21:08:13.272 D/UxIconPackageManagerExt( 2561): UxIcon checkChooseIconsRootPath false
02-03 21:08:13.273 D/DockIconView( 2561): refresh: scale = 0.90909094,bm.width=132,icon.width=120,measureWidth=120
02-03 21:08:13.273 D/DockIconView( 2561): updatePaintFilter: mBitmapShader = android.graphics.BitmapShader@5cc5d4f,mul=204,alpha=1.0,mDimAlpha=0.0
02-03 21:08:13.275 I/FocusResolver( 1741): updateFocusedWindow,  on display 0, reason: Waiting for window because NOT_VISIBLE, result:   FocusedWindows: <none>
02-03 21:08:13.275 I/DispPerfService(  962): updateLayerMask 9
02-03 21:08:13.275 D/VRI[MainActivity](25078): onFocusEvent false
02-03 21:08:13.275 I/FocusResolver( 1741): updateFocusedWindow, recents_animation_input_consumer on display 0, reason: Window became focusable. Previous reason: NOT_VISIBLE, result:   FocusedWindows:
02-03 21:08:13.275 I/FocusResolver( 1741):     displayId=0, name='recents_animation_input_consumer'
02-03 21:08:13.276 D/InputMethodManagerService( 1741): onHandleImeWindowVisibleStatus: vis = 0, needsToShowImeSwitcher = false
02-03 21:08:13.277 V/WindowManager( 1741): Unknown focus tokens, dropping reportFocusChanged
02-03 21:08:13.277 I/WeatherS_WeatherBaseDataTask(24226): Service has not started, bind update Service.
02-03 21:08:13.277 I/WeatherS_WeatherServiceManager(24226): onServiceConnected
02-03 21:08:13.277 I/WeatherS_WeatherServiceManager(24226): bindUpdateService false
02-03 21:08:13.278 I/WeatherS_WeatherBaseDataTask(24226): executeRequest getLocationCityDataAndUpdateWeatherInfoIfNeeded
02-03 21:08:13.279 E/WeatherS_PrivacyStatementExport(24253): isAgreed-1
02-03 21:08:13.282 D/skia    ( 2321): SkJpegCodec::onGetPixels -
02-03 21:08:13.284 E/WeatherS_WeatherCommonServiceProxy(24253): getLocationCityInfo
02-03 21:08:13.285 V/StatusBar( 2210): onReceive: Intent { act=android.intent.action.CLOSE_SYSTEM_DIALOGS flg=0x50000010 (has extras) }
02-03 21:08:13.285 I/MainLooperBlockDetector( 5725): com.coloros.common.utils.RxSystemKeyEventMonitor$systemKeyEventReceiver$1.onReceive
02-03 21:08:13.286 I/MainLooperBlockDetector( 5725): checkMainLooperBlocked: detector not initialized
02-03 21:08:13.286 V/ShadeControllerImpl( 2210): NotificationShadeWindow: com.android.systemui.statusbar.phone.NotificationShadeWindowView{39b9082 I.E...... ......ID 0,0-1080,2400} canPanelBeCollapsed(): false
02-03 21:08:13.286 I/AstScreen.RxSystemKeyEventMonitor( 5725): HomeKey Receiver Reason = recentapps
02-03 21:08:13.286 I/WeatherS_WeatherCommonServiceProxy(24253): getLocationCityAndUpdate id = 2 cityId:0
02-03 21:08:13.286 E/WeatherS_WeatherCommonServiceProxy(24253): getTimeZoneOfAttendCity
02-03 21:08:13.287 E/WeatherS_WeatherCommonServiceProxy(24253): getOneAttentCityWeatherInfoList
02-03 21:08:13.288 D/DockIconView( 2561): refresh: scale = 0.90909094,bm.width=132,icon.width=120,measureWidth=120
02-03 21:08:13.288 D/DockIconView( 2561): updatePaintFilter: mBitmapShader = android.graphics.BitmapShader@4ad9112,mul=204,alpha=1.0,mDimAlpha=0.0
02-03 21:08:13.288 D/DockIconView( 2561): refresh: scale = 0.90909094,bm.width=132,icon.width=120,measureWidth=120
02-03 21:08:13.288 D/DockIconView( 2561): updatePaintFilter: mBitmapShader = android.graphics.BitmapShader@60670e3,mul=204,alpha=1.0,mDimAlpha=0.0
02-03 21:08:13.288 D/DockIconView( 2561): refresh: scale = 0.90909094,bm.width=132,icon.width=120,measureWidth=120
02-03 21:08:13.288 D/DockIconView( 2561): updatePaintFilter: mBitmapShader = android.graphics.BitmapShader@9b56ae0,mul=204,alpha=1.0,mDimAlpha=0.0
02-03 21:08:13.289 D/DockIconView( 2561): refresh: scale = 0.90909094,bm.width=132,icon.width=120,measureWidth=120
02-03 21:08:13.289 D/DockIconView( 2561): updatePaintFilter: mBitmapShader = android.graphics.BitmapShader@20ef199,mul=204,alpha=1.0,mDimAlpha=0.0
02-03 21:08:13.289 D/DockIconView( 2561): refresh: scale = 0.90909094,bm.width=132,icon.width=120,measureWidth=120
02-03 21:08:13.289 D/DockIconView( 2561): updatePaintFilter: mBitmapShader = android.graphics.BitmapShader@34fac5e,mul=204,alpha=1.0,mDimAlpha=0.0
02-03 21:08:13.289 D/DockIconView( 2561): refresh: scale = 0.90909094,bm.width=132,icon.width=120,measureWidth=120
02-03 21:08:13.289 D/DockIconView( 2561): updatePaintFilter: mBitmapShader = android.graphics.BitmapShader@e25383f,mul=204,alpha=1.0,mDimAlpha=0.0
02-03 21:08:13.289 D/DockIconView( 2561): refresh: scale = 0.90909094,bm.width=132,icon.width=120,measureWidth=120
02-03 21:08:13.289 D/DockIconView( 2561): updatePaintFilter: mBitmapShader = android.graphics.BitmapShader@cb6550c,mul=204,alpha=1.0,mDimAlpha=0.0
02-03 21:08:13.289 D/DockIconView( 2561): refresh: scale = 0.90909094,bm.width=132,icon.width=120,measureWidth=120
02-03 21:08:13.289 D/DockIconView( 2561): updatePaintFilter: mBitmapShader = android.graphics.BitmapShader@ad40e55,mul=204,alpha=1.0,mDimAlpha=0.0
02-03 21:08:13.289 D/DockIconView( 2561): refresh: scale = 0.90909094,bm.width=132,icon.width=120,measureWidth=120
