01-22 19:13:55.272 D/Layer   (  966): reparent to null sequence=24455, seq[21], name=Surface(name=6a3356d Splash Screen com.wholexale.app.staging)/@0x4b38a27 - animation-leash of window_animation#24455
01-22 19:13:55.272 D/OplusFullScreenDisplayManager( 1748): adjustWindowParamsLw com.wholexale.app.staging, no change cutoutMode: 0
01-22 19:13:55.272 V/WindowManager( 1748): Relayout Window{aceeddc u0 com.wholexale.app.staging/com.wholexale.app.MainActivity}: viewVisibility=0, oldvis=0, req=1080x2400
01-22 19:13:55.273 I/BufferQueueDebug(  966): [Splash Screen com.wholexale.app.staging#24439](this:0xb40000701d80f9e8,id:-1,api:0,p:-1,c:966) onDestructor()
01-22 19:13:55.273 D/OidtHandler( 5361): OidtContentObserver-- changed uri is content://settings/system/volume_music_speaker
01-22 19:13:55.273 D/OplusLayer(  966): ~Layer() sequence=24439, name=Splash Screen com.wholexale.app.staging#24439
01-22 19:13:55.273 I/OplusWifiSarManager( 1748): Received action: android.media.ACTION_AUDIO_DEVICE_ROUTE_CHANGED
01-22 19:13:55.273 I/OplusWifiSarManager( 1748): onAudioDeviceRouteStateChanged: 0
01-22 19:13:55.274 I/OplusWifiSarManager( 1748): mWifiConnected: true mWifiState: true
01-22 19:13:55.274 D/OplusLayer(  966): ~Layer() sequence=24455, name=Surface(name=6a3356d Splash Screen com.wholexale.app.staging)/@0x4b38a27 - animation-leash of window_animation#24455
01-22 19:13:55.274 D/OplusLayer(  966): ~Layer() sequence=24438, name=6a3356d Splash Screen com.wholexale.app.staging#24438
01-22 19:13:55.275 E/IHansComunication( 6221): HANS printMessageBody: RCV message: type = 0,port = 86870,caller_pid = 1748,caller_uid = 1000,target_pid = 19034,target_uid = 10601,pkg_cmd = -1,rpc = android.database.IContentObserver/2
01-22 19:13:55.275 E/IHansComunication( 6221): HANS printMessageBody: RCV message: type = 0,port = 86870,caller_pid = 1748,caller_uid = 1000,target_pid = 14298,target_uid = 10614,pkg_cmd = -1,rpc = android.database.IContentObserver/2
01-22 19:13:55.278 D/OplusWifiSarManager( 1748): set wifi_dbs_enable to false
01-22 19:13:55.278 D/OplusWifiSarManager( 1748): wifiBand mWifi2gState:false mWifi5gState: true mWifi5gBand:WIFI_5G_BAND4
01-22 19:13:55.278 I/OplusWifiSarManager( 1748): sar sensor state:
01-22 19:13:55.278 I/OplusWifiSarManager( 1748): sensor index: 0, state: null
01-22 19:13:55.278 I/OplusWifiSarManager( 1748): sensor index: 1, state: null
01-22 19:13:55.278 I/OplusWifiSarManager( 1748): sensor index: 2, state: null
01-22 19:13:55.278 I/OplusWifiSarManager( 1748): sensor index: 3, state: null
01-22 19:13:55.278 I/OplusWifiSarManager( 1748): sensor index: 4, state: null
01-22 19:13:55.278 I/OplusWifiSarManager( 1748): sensor index: 5, state: null
01-22 19:13:55.278 I/OplusWifiSarManager( 1748): sensor index: 6, state: null
01-22 19:13:55.278 I/OplusWifiSarManager( 1748): sensor index: 7, state: null
01-22 19:13:55.278 I/OplusWifiSarManager( 1748): sensor index: 8, state: null
01-22 19:13:55.278 I/OplusWifiSarManager( 1748): sensor index: 9, state: null
01-22 19:13:55.278 I/OplusWifiSarManager( 1748): sensor index: 10, state: null
01-22 19:13:55.278 I/OplusWifiSarManager( 1748): sensor index: 11, state: null
01-22 19:13:55.278 I/OplusWifiSarManager( 1748): sensor index: 12, state: null
01-22 19:13:55.278 I/OplusWifiSarManager( 1748): sensor index: 13, state: null
01-22 19:13:55.278 I/OplusWifiSarManager( 1748): sensor index: 14, state: null
01-22 19:13:55.278 I/OplusWifiSarManager( 1748): sensor index: 15, state: null
01-22 19:13:55.278 I/OplusWifiSarManager( 1748): project: 20291, country: IN
01-22 19:13:55.278 I/OplusWifiSarManager( 1748): sensor state: earpiece: 0, sensor: null, isScreenOn: true
01-22 19:13:55.278 I/OplusWifiSarManager( 1748): modem state: mCellOn: false mDataOn: false mData5gOn: false
01-22 19:13:55.278 I/OplusWifiSarManager( 1748): wifi state: mWifiConnected: true mWifiSapEnabled: false mWifiP2pConnected: false mWifi2gState: false mWifi5gState: true mWifi5gBand: WIFI_5G_BAND4 mIsBluetoothTxOn: false
01-22 19:13:55.278 I/OplusWifiSarManager( 1748): wifisar engineerMode state: enable: false, Regdomain: , modemWorkType(2:4G, 3:5G): -1, sensorWorkType: -1, wifiChannel2.4G: -1, wifiChannel5G: -1 foldstatus(1=unfold,0=fold):0, bt work type: -1, hotspot work type: -1
01-22 19:13:55.278 I/OplusWifiSarManager( 1748): not support wsa
01-22 19:13:55.278 I/OplusWifiSarManager( 1748): sensor index: 13, max: 16
01-22 19:13:55.278 I/OplusWifiSarManager( 1748): no change: stateindex: 11110000001000000 isWifi2g: false wifiBand5g: WIFI_5G_BAND4
01-22 19:13:55.281 I/Oidt_AssetsUtil( 5361): read from assets success
01-22 19:13:55.281 D/OplusFeatureDCBacklight( 1748): notifySfRepaintEverything begin mCurrentDCMode:0brightness=1021threshold=260
01-22 19:13:55.283 D/OplusScrollToTopManager(16548): unregisterSystemUIBroadcastReceiver 
01-22 19:13:55.283 D/AudioManagerExtImpl( 7107): getStreamVolume normal, volume index=5
01-22 19:13:55.284 D/OplusAtlasService( 3300): getAttributeByAppName module:oplus-getStreamMaxVolume packageName:com.truecaller
01-22 19:13:55.287 D/OplusFeatureDCBacklight( 1748): notifySfRepaintEverything begin mCurrentDCMode:0brightness=1021threshold=260
01-22 19:13:55.289 D/AudioManagerExtImpl(17538): getStreamVolume packageName=com.snapchat.android, index=5, streamType=3
01-22 19:13:55.291 D/AudioManagerExtImpl( 9694): getStreamVolume packageName=com.cricbuzz.android, index=5, streamType=3
01-22 19:13:55.291 D/se.dirac.acs-api( 3347): Settings changed callback received
01-22 19:13:55.291 I/AudioEffect( 2495): command() 0xb400007a4de84a00, cmdCode = 65602
01-22 19:13:55.291 D/OplusAtlasService( 3300): getAttributeByAppName module:oplus-getStreamMaxVolume packageName:com.cricbuzz.android
01-22 19:13:55.292 I/EffectsFactory(  836): Effect_Command(): self = 0xeb15e350, cmdCode = 65602
01-22 19:13:55.292 E/se.dirac.effect(  836): 'USECASE_GROUP_INTERNAL' will now utilize usecase 'USECASE_INVALID'
01-22 19:13:55.295 D/OplusDiracService( 3347): setDiracEffectInternal --- cost time=46
01-22 19:13:55.295 D/AudioManagerExtImpl(17538): getStreamVolume packageName=com.snapchat.android, index=5, streamType=3
01-22 19:13:55.295 D/OplusDiracService( 3347): notifyStatusChanged size = 0
01-22 19:13:55.296 D/OidtHandler( 5361): Music speaker volume changed to 5
01-22 19:13:55.298 D/AudioManagerExtImpl( 7107): getStreamVolume too fast, volume index=5, package=com.truecaller
01-22 19:13:55.298 D/OplusAtlasService( 3300): getAttributeByAppName module:oplus-getStreamMaxVolume packageName:com.truecaller
01-22 19:13:55.304 D/OplusFeatureDCBacklight( 1748): notifySfRepaintEverything begin mCurrentDCMode:0brightness=1021threshold=260
01-22 19:13:55.304 I/ReactNative(16919): [GESTURE HANDLER] Initialize gesture handler for root view com.facebook.react.ReactRootView{9d67f9e V.E...... ......ID 0,0-1080,2290 #b}
01-22 19:13:55.316 D/AAL     ( 1193): 01-22 07:13:55.300 BL=1021,ESS= 256, 
01-22 19:13:55.319 D/OplusFeatureDCBacklight( 1748): notifySfRepaintEverything begin mCurrentDCMode:0brightness=1021threshold=260
01-22 19:13:55.325 D/OplusAtlasService( 3300): getAttributeByAppName module:oplus-getStreamMaxVolume packageName:com.google.android.youtube
01-22 19:13:55.327 D/AudioManagerExtImpl(16548): getStreamVolume normal, volume index=5
01-22 19:13:55.330 D/OplusAtlas.OplusMessageHandler( 3300): handleMessage: Msg { when=-1ms what=0 target=com.oplus.atlas.OplusMessageHandler$MyHandler }
01-22 19:13:55.336 D/OplusFeatureDCBacklight( 1748): notifySfRepaintEverything begin mCurrentDCMode:0brightness=1021threshold=260
01-22 19:13:55.352 D/OplusFeatureDCBacklight( 1748): notifySfRepaintEverything begin mCurrentDCMode:0brightness=1021threshold=260
01-22 19:13:55.359 I/OplusFeedbackInfo(16548): 0xb4000079509cf000 c2.mtk.vp9.decoder 1080x1920 inputFps=13 outputFps=25 renderFps=11, discardFps=29
01-22 19:13:55.360 I/InputReader( 1748): theia saupwkProcessKey
01-22 19:13:55.360 I/InputReader( 1748): theia start saupwkProcessKey
01-22 19:13:55.360 E/system_server( 1748): [theia_saupwk] start saupwkProcessKey
01-22 19:13:55.360 D/PhoneWindowManagerExtImpl( 1748): interceptKeyBeforeQueueing:KeyEvent { action=ACTION_UP, keyCode=KEYCODE_VOLUME_DOWN, scanCode=114, metaState=0, flags=0x8, repeatCount=0, eventTime=85633861562000, downTime=85633558052000, deviceId=2, source=0x101, displayId=-1 }   mIsUpGestureMode = false,  keyguardOn = false,  screenOn = true,  DisableBottomKeyMode = 0,  policyFlags = 570425344,  SosPowerKeyEnabled = true,  WalletSwitchState = 0,  IsQuickLaunchSupport = true,  canceled = false
01-22 19:13:55.360 D/OplusKeyCombinationManager( 1748): down false keyCode 25 count 0 interactive true eventTime 85633861 mDownTimes: {25=85633558}
01-22 19:13:55.360 I/OplusJoystickManager( 1748): read game pad state for game manager -> false
01-22 19:13:55.360 W/OplusJoystickManager( 1748): mInterceptGamepadKey is false
01-22 19:13:55.360 D/WindowManager( 1748): interceptKeyTq keycode=25 interactive=true keyguardActive=false policyFlags=22000000
01-22 19:13:55.360 D/KeyCombinationManager( 1748): down false keyCode 25 count 2 interactive true eventTime 85633861 mDownTimes: {25=85633558}
01-22 19:13:55.361 D/PowerManagerService( 1748): userActivityNoUpdateLocked: groupId=0, eventTime=85633861, event=1, flags=0x0, uid=1000
01-22 19:13:55.370 D/OplusFeatureDCBacklight( 1748): notifySfRepaintEverything begin mCurrentDCMode:0brightness=1022threshold=260
01-22 19:13:55.382 D/AALCust ( 1193): aal_backlight_bits, specialConfig:12
01-22 19:13:55.382 D/AAL     ( 1193): onBacklightChanged: 1021/1023 -> 1022/1023(phy:1022/4095)
01-22 19:13:55.386 D/OplusFeatureDCBacklight( 1748): notifySfRepaintEverything begin mCurrentDCMode:0brightness=1022threshold=260
01-22 19:13:55.403 D/OplusFeatureDCBacklight( 1748): notifySfRepaintEverything begin mCurrentDCMode:0brightness=1022threshold=260
01-22 19:13:55.419 D/OplusFeatureDCBacklight( 1748): notifySfRepaintEverything begin mCurrentDCMode:0brightness=1022threshold=260
01-22 19:13:55.435 D/OplusFeatureDCBacklight( 1748): notifySfRepaintEverything begin mCurrentDCMode:0brightness=1022threshold=260
01-22 19:13:55.446 W/ActivityManager( 1748): stopServiceToken startId 11 is last, but have 1 remaining args
01-22 19:13:55.451 W/YT.codecreuse(16548): Codec released via internal release.
01-22 19:13:55.451 D/MediaCodec(16548): [0xb40000796a615000] [c2.mtk.vp9.decoder] releaseAsync
01-22 19:13:55.452 D/BufferQueueConsumer(16548): [](id:40a400000039,api:0,p:-1,c:16548) connect: controlledByApp=false
01-22 19:13:55.452 D/MediaCodec(16548): [0xb40000796a615000] [c2.mtk.vp9.decoder] connectToSurface: surface 0xb400007952dfa000, mSurface 0xb4000079968b3000
01-22 19:13:55.452 D/SurfaceUtils(16548): connecting to surface 0xb400007952dfa010, reason connectToSurface
01-22 19:13:55.452 I/MediaCodec(16548): [c2.mtk.vp9.decoder] setting surface generation to 16945201
01-22 19:13:55.452 D/SurfaceUtils(16548): disconnecting from surface 0xb400007952dfa010, reason connectToSurface(reconnect)
01-22 19:13:55.452 D/SurfaceUtils(16548): connecting to surface 0xb400007952dfa010, reason connectToSurface(reconnect)
01-22 19:13:55.453 D/OplusFeatureDCBacklight( 1748): notifySfRepaintEverything begin mCurrentDCMode:0brightness=1022threshold=260
01-22 19:13:55.453 D/Codec2-OutputBufferQueue(16548): remote graphic buffer migration 0/0
01-22 19:13:55.453 D/Codec2Client(16548): setOutputSurface -- generation=16945201 consumer usage=0x900
01-22 19:13:55.469 D/OplusFeatureDCBacklight( 1748): notifySfRepaintEverything begin mCurrentDCMode:0brightness=1022threshold=260
01-22 19:13:55.469 I/Quality (16919): Skipped: true 8 cost 134.87955 refreshRate 16550450 bit true processName com.wholexale.app.staging
01-22 19:13:55.473 D/MediaSessionService( 1748): dispatchVolumeKeyEvent, pkg=com.wholexale.app.staging, opPkg=com.wholexale.app.staging, pid=16919, uid=10851, asSystem=true, event=KeyEvent { action=ACTION_UP, keyCode=KEYCODE_VOLUME_DOWN, scanCode=114, metaState=0, flags=0x8, repeatCount=0, eventTime=85633861562000, downTime=85633558052000, deviceId=2, source=0x101, displayId=-1 }, stream=-2147483648, musicOnly=false
01-22 19:13:55.473 D/MediaSessionService( 1748): Adjusting suggestedStream=-2147483648 by 0. flags=4116, preferSuggestedStream=false, session=null, musicOnly false
01-22 19:13:55.475 D/C2BqBuffer(  846): local generation change 16945201 , bqId: 71073118814265 migrated buffers # 25
01-22 19:13:55.475 D/Codec2Client(16548): Surface configure completed
01-22 19:13:55.475 D/MediaCodec(16548): [0xb40000796a615000] [c2.mtk.vp9.decoder] disconnectFromSurface: mSurface 0xb4000079968b3000
01-22 19:13:55.475 D/AudioServiceExtImpl( 1748): ringVolumeDefault :0
01-22 19:13:55.475 D/SurfaceUtils(16548): disconnecting from surface 0xb4000079968b3010, reason disconnectFromSurface
01-22 19:13:55.476 D/AudioServiceExtImpl( 1748): oplusGetParameters() keyValuePairs:OPLUS_AUDIO_GET_ADJUSTVOLUME_FORBID, uid: 1000
01-22 19:13:55.477 D/MediaCodec(16548): [0xb40000796a615000] setState: 10
01-22 19:13:55.477 D/OplusCCodec(16548): initiateShutdown [568]: (0xb400007950871480) keepComponentAllocated=0
01-22 19:13:55.477 I/OplusFeedbackInfo(16548): [sendFeedbackInfo:L310]  send:MM_FB_EventID#21001#ClientPid#16548#ReportLevel#0#timeUsage#3#videoComponent#c2.mtk.vp9.decoder#videoHeight#1920#videoMime#video/x-vnd.on2.vp9#videoWidth#1080
01-22 19:13:55.477 D/AtlasEventUploadUtils(16548): setEvent event:atlas_event_atlasserver_feedback
01-22 19:13:55.478 D/OplusAtlas.OplusAtlasEventDispatch( 3300): setEvent:atlas_event_atlasserver_feedback info:MM_FB_EventID#21001#ClientPid#16548#ReportLevel#0#timeUsage#3#videoComponent#c2.mtk.vp9.decoder#videoHeight#1920#videoMime#video/x-vnd.on2.vp9#videoWidth#1080
01-22 19:13:55.479 D/C2BqBuffer(  846): configuring null producer: igbp_information(0)
01-22 19:13:55.480 D/OplusAtlasFeedback( 3300): callback success event:atlas_event_atlasserver_feedback eventInfo:MM_FB_EventID#21001#ClientPid#16548#ReportLevel#0#timeUsage#3#videoComponent#c2.mtk.vp9.decoder#videoHeight#1920#videoMime#video/x-vnd.on2.vp9#videoWidth#1080
01-22 19:13:55.481 D/OplusAtlas.OplusMessageHandler( 3300): handleMessage: Msg { when=0 what=1 obj=com.oplus.atlas.OplusAtlasEvent@989ebaa target=com.oplus.atlas.OplusMessageHandler$MyHandler }
01-22 19:13:55.481 D/OplusAtlasFeedback( 3300): uploadMMCollectData MM_FB_EventID#21001#ClientPid#16548#ReportLevel#0#timeUsage#3#videoComponent#c2.mtk.vp9.decoder#videoHeight#1920#videoMime#video/x-vnd.on2.vp9#videoWidth#1080
01-22 19:13:55.482 D/CCodecBufferChannel(16548): [c2.mtk.vp9.decoder#305] MediaCodec discarded an unknown buffer
01-22 19:13:55.483 D/CCodecBufferChannel(16548): [c2.mtk.vp9.decoder#305] MediaCodec discarded an unknown buffer
01-22 19:13:55.483 D/CCodecBufferChannel(16548): [c2.mtk.vp9.decoder#305] MediaCodec discarded an unknown buffer
01-22 19:13:55.483 D/CCodecBufferChannel(16548): [c2.mtk.vp9.decoder#305] MediaCodec discarded an unknown buffer
01-22 19:13:55.483 D/CCodecBufferChannel(16548): [c2.mtk.vp9.decoder#305] MediaCodec discarded an unknown buffer
01-22 19:13:55.483 D/CCodecBufferChannel(16548): [c2.mtk.vp9.decoder#305] MediaCodec discarded an unknown buffer
01-22 19:13:55.483 D/CCodecBufferChannel(16548): [c2.mtk.vp9.decoder#305] MediaCodec discarded an unknown buffer
01-22 19:13:55.483 D/CCodecBufferChannel(16548): [c2.mtk.vp9.decoder#305] MediaCodec discarded an unknown buffer
01-22 19:13:55.488 D/OplusFeatureDCBacklight( 1748): notifySfRepaintEverything begin mCurrentDCMode:0brightness=1022threshold=260
01-22 19:13:55.489 D/C2MtkComponent(  846): [0xEE33AA00] release
01-22 19:13:55.489 D/C2MtkVdec(  846): [0xEE33AA00] onRelease
01-22 19:13:55.489 D/C2MtkVdec(  846): [0xEE33AA00] mOnCancel
01-22 19:13:55.489 D/C2MtkBufferManager(  846): [0xEE325550] wakeUpFetchThread release mThreadSem mCcThreadSem
01-22 19:13:55.490 D/BufferQueueConsumer(16548): [SurfaceTexture-1-16548-14](id:40a400000038,api:0,p:-1,c:16548) disconnect
01-22 19:13:55.492 I/mtkpower_client( 1196): perf_lock_rel, hdl:59722, tid:1272
01-22 19:13:55.493 I/libPowerHal(  859): [perfLockRel] hdl:59722, idx:6
01-22 19:13:55.493 I/libPowerHal(  859): [PD] vpud update cmd:240c000 param:50
01-22 19:13:55.495 E/VCodecDrv( 1196): set display thredhold to 100ms is finished
01-22 19:13:55.496 D/C2MtkVdec(  846): [0xEE33AA00] VCodec destroyed.
01-22 19:13:55.496 D/C2MtkVdec(  846): [0xEE33AA00] mBMLock lock by onRelease
01-22 19:13:55.496 D/C2MtkBufferManager(  846): [0xEE325550] stopFetchThread, BM fetch thread join
01-22 19:13:55.496 D/C2MtkBufferManager(  846): C2MtkBMFetchThread terminated
01-22 19:13:55.496 D/C2MtkBufferManager(  846): [0xEE325550] stopFetchThread, BM fetch thread join complete
01-22 19:13:55.496 D/C2MtkBufferManager(  846): [0xEE325550] stopFetchThread
01-22 19:13:55.496 I/mtkpower_client(  846): perf_lock_acq, hdl:59721, dur:0, num:2, tid:19847
01-22 19:13:55.497 I/mtkpower_client(  846): ret_hdl:59721
01-22 19:13:55.497 D/C2MtkVdec(  846): [0xEE33AC28] clearClientPid: perfLockAcq mFpsLockHandle 59721 pid 16548
01-22 19:13:55.497 I/mtkpower_client(  846): perf_lock_rel, hdl:59721, tid:19847
01-22 19:13:55.497 I/libPowerHal(  859): [PU] scn:5, update
01-22 19:13:55.497 I/libPowerHal(  859): [unsetGPUFreq] current min:29, max:0; scn_gpu_min:-1, scn_gpu_max:-1; scn_gpu_min(HL):-1, scn_gpu_max(HL):-1
01-22 19:13:55.497 I/libPowerHal(  859): [setGPUFreq] Soft min/max = (29, 0); Hard min/max = (29, 0)
01-22 19:13:55.497 I/libPowerHal(  859): [setGPUFreq] final min/max = (29, 0)
01-22 19:13:55.497 I/libPowerHal(  859): c2@1.2-mediatek: set gpu opp level: 29
01-22 19:13:55.499 I/libPowerHal(  859): c2@1.2-mediatek: set gpu opp level max: 0
01-22 19:13:55.501 I/libPowerHal(  859): [fpsgo_set_video_pid_thread] 16548, 0xb400007e89a126a0
01-22 19:13:55.502 I/OplusHansManager ( 1748): FastFreeze exit, unfreeze uids: [10139, 10244, 10601, 10614, 10828, 99910601]
01-22 19:13:55.503 E/libPowerHal(  859): Could not open '/sys/kernel/fpsgo/fstb/set_video_pid'
01-22 19:13:55.503 E/libPowerHal(  859): error : 2, No such file or directory
01-22 19:13:55.503 I/libPowerHal(  859): [fpsgo_clear_video_pid_thread] 16548, 0xb400007e89a126a0
01-22 19:13:55.503 E/libPowerHal(  859): Could not open '/sys/kernel/fpsgo/fstb/clear_video_pid'
01-22 19:13:55.503 E/libPowerHal(  859): error : 2, No such file or directory
01-22 19:13:55.503 I/OplusHansManager ( 1748): exit FastFreezer, unfreeze uids: [10614, 10244, 10601, 10828, 10139, 99910601] thaw: [10186, 10817], reason: exitFF
01-22 19:13:55.503 D/C2MtkVdec(  846): [0xEE33AC28] clearClientPid: perfLockRel mFpsLockHandle 59721 pid 16548
01-22 19:13:55.503 V/C2MtkVdec(  846): Number of instances decreased to 0(c2.mtk.vp9.decoder)
01-22 19:13:55.504 I/OplusHansManager ( 1748): notify state machine event=FF_EXIT to uids=[10851, 10244, 10817, 10186, 10828, 10744]
01-22 19:13:55.504 I/OplusHansManager ( 1748): FF exit, uid=10244, pkg=com.google.android.apps.docs M transition to F
01-22 19:13:55.504 D/AudioManagerExtImpl(14298): getStreamVolume packageName=com.facebook.katana, index=0, streamType=1
01-22 19:13:55.504 I/libPowerHal(  859): [perfLockRel] hdl:59721, idx:5
01-22 19:13:55.505 D/MediaCodec(16548): [0xb40000796a615000] [c2.mtk.vp9.decoder] kWhatReleaseCompleted
01-22 19:13:55.505 D/MediaCodec(16548): [0xb40000796a615000] setState: 0
01-22 19:13:55.505 I/hw-BpHwBinder(16548): onLastStrongRef automatically unlinking death recipients
01-22 19:13:55.505 D/MediaCodec(16548): [0xb40000796a615000] [c2.mtk.vp9.decoder] disconnectFromSurface: mSurface 0xb400007952dfa000
01-22 19:13:55.505 I/libPowerHal(  859): [fpsgo_clear_video_pid_thread] 16548, 0xb400007e89a126a0
01-22 19:13:55.505 D/SurfaceUtils(16548): disconnecting from surface 0xb400007952dfa010, reason disconnectFromSurface
01-22 19:13:55.505 E/libPowerHal(  859): Could not open '/sys/kernel/fpsgo/fstb/clear_video_pid'
01-22 19:13:55.505 E/libPowerHal(  859): error : 2, No such file or directory
01-22 19:13:55.505 I/libPowerHal(  859): [PD] c2@1.2-mediatek update ONESHOT cmd:2084100 param:16548
01-22 19:13:55.505 D/C2MtkVdec(  846): [0xEE33AA00] onRelease
01-22 19:13:55.505 D/C2MtkVdec(  846): [0xEE33AA00] mOnCancel
01-22 19:13:55.505 D/C2MtkVdec(  846): [0xEE33AA00] VCodec destroyed.
01-22 19:13:55.505 D/C2MtkVdec(  846): [0xEE33AA00] mBMLock lock by onRelease
01-22 19:13:55.505 D/C2MtkVdec(  846): [0xEE33AA00] ~C2MtkVdec
01-22 19:13:55.507 D/OplusFeatureDCBacklight( 1748): notifySfRepaintEverything begin mCurrentDCMode:0brightness=1022threshold=260
01-22 19:13:55.509 D/MediaCodec(16548): flushMediametrics
01-22 19:13:55.511 D/MediaCodec(16548): [0xb40000796a615000] ~MediaCodec
01-22 19:13:55.511 I/OplusHansManager ( 1748): uid=10244, pkg=com.google.android.apps.docs can transition from M to F
01-22 19:13:55.511 I/OplusHansManager ( 1748): uid=10244, pkg=com.google.android.apps.docs F enter(), M stay=10
01-22 19:13:55.511 D/MediaCodec(16548): flushMediametrics
01-22 19:13:55.512 D/OplusCCodec(16548): ~OplusCCodec [145]: (0xb400007950871480)
01-22 19:13:55.512 D/AtlasEventUploadUtils(16548): setEvent event:atlas_event_video_monitor_network_switch
01-22 19:13:55.513 D/OplusAtlas.OplusAtlasEventDispatch( 3300): setEvent:atlas_event_video_monitor_network_switch info:STOP,16548,Key,-5476376625839017984
01-22 19:13:55.513 D/OplusAtlasVideo( 3300): callback success event:atlas_event_video_monitor_network_switch eventInfo:STOP,16548,Key,-5476376625839017984
01-22 19:13:55.513 I/OplusHansManager ( 1748): freeze uid: 10244 com.google.android.apps.docs pids: [17298] scene: LcdOn
01-22 19:13:55.515 I/OplusHansManager ( 1748): FF exit, uid=10828, pkg=money.myhubble M transition to F
01-22 19:13:55.516 D/IHansComunication( 6221): HansComunication::addUid-- 10244, persistent--0
01-22 19:13:55.516 D/IHansComunication( 6221): HANS sendMessageToKernel: threadId = 516689218736, netLinkSetup = 1, type = PKG, targetUid = 10244, pkgCmd = ADD_ONE_UID
01-22 19:13:55.517 D/C2MtkVdecExt(  846): [0xEC1D6210] ~ExtImpl
01-22 19:13:55.517 D/C2MtkBufferManager(  846): [0xEE325550] mFetchLock by cancelAllBuffers
01-22 19:13:55.517 D/C2MtkBufferManager(  846): [0xEE325550]   mBufferLock by cancelAllBuffers
01-22 19:13:55.520 D/C2MtkBufferManager(  846): [0xEE325550] cancelAllBuffers, Free all Buffers Done!
01-22 19:13:55.520 D/C2MtkBufferManager(  846): [0xEE325550] ~C2MtkBufferManager
01-22 19:13:55.521 D/OplusFeatureDCBacklight( 1748): notifySfRepaintEverything begin mCurrentDCMode:0brightness=1022threshold=260
01-22 19:13:55.522 D/libMEOW (16548): meow delete tls: 0xb40000794d6a2740
01-22 19:13:55.523 I/OplusHansManager ( 1748): uid=10828, pkg=money.myhubble can transition from M to F
01-22 19:13:55.523 I/OplusHansManager ( 1748): uid=10828, pkg=money.myhubble F enter(), M stay=10
01-22 19:13:55.526 I/OplusHansManager ( 1748): freeze uid: 10828 money.myhubble pids: [13173] scene: LcdOn
01-22 19:13:55.527 D/IHansComunication( 6221): HansComunication::addUid-- 10828, persistent--0
01-22 19:13:55.528 D/IHansComunication( 6221): HANS sendMessageToKernel: threadId = 516689218736, netLinkSetup = 1, type = PKG, targetUid = 10828, pkgCmd = ADD_ONE_UID
01-22 19:13:55.528 D/OplusAtlasService( 3300): getAttributeByAppName module:oplus-getStreamMaxVolume packageName:com.google.android.youtube
01-22 19:13:55.528 V/C2MtkVdec(  846): in DestroyCodec2Vp9Factory
01-22 19:13:55.528 V/C2MtkVdec(  846): in DestroyCodec2Vp9Factory
01-22 19:13:55.528 D/C2MtkVdec(  846): [0xee6ef390] removeInputMemoryUsageEntry: entryCount: 1, totalUsage: 16777216
01-22 19:13:55.528 D/C2MtkComponentStore(  846): onNumberOfVideoInstancesChanged: Decoder 1, Encoder 0
01-22 19:13:55.528 V/C2MtkVdec(  846): Number of instances for debug decreased to 0(c2.mtk.vp9.decoder)
01-22 19:13:55.528 D/C2MtkVdec(  846): [0xEE6EF390] VCodec destroyed.
01-22 19:13:55.529 D/AudioManagerExtImpl(16548): getStreamVolume normal, volume index=5
01-22 19:13:55.535 D/OplusFeatureDCBacklight( 1748): notifySfRepaintEverything begin mCurrentDCMode:0brightness=1022threshold=260
01-22 19:13:55.537 I/SurfaceFlinger(  966): [SF client] REMOVE (0xb40000701dd0aa40) for (16548:com.google.android.youtube)
01-22 19:13:55.551 D/OplusFeatureDCBacklight( 1748): notifySfRepaintEverything begin mCurrentDCMode:0brightness=1022threshold=260
01-22 19:13:55.568 D/OplusFeatureDCBacklight( 1748): notifySfRepaintEverything begin mCurrentDCMode:0brightness=1022threshold=260
01-22 19:13:55.584 D/OplusFeatureDCBacklight( 1748): notifySfRepaintEverything begin mCurrentDCMode:0brightness=1022threshold=260
01-22 19:13:55.588 D/IMGMemtrackHAL(  849): hal_get_memory: memtrack cache rebuild was required
01-22 19:13:55.589 W/Binder  ( 1748): Outgoing transactions from this process must be FLAG_ONEWAY
01-22 19:13:55.589 W/Binder  ( 1748): java.lang.Throwable
01-22 19:13:55.589 W/Binder  ( 1748): 	at android.os.BinderProxy.transact(BinderProxy.java:605)
01-22 19:13:55.589 W/Binder  ( 1748): 	at android.content.ContentProviderProxy.insert(ContentProviderNative.java:555)
01-22 19:13:55.589 W/Binder  ( 1748): 	at android.content.ContentResolver.insert(ContentResolver.java:2225)
01-22 19:13:55.589 W/Binder  ( 1748): 	at android.content.ContentResolver.insert(ContentResolver.java:2181)
01-22 19:13:55.589 W/Binder  ( 1748): 	at com.oplus.util.OplusStatisticsImpl.sendDataToDCS(OplusStatisticsImpl.java:281)
01-22 19:13:55.589 W/Binder  ( 1748): 	at com.oplus.util.OplusStatisticsImpl.flushInternal(OplusStatisticsImpl.java:250)
01-22 19:13:55.589 W/Binder  ( 1748): 	at com.oplus.util.OplusStatisticsImpl.lambda$setDelayFlushJobIfNeed$4$com-oplus-util-OplusStatisticsImpl(OplusStatisticsImpl.java:208)
01-22 19:13:55.589 W/Binder  ( 1748): 	at com.oplus.util.OplusStatisticsImpl$$ExternalSyntheticLambda0.run(Unknown Source:4)
01-22 19:13:55.589 W/Binder  ( 1748): 	at java.util.concurrent.Executors$RunnableAdapter.call(Executors.java:520)
01-22 19:13:55.589 W/Binder  ( 1748): 	at java.util.concurrent.FutureTask.run(FutureTask.java:317)
01-22 19:13:55.589 W/Binder  ( 1748): 	at java.util.concurrent.ScheduledThreadPoolExecutor$ScheduledFutureTask.run(ScheduledThreadPoolExecutor.java:348)
01-22 19:13:55.589 W/Binder  ( 1748): 	at java.util.concurrent.ThreadPoolExecutor.runWorker(ThreadPoolExecutor.java:1154)
01-22 19:13:55.589 W/Binder  ( 1748): 	at java.util.concurrent.ThreadPoolExecutor$Worker.run(ThreadPoolExecutor.java:652)
01-22 19:13:55.589 W/Binder  ( 1748): 	at java.lang.Thread.run(Thread.java:1563)
01-22 19:13:55.601 D/OplusFeatureDCBacklight( 1748): notifySfRepaintEverything begin mCurrentDCMode:0brightness=1022threshold=260
01-22 19:13:55.618 D/OplusFeatureDCBacklight( 1748): notifySfRepaintEverything begin mCurrentDCMode:0brightness=1022threshold=260
01-22 19:13:55.634 D/OplusFeatureDCBacklight( 1748): notifySfRepaintEverything begin mCurrentDCMode:0brightness=1022threshold=260
01-22 19:13:55.647 D/AAL     ( 1193): 01-22 07:13:55.630 BL=1022,ESS= 256, 
01-22 19:13:55.651 D/OplusFeatureDCBacklight( 1748): notifySfRepaintEverything begin mCurrentDCMode:0brightness=1022threshold=260
01-22 19:13:55.667 D/OplusFeatureDCBacklight( 1748): notifySfRepaintEverything begin mCurrentDCMode:0brightness=1022threshold=260
01-22 19:13:55.678 D/FusionLightExtImpl( 1748): processRawLux stop to shot
01-22 19:13:55.682 D/FusionLightExtImpl( 1748): processRawLux ShotOnce, after outEvent->light = 0.000000, comp_lux = 510.043274, RGB(255.000000, 228.000000, 182.000000), C = 13.000000, threshold = 1000, mBrightLevel = 1022
01-22 19:13:55.684 D/OplusFeatureDCBacklight( 1748): notifySfRepaintEverything begin mCurrentDCMode:0brightness=1022threshold=260
01-22 19:13:55.686 I/mtkpower_client( 1748): perf_lock_acq, hdl:59414, dur:3000, num:2, tid:1949
01-22 19:13:55.686 I/mtkpower_client( 1748): ret_hdl:59735
01-22 19:13:55.686 I/mtkpower_client( 1748): perf_lock_rel, hdl:59735, tid:1949
01-22 19:13:55.686 I/SbeHandle(  859): end_default_hold_time HindID : 21
01-22 19:13:55.686 I/libPowerHal(  859): [disableScenarioByHintId] Disable HindID : 21
01-22 19:13:55.686 I/libPowerHal(  859): [disableScenarioByHintId] disableScenarioByHintId: HindID : 21
01-22 19:13:55.686 I/libPowerHal(  859): [PD] MTKPOWER_HINT_PROCESS_CREATE update cmd:1000000, param:1
01-22 19:13:55.687 I/libPowerHal(  859): [PD] MTKPOWER_HINT_PROCESS_CREATE update cmd:1408300 param:40
01-22 19:13:55.687 I/libPowerHal(  859): [PD] MTKPOWER_HINT_PROCESS_CREATE update cmd:1434500 param:0
01-22 19:13:55.687 I/libPowerHal(  859): [PD] MTKPOWER_HINT_PROCESS_CREATE update cmd:1000000 param:1
01-22 19:13:55.688 I/libPowerHal(  859): [perfLockRel] hdl:59735, idx:2
01-22 19:13:55.688 I/SbeHandle(  859): end_default_hold_time HindID : 21
01-22 19:13:55.688 I/libPowerHal(  859): [disableScenarioByHintId] Disable HindID : 21
01-22 19:13:55.688 I/libPowerHal(  859): [PD] system_server update ONESHOT cmd:3410300 param:21
01-22 19:13:55.700 D/OplusFeatureDCBacklight( 1748): notifySfRepaintEverything begin mCurrentDCMode:0brightness=1022threshold=260
01-22 19:13:55.717 D/OplusFeatureDCBacklight( 1748): notifySfRepaintEverything begin mCurrentDCMode:0brightness=1023threshold=260
01-22 19:13:55.719 D/OplusAtlasService( 3300): getAttributeByAppName module:oplus-getStreamMaxVolume packageName:com.truecaller
01-22 19:13:55.721 D/AudioManagerExtImpl( 7107): getStreamVolume normal, volume index=5
01-22 19:13:55.730 D/AALCust ( 1193): aal_backlight_bits, specialConfig:12
01-22 19:13:55.730 D/AAL     ( 1193): onBacklightChanged: 1022/1023 -> 1023/1023(phy:1023/4095)
01-22 19:13:55.731 D/OplusAtlasService( 3300): getAttributeByAppName module:oplus-getStreamMaxVolume packageName:com.google.android.youtube
01-22 19:13:55.732 D/AudioManagerExtImpl(16548): getStreamVolume normal, volume index=5
01-22 19:13:55.733 D/OplusFeatureDCBacklight( 1748): notifySfRepaintEverything begin mCurrentDCMode:0brightness=1023threshold=260
01-22 19:13:55.750 D/OplusFeatureDCBacklight( 1748): notifySfRepaintEverything begin mCurrentDCMode:0brightness=1023threshold=260
01-22 19:13:55.765 D/OidtHandler( 5361): OidtContentObserver-- changed uri is content://settings/system/volume_music_speaker
01-22 19:13:55.766 D/AudioManagerExtImpl( 9694): getStreamVolume packageName=com.cricbuzz.android, index=5, streamType=3
01-22 19:13:55.766 I/Oidt_AssetsUtil( 5361): read from assets success
01-22 19:13:55.766 D/OplusAtlasService( 3300): getAttributeByAppName module:oplus-getStreamMaxVolume packageName:com.cricbuzz.android
01-22 19:13:55.766 D/OplusFeatureDCBacklight( 1748): notifySfRepaintEverything begin mCurrentDCMode:0brightness=1023threshold=260
01-22 19:13:55.767 D/AudioManagerExtImpl(14298): getStreamVolume packageName=com.facebook.katana, index=0, streamType=1
01-22 19:13:55.767 D/AudioManagerExtImpl( 7107): getStreamVolume normal, volume index=5
01-22 19:13:55.767 D/OplusAtlasService( 3300): getAttributeByAppName module:oplus-getStreamMaxVolume packageName:com.truecaller
01-22 19:13:55.768 D/AudioManagerExtImpl( 7107): getStreamVolume too fast, volume index=5, package=com.truecaller
01-22 19:13:55.769 D/OplusAtlasService( 3300): getAttributeByAppName module:oplus-getStreamMaxVolume packageName:com.truecaller
01-22 19:13:55.771 D/OidtHandler( 5361): Music speaker volume changed to 5
01-22 19:13:55.783 D/OplusAtlasService( 3300): getAttributeByAppName module:oplus-getStreamMaxVolume packageName:com.truecaller
01-22 19:13:55.783 D/OplusFeatureDCBacklight( 1748): notifySfRepaintEverything begin mCurrentDCMode:0brightness=1023threshold=260
01-22 19:13:55.783 D/AudioManagerExtImpl( 7107): getStreamVolume too fast, volume index=5, package=com.truecaller
01-22 19:13:55.799 D/OplusFeatureDCBacklight( 1748): notifySfRepaintEverything begin mCurrentDCMode:0brightness=1023threshold=260
01-22 19:13:55.806 I/hwcomposer(  843): [HWC] (0)fire a callback of refresh to SF[4]  
01-22 19:13:55.816 D/OplusFeatureDCBacklight( 1748): notifySfRepaintEverything begin mCurrentDCMode:0brightness=1023threshold=260
01-22 19:13:55.832 D/OplusFeatureDCBacklight( 1748): notifySfRepaintEverything begin mCurrentDCMode:0brightness=1023threshold=260
01-22 19:13:55.850 D/OplusFeatureDCBacklight( 1748): notifySfRepaintEverything begin mCurrentDCMode:0brightness=1023threshold=260
01-22 19:13:55.866 D/OplusFeatureDCBacklight( 1748): notifySfRepaintEverything begin mCurrentDCMode:0brightness=1023threshold=260
01-22 19:13:55.866 D/BoundBrokerSvc(24720): onUnbind: Intent { act=com.google.android.gms.onboardingconsent.api.ConsentManagerApiService.START dat=chimera-action:/... cmp=com.google.android.gms/.chimera.GmsApiService }
01-22 19:13:55.873 D/OplusAtlasService( 3300): getAttributeByAppName module:oplus-getStreamMaxVolume packageName:com.truecaller
01-22 19:13:55.874 D/AudioManagerExtImpl( 7107): getStreamVolume normal, volume index=5
01-22 19:13:55.875 D/OplusAtlasService( 3300): getAttributeByAppName module:oplus-getStreamMaxVolume packageName:com.truecaller
01-22 19:13:55.876 D/AudioManagerExtImpl( 7107): getStreamVolume too fast, volume index=5, package=com.truecaller
01-22 19:13:55.884 D/OplusFeatureDCBacklight( 1748): notifySfRepaintEverything begin mCurrentDCMode:0brightness=1023threshold=260
01-22 19:13:55.899 D/OplusFeatureDCBacklight( 1748): notifySfRepaintEverything begin mCurrentDCMode:0brightness=1023threshold=260
01-22 19:13:55.913 D/OplusAtlasService( 3300): getAttributeByAppName module:oplus-getStreamMaxVolume packageName:com.truecaller
01-22 19:13:55.915 D/AudioManagerExtImpl( 7107): getStreamVolume normal, volume index=5
01-22 19:13:55.915 D/OplusFeatureDCBacklight( 1748): notifySfRepaintEverything begin mCurrentDCMode:0brightness=1023threshold=260
01-22 19:13:55.932 D/OplusFeatureDCBacklight( 1748): notifySfRepaintEverything begin mCurrentDCMode:0brightness=1023threshold=260
01-22 19:13:55.933 D/OplusAtlasService( 3300): getAttributeByAppName module:oplus-getStreamMaxVolume packageName:com.google.android.youtube
01-22 19:13:55.935 D/AudioManagerExtImpl(16548): getStreamVolume normal, volume index=5
01-22 19:13:55.948 D/OplusFeatureDCBacklight( 1748): notifySfRepaintEverything begin mCurrentDCMode:0brightness=1023threshold=260
01-22 19:13:55.965 D/OplusFeatureDCBacklight( 1748): notifySfRepaintEverything begin mCurrentDCMode:0brightness=1023threshold=260
01-22 19:13:55.981 D/OplusFeatureDCBacklight( 1748): notifySfRepaintEverything begin mCurrentDCMode:0brightness=1023threshold=260
01-22 19:13:55.989 D/VRR [OTI](  966): handleIdle from 0 to 1
01-22 19:13:55.989 D/VRR [OTI-HW](  966): isStateReady 0
01-22 19:13:55.989 D/VRR [OTI-HW](  966): rate range: min {id=0, hwcId=0, resolution=1080x2400, refreshRate=60.00 Hz, dpi=409.02x409.02, group=0} cur {id=0, hwcId=0, resolution=1080x2400, refreshRate=60.00 Hz, dpi=409.02x409.02, group=0} max {id=0, hwcId=0, resolution=1080x2400, refreshRate=60.00 Hz, dpi=409.02x409.02, group=0}
01-22 19:13:55.989 D/VRR [OTI-HW](  966): keep rate.
01-22 19:13:55.992 D/OplusAtlasService( 3300): getAttributeByAppName module:oplus-getStreamMaxVolume packageName:com.truecaller
01-22 19:13:55.993 D/AudioManagerExtImpl( 7107): getStreamVolume normal, volume index=5
01-22 19:13:55.994 D/AAL     ( 1193): 01-22 07:13:55.978 BL=1023,ESS= 256, 
01-22 19:13:55.998 D/OplusFeatureDCBacklight( 1748): notifySfRepaintEverything begin mCurrentDCMode:0brightness=1023threshold=260
01-22 19:13:56.015 D/OplusFeatureDCBacklight( 1748): notifySfRepaintEverything begin mCurrentDCMode:0brightness=1023threshold=260
01-22 19:13:56.031 D/OplusFeatureDCBacklight( 1748): notifySfRepaintEverything begin mCurrentDCMode:0brightness=1023threshold=260
01-22 19:13:56.036 E/TaskPersister( 1748): File error accessing recents directory (directory doesn't exist?).
01-22 19:13:56.048 I/ReactNativeJS(16919):  Starting AI services initialization...
01-22 19:13:56.051 D/OplusFeatureDCBacklight( 1748): notifySfRepaintEverything begin mCurrentDCMode:0brightness=1024threshold=260
01-22 19:13:56.061 D/AALCust ( 1193): aal_backlight_bits, specialConfig:12
01-22 19:13:56.061 D/AAL     ( 1193): onBacklightChanged: 1023/1023 -> 1024/1023(phy:1024/4095)
01-22 19:13:56.064 D/OplusFeatureDCBacklight( 1748): notifySfRepaintEverything begin mCurrentDCMode:0brightness=1024threshold=260
01-22 19:13:56.069 D/[BT]    (  837): mtk_bt_op: BT_VND_OP_LPM_WAKE_SET_STATE
01-22 19:13:56.084 D/OplusFeatureDCBacklight( 1748): notifySfRepaintEverything begin mCurrentDCMode:0brightness=1024threshold=260
01-22 19:13:56.088 I/ReactNativeJS(16919):  Initializing AI Services...
01-22 19:13:56.088 I/ReactNativeJS(16919):  Initializing Model Manager...
01-22 19:13:56.091 I/ReactNativeJS(16919):  Using CPU backend for TensorFlow.js
01-22 19:13:56.091 I/ReactNativeJS(16919):  TensorFlow.js initialized with cpu backend
01-22 19:13:56.091 I/ReactNativeJS(16919):  Performance monitoring started
01-22 19:13:56.091 I/ReactNativeJS(16919):  Model Manager initialized successfully
01-22 19:13:56.091 I/ReactNativeJS(16919):  Loading model: compliance-detector-compliance-model-v1
01-22 19:13:56.097 D/OplusFeatureDCBacklight( 1748): notifySfRepaintEverything begin mCurrentDCMode:0brightness=1024threshold=260
01-22 19:13:56.111 I/hwcomposer(  843): [HWC] (0)fire a callback of refresh to SF[4]  
01-22 19:13:56.113 I/Athena  ( 2605): CommonAction: 0,2312,200,0,0,0,381,0,2923,1887,933,1059
01-22 19:13:56.114 D/OplusFeatureDCBacklight( 1748): notifySfRepaintEverything begin mCurrentDCMode:0brightness=1024threshold=260
01-22 19:13:56.130 D/OplusFeatureDCBacklight( 1748): notifySfRepaintEverything begin mCurrentDCMode:0brightness=1024threshold=260
01-22 19:13:56.136 D/OplusAtlasService( 3300): getAttributeByAppName module:oplus-getStreamMaxVolume packageName:com.google.android.youtube
01-22 19:13:56.137 D/AudioManagerExtImpl(16548): getStreamVolume normal, volume index=5
01-22 19:13:56.147 D/OplusFeatureDCBacklight( 1748): notifySfRepaintEverything begin mCurrentDCMode:0brightness=1024threshold=260
01-22 19:13:56.164 D/OplusFeatureDCBacklight( 1748): notifySfRepaintEverything begin mCurrentDCMode:0brightness=1024threshold=260
01-22 19:13:56.180 D/OplusFeatureDCBacklight( 1748): notifySfRepaintEverything begin mCurrentDCMode:0brightness=1024threshold=260
01-22 19:13:56.197 D/OplusFeatureDCBacklight( 1748): notifySfRepaintEverything begin mCurrentDCMode:0brightness=1024threshold=260
01-22 19:13:56.214 D/OplusFeatureDCBacklight( 1748): notifySfRepaintEverything begin mCurrentDCMode:0brightness=1024threshold=260
01-22 19:13:56.230 D/OplusFeatureDCBacklight( 1748): notifySfRepaintEverything begin mCurrentDCMode:0brightness=1024threshold=260
01-22 19:13:56.232 I/mtkpower_client( 1748): perf_lock_rel, hdl:59734, tid:2280
01-22 19:13:56.232 I/mtkpower_client( 1748): perf_lock_acq, hdl:59734, dur:0, num:6, tid:2280
01-22 19:13:56.232 I/libPowerHal(  859): [perfLockRel] hdl:59734, idx:0
01-22 19:13:56.233 I/libPowerHal(  859): system_server: cpu_ctrl set cpu freq: -1 -1 -1 -1
01-22 19:13:56.233 I/libPowerHal(  859): [PD] system_server update cmd:1c3c000 param:1
01-22 19:13:56.233 I/libPowerHal(  859): [PD] (more) /proc/mcdi/state set +prefix:enable 1;
01-22 19:13:56.233 I/libPowerHal(  859): [PD] system_server update cmd:2004100 param:2
01-22 19:13:56.234 I/mtkpower_client( 1748): ret_hdl:59736
01-22 19:13:56.235 I/libPowerHal(  859): system_server: hard user limit set cpu freq: -1 -1 -1 2066000
01-22 19:13:56.247 D/OplusFeatureDCBacklight( 1748): notifySfRepaintEverything begin mCurrentDCMode:0brightness=1024threshold=260
01-22 19:13:56.247 D/Osense-DecisionMaker( 1748): notifyDelayedSceneToPolicy
01-22 19:13:56.248 D/Osense-DecisionMaker( 1748): getCurrentSysStats, availmemMb: 2310
01-22 19:13:56.248 D/Osense-DecisionMaker( 1748): getCurrentSysStats, availmemMb: 2310
01-22 19:13:56.248 D/Osense-DecisionMaker( 1748): getCurrentSysStats, availmemMb: 2310
01-22 19:13:56.248 D/Osense-DecisionMaker( 1748): getCurrentSysStats, availmemMb: 2310
01-22 19:13:56.264 D/OplusFeatureDCBacklight( 1748): notifySfRepaintEverything begin mCurrentDCMode:0brightness=1024threshold=260
01-22 19:13:56.284 D/OplusFeatureDCBacklight( 1748): notifySfRepaintEverything begin mCurrentDCMode:0brightness=1024threshold=260
01-22 19:13:56.297 D/OplusFeatureDCBacklight( 1748): notifySfRepaintEverything begin mCurrentDCMode:0brightness=1024threshold=260
01-22 19:13:56.311 I/FA      (16548): Application backgrounded at: timestamp_millis: 1769089434309
01-22 19:13:56.313 D/OplusFeatureDCBacklight( 1748): notifySfRepaintEverything begin mCurrentDCMode:0brightness=1024threshold=260
01-22 19:13:56.325 D/AAL     ( 1193): 01-22 07:13:56.309 BL=1024,ESS= 256, 
01-22 19:13:56.329 D/OplusFeatureDCBacklight( 1748): notifySfRepaintEverything begin mCurrentDCMode:0brightness=1024threshold=260
01-22 19:13:56.332 D/OplusAtlas.OplusMessageHandler( 3300): handleMessage: Msg { when=-1ms what=0 target=com.oplus.atlas.OplusMessageHandler$MyHandler }
01-22 19:13:56.337 D/OplusAtlasService( 3300): getAttributeByAppName module:oplus-getStreamMaxVolume packageName:com.google.android.youtube
01-22 19:13:56.340 D/AudioManagerExtImpl(16548): getStreamVolume normal, volume index=5
01-22 19:13:56.344 D/vendor.oplus.hardware.charger@1.0-service(  897): getChargerControl:
01-22 19:13:56.346 D/OplusFeatureDCBacklight( 1748): notifySfRepaintEverything begin mCurrentDCMode:0brightness=1024threshold=260
01-22 19:13:56.361 W/HidlServiceHelper(11138): Failed to read virtual TLC buffer usage returns is NULLnull
01-22 19:13:56.363 D/OplusFeatureDCBacklight( 1748): notifySfRepaintEverything begin mCurrentDCMode:0brightness=1024threshold=260
01-22 19:13:56.369 D/OplusQpowerManager( 1748): PKAT has been disabled
01-22 19:13:56.381 D/OplusFeatureDCBacklight( 1748): notifySfRepaintEverything begin mCurrentDCMode:0brightness=1025threshold=260
01-22 19:13:56.392 D/AALCust ( 1193): aal_backlight_bits, specialConfig:12
01-22 19:13:56.392 D/AAL     ( 1193): onBacklightChanged: 1024/1023 -> 1025/1023(phy:1025/4095)
01-22 19:13:56.393 I/NetworkScheduler.Stats(20067): (REDACTED) Task %s/%s started execution. cause:%s exec_start_elapsed_seconds: %s
01-22 19:13:56.396 D/OplusFeatureDCBacklight( 1748): notifySfRepaintEverything begin mCurrentDCMode:0brightness=1025threshold=260
01-22 19:13:56.405 I/PlayGamesServices[GamesSyncAdapter](24720): Starting sync for cf4b0c95
01-22 19:13:56.407 I/PlayGamesServices[GamesSyncAdapter](24720): Sync duration for cf4b0c95: 1
01-22 19:13:56.412 D/OplusFeatureDCBacklight( 1748): notifySfRepaintEverything begin mCurrentDCMode:0brightness=1025threshold=260
01-22 19:13:56.426 W/PlayGamesServices[DataBroker](24720): No player ID found when refreshing
01-22 19:13:56.428 I/PlayGamesServices[GamesSyncAdapter](24720): Starting sync for f607049c
01-22 19:13:56.429 D/OplusFeatureDCBacklight( 1748): notifySfRepaintEverything begin mCurrentDCMode:0brightness=1025threshold=260
01-22 19:13:56.431 I/OplusHansManager ( 1748): uid=10817, pkg=com.indeed.android.jobsearch can transition from M to F
01-22 19:13:56.432 I/OplusHansManager ( 1748): uid=10817, pkg=com.indeed.android.jobsearch F enter(), M stay=10
01-22 19:13:56.432 I/PlayGamesServices[GamesSyncAdapter](24720): Sync duration for f607049c: 3
01-22 19:13:56.433 I/NetworkScheduler.Stats(20067): (REDACTED) Task %s/%s started execution. cause:%s exec_start_elapsed_seconds: %s
01-22 19:13:56.437 I/OplusHansManager ( 1748): freeze uid: 10817 com.indeed.android.jobsearch pids: [3249, 3593] IsolatedUid: [99251] scene: LcdOn
01-22 19:13:56.438 D/IHansComunication( 6221): HansComunication::addUid-- 10817, persistent--0
01-22 19:13:56.438 D/IHansComunication( 6221): HANS sendMessageToKernel: threadId = 516689218736, netLinkSetup = 1, type = PKG, targetUid = 10817, pkgCmd = ADD_ONE_UID
01-22 19:13:56.446 D/OplusFeatureDCBacklight( 1748): notifySfRepaintEverything begin mCurrentDCMode:0brightness=1025threshold=260
01-22 19:13:56.448 W/PlayGamesServices[DataBroker](24720): No player ID found when refreshing
01-22 19:13:56.450 I/hwcomposer(  843): [HWC] (0)fire a callback of refresh to SF[4]  
01-22 19:13:56.458 I/NetworkScheduler.Stats(20067): (REDACTED) Task %s/%s finished executing. cause:%s result: %s elapsed_millis: %s uptime_millis: %s exec_start_elapsed_seconds: %s
01-22 19:13:56.463 E/IHansComunication( 6221): HANS printMessageBody: RCV message: type = 0,port = 86870,caller_pid = 1089,caller_uid = 1047,target_pid = 3249,target_uid = 10817,pkg_cmd = -1,rpc = android.hardware.ICameraServiceListener/5
01-22 19:13:56.463 D/OplusFeatureDCBacklight( 1748): notifySfRepaintEverything begin mCurrentDCMode:0brightness=1025threshold=260
01-22 19:13:56.467 W/OplusExSystemServiceHelper(24720): checkOplusExSystemService intent getComponent is null
01-22 19:13:56.469 I/OplusHansManager ( 1748): unfreeze uid: 10817 com.indeed.android.jobsearch pids: [3249, 3593] reason: AsyncBinder scene: LcdOn
01-22 19:13:56.470 I/OplusHansManager ( 1748): uid=10817, pkg=com.indeed.android.jobsearch, transition from Frozen to Middle, reason=AsyncBinder
01-22 19:13:56.470 I/OplusHansManager ( 1748): uid=10817, pkg=com.indeed.android.jobsearch F exit(), F stay=0, reason=AsyncBinder
01-22 19:13:56.478 D/OplusFeatureDCBacklight( 1748): notifySfRepaintEverything begin mCurrentDCMode:0brightness=1025threshold=260
01-22 19:13:56.479 W/PlayGamesServices[UiUtils](24720): AppVersion: Cannot find the installed destination app.
01-22 19:13:56.480 I/GetServiceValidatorImpl(24720): (REDACTED) onGetService() from Client SDK version [%s], Module version [%s], PGA version [%s], Account [%s], Calling package [%s], Game package [%s]
01-22 19:13:56.482 W/GetGamesServiceReqFacto(24720): Parsing request with ignored arguments. signInOptionsBundle [Bundle[{com.google.android.gms.signin.internal.serverClientId=null, com.google.android.gms.signin.internal.usePromptModeForAuthCode=true, com.google.android.gms.signin.internal.logSessionId=null, com.google.android.gms.signin.internal.hostedDomain=null, com.google.android.gms.signin.internal.offlineAccessRequested=false, com.google.android.gms.signin.internal.waitForAccessTokenRefresh=false, com.google.android.gms.signin.internal.clientRequestedAccount=Account {name=<<default account>>, type=com.google}, com.google.android.gms.signin.internal.idTokenRequested=false, com.google.android.gms.signin.internal.forceCodeForRefreshToken=false}]], isRetryingSignIn [false], skipWelcomePopup [false], requireGooglePlus [false]
01-22 19:13:56.482 I/GetGamesServiceReqFacto(24720): Replacing request for `games` scope with `games_lite`
01-22 19:13:56.495 D/OplusFeatureDCBacklight( 1748): notifySfRepaintEverything begin mCurrentDCMode:0brightness=1025threshold=260
01-22 19:13:56.496 I/SignInPerformer-19(24720): (REDACTED) Handling request [%s], isFirstPartyCaller [%s]
01-22 19:13:56.498 I/SignInPerformer-19(24720): Successfully brokered first-party unauthenticated GamesService [CONTEXT service_id=1 ]
01-22 19:13:56.499 I/GetGamesServiceV2Op(24720): (REDACTED) Successfully brokered GamesService for request %s
01-22 19:13:56.500 W/PlayGamesServices[UiUtils](24720): AppVersion: Cannot find the installed destination app.
01-22 19:13:56.501 W/PlayGamesServices[UiUtils](24720): AppVersionName: Cannot find the installed destination app.
01-22 19:13:56.505 W/PlayGamesServices[UiUtils](24720): AppVersion: Cannot find the installed destination app.
01-22 19:13:56.506 W/PlayGamesServices[UiUtils](24720): AppVersionName: Cannot find the installed destination app.
01-22 19:13:56.511 D/OplusFeatureDCBacklight( 1748): notifySfRepaintEverything begin mCurrentDCMode:0brightness=1025threshold=260
01-22 19:13:56.515 D/IHansComunication( 6221): HANS sendMessageToKernel: threadId = 516689218736, netLinkSetup = 1, type = FROZEN_TRANS, targetUid = 10244, pkgCmd = PKG_CMD_MAX
01-22 19:13:56.516 I/NetworkScheduler.Stats(20067): (REDACTED) Task %s/%s started execution. cause:%s exec_start_elapsed_seconds: %s
01-22 19:13:56.519 I/PlayGamesServices[GamesSyncAdapter](24720): Starting sync for 2101fc98
01-22 19:13:56.522 I/NetworkScheduler.Stats(20067): (REDACTED) Task %s/%s finished executing. cause:%s result: %s elapsed_millis: %s uptime_millis: %s exec_start_elapsed_seconds: %s
01-22 19:13:56.522 I/PlayGamesServices[GamesSyncAdapter](24720): Sync duration for 2101fc98: 1
01-22 19:13:56.528 D/OplusFeatureDCBacklight( 1748): notifySfRepaintEverything begin mCurrentDCMode:0brightness=1025threshold=260
01-22 19:13:56.528 D/IHansComunication( 6221): HANS sendMessageToKernel: threadId = 516689218736, netLinkSetup = 1, type = FROZEN_TRANS, targetUid = 10828, pkgCmd = PKG_CMD_MAX
01-22 19:13:56.534 I/dxvd    (12146): (REDACTED) appOpsListener %s %s
01-22 19:13:56.534 I/dxvd    (12146): (REDACTED) Ignoring irrelevant audio permission changes for package %s
01-22 19:13:56.536 W/PlayGamesServices[DataBroker](24720): No player ID found when refreshing
01-22 19:13:56.540 I/android.hardware.power.stats-impl.oplus(  884): subSystem data{ name:adsp, totalSleepCount:0, totalSleepTime:0}
01-22 19:13:56.541 I/android.hardware.power.stats-impl.oplus(  884): subSystem data{ name:adsp_island, totalSleepCount:0, totalSleepTime:0}
01-22 19:13:56.541 I/android.hardware.power.stats-impl.oplus(  884): subSystem data{ name:apss, totalSleepCount:1610357, totalSleepTime:1516093320}
01-22 19:13:56.541 I/android.hardware.power.stats-impl.oplus(  884): subSystem data{ name:cdsp, totalSleepCount:0, totalSleepTime:0}
01-22 19:13:56.541 I/android.hardware.power.stats-impl.oplus(  884): subSystem data{ name:mpss, totalSleepCount:217714, totalSleepTime:1065470630}
01-22 19:13:56.541 I/android.hardware.power.stats-impl.oplus(  884): subSystem data{ name:slpi, totalSleepCount:0, totalSleepTime:0}
01-22 19:13:56.541 I/android.hardware.power.stats-impl.oplus(  884): subSystem data{ name:slpi_island, totalSleepCount:0, totalSleepTime:0}
01-22 19:13:56.541 I/android.hardware.power.stats-impl.oplus(  884): subSystem data{ name:vlow, totalSleepCount:0, totalSleepTime:0}
01-22 19:13:56.541 I/android.hardware.power.stats-impl.oplus(  884): subSystem data{ name:vmin, totalSleepCount:401492, totalSleepTime:636140994}
