--------- beginning of main
02-03 20:41:29.307 D/AALLightSensor( 1200): oldLux=77 [SA:77 LA:76] newLux=77 (oriLux: 78)
02-03 20:41:29.527 E/MCS2.0_CIPHER_ALGO(27330): checkSign 1  
02-03 20:41:29.528 D/MCS2.0_CIPHER_ALGO(27330): riv native_AES_encrypt flag 0
02-03 20:41:29.536 D/MCS2.0_CIPHER_ALGO(27330): riv native_AES_encrypt flag 0
02-03 20:41:29.729 D/OplusAtlasService( 3289): getAttributeByAppName module:oplus-getStreamMaxVolume packageName:com.cricbuzz.android
02-03 20:41:29.732 D/AudioManagerExtImpl(31255): getStreamVolume packageName=com.cricbuzz.android, index=8, streamType=3
02-03 20:41:30.222 E/MCS2.0_CIPHER_ALGO(27330): checkSign 1  
02-03 20:41:30.223 D/MCS2.0_CIPHER_ALGO(27330): riv native_AES_encrypt flag 0
02-03 20:41:30.225 D/MCS2.0_CIPHER_ALGO(27330): riv native_AES_encrypt flag 0
02-03 20:41:30.763 D/power@timer(  863): [mtkPowerTimer] visRead:0
02-03 20:41:30.907 V/SystemSensorManagerExtImpl( 4768): unRegisterListener by com.google.android.location.collectionlib.SensorScanner$SensorEventListenerAdapter
02-03 20:41:30.908 W/SensorService( 1741): SensorEventConnection sensor handle=1, package = com.google.android.location.collectionlib.SensorScanner$SensorEventListenerAdapter disable
02-03 20:41:30.908 D/SensorService( 1741): SensorDevice::activate: ident=0xb4000072f937bd80, handle=0x00000001, enabled=0, count=4
02-03 20:41:30.908 D/SensorService( 1741): disable index=2
02-03 20:41:30.908 D/SensorService( 1741): 	>>> actuating h/w batch 0x00000001 80000000 2000000000
02-03 20:41:30.909 I/Accelerometer(  852): batch: handle:0, flag:0,samplingPeriodNs:80000000 maxBatchReportLatencyNs:2000000000
02-03 20:41:30.911 D/SensorService( 1741): activateHardware = 0
02-03 20:41:30.912 D/SensorService( 1741): ~SensorEventConnection(0xb4000072f937bd80)
02-03 20:41:30.912 D/SensorService( 1741): 10 active sensors
02-03 20:41:30.912 D/SensorService( 1741): removing connection 0xb4000072f937bd80 for sensor[0].handle=0x00000001
02-03 20:41:30.912 D/SensorService( 1741): removing connection 0xb4000072f937bd80 for sensor[1].handle=0x00000004
02-03 20:41:30.912 D/SensorService( 1741): removing connection 0xb4000072f937bd80 for sensor[2].handle=0x00000011
02-03 20:41:30.912 D/SensorService( 1741): removing connection 0xb4000072f937bd80 for sensor[3].handle=0x00000013
02-03 20:41:30.912 D/SensorService( 1741): removing connection 0xb4000072f937bd80 for sensor[4].handle=0x0000001b
02-03 20:41:30.912 D/SensorService( 1741): removing connection 0xb4000072f937bd80 for sensor[5].handle=0x000003e9
02-03 20:41:30.912 D/SensorService( 1741): removing connection 0xb4000072f937bd80 for sensor[6].handle=0x0100004f
02-03 20:41:30.913 D/SensorService( 1741): removing connection 0xb4000072f937bd80 for sensor[7].handle=0x01000051
02-03 20:41:30.913 D/SensorService( 1741): removing connection 0xb4000072f937bd80 for sensor[8].handle=0x01000053
02-03 20:41:30.913 D/SensorService( 1741): removing connection 0xb4000072f937bd80 for sensor[9].handle=0x5f677276
02-03 20:41:31.507 I/OplusHansManager ( 1741): uid=10742, pkg=com.microsoft.bing can transition from M to F
02-03 20:41:31.507 I/OplusHansManager ( 1741): uid=10742, pkg=com.microsoft.bing F enter(), M stay=10
02-03 20:41:31.515 I/OplusHansManager ( 1741): freeze uid: 10742 com.microsoft.bing pids: [30705] scene: LcdOn
02-03 20:41:31.517 D/IHansComunication( 4602): HansComunication::addUid-- 10742, persistent--0
02-03 20:41:31.517 D/IHansComunication( 4602): HANS sendMessageToKernel: threadId = 501361515696, netLinkSetup = 1, type = PKG, targetUid = 10742, pkgCmd = ADD_ONE_UID
02-03 20:41:31.523 I/OplusHansManager ( 1741): uid=10744, pkg=com.cricbuzz.android can transition from M to F
02-03 20:41:31.523 I/OplusHansManager ( 1741): uid=10744, pkg=com.cricbuzz.android F enter(), M stay=10
02-03 20:41:31.534 I/OplusHansManager ( 1741): freeze uid: 10744 com.cricbuzz.android pids: [31255, 16233] IsolatedUid: [99235] scene: LcdOn
02-03 20:41:31.536 D/IHansComunication( 4602): HansComunication::addUid-- 10744, persistent--0
02-03 20:41:31.536 D/IHansComunication( 4602): HANS sendMessageToKernel: threadId = 501361515696, netLinkSetup = 1, type = PKG, targetUid = 10744, pkgCmd = ADD_ONE_UID
--------- beginning of system
02-03 20:41:32.063 D/CompatibilityChangeReporter( 1741): Compat change id reported: 161252188; UID 10334; state: DISABLED
02-03 20:41:32.066 D/CompatibilityChangeReporter( 1741): Compat change id reported: 135634846; UID 10334; state: DISABLED
02-03 20:41:32.066 D/CompatibilityChangeReporter( 1741): Compat change id reported: 177438394; UID 10334; state: DISABLED
02-03 20:41:32.067 D/CompatibilityChangeReporter( 1741): Compat change id reported: 135772972; UID 10334; state: DISABLED
02-03 20:41:32.067 D/CompatibilityChangeReporter( 1741): Compat change id reported: 135754954; UID 10334; state: ENABLED
02-03 20:41:32.068 D/CompatibilityChangeReporter( 1741): Compat change id reported: 143937733; UID 10334; state: ENABLED
02-03 20:41:32.093 D/Zygote  (  819): Forked child process 24965
02-03 20:41:32.098 I/ActivityManager( 1741): Start proc 24965:com.oplus.linker:app/u0a334 for service {com.oplus.linker/com.oplus.linker.synergy.service.TVTileService}
02-03 20:41:32.098 D/OplusUIFirst_FB( 1741): com.oplus.linker proc start: 10334 24965 false com.oplus.linker:app
02-03 20:41:32.098 D/OplusUIFirst_FB( 1741): com.oplus.linker start process: []
02-03 20:41:32.098 D/OplusUIFirst_FB( 1741): List of ThreadOp: size=0 []
02-03 20:41:32.112 E/plus.linker:app(24965): Unknown bits set in runtime_flags: 0x40000000
02-03 20:41:32.112 I/plus.linker:app(24965): Using CollectorTypeCC GC.
02-03 20:41:32.121 D/nativeloader(24965): Load libframework-connectivity-tiramisu-jni.so using APEX ns com_android_tethering for caller /apex/com.android.tethering/javalib/framework-connectivity-t.jar: ok
02-03 20:41:32.129 I/OneTrace(24965): Mark active for pid=24965? true
02-03 20:41:32.129 D/cutils-dev(24965): otrace_set_tracing_enabled? true
02-03 20:41:32.130 D/cutils-dev(24965): properties changed in otrace_seq_number_changed!
02-03 20:41:32.131 E/plus.linker:app(24965): Could not write anonymous vdex /system/framework/oat/arm64/mediatek-framework.vdex: Could not open /system/framework/oat/arm64/mediatek-framework.vdex for writing
02-03 20:41:32.135 D/CompatibilityChangeReporter( 1741): Compat change id reported: 168419799; UID 10334; state: DISABLED
02-03 20:41:32.136 D/RGBNormalizeServer( 1741): OplusRGBNormalize feature enabled ? false
02-03 20:41:32.144 D/CompatibilityChangeReporter(24965): Compat change id reported: 171979766; UID 10334; state: ENABLED
02-03 20:41:32.144 I/oplus.android.OplusFrameworkFactoryImpl(24965): get feature:IOplusAutoResolutionFeature
02-03 20:41:32.144 I/oplus.android.OplusFrameworkFactoryImpl(24965): getOplusAutoResolutionFeature
02-03 20:41:32.149 I/OplusFeatureCache(24965): Milliseconds spent on init(): 5
02-03 20:41:32.150 D/CompactWindowAppManager(24965): initCompactApplicationInfo 
02-03 20:41:32.157 W/libc    (24965): Access denied finding property "ro.odm.prev.product.name"
02-03 20:41:32.158 D/LoadedApk(24965): mApplicationInfo overrideDisplayId:null
02-03 20:41:32.164 D/nativeloader(24965): InitLlndkLibrariesProduct: libEGL.so:libGLESv1_CM.so:libGLESv2.so:libGLESv3.so:libRS.so:libandroid_net.so:libbinder_ndk.so:libc.so:libcgrouprc.so:libclang_rt.asan-aarch64-android.so:libclang_rt.asan-arm-android.so:libclang_rt.hwasan-aarch64-android.so:libdl.so:libft2.so:liblog.so:libm.so:libmediandk.so:libnativewindow.so:libneuralnetworks.so:libselinux.so:libsync.so:libvndksupport.so:libvulkan.so
02-03 20:41:32.164 D/nativeloader(24965): Configuring product-clns-4 for unbundled product apk /product/priv-app/OPSynergy/OPSynergy.apk. target_sdk_version=33, uses_libraries=, library_path=/product/priv-app/OPSynergy/lib/arm64:/product/lib64:/system/product/lib64, permitted_path=/data:/mnt/expand:/data/user/0/com.oplus.linker:/product/lib64:/system/product/lib64
02-03 20:41:32.165 D/nativeloader(24965): InitVndkspLibrariesProduct: android.hardware.common-V2-ndk_platform.so:android.hardware.common.fmq-V1-ndk_platform.so:android.hardware.graphics.common-V2-ndk_platform.so:android.hardware.graphics.common@1.0.so:android.hardware.graphics.common@1.1.so:android.hardware.graphics.common@1.2.so:android.hardware.graphics.mapper@2.0.so:android.hardware.graphics.mapper@2.1.so:android.hardware.graphics.mapper@3.0.so:android.hardware.graphics.mapper@4.0.so:android.hardware.renderscript@1.0.so:android.hidl.memory.token@1.0.so:android.hidl.memory@1.0-impl.so:android.hidl.memory@1.0.so:android.hidl.safe_union@1.0.so:libRSCpuRef.so:libRSDriver.so:libRS_internal.so:libbacktrace.so:libbase.so:libbcinfo.so:libblas.so:libc++.so:libcompiler_rt.so:libcutils.so:libdmabufheap.so:libgralloctypes.so:libhardware.so:libhidlbase.so:libhidlmemory.so:libion.so:libjsoncpp.so:liblzma.so:libprocessgroup.so:libunwindstack.so:libutils.so:libutilscallstack.so:libz.so
02-03 20:41:32.172 D/nativeloader(24965): Load libframework-connectivity-jni.so using APEX ns com_android_tethering for caller /apex/com.android.tethering/javalib/framework-connectivity.jar: ok
02-03 20:41:32.174 V/GraphicsEnvironment(24965): ANGLE Developer option for 'com.oplus.linker' set to: 'default'
02-03 20:41:32.175 V/GraphicsEnvironment(24965): ANGLE GameManagerService for com.oplus.linker: false
02-03 20:41:32.175 V/GraphicsEnvironment(24965): Neither updatable production driver nor prerelease driver is supported.
02-03 20:41:32.178 D/NetworkSecurityConfig(24965): Using Network Security Config from resource network_config debugBuild: false
02-03 20:41:32.179 D/NetworkSecurityConfig(24965): Using Network Security Config from resource network_config debugBuild: false
02-03 20:41:32.184 D/OplusLog_(24965): isOplusDebugEnable = false
02-03 20:41:32.184 D/OplusLog_(24965): app log initialize. process: com.oplus.linker:app  pkg -> com.oplus.linker
02-03 20:41:32.194 D/CompatibilityChangeReporter( 1741): Compat change id reported: 161145287; UID 10334; state: DISABLED
02-03 20:41:32.195 I/AF.SDK.CentralManager(24965): init
02-03 20:41:32.196 I/AF.SDK.BaseManager(24965): AF version: 21726
02-03 20:41:32.197 D/ConfigurationDispatcher(24965): init()
02-03 20:41:32.205 W/plus.linker:app(24965): Method java.lang.String e.a.a.a.g.e.L(android.content.Context) failed lock verification and will run slower.
02-03 20:41:32.205 W/plus.linker:app(24965): Common causes for lock verification issues are non-optimized dex code
02-03 20:41:32.205 W/plus.linker:app(24965): and incorrect proguard optimizations.
02-03 20:41:32.214 D/OplusActivityManager(24965): get AMS extension: android.os.BinderProxy@e0289d5
02-03 20:41:32.223 I/ActivityManager( 1741): Killing 23377:com.coloros.scenemode/u0a178 (adj 999): empty #21
02-03 20:41:32.225 I/libprocessgroup( 1741): Successfully killed process cgroup uid 10178 pid 23377 in 0ms
02-03 20:41:32.226 I/AF.SDK.BaseManager(24965): trace-onServiceConnected, ComponentName: ComponentInfo{com.heytap.accessory/com.heytap.accessory.discovery.scan.ScanService}, service: android.os.BinderProxy@c9ac0db
02-03 20:41:32.227 E/IHansComunication( 4602): HANS printMessageBody: RCV message: type = 0,port = 86870,caller_pid = 1069,caller_uid = 1047,target_pid = 30705,target_uid = 10742,pkg_cmd = -1,rpc = android.hardware.ICameraServiceListener/5
02-03 20:41:32.227 E/IHansComunication( 4602): HANS printMessageBody: RCV message: type = 0,port = 86870,caller_pid = 1069,caller_uid = 1047,target_pid = 31255,target_uid = 10744,pkg_cmd = -1,rpc = android.hardware.ICameraServiceListener/5
02-03 20:41:32.227 E/IHansComunication( 4602): HANS printMessageBody: RCV message: type = 0,port = 86870,caller_pid = 1069,caller_uid = 1047,target_pid = 30705,target_uid = 10742,pkg_cmd = -1,rpc = android.hardware.ICameraServiceListener/5
02-03 20:41:32.227 E/IHansComunication( 4602): HANS printMessageBody: RCV message: type = 0,port = 86870,caller_pid = 1069,caller_uid = 1047,target_pid = 31255,target_uid = 10744,pkg_cmd = -1,rpc = android.hardware.ICameraServiceListener/5
02-03 20:41:32.227 I/AF.SDK.BaseManager(24965): ServiceConnectionIndicationCallback
02-03 20:41:32.231 I/AF.SDK.BaseManager(24965): Received clientId: 24965, serviceVersion: 21726, fpcoreVersion: 30003
02-03 20:41:32.231 I/AF.SDK.CentralManager(24965): onSubServiceConnected
02-03 20:41:32.231 I/OplusHansManager ( 1741): unfreeze uid: 10742 com.microsoft.bing pids: [30705] reason: AsyncBinder scene: LcdOn
02-03 20:41:32.231 I/AF.SDK.CentralManager(24965): bind service cost: 35
02-03 20:41:32.232 I/OplusHansManager ( 1741): uid=10742, pkg=com.microsoft.bing, transition from Frozen to Middle, reason=AsyncBinder
02-03 20:41:32.232 I/OplusHansManager ( 1741): uid=10742, pkg=com.microsoft.bing F exit(), F stay=0, reason=AsyncBinder
02-03 20:41:32.237 I/OplusHansManager ( 1741): unfreeze uid: 10744 com.cricbuzz.android pids: [31255, 16233] reason: AsyncBinder scene: LcdOn
02-03 20:41:32.238 I/OplusHansManager ( 1741): uid=10744, pkg=com.cricbuzz.android, transition from Frozen to Middle, reason=AsyncBinder
02-03 20:41:32.238 I/OplusHansManager ( 1741): uid=10744, pkg=com.cricbuzz.android F exit(), F stay=0, reason=AsyncBinder
02-03 20:41:32.238 I/OplusHansManager ( 1741): forceUnfreezeByPid pid= 30705 reason= unfreezeForKernel: AsyncBinder
02-03 20:41:32.239 I/OplusHansManager ( 1741): forceUnfreezeByPid pid= 31255 reason= unfreezeForKernel: AsyncBinder
02-03 20:41:32.240 D/OplusAtlasService( 3289): getAttributeByAppName module:oplus-getStreamMaxVolume packageName:com.cricbuzz.android
02-03 20:41:32.242 D/AudioManagerExtImpl(31255): getStreamVolume packageName=com.cricbuzz.android, index=8, streamType=3
02-03 20:41:32.245 I/Zygote  (  819): Process 23377 exited due to signal 9 (Killed)
02-03 20:41:32.258 V/DeepThinker( 7781): ProcessManager: onProcessDied pid:23377, uid:10178
02-03 20:41:32.259 D/OplusUIFirst_FB( 1741): com.coloros.scenemode remove pid: 23377
02-03 20:41:32.259 I/mtkpower_client( 1741): [Legacy][PowerHal_Wrap_notifyAppState] com.coloros.scenemode/com.coloros.scenemode pid=23377 state:3
02-03 20:41:32.259 I/game_scn( 1741): collectForegroundAppList packName=com.coloros.scenemode, actName=com.coloros.scenemode, pid=23377, uid=10178, state:DEAD
02-03 20:41:32.260 D/RilUtility(  863): notify_rild_crash_pid_set certPid:-1, crash:23377, scn:0x0
02-03 20:41:32.518 D/IHansComunication( 4602): HANS sendMessageToKernel: threadId = 501361515696, netLinkSetup = 1, type = FROZEN_TRANS, targetUid = 10742, pkgCmd = PKG_CMD_MAX
02-03 20:41:32.536 D/IHansComunication( 4602): HANS sendMessageToKernel: threadId = 501361515696, netLinkSetup = 1, type = FROZEN_TRANS, targetUid = 10744, pkgCmd = PKG_CMD_MAX
02-03 20:41:33.060 D/OplusTelephonyController( 2506): onSignalStrengthChanged: SignalStrength=SignalStrength:{mCdma=CellSignalStrengthCdma: cdmaDbm=2147483647 cdmaEcio=2147483647 evdoDbm=2147483647 evdoEcio=2147483647 evdoSnr=2147483647 level=0,mGsm=CellSignalStrengthGsm: rssi=2147483647 ber=2147483647 mTa=2147483647 mLevel=0,mWcdma=CellSignalStrengthWcdma: ss=2147483647 ber=2147483647 rscp=2147483647 ecno=2147483647 level=0,mTdscdma=CellSignalStrengthTdscdma: rssi=2147483647 ber=2147483647 rscp=2147483647 level=0,mLte=CellSignalStrengthLte: rssi=2147483647 rsrp=-105 rsrq=-9 rssnr=5 cqiTableIndex=2147483647 cqi=0 ta=0 level=3 parametersUseForLevel=0,mNr=CellSignalStrengthNr:{ csiRsrp = 2147483647 csiRsrq = 2147483647 csiCqiTableIndex = 2147483647 csiCqiReport = [] ssRsrp = 2147483647 ssRsrq = 2147483647 ssSinr = 2147483647 level = 0 parametersUseForLevel = 0 },primary=CellSignalStrengthLte}, phoneId=0, mMtkLevel=0, mMtkRsrpOnly=false, mMtkLteRsrpThreshold=null, mMtkLteRssnrThreshold=null
02-03 20:41:33.307 D/AALLightSensor( 1200): oldLux=77 [SA:77 LA:76] newLux=77 (oriLux: 78)
02-03 20:41:34.297 D/OplusAtlasService( 3289): getAttributeByAppName module:oplus-getStreamMaxVolume packageName:com.cricbuzz.android
02-03 20:41:34.299 D/AudioManagerExtImpl(31255): getStreamVolume packageName=com.cricbuzz.android, index=8, streamType=3
02-03 20:41:34.780 I/thermal_repeater( 1180): [recvMdThermalInfo] ret=26, strLen=127,  3, 39, -50, 197, 32767, 1
02-03 20:41:35.506 W/AString (  852): ctor got NULL, using empty string instead
02-03 20:41:35.506 I/Gyroscope(  852): write bias: [0.012219, 0.001494, -0.004695]
02-03 20:41:35.905 D/ScreenStatusProducer(10477): Current queue status: isIdle = true, isPolling = true
02-03 20:41:35.998 V/SystemSensorManagerExtImpl( 4768): RegisterListener lsm6dso ACCELEROMETER type:1 delay:20000us by com.google.android.location.collectionlib.SensorScanner$SensorEventListenerAdapter
02-03 20:41:35.999 D/SensorService( 1741): createSensorEventConnection, mCurrentOperatingMode = 0, requestedMode = 0
02-03 20:41:36.000 W/SensorService( 1741): SensorEventConnection sensor handle=1, package = com.google.android.location.collectionlib.SensorScanner$SensorEventListenerAdapter enable
02-03 20:41:36.000 E/SensorService( 1741): Required app com.google.android.location.collectionlib.SensorScanner$SensorEventListenerAdapter, uid 10128, pid 4768
02-03 20:41:36.000 D/SensorServiceExtImpl( 1741): SensorServiceExtImpl oplusGeminiProximitySensor = 0
02-03 20:41:36.000 D/SensorServiceUtils( 1741): setSamplingPeriodNs sensorType = 1, samplingPeriodNs = 20000000
02-03 20:41:36.000 D/SensorServiceExtImpl( 1741): setSamplingPeriodNs SamplingPeriodNs =20000000
02-03 20:41:36.000 D/SensorServiceExtImpl( 1741): SensorServiceExtImpl oplusGeminiProximitySensor = 0
02-03 20:41:36.000 D/SensorService( 1741): SensorDevice::batch: ident=0xb4000072d214d080, handle=0x00000001, flags=0, period_ns=20000000 timeout=0
02-03 20:41:36.000 D/SensorService( 1741): 	>>> curr_period=80000000 min_period=20000000 curr_timeout=2000000000 min_timeout=0
02-03 20:41:36.000 D/SensorService( 1741): 	>>> actuating h/w BATCH 0x00000001 20000000 0
02-03 20:41:36.001 I/Accelerometer(  852): batch: handle:0, flag:0,samplingPeriodNs:20000000 maxBatchReportLatencyNs:0
02-03 20:41:36.003 D/SensorService( 1741): Calling batch handle==1 flags=0rate=20000000 timeout== 0
02-03 20:41:36.003 D/SensorService( 1741): 	>>> actuating h/w flush 1
02-03 20:41:36.003 I/Accelerometer(  852): flush, flushCnt:1
02-03 20:41:36.005 D/SensorService( 1741): Calling activate on 1
02-03 20:41:36.005 D/SensorService( 1741): SensorDevice::activate: ident=0xb4000072d214d080, handle=0x00000001, enabled=1, count=4
02-03 20:41:36.005 D/SensorService( 1741): enable index=1
02-03 20:41:36.005 D/SensorService( 1741): info.numActiveClients() = 2, info.isActive = 1
02-03 20:41:36.005 D/SensorService( 1741): activateHardware = 0
02-03 20:41:36.006 I/Accelerometer(  852): flush complete, flushCnt:0
02-03 20:41:36.006 D/SensorService( 1741): flush complete event sensor==1 
02-03 20:41:36.007 D/SensorService( 1741): flush complete event sensor==1 
02-03 20:41:36.007 D/SensorService( 1741): flush complete event sensor==1 
02-03 20:41:36.007 D/SensorService( 1741): First flush event for sensor==1 
02-03 20:41:36.007 D/SensorService( 1741): flush complete event sensor==1 
02-03 20:41:36.007 D/SensorService( 1741): flush complete event sensor==1 
02-03 20:41:36.007 D/SensorService( 1741): flush complete event sensor==1 
02-03 20:41:36.007 D/SensorService( 1741): flush complete event sensor==1 
02-03 20:41:36.007 D/SensorService( 1741): flush complete event sensor==1 
02-03 20:41:36.007 D/SensorService( 1741): flush complete event sensor==1 
02-03 20:41:36.007 D/SensorService( 1741): flush complete event sensor==1 
02-03 20:41:36.007 D/SensorService( 1741): flush complete event sensor==1 
02-03 20:41:36.091 W/AlarmManager( 2368): Unrecognized alarm listener com.android.networkstack.android.net.ip.IpClientLinkObserver$Dhcp6PdPreferredPrefixAlarmListener@fe04061
02-03 20:41:36.095 I/[BIP]   ( 1487):  [BIP NL] event newaddr match dev 0
02-03 20:41:36.095 I/[BIP]   ( 1487):  [BIP NL] IPv6: *:*:*:*:*:*:*:*
02-03 20:41:36.095 I/[BIP]   ( 1487):  [BIP NL] addr state is 3, ipv4=*.*.*.*, ipv6=*:*:*:*:*:*:*:*
02-03 20:41:36.095 I/[BIP]   ( 1487):  [BIP NL] event newaddr match dev 0
02-03 20:41:36.095 I/[BIP]   ( 1487):  [BIP NL] IPv6: *:*:*:*:*:*:*:*
02-03 20:41:36.095 I/[BIP]   ( 1487):  [BIP NL] addr state is 3, ipv4=*.*.*.*, ipv6=*:*:*:*:*:*:*:*
02-03 20:41:36.355 D/OplusAtlasService( 3289): getAttributeByAppName module:oplus-getStreamMaxVolume packageName:com.cricbuzz.android
02-03 20:41:36.358 D/AudioManagerExtImpl(31255): getStreamVolume packageName=com.cricbuzz.android, index=8, streamType=3
02-03 20:41:36.501 D/BoundBrokerSvc(10404): onUnbind: Intent { act=com.google.android.gms.nearby.presence.service.START dat=chimera-action:/... cmp=com.google.android.gms/.chimera.PersistentApiServiceNoInstantApps }
02-03 20:41:37.285 E/Situation(  852): processEvent, handle:26, flush_action:0
02-03 20:41:37.285 E/Situation(  852): orientation state = 0 
02-03 20:41:37.308 D/AALLightSensor( 1200): oldLux=77 [SA:20 LA:30] newLux=77 (oriLux: 20)
02-03 20:41:37.558 W/InputDispatcherExtImpl( 1741): MotionEvent action_down is in invalid region, x: 567.750000, y: 2386.000000
02-03 20:41:37.559 W/InputDispatcherExtImpl( 1741): MotionEvent action_down is in invalid region, x: 567.750000, y: 2386.000000
02-03 20:41:37.559 D/VRR [OTI](  962): handleIdle from 1 to 0
02-03 20:41:37.559 D/VRR [OTI-HW](  962): isStateReady 0
02-03 20:41:37.559 D/VRR [OTI-HW](  962): rate range: min {id=0, hwcId=0, resolution=1080x2400, refreshRate=60.00 Hz, dpi=409.02x409.02, group=0} cur {id=0, hwcId=0, resolution=1080x2400, refreshRate=60.00 Hz, dpi=409.02x409.02, group=0} max {id=0, hwcId=0, resolution=1080x2400, refreshRate=60.00 Hz, dpi=409.02x409.02, group=0}
02-03 20:41:37.559 D/VRR [OTI-HW](  962): keep rate.
02-03 20:41:37.560 D/OGG_Detector( 1741): D:done mCurrStatus: 0
02-03 20:41:37.560 D/PowerManagerService( 1741): userActivityNoUpdateLocked: groupId=0, eventTime=100454883, event=2, flags=0x0, uid=1000
02-03 20:41:37.560 D/NoBackGesture( 2210): Start gesture: MotionEvent { action=ACTION_DOWN, actionButton=0, id[0]=0, x[0]=567.75, y[0]=2386.0, toolType[0]=TOOL_TYPE_FINGER, buttonState=0, classification=NONE, metaState=0, flags=0x0, edgeFlags=0x0, pointerCount=1, historySize=0, eventTime=100454883, downTime=100454883, deviceId=4, source=0x1002, displayId=0, eventId=42299910 }
02-03 20:41:37.561 D/NoBackGesture( 2210): Not in side gesture area
02-03 20:41:37.561 D/NoBackGesture( 2210): gestureBar animation: gestureBarNotHide = false, isCorrectHomeHandle = true
02-03 20:41:37.564 D/OplusZoomWindowRUSConfigManager( 1741): isSupportZoomModeWithPolicyLocked: target = com.wholexale.app.staging/com.wholexale.app.MainActivity
02-03 20:41:37.564 D/OplusZoomWindowRUSConfigManager( 1741): targetPkg = com.wholexale.app.staging
02-03 20:41:37.565 D/OplusZoomWindowRUSConfigManager( 1741): isSupportZoomModeWithPolicyLocked: target = com.wholexale.app.staging/com.wholexale.app.MainActivity
02-03 20:41:37.565 D/OplusZoomWindowRUSConfigManager( 1741): targetPkg = com.wholexale.app.staging
02-03 20:41:37.567 D/MultiStateCallback( 2561): [39571416] Adding [STATE_LAUNCHER_PRESENT (1)] to [ (0)]
02-03 20:41:37.568 D/OplusAppListInterceptManager( 1741): shouldFilterTask
02-03 20:41:37.568 D/OplusAppListInterceptManager( 1741): shouldFilterTask::packageName = com.wholexale.app.staging
02-03 20:41:37.568 D/OplusAppListInterceptManager( 1741): shouldFilterTask
02-03 20:41:37.568 D/OplusAppListInterceptManager( 1741): shouldFilterTask::packageName = com.android.settings
02-03 20:41:37.569 D/OplusSplitScreenManagerService( 1741): com.android.settings unSupportsSplitScreen by blockList or ForbidActivityList
02-03 20:41:37.569 D/OplusSplitScreenManagerService( 1741): com.android.settings unSupportsSplitScreen by blockList or ForbidActivityList
02-03 20:41:37.569 D/OplusAppListInterceptManager( 1741): shouldFilterTask
02-03 20:41:37.569 D/OplusAppListInterceptManager( 1741): shouldFilterTask::packageName = com.cricbuzz.android
02-03 20:41:37.569 D/OplusAppListInterceptManager( 1741): shouldFilterTask
02-03 20:41:37.569 D/OplusAppListInterceptManager( 1741): shouldFilterTask::packageName = com.twitter.android
02-03 20:41:37.569 D/MultiStateCallback( 2561): [39571416] Adding [STATE_LAUNCHER_BIND_TO_SERVICE (8)] to [STATE_LAUNCHER_PRESENT (1)]
02-03 20:41:37.569 D/OplusAppListInterceptManager( 1741): shouldFilterTask
02-03 20:41:37.570 D/OplusAppListInterceptManager( 1741): shouldFilterTask::packageName = com.google.android.gm
02-03 20:41:37.570 D/OplusAppListInterceptManager( 1741): shouldFilterTask
02-03 20:41:37.570 D/OplusAppListInterceptManager( 1741): shouldFilterTask::packageName = com.whatsapp
02-03 20:41:37.570 D/MultiStateCallback( 2561): [249027949] Adding [STATE_RECENTS_ANIMATION_INITIALIZED (4)] to [ (0)]
02-03 20:41:37.570 D/OplusAppListInterceptManager( 1741): shouldFilterTask
02-03 20:41:37.570 D/OplusAppListInterceptManager( 1741): shouldFilterTask::packageName = com.whatsapp
02-03 20:41:37.570 D/MultiStateCallback( 2561): [39571416] Adding [STATE_GESTURE_STARTED (256)] to [STATE_LAUNCHER_PRESENT, STATE_LAUNCHER_BIND_TO_SERVICE (9)]
02-03 20:41:37.571 D/OplusAppListInterceptManager( 1741): shouldFilterTask
02-03 20:41:37.571 D/OplusAppListInterceptManager( 1741): shouldFilterTask::packageName = com.whatsapp.w4b
02-03 20:41:37.571 D/OplusAppListInterceptManager( 1741): shouldFilterTask
02-03 20:41:37.571 D/OplusAppListInterceptManager( 1741): shouldFilterTask::packageName = com.google.android.youtube
02-03 20:41:37.571 D/OplusAppListInterceptManager( 1741): shouldFilterTask
02-03 20:41:37.571 D/OplusAppListInterceptManager( 1741): shouldFilterTask::packageName = com.microsoft.bing
02-03 20:41:37.572 D/OplusAppListInterceptManager( 1741): shouldFilterTask
02-03 20:41:37.572 D/OplusAppListInterceptManager( 1741): shouldFilterTask::packageName = com.snapchat.android
02-03 20:41:37.572 D/OplusSplitScreenManagerService( 1741): com.snapchat.android unSupportsSplitScreen by blockList or ForbidActivityList
02-03 20:41:37.572 D/OplusAppListInterceptManager( 1741): shouldFilterTask
02-03 20:41:37.572 D/OplusAppListInterceptManager( 1741): shouldFilterTask::packageName = com.coloros.assistantscreen
02-03 20:41:37.572 D/OplusAppListInterceptManager( 1741): shouldFilterTask
02-03 20:41:37.572 D/OplusAppListInterceptManager( 1741): shouldFilterTask::packageName = com.truecaller
02-03 20:41:37.572 D/OplusAppListInterceptManager( 1741): shouldFilterTask
02-03 20:41:37.572 D/OplusAppListInterceptManager( 1741): shouldFilterTask::packageName = com.google.android.apps.messaging
02-03 20:41:37.573 V/SensorManager( 1741): call sensorServiceCommonInterface name: setScreenShotDisable
02-03 20:41:37.573 D/SensorService( 1741): SensorService sensorServiceCommonInterface = setScreenShotDisable
02-03 20:41:37.574 D/SensorServiceExtImpl( 1741): sensorServiceCommonInterface funcName = setScreenShotDisable, flag = 0, status = 0
02-03 20:41:37.574 D/OplusZoomWindowManagerService( 1741): hideZoomWindow, caller: 2561
02-03 20:41:37.575 I/mtkpower@impl(  863): [setMode] type:5, enabled:1
02-03 20:41:37.576 D/OplusUIFirst_FB( 1741): com.android.launcher toForeOps: []
02-03 20:41:37.576 D/OplusUIFirst_FB( 1741): List of ThreadOp: size=0 []
02-03 20:41:37.578 I/libPowerHal(  863): LAUNCH: cpu_ctrl set cpu freq: 2000000 -1 2200000 -1
02-03 20:41:37.579 D/OplusUIFirst_FB( 1741): com.google.android.googlequicksearchbox toForeOps: []
02-03 20:41:37.579 D/OplusUIFirst_FB( 1741): List of ThreadOp: size=0 []
02-03 20:41:37.581 D/VRI[Launcher]( 5675): dispatchAppVisibility visible:true
02-03 20:41:37.581 D/VRI[Launcher]( 2561): dispatchAppVisibility visible:true
02-03 20:41:37.581 I/AutoHideController( 2210): suspendAutoHide: removeAutoHide
02-03 20:41:37.583 D/LockSettingsService( 1741): [getSeparateProfileChallengeEnabled] userId = 999
02-03 20:41:37.583 D/VRI[Launcher]( 2561): setWindowStopped stopped:false
02-03 20:41:37.584 D/b/223498680( 2561): LRV onStateTransitionStart setFreezeVisibility=true, toState=Background
02-03 20:41:37.584 D/OplusWallpaperServiceHelper( 2321): isNightMode is true
02-03 20:41:37.585 D/OplusUIFirst_FB( 1741): com.coloros.assistantscreen toForeOps: []
02-03 20:41:37.585 D/OplusUIFirst_FB( 1741): List of ThreadOp: size=0 []
02-03 20:41:37.585 D/b/223498680( 2561): LRV onStateTransitionComplete setFreezeVisibility=false, finalState=Background
02-03 20:41:37.585 D/b/223498680( 2561): RAAF createStateElementAnimation alpha=[0.0]
02-03 20:41:37.585 D/b/223498680( 2561): RAAF createStateElementAnimation onStart
02-03 20:41:37.585 D/OplusRecentsView( 2561): setVisibility: oplusCleanStorageFrameLayout?.visibility = INVISIBLE
02-03 20:41:37.586 D/MultiStateCallback( 2561): [39571416] Adding [STATE_LAUNCHER_STARTED (2)] to [STATE_LAUNCHER_PRESENT, STATE_LAUNCHER_BIND_TO_SERVICE, STATE_GESTURE_STARTED (265)]
02-03 20:41:37.588 I/ActivityManager( 1741): updateOomAdj start time is before than pendingPid added, don't delete it
02-03 20:41:37.588 D/b/223498680( 2561): RAAF createStateElementAnimation onEnd
02-03 20:41:37.589 D/ActivityManagerWrapper( 2561): startRecentsActivity()--onAnimationStart()
02-03 20:41:37.590 V/WindowManager( 1741): Relayout Window{43ad301 u0 com.android.launcher/com.android.launcher.Launcher}: viewVisibility=0, oldvis=8, req=1080x2400
02-03 20:41:37.591 I/BufferQueueDebug(  962): [com.android.launcher/com.android.launcher.Launcher#37430](this:0xb400007963de49e8,id:-1,api:0,p:-1,c:-1) BufferQueue core=(962:/system/bin/surfaceflinger)
02-03 20:41:37.593 V/DeepThinker( 7781): ProcessManager: onForegroundActivitiesChanged pid:2561, uid:10106, foregroundActivities:true
02-03 20:41:37.593 I/OplusWallpaperServiceHelper( 2321): getDarkModeWallpaperWindowAlpha. nightMode = true
02-03 20:41:37.593 D/OplusAtlas.OplusAtlasEventDispatch( 3289): setEvent:atlas_event_on_foreground_activities_changed info:pid:2561,uid:10106,hasForegroundActivities:1
02-03 20:41:37.593 D/OplusAtlas.OplusAudioScene( 3289): callback success event:atlas_event_on_foreground_activities_changed eventInfo:pid:2561,uid:10106,hasForegroundActivities:1
02-03 20:41:37.594 D/OplusAtlas.OplusMessageHandler( 3289): handleMessage: Msg { when=0 what=2 obj=com.oplus.atlas.OplusAtlasEvent@8ad9c73 target=com.oplus.atlas.OplusMessageHandler$MyHandler }
02-03 20:41:37.594 D/BtGatt.ScanManager( 3260): uid 10128 isForeground true scanMode 1
02-03 20:41:37.594 I/OplusCustomScanStrategy( 3260): msg.what = 6
02-03 20:41:37.597 E/OplusZoomWindowManagerService( 1741): hideZoomWindow fail, zoomStack null
02-03 20:41:37.599 D/[OSIE]  (  962): scltmLayer_name VRI[Launcher][com.android.launcher/com.android.launcher.Launcher]
02-03 20:41:37.599 D/[OSIE]  (  962): IsSCLTMLayer=0 
02-03 20:41:37.599 D/BufferQueueConsumer( 2561): [](id:a0100000299,api:0,p:-1,c:2561) connect: controlledByApp=false
02-03 20:41:37.599 E/IPCThreadState( 2561): attemptIncStrongHandle(156): Not supported
02-03 20:41:37.600 V/WindowManager( 1741): Relayout Window{79e5b u0 com.android.launcher/com.android.launcher.Launcher}: viewVisibility=0, oldvis=8, req=1080x2400
02-03 20:41:37.600 D/OplusRecentsView( 2561): getLastViewIndex() :13
02-03 20:41:37.601 I/BufferQueueDebug(  962): [com.android.launcher/com.android.launcher.Launcher#37431](this:0xb400007963bd59e8,id:-1,api:0,p:-1,c:-1) BufferQueue core=(962:/system/bin/surfaceflinger)
02-03 20:41:37.601 W/View    ( 2561): requestLayout() improperly called by android.widget.LinearLayout{bac76ad VFE...C.. ......ID 0,3-958,105 #7f0a00a2 app:id/animated_hint_layout} during layout: running second layout pass
02-03 20:41:37.602 D/VRI[Launcher]( 2561): registerCallbacksForSync syncBuffer=false
02-03 20:41:37.602 D/MultiStateCallback( 2561): [39571416] Adding [STATE_LAUNCHER_DRAWN (4)] to [STATE_LAUNCHER_PRESENT, STATE_LAUNCHER_STARTED, STATE_LAUNCHER_BIND_TO_SERVICE, STATE_GESTURE_STARTED (267)]
02-03 20:41:37.602 D/b/223498680( 2561): RAAF createStateElementAnimation alpha=[0.0]
02-03 20:41:37.602 D/b/223498680( 2561): RAAF createStateElementAnimation onStart
02-03 20:41:37.602 I/LatencyTracker( 2561): ACTION_TOGGLE_RECENTS latency=48
02-03 20:41:37.609 V/WindowManager( 1741): Relayout Window{313405c u0 com.android.wallpaper.livepicker.service.smoke.Smoke0WallpaperService}: viewVisibility=0, oldvis=0, req=-1x-1
02-03 20:41:37.610 D/[OSIE]  (  962): scltmLayer_name VRI[Launcher][com.android.launcher/com.android.launcher.Launcher]
02-03 20:41:37.610 D/[OSIE]  (  962): IsSCLTMLayer=0 
02-03 20:41:37.610 D/BufferQueueConsumer( 5675): [](id:162b0000025f,api:0,p:-1,c:5675) connect: controlledByApp=false
02-03 20:41:37.610 E/IPCThreadState( 5675): attemptIncStrongHandle(76): Not supported
02-03 20:41:37.611 I/boun    ( 5675): (REDACTED) onApplyWindowInsets: systemWindowInsets=%s
02-03 20:41:37.611 D/BLASTBufferQueue( 2561): [VRI[Launcher][com.android.launcher/com.android.launcher.Launcher]#606](f:0,a:1) acquireNextBufferLocked size=1080x2400 mFrameNumber=1 applyTransaction=true mTimestamp=100454940305371(auto) mPendingTransactions.size=0 graphicBufferId=10999411250540 transform=0
02-03 20:41:37.611 I/boun    ( 5675): (REDACTED) onApplyWindowInsets: systemWindowInsets=%s
02-03 20:41:37.612 D/VRI[Launcher]( 2561): Received frameCommittedCallback lastAttemptedDrawFrameNum=1 didProduceBuffer=true syncBuffer=false
02-03 20:41:37.612 D/BufferStateLayer(  962): com.android.launcher/com.android.launcher.Launcher#37430 setBuffer frameId=1, bufferId=10999411250540 fenceId=861, w= 1080, h=2400
02-03 20:41:37.613 D/OplusLayer(  962): (37430,com.android.launcher/com.android.launcher.Launcher#37430,com.android.launcher) setBuffer
02-03 20:41:37.613 D/VRI[Launcher]( 5675): registerCallbacksForSync syncBuffer=false
02-03 20:41:37.613 D/VRI[Launcher]( 2561): draw finished.
02-03 20:41:37.614 D/DockIconView( 2561): updatePaintFilter: mBitmapShader = null,mul=204,alpha=1.0,mDimAlpha=0.0
02-03 20:41:37.614 D/DockIconView( 2561): updatePaintFilter: mBitmapShader = null,mul=204,alpha=1.0,mDimAlpha=0.0
02-03 20:41:37.614 D/DockIconView( 2561): updatePaintFilter: mBitmapShader = null,mul=204,alpha=1.0,mDimAlpha=0.0
02-03 20:41:37.614 D/DockIconView( 2561): updatePaintFilter: mBitmapShader = null,mul=204,alpha=1.0,mDimAlpha=0.0
02-03 20:41:37.614 D/DockIconView( 2561): updatePaintFilter: mBitmapShader = null,mul=204,alpha=1.0,mDimAlpha=0.0
02-03 20:41:37.614 D/DockIconView( 2561): updatePaintFilter: mBitmapShader = null,mul=204,alpha=1.0,mDimAlpha=0.0
02-03 20:41:37.614 D/DockIconView( 2561): updatePaintFilter: mBitmapShader = null,mul=204,alpha=1.0,mDimAlpha=0.0
02-03 20:41:37.614 D/DockIconView( 2561): updatePaintFilter: mBitmapShader = null,mul=204,alpha=1.0,mDimAlpha=0.0
02-03 20:41:37.614 D/DockIconView( 2561): updatePaintFilter: mBitmapShader = null,mul=204,alpha=1.0,mDimAlpha=0.0
02-03 20:41:37.614 D/DockIconView( 2561): updatePaintFilter: mBitmapShader = null,mul=204,alpha=1.0,mDimAlpha=0.0
02-03 20:41:37.614 D/DockIconView( 2561): updatePaintFilter: mBitmapShader = null,mul=204,alpha=1.0,mDimAlpha=0.0
02-03 20:41:37.614 D/DockIconView( 2561): onIconListVisibilityChanged: mTask = [id=1559 windowingMode=1 user=0 lastActiveTime=124561375, displayId=0] null,alpha=1.0,l=2430,t=0,r=2550,b=120
02-03 20:41:37.614 D/DockIconView( 2561): onIconListVisibilityChanged: mTask = [id=1555 windowingMode=1 user=0 lastActiveTime=124459863, displayId=0] null,alpha=1.0,l=2280,t=0,r=2400,b=120
02-03 20:41:37.614 D/DockIconView( 2561): onIconListVisibilityChanged: mTask = [id=1523 windowingMode=1 user=0 lastActiveTime=124368944, displayId=0] null,alpha=1.0,l=2130,t=0,r=2250,b=120
02-03 20:41:37.614 D/DockIconView( 2561): onIconListVisibilityChanged: mTask = [id=1534 windowingMode=1 user=0 lastActiveTime=124220983, displayId=0] null,alpha=1.0,l=1980,t=0,r=2100,b=120
02-03 20:41:37.614 D/DockIconView( 2561): onIconListVisibilityChanged: mTask = [id=1554 windowingMode=1 user=0 lastActiveTime=124035918, displayId=0] null,alpha=1.0,l=1830,t=0,r=1950,b=120
02-03 20:41:37.614 D/DockIconView( 2561): onIconListVisibilityChanged: mTask = [id=1520 windowingMode=1 user=0 lastActiveTime=123996103, displayId=0] null,alpha=1.0,l=1680,t=0,r=1800,b=120
02-03 20:41:37.614 D/DockIconView( 2561): onIconListVisibilityChanged: mTask = [id=1551 windowingMode=1 user=999 lastActiveTime=123894704, displayId=0] null,alpha=1.0,l=1530,t=0,r=1650,b=120
02-03 20:41:37.614 D/DockIconView( 2561): onIconListVisibilityChanged: mTask = [id=1544 windowingMode=1 user=0 lastActiveTime=123889323, displayId=0] null,alpha=1.0,l=1380,t=0,r=1500,b=120
02-03 20:41:37.614 D/DockIconView( 2561): onIconListVisibilityChanged: mTask = [id=1546 windowingMode=1 user=0 lastActiveTime=121371204, displayId=0] null,alpha=1.0,l=1230,t=0,r=1350,b=120
02-03 20:41:37.614 D/DockIconView( 2561): onIconListVisibilityChanged: mTask = [id=1533 windowingMode=1 user=0 lastActiveTime=116160535, displayId=0] null,alpha=1.0,l=1080,t=0,r=1200,b=120
02-03 20:41:37.614 D/DockIconView( 2561): onIconListVisibilityChanged: mTask = [id=1516 windowingMode=1 user=0 lastActiveTime=115903446, displayId=0] null,alpha=1.0,l=930,t=0,r=1050,b=120
02-03 20:41:37.614 D/DockIconView( 2561): onIconListVisibilityChanged: mTask = [id=1532 windowingMode=1 user=0 lastActiveTime=115883266, displayId=-1] null,alpha=1.0,l=780,t=0,r=900,b=120
02-03 20:41:37.617 D/DockIconView( 2561): updatePaintFilter: mBitmapShader = null,mul=254,alpha=1.0,mDimAlpha=0.0
02-03 20:41:37.617 D/DockIconView( 2561): updatePaintFilter: mBitmapShader = null,mul=204,alpha=1.0,mDimAlpha=0.0
02-03 20:41:37.617 D/DockIconView( 2561): updatePaintFilter: mBitmapShader = null,mul=204,alpha=1.0,mDimAlpha=0.0
02-03 20:41:37.617 D/DockIconView( 2561): onIconListVisibilityChanged: mTask = [id=1531 windowingMode=1 user=0 lastActiveTime=113986995, displayId=0] null,alpha=1.0,l=630,t=0,r=750,b=120
02-03 20:41:37.617 D/DockIconView( 2561): onIconListVisibilityChanged: mTask = [id=1522 windowingMode=1 user=0 lastActiveTime=109205612, displayId=0] null,alpha=1.0,l=480,t=0,r=600,b=120
02-03 20:41:37.617 D/UxIconPackageManagerExt( 2561): UxIcon checkChooseIconsRootPath false
02-03 20:41:37.619 I/mtkpower_client( 1741): perf_lock_rel, hdl:95049, tid:2265
02-03 20:41:37.619 D/MultiStateCallback( 2561): [39571416] Adding [STATE_APP_CONTROLLER_RECEIVED (16)] to [STATE_LAUNCHER_PRESENT, STATE_LAUNCHER_STARTED, STATE_LAUNCHER_DRAWN, STATE_LAUNCHER_BIND_TO_SERVICE, STATE_GESTURE_STARTED (271)]
02-03 20:41:37.619 D/MultiStateCallback( 2561): [249027949] Adding [STATE_RECENTS_ANIMATION_STARTED (8)] to [STATE_RECENTS_ANIMATION_INITIALIZED (4)]
02-03 20:41:37.620 I/Quality ( 2561): Skipped: false 1 cost 17.825268 refreshRate 16560784 bit true processName com.android.launcher
02-03 20:41:37.620 I/mtkpower_client( 1741): perf_lock_acq, hdl:95049, dur:0, num:12, tid:2265
02-03 20:41:37.620 I/mtkpower@impl(  863): [check_work_req] i:0, msg:1 hdl:95049, wait
02-03 20:41:37.621 D/b/223498680( 2561): RAAF createStateElementAnimation onEnd
02-03 20:41:37.621 D/WindowManager( 1741): finishDrawingWindow: Window{43ad301 u0 com.android.launcher/com.android.launcher.Launcher} mDrawState=DRAW_PENDING
02-03 20:41:37.621 D/OplusRecentsView( 2561): getLastViewIndex() :13
02-03 20:41:37.622 D/DockIconView( 2561): onIconListVisibilityChanged: mTask = [id=1559 windowingMode=1 user=0 lastActiveTime=124561375, displayId=0] null,alpha=1.0,l=2430,t=0,r=2550,b=120
02-03 20:41:37.622 D/DockIconView( 2561): onIconListVisibilityChanged: mTask = [id=1555 windowingMode=1 user=0 lastActiveTime=124459863, displayId=0] null,alpha=1.0,l=2280,t=0,r=2400,b=120
02-03 20:41:37.622 D/DockIconView( 2561): onIconListVisibilityChanged: mTask = [id=1523 windowingMode=1 user=0 lastActiveTime=124368944, displayId=0] null,alpha=1.0,l=2130,t=0,r=2250,b=120
02-03 20:41:37.622 D/DockIconView( 2561): updatePaintFilter: mBitmapShader = null,mul=204,alpha=1.0,mDimAlpha=0.0
02-03 20:41:37.622 D/DockIconView( 2561): updatePaintFilter: mBitmapShader = null,mul=204,alpha=1.0,mDimAlpha=0.0
02-03 20:41:37.622 D/DockIconView( 2561): updatePaintFilter: mBitmapShader = null,mul=204,alpha=1.0,mDimAlpha=0.0
02-03 20:41:37.622 I/libPowerHal(  863): [perfLockRel] hdl:95049, idx:0
02-03 20:41:37.622 I/libPowerHal(  863): [PD] system_server update cmd:2004100 param:2
02-03 20:41:37.623 D/UxIconPackageManagerExt( 2561): UxIcon checkChooseIconsRootPath false
02-03 20:41:37.623 I/mtkpower_client( 1741): ret_hdl:95072
02-03 20:41:37.624 I/libPowerHal(  863): [setGPUFreq] system_server user set gpu freq min:17, max:-1
02-03 20:41:37.624 I/libPowerHal(  863): system_server: set gpu opp level: 17
02-03 20:41:37.624 I/libPowerHal(  863): system_server: set gpu opp level max: 0
02-03 20:41:37.624 I/libPowerHal(  863): [setGPUFreq] Soft min/max = (17, 0); Hard min/max = (29, 0)
02-03 20:41:37.624 I/libPowerHal(  863): [setGPUFreq] final min/max = (17, 0)
02-03 20:41:37.624 I/libPowerHal(  863): system_server: set gpu opp level: 17
02-03 20:41:37.624 I/libPowerHal(  863): system_server: set gpu opp level max: 0
02-03 20:41:37.627 D/WCGWindowSurfaceFactory( 2321): mIsSupportWCG false
02-03 20:41:37.627 D/BLASTBufferQueue( 5675): [VRI[Launcher][com.android.launcher/com.android.launcher.Launcher]#607](f:0,a:1) acquireNextBufferLocked size=1080x2400 mFrameNumber=1 applyTransaction=true mTimestamp=100454955641448(auto) mPendingTransactions.size=0 graphicBufferId=24373939407763 transform=0
02-03 20:41:37.627 D/VRI[Launcher]( 5675): Received frameCommittedCallback lastAttemptedDrawFrameNum=1 didProduceBuffer=true syncBuffer=false
02-03 20:41:37.627 D/InputMethodManagerService( 1741): onHandleImeWindowVisibleStatus: vis = 0, needsToShowImeSwitcher = false
02-03 20:41:37.628 W/OpenGLRenderer( 2321): Surface doesn't have any previously queued frames, nothing to readback from
02-03 20:41:37.628 D/VRI[Launcher]( 5675): draw finished.
02-03 20:41:37.628 D/DockIconView( 2561): refresh: scale = 0.90909094,bm.width=132,icon.width=120,measureWidth=120
02-03 20:41:37.628 D/DockIconView( 2561): updatePaintFilter: mBitmapShader = android.graphics.BitmapShader@3ae0667,mul=204,alpha=1.0,mDimAlpha=0.0
02-03 20:41:37.628 D/DockIconView( 2561): refresh: scale = 0.90909094,bm.width=132,icon.width=120,measureWidth=120
02-03 20:41:37.628 D/DockIconView( 2561): updatePaintFilter: mBitmapShader = android.graphics.BitmapShader@1b64c14,mul=204,alpha=1.0,mDimAlpha=0.0
02-03 20:41:37.628 D/DockIconView( 2561): refresh: scale = 0.90909094,bm.width=132,icon.width=120,measureWidth=120
02-03 20:41:37.628 D/DockIconView( 2561): updatePaintFilter: mBitmapShader = android.graphics.BitmapShader@144acbd,mul=204,alpha=1.0,mDimAlpha=0.0
02-03 20:41:37.628 D/DockIconView( 2561): refresh: scale = 0.90909094,bm.width=132,icon.width=120,measureWidth=120
02-03 20:41:37.628 D/DockIconView( 2561): updatePaintFilter: mBitmapShader = android.graphics.BitmapShader@e0d52b2,mul=204,alpha=1.0,mDimAlpha=0.0
02-03 20:41:37.628 D/DockIconView( 2561): refresh: scale = 0.90909094,bm.width=132,icon.width=120,measureWidth=120
02-03 20:41:37.628 D/DockIconView( 2561): updatePaintFilter: mBitmapShader = android.graphics.BitmapShader@28aa203,mul=204,alpha=1.0,mDimAlpha=0.0
02-03 20:41:37.629 D/DockIconView( 2561): refresh: scale = 0.90909094,bm.width=132,icon.width=120,measureWidth=120
02-03 20:41:37.629 D/DockIconView( 2561): updatePaintFilter: mBitmapShader = android.graphics.BitmapShader@3b61580,mul=204,alpha=1.0,mDimAlpha=0.0
02-03 20:41:37.629 D/DockIconView( 2561): refresh: scale = 0.90909094,bm.width=132,icon.width=120,measureWidth=120
02-03 20:41:37.629 D/DockIconView( 2561): updatePaintFilter: mBitmapShader = android.graphics.BitmapShader@1457b9,mul=204,alpha=1.0,mDimAlpha=0.0
02-03 20:41:37.629 D/DockIconView( 2561): refresh: scale = 0.90909094,bm.width=132,icon.width=120,measureWidth=120
02-03 20:41:37.629 D/DockIconView( 2561): updatePaintFilter: mBitmapShader = android.graphics.BitmapShader@d79e7fe,mul=204,alpha=1.0,mDimAlpha=0.0
02-03 20:41:37.629 W/OpenGLRenderer( 2321): Surface doesn't have any previously queued frames, nothing to readback from
02-03 20:41:37.630 W/OpenGLRenderer( 2321): Surface doesn't have any previously queued frames, nothing to readback from
02-03 20:41:37.631 D/WindowManager( 1741): finishDrawingWindow: Window{79e5b u0 com.android.launcher/com.android.launcher.Launcher} mDrawState=DRAW_PENDING
02-03 20:41:37.635 I/MainLooperBlockDetector( 5725): com.coloros.common.utils.RxSystemKeyEventMonitor$systemKeyEventReceiver$1.onReceive
02-03 20:41:37.635 I/MainLooperBlockDetector( 5725): checkMainLooperBlocked: detector not initialized
02-03 20:41:37.635 I/AstScreen.RxSystemKeyEventMonitor( 5725): HomeKey Receiver Reason = recentapps
02-03 20:41:37.637 V/StatusBar( 2210): onReceive: Intent { act=android.intent.action.CLOSE_SYSTEM_DIALOGS flg=0x50000010 (has extras) }
02-03 20:41:37.637 V/ShadeControllerImpl( 2210): NotificationShadeWindow: com.android.systemui.statusbar.phone.NotificationShadeWindowView{39b9082 I.E...... ......ID 0,0-1080,2400} canPanelBeCollapsed(): false
02-03 20:41:37.638 I/WindowStateExtImpl( 1741): onSurfaceShowChange show = true mPackageName = com.android.launcher parentPkgName = com.android.launcher
02-03 20:41:37.639 D/BufferStateLayer(  962): com.android.launcher/com.android.launcher.Launcher#37431 setBuffer frameId=1, bufferId=24373939407763 fenceId=858, w= 1080, h=2400
02-03 20:41:37.639 D/OplusLayer(  962): (37431,com.android.launcher/com.android.launcher.Launcher#37431,com.google.android.googlequicksearchbox:googleapp) setBuffer
02-03 20:41:37.640 D/skia    ( 2321): SkJpegCodec::onGetPixels +
02-03 20:41:37.641 I/FocusResolver( 1741): updateFocusedWindow,  on display 0, reason: Waiting for window because NOT_VISIBLE, result:   FocusedWindows: <none>
02-03 20:41:37.641 I/DispPerfService(  962): updateLayerMask 8
02-03 20:41:37.641 I/FocusResolver( 1741): updateFocusedWindow, recents_animation_input_consumer on display 0, reason: Window became focusable. Previous reason: NOT_VISIBLE, result:   FocusedWindows:
02-03 20:41:37.641 I/FocusResolver( 1741):     displayId=0, name='recents_animation_input_consumer'
02-03 20:41:37.641 I/WeatherS_WeatherServiceVersionUtils(24226): serviceVersionCode16013000
02-03 20:41:37.642 D/VRI[MainActivity](24478): onFocusEvent false
02-03 20:41:37.646 D/DockIconView( 2561): refresh: scale = 0.90909094,bm.width=132,icon.width=120,measureWidth=120
02-03 20:41:37.646 D/DockIconView( 2561): updatePaintFilter: mBitmapShader = android.graphics.BitmapShader@e0b5b5f,mul=254,alpha=1.0,mDimAlpha=0.0
02-03 20:41:37.646 D/DockIconView( 2561): refresh: scale = 0.90909094,bm.width=132,icon.width=120,measureWidth=120
02-03 20:41:37.646 D/DockIconView( 2561): updatePaintFilter: mBitmapShader = android.graphics.BitmapShader@b2709ac,mul=204,alpha=1.0,mDimAlpha=0.0
02-03 20:41:37.647 D/DockIconView( 2561): refresh: scale = 0.90909094,bm.width=132,icon.width=120,measureWidth=120
02-03 20:41:37.647 D/DockIconView( 2561): updatePaintFilter: mBitmapShader = android.graphics.BitmapShader@b99b675,mul=204,alpha=1.0,mDimAlpha=0.0
02-03 20:41:37.647 I/WeatherS_WeatherServiceVersionUtils(24226): serviceVersionCode16013000
02-03 20:41:37.653 V/WindowManager( 1741): Unknown focus tokens, dropping reportFocusChanged
02-03 20:41:37.654 I/WeatherS_WeatherServiceVersionUtils(24226): serviceVersionCode16013000
02-03 20:41:37.654 I/WeatherS_WeatherServiceVersionUtils(24226): serviceVersionCode16013000
02-03 20:41:37.654 I/WeatherS_WeatherServiceVersionUtils(24226): serviceVersionCode16013000
02-03 20:41:37.657 I/DispPerfService(  962): updateLayerMask 9
02-03 20:41:37.657 I/WeatherS_WeatherServiceVersionUtils(24226): serviceVersionCode16013000
02-03 20:41:37.658 D/PowerManagerService( 1741): userActivityNoUpdateLocked: groupId=0, eventTime=100454986, event=2, flags=0x0, uid=1000
02-03 20:41:37.660 D/PhoneInterfaceManager( 2506): [PhoneIntfMgr] QueryTelephonyChecker-getDataNetworkTypeForSubscriber: packageName = com.android.phone, isGrant = true
02-03 20:41:37.661 D/PhoneInterfaceManager( 2506): [PhoneIntfMgr] QueryTelephonyChecker-getDataNetworkTypeForSubscriber: packageName = com.android.phone, isGrant = true
02-03 20:41:37.675 I/WeatherS_WeatherServiceVersionUtils(24226): serviceVersionCode16013000
02-03 20:41:37.675 I/WeatherS_WeatherServiceVersionUtils(24226): serviceVersionCode16013000
02-03 20:41:37.675 I/WeatherS_WeatherBaseDataTask(24226): Service has not started, bind update Service.
02-03 20:41:37.675 I/WeatherS_WeatherServiceManager(24226): bindUpdateService false
02-03 20:41:37.683 W/OplusExSystemServiceHelper(24253): checkOplusExSystemService intent getComponent is null
02-03 20:41:37.686 I/WeatherS_WeatherBaseDataTask(24226): Service has not started, bind update Service.
02-03 20:41:37.687 I/WeatherS_WeatherServiceManager(24226): bindUpdateService false
02-03 20:41:37.688 I/WeatherS_WeatherServiceManager(24226): onServiceConnected
02-03 20:41:37.688 I/WeatherS_WeatherBaseDataTask(24226): executeRequest getLocationCityDataAndUpdateWeatherInfoIfNeeded
02-03 20:41:37.689 E/WeatherS_PrivacyStatementExport(24253): isAgreed-1
02-03 20:41:37.693 E/WeatherS_WeatherCommonServiceProxy(24253): getLocationCityInfo
02-03 20:41:37.693 I/WeatherS_WeatherServiceManager(24226): onServiceConnected
02-03 20:41:37.693 I/WeatherS_WeatherBaseDataTask(24226): executeRequest getResidentSecureSettingsData
02-03 20:41:37.693 I/WeatherS_WeatherCommonServiceProxy(24253): getLocationCityAndUpdate id = 2 cityId:0
02-03 20:41:37.693 E/WeatherS_WeatherCommonServiceProxy(24253): getTimeZoneOfAttendCity
02-03 20:41:37.694 E/WeatherS_PrivacyStatementExport(24253): isAgreed-1
02-03 20:41:37.695 E/WeatherS_WeatherCommonServiceProxy(24253): getOneAttentCityWeatherInfoList
02-03 20:41:37.696 I/WeatherS_WeatherCommonServiceProxy(24253): getResidentCity list size: 1
02-03 20:41:37.696 I/WeatherS_WeatherCommonServiceProxy(24253): parseWeatherToAttentWeatherInfo currentTemp: 75
02-03 20:41:37.697 I/WeatherS_SharedUtil(24253): tryCheckLocWeatherAndSend sLastSendResult is 202.
