01-22 22:56:59.663 D/OemPaidWifiNetworkFactory( 1748): got request NetworkRequest [ REQUEST id=16102, [ Capabilities: INTERNET&NOT_RESTRICTED&TRUSTED&NOT_VCN_MANAGED Uid: 10057 RequestorUid: 10057 RequestorPkg: com.truecaller UnderlyingNetworks: Null] ]
01-22 22:56:59.664 D/MultiInternetWifiNetworkFactory( 1748): got request NetworkRequest [ REQUEST id=16102, [ Capabilities: INTERNET&NOT_RESTRICTED&TRUSTED&NOT_VCN_MANAGED Uid: 10057 RequestorUid: 10057 RequestorPkg: com.truecaller UnderlyingNetworks: Null] ]
01-22 22:56:59.666 D/ConnectivityService( 1748): NetReassign [16102 : null → 113] [c 2] [a 4] [i 7]
01-22 22:56:59.896 V/bt_stack( 3256): [VERBOSE1:btm_ble_gap.cc(2613)] btm_ble_process_adv_addr: bda=66:**:**:**:f0:b6 addr_type=1
01-22 22:56:59.896 I/bt_btm  ( 3256): LogMsg: btm_ble_process_adv_pkt: pkt_data_len: 25
01-22 22:56:59.897 V/bt_stack( 3256): [VERBOSE1:btm_ble_gap.cc(2613)] btm_ble_process_adv_addr: bda=66:**:**:**:f0:b6 addr_type=1
01-22 22:56:59.897 I/bt_btm  ( 3256): LogMsg: btm_ble_process_adv_pkt: pkt_data_len: 0
01-22 22:56:59.897 I/bt_btif ( 3256): LogMsg: bta_dm_observe_results_cb
01-22 22:56:59.897 I/bt_btif ( 3256): LogMsg: btif_ble_scanner_update_COD 66:a6:c0:ec:f0:b6 cod is 0x000000
01-22 22:56:59.897 I/bt_btif ( 3256): LogMsg: btif_ble_scanner_update_COD cod in config 0x001f00, status=0
01-22 22:56:59.897 I/bt_btif ( 3256): LogMsg: btif_ble_scanner_update_COD invalid cod 0x0, use cod 0x1f00 in config
01-22 22:56:59.897 I/bt_btif ( 3256): LogMsg: bta_scan_results_cb_impl : type 0 channel 0
01-22 22:56:59.897 I/bt_btif ( 3256): LogMsg: bta_scan_results_cb_impl: HAL bt_gatt_callbacks->scanner->scan_result_cb
01-22 22:56:59.898 D/BtGatt.GattService( 3256): onScanResult() - eventType=0x1b, addressType=1, address=66:A6:C0:EC:F0:B6, primaryPhy=1, secondaryPhy=0, advertisingSid=0xff, txPower=127, rssi=-84, periodicAdvInt=0x0, originalAddress=66:A6:C0:EC:F0:B6, type=0, channel=0
01-22 22:56:59.902 I/NearbyDiscovery(22573): (REDACTED) BloomFilterAdvManager: Detected bloom filter but too far away, ignoring. %sm, %s
01-22 22:56:59.902 I/NearbyDiscovery(20067): (REDACTED) BloomFilterAdvManager: Detected bloom filter but too far away, ignoring. %sm, %s
01-22 22:57:00.003 D/PhoneUsageTime( 4587): affairType:231
01-22 22:57:00.006 D/Utils   ( 4587): getLastChargeTime: 1769102760004
01-22 22:57:00.006 D/SingleClockView( 2225): updateTime,  24hfmt=false, h=10, m=57
01-22 22:57:00.006 D/Utils   ( 4587): getLastChargeDurationTime: 1560275
01-22 22:57:00.010 D/PhoneScreenOnTime( 4587): affairType:231
01-22 22:57:00.011 D/Utils   ( 4587): getLastScrChangeTime: 1769102760010
01-22 22:57:00.012 D/Utils   ( 4587): getScrOnSeconds: 434078
01-22 22:57:00.013 D/Utils   ( 4587): setLastScrChangeTime: 1769102820010
01-22 22:57:00.014 D/Utils   ( 4587): setScrOnSeconds: 494078
01-22 22:57:00.020 E/OplusCustomizeRestrictionManagerService( 1748): isBiometricDisabled start
01-22 22:57:00.021 I/ActivityManager( 1748): Killing 17105:com.google.process.gservices/u0a128 (adj 965): empty #21
01-22 22:57:00.021 E/OplusCustomizeRestrictionManagerService( 1748): isBiometricDisabled start
01-22 22:57:00.024 E/IHansComunication( 6221): HANS printMessageBody: RCV message: type = 3,port = 86870,caller_pid = 1748,caller_uid = 1000,target_pid = 17105,target_uid = 10128,pkg_cmd = -1,rpc = signal/-1
01-22 22:57:00.026 D/PackageManager( 1748): multi app -> resolveContentProvider change name=settings to user 0 providerInfo=ContentProviderInfo{name=settings className=com.android.providers.settings.SettingsProvider}
01-22 22:57:00.027 D/PackageManager( 1748): multi app -> resolveContentProvider change name=settings to user 0 providerInfo=ContentProviderInfo{name=settings className=com.android.providers.settings.SettingsProvider}
01-22 22:57:00.030 I/libprocessgroup( 1748): Successfully killed process cgroup uid 10128 pid 17105 in 6ms
01-22 22:57:00.031 E/IHansComunication( 6221): HANS printMessageBody: RCV message: type = 0,port = 86870,caller_pid = 1089,caller_uid = 1047,target_pid = 20117,target_uid = 10744,pkg_cmd = -1,rpc = android.hardware.ICameraServiceListener/5
01-22 22:57:00.031 D/PackageManager( 1748): multi app -> resolveContentProvider change name=settings to user 0 providerInfo=ContentProviderInfo{name=settings className=com.android.providers.settings.SettingsProvider}
01-22 22:57:00.032 D/PackageManager( 1748): multi app -> resolveContentProvider change name=settings to user 0 providerInfo=ContentProviderInfo{name=settings className=com.android.providers.settings.SettingsProvider}
01-22 22:57:00.036 D/PackageManager( 1748): multi app -> resolveContentProvider change name=settings to user 0 providerInfo=ContentProviderInfo{name=settings className=com.android.providers.settings.SettingsProvider}
01-22 22:57:00.036 D/PackageManager( 1748): multi app -> resolveContentProvider change name=settings to user 0 providerInfo=ContentProviderInfo{name=settings className=com.android.providers.settings.SettingsProvider}
01-22 22:57:00.038 I/CardConfig.CardConfigRepository( 6189): subscribePackageChange4Ocs, check ocs
01-22 22:57:00.041 D/PackageManager( 1748): multi app -> resolveContentProvider change name=settings to user 0 providerInfo=ContentProviderInfo{name=settings className=com.android.providers.settings.SettingsProvider}
01-22 22:57:00.041 D/PackageManager( 1748): multi app -> resolveContentProvider change name=settings to user 0 providerInfo=ContentProviderInfo{name=settings className=com.android.providers.settings.SettingsProvider}
01-22 22:57:00.055 I/OplusHansManager ( 1748): unfreeze uid: 10744 com.cricbuzz.android pids: [20117, 25225] reason: AsyncBinder scene: LcdOn
01-22 22:57:00.057 I/OplusHansManager ( 1748): uid=10744, pkg=com.cricbuzz.android, transition from Frozen to Middle, reason=AsyncBinder
01-22 22:57:00.057 I/OplusHansManager ( 1748): uid=10744, pkg=com.cricbuzz.android F exit(), F stay=1, reason=AsyncBinder
01-22 22:57:00.060 I/Zygote  (  819): Process 17105 exited due to signal 9 (Killed)
01-22 22:57:00.065 D/OplusUIFirst_FB( 1748): com.google.android.gsf remove pid: 17105
01-22 22:57:00.066 I/mtkpower_client( 1748): [Legacy][PowerHal_Wrap_notifyAppState] com.google.android.gsf/com.google.android.gsf pid=17105 state:3
01-22 22:57:00.066 I/game_scn( 1748): collectForegroundAppList packName=com.google.android.gsf, actName=com.google.android.gsf, pid=17105, uid=10128, state:DEAD
01-22 22:57:00.066 V/DeepThinker( 5470): ProcessManager: onProcessDied pid:17105, uid:10128
01-22 22:57:00.066 D/RilUtility(  859): notify_rild_crash_pid_set certPid:-1, crash:17105, scn:0x0
01-22 22:57:00.204 D/OplusHecate(  966): pixels[1077,117]=0xff646464
01-22 22:57:00.703 V/bt_stack( 3256): [VERBOSE1:btm_ble_gap.cc(2613)] btm_ble_process_adv_addr: bda=66:**:**:**:f0:b6 addr_type=1
01-22 22:57:00.703 I/bt_btm  ( 3256): LogMsg: btm_ble_process_adv_pkt: pkt_data_len: 25
01-22 22:57:00.703 V/bt_stack( 3256): [VERBOSE1:btm_ble_gap.cc(2613)] btm_ble_process_adv_addr: bda=66:**:**:**:f0:b6 addr_type=1
01-22 22:57:00.703 I/bt_btm  ( 3256): LogMsg: btm_ble_process_adv_pkt: pkt_data_len: 0
01-22 22:57:00.703 I/bt_btif ( 3256): LogMsg: bta_dm_observe_results_cb
01-22 22:57:00.703 I/bt_btif ( 3256): LogMsg: btif_ble_scanner_update_COD 66:a6:c0:ec:f0:b6 cod is 0x000000
01-22 22:57:00.703 I/bt_btif ( 3256): LogMsg: btif_ble_scanner_update_COD cod in config 0x001f00, status=0
01-22 22:57:00.703 I/bt_btif ( 3256): LogMsg: btif_ble_scanner_update_COD invalid cod 0x0, use cod 0x1f00 in config
01-22 22:57:00.704 I/bt_btif ( 3256): LogMsg: bta_scan_results_cb_impl : type 0 channel 0
01-22 22:57:00.704 I/bt_btif ( 3256): LogMsg: bta_scan_results_cb_impl: HAL bt_gatt_callbacks->scanner->scan_result_cb
01-22 22:57:00.704 D/BtGatt.GattService( 3256): onScanResult() - eventType=0x1b, addressType=1, address=66:A6:C0:EC:F0:B6, primaryPhy=1, secondaryPhy=0, advertisingSid=0xff, txPower=127, rssi=-85, periodicAdvInt=0x0, originalAddress=66:A6:C0:EC:F0:B6, type=0, channel=0
01-22 22:57:00.708 I/NearbyDiscovery(22573): (REDACTED) BloomFilterAdvManager: Detected bloom filter but too far away, ignoring. %sm, %s
01-22 22:57:00.708 I/NearbyDiscovery(20067): (REDACTED) BloomFilterAdvManager: Detected bloom filter but too far away, ignoring. %sm, %s
01-22 22:57:01.686 D/AALLightSensor( 1193): oldLux=4 [SA:4 LA:3] newLux=4 (oriLux: 4)
01-22 22:57:01.789 I/ActivityManager( 1748): Killing 4488:com.android.settings:background/1000 (adj 999): empty #21
01-22 22:57:01.793 E/IHansComunication( 6221): HANS printMessageBody: RCV message: type = 3,port = 86870,caller_pid = 1748,caller_uid = 1000,target_pid = 4488,target_uid = 1000,pkg_cmd = -1,rpc = signal/-1
01-22 22:57:01.800 I/libprocessgroup( 1748): Successfully killed process cgroup uid 1000 pid 4488 in 7ms
01-22 22:57:01.832 E/AppOps  ( 1748): Bad call made by uid 10128. Package "com.google.android.gms" does not belong to uid 10057.
01-22 22:57:01.832 I/Zygote  (  819): Process 4488 exited due to signal 9 (Killed)
01-22 22:57:01.834 E/GoogleApiManager( 7580): Failed to get service from broker. 
01-22 22:57:01.834 E/GoogleApiManager( 7580): java.lang.SecurityException: Unknown calling package name 'com.google.android.gms'.
01-22 22:57:01.834 E/GoogleApiManager( 7580): 	at android.os.Parcel.createExceptionOrNull(Parcel.java:3062)
01-22 22:57:01.834 E/GoogleApiManager( 7580): 	at android.os.Parcel.createException(Parcel.java:3046)
01-22 22:57:01.834 E/GoogleApiManager( 7580): 	at android.os.Parcel.readException(Parcel.java:3029)
01-22 22:57:01.834 E/GoogleApiManager( 7580): 	at android.os.Parcel.readException(Parcel.java:2971)
01-22 22:57:01.834 E/GoogleApiManager( 7580): 	at bdqy.a(:com.google.android.gms@260233029@26.02.33 (190400-858744110):36)
01-22 22:57:01.834 E/GoogleApiManager( 7580): 	at bdoz.z(:com.google.android.gms@260233029@26.02.33 (190400-858744110):143)
01-22 22:57:01.834 E/GoogleApiManager( 7580): 	at bcuz.run(:com.google.android.gms@260233029@26.02.33 (190400-858744110):42)
01-22 22:57:01.834 E/GoogleApiManager( 7580): 	at android.os.Handler.handleCallback(Handler.java:942)
01-22 22:57:01.834 E/GoogleApiManager( 7580): 	at android.os.Handler.dispatchMessage(Handler.java:99)
01-22 22:57:01.834 E/GoogleApiManager( 7580): 	at cqvg.mB(:com.google.android.gms@260233029@26.02.33 (190400-858744110):1)
01-22 22:57:01.834 E/GoogleApiManager( 7580): 	at cqvg.dispatchMessage(:com.google.android.gms@260233029@26.02.33 (190400-858744110):5)
01-22 22:57:01.834 E/GoogleApiManager( 7580): 	at android.os.Looper.loopOnce(Looper.java:240)
01-22 22:57:01.834 E/GoogleApiManager( 7580): 	at android.os.Looper.loop(Looper.java:351)
01-22 22:57:01.834 E/GoogleApiManager( 7580): 	at android.os.HandlerThread.run(HandlerThread.java:67)
01-22 22:57:01.834 W/GoogleApiManager( 7580): Not showing notification since connectionResult is not user-facing: ConnectionResult{statusCode=DEVELOPER_ERROR, resolution=null, message=null, clientMethodKey=null}
01-22 22:57:01.837 D/OplusUIFirst_FB( 1748): com.android.settings remove pid: 4488
01-22 22:57:01.838 I/mtkpower_client( 1748): [Legacy][PowerHal_Wrap_notifyAppState] com.android.settings/com.android.settings pid=4488 state:3
01-22 22:57:01.838 I/game_scn( 1748): collectForegroundAppList packName=com.android.settings, actName=com.android.settings, pid=4488, uid=1000, state:DEAD
01-22 22:57:01.839 V/DeepThinker( 5470): ProcessManager: onProcessDied pid:4488, uid:1000
01-22 22:57:01.840 D/RilUtility(  859): notify_rild_crash_pid_set certPid:-1, crash:4488, scn:0x0
01-22 22:57:02.438 D/WM-DelayedWorkTracker(22723): Scheduling work 5d2a9d7c-e84c-4a16-a008-4e8a108ffe1a
01-22 22:57:02.439 D/WM-GreedyScheduler(22723): Starting tracking for 5d2a9d7c-e84c-4a16-a008-4e8a108ffe1a
01-22 22:57:02.457 D/WM-ConstraintTracker(22723): j: initial state = NetworkState(isConnected=true, isValidated=true, isMetered=false, isNotRoaming=true)
01-22 22:57:02.457 D/WM-NetworkStateTracker(22723): Registering network callback
01-22 22:57:02.460 D/ConnectivityService( 1748): requestNetwork for uid/pid:10183/22723 activeRequest: null callbackRequest: 16103 [NetworkRequest [ REQUEST id=16104, [ Capabilities: INTERNET&NOT_RESTRICTED&TRUSTED&NOT_VCN_MANAGED Uid: 10183 RequestorUid: 10183 RequestorPkg: com.twitter.android UnderlyingNetworks: Null] ]] callback flags: 0 order: 2147483647 isUidTracked: false declaredMethods: AVAIL|LOST|NC
01-22 22:57:02.462 D/WM-GreedyScheduler(22723): Constraints met: Scheduling work ID WorkGenerationalId(workSpecId=5d2a9d7c-e84c-4a16-a008-4e8a108ffe1a, generation=0)
01-22 22:57:02.464 D/WM-NetworkStateTracker(22723): Network capabilities changed: [ Transports: WIFI Capabilities: NOT_METERED&INTERNET&NOT_RESTRICTED&TRUSTED&NOT_VPN&VALIDATED&NOT_ROAMING&FOREGROUND&NOT_CONGESTED&NOT_SUSPENDED&NOT_VCN_MANAGED LinkUpBandwidth>=12000Kbps LinkDnBandwidth>=60000Kbps TransportInfo: <SSID: <unknown ssid>, BSSID: 02:00:00:00:00:00, MAC: 02:00:00:00:00:00, IP: /192.168.31.196, Security type: 2, Supplicant state: COMPLETED, Wi-Fi standard: 5, RSSI: -59, Link speed: 175Mbps, Tx Link speed: 175Mbps, Max Supported Tx Link speed: 433Mbps, Rx Link speed: 97Mbps, Max Supported Rx Link speed: 433Mbps, Frequency: 5785MHz, Net ID: -1, Metered hint: false, score: 51, isUsable: true, CarrierMerged: false, SubscriptionId: -1, IsPrimary: -1, Trusted: true, Restricted: false, Ephemeral: false, OEM paid: false, OEM private: false, OSU AP: false, FQDN: <none>, Provider friendly name: <none>, Requesting package name: <none><none>MLO Information: , AP MLD Address: <none>, AP MLO Link Id: <none>, AP MLO Affiliated links: <none>> SignalStrength: -59 UnderlyingNetworks: Null]
01-22 22:57:02.468 D/WifiNetworkFactory( 1748): got request NetworkRequest [ REQUEST id=16104, [ Capabilities: INTERNET&NOT_RESTRICTED&TRUSTED&NOT_VCN_MANAGED Uid: 10183 RequestorUid: 10183 RequestorPkg: com.twitter.android UnderlyingNetworks: Null] ]
01-22 22:57:02.469 D/UntrustedWifiNetworkFactory( 1748): got request NetworkRequest [ REQUEST id=16104, [ Capabilities: INTERNET&NOT_RESTRICTED&TRUSTED&NOT_VCN_MANAGED Uid: 10183 RequestorUid: 10183 RequestorPkg: com.twitter.android UnderlyingNetworks: Null] ]
01-22 22:57:02.469 D/OemPaidWifiNetworkFactory( 1748): got request NetworkRequest [ REQUEST id=16104, [ Capabilities: INTERNET&NOT_RESTRICTED&TRUSTED&NOT_VCN_MANAGED Uid: 10183 RequestorUid: 10183 RequestorPkg: com.twitter.android UnderlyingNetworks: Null] ]
01-22 22:57:02.470 D/MultiInternetWifiNetworkFactory( 1748): got request NetworkRequest [ REQUEST id=16104, [ Capabilities: INTERNET&NOT_RESTRICTED&TRUSTED&NOT_VCN_MANAGED Uid: 10183 RequestorUid: 10183 RequestorPkg: com.twitter.android UnderlyingNetworks: Null] ]
01-22 22:57:02.472 D/WM-Processor(22723): s: processing WorkGenerationalId(workSpecId=5d2a9d7c-e84c-4a16-a008-4e8a108ffe1a, generation=0)
01-22 22:57:02.472 D/ConnectivityService( 1748): NetReassign [16104 : null → 113] [c 1] [a 4] [i 7]
01-22 22:57:02.488 D/WM-WorkerWrapper(22723): Starting work for com.twitter.analytics.service.core.workmanager.AnalyticsFlushWorker
01-22 22:57:02.496 I/WM-WorkerWrapper(22723): Worker result SUCCESS for Work [ id=5d2a9d7c-e84c-4a16-a008-4e8a108ffe1a, tags={ com.twitter.analytics.service.core.workmanager.AnalyticsFlushWorker } ]
01-22 22:57:02.499 D/WM-Processor(22723): s 5d2a9d7c-e84c-4a16-a008-4e8a108ffe1a executed; reschedule = false
01-22 22:57:02.499 D/WM-GreedyScheduler(22723): Stopping tracking for WorkGenerationalId(workSpecId=5d2a9d7c-e84c-4a16-a008-4e8a108ffe1a, generation=0)
01-22 22:57:02.509 D/WM-GreedyScheduler(22723): Cancelling work ID 5d2a9d7c-e84c-4a16-a008-4e8a108ffe1a
01-22 22:57:02.517 D/WM-NetworkStateTracker(22723): Unregistering network callback
01-22 22:57:02.588 D/NetworkEvent( 2614): OplusNetworkEventCbProxy invoke.....onDnsEvent argslen:8
01-22 22:57:02.875 I/Finsky  (26668): [26981] Successfully collected the device disk space info.
01-22 22:57:02.890 D/BoundBrokerSvc(24720): onUnbind: Intent { act=com.google.android.gms.measurement.START pkg=com.google.android.gms }
01-22 22:57:02.924 V/bt_stack( 3256): [VERBOSE1:btm_ble_gap.cc(2613)] btm_ble_process_adv_addr: bda=66:**:**:**:f0:b6 addr_type=1
01-22 22:57:02.924 I/bt_btm  ( 3256): LogMsg: btm_ble_process_adv_pkt: pkt_data_len: 25
01-22 22:57:02.924 V/bt_stack( 3256): [VERBOSE1:btm_ble_gap.cc(2613)] btm_ble_process_adv_addr: bda=66:**:**:**:f0:b6 addr_type=1
01-22 22:57:02.924 I/bt_btm  ( 3256): LogMsg: btm_ble_process_adv_pkt: pkt_data_len: 0
01-22 22:57:02.925 I/bt_btif ( 3256): LogMsg: bta_dm_observe_results_cb
01-22 22:57:02.925 I/bt_btif ( 3256): LogMsg: btif_ble_scanner_update_COD 66:a6:c0:ec:f0:b6 cod is 0x000000
01-22 22:57:02.925 I/bt_btif ( 3256): LogMsg: btif_ble_scanner_update_COD cod in config 0x001f00, status=0
01-22 22:57:02.925 I/bt_btif ( 3256): LogMsg: btif_ble_scanner_update_COD invalid cod 0x0, use cod 0x1f00 in config
01-22 22:57:02.925 I/bt_btif ( 3256): LogMsg: bta_scan_results_cb_impl : type 0 channel 0
01-22 22:57:02.925 I/bt_btif ( 3256): LogMsg: bta_scan_results_cb_impl: HAL bt_gatt_callbacks->scanner->scan_result_cb
01-22 22:57:02.925 D/BtGatt.GattService( 3256): onScanResult() - eventType=0x1b, addressType=1, address=66:A6:C0:EC:F0:B6, primaryPhy=1, secondaryPhy=0, advertisingSid=0xff, txPower=127, rssi=-85, periodicAdvInt=0x0, originalAddress=66:A6:C0:EC:F0:B6, type=0, channel=0
01-22 22:57:02.930 I/NearbyDiscovery(22573): (REDACTED) BloomFilterAdvManager: Detected bloom filter but too far away, ignoring. %sm, %s
01-22 22:57:02.930 I/NearbyDiscovery(20067): (REDACTED) BloomFilterAdvManager: Detected bloom filter but too far away, ignoring. %sm, %s
01-22 22:57:03.551 V/bt_stack( 3256): [VERBOSE1:btm_ble_gap.cc(2613)] btm_ble_process_adv_addr: bda=66:**:**:**:f0:b6 addr_type=1
01-22 22:57:03.551 I/bt_btm  ( 3256): LogMsg: btm_ble_process_adv_pkt: pkt_data_len: 25
01-22 22:57:03.551 V/bt_stack( 3256): [VERBOSE1:btm_ble_gap.cc(2613)] btm_ble_process_adv_addr: bda=66:**:**:**:f0:b6 addr_type=1
01-22 22:57:03.551 I/bt_btm  ( 3256): LogMsg: btm_ble_process_adv_pkt: pkt_data_len: 0
01-22 22:57:03.551 I/bt_btif ( 3256): LogMsg: bta_dm_observe_results_cb
01-22 22:57:03.551 I/bt_btif ( 3256): LogMsg: btif_ble_scanner_update_COD 66:a6:c0:ec:f0:b6 cod is 0x000000
01-22 22:57:03.552 I/bt_btif ( 3256): LogMsg: btif_ble_scanner_update_COD cod in config 0x001f00, status=0
01-22 22:57:03.552 I/bt_btif ( 3256): LogMsg: btif_ble_scanner_update_COD invalid cod 0x0, use cod 0x1f00 in config
01-22 22:57:03.552 I/bt_btif ( 3256): LogMsg: bta_scan_results_cb_impl : type 0 channel 0
01-22 22:57:03.552 I/bt_btif ( 3256): LogMsg: bta_scan_results_cb_impl: HAL bt_gatt_callbacks->scanner->scan_result_cb
01-22 22:57:03.552 D/BtGatt.GattService( 3256): onScanResult() - eventType=0x1b, addressType=1, address=66:A6:C0:EC:F0:B6, primaryPhy=1, secondaryPhy=0, advertisingSid=0xff, txPower=127, rssi=-77, periodicAdvInt=0x0, originalAddress=66:A6:C0:EC:F0:B6, type=0, channel=0
01-22 22:57:03.557 I/NearbyDiscovery(22573): (REDACTED) BloomFilterAdvManager: Detected bloom filter but too far away, ignoring. %sm, %s
01-22 22:57:03.558 I/NearbyDiscovery(20067): (REDACTED) BloomFilterAdvManager: Detected bloom filter but too far away, ignoring. %sm, %s
01-22 22:57:03.956 D/BoundBrokerSvc(24720): onUnbind: Intent { act=com.google.android.gms.safetynet.service.START pkg=com.google.android.gms }
01-22 22:57:03.968 D/BoundBrokerSvc(24720): onUnbind: Intent { act=com.google.android.gms.safebrowsing.SafeBrowsingService.START dat=chimera-action:/... cmp=com.google.android.gms/.chimera.GmsBoundBrokerService }
01-22 22:57:04.030 D/CompatibilityChangeReporter( 1748): Compat change id reported: 161145287; UID 10186; state: DISABLED
01-22 22:57:04.034 E/FilePhenotypeFlags( 6770): Config package com.google.android.gms.clearcut_client#in.cricketexchange.app.cricketexchange cannot use FILE backing without declarative registration. See go/phenotype-android-integration#phenotype for more information. This will lead to stale flags.
01-22 22:57:04.087 D/CompatibilityChangeReporter( 1748): Compat change id reported: 135634846; UID 10128; state: DISABLED
01-22 22:57:04.087 D/CompatibilityChangeReporter( 1748): Compat change id reported: 177438394; UID 10128; state: DISABLED
01-22 22:57:04.087 D/CompatibilityChangeReporter( 1748): Compat change id reported: 135772972; UID 10128; state: DISABLED
01-22 22:57:04.087 D/CompatibilityChangeReporter( 1748): Compat change id reported: 135754954; UID 10128; state: ENABLED
01-22 22:57:04.088 D/CompatibilityChangeReporter( 1748): Compat change id reported: 143937733; UID 10128; state: ENABLED
01-22 22:57:04.113 D/Zygote  (  819): Forked child process 7887
01-22 22:57:04.116 I/ActivityManager( 1748): Start proc 7887:com.google.process.gservices/u0a128 for content provider {com.google.android.gsf/com.google.android.gsf.gservices.GservicesProvider}
01-22 22:57:04.116 D/OplusUIFirst_FB( 1748): com.google.android.gsf proc start: 10128 7887 false com.google.process.gservices
01-22 22:57:04.116 D/OplusUIFirst_FB( 1748): com.google.android.gsf start process: []
01-22 22:57:04.116 D/OplusUIFirst_FB( 1748): List of ThreadOp: size=0 []
01-22 22:57:04.131 E/ocess.gservices( 7887): Unknown bits set in runtime_flags: 0x40000000
01-22 22:57:04.131 I/ocess.gservices( 7887): Using CollectorTypeCC GC.
01-22 22:57:04.139 D/nativeloader( 7887): Load libframework-connectivity-tiramisu-jni.so using APEX ns com_android_tethering for caller /apex/com.android.tethering/javalib/framework-connectivity-t.jar: ok
01-22 22:57:04.146 I/OneTrace( 7887): Mark active for pid=7887? true
01-22 22:57:04.147 D/cutils-dev( 7887): otrace_set_tracing_enabled? true
01-22 22:57:04.147 D/cutils-dev( 7887): properties changed in otrace_seq_number_changed!
01-22 22:57:04.148 E/ocess.gservices( 7887): Could not write anonymous vdex /system/framework/oat/arm64/mediatek-framework.vdex: Could not open /system/framework/oat/arm64/mediatek-framework.vdex for writing
01-22 22:57:04.154 D/CompatibilityChangeReporter( 1748): Compat change id reported: 168419799; UID 10128; state: DISABLED
01-22 22:57:04.154 D/RGBNormalizeServer( 1748): OplusRGBNormalize feature enabled ? false
01-22 22:57:04.160 D/CompatibilityChangeReporter( 7887): Compat change id reported: 171979766; UID 10128; state: ENABLED
01-22 22:57:04.160 I/oplus.android.OplusFrameworkFactoryImpl( 7887): get feature:IOplusAutoResolutionFeature
01-22 22:57:04.160 I/oplus.android.OplusFrameworkFactoryImpl( 7887): getOplusAutoResolutionFeature
01-22 22:57:04.172 I/OplusFeatureCache( 7887): Milliseconds spent on init(): 12
01-22 22:57:04.174 D/CompactWindowAppManager( 7887): initCompactApplicationInfo 
01-22 22:57:04.185 W/libc    ( 7887): Access denied finding property "ro.odm.prev.product.name"
01-22 22:57:04.187 D/LoadedApk( 7887): mApplicationInfo overrideDisplayId:null
01-22 22:57:04.188 I/Finsky  (26668): [26981] Successfully collected the device disk space info.
01-22 22:57:04.193 D/nativeloader( 7887): Configuring clns-4 for other apk /system/framework/org.apache.http.legacy.jar. target_sdk_version=33, uses_libraries=ALL, library_path=/my_heytap/non_overlay/priv-app/GoogleServicesFramework/lib/arm64:/my_heytap/non_overlay/priv-app/GoogleServicesFramework/GoogleServicesFramework.apk!/lib/arm64-v8a, permitted_path=/data:/mnt/expand:/data/user/0/com.google.android.gsf
01-22 22:57:04.193 D/nativeloader( 7887): Extending system_exposed_libraries: libapuwareapusys.mtk.so:libapuwareapusys_v2.mtk.so:libapuwarexrp.mtk.so:libapuwarexrp_v2.mtk.so:libapuwareutils.mtk.so:libapuwareutils_v2.mtk.so:libapuwarehmp.mtk.so:libmcv_runtime_usdk.mtk.so:libneuron_graph_delegate.mtk.so:libneuronusdk_adapter.mtk.so:libtflite_mtk.mtk.so:libarmnn_ndk.mtk.so:libcmdl_ndk.mtk.so:libnir_neon_driver_ndk.mtk.so:libmvpu_runtime.mtk.so:libmvpu_runtime_pub.mtk.so:libmvpu_engine_pub.mtk.so:libmvpu_pattern_pub.mtk.so:libmvpuop_mtk_cv.mtk.so:libmvpuop_mtk_nn.mtk.so:libteeservice_client.trustonic.so:libSloganJni.oplus.so:libsuperNight.oplus.so
01-22 22:57:04.199 D/nativeloader( 7887): Configuring clns-5 for other apk /my_heytap/non_overlay/priv-app/GoogleServicesFramework/GoogleServicesFramework.apk. target_sdk_version=33, uses_libraries=, library_path=/my_heytap/non_overlay/priv-app/GoogleServicesFramework/lib/arm64:/my_heytap/non_overlay/priv-app/GoogleServicesFramework/GoogleServicesFramework.apk!/lib/arm64-v8a, permitted_path=/data:/mnt/expand:/data/user/0/com.google.android.gsf
01-22 22:57:04.210 D/nativeloader( 7887): Load libframework-connectivity-jni.so using APEX ns com_android_tethering for caller /apex/com.android.tethering/javalib/framework-connectivity.jar: ok
01-22 22:57:04.213 V/GraphicsEnvironment( 7887): ANGLE Developer option for 'com.google.android.gsf' set to: 'default'
01-22 22:57:04.213 V/GraphicsEnvironment( 7887): ANGLE GameManagerService for com.google.android.gsf: false
01-22 22:57:04.214 V/GraphicsEnvironment( 7887): Neither updatable production driver nor prerelease driver is supported.
01-22 22:57:04.217 D/NetworkSecurityConfig( 7887): No Network Security Config specified, using platform default
01-22 22:57:04.217 D/NetworkSecurityConfig( 7887): No Network Security Config specified, using platform default
01-22 22:57:04.224 I/GservicesProvider( 7887): Gservices pushing to system: true; secure/global: true
01-22 22:57:04.233 W/ActivityManager( 1748): Unable to start service Intent { act=com.google.android.gms.gservices.START pkg=com.google.android.gms } U=0: not found
01-22 22:57:04.235 W/ActivityManager( 1748): Unbind failed: could not find connection for android.os.BinderProxy@3fdf211
01-22 22:57:04.235 E/GmsClient( 7887): unable to connect to service: com.google.android.gms.gservices.START on com.google.android.gms
01-22 22:57:04.237 D/OplusNecManager( 2568): broadcastServiceStateChanged slotId:0oos:true
01-22 22:57:04.258 D/PowerMitigationService( 2461):  onServiceStateChanged mIsOutOfService = 1, slotId0
01-22 22:57:04.258 D/PowerMitigationService( 2461):  onServiceStateChanged curRat = 0, slotId0
01-22 22:57:04.258 D/PowerMitigationService( 2461): handleMessage: { when=0 what=3 target=y.b$b }
01-22 22:57:04.258 D/PowerMitigationService( 2461): handleMessage: { when=0 what=12 target=y.b$b }
01-22 22:57:04.258 D/cellularState[0]( 2614): handleMessage: E msg.what=4
01-22 22:57:04.259 D/cellularState[0]( 2614): processMsg: NetworkSearchingState
01-22 22:57:04.259 D/cellularState[0]( 2614): processMsg: SimReadyState
01-22 22:57:04.259 D/cellularState[0]( 2614): processMsg: DefaultState
01-22 22:57:04.259 E/cellularState[0]( 2614):  - unhandledMessage: msg.what=4
01-22 22:57:04.259 D/cellularState[0]( 2614): handleMessage: X
01-22 22:57:04.260 W/ContextImpl( 1748): Calling a method in the system process without a qualified user: android.app.ContextImpl.sendBroadcastMultiplePermissions:1238 com.android.server.TelephonyRegistry.broadcastServiceStateChanged:3149 com.android.server.TelephonyRegistry.notifyServiceStateForPhoneId:1665 com.android.internal.telephony.ITelephonyRegistry$Stub.onTransact:492 android.os.Binder.execTransactInternal:1331 
01-22 22:57:04.260 I/OplusWifiSarManager( 1748): Received service state changed nrstate=0
01-22 22:57:04.261 W/ContextImpl( 1748): Calling a method in the system process without a qualified user: android.app.ContextImpl.sendBroadcastMultiplePermissions:1288 android.content.Context.sendBroadcastMultiplePermissions:2281 com.android.server.TelephonyRegistry.broadcastServiceStateChanged:3153 com.android.server.TelephonyRegistry.notifyServiceStateForPhoneId:1665 com.android.internal.telephony.ITelephonyRegistry$Stub.onTransact:492 
01-22 22:57:04.261 W/BroadcastQueue( 1748): Permission Denial: receiving Intent { act=android.intent.action.SERVICE_STATE flg=0x1000010 (has extras) } to ProcessRecord{b3a2deb 2225:com.android.systemui/u0a105} (pid=2225, uid=10105) requires android.permission.ACCESS_FINE_LOCATION due to sender android (uid 1001)
01-22 22:57:04.263 W/BroadcastQueue( 1748): Permission Denial: receiving Intent { act=android.intent.action.SERVICE_STATE flg=0x1000010 (has extras) } to com.google.android.cellbroadcastreceiver/com.android.cellbroadcastreceiver.CellBroadcastReceiver requires android.permission.READ_PHONE_STATE due to sender android (uid 1001)
01-22 22:57:04.264 W/BroadcastQueue( 1748): Permission Denial: receiving Intent { act=android.intent.action.SERVICE_STATE flg=0x1000010 (has extras) } to ProcessRecord{b3a2deb 2225:com.android.systemui/u0a105} (pid=2225, uid=10105) requires android.permission.ACCESS_FINE_LOCATION due to sender android (uid 1001)
01-22 22:57:04.264 W/ContextImpl( 1748): Calling a method in the system process without a qualified user: android.app.ContextImpl.sendBroadcastMultiplePermissions:1288 android.content.Context.sendBroadcastMultiplePermissions:2281 com.android.server.TelephonyRegistry.broadcastServiceStateChanged:3160 com.android.server.TelephonyRegistry.notifyServiceStateForPhoneId:1665 com.android.internal.telephony.ITelephonyRegistry$Stub.onTransact:492 
01-22 22:57:04.264 W/BroadcastQueue( 1748): Appop Denial: receiving Intent { act=android.intent.action.SERVICE_STATE flg=0x1000010 (has extras) } to ProcessRecord{8e991c2 1748:system/1000} (pid=1748, uid=1000) excludes appop android:read_phone_state due to sender android (uid 1001)
01-22 22:57:04.264 W/BroadcastQueue( 1748): Appop Denial: receiving Intent { act=android.intent.action.SERVICE_STATE flg=0x1000010 (has extras) } to ProcessRecord{68c6ecd 2568:com.android.phone/1001} (pid=2568, uid=1001) excludes appop android:read_phone_state due to sender android (uid 1001)
01-22 22:57:04.265 W/BroadcastQueue( 1748): Permission Denial: receiving Intent { act=android.intent.action.SERVICE_STATE flg=0x1000010 (has extras) } to com.google.android.cellbroadcastreceiver/com.android.cellbroadcastreceiver.CellBroadcastReceiver requires android.permission.ACCESS_FINE_LOCATION due to sender android (uid 1001)
01-22 22:57:04.266 W/ContextImpl( 1748): Calling a method in the system process without a qualified user: android.app.ContextImpl.sendBroadcastMultiplePermissions:1288 android.content.Context.sendBroadcastMultiplePermissions:2281 com.android.server.TelephonyRegistry.broadcastServiceStateChanged:3164 com.android.server.TelephonyRegistry.notifyServiceStateForPhoneId:1665 com.android.internal.telephony.ITelephonyRegistry$Stub.onTransact:492 
01-22 22:57:04.268 W/BroadcastQueue( 1748): Appop Denial: receiving Intent { act=android.intent.action.SERVICE_STATE flg=0x1000010 (has extras) } to ProcessRecord{8e991c2 1748:system/1000} (pid=1748, uid=1000) excludes appop android:fine_location due to sender android (uid 1001)
01-22 22:57:04.268 W/BroadcastQueue( 1748): Appop Denial: receiving Intent { act=android.intent.action.SERVICE_STATE flg=0x1000010 (has extras) } to ProcessRecord{68c6ecd 2568:com.android.phone/1001} (pid=2568, uid=1001) excludes appop android:fine_location due to sender android (uid 1001)
01-22 22:57:04.269 W/BroadcastQueue( 1748): Appop Denial: receiving Intent { act=android.intent.action.SERVICE_STATE flg=0x1000010 (has extras) } to ProcessRecord{b3a2deb 2225:com.android.systemui/u0a105} (pid=2225, uid=10105) excludes appop android:read_phone_state due to sender android (uid 1001)
01-22 22:57:04.269 W/BroadcastQueue( 1748): Appop Denial: receiving Intent { act=android.intent.action.SERVICE_STATE flg=0x1000010 (has extras) } to ProcessRecord{8e991c2 1748:system/1000} (pid=1748, uid=1000) excludes appop android:read_phone_state due to sender android (uid 1001)
01-22 22:57:04.269 W/BroadcastQueue( 1748): Appop Denial: receiving Intent { act=android.intent.action.SERVICE_STATE flg=0x1000010 (has extras) } to ProcessRecord{68c6ecd 2568:com.android.phone/1001} (pid=2568, uid=1001) excludes appop android:read_phone_state due to sender android (uid 1001)
01-22 22:57:04.269 W/BroadcastQueue( 1748): Permission Denial: receiving Intent { act=android.intent.action.SERVICE_STATE flg=0x1000010 (has extras) } to com.google.android.cellbroadcastreceiver/com.android.cellbroadcastreceiver.CellBroadcastReceiver requires android.permission.READ_PHONE_STATE due to sender android (uid 1001)
01-22 22:57:04.269 D/ServiceStateProvider( 2568): subId=7
01-22 22:57:04.276 D/CellBroadcastReceiver(13857): onReceive Intent { act=android.intent.action.SERVICE_STATE flg=0x1000010 cmp=com.google.android.cellbroadcastreceiver/com.android.cellbroadcastreceiver.CellBroadcastReceiver (has extras) }
01-22 22:57:04.277 D/CellBroadcastReceiver(13857): onServiceStateChanged, ss: 1
01-22 22:57:04.277 D/CellBroadcastReceiver(13857): networkOperator: 
01-22 22:57:04.277 D/CellBroadcastReceiver(13857): networkOperator on emergency mode: 404 for the country code: in
01-22 22:57:04.277 D/CellBroadcastReceiver(13857): roamingNetworks: [XXX]
01-22 22:57:04.278 D/CellBroadcastReceiver(13857): mockmodem is running? = false
01-22 22:57:04.278 D/OplusActivityManager( 7887): get AMS extension: android.os.BinderProxy@af936a9
01-22 22:57:04.278 D/CellBroadcastReceiver(13857): isCurrentUser: true
01-22 22:57:04.278 D/CellBroadcastReceiver(13857): Start Cell Broadcast configuration for intent=ACTION_ENABLE_CHANNELS
01-22 22:57:04.285 D/KeyguardUpdateMonitor( 2225): slot id:0 subId:7
01-22 22:57:04.286 D/KeyguardUpdateMonitor( 2225): is emergency: true
01-22 22:57:04.286 D/KeyguardUpdateMonitor( 2225): voice state: 1
01-22 22:57:04.286 D/Telephony( 2568): onServiceStateChanged  newState = 1 mServiceState = 1
01-22 22:57:04.286 D/KeyguardUpdateMonitor( 2225): slot id:1 subId:6
01-22 22:57:04.286 D/KeyguardUpdateMonitor( 2225): is emergency: false
01-22 22:57:04.286 D/KeyguardUpdateMonitor( 2225): voice state: 0
01-22 22:57:04.286 D/KeyguardUpdateMonitor( 2225): is Emergency supported: false
01-22 22:57:04.287 D/PhoneInterfaceManager( 2568): isRttSupported: carrier: false, device: true, mtk: false
01-22 22:57:04.288 D/KeyguardUpdateMonitor( 2225): slot id:0 subId:7
01-22 22:57:04.288 D/KeyguardUpdateMonitor( 2225): is emergency: true
01-22 22:57:04.288 D/KeyguardUpdateMonitor( 2225): voice state: 1
01-22 22:57:04.288 D/KeyguardUpdateMonitor( 2225): slot id:1 subId:6
01-22 22:57:04.288 D/KeyguardUpdateMonitor( 2225): is emergency: false
01-22 22:57:04.288 D/KeyguardUpdateMonitor( 2225): voice state: 0
01-22 22:57:04.288 D/KeyguardUpdateMonitor( 2225): is Emergency supported: false
01-22 22:57:04.289 I/Telephony( 2568): isRttCurrentlySupported -- regular acct, hasVoiceAvailability: false
01-22 22:57:04.289 I/Telephony( 2568):  isRttSupported: false
01-22 22:57:04.289 I/Telephony( 2568):  isUserRttSettingOn: false
01-22 22:57:04.289 I/Telephony( 2568):  alwaysAllowWhileRoaming: false
01-22 22:57:04.289 I/Telephony( 2568):  isRoaming: false
01-22 22:57:04.289 I/Telephony( 2568):  isOnWfc: false
01-22 22:57:04.290 D/CellBroadcastReceiver(13857): update supported roaming operator as 404
01-22 22:57:04.290 D/PhoneInterfaceManager( 2568): isRttSupported: carrier: false, device: true, mtk: false
01-22 22:57:04.290 D/SimStateHelper( 2225): slot:0, lock state:Bundle[mParcelledData.dataSize=56]
01-22 22:57:04.291 D/SimStateHelper( 2225): slot:1, lock state:Bundle[mParcelledData.dataSize=56]
01-22 22:57:04.291 D/SimStateHelper( 2225): needDisableMenu: slot1State=0; slot2State=0
01-22 22:57:04.291 D/SimStateHelper( 2225): needDisableMenu:false
01-22 22:57:04.291 I/Telephony( 2568): isRttCurrentlySupported -- regular acct, hasVoiceAvailability: true
01-22 22:57:04.291 I/Telephony( 2568):  isRttSupported: false
01-22 22:57:04.291 I/Telephony( 2568):  isUserRttSettingOn: false
01-22 22:57:04.291 I/Telephony( 2568):  alwaysAllowWhileRoaming: false
01-22 22:57:04.291 I/Telephony( 2568):  isRoaming: false
01-22 22:57:04.291 I/Telephony( 2568):  isOnWfc: true
01-22 22:57:04.293 D/PhoneGlobals( 2568): SimSettingReceiver.onReceive, action=android.intent.action.SERVICE_STATE
01-22 22:57:04.296 E/FilePhenotypeFlags( 6770): Config package com.google.android.gms.clearcut_client#in.cricketexchange.app.cricketexchange cannot use FILE backing without declarative registration. See go/phenotype-android-integration#phenotype for more information. This will lead to stale flags.
01-22 22:57:04.298 E/FilePhenotypeFlags( 6770): Config package com.google.android.gms.clearcut_client#in.cricketexchange.app.cricketexchange cannot use FILE backing without declarative registration. See go/phenotype-android-integration#phenotype for more information. This will lead to stale flags.
01-22 22:57:04.300 D/CellBroadcastConfigService(13857): Enable CellBroadcast on sub 7
01-22 22:57:04.310 D/PhoneInterfaceManager( 2568): [PhoneIntfMgr] QueryTelephonyChecker-getDataNetworkTypeForSubscriber: packageName = com.android.phone, isGrant = true
01-22 22:57:04.364 V/bt_stack( 3256): [VERBOSE1:btm_ble_gap.cc(2613)] btm_ble_process_adv_addr: bda=66:**:**:**:f0:b6 addr_type=1
01-22 22:57:04.365 I/bt_btm  ( 3256): LogMsg: btm_ble_process_adv_pkt: pkt_data_len: 25
01-22 22:57:04.365 V/bt_stack( 3256): [VERBOSE1:btm_ble_gap.cc(2613)] btm_ble_process_adv_addr: bda=66:**:**:**:f0:b6 addr_type=1
01-22 22:57:04.365 I/bt_btm  ( 3256): LogMsg: btm_ble_process_adv_pkt: pkt_data_len: 0
01-22 22:57:04.365 I/bt_btif ( 3256): LogMsg: bta_dm_observe_results_cb
01-22 22:57:04.365 I/bt_btif ( 3256): LogMsg: btif_ble_scanner_update_COD 66:a6:c0:ec:f0:b6 cod is 0x000000
01-22 22:57:04.365 I/bt_btif ( 3256): LogMsg: btif_ble_scanner_update_COD cod in config 0x001f00, status=0
01-22 22:57:04.365 I/bt_btif ( 3256): LogMsg: btif_ble_scanner_update_COD invalid cod 0x0, use cod 0x1f00 in config
01-22 22:57:04.366 I/bt_btif ( 3256): LogMsg: bta_scan_results_cb_impl : type 0 channel 0
01-22 22:57:04.366 I/bt_btif ( 3256): LogMsg: bta_scan_results_cb_impl: HAL bt_gatt_callbacks->scanner->scan_result_cb
01-22 22:57:04.366 D/BtGatt.GattService( 3256): onScanResult() - eventType=0x1b, addressType=1, address=66:A6:C0:EC:F0:B6, primaryPhy=1, secondaryPhy=0, advertisingSid=0xff, txPower=127, rssi=-83, periodicAdvInt=0x0, originalAddress=66:A6:C0:EC:F0:B6, type=0, channel=0
01-22 22:57:04.369 I/NearbyDiscovery(22573): (REDACTED) BloomFilterAdvManager: Detected bloom filter but too far away, ignoring. %sm, %s
01-22 22:57:04.369 I/NearbyDiscovery(20067): (REDACTED) BloomFilterAdvManager: Detected bloom filter but too far away, ignoring. %sm, %s
01-22 22:57:04.499 D/ccci_mdinit(  970): (1):monitor_time_update_thread round:8325 ########
01-22 22:57:04.575 D/CellBroadcastReceiver(13857): mockmodem is running? = false
01-22 22:57:04.575 D/CellBroadcastConfigService(13857): Enable CellBroadcast on sub 6
01-22 22:57:04.653 I/keystore2(  628): keystore2::watchdog: Watchdog thread idle -> terminating. Have a great day.
01-22 22:57:04.757 I/PlayCommon(26668): [26890] Preparing logs for uploading
01-22 22:57:04.760 W/PlayCommon(26668): [26890] No account for auth token provided
01-22 22:57:04.761 I/PlayCommon(26668): [26890] Connecting to server: https://play.googleapis.com/play/log?format=raw&proto_v2=true
01-22 22:57:04.767 D/NetworkEvent( 2614): OplusNetworkEventCbProxy invoke.....onDnsEvent argslen:8
01-22 22:57:04.902 D/CellBroadcastReceiver(13857): mockmodem is running? = false
01-22 22:57:04.915 I/ActivityManager( 1748): Killing 5516:com.oplus.safecenter/1000 (adj 999): empty #21
01-22 22:57:04.920 I/libprocessgroup( 1748): Successfully killed process cgroup uid 1000 pid 5516 in 2ms
01-22 22:57:04.953 I/Zygote  (  819): Process 5516 exited due to signal 9 (Killed)
01-22 22:57:04.967 D/BoundBrokerSvc(24720): onUnbind: Intent { act=com.google.android.gms.ads.identifier.service.EVENT_ATTESTATION dat=chimera-action:/... cmp=com.google.android.gms/.chimera.GmsBoundBrokerService }
01-22 22:57:04.972 D/OplusUIFirst_FB( 1748): com.oplus.safecenter remove pid: 5516
01-22 22:57:04.972 I/mtkpower_client( 1748): [Legacy][PowerHal_Wrap_notifyAppState] com.oplus.safecenter/com.oplus.safecenter pid=5516 state:3
01-22 22:57:04.973 I/game_scn( 1748): collectForegroundAppList packName=com.oplus.safecenter, actName=com.oplus.safecenter, pid=5516, uid=1000, state:DEAD
01-22 22:57:04.973 V/DeepThinker( 5470): ProcessManager: onProcessDied pid:5516, uid:1000
01-22 22:57:04.973 D/RilUtility(  859): notify_rild_crash_pid_set certPid:-1, crash:5516, scn:0x0
01-22 22:57:05.006 V/bt_stack( 3256): [VERBOSE1:btm_ble_gap.cc(2613)] btm_ble_process_adv_addr: bda=66:**:**:**:f0:b6 addr_type=1
01-22 22:57:05.006 I/bt_btm  ( 3256): LogMsg: btm_ble_process_adv_pkt: pkt_data_len: 25
01-22 22:57:05.007 V/bt_stack( 3256): [VERBOSE1:btm_ble_gap.cc(2613)] btm_ble_process_adv_addr: bda=66:**:**:**:f0:b6 addr_type=1
01-22 22:57:05.007 I/bt_btm  ( 3256): LogMsg: btm_ble_process_adv_pkt: pkt_data_len: 0
01-22 22:57:05.007 I/bt_btif ( 3256): LogMsg: bta_dm_observe_results_cb
01-22 22:57:05.007 I/bt_btif ( 3256): LogMsg: btif_ble_scanner_update_COD 66:a6:c0:ec:f0:b6 cod is 0x000000
01-22 22:57:05.007 I/bt_btif ( 3256): LogMsg: btif_ble_scanner_update_COD cod in config 0x001f00, status=0
01-22 22:57:05.007 I/bt_btif ( 3256): LogMsg: btif_ble_scanner_update_COD invalid cod 0x0, use cod 0x1f00 in config
01-22 22:57:05.007 I/bt_btif ( 3256): LogMsg: bta_scan_results_cb_impl : type 0 channel 0
01-22 22:57:05.007 I/bt_btif ( 3256): LogMsg: bta_scan_results_cb_impl: HAL bt_gatt_callbacks->scanner->scan_result_cb
01-22 22:57:05.008 D/BtGatt.GattService( 3256): onScanResult() - eventType=0x1b, addressType=1, address=66:A6:C0:EC:F0:B6, primaryPhy=1, secondaryPhy=0, advertisingSid=0xff, txPower=127, rssi=-82, periodicAdvInt=0x0, originalAddress=66:A6:C0:EC:F0:B6, type=0, channel=0
01-22 22:57:05.012 I/NearbyDiscovery(20067): (REDACTED) BloomFilterAdvManager: Detected bloom filter but too far away, ignoring. %sm, %s
01-22 22:57:05.013 I/NearbyDiscovery(22573): (REDACTED) BloomFilterAdvManager: Detected bloom filter but too far away, ignoring. %sm, %s
01-22 22:57:05.035 I/PlayCommon(26668): [26890] Successfully uploaded logs.
01-22 22:57:05.061 D/AtCmdParser( 2614): parserAtcmdUrc can not find parser for +CSCON
01-22 22:57:05.465 D/ScreenStatusProducer(25296): Current queue status: isIdle = true, isPolling = true
01-22 22:57:05.686 D/AALLightSensor( 1193): oldLux=4 [SA:4 LA:3] newLux=4 (oriLux: 4)
01-22 22:57:05.806 V/bt_stack( 3256): [VERBOSE1:btm_ble_gap.cc(2613)] btm_ble_process_adv_addr: bda=66:**:**:**:f0:b6 addr_type=1
01-22 22:57:05.806 I/bt_btm  ( 3256): LogMsg: btm_ble_process_adv_pkt: pkt_data_len: 25
01-22 22:57:05.806 V/bt_stack( 3256): [VERBOSE1:btm_ble_gap.cc(2613)] btm_ble_process_adv_addr: bda=66:**:**:**:f0:b6 addr_type=1
01-22 22:57:05.806 I/bt_btm  ( 3256): LogMsg: btm_ble_process_adv_pkt: pkt_data_len: 0
01-22 22:57:05.806 I/bt_btif ( 3256): LogMsg: bta_dm_observe_results_cb
01-22 22:57:05.806 I/bt_btif ( 3256): LogMsg: btif_ble_scanner_update_COD 66:a6:c0:ec:f0:b6 cod is 0x000000
01-22 22:57:05.806 I/bt_btif ( 3256): LogMsg: btif_ble_scanner_update_COD cod in config 0x001f00, status=0
01-22 22:57:05.806 I/bt_btif ( 3256): LogMsg: btif_ble_scanner_update_COD invalid cod 0x0, use cod 0x1f00 in config
01-22 22:57:05.807 I/bt_btif ( 3256): LogMsg: bta_scan_results_cb_impl : type 0 channel 0
01-22 22:57:05.807 I/bt_btif ( 3256): LogMsg: bta_scan_results_cb_impl: HAL bt_gatt_callbacks->scanner->scan_result_cb
01-22 22:57:05.807 D/BtGatt.GattService( 3256): onScanResult() - eventType=0x1b, addressType=1, address=66:A6:C0:EC:F0:B6, primaryPhy=1, secondaryPhy=0, advertisingSid=0xff, txPower=127, rssi=-76, periodicAdvInt=0x0, originalAddress=66:A6:C0:EC:F0:B6, type=0, channel=0
01-22 22:57:05.812 I/NearbyDiscovery(22573): (REDACTED) BloomFilterAdvManager: Detected bloom filter but too far away, ignoring. %sm, %s
01-22 22:57:05.815 I/NearbyDiscovery(20067): (REDACTED) BloomFilterAdvManager: Detected bloom filter but too far away, ignoring. %sm, %s
01-22 22:57:06.488 E/horae   ( 3350): 0: back:34027,frame:33073,front:34704, 5, +(1296), 1 ,36000,34850,36000,36200
01-22 22:57:06.507 D/ScreenStatusProducer(25296): Current queue status: isIdle = true, isPolling = true
01-22 22:57:06.830 I/OplusHansManager ( 1748): uid=10186, pkg=in.cricketexchange.app.cricketexchange can transition from R to M
01-22 22:57:06.830 I/OplusHansManager ( 1748): uid=10186, pkg=in.cricketexchange.app.cricketexchange M enter(), R stay=20
01-22 22:57:06.918 I/thermal_repeater( 1170): [recvMdThermalInfo] ret=29, strLen=127,  1, 32767,,, 197, 32767, 9462
01-22 22:57:07.206 D/BoundBrokerSvc(20067): onUnbind: Intent { act=com.google.android.gms.time.trustedtime.singleuserapi.service.START dat=chimera-action:/... cmp=com.google.android.gms/.chimera.PersistentSingleUserInternalApiService }
01-22 22:57:07.233 D/BoundBrokerSvc(20067): onUnbind: Intent { act=com.google.android.gms.time.trustedtime.service.START dat=chimera-action:/... cmp=com.google.android.gms/.chimera.PersistentApiService }
01-22 22:57:07.250 V/bt_stack( 3256): [VERBOSE1:btm_ble_gap.cc(2613)] btm_ble_process_adv_addr: bda=66:**:**:**:f0:b6 addr_type=1
01-22 22:57:07.250 I/bt_btm  ( 3256): LogMsg: btm_ble_process_adv_pkt: pkt_data_len: 25
01-22 22:57:07.250 V/bt_stack( 3256): [VERBOSE1:btm_ble_gap.cc(2613)] btm_ble_process_adv_addr: bda=66:**:**:**:f0:b6 addr_type=1
01-22 22:57:07.250 I/bt_btm  ( 3256): LogMsg: btm_ble_process_adv_pkt: pkt_data_len: 0
01-22 22:57:07.250 I/bt_btif ( 3256): LogMsg: bta_dm_observe_results_cb
01-22 22:57:07.250 I/bt_btif ( 3256): LogMsg: btif_ble_scanner_update_COD 66:a6:c0:ec:f0:b6 cod is 0x000000
01-22 22:57:07.251 I/bt_btif ( 3256): LogMsg: btif_ble_scanner_update_COD cod in config 0x001f00, status=0
01-22 22:57:07.251 I/bt_btif ( 3256): LogMsg: btif_ble_scanner_update_COD invalid cod 0x0, use cod 0x1f00 in config
01-22 22:57:07.251 I/bt_btif ( 3256): LogMsg: bta_scan_results_cb_impl : type 0 channel 0
01-22 22:57:07.251 I/bt_btif ( 3256): LogMsg: bta_scan_results_cb_impl: HAL bt_gatt_callbacks->scanner->scan_result_cb
01-22 22:57:07.251 D/BtGatt.GattService( 3256): onScanResult() - eventType=0x1b, addressType=1, address=66:A6:C0:EC:F0:B6, primaryPhy=1, secondaryPhy=0, advertisingSid=0xff, txPower=127, rssi=-83, periodicAdvInt=0x0, originalAddress=66:A6:C0:EC:F0:B6, type=0, channel=0
01-22 22:57:07.255 I/NearbyDiscovery(20067): (REDACTED) BloomFilterAdvManager: Detected bloom filter but too far away, ignoring. %sm, %s
01-22 22:57:07.256 I/NearbyDiscovery(22573): (REDACTED) BloomFilterAdvManager: Detected bloom filter but too far away, ignoring. %sm, %s
01-22 22:57:07.893 V/bt_stack( 3256): [VERBOSE1:btm_ble_gap.cc(2613)] btm_ble_process_adv_addr: bda=66:**:**:**:f0:b6 addr_type=1
01-22 22:57:07.893 I/bt_btm  ( 3256): LogMsg: btm_ble_process_adv_pkt: pkt_data_len: 25
01-22 22:57:07.894 V/bt_stack( 3256): [VERBOSE1:btm_ble_gap.cc(2613)] btm_ble_process_adv_addr: bda=66:**:**:**:f0:b6 addr_type=1
01-22 22:57:07.894 I/bt_btm  ( 3256): LogMsg: btm_ble_process_adv_pkt: pkt_data_len: 0
01-22 22:57:07.894 I/bt_btif ( 3256): LogMsg: bta_dm_observe_results_cb
01-22 22:57:07.894 I/bt_btif ( 3256): LogMsg: btif_ble_scanner_update_COD 66:a6:c0:ec:f0:b6 cod is 0x000000
01-22 22:57:07.894 I/bt_btif ( 3256): LogMsg: btif_ble_scanner_update_COD cod in config 0x001f00, status=0
01-22 22:57:07.894 I/bt_btif ( 3256): LogMsg: btif_ble_scanner_update_COD invalid cod 0x0, use cod 0x1f00 in config
01-22 22:57:07.894 I/bt_btif ( 3256): LogMsg: bta_scan_results_cb_impl : type 0 channel 0
01-22 22:57:07.895 I/bt_btif ( 3256): LogMsg: bta_scan_results_cb_impl: HAL bt_gatt_callbacks->scanner->scan_result_cb
01-22 22:57:07.895 D/BtGatt.GattService( 3256): onScanResult() - eventType=0x1b, addressType=1, address=66:A6:C0:EC:F0:B6, primaryPhy=1, secondaryPhy=0, advertisingSid=0xff, txPower=127, rssi=-76, periodicAdvInt=0x0, originalAddress=66:A6:C0:EC:F0:B6, type=0, channel=0
01-22 22:57:07.899 I/NearbyDiscovery(20067): (REDACTED) BloomFilterAdvManager: Detected bloom filter but too far away, ignoring. %sm, %s
01-22 22:57:07.899 I/NearbyDiscovery(22573): (REDACTED) BloomFilterAdvManager: Detected bloom filter but too far away, ignoring. %sm, %s
01-22 22:57:08.694 V/bt_stack( 3256): [VERBOSE1:btm_ble_gap.cc(2613)] btm_ble_process_adv_addr: bda=66:**:**:**:f0:b6 addr_type=1
01-22 22:57:08.694 I/bt_btm  ( 3256): LogMsg: btm_ble_process_adv_pkt: pkt_data_len: 25
01-22 22:57:08.694 V/bt_stack( 3256): [VERBOSE1:btm_ble_gap.cc(2613)] btm_ble_process_adv_addr: bda=66:**:**:**:f0:b6 addr_type=1
01-22 22:57:08.694 I/bt_btm  ( 3256): LogMsg: btm_ble_process_adv_pkt: pkt_data_len: 0
01-22 22:57:08.694 I/bt_btif ( 3256): LogMsg: bta_dm_observe_results_cb
01-22 22:57:08.694 I/bt_btif ( 3256): LogMsg: btif_ble_scanner_update_COD 66:a6:c0:ec:f0:b6 cod is 0x000000
01-22 22:57:08.694 I/bt_btif ( 3256): LogMsg: btif_ble_scanner_update_COD cod in config 0x001f00, status=0
01-22 22:57:08.694 I/bt_btif ( 3256): LogMsg: btif_ble_scanner_update_COD invalid cod 0x0, use cod 0x1f00 in config
01-22 22:57:08.695 I/bt_btif ( 3256): LogMsg: bta_scan_results_cb_impl : type 0 channel 0
01-22 22:57:08.695 I/bt_btif ( 3256): LogMsg: bta_scan_results_cb_impl: HAL bt_gatt_callbacks->scanner->scan_result_cb
01-22 22:57:08.695 D/BtGatt.GattService( 3256): onScanResult() - eventType=0x1b, addressType=1, address=66:A6:C0:EC:F0:B6, primaryPhy=1, secondaryPhy=0, advertisingSid=0xff, txPower=127, rssi=-84, periodicAdvInt=0x0, originalAddress=66:A6:C0:EC:F0:B6, type=0, channel=0
01-22 22:57:08.700 I/NearbyDiscovery(22573): (REDACTED) BloomFilterAdvManager: Detected bloom filter but too far away, ignoring. %sm, %s
01-22 22:57:08.700 I/NearbyDiscovery(20067): (REDACTED) BloomFilterAdvManager: Detected bloom filter but too far away, ignoring. %sm, %s
01-22 22:57:08.775 D/AES     ( 1748): AEEIOCTL_GET/SET_SF_STATE IOCTL,cmd= 1074294797, lParam=0. 
01-22 22:57:08.775 D/AES     ( 1748): AEEIOCTL_RT_MON_Kick IOCTL,cmd= 2147774474, lParam=300. 
01-22 22:57:09.686 D/AALLightSensor( 1193): oldLux=4 [SA:4 LA:3] newLux=4 (oriLux: 4)
01-22 22:57:10.074 I/OplusHansManager ( 1748): uid=10744, pkg=com.cricbuzz.android can transition from M to F
