02-03 21:17:20.126 D/BiometricService/PreAuthInfo( 1741): getCanAuthenticateInternal Modality: 2 AuthenticatorStatus: 1
02-03 21:17:20.126 D/AuthService( 1741): canAuthenticate, userId: 0, callingUserId: 0, authenticators: 15, result: 0
02-03 21:17:20.127 D/BiometricService( 1741): canAuthenticate: User=0, Caller=0, Authenticators=32768, opPackageName=com.android.vending
02-03 21:17:20.128 D/BiometricService/PreAuthInfo( 1741): getCanAuthenticateInternal Modality: 1 AuthenticatorStatus: 1
02-03 21:17:20.128 D/AuthService( 1741): canAuthenticate, userId: 0, callingUserId: 0, authenticators: 32768, result: 0
02-03 21:17:20.128 D/BiometricService( 1741): canAuthenticate: User=0, Caller=0, Authenticators=15, opPackageName=com.android.vending
02-03 21:17:20.128 D/BiometricService/PreAuthInfo( 1741): Package: com.android.vending Sensor ID: 0 Modality: 2 Status: 1
02-03 21:17:20.129 D/BiometricService/PreAuthInfo( 1741): Package: com.android.vending Sensor ID: 4 Modality: 8 Status: 4
02-03 21:17:20.129 D/BiometricService/PreAuthInfo( 1741): getCanAuthenticateInternal Modality: 2 AuthenticatorStatus: 1
02-03 21:17:20.129 D/AuthService( 1741): canAuthenticate, userId: 0, callingUserId: 0, authenticators: 15, result: 0
02-03 21:17:20.132 D/BiometricService( 1741): canAuthenticate: User=0, Caller=0, Authenticators=15, opPackageName=com.android.vending
02-03 21:17:20.132 D/BiometricService/PreAuthInfo( 1741): Package: com.android.vending Sensor ID: 0 Modality: 2 Status: 1
02-03 21:17:20.133 D/BiometricService/PreAuthInfo( 1741): Package: com.android.vending Sensor ID: 4 Modality: 8 Status: 4
02-03 21:17:20.133 D/BiometricService/PreAuthInfo( 1741): getCanAuthenticateInternal Modality: 2 AuthenticatorStatus: 1
02-03 21:17:20.133 D/AuthService( 1741): canAuthenticate, userId: 0, callingUserId: 0, authenticators: 15, result: 0
02-03 21:17:20.160 E/OplusCustomizeRestrictionManagerService( 1741): isBiometricDisabled start
02-03 21:17:20.160 D/BiometricService( 1741): Sensor ID(4), oemStrength: 255, updatedStrength: 255, modality 8, state: 0, cookie: 0, sensorId 4, hasEnrollments: false cannot participate in Keystore operations
02-03 21:17:20.168 D/BiometricService( 1741): canAuthenticate: User=0, Caller=0, Authenticators=15, opPackageName=com.android.vending
02-03 21:17:20.169 D/BiometricService/PreAuthInfo( 1741): Package: com.android.vending Sensor ID: 0 Modality: 2 Status: 1
02-03 21:17:20.169 D/BiometricService/PreAuthInfo( 1741): Package: com.android.vending Sensor ID: 4 Modality: 8 Status: 4
02-03 21:17:20.169 D/BiometricService/PreAuthInfo( 1741): getCanAuthenticateInternal Modality: 2 AuthenticatorStatus: 1
02-03 21:17:20.169 D/AuthService( 1741): canAuthenticate, userId: 0, callingUserId: 0, authenticators: 15, result: 0
02-03 21:17:20.842 D/CompatibilityChangeReporter( 1741): Compat change id reported: 168419799; UID 10614; state: DISABLED
02-03 21:17:20.919 D/CompatibilityChangeReporter( 1741): Compat change id reported: 194532703; UID 10614; state: ENABLED
02-03 21:17:23.999 D/ProcessCpuTrackerExtImpl( 1741): mContext is already set, return now! 
02-03 21:17:24.008 W/BatteryExternalStatsWorker( 1741): error reading Bluetooth stats: 11
02-03 21:17:29.628 D/ProcessCpuTrackerExtImpl( 1741): mContext is already set, return now! 
02-03 21:17:30.641 I/keystore2(  628): keystore2::watchdog: Watchdog thread idle -> terminating. Have a great day.
02-03 21:17:35.744 D/ProcessCpuTrackerExtImpl( 1741): mContext is already set, return now! 
02-03 21:17:40.890 D/ProcessCpuTrackerExtImpl( 1741): mContext is already set, return now! 
02-03 21:17:44.664 W/ContextImpl( 1741): Calling a method in the system process without a qualified user: android.app.ContextImpl.sendBroadcastMultiplePermissions:1238 com.android.server.TelephonyRegistry.broadcastServiceStateChanged:3149 com.android.server.TelephonyRegistry.notifyServiceStateForPhoneId:1665 com.android.internal.telephony.ITelephonyRegistry$Stub.onTransact:492 android.os.Binder.execTransactInternal:1331 
02-03 21:17:44.667 W/ContextImpl( 1741): Calling a method in the system process without a qualified user: android.app.ContextImpl.sendBroadcastMultiplePermissions:1288 android.content.Context.sendBroadcastMultiplePermissions:2281 com.android.server.TelephonyRegistry.broadcastServiceStateChanged:3153 com.android.server.TelephonyRegistry.notifyServiceStateForPhoneId:1665 com.android.internal.telephony.ITelephonyRegistry$Stub.onTransact:492 
02-03 21:17:44.668 W/BroadcastQueue( 1741): Permission Denial: receiving Intent { act=android.intent.action.SERVICE_STATE flg=0x1000010 (has extras) } to ProcessRecord{d1f4578 2210:com.android.systemui/u0a105} (pid=2210, uid=10105) requires android.permission.ACCESS_FINE_LOCATION due to sender android (uid 1001)
02-03 21:17:44.672 W/BroadcastQueue( 1741): Permission Denial: receiving Intent { act=android.intent.action.SERVICE_STATE flg=0x1000010 (has extras) } to com.google.android.cellbroadcastreceiver/com.android.cellbroadcastreceiver.CellBroadcastReceiver requires android.permission.READ_PHONE_STATE due to sender android (uid 1001)
02-03 21:17:44.675 W/ContextImpl( 1741): Calling a method in the system process without a qualified user: android.app.ContextImpl.sendBroadcastMultiplePermissions:1288 android.content.Context.sendBroadcastMultiplePermissions:2281 com.android.server.TelephonyRegistry.broadcastServiceStateChanged:3160 com.android.server.TelephonyRegistry.notifyServiceStateForPhoneId:1665 com.android.internal.telephony.ITelephonyRegistry$Stub.onTransact:492 
02-03 21:17:44.675 W/BroadcastQueue( 1741): Permission Denial: receiving Intent { act=android.intent.action.SERVICE_STATE flg=0x1000010 (has extras) } to ProcessRecord{d1f4578 2210:com.android.systemui/u0a105} (pid=2210, uid=10105) requires android.permission.ACCESS_FINE_LOCATION due to sender android (uid 1001)
02-03 21:17:44.677 W/BroadcastQueue( 1741): Appop Denial: receiving Intent { act=android.intent.action.SERVICE_STATE flg=0x1000010 (has extras) } to ProcessRecord{e665375 1741:system/1000} (pid=1741, uid=1000) excludes appop android:read_phone_state due to sender android (uid 1001)
02-03 21:17:44.680 W/BroadcastQueue( 1741): Appop Denial: receiving Intent { act=android.intent.action.SERVICE_STATE flg=0x1000010 (has extras) } to ProcessRecord{169bd7f 2506:com.android.phone/1001} (pid=2506, uid=1001) excludes appop android:read_phone_state due to sender android (uid 1001)
02-03 21:17:44.681 W/BroadcastQueue( 1741): Permission Denial: receiving Intent { act=android.intent.action.SERVICE_STATE flg=0x1000010 (has extras) } to com.google.android.cellbroadcastreceiver/com.android.cellbroadcastreceiver.CellBroadcastReceiver requires android.permission.ACCESS_FINE_LOCATION due to sender android (uid 1001)
02-03 21:17:44.684 W/ContextImpl( 1741): Calling a method in the system process without a qualified user: android.app.ContextImpl.sendBroadcastMultiplePermissions:1288 android.content.Context.sendBroadcastMultiplePermissions:2281 com.android.server.TelephonyRegistry.broadcastServiceStateChanged:3164 com.android.server.TelephonyRegistry.notifyServiceStateForPhoneId:1665 com.android.internal.telephony.ITelephonyRegistry$Stub.onTransact:492 
02-03 21:17:44.686 W/BroadcastQueue( 1741): Appop Denial: receiving Intent { act=android.intent.action.SERVICE_STATE flg=0x1000010 (has extras) } to ProcessRecord{e665375 1741:system/1000} (pid=1741, uid=1000) excludes appop android:fine_location due to sender android (uid 1001)
02-03 21:17:44.686 W/BroadcastQueue( 1741): Appop Denial: receiving Intent { act=android.intent.action.SERVICE_STATE flg=0x1000010 (has extras) } to ProcessRecord{169bd7f 2506:com.android.phone/1001} (pid=2506, uid=1001) excludes appop android:fine_location due to sender android (uid 1001)
02-03 21:17:44.690 W/BroadcastQueue( 1741): Permission Denial: receiving Intent { act=android.intent.action.SERVICE_STATE flg=0x1000010 (has extras) } to com.google.android.cellbroadcastreceiver/com.android.cellbroadcastreceiver.CellBroadcastReceiver requires android.permission.READ_PHONE_STATE due to sender android (uid 1001)
02-03 21:17:44.693 W/BroadcastQueue( 1741): Appop Denial: receiving Intent { act=android.intent.action.SERVICE_STATE flg=0x1000010 (has extras) } to ProcessRecord{d1f4578 2210:com.android.systemui/u0a105} (pid=2210, uid=10105) excludes appop android:read_phone_state due to sender android (uid 1001)
02-03 21:17:44.693 W/BroadcastQueue( 1741): Appop Denial: receiving Intent { act=android.intent.action.SERVICE_STATE flg=0x1000010 (has extras) } to ProcessRecord{e665375 1741:system/1000} (pid=1741, uid=1000) excludes appop android:read_phone_state due to sender android (uid 1001)
02-03 21:17:44.694 W/BroadcastQueue( 1741): Appop Denial: receiving Intent { act=android.intent.action.SERVICE_STATE flg=0x1000010 (has extras) } to ProcessRecord{169bd7f 2506:com.android.phone/1001} (pid=2506, uid=1001) excludes appop android:read_phone_state due to sender android (uid 1001)
02-03 21:17:44.785 W/ContextImpl( 1741): Calling a method in the system process without a qualified user: android.app.ContextImpl.sendBroadcastMultiplePermissions:1238 com.android.server.TelephonyRegistry.broadcastServiceStateChanged:3149 com.android.server.TelephonyRegistry.notifyServiceStateForPhoneId:1665 com.android.internal.telephony.ITelephonyRegistry$Stub.onTransact:492 android.os.Binder.execTransactInternal:1331 
02-03 21:17:44.787 W/ContextImpl( 1741): Calling a method in the system process without a qualified user: android.app.ContextImpl.sendBroadcastMultiplePermissions:1288 android.content.Context.sendBroadcastMultiplePermissions:2281 com.android.server.TelephonyRegistry.broadcastServiceStateChanged:3153 com.android.server.TelephonyRegistry.notifyServiceStateForPhoneId:1665 com.android.internal.telephony.ITelephonyRegistry$Stub.onTransact:492 
02-03 21:17:44.787 W/BroadcastQueue( 1741): Permission Denial: receiving Intent { act=android.intent.action.SERVICE_STATE flg=0x1000010 (has extras) } to ProcessRecord{d1f4578 2210:com.android.systemui/u0a105} (pid=2210, uid=10105) requires android.permission.ACCESS_FINE_LOCATION due to sender android (uid 1001)
02-03 21:17:44.788 W/BroadcastQueue( 1741): Permission Denial: receiving Intent { act=android.intent.action.SERVICE_STATE flg=0x1000010 (has extras) } to com.google.android.cellbroadcastreceiver/com.android.cellbroadcastreceiver.CellBroadcastReceiver requires android.permission.READ_PHONE_STATE due to sender android (uid 1001)
02-03 21:17:44.789 W/BroadcastQueue( 1741): Permission Denial: receiving Intent { act=android.intent.action.SERVICE_STATE flg=0x1000010 (has extras) } to ProcessRecord{d1f4578 2210:com.android.systemui/u0a105} (pid=2210, uid=10105) requires android.permission.ACCESS_FINE_LOCATION due to sender android (uid 1001)
02-03 21:17:44.790 W/BroadcastQueue( 1741): Appop Denial: receiving Intent { act=android.intent.action.SERVICE_STATE flg=0x1000010 (has extras) } to ProcessRecord{e665375 1741:system/1000} (pid=1741, uid=1000) excludes appop android:read_phone_state due to sender android (uid 1001)
02-03 21:17:44.790 W/ContextImpl( 1741): Calling a method in the system process without a qualified user: android.app.ContextImpl.sendBroadcastMultiplePermissions:1288 android.content.Context.sendBroadcastMultiplePermissions:2281 com.android.server.TelephonyRegistry.broadcastServiceStateChanged:3160 com.android.server.TelephonyRegistry.notifyServiceStateForPhoneId:1665 com.android.internal.telephony.ITelephonyRegistry$Stub.onTransact:492 
02-03 21:17:44.790 W/BroadcastQueue( 1741): Appop Denial: receiving Intent { act=android.intent.action.SERVICE_STATE flg=0x1000010 (has extras) } to ProcessRecord{169bd7f 2506:com.android.phone/1001} (pid=2506, uid=1001) excludes appop android:read_phone_state due to sender android (uid 1001)
02-03 21:17:44.790 W/BroadcastQueue( 1741): Permission Denial: receiving Intent { act=android.intent.action.SERVICE_STATE flg=0x1000010 (has extras) } to com.google.android.cellbroadcastreceiver/com.android.cellbroadcastreceiver.CellBroadcastReceiver requires android.permission.ACCESS_FINE_LOCATION due to sender android (uid 1001)
02-03 21:17:44.792 W/ContextImpl( 1741): Calling a method in the system process without a qualified user: android.app.ContextImpl.sendBroadcastMultiplePermissions:1288 android.content.Context.sendBroadcastMultiplePermissions:2281 com.android.server.TelephonyRegistry.broadcastServiceStateChanged:3164 com.android.server.TelephonyRegistry.notifyServiceStateForPhoneId:1665 com.android.internal.telephony.ITelephonyRegistry$Stub.onTransact:492 
02-03 21:17:44.793 W/BroadcastQueue( 1741): Appop Denial: receiving Intent { act=android.intent.action.SERVICE_STATE flg=0x1000010 (has extras) } to ProcessRecord{e665375 1741:system/1000} (pid=1741, uid=1000) excludes appop android:fine_location due to sender android (uid 1001)
02-03 21:17:44.793 W/BroadcastQueue( 1741): Appop Denial: receiving Intent { act=android.intent.action.SERVICE_STATE flg=0x1000010 (has extras) } to ProcessRecord{169bd7f 2506:com.android.phone/1001} (pid=2506, uid=1001) excludes appop android:fine_location due to sender android (uid 1001)
02-03 21:17:44.793 W/BroadcastQueue( 1741): Permission Denial: receiving Intent { act=android.intent.action.SERVICE_STATE flg=0x1000010 (has extras) } to com.google.android.cellbroadcastreceiver/com.android.cellbroadcastreceiver.CellBroadcastReceiver requires android.permission.READ_PHONE_STATE due to sender android (uid 1001)
02-03 21:17:44.794 W/BroadcastQueue( 1741): Appop Denial: receiving Intent { act=android.intent.action.SERVICE_STATE flg=0x1000010 (has extras) } to ProcessRecord{d1f4578 2210:com.android.systemui/u0a105} (pid=2210, uid=10105) excludes appop android:read_phone_state due to sender android (uid 1001)
02-03 21:17:44.794 W/BroadcastQueue( 1741): Appop Denial: receiving Intent { act=android.intent.action.SERVICE_STATE flg=0x1000010 (has extras) } to ProcessRecord{e665375 1741:system/1000} (pid=1741, uid=1000) excludes appop android:read_phone_state due to sender android (uid 1001)
02-03 21:17:44.795 W/BroadcastQueue( 1741): Appop Denial: receiving Intent { act=android.intent.action.SERVICE_STATE flg=0x1000010 (has extras) } to ProcessRecord{169bd7f 2506:com.android.phone/1001} (pid=2506, uid=1001) excludes appop android:read_phone_state due to sender android (uid 1001)
02-03 21:17:50.002 D/UsageStatsService( 1741): User[0] type=0 b=1770133549805 e=1770133670000 cb=1770102026338 ce=1770133660824 disk=0 all=16
02-03 21:17:51.083 D/UsageStatsService( 1741): User[999] type=0 b=1770130825711 e=1770133671083 cb=1770111406734 ce=1770133085583 disk=0 all=1
02-03 21:17:53.703 E/AppOps  ( 1741): attributionTag  not declared in manifest of com.oplus.exsystemservice
02-03 21:17:53.707 E/AppOps  ( 1741): attributionTag  not declared in manifest of com.oplus.exsystemservice
02-03 21:17:58.945 D/PowerManagerService( 1741): userActivityNoUpdateLocked: groupId=0, eventTime=102636257, event=2, flags=0x0, uid=1000
02-03 21:17:59.029 D/PowerManagerService( 1741): userActivityNoUpdateLocked: groupId=0, eventTime=102636357, event=2, flags=0x0, uid=1000
02-03 21:17:59.085 I/Quality ( 2561): Skipped: false 1 cost 16.674353 refreshRate 16546988 bit true processName com.android.launcher
02-03 21:17:59.140 D/PowerManagerService( 1741): userActivityNoUpdateLocked: groupId=0, eventTime=102636467, event=2, flags=0x0, uid=1000
02-03 21:17:59.151 I/Quality ( 2561): Skipped: false 2 cost 33.50258 refreshRate 16546781 bit true processName com.android.launcher
02-03 21:17:59.332 D/PowerManagerService( 1741): userActivityNoUpdateLocked: groupId=0, eventTime=102636658, event=2, flags=0x0, uid=1000
02-03 21:17:59.435 D/PowerManagerService( 1741): userActivityNoUpdateLocked: groupId=0, eventTime=102636762, event=2, flags=0x0, uid=1000
02-03 21:17:59.537 D/PowerManagerService( 1741): userActivityNoUpdateLocked: groupId=0, eventTime=102636864, event=2, flags=0x0, uid=1000
02-03 21:17:59.639 D/PowerManagerService( 1741): userActivityNoUpdateLocked: groupId=0, eventTime=102636966, event=2, flags=0x0, uid=1000
02-03 21:17:59.741 D/PowerManagerService( 1741): userActivityNoUpdateLocked: groupId=0, eventTime=102637068, event=2, flags=0x0, uid=1000
02-03 21:17:59.843 D/PowerManagerService( 1741): userActivityNoUpdateLocked: groupId=0, eventTime=102637170, event=2, flags=0x0, uid=1000
02-03 21:17:59.946 D/PowerManagerService( 1741): userActivityNoUpdateLocked: groupId=0, eventTime=102637273, event=2, flags=0x0, uid=1000
02-03 21:18:00.017 E/OplusCustomizeRestrictionManagerService( 1741): isBiometricDisabled start
02-03 21:18:00.019 E/OplusCustomizeRestrictionManagerService( 1741): isBiometricDisabled start
02-03 21:18:00.052 D/ProcessCpuTrackerExtImpl( 1741): mContext is already set, return now! 
02-03 21:18:00.063 D/PowerManagerService( 1741): userActivityNoUpdateLocked: groupId=0, eventTime=102637390, event=2, flags=0x0, uid=1000
02-03 21:18:00.166 D/PowerManagerService( 1741): userActivityNoUpdateLocked: groupId=0, eventTime=102637493, event=2, flags=0x0, uid=1000
02-03 21:18:00.275 D/PowerManagerService( 1741): userActivityNoUpdateLocked: groupId=0, eventTime=102637602, event=2, flags=0x0, uid=1000
02-03 21:18:00.392 D/PowerManagerService( 1741): userActivityNoUpdateLocked: groupId=0, eventTime=102637720, event=2, flags=0x0, uid=1000
02-03 21:18:00.494 D/PowerManagerService( 1741): userActivityNoUpdateLocked: groupId=0, eventTime=102637822, event=2, flags=0x0, uid=1000
02-03 21:18:00.597 D/PowerManagerService( 1741): userActivityNoUpdateLocked: groupId=0, eventTime=102637924, event=2, flags=0x0, uid=1000
02-03 21:18:01.368 D/PowerManagerService( 1741): userActivityNoUpdateLocked: groupId=0, eventTime=102638692, event=2, flags=0x0, uid=1000
02-03 21:18:01.424 I/ActivityTaskManager( 1741): START u0 {act=android.intent.action.MAIN cat=[android.intent.category.LAUNCHER] flg=0x10200000 cmp=com.cricbuzz.android/.lithium.app.view.activity.NyitoActivity bnds=[850,776][1056,1078] mCallingUid=10106} from uid 10106
02-03 21:18:01.425 D/MultiApp.CMAService( 1741): changeIntentIfNeed --- from launcher
02-03 21:18:01.428 V/OplusZoomWindowManagerService( 1741): windowMode: 0 ,stack: Task{b16009c #1523 type=standard A=10744:com.cricbuzz.android U=0 visible=false visibleRequested=false mode=fullscreen translucent=true sz=3}
02-03 21:18:01.430 D/ActivityTaskManager( 1741): onWindowFocusChanged Task{b16009c #1523 type=standard A=10744:com.cricbuzz.android U=0 visible=true visibleRequested=false mode=fullscreen translucent=true sz=3} would transfer to compact
02-03 21:18:01.431 V/WindowManager( 1741): Changing focus from Window{43ad301 u0 com.android.launcher/com.android.launcher.Launcher} to null,diplayid=0
02-03 21:18:01.433 D/ActivityTaskManager( 1741): getStartingWindowType: newTask=false, taskSwitch=true, processRunning=true, allowTaskSnapshot=true, activityCreated=true, snapshot=TaskSnapshot{ mId=1770133557131 mTopActivityComponent=com.cricbuzz.android/.lithium.app.view.activity.MatchCenterActivity mSnapshot=android.hardware.HardwareBuffer@90e6c09 (1080x2400) mColorSpace=sRGB IEC61966-2.1 (id=0, model=RGB) mOrientation=1 mRotation=0 mTaskSize=Point(1080, 2400) mContentInsets=[0,110][0,0] mLetterboxInsets=[0,0][0,0] mIsLowResolution=false mIsRealSnapshot=true mWindowingMode=1 mAppearance=0 mIsTranslucent=false mHasImeSurface=false, record:ActivityRecord{88e3aad u0 com.cricbuzz.android/.lithium.app.view.activity.MatchCenterActivity} t1523}
02-03 21:18:01.437 D/PhoneStartingWindowTypeAlgorithm( 2210): preferredStartingWindowType newTask=false, taskSwitch=true, processRunning=true, allowTaskSnapshot=true, activityCreated=true, isSolidColorSplashScreen=false, legacySplashScreen=false, activityDrawn=true, topIsHome=false
02-03 21:18:01.445 D/OplusFullScreenDisplayManager( 1741): adjustWindowParamsLw com.cricbuzz.android, no change cutoutMode: 0
02-03 21:18:01.447 I/WindowManager( 1741): addWindow: New client android.os.BinderProxy@a99404b : window=Window{9d96a28 u0 SnapshotStartingWindow for taskId=1523}
02-03 21:18:01.451 E/WindowManager( 1741): create RemoteAnimationController com.android.server.wm.RemoteAnimationController@f9f6dc3
02-03 21:18:01.454 I/OplusJoystickManager( 1741): handleApplicationSwitch deprecated!
02-03 21:18:01.455 D/OplusAppSwitchListener( 1741): Detect com.android.launcher switch to background
02-03 21:18:01.455 D/OplusEapManager( 1741): mTargetExitName :com.android.launcher
02-03 21:18:01.455 D/VRR [OPlusFrontAppManager]( 1741): OnAppSwitchObserver: onAppExit , info.targetName = com.android.launcher
02-03 21:18:01.455 D/VRR [OPlusFrontAppManager]( 1741): packageName: null
02-03 21:18:01.456 E/OplusThermalStats( 1741): Error getting package info: com.cricbuzz.android
02-03 21:18:01.456 D/VRR [OPlusRefreshRateService]( 1741): handleFrontAppChange pkgName: null
02-03 21:18:01.456 D/VRR [OPlusExternalRefreshRateManager]( 1741): setFrontPackageName pkgName: null CurPkgName: com.android.launcher
02-03 21:18:01.463 D/TaskFragmentExtImpl( 1741): addColorModeOnResume resume=true pkg = com.cricbuzz.android
02-03 21:18:01.465 D/VRR [OPlusRefreshRateService]( 1741):  setFrameRateTargetControl [ 0.0 , com.android.launcher , false , com.oplus.battery ]
02-03 21:18:01.465 D/VRR [OPlusRefreshRateService]( 1741):  setFrameRateTargetControl from [0, 1000, android.uid.system:1000]
02-03 21:18:01.465 D/VRR [OPlusExternalRefreshRateManager]( 1741):  [FRTC] FrameRate : 0 com.android.launcher false com.oplus.battery 0 1000
02-03 21:18:01.465 D/VRR [OPlusSurfaceFlingerController]( 1741):  add frtc FrameRate : 0 com.android.launcher false com.oplus.battery
02-03 21:18:01.468 D/OplusFullScreenDisplayManager( 1741): adjustWindowParamsLw com.cricbuzz.android, no change cutoutMode: 0
02-03 21:18:01.468 V/WindowManager( 1741): Relayout Window{9d96a28 u0 SnapshotStartingWindow for taskId=1523}: viewVisibility=0, oldvis=8, req=-1x-1
02-03 21:18:01.469 D/OplusAppSwitchListener( 1741): Detect com.cricbuzz.android switch to foreground
02-03 21:18:01.469 D/OplusEapManager( 1741): mTargetEnterName :com.cricbuzz.android
02-03 21:18:01.469 D/VRR [OPlusFrontAppManager]( 1741): OnAppSwitchObserver: onAppEnter , info.targetName = com.cricbuzz.android
02-03 21:18:01.469 D/VRR [OPlusFrontAppManager]( 1741): packageName: com.cricbuzz.android
02-03 21:18:01.470 D/VRR [OPlusRefreshRateService]( 1741): handleFrontAppChange pkgName: com.cricbuzz.android
02-03 21:18:01.470 D/VRR [OPlusExternalRefreshRateManager]( 1741): setFrontPackageName pkgName: com.cricbuzz.android CurPkgName: null
02-03 21:18:01.476 W/ShellStartingWindow( 2210): create TaskSnapshotWindow snapshot frame:Rect(0, 0 - 1080, 2400), tmpFrames:Rect(0, 0 - 1080, 2400)
02-03 21:18:01.476 D/OplusBatteryServiceFeature( 1741): setSmartCoolDown: coolDown = 5, normalCoolDown = 5, pkgName = com.cricbuzz.android
02-03 21:18:01.478 D/WindowManager( 1741): finishDrawingWindow: Window{9d96a28 u0 SnapshotStartingWindow for taskId=1523} mDrawState=DRAW_PENDING
02-03 21:18:01.484 D/OplusSplitScreenManagerService( 1741): isDragToSplitState mOplusSpiltScreenDnDUI is null, just return!
02-03 21:18:01.484 D/OplusSplitScreenManagerService( 1741): isDragToSplitState mOplusSpiltScreenDnDUI is null, just return!
02-03 21:18:01.484 D/OplusSplitScreenManagerService( 1741): isDragToSplitState mOplusSpiltScreenDnDUI is null, just return!
02-03 21:18:01.498 I/Quality (31255): Skipped: false 0 cost 7.575769 refreshRate 16548117 bit true processName com.cricbuzz.android
02-03 21:18:01.502 I/WindowStateExtImpl( 1741): onSurfaceShowChange show = true mPackageName = com.cricbuzz.android parentPkgName = com.cricbuzz.android
02-03 21:18:01.506 D/WindowManager( 1741): finishDrawingWindow: Window{9d96a28 u0 SnapshotStartingWindow for taskId=1523} mDrawState=HAS_DRAWN
02-03 21:18:01.509 D/OplusFullScreenDisplayManager( 1741): adjustWindowParamsLw com.cricbuzz.android, no change cutoutMode: 0
02-03 21:18:01.509 V/WindowManager( 1741): Relayout Window{8e56106 u0 com.cricbuzz.android/com.cricbuzz.android.lithium.app.view.activity.MatchCenterActivity}: viewVisibility=0, oldvis=8, req=1080x2400
02-03 21:18:01.514 V/WindowManager( 1741): Changing focus from null to Window{8e56106 u0 com.cricbuzz.android/com.cricbuzz.android.lithium.app.view.activity.MatchCenterActivity},diplayid=0
02-03 21:18:01.527 D/CompatibilityChangeReporter( 1741): Compat change id reported: 168419799; UID 10128; state: DISABLED
02-03 21:18:01.570 D/OplusAppListInterceptManager( 1741): shouldFilterTask
02-03 21:18:01.570 D/OplusAppListInterceptManager( 1741): shouldFilterTask::packageName = com.cricbuzz.android
02-03 21:18:01.570 D/OplusAppListInterceptManager( 1741): shouldFilterTask
02-03 21:18:01.570 D/OplusAppListInterceptManager( 1741): shouldFilterTask::packageName = com.twitter.android
02-03 21:18:01.584 D/WindowManager( 1741): finishDrawingWindow: Window{8e56106 u0 com.cricbuzz.android/com.cricbuzz.android.lithium.app.view.activity.MatchCenterActivity} mDrawState=DRAW_PENDING
02-03 21:18:01.587 I/Quality (31255): Skipped: false 3 cost 53.138863 refreshRate 16546785 bit true processName com.cricbuzz.android
02-03 21:18:01.594 D/OplusStartingWindowManager( 1741): interceptRemoveStartingWindow: packageName=com.cricbuzz.android, isSnapshot=true, startingSurfaceRunnable=null
02-03 21:18:01.594 D/OplusSplitScreenManagerService( 1741): notifyRemoveStartingWindow mOplusSpiltScreenDnDUI is null, just return!
02-03 21:18:01.619 D/InputMethodManagerService( 1741): isSecurity: attribute.packageName=com.cricbuzz.android mCurMethodId=com.google.android.inputmethod.latin/com.android.inputmethod.latin.LatinIME
02-03 21:18:01.619 D/InputMethodManagerService( 1741): isSecurity= false (  enable=false needShow=false inBlackList=false isExist=true )
02-03 21:18:01.652 D/UsageStatsService( 1741): User[0] type=0 b=1770131881651 e=1770133681651 cb=1770102026338 ce=1770133681589 disk=0 all=138
02-03 21:18:01.665 D/InputMethodManagerService( 1741): onHandleImeWindowVisibleStatus: vis = 0, needsToShowImeSwitcher = false
02-03 21:18:01.685 D/UsageStatsService( 1741): User[0] type=0 b=1770131881684 e=1770133681684 cb=1770102026338 ce=1770133681589 disk=0 all=138
02-03 21:18:01.786 V/OplusZoomWindowManagerService( 1741): onAnimationFinished:  r = ActivityRecord{c0ace5a u0 com.android.launcher/.Launcher} t6}
02-03 21:18:01.789 V/OplusZoomWindowManagerService( 1741): onAnimationFinished:  r = ActivityRecord{88e3aad u0 com.cricbuzz.android/.lithium.app.view.activity.MatchCenterActivity} t1523}
02-03 21:18:01.789 I/OplusAppSwitchManagerService( 1741):  handleAppVisible , r = ActivityRecord{88e3aad u0 com.cricbuzz.android/.lithium.app.view.activity.MatchCenterActivity} t1523}
02-03 21:18:01.792 I/WindowStateExtImpl( 1741): onSurfaceShowChange show = false mPackageName = com.android.launcher parentPkgName = com.android.launcher
02-03 21:18:01.812 I/ActivityManager( 1741): Killing 5436:com.android.settings:background/1000 (adj 999): empty #21
02-03 21:18:01.827 V/WindowManager( 1741): Relayout Window{43ad301 u0 com.android.launcher/com.android.launcher.Launcher}: viewVisibility=8, oldvis=0, req=1080x2400
02-03 21:18:01.830 V/WindowManager( 1741): Relayout Window{79e5b u0 com.android.launcher/com.android.launcher.Launcher}: viewVisibility=8, oldvis=0, req=1080x2400
02-03 21:18:01.871 I/WindowStateExtImpl( 1741): onSurfaceShowChange show = false mPackageName = com.cricbuzz.android parentPkgName = com.cricbuzz.android
02-03 21:18:01.879 I/Quality (31255): Skipped: false 1 cost 29.963276 refreshRate 16548348 bit true processName com.cricbuzz.android
02-03 21:18:01.970 D/CameraDelegate( 1741): handleMessage:200
02-03 21:18:01.977 D/UsageStatsService( 1741): User[0] type=0 b=1770133550139 e=1770133681972 cb=1770102026338 ce=1770133681850 disk=0 all=12
02-03 21:18:03.570 D/PowerManagerService( 1741): userActivityNoUpdateLocked: groupId=0, eventTime=102640896, event=2, flags=0x0, uid=1000
02-03 21:18:03.597 D/UsageStatsService( 1741): User[0] type=0 b=1770131883595 e=1770133683595 cb=1770102026338 ce=1770133681850 disk=0 all=139
02-03 21:18:03.678 D/PowerManagerService( 1741): userActivityNoUpdateLocked: groupId=0, eventTime=102641005, event=2, flags=0x0, uid=1000
02-03 21:18:03.705 I/Quality (  962): SFJankCountInfo: 1821;0;0-0-0-0-0-0-0-0-0-0;1-0-0-0-0-0-0-0-0-0;2-0-0-0-0-0-0-0-0-0;3-0-0-0-0-0-0-0-0-0;4-0-0-0-0-0-0-0-0-0;5-0-0-0-0-0-0-0-0-0;6-0-0-0-0-0-0-0-0-0;7-0-0-0-0-0-0-0-0-0;8-0-0-0-0-0-0-0-0-0;9-0-0-0-0-0-0-0-0-0;
02-03 21:18:03.723 V/WindowManager( 1741): Changing focus from Window{8e56106 u0 com.cricbuzz.android/com.cricbuzz.android.lithium.app.view.activity.MatchCenterActivity} to null,diplayid=0
02-03 21:18:03.730 D/TaskFragmentExtImpl( 1741): addColorModeOnResume resume=true pkg = com.cricbuzz.android
02-03 21:18:03.777 I/Quality (31255): Skipped: false 0 cost 8.150461 refreshRate 16554119 bit true processName com.cricbuzz.android
02-03 21:18:03.780 D/OplusFullScreenDisplayManager( 1741): adjustWindowParamsLw com.cricbuzz.android, no change cutoutMode: 0
02-03 21:18:03.780 V/WindowManager( 1741): Relayout Window{6074b7f u0 com.cricbuzz.android/com.cricbuzz.android.lithium.app.view.activity.SeriesActivity}: viewVisibility=0, oldvis=8, req=1080x2400
02-03 21:18:03.785 V/WindowManager( 1741): Changing focus from null to Window{6074b7f u0 com.cricbuzz.android/com.cricbuzz.android.lithium.app.view.activity.SeriesActivity},diplayid=0
02-03 21:18:03.791 D/UsageStatsService( 1741): User[0] type=0 b=1770131883789 e=1770133683789 cb=1770102026338 ce=1770133683725 disk=0 all=141
02-03 21:18:03.869 D/WindowManager( 1741): finishDrawingWindow: Window{6074b7f u0 com.cricbuzz.android/com.cricbuzz.android.lithium.app.view.activity.SeriesActivity} mDrawState=DRAW_PENDING
02-03 21:18:03.875 I/Quality (31255): Skipped: false 5 cost 90.39377 refreshRate 16555279 bit true processName com.cricbuzz.android
02-03 21:18:03.880 D/OplusZoomWindowManagerService( 1741): adjustWindowCropForLeash start: appToken = ActivityRecord{d2f36ab u0 com.cricbuzz.android/.lithium.app.view.activity.SeriesActivity} t1523}
02-03 21:18:03.885 D/OplusZoomWindowManagerService( 1741): adjustWindowCropForLeash start: appToken = ActivityRecord{88e3aad u0 com.cricbuzz.android/.lithium.app.view.activity.MatchCenterActivity} t1523 f}}
02-03 21:18:03.937 I/Quality (31255): Skipped: false 2 cost 35.70804 refreshRate 16553359 bit true processName com.cricbuzz.android
02-03 21:18:03.944 D/InputMethodManagerService( 1741): isSecurity: attribute.packageName=com.cricbuzz.android mCurMethodId=com.google.android.inputmethod.latin/com.android.inputmethod.latin.LatinIME
02-03 21:18:03.944 D/InputMethodManagerService( 1741): isSecurity= false (  enable=false needShow=false inBlackList=false isExist=true )
02-03 21:18:03.960 D/InputMethodManagerService( 1741): onHandleImeWindowVisibleStatus: vis = 0, needsToShowImeSwitcher = false
02-03 21:18:04.061 I/Quality (31255): JankCountInfo: com.cricbuzz.android.lithium.app.view.activity.MatchCenterActivity basic:0-0-0 action:0 data:0-0 type:2 stage:0-0-0 action:1 data:0-0 type:2 stage:0-1-0 type:5 stage:0-0-0 action:2 data:0-0 type:2 stage:0-3-0 type:3 stage:0-0-0 type:4 stage:0-0-0 action:6 data:0-0 type:2 stage:0-0-0 action:8 data:0-0 type:2 stage:7-5-0 type:3 stage:0-2-0 type:4 stage:0-1-0 type:5 stage:0-0-0
02-03 21:18:04.105 V/OplusZoomWindowManagerService( 1741): onAnimationFinished:  r = ActivityRecord{d2f36ab u0 com.cricbuzz.android/.lithium.app.view.activity.SeriesActivity} t1523}
02-03 21:18:04.105 I/OplusAppSwitchManagerService( 1741):  handleAppVisible , r = ActivityRecord{d2f36ab u0 com.cricbuzz.android/.lithium.app.view.activity.SeriesActivity} t1523}
02-03 21:18:04.107 V/OplusZoomWindowManagerService( 1741): onAnimationFinished:  r = ActivityRecord{88e3aad u0 com.cricbuzz.android/.lithium.app.view.activity.MatchCenterActivity} t1523 f}}
02-03 21:18:04.124 V/WindowManager( 1741): Relayout Window{8e56106 u0 com.cricbuzz.android/com.cricbuzz.android.lithium.app.view.activity.MatchCenterActivity}: viewVisibility=8, oldvis=0, req=1080x2400
02-03 21:18:04.175 D/CoreBackPreview( 1741): Window{8e56106 u0 com.cricbuzz.android/com.cricbuzz.android.lithium.app.view.activity.MatchCenterActivity}: Setting back callback null
02-03 21:18:04.176 V/ZoomWindowDecorView(31255): removeZoomView
02-03 21:18:04.182 D/TaskFragmentExtImpl( 1741): remove ActivityRecord{88e3aad u0 com.cricbuzz.android/.lithium.app.view.activity.MatchCenterActivity} t-1 f}} to mActivityRecordSum = Counter{ com.cricbuzz.android/.lithium.app.view.activity.NyitoActivity(1) com.cricbuzz.android/.lithium.app.view.activity.SeriesActivity(1) }
02-03 21:18:04.184 I/Quality (31255): Skipped: false 2 cost 34.912067 refreshRate 16552046 bit true processName com.cricbuzz.android
02-03 21:18:04.319 D/UsageStatsService( 1741): User[0] type=0 b=1770131884318 e=1770133684318 cb=1770102026338 ce=1770133684182 disk=0 all=142
02-03 21:18:04.610 D/UsageStatsService( 1741): User[0] type=0 b=1770131884609 e=1770133684609 cb=1770102026338 ce=1770133684182 disk=0 all=142
02-03 21:18:04.969 E/TaskPersister( 1741): File error accessing recents directory (directory doesn't exist?).
02-03 21:18:05.036 D/PowerManagerService( 1741): userActivityNoUpdateLocked: groupId=0, eventTime=102642359, event=2, flags=0x0, uid=1000
02-03 21:18:05.151 V/WindowManager( 1741): Changing focus from Window{6074b7f u0 com.cricbuzz.android/com.cricbuzz.android.lithium.app.view.activity.SeriesActivity} to null,diplayid=0
02-03 21:18:05.158 D/TaskFragmentExtImpl( 1741): addColorModeOnResume resume=true pkg = com.cricbuzz.android
02-03 21:18:05.182 D/ProcessCpuTrackerExtImpl( 1741): mContext is already set, return now! 
02-03 21:18:05.218 D/UsageStatsService( 1741): User[0] type=0 b=1770131885217 e=1770133685217 cb=1770102026338 ce=1770133685152 disk=0 all=144
02-03 21:18:05.286 I/Quality (31255): Skipped: false 1 cost 16.761847 refreshRate 16550262 bit true processName com.cricbuzz.android
02-03 21:18:05.298 V/WindowManager( 1741): Relayout Window{6123fec u0 com.cricbuzz.android/com.cricbuzz.android.lithium.app.view.activity.NyitoActivity}: viewVisibility=0, oldvis=8, req=1080x2400
02-03 21:18:05.305 V/WindowManager( 1741): Changing focus from null to Window{6123fec u0 com.cricbuzz.android/com.cricbuzz.android.lithium.app.view.activity.NyitoActivity},diplayid=0
02-03 21:18:05.397 D/WindowManager( 1741): finishDrawingWindow: Window{6123fec u0 com.cricbuzz.android/com.cricbuzz.android.lithium.app.view.activity.NyitoActivity} mDrawState=DRAW_PENDING
02-03 21:18:05.403 D/OplusZoomWindowManagerService( 1741): adjustWindowCropForLeash start: appToken = ActivityRecord{202e96e u0 com.cricbuzz.android/.lithium.app.view.activity.NyitoActivity} t1523}
02-03 21:18:05.407 D/OplusZoomWindowManagerService( 1741): adjustWindowCropForLeash start: appToken = ActivityRecord{d2f36ab u0 com.cricbuzz.android/.lithium.app.view.activity.SeriesActivity} t1523 f}}
02-03 21:18:05.417 I/Quality (31255): Skipped: false 7 cost 125.82827 refreshRate 16550296 bit true processName com.cricbuzz.android
02-03 21:18:05.446 D/UsageStatsService( 1741): User[0] type=0 b=1770131885445 e=1770133685445 cb=1770102026338 ce=1770133685289 disk=0 all=144
02-03 21:18:05.459 D/UsageStatsService( 1741): User[0] type=0 b=1770131885457 e=1770133685457 cb=1770102026338 ce=1770133685289 disk=0 all=144
02-03 21:18:05.608 I/Quality (31255): Skipped: false 11 cost 184.62321 refreshRate 16549831 bit true processName com.cricbuzz.android
02-03 21:18:05.642 D/InputMethodManagerService( 1741): isSecurity: attribute.packageName=com.cricbuzz.android mCurMethodId=com.google.android.inputmethod.latin/com.android.inputmethod.latin.LatinIME
02-03 21:18:05.642 D/InputMethodManagerService( 1741): isSecurity= false (  enable=false needShow=false inBlackList=false isExist=true )
02-03 21:18:05.644 V/OplusZoomWindowManagerService( 1741): onAnimationFinished:  r = ActivityRecord{202e96e u0 com.cricbuzz.android/.lithium.app.view.activity.NyitoActivity} t1523}
02-03 21:18:05.644 I/OplusAppSwitchManagerService( 1741):  handleAppVisible , r = ActivityRecord{202e96e u0 com.cricbuzz.android/.lithium.app.view.activity.NyitoActivity} t1523}
02-03 21:18:05.648 V/OplusZoomWindowManagerService( 1741): onAnimationFinished:  r = ActivityRecord{d2f36ab u0 com.cricbuzz.android/.lithium.app.view.activity.SeriesActivity} t1523 f}}
02-03 21:18:05.651 I/Quality (31255): Skipped: false 1 cost 29.359455 refreshRate 16549820 bit true processName com.cricbuzz.android
02-03 21:18:05.686 V/WindowManager( 1741): Relayout Window{6074b7f u0 com.cricbuzz.android/com.cricbuzz.android.lithium.app.view.activity.SeriesActivity}: viewVisibility=8, oldvis=0, req=1080x2400
02-03 21:18:05.716 D/CoreBackPreview( 1741): Window{6074b7f u0 com.cricbuzz.android/com.cricbuzz.android.lithium.app.view.activity.SeriesActivity}: Setting back callback null
02-03 21:18:05.717 V/ZoomWindowDecorView(31255): removeZoomView
02-03 21:18:05.727 D/InputMethodManagerService( 1741): onHandleImeWindowVisibleStatus: vis = 0, needsToShowImeSwitcher = false
02-03 21:18:05.727 I/Quality (31255): Skipped: true 3 cost 55.351704 refreshRate 16550333 bit true processName com.cricbuzz.android
02-03 21:18:05.727 D/TaskFragmentExtImpl( 1741): remove ActivityRecord{d2f36ab u0 com.cricbuzz.android/.lithium.app.view.activity.SeriesActivity} t-1 f}} to mActivityRecordSum = Counter{ com.cricbuzz.android/.lithium.app.view.activity.NyitoActivity(1) }
02-03 21:18:06.094 D/PowerManagerService( 1741): userActivityNoUpdateLocked: groupId=0, eventTime=102643420, event=2, flags=0x0, uid=1000
02-03 21:18:06.195 D/PowerManagerService( 1741): userActivityNoUpdateLocked: groupId=0, eventTime=102643522, event=2, flags=0x0, uid=1000
02-03 21:18:06.200 D/UsageStatsService( 1741): User[0] type=0 b=1770131886199 e=1770133686199 cb=1770102026338 ce=1770133685726 disk=0 all=145
02-03 21:18:06.671 D/PowerManagerService( 1741): userActivityNoUpdateLocked: groupId=0, eventTime=102643998, event=2, flags=0x0, uid=1000
02-03 21:18:06.773 D/PowerManagerService( 1741): userActivityNoUpdateLocked: groupId=0, eventTime=102644100, event=2, flags=0x0, uid=1000
02-03 21:18:07.146 D/PowerManagerService( 1741): userActivityNoUpdateLocked: groupId=0, eventTime=102644473, event=2, flags=0x0, uid=1000
02-03 21:18:07.247 D/PowerManagerService( 1741): userActivityNoUpdateLocked: groupId=0, eventTime=102644575, event=2, flags=0x0, uid=1000
02-03 21:18:07.424 W/NetworkPolicy( 1741): shared quota unsupported; generating rule for each iface
02-03 21:18:07.439 V/OplusNPMS( 1741): getWarningNotification numWarningNotificaion10
02-03 21:18:07.439 V/OplusNPMS( 1741): getWarningNotification numWarningNotificaion10
02-03 21:18:07.439 V/OplusNPMS( 1741): getLimitNotificationState subID=6
02-03 21:18:07.439 V/OplusNPMS( 1741): getLimitNotificationState mSubidToIccId != null
02-03 21:18:07.673 D/PowerManagerService( 1741): userActivityNoUpdateLocked: groupId=0, eventTime=102645000, event=2, flags=0x0, uid=1000
02-03 21:18:08.238 D/PowerManagerService( 1741): userActivityNoUpdateLocked: groupId=0, eventTime=102645565, event=2, flags=0x0, uid=1000
02-03 21:18:08.733 E/TaskPersister( 1741): File error accessing recents directory (directory doesn't exist?).
02-03 21:18:08.902 I/Quality (31255): Skipped: false 1 cost 19.01784 refreshRate 16548854 bit true processName com.cricbuzz.android
02-03 21:18:09.564 D/PowerManagerService( 1741): userActivityNoUpdateLocked: groupId=0, eventTime=102646889, event=2, flags=0x0, uid=1000
02-03 21:18:09.673 I/ActivityTaskManager( 1741): START u0 {cmp=com.cricbuzz.android/.lithium.app.view.activity.MatchCenterActivity (has extras) mCallingUid=10744} from uid 10744
02-03 21:18:09.677 D/OplusZoomWindowRUSConfigManager( 1741): isSupportZoomModeWithPolicyLocked: target = com.cricbuzz.android/.lithium.app.view.activity.MatchCenterActivity
02-03 21:18:09.677 D/OplusZoomWindowRUSConfigManager( 1741): targetPkg = com.cricbuzz.android
02-03 21:18:09.677 I/OplusZoomWindowRUSConfigManager( 1741): target pkg is unsupport zoom window mode
02-03 21:18:09.677 V/OplusZoomWindowManagerService( 1741): unSupportZoom: true ,callingPid: 31255 ,sourceStack: Task{b16009c #1523 type=standard A=10744:com.cricbuzz.android U=0 visible=true visibleRequested=true mode=fullscreen translucent=false sz=1}
02-03 21:18:09.678 D/CompatibilityChangeReporter( 1741): Compat change id reported: 174042980; UID 10744; state: DISABLED
02-03 21:18:09.679 D/CompatibilityChangeReporter( 1741): Compat change id reported: 184838306; UID 10744; state: DISABLED
02-03 21:18:09.679 D/CompatibilityChangeReporter( 1741): Compat change id reported: 185004937; UID 10744; state: DISABLED
02-03 21:18:09.679 D/CompatibilityChangeReporter( 1741): Compat change id reported: 181136395; UID 10744; state: DISABLED
02-03 21:18:09.679 D/CompatibilityChangeReporter( 1741): Compat change id reported: 174042936; UID 10744; state: DISABLED
02-03 21:18:09.681 D/TaskFragmentExtImpl( 1741): add ActivityRecord{5f948db u0 com.cricbuzz.android/.lithium.app.view.activity.MatchCenterActivity} t1523} to mActivityRecordSum = Counter{ com.cricbuzz.android/.lithium.app.view.activity.NyitoActivity(1) com.cricbuzz.android/.lithium.app.view.activity.MatchCenterActivity(1) }
02-03 21:18:09.683 D/ActivityTaskManager( 1741): getStartingWindowType: newTask=false, taskSwitch=false, processRunning=true, allowTaskSnapshot=true, activityCreated=false, snapshot=null, record:ActivityRecord{5f948db u0 com.cricbuzz.android/.lithium.app.view.activity.MatchCenterActivity} t1523}
02-03 21:18:09.683 D/OplusZoomWindowRUSConfigManager( 1741): isSupportZoomModeWithPolicyLocked: target = com.cricbuzz.android/.lithium.app.view.activity.MatchCenterActivity
02-03 21:18:09.683 D/OplusZoomWindowRUSConfigManager( 1741): targetPkg = com.cricbuzz.android
02-03 21:18:09.683 I/OplusZoomWindowRUSConfigManager( 1741): target pkg is unsupport zoom window mode
02-03 21:18:09.683 V/OplusZoomWindowManagerService( 1741): unSupportZoom: true ,callingPid: 31255 ,sourceStack: Task{b16009c #1523 type=standard A=10744:com.cricbuzz.android U=0 visible=true visibleRequested=true mode=fullscreen translucent=false sz=2}
02-03 21:18:09.695 W/ActivityTaskManager( 1741): Tried to set launchTime (0) < mLastActivityLaunchTime (98069078)
02-03 21:18:09.699 D/OplusDexOptimizeManager( 1741): basepath == oldPackagePath!
02-03 21:18:09.703 V/WindowManager( 1741): Changing focus from Window{6123fec u0 com.cricbuzz.android/com.cricbuzz.android.lithium.app.view.activity.NyitoActivity} to null,diplayid=0
02-03 21:18:09.769 D/OplusFullScreenDisplayManager( 1741): adjustWindowParamsLw com.cricbuzz.android, no change cutoutMode: 0
02-03 21:18:09.771 I/WindowManager( 1741): addWindow: New client android.os.BinderProxy@1e11abc : window=Window{c65da45 u0 com.cricbuzz.android/com.cricbuzz.android.lithium.app.view.activity.MatchCenterActivity}
02-03 21:18:09.773 D/CoreBackPreview( 1741): Window{c65da45 u0 com.cricbuzz.android/com.cricbuzz.android.lithium.app.view.activity.MatchCenterActivity}: Setting back callback OnBackInvokedCallbackInfo{mCallback=android.window.IOnBackInvokedCallback$Stub$Proxy@89a1ecb, mPriority=0}
02-03 21:18:09.777 I/Quality (31255): Skipped: false 0 cost 15.724538 refreshRate 16550753 bit true processName com.cricbuzz.android
02-03 21:18:09.783 D/OplusFullScreenDisplayManager( 1741): adjustWindowParamsLw com.cricbuzz.android, no change cutoutMode: 0
02-03 21:18:09.783 V/WindowManager( 1741): Relayout Window{c65da45 u0 com.cricbuzz.android/com.cricbuzz.android.lithium.app.view.activity.MatchCenterActivity}: viewVisibility=0, oldvis=4, req=1080x2400
02-03 21:18:09.790 V/WindowManager( 1741): Changing focus from null to Window{c65da45 u0 com.cricbuzz.android/com.cricbuzz.android.lithium.app.view.activity.MatchCenterActivity},diplayid=0
02-03 21:18:09.799 V/ZoomWindowDecorView(31255): setLastReportedMergedConfiguration mZoomDisplayHeight: 2400 getDecorView.130377835
02-03 21:18:09.822 D/WindowManager( 1741): finishDrawingWindow: Window{c65da45 u0 com.cricbuzz.android/com.cricbuzz.android.lithium.app.view.activity.MatchCenterActivity} mDrawState=DRAW_PENDING
02-03 21:18:09.826 V/OplusZoomWindowManagerService( 1741): onAnimationFinished:  r = ActivityRecord{202e96e u0 com.cricbuzz.android/.lithium.app.view.activity.NyitoActivity} t1523}
02-03 21:18:09.827 V/OplusZoomWindowManagerService( 1741): onAnimationFinished:  r = ActivityRecord{5f948db u0 com.cricbuzz.android/.lithium.app.view.activity.MatchCenterActivity} t1523}
02-03 21:18:09.827 I/OplusAppSwitchManagerService( 1741):  handleAppVisible , r = ActivityRecord{5f948db u0 com.cricbuzz.android/.lithium.app.view.activity.MatchCenterActivity} t1523}
02-03 21:18:09.827 I/OplusAppSwitchManagerService( 1741):  handleAppVisible , r = ActivityRecord{5f948db u0 com.cricbuzz.android/.lithium.app.view.activity.MatchCenterActivity} t1523}
02-03 21:18:09.829 I/Quality ( 1741): LaunchTime2.0: com.cricbuzz.android/.lithium.app.view.activity.MatchCenterActivity 2 138
02-03 21:18:09.836 I/Quality (31255): Skipped: false 2 cost 42.002098 refreshRate 16666667 bit true processName com.cricbuzz.android
02-03 21:18:09.854 D/WindowManager( 1741): finishDrawingWindow: Window{c65da45 u0 com.cricbuzz.android/com.cricbuzz.android.lithium.app.view.activity.MatchCenterActivity} mDrawState=HAS_DRAWN
02-03 21:18:09.874 D/UsageStatsService( 1741): User[0] type=0 b=1770131889873 e=1770133689873 cb=1770102026338 ce=1770133689787 disk=0 all=147
02-03 21:18:09.875 I/Quality (31255): Skipped: false 1 cost 32.795387 refreshRate 16550632 bit true processName com.cricbuzz.android
02-03 21:18:09.892 V/WindowManager( 1741): Relayout Window{6123fec u0 com.cricbuzz.android/com.cricbuzz.android.lithium.app.view.activity.NyitoActivity}: viewVisibility=8, oldvis=0, req=1080x2400
02-03 21:18:09.910 D/InputMethodManagerService( 1741): isSecurity: attribute.packageName=com.cricbuzz.android mCurMethodId=com.google.android.inputmethod.latin/com.android.inputmethod.latin.LatinIME
02-03 21:18:09.910 D/InputMethodManagerService( 1741): isSecurity= false (  enable=false needShow=false inBlackList=false isExist=true )
02-03 21:18:09.918 D/UsageStatsService( 1741): User[0] type=0 b=1770131889916 e=1770133689916 cb=1770102026338 ce=1770133689787 disk=0 all=147
02-03 21:18:09.920 I/Quality (31255): Skipped: false 1 cost 27.843058 refreshRate 16555738 bit true processName com.cricbuzz.android
02-03 21:18:10.117 D/OplusFullScreenDisplayManager( 1741): adjustWindowParamsLw com.cricbuzz.android, no change cutoutMode: 0
02-03 21:18:10.117 V/WindowManager( 1741): Relayout Window{c65da45 u0 com.cricbuzz.android/com.cricbuzz.android.lithium.app.view.activity.MatchCenterActivity}: viewVisibility=0, oldvis=0, req=1080x2400
02-03 21:18:10.121 D/InputMethodManagerService( 1741): onHandleImeWindowVisibleStatus: vis = 0, needsToShowImeSwitcher = false
02-03 21:18:10.128 I/Quality (31255): Skipped: false 12 cost 203.10121 refreshRate 16557075 bit true processName com.cricbuzz.android
02-03 21:18:10.251 I/Quality (31255): Skipped: false 5 cost 94.0949 refreshRate 16551302 bit true processName com.cricbuzz.android
02-03 21:18:11.363 D/UsageStatsService( 1741): User[0] type=0 b=1770131891362 e=1770133691362 cb=1770102026338 ce=1770133689924 disk=0 all=148
02-03 21:18:11.759 D/PowerManagerService( 1741): userActivityNoUpdateLocked: groupId=0, eventTime=102649084, event=2, flags=0x0, uid=1000
02-03 21:18:11.837 D/ProcessCpuTrackerExtImpl( 1741): mContext is already set, return now! 
02-03 21:18:11.857 D/PowerManagerService( 1741): userActivityNoUpdateLocked: groupId=0, eventTime=102649185, event=2, flags=0x0, uid=1000
02-03 21:18:12.326 D/UsageStatsService( 1741): User[0] type=0 b=1770131892320 e=1770133692320 cb=1770102026338 ce=1770133689924 disk=0 all=148
02-03 21:18:12.687 E/TaskPersister( 1741): File error accessing recents directory (directory doesn't exist?).
02-03 21:18:12.846 D/PowerManagerService( 1741): userActivityNoUpdateLocked: groupId=0, eventTime=102650171, event=2, flags=0x0, uid=1000
02-03 21:18:12.994 D/UsageStatsService( 1741): User[0] type=0 b=1770131892992 e=1770133692992 cb=1770102026338 ce=1770133689924 disk=0 all=148
02-03 21:18:13.404 I/Quality (31255): Skipped: true 2 cost 36.07737 refreshRate 16550025 bit true processName com.cricbuzz.android
02-03 21:18:13.532 D/UsageStatsService( 1741): User[0] type=0 b=1770131893530 e=1770133693530 cb=1770102026338 ce=1770133689924 disk=0 all=148
02-03 21:18:13.700 I/Quality (31255): Skipped: false 7 cost 116.75728 refreshRate 16549894 bit true processName com.cricbuzz.android
02-03 21:18:13.931 I/Quality (31255): Skipped: true 1 cost 17.035448 refreshRate 16550194 bit true processName com.cricbuzz.android
02-03 21:18:14.980 D/UsageStatsService( 1741): User[0] type=0 b=1770131894979 e=1770133694979 cb=1770102026338 ce=1770133689924 disk=0 all=148
02-03 21:18:15.405 D/PowerManagerService( 1741): userActivityNoUpdateLocked: groupId=0, eventTime=102652730, event=2, flags=0x0, uid=1000
02-03 21:18:15.514 V/WindowManager( 1741): Changing focus from Window{c65da45 u0 com.cricbuzz.android/com.cricbuzz.android.lithium.app.view.activity.MatchCenterActivity} to null,diplayid=0
02-03 21:18:15.524 D/TaskFragmentExtImpl( 1741): addColorModeOnResume resume=true pkg = com.cricbuzz.android
02-03 21:18:15.548 D/UsageStatsService( 1741): User[0] type=0 b=1770131895547 e=1770133695547 cb=1770102026338 ce=1770133695516 disk=0 all=150
02-03 21:18:15.588 D/UsageStatsService( 1741): User[0] type=0 b=1770131895586 e=1770133695586 cb=1770102026338 ce=1770133695516 disk=0 all=150
02-03 21:18:15.604 I/Quality (31255): Skipped: false 0 cost 6.504615 refreshRate 16553964 bit true processName com.cricbuzz.android
02-03 21:18:15.611 V/WindowManager( 1741): Relayout Window{6123fec u0 com.cricbuzz.android/com.cricbuzz.android.lithium.app.view.activity.NyitoActivity}: viewVisibility=0, oldvis=8, req=1080x2400
