02-03 20:41:37.698 I/WeatherS_WeatherCommonServiceProxy(24253): resident data temp -> 39
02-03 20:41:37.698 I/WeatherS_WeatherCommonServiceProxy(24253): getLocationCityAndUpdate  temp = 75 Partly cloudy 58
02-03 20:41:37.698 E/WeatherS_WeatherCommonServiceProxy(24253): getLocationCityAndUpdate  needUpdateWeatherInfo = false, isCallFromWeatherApp = false
02-03 20:41:37.701 D/skia    ( 2321): SkJpegCodec::onGetPixels -
02-03 20:41:37.702 D/b/223498680( 2561): RAAF createStateElementAnimation alpha=[1.0]
02-03 20:41:37.702 D/b/223498680( 2561): RAAF createStateElementAnimation onStart
02-03 20:41:37.703 I/WeatherS_WeatherBaseDataTask(24226): after doRequestFromWeatherService getLocationCityDataAndUpdateWeatherInfoIfNeeded result true
02-03 20:41:37.703 I/WeatherS_WeatherBaseDataTask(24226): after doRequestFromWeatherService getResidentSecureSettingsData result true
02-03 20:41:37.704 I/WeatherS_WeatherBaseDataTask(24226):  doRequestFromWeatherService getLocationCityDataAndUpdateWeatherInfoIfNeeded response data true
02-03 20:41:37.704 I/WeatherS_WeatherBaseDataTask(24226):  doRequestFromWeatherService getResidentSecureSettingsData response data true
02-03 20:41:37.705 I/WeatherS_WeatherServiceManager(24226): unBindUpdateService true
02-03 20:41:37.706 I/WeatherS_WeatherServiceManager(24226): unBindUpdateService true
02-03 20:41:37.760 D/PowerManagerService( 1741): userActivityNoUpdateLocked: groupId=0, eventTime=100455088, event=2, flags=0x0, uid=1000
02-03 20:41:37.846 I/libPowerHal(  863): [perfLockRel] hdl:95070, idx:1
02-03 20:41:37.847 I/libPowerHal(  863): [PD] MTKPOWER_HINT_APP_TOUCH update cmd:3408600 param:0
02-03 20:41:37.847 D/MultiStateCallback( 2561): [39571416] Adding [STATE_GESTURE_COMPLETED (1024)] to [STATE_LAUNCHER_PRESENT, STATE_LAUNCHER_STARTED, STATE_LAUNCHER_DRAWN, STATE_LAUNCHER_BIND_TO_SERVICE, STATE_APP_CONTROLLER_RECEIVED, STATE_GESTURE_STARTED (287)]
02-03 20:41:37.847 D/MultiStateCallback( 2561): [249027949] Adding [STATE_END_TARGET_SET (1)] to [STATE_RECENTS_ANIMATION_INITIALIZED, STATE_RECENTS_ANIMATION_STARTED (12)]
02-03 20:41:37.938 I/LatencyTracker( 1741): ACTION_START_RECENTS_ANIMATION latency=62
02-03 20:41:38.016 D/b/223498680( 2561): RAAF createStateElementAnimation onEnd
02-03 20:41:38.191 D/OGG_Detector( 1741): D:done mCurrStatus: 0
02-03 20:41:38.191 D/NoBackGesture( 2210): Start gesture: MotionEvent { action=ACTION_DOWN, actionButton=0, id[0]=0, x[0]=669.0, y[0]=1511.25, toolType[0]=TOOL_TYPE_FINGER, buttonState=0, classification=NONE, metaState=0, flags=0x0, edgeFlags=0x0, pointerCount=1, historySize=0, eventTime=100455519, downTime=100455519, deviceId=4, source=0x1002, displayId=0, eventId=550938683 }
02-03 20:41:38.191 D/NoBackGesture( 2210): Not in side gesture area
02-03 20:41:38.192 D/PowerManagerService( 1741): userActivityNoUpdateLocked: groupId=0, eventTime=100455519, event=2, flags=0x0, uid=1000
02-03 20:41:38.192 D/MultiStateCallback( 2561): [249027949] Adding [STATE_END_TARGET_ANIMATION_FINISHED (2)] to [STATE_END_TARGET_SET, STATE_RECENTS_ANIMATION_INITIALIZED, STATE_RECENTS_ANIMATION_STARTED (13)]
02-03 20:41:38.192 D/b/223498680( 2561): LRV onStateTransitionStart setFreezeVisibility=true, toState=Overview
02-03 20:41:38.193 D/b/223498680( 2561): LRV onStateTransitionComplete setFreezeVisibility=false, finalState=Overview
02-03 20:41:38.193 D/MultiStateCallback( 2561): [249027949] Adding [STATE_RECENTS_SCROLLING_FINISHED (128)] to [STATE_END_TARGET_SET, STATE_END_TARGET_ANIMATION_FINISHED, STATE_RECENTS_ANIMATION_INITIALIZED, STATE_RECENTS_ANIMATION_STARTED (15)]
02-03 20:41:38.193 D/b/223498680( 2561): RAAF createStateElementAnimation alpha=[1.0]
02-03 20:41:38.193 D/b/223498680( 2561): RAAF createStateElementAnimation onStart
02-03 20:41:38.193 D/MultiStateCallback( 2561): [39571416] Adding [STATE_SCALED_CONTROLLER_RECENTS, STATE_CAPTURE_SCREENSHOT, STATE_SCREENSHOT_VIEW_SHOWN (10304)] to [STATE_LAUNCHER_PRESENT, STATE_LAUNCHER_STARTED, STATE_LAUNCHER_DRAWN, STATE_LAUNCHER_BIND_TO_SERVICE, STATE_APP_CONTROLLER_RECEIVED, STATE_GESTURE_STARTED, STATE_GESTURE_COMPLETED (1311)]
02-03 20:41:38.193 I/mtkpower_client( 1741): perf_lock_rel, hdl:95072, tid:2265
02-03 20:41:38.194 I/mtkpower_client( 1741): perf_lock_acq, hdl:95072, dur:0, num:4, tid:2265
02-03 20:41:38.194 I/libPowerHal(  863): [perfLockRel] hdl:95072, idx:0
02-03 20:41:38.194 I/libPowerHal(  863): [unsetGPUFreq] current min:17, max:0; scn_gpu_min:17, scn_gpu_max:-1; scn_gpu_min(HL):-1, scn_gpu_max(HL):-1
02-03 20:41:38.194 I/libPowerHal(  863): system_server: set gpu opp level: 29
02-03 20:41:38.194 I/libPowerHal(  863): system_server: set gpu opp level max: 0
02-03 20:41:38.194 I/libPowerHal(  863): [setGPUFreq] Soft min/max = (29, 0); Hard min/max = (29, 0)
02-03 20:41:38.194 I/libPowerHal(  863): [setGPUFreq] final min/max = (29, 0)
02-03 20:41:38.194 I/libPowerHal(  863): system_server: set gpu opp level: 29
02-03 20:41:38.194 I/libPowerHal(  863): system_server: set gpu opp level max: 0
02-03 20:41:38.194 I/libPowerHal(  863): [PD] system_server update cmd:1c3c000 param:1
02-03 20:41:38.194 I/libPowerHal(  863): [PD] (more) /proc/mcdi/state set +prefix:enable 1;
02-03 20:41:38.194 I/libPowerHal(  863): [PD] system_server update cmd:2004100 param:2
02-03 20:41:38.195 I/mtkpower_client( 1741): ret_hdl:95074
02-03 20:41:38.197 D/OplusLayer(  962): ~Layer() sequence=37432, name=Screenshot Parent#37432
02-03 20:41:38.198 D/b/223498680( 2561): RAAF createStateElementAnimation onEnd
02-03 20:41:38.199 D/OplusRecentsView( 2561): getLastViewIndex() :13
02-03 20:41:38.204 D/TaskChangeNotificationControllerExtImpl( 1741): Skip pass Snapshot to listener:android.app.ITaskStackListener$Stub$Proxy@9e2d06d
02-03 20:41:38.249 D/MultiStateCallback( 2561): [39571416] Adding [STATE_SCREENSHOT_CAPTURED (4096)] to [STATE_LAUNCHER_PRESENT, STATE_LAUNCHER_STARTED, STATE_LAUNCHER_DRAWN, STATE_LAUNCHER_BIND_TO_SERVICE, STATE_APP_CONTROLLER_RECEIVED, STATE_SCALED_CONTROLLER_RECENTS, STATE_GESTURE_STARTED, STATE_GESTURE_COMPLETED, STATE_CAPTURE_SCREENSHOT, STATE_SCREENSHOT_VIEW_SHOWN (11615)]
02-03 20:41:38.249 D/MultiStateCallback( 2561): [249027949] Adding [STATE_RECENTS_ANIMATION_FINISHED (32)] to [STATE_END_TARGET_SET, STATE_END_TARGET_ANIMATION_FINISHED, STATE_RECENTS_ANIMATION_INITIALIZED, STATE_RECENTS_ANIMATION_STARTED, STATE_RECENTS_SCROLLING_FINISHED (143)]
02-03 20:41:38.250 D/MultiStateCallback( 2561): [249027949] Adding [STATE_RECENTS_ANIMATION_ENDED (64)] to [STATE_END_TARGET_SET, STATE_END_TARGET_ANIMATION_FINISHED, STATE_RECENTS_ANIMATION_INITIALIZED, STATE_RECENTS_ANIMATION_STARTED, STATE_RECENTS_ANIMATION_FINISHED, STATE_RECENTS_SCROLLING_FINISHED (175)]
02-03 20:41:38.250 I/mtkpower@impl(  863): [setMode] type:5, enabled:0
02-03 20:41:38.251 I/libPowerHal(  863): [perfLockRel] hdl:95071, idx:2
02-03 20:41:38.251 I/libPowerHal(  863): LAUNCH: cpu_ctrl set cpu freq: -1 -1 -1 -1
02-03 20:41:38.251 I/libPowerHal(  863): [PD] LAUNCH update cmd:1000000, param:-1
02-03 20:41:38.251 I/libPowerHal(  863): [PD] LAUNCH update cmd:1408300 param:0
02-03 20:41:38.252 I/libPowerHal(  863): [PD] LAUNCH update cmd:1000000 param:-1
02-03 20:41:38.255 V/WindowManager( 1741): Changing focus from Window{8d7505a u0 com.wholexale.app.staging/com.wholexale.app.MainActivity} to Window{43ad301 u0 com.android.launcher/com.android.launcher.Launcher},diplayid=0
02-03 20:41:38.260 D/Theia.NoFocusWindow( 1741): FocusWindowErrorScene cancelCheckFreezeScreen
02-03 20:41:38.262 I/mtkpower_client( 1741): perf_lock_rel, hdl:95074, tid:2265
02-03 20:41:38.263 I/mtkpower_client( 1741): perf_lock_acq, hdl:95074, dur:0, num:10, tid:2265
02-03 20:41:38.263 I/mtkpower@impl(  863): [check_work_req] i:0, msg:1 hdl:95074, wait
02-03 20:41:38.263 I/PowerHalWrapper( 1741): <amsBoostResume> last:com.wholexale.app.staging, next:com.android.launcher 
02-03 20:41:38.264 I/libPowerHal(  863): [perfLockRel] hdl:95074, idx:0
02-03 20:41:38.264 I/libPowerHal(  863): [PD] system_server update cmd:2004100 param:2
02-03 20:41:38.264 I/OplusHansManager ( 1741): front pkg: com.android.launcher, uid: 10106, prev pkg: com.wholexale.app.staging, prev uid: 10853
02-03 20:41:38.265 D/OplusUIFirst_FB( 1741): com.android.launcher activity event: []
02-03 20:41:38.265 D/OplusUIFirst_FB( 1741): List of ThreadOp: size=0 []
02-03 20:41:38.265 D/OplusUIFirst_FB( 1741): handleParaSwitch com.android.launcher null null 1
02-03 20:41:38.265 I/OplusHansManager ( 1741): notifyAppGoForeground, uid=10106
02-03 20:41:38.265 I/OplusHansManager ( 1741): notifyAppGoBackground, uid=10853
02-03 20:41:38.266 I/Osense-DecisionMaker( 1741): notifySceneToAthenaPolicy: SCENE_LAUNCHER, bundle: Bundle[{prevPkgName=com.wholexale.app.staging, curUid=10106, curPkgName=com.android.launcher, prevUid=10853}]
02-03 20:41:38.267 I/OplusHansManager ( 1741): uid=10853, pkg=com.wholexale.app.staging enter SM
02-03 20:41:38.268 I/libPowerHal(  863): system_server: cpu_ctrl set cpu freq: 2000000 -1 2200000 -1
02-03 20:41:38.268 D/Osense-DecisionMaker( 1741): getCurrentSysStats, availmemMb: 2344
02-03 20:41:38.268 I/mtkpower_client( 1741): ret_hdl:95075
02-03 20:41:38.268 I/OplusHansManager ( 1741): uid=10853, pkg=com.wholexale.app.staging R enter(), D stay=58
02-03 20:41:38.268 D/Osense-DecisionMaker( 1741): getCurrentSysStats, availmemMb: 2344
02-03 20:41:38.268 D/Osense-DecisionMaker( 1741): getCurrentSysStats, availmemMb: 2344
02-03 20:41:38.268 D/Osense-DecisionMaker( 1741): getCurrentSysStats, availmemMb: 2344
02-03 20:41:38.268 I/OplusResourcePreloadManager( 1741): resume pkg: com.android.launcher, uid:10106, prev pkg: com.wholexale.app.staging, prev uid: 10853
02-03 20:41:38.269 I/libPowerHal(  863): [perfLockRel] hdl:95043, idx:-1
02-03 20:41:38.270 D/ActivityTaskManager( 1741): onWindowFocusChanged Task{1b1fe44 #6 type=home I=com.android.launcher/.Launcher U=0 rootTaskId=1 visible=true visibleRequested=true mode=fullscreen translucent=false sz=1} would transfer to compact
02-03 20:41:38.270 I/InputDispatcher( 1741): setFocusedApplication displayId=0 ActivityRecord{c0ace5a u0 com.android.launcher/.Launcher} t6}
02-03 20:41:38.270 I/libPowerHal(  863): [perfLockRel] hdl:95073, idx:1
02-03 20:41:38.270 I/libPowerHal(  863): [PD] MTKPOWER_HINT_APP_TOUCH update cmd:3408600 param:0
02-03 20:41:38.271 I/mtkpower_client( 1741): perf_lock_rel, hdl:95075, tid:2265
02-03 20:41:38.272 I/mtkpower_client( 1741): perf_lock_acq, hdl:95075, dur:0, num:10, tid:2265
02-03 20:41:38.272 I/libPowerHal(  863): [perfLockRel] hdl:95075, idx:0
02-03 20:41:38.272 I/libPowerHal(  863): [PD] system_server update cmd:1c3c000 param:1
02-03 20:41:38.272 I/libPowerHal(  863): [PD] (more) /proc/mcdi/state set +prefix:enable 1;
02-03 20:41:38.272 I/libPowerHal(  863): [PD] system_server update cmd:2004100 param:2
02-03 20:41:38.273 I/mtkpower_client( 1741): ret_hdl:95077
02-03 20:41:38.274 D/TaskFragmentExtImpl( 1741): addColorModeOnResume resume=true pkg = com.android.launcher
02-03 20:41:38.275 D/ScreenStatusProducer(10477): Current queue status: isIdle = true, isPolling = true
02-03 20:41:38.284 D/LauncherClient( 2561): getThreadPriority -10
02-03 20:41:38.285 I/bpas    ( 5675): onStart
02-03 20:41:38.285 D/VRI[MainActivity](24478): dispatchAppVisibility visible:false
02-03 20:41:38.285 D/VRI[MainActivity](24478): dispatchAppVisibility visible:false
02-03 20:41:38.285 I/OplusAppSwitchManagerService( 1741):  handleAppVisible , r = ActivityRecord{c0ace5a u0 com.android.launcher/.Launcher} t6}
02-03 20:41:38.287 I/bmyl    ( 5675): (REDACTED) [%s] onStart()
02-03 20:41:38.287 I/bnaq    ( 5675): Reloading theme data
02-03 20:41:38.289 I/bpas    ( 5675): onResume
02-03 20:41:38.293 E/OplusThermalStats( 1741): Error getting package info: com.android.launcher
02-03 20:41:38.294 I/OplusJoystickManager( 1741): handleApplicationSwitch deprecated!
02-03 20:41:38.294 D/OplusAppSwitchListener( 1741): Detect com.wholexale.app.staging switch to background
02-03 20:41:38.294 I/PowerHalWrapper( 1741): amsBoostNotify pid:2561,activity:com.android.launcher.Launcher, package:com.android.launcher, mProcessCreatePackcom.wholexale.app.staging 
02-03 20:41:38.294 D/OplusEapManager( 1741): mTargetExitName :com.wholexale.app.staging
02-03 20:41:38.294 I/PowerHalWrapper( 1741): state: 1 
02-03 20:41:38.294 V/DCSEX-AppSwitchManager( 1741): OnAppSwitchObserver: onAppExit, resuming = com.android.launcher, target = com.wholexale.app.staging, is ResumingFirstStart =  false, is ResumingMultiApp =  false, extensionInfo =  Bundle[{taskId=6, uid=10106}]
02-03 20:41:38.295 I/mtkpower_client( 1741): [Legacy][PowerHal_Wrap_notifyAppState] com.android.launcher/com.android.launcher.Launcher pid=2561 state:1
02-03 20:41:38.295 D/VRR [OPlusFrontAppManager]( 1741): OnAppSwitchObserver: onAppExit , info.targetName = com.wholexale.app.staging
02-03 20:41:38.295 I/game_scn( 1741): collectForegroundAppList packName=com.android.launcher, actName=com.android.launcher.Launcher, pid=2561, uid=10106, state:RESUMED
02-03 20:41:38.295 D/VRR [OPlusFrontAppManager]( 1741): packageName: null
02-03 20:41:38.295 I/PowerHalWrapper( 1741): amsBoostNotify AMS_BOOST_PROCESS_CREATE_BOOST:true 
02-03 20:41:38.295 D/DCSEX-AppLaunchEventRecorder( 1741): onAppSwitch from = com.wholexale.app.staging to = com.android.launcher
02-03 20:41:38.295 D/DCSEX-AppLaunchEventRecorder( 1741): recordExitApp = com.wholexale.app.staging
02-03 20:41:38.296 I/libPowerHal(  863): [perfNotifyAppState] foreground:com.android.launcher, pid:2561, uid:10106
02-03 20:41:38.296 E/OplusTrack-ApkInfoUtil( 1741): java.lang.NullPointerException: Attempt to invoke virtual method 'java.lang.Object android.os.Bundle.get(java.lang.String)' on a null object reference
02-03 20:41:38.296 W/System.err( 1741): java.lang.NullPointerException: Attempt to invoke virtual method 'java.lang.Object android.os.Bundle.get(java.lang.String)' on a null object reference
02-03 20:41:38.296 W/System.err( 1741): 	at t6.a.a(ApkInfoUtil.java:6)
02-03 20:41:38.296 W/System.err( 1741): 	at m6.b.<init>(TrackEvent.java:10)
02-03 20:41:38.296 W/System.err( 1741): 	at m6.a.<init>(CommonBean.java:1)
02-03 20:41:38.296 E/UxUtility(  863): notifyAppState error = NULL
02-03 20:41:38.296 W/System.err( 1741): 	at k6.f.b(OplusTrack.java:1)
02-03 20:41:38.296 W/System.err( 1741): 	at q6.b$c.d(AppLaunchEventRecorder.java:9)
02-03 20:41:38.296 I/TouchUtility(  863): notifyAppState error = NULL
02-03 20:41:38.296 W/System.err( 1741): 	at q6.b$c.a(AppLaunchEventRecorder.java:7)
02-03 20:41:38.296 W/System.err( 1741): 	at q6.a.b(Unknown Source:2)
02-03 20:41:38.296 W/System.err( 1741): 	at n6.c.accept(Unknown Source:1)
02-03 20:41:38.296 W/System.err( 1741): 	at java.util.concurrent.CopyOnWriteArrayList.forEach(CopyOnWriteArrayList.java:895)
02-03 20:41:38.296 W/System.err( 1741): 	at n6.b.run(Unknown Source:1)
02-03 20:41:38.296 W/System.err( 1741): 	at java.util.concurrent.ThreadPoolExecutor.runWorker(ThreadPoolExecutor.java:1154)
02-03 20:41:38.296 W/System.err( 1741): 	at java.util.concurrent.ThreadPoolExecutor$Worker.run(ThreadPoolExecutor.java:652)
02-03 20:41:38.296 W/System.err( 1741): 	at java.lang.Thread.run(Thread.java:1563)
02-03 20:41:38.296 W/OplusTrack-TrackEvent( 1741): appId is empty
02-03 20:41:38.296 I/mtkpower@impl(  863): [notifyAppState] pc:0, com.wholexale.app.staging => com.android.launcher
02-03 20:41:38.296 D/OplusAppSwitchListener( 1741): Detect com.android.launcher switch to foreground
02-03 20:41:38.296 D/OplusEapManager( 1741): mTargetEnterName :com.android.launcher
02-03 20:41:38.296 D/OplusLatencyOptimizerManager( 1741): enter pkg: com.android.launcher isPrevBlackAppTop: false mIsBlackAppTop: false
02-03 20:41:38.297 V/DCSEX-AppSwitchManager( 1741): OnAppSwitchObserver: onAppEnter, launchedFrom =  null, target =  com.android.launcher, is firstStart =  false, is multiApp =  false, extensionInfo =  Bundle[{taskId=6, pid=2561, uid=10106, versionCode=13000051}]
02-03 20:41:38.297 D/VRR [OPlusRefreshRateService]( 1741): handleFrontAppChange pkgName: null
02-03 20:41:38.297 D/VRR [OPlusFrontAppManager]( 1741): OnAppSwitchObserver: onAppEnter , info.targetName = com.android.launcher
02-03 20:41:38.297 D/VRR [OPlusFrontAppManager]( 1741): packageName: com.android.launcher
02-03 20:41:38.297 E/Athena  ( 1741): MemoryGuardAction: handleAppChange
02-03 20:41:38.297 D/VRR [OPlusExternalRefreshRateManager]( 1741): setFrontPackageName pkgName: null CurPkgName: com.wholexale.app.staging
02-03 20:41:38.297 D/VRR [OPlusRefreshRateService]( 1741): handleFrontAppChange pkgName: com.android.launcher
02-03 20:41:38.297 D/VRR [OPlusExternalRefreshRateManager]( 1741): setFrontPackageName pkgName: com.android.launcher CurPkgName: null
02-03 20:41:38.298 I/Athena  ( 2533): AthenaDynamicReceiver: pre_app:com.wholexale.app.staging, next_app:com.android.launcher(10106|2561)
02-03 20:41:38.298 D/ZoomAppController(23494): ignore onAppEnter: mCurrentZoomInfo is null
02-03 20:41:38.300 D/MultiStateCallback( 2561): [39571416] Adding [STATE_CURRENT_TASK_FINISHED (65536)] to [STATE_LAUNCHER_PRESENT, STATE_LAUNCHER_STARTED, STATE_LAUNCHER_DRAWN, STATE_LAUNCHER_BIND_TO_SERVICE, STATE_APP_CONTROLLER_RECEIVED, STATE_SCALED_CONTROLLER_RECENTS, STATE_GESTURE_STARTED, STATE_GESTURE_COMPLETED, STATE_CAPTURE_SCREENSHOT, STATE_SCREENSHOT_CAPTURED, STATE_SCREENSHOT_VIEW_SHOWN (15711)]
02-03 20:41:38.301 D/Layer   (  962): reparent to null sequence=37425, seq[30], name=Dim Layer for - Task=1559#37425
02-03 20:41:38.301 D/Layer   (  962): reparent to null sequence=37422, seq[2], name=Surface(name=f376551 NavigationBar0)/@0x9151ceb - animation-leash of insets_animation#37422
02-03 20:41:38.301 D/Layer   (  962): reparent to null sequence=37428, seq[107], name=Surface(name=Task=1559)/@0x9233881 - animation-leash of recents_animation#37428
02-03 20:41:38.301 D/Layer   (  962): reparent to null sequence=37427, seq[1], name=Surface(name=Task=6)/@0x9bbd6aa - animation-leash of recents_animation#37427
02-03 20:41:38.301 D/Layer   (  962): reparent to null sequence=37429, seq[2], name=Surface(name=WallpaperWindowToken{94e52a3 token=android.os.Binder@45c3e34})/@0x1de629b - animation-leash of window_animation#37429
02-03 20:41:38.301 D/Layer   (  962): reparent to null sequence=37421, seq[1], name=Surface(name=9a49e9b StatusBar)/@0x32ac83a - animation-leash of insets_animation#37421
02-03 20:41:38.302 D/OplusLayer(  962): ~Layer() sequence=37429, name=Surface(name=WallpaperWindowToken{94e52a3 token=android.os.Binder@45c3e34})/@0x1de629b - animation-leash of window_animation#37429
02-03 20:41:38.302 D/OplusLayer(  962): ~Layer() sequence=37427, name=Surface(name=Task=6)/@0x9bbd6aa - animation-leash of recents_animation#37427
02-03 20:41:38.302 D/OplusLayer(  962): ~Layer() sequence=37421, name=Surface(name=9a49e9b StatusBar)/@0x32ac83a - animation-leash of insets_animation#37421
02-03 20:41:38.302 D/OplusLayer(  962): ~Layer() sequence=37422, name=Surface(name=f376551 NavigationBar0)/@0x9151ceb - animation-leash of insets_animation#37422
02-03 20:41:38.303 I/PowerHalWrapper( 1741): amsBoostNotify pid:24478,activity:com.wholexale.app.MainActivity, package:com.wholexale.app.staging, mProcessCreatePackcom.wholexale.app.staging 
02-03 20:41:38.303 I/PowerHalWrapper( 1741): state: 0 
02-03 20:41:38.304 I/mtkpower_client( 1741): [Legacy][PowerHal_Wrap_notifyAppState] com.wholexale.app.staging/com.wholexale.app.MainActivity pid=24478 state:0
02-03 20:41:38.304 I/game_scn( 1741): collectForegroundAppList packName=com.wholexale.app.staging, actName=com.wholexale.app.MainActivity, pid=24478, uid=10853, state:PAUSED
02-03 20:41:38.304 I/PowerHalWrapper( 1741): amsBoostNotify AMS_BOOST_PROCESS_CREATE_BOOST:false 
02-03 20:41:38.304 I/FocusResolver( 1741): updateFocusedWindow, 43ad301 com.android.launcher/com.android.launcher.Launcher on display 0, reason: setFocusedWindow, result:   FocusedWindows:
02-03 20:41:38.304 I/FocusResolver( 1741):     displayId=0, name='43ad301 com.android.launcher/com.android.launcher.Launcher'
02-03 20:41:38.304 I/PowerHalWrapper( 1741): amsBoostStop AMS_BOOST_PACK_SWITCH:true, AMS_BOOST_ACT_SWITCH:false, AMS_BOOST_PROCESS_CREATE:false 
02-03 20:41:38.305 D/MultiStateCallback( 2561): [39571416] Adding [STATE_HANDLER_INVALIDATED (128)] to [STATE_LAUNCHER_PRESENT, STATE_LAUNCHER_STARTED, STATE_LAUNCHER_DRAWN, STATE_LAUNCHER_BIND_TO_SERVICE, STATE_APP_CONTROLLER_RECEIVED, STATE_SCALED_CONTROLLER_RECENTS, STATE_GESTURE_STARTED, STATE_GESTURE_COMPLETED, STATE_CAPTURE_SCREENSHOT, STATE_SCREENSHOT_CAPTURED, STATE_SCREENSHOT_VIEW_SHOWN, STATE_CURRENT_TASK_FINISHED (81247)]
02-03 20:41:38.305 D/OplusLayer(  962): ~Layer() sequence=37425, name=Dim Layer for - Task=1559#37425
02-03 20:41:38.305 I/DispPerfService(  962): updateLayerMask 9
02-03 20:41:38.306 D/VRI[Launcher]( 2561): onFocusEvent true
02-03 20:41:38.308 I/libPowerHal(  863): [perfLockRel] hdl:95076, idx:2
02-03 20:41:38.308 I/libPowerHal(  863): [PD] MTKPOWER_HINT_PACK_SWITCH update cmd:1000000, param:-1
02-03 20:41:38.309 I/libPowerHal(  863): [PD] MTKPOWER_HINT_PACK_SWITCH update cmd:1408300 param:0
02-03 20:41:38.309 W/Battery ( 6226): ThermalControlUtils: mForegroundPkg=com.android.launcher
02-03 20:41:38.309 D/VRR [OPlusRefreshRateService]( 1741):  setFrameRateTargetControl [ 0.0 , com.wholexale.app.staging , false , com.oplus.battery ]
02-03 20:41:38.309 D/VRR [OPlusRefreshRateService]( 1741):  setFrameRateTargetControl from [0, 1000, android.uid.system:1000]
02-03 20:41:38.309 D/VRR [OPlusExternalRefreshRateManager]( 1741):  [FRTC] FrameRate : 0 com.wholexale.app.staging false com.oplus.battery 0 1000
02-03 20:41:38.309 D/VRR [OPlusSurfaceFlingerController]( 1741):  add frtc FrameRate : 0 com.wholexale.app.staging false com.oplus.battery
02-03 20:41:38.309 I/VRR [FRTC](  962): setFrameRateTarget with [0, com.wholexale.app.staging, 0, com.oplus.battery, 1, 0, 1000]
02-03 20:41:38.309 W/VRR [FRTC](  962): invalid param { fps 0, proc_name com.wholexale.app.staging, strict_mode 0, description com.oplus.battery, proc_id 0, rate_status 0, backend Surface, version 1, pid 0, uid 1000, enable at 2026-02-03 20:41:38, disable waiting } for current status.
02-03 20:41:38.309 W/VRR [FRTC](  962): CurrentTarget size 0:
02-03 20:41:38.310 I/libPowerHal(  863): [PD] MTKPOWER_HINT_PACK_SWITCH update cmd:1000000 param:-1
02-03 20:41:38.311 W/libc    (10025): Access denied finding property "vendor.gsm.serial"
02-03 20:41:38.315 V/WindowManager( 1741): Relayout Window{8d7505a u0 com.wholexale.app.staging/com.wholexale.app.MainActivity}: viewVisibility=8, oldvis=0, req=1024x505
02-03 20:41:38.315 D/OplusRecentsView( 2561): getLastViewIndex() :13
02-03 20:41:38.316 W/Battery ( 6226): ThermalControllHandler: tempLevel=6,userMode=3,gameUserMode=-1,appType=-1,envTempType=1,appStates=[],appSwitchSafetyMode=false
02-03 20:41:38.317 D/OplusUIFirst_FB( 1741): com.android.launcher moveToTop:[]
02-03 20:41:38.317 D/OplusUIFirst_FB( 1741): List of ThreadOp: size=0 []
02-03 20:41:38.317 D/OplusUIFirst_FB( 1741): com.android.launcher boost hint: 2561
02-03 20:41:38.317 D/OplusUIFirst_FB( 1741): handleParaSwitch com.android.launcher null null 0
02-03 20:41:38.318 W/Battery ( 6226): ThermalControllerCenter: mSafetyState=10000
02-03 20:41:38.321 W/Battery ( 6226): ThermalControllHandler: tempGear=6,configItemName=common_config
02-03 20:41:38.322 D/OplusBatteryServiceFeature( 1741): setSmartCoolDown: coolDown = 5, normalCoolDown = 5, pkgName = com.android.launcher
02-03 20:41:38.323 D/vendor.oplus.hardware.charger@1.0-service(  893): set cooldown:5,  normalCoolDown:5
02-03 20:41:38.323 D/BLASTBufferQueue(24478): [VRI[MainActivity][com.wholexale.app.staging/com.wholexale.app.MainActivity]#1](f:0,a:1) destructor()
02-03 20:41:38.323 D/BufferQueueConsumer(24478): [VRI[MainActivity][com.wholexale.app.staging/com.wholexale.app.MainActivity]#1(BLAST Consumer)1](id:5f9e00000001,api:0,p:-1,c:24478) disconnect
02-03 20:41:38.324 W/libc    (10025): Access denied finding property "vendor.gsm.serial"
02-03 20:41:38.324 D/OplusUIFirst_FB( 1741): com.wholexale.app.staging moveToBack 24478
02-03 20:41:38.325 W/Battery ( 6226): ThermalControllHandler: MSG_THERMAL_CONTROL_CATEGORY_CHANGED
02-03 20:41:38.329 D/InputMethodManagerService( 1741): isSecurity: attribute.packageName=com.android.launcher mCurMethodId=com.google.android.inputmethod.latin/com.android.inputmethod.latin.LatinIME
02-03 20:41:38.329 D/InputMethodManagerService( 1741): isSecurity= false (  enable=false needShow=false inBlackList=false isExist=true )
02-03 20:41:38.333 I/GoogleInputMethodService( 5757): GoogleInputMethodService.onFinishInput():2099 
02-03 20:41:38.334 I/Module  ( 5757): DeviceLockedStatusModuleProvider$Module.updateDeviceLockedStatus():103 repeatCheckTimes = 0, locked = false
02-03 20:41:38.340 I/GoogleInputMethodService( 5757): GoogleInputMethodService.onStartInput():1371 onStartInput(EditorInfo{EditorInfo{packageName=com.android.launcher, inputType=0, inputTypeString=NULL, enableLearning=false, autoCorrection=false, autoComplete=false, imeOptions=0, privateImeOptions=null, actionName=UNSPECIFIED, actionLabel=null, initialSelStart=-1, initialSelEnd=-1, initialCapsMode=0, label=null, fieldId=-1, fieldName=null, extras=Bundle[{com.oplus.im.SCENES=0}], hintText=null, hintLocales=[]}}, false)
02-03 20:41:38.341 I/HardKeyTracker( 5757): HardKeyTracker.registerKeySequence():177 Register key sequence abgw{labelResId=0, callback=ojq@60e5d8f, lastModifier=0, keyCodes=[57, 57], actions=[1, 0]}
02-03 20:41:38.341 I/HardKeyTracker( 5757): HardKeyTracker.registerKeySequence():177 Register key sequence abgw{labelResId=0, callback=ojq@39981c, lastModifier=0, keyCodes=[58, 58], actions=[1, 0]}
02-03 20:41:38.343 I/Module  ( 5757): DeviceLockedStatusModuleProvider$Module.updateDeviceLockedStatus():103 repeatCheckTimes = 1, locked = false
02-03 20:41:38.344 V/WindowManager( 1741): Relayout Window{cd61b47 u0 com.wholexale.app.staging/com.wholexale.app.MainActivity}: viewVisibility=8, oldvis=0, req=1080x2400
02-03 20:41:38.351 D/Layer   (  962): reparent to null sequence=37416, seq[114], name=Surface(name=96ba97a InputMethod)/@0x94551ff - animation-leash of insets_animation#37416
02-03 20:41:38.354 D/InputMethodManagerService( 1741): onHandleImeWindowVisibleStatus: vis = 0, needsToShowImeSwitcher = false
02-03 20:41:38.357 D/BLASTBufferQueue(24478): [VRI[MainActivity][com.wholexale.app.staging/com.wholexale.app.MainActivity]#0](f:0,a:1) destructor()
02-03 20:41:38.357 D/BufferQueueConsumer(24478): [VRI[MainActivity][com.wholexale.app.staging/com.wholexale.app.MainActivity]#0(BLAST Consumer)0](id:5f9e00000000,api:0,p:-1,c:24478) disconnect
02-03 20:41:38.359 I/ReactNativeJNI(24478): Memory warning (pressure level: TRIM_MEMORY_UI_HIDDEN) received by JS VM, ignoring because it's non-severe
02-03 20:41:38.363 D/VRI[MainActivity](24478): setWindowStopped stopped:true
02-03 20:41:38.364 D/VRI[MainActivity](24478): setWindowStopped stopped:true
02-03 20:41:38.367 D/OplusLayer(  962): ~Layer() sequence=37416, name=Surface(name=96ba97a InputMethod)/@0x94551ff - animation-leash of insets_animation#37416
02-03 20:41:38.380 D/OplusAtlas.OplusAtlasEventDispatch( 3289): setEvent:atlas_event_on_foreground_activities_changed info:pid:24478,uid:10853,hasForegroundActivities:0
02-03 20:41:38.380 V/DeepThinker( 7781): ProcessManager: onForegroundActivitiesChanged pid:24478, uid:10853, foregroundActivities:false
02-03 20:41:38.382 D/OplusAtlas.OplusAudioScene( 3289): callback success event:atlas_event_on_foreground_activities_changed eventInfo:pid:24478,uid:10853,hasForegroundActivities:0
02-03 20:41:38.382 D/OplusAtlas.OplusMessageHandler( 3289): handleMessage: Msg { when=0 what=2 obj=com.oplus.atlas.OplusAtlasEvent@9f46fa9 target=com.oplus.atlas.OplusMessageHandler$MyHandler }
02-03 20:41:38.383 D/Layer   (  962): reparent to null sequence=37412, seq[7], name=com.wholexale.app.staging/com.wholexale.app.MainActivity#37412
02-03 20:41:38.384 I/BufferQueueDebug(  962): [com.wholexale.app.staging/com.wholexale.app.MainActivity#37412](this:0xb400007963f8a9e8,id:-1,api:0,p:-1,c:962) onDestructor()
02-03 20:41:38.384 D/OplusLayer(  962): ~Layer() sequence=37412, name=com.wholexale.app.staging/com.wholexale.app.MainActivity#37412
02-03 20:41:38.386 V/ListServiceUtils( 1741): checkInListByUid start module:custom-icc uid:1000  time 100455715452us
02-03 20:41:38.386 V/ListServiceUtils( 1741): checkInListByUid end module:custom-icc uid:1000  time 100455715755us
02-03 20:41:38.386 D/ListServiceUtils( 1741): checkInListByUid module:custom-icc uid:1000 cost 303us return 0
02-03 20:41:38.386 D/MMListService( 1175): getListValueByUid module:image-processing, uid:1000
02-03 20:41:38.387 V/ListServiceUtils( 1741): checkInListByUid module:image-processing uid:1000 cost 178us return (null)
02-03 20:41:38.387 V/JpegEncoderExtImpl( 1741): Resolution: 1080 x 2400,support: 0;
02-03 20:41:38.399 D/OplusAppListInterceptManager( 1741): shouldFilterTask
02-03 20:41:38.399 D/OplusAppListInterceptManager( 1741): shouldFilterTask::packageName = com.wholexale.app.staging
02-03 20:41:38.399 D/OplusAppListInterceptManager( 1741): shouldFilterTask
02-03 20:41:38.399 D/OplusAppListInterceptManager( 1741): shouldFilterTask::packageName = com.android.settings
02-03 20:41:38.399 D/OplusSplitScreenManagerService( 1741): com.android.settings unSupportsSplitScreen by blockList or ForbidActivityList
02-03 20:41:38.399 D/OplusSplitScreenManagerService( 1741): com.android.settings unSupportsSplitScreen by blockList or ForbidActivityList
02-03 20:41:38.413 D/OplusAtlasService( 3289): getAttributeByAppName module:oplus-getStreamMaxVolume packageName:com.cricbuzz.android
02-03 20:41:38.417 D/AudioManagerExtImpl(31255): getStreamVolume packageName=com.cricbuzz.android, index=8, streamType=3
02-03 20:41:38.418 W/Bitmap  ( 1741): Called getWidth() on a recycle()'d bitmap! This is undefined behavior!
02-03 20:41:38.418 W/Bitmap  ( 1741): Called getHeight() on a recycle()'d bitmap! This is undefined behavior!
02-03 20:41:38.428 V/ListServiceUtils( 1741): checkInListByUid start module:custom-icc uid:1000  time 100455757318us
02-03 20:41:38.428 V/ListServiceUtils( 1741): checkInListByUid end module:custom-icc uid:1000  time 100455757543us
02-03 20:41:38.428 D/ListServiceUtils( 1741): checkInListByUid module:custom-icc uid:1000 cost 225us return 0
02-03 20:41:38.428 D/MMListService( 1175): getListValueByUid module:image-processing, uid:1000
02-03 20:41:38.428 V/ListServiceUtils( 1741): checkInListByUid module:image-processing uid:1000 cost 90us return (null)
02-03 20:41:38.428 V/JpegEncoderExtImpl( 1741): Resolution: 540 x 1200,support: 0;
02-03 20:41:38.483 D/Layer   (  962): reparent to null sequence=37423, seq[4], name=com.wholexale.app.staging/com.wholexale.app.MainActivity#37423
02-03 20:41:38.499 D/Layer   (  962): reparent to null sequence=37435, seq[34], name=Surface(name=8d7505a com.wholexale.app.staging/com.wholexale.app.MainActivity)/@0xde30803 - animation-leash of window_animation#37435
02-03 20:41:38.500 I/BufferQueueDebug(  962): [com.wholexale.app.staging/com.wholexale.app.MainActivity#37423](this:0xb4000079753c09e8,id:-1,api:0,p:-1,c:962) onDestructor()
02-03 20:41:38.500 D/OplusLayer(  962): ~Layer() sequence=37423, name=com.wholexale.app.staging/com.wholexale.app.MainActivity#37423
02-03 20:41:38.500 D/OplusLayer(  962): ~Layer() sequence=37435, name=Surface(name=8d7505a com.wholexale.app.staging/com.wholexale.app.MainActivity)/@0xde30803 - animation-leash of window_animation#37435
02-03 20:41:38.516 I/ndroid.launcher( 2561): NativeAlloc concurrent copying GC freed 3377KB AllocSpace bytes, 9(244KB) LOS objects, 49% free, 11MB/22MB, paused 168us,49us total 111.613ms
02-03 20:41:38.518 W/System  ( 2561): A resource failed to call release. 
02-03 20:41:38.518 W/System  ( 2561): A resource failed to call release. 
02-03 20:41:38.519 W/System  ( 2561): A resource failed to call release. 
02-03 20:41:38.532 D/OplusLayer(  962): ~Layer() sequence=37407, name=Surface(name=WallpaperWindowToken{94e52a3 token=android.os.Binder@45c3e34})/@0x1de629b - animation-leash of window_animation#37407
02-03 20:41:38.532 D/OplusLayer(  962): ~Layer() sequence=37382, name=Surface(name=Task=6)/@0x9bbd6aa - animation-leash of app_transition#37382
02-03 20:41:38.533 D/OplusLayer(  962): ~Layer() sequence=37381, name=Surface(name=Task=1558)/@0x878758d - animation-leash of app_transition#37381
02-03 20:41:38.625 W/InputDispatcherExtImpl( 1741): MotionEvent action_down is in invalid region, x: 552.500000, y: 2398.500000
02-03 20:41:38.625 W/InputDispatcherExtImpl( 1741): MotionEvent action_down is in invalid region, x: 552.500000, y: 2398.500000
02-03 20:41:38.625 W/InputDispatcherExtImpl( 1741): MotionEvent action_down is in invalid region, x: 552.500000, y: 2398.500000
02-03 20:41:38.625 I/mtkpower_client( 1741): perf_lock_rel, hdl:95077, tid:2265
02-03 20:41:38.625 W/InputDispatcherExtImpl( 1741): MotionEvent action_down is in invalid region, x: 552.500000, y: 2398.500000
02-03 20:41:38.625 I/mtkpower_client( 1741): perf_lock_acq, hdl:95077, dur:0, num:10, tid:2265
02-03 20:41:38.625 D/OGG_Detector( 1741): D:done mCurrStatus: 0
02-03 20:41:38.625 D/PowerManagerService( 1741): userActivityNoUpdateLocked: groupId=0, eventTime=100455952, event=2, flags=0x0, uid=1000
02-03 20:41:38.626 D/NoBackGesture( 2210): Start gesture: MotionEvent { action=ACTION_DOWN, actionButton=0, id[0]=0, x[0]=552.5, y[0]=2398.5, toolType[0]=TOOL_TYPE_FINGER, buttonState=0, classification=NONE, metaState=0, flags=0x0, edgeFlags=0x0, pointerCount=1, historySize=0, eventTime=100455952, downTime=100455952, deviceId=4, source=0x1002, displayId=0, eventId=533201511 }
02-03 20:41:38.626 D/NoBackGesture( 2210): Not in side gesture area
02-03 20:41:38.626 D/NoBackGesture( 2210): gestureBar animation: gestureBarNotHide = false, isCorrectHomeHandle = true
02-03 20:41:38.626 I/libPowerHal(  863): [perfLockRel] hdl:95077, idx:0
02-03 20:41:38.627 I/libPowerHal(  863): system_server: cpu_ctrl set cpu freq: -1 -1 -1 -1
02-03 20:41:38.627 I/libPowerHal(  863): [PD] system_server update cmd:1c3c000 param:1
02-03 20:41:38.627 I/libPowerHal(  863): [PD] (more) /proc/mcdi/state set +prefix:enable 1;
02-03 20:41:38.627 I/libPowerHal(  863): [PD] system_server update cmd:2004100 param:2
02-03 20:41:38.628 I/mtkpower_client( 1741): ret_hdl:95079
02-03 20:41:38.628 I/libPowerHal(  863): system_server: cpu_ctrl set cpu freq: 2000000 -1 2200000 -1
02-03 20:41:38.665 D/DockIconView( 2561): updatePaintFilter: mBitmapShader = null,mul=254,alpha=0.0,mDimAlpha=4.0704013E-5
02-03 20:41:38.665 D/OplusScrollToTopManager(24478): unregisterGuidePopupDismissReceiverInSystemUI
02-03 20:41:38.665 D/OplusRecentsView( 2561): getLastViewIndex() :12
02-03 20:41:38.666 D/OplusScrollToTopManager(24478): Receiver not registered: android.view.OplusScrollToTopManager$1@c4b0106
02-03 20:41:38.666 D/OplusScrollToTopManager(24478): unregisterSystemUIBroadcastReceiver 
02-03 20:41:38.666 D/OplusScrollToTopManager(24478): java.lang.IllegalArgumentException: Receiver not registered: android.view.OplusScrollToTopManager$2@6e373c7
02-03 20:41:38.666 D/DockIconView( 2561): updatePaintFilter: mBitmapShader = null,mul=255,alpha=0.7025,mDimAlpha=0.0
02-03 20:41:38.666 D/DockIconView( 2561): updatePaintFilter: mBitmapShader = null,mul=204,alpha=0.5775,mDimAlpha=0.2
02-03 20:41:38.666 E/TaskPersister( 1741): File error accessing recents directory (directory doesn't exist?).
02-03 20:41:38.666 D/DockIconView( 2561): onIconListVisibilityChanged: mTask = [id=1532 windowingMode=1 user=0 lastActiveTime=115883266, displayId=-1] null,alpha=1.0,l=780,t=0,r=900,b=120
02-03 20:41:38.666 D/DockIconView( 2561): onIconListVisibilityChanged: mTask = [id=1531 windowingMode=1 user=0 lastActiveTime=113986995, displayId=0] null,alpha=1.0,l=630,t=0,r=750,b=120
02-03 20:41:38.666 D/DockIconView( 2561): onIconListVisibilityChanged: mTask = [id=1522 windowingMode=1 user=0 lastActiveTime=109205612, displayId=0] null,alpha=1.0,l=480,t=0,r=600,b=120
02-03 20:41:38.666 D/CoreBackPreview( 1741): Window{8d7505a u0 com.wholexale.app.staging/com.wholexale.app.MainActivity}: Setting back callback null
02-03 20:41:38.666 D/DockIconView( 2561): onIconListVisibilityChanged: mTask = [id=1555 windowingMode=1 user=0 lastActiveTime=124459863, displayId=0] Settings,alpha=0.7025,l=2280,t=0,r=2400,b=120
02-03 20:41:38.666 D/DockIconView( 2561): refresh: scale = 0.90909094,bm.width=132,icon.width=120,measureWidth=120
02-03 20:41:38.666 D/DockIconView( 2561): updatePaintFilter: mBitmapShader = android.graphics.BitmapShader@8993339,mul=255,alpha=0.7025,mDimAlpha=0.0
02-03 20:41:38.666 D/DockIconView( 2561): onIconListVisibilityChanged: mTask = [id=1523 windowingMode=1 user=0 lastActiveTime=124368944, displayId=0] Cricbuzz,alpha=0.5775,l=2130,t=0,r=2250,b=120
02-03 20:41:38.666 D/DockIconView( 2561): refresh: scale = 0.90909094,bm.width=132,icon.width=120,measureWidth=120
02-03 20:41:38.666 D/DockIconView( 2561): updatePaintFilter: mBitmapShader = android.graphics.BitmapShader@dec5d7e,mul=204,alpha=0.5775,mDimAlpha=0.0
02-03 20:41:38.667 D/DockIconView( 2561): updatePaintFilter: mBitmapShader = null,mul=204,alpha=1.0,mDimAlpha=0.2
02-03 20:41:38.667 D/DockIconView( 2561): updatePaintFilter: mBitmapShader = null,mul=204,alpha=1.0,mDimAlpha=0.2
02-03 20:41:38.667 V/ZoomWindowDecorView(24478): removeZoomView
02-03 20:41:38.667 D/OplusRecentsView( 2561): getLastViewIndex() :12
02-03 20:41:38.668 W/InputManager-JNI( 1741): Input channel object '8d7505a com.wholexale.app.staging/com.wholexale.app.MainActivity (client)' was disposed without first being removed with the input manager!
02-03 20:41:38.669 V/StatusBar( 2210): onReceive: Intent { act=android.intent.action.CLOSE_SYSTEM_DIALOGS flg=0x50000010 (has extras) }
02-03 20:41:38.669 I/MainLooperBlockDetector( 5725): com.coloros.common.utils.RxSystemKeyEventMonitor$systemKeyEventReceiver$1.onReceive
02-03 20:41:38.669 I/MainLooperBlockDetector( 5725): checkMainLooperBlocked: detector not initialized
02-03 20:41:38.669 I/AstScreen.RxSystemKeyEventMonitor( 5725): HomeKey Receiver Reason = recentapps
02-03 20:41:38.669 V/ShadeControllerImpl( 2210): NotificationShadeWindow: com.android.systemui.statusbar.phone.NotificationShadeWindowView{39b9082 I.E...... ......ID 0,0-1080,2400} canPanelBeCollapsed(): false
02-03 20:41:38.670 D/DockIconView( 2561): refresh: scale = 0.90909094,bm.width=132,icon.width=120,measureWidth=120
02-03 20:41:38.670 D/DockIconView( 2561): updatePaintFilter: mBitmapShader = android.graphics.BitmapShader@f9462df,mul=204,alpha=1.0,mDimAlpha=0.2
02-03 20:41:38.678 E/unknown:ReactNative(24478): Tried to remove non-existent frame callback
02-03 20:41:38.679 I/ActivityManager( 1741): Killing 24478:com.wholexale.app.staging/u0a853 (adj 905): remove task
02-03 20:41:38.679 D/OplusScrollToTopManager(24478): unregisterGuidePopupDismissReceiverInSystemUI
02-03 20:41:38.681 I/Athena  ( 2533): AthenaService: onStartCommand action: oplus.intent.action.REQUEST_CLEAR_SPEC_APP
02-03 20:41:38.681 D/Layer   (  962): reparent to null sequence=37420, seq[11], name=8d7505a com.wholexale.app.staging/com.wholexale.app.MainActivity#37420
02-03 20:41:38.682 D/OplusLayer(  962): ~Layer() sequence=37420, name=8d7505a com.wholexale.app.staging/com.wholexale.app.MainActivity#37420
02-03 20:41:38.685 I/WallpaperManagerServiceExt( 1741): getFoldWallpaperInfo user=0 which=32 phyDisplay=1
02-03 20:41:38.685 I/WallpaperManagerServiceExt( 1741): getFoldWallpaperInfo user=0 which=16 phyDisplay=1
02-03 20:41:38.685 I/WallpaperManagerServiceExt( 1741): getFoldWallpaperInfo user=999 which=32 phyDisplay=1
02-03 20:41:38.685 I/WallpaperManagerServiceExt( 1741): getFoldWallpaperInfo user=999 which=16 phyDisplay=1
02-03 20:41:38.685 I/libprocessgroup( 1741): Successfully killed process cgroup uid 10853 pid 24478 in 5ms
02-03 20:41:38.686 D/OplusAppListInterceptManager( 1741): shouldFilterTask
02-03 20:41:38.686 D/OplusAppListInterceptManager( 1741): shouldFilterTask::packageName = com.android.settings
02-03 20:41:38.686 D/OplusSplitScreenManagerService( 1741): com.android.settings unSupportsSplitScreen by blockList or ForbidActivityList
02-03 20:41:38.686 D/OplusSplitScreenManagerService( 1741): com.android.settings unSupportsSplitScreen by blockList or ForbidActivityList
02-03 20:41:38.686 D/OplusAppListInterceptManager( 1741): shouldFilterTask
02-03 20:41:38.686 D/OplusAppListInterceptManager( 1741): shouldFilterTask::packageName = com.cricbuzz.android
02-03 20:41:38.687 D/OplusAppListInterceptManager( 1741): shouldFilterTask
02-03 20:41:38.687 D/OplusAppListInterceptManager( 1741): shouldFilterTask::packageName = com.twitter.android
02-03 20:41:38.687 D/OplusAppListInterceptManager( 1741): shouldFilterTask
02-03 20:41:38.687 D/OplusAppListInterceptManager( 1741): shouldFilterTask::packageName = com.google.android.gm
02-03 20:41:38.687 D/OplusAppListInterceptManager( 1741): shouldFilterTask
02-03 20:41:38.687 D/OplusAppListInterceptManager( 1741): shouldFilterTask::packageName = com.whatsapp
02-03 20:41:38.687 D/OplusAppListInterceptManager( 1741): shouldFilterTask
02-03 20:41:38.687 D/OplusAppListInterceptManager( 1741): shouldFilterTask::packageName = com.whatsapp
02-03 20:41:38.687 D/OplusAppListInterceptManager( 1741): shouldFilterTask
02-03 20:41:38.687 D/OplusAppListInterceptManager( 1741): shouldFilterTask::packageName = com.whatsapp.w4b
02-03 20:41:38.687 D/OplusAppListInterceptManager( 1741): shouldFilterTask
02-03 20:41:38.687 D/OplusAppListInterceptManager( 1741): shouldFilterTask::packageName = com.google.android.youtube
02-03 20:41:38.687 D/OplusAppListInterceptManager( 1741): shouldFilterTask
02-03 20:41:38.687 D/OplusAppListInterceptManager( 1741): shouldFilterTask::packageName = com.microsoft.bing
02-03 20:41:38.687 D/OplusAppListInterceptManager( 1741): shouldFilterTask
02-03 20:41:38.687 D/OplusAppListInterceptManager( 1741): shouldFilterTask::packageName = com.snapchat.android
02-03 20:41:38.687 D/OplusSplitScreenManagerService( 1741): com.snapchat.android unSupportsSplitScreen by blockList or ForbidActivityList
02-03 20:41:38.687 D/OplusAppListInterceptManager( 1741): shouldFilterTask
02-03 20:41:38.687 D/OplusAppListInterceptManager( 1741): shouldFilterTask::packageName = com.coloros.assistantscreen
02-03 20:41:38.687 D/OplusAppListInterceptManager( 1741): shouldFilterTask
02-03 20:41:38.687 D/OplusAppListInterceptManager( 1741): shouldFilterTask::packageName = com.truecaller
02-03 20:41:38.687 D/OplusAppListInterceptManager( 1741): shouldFilterTask
02-03 20:41:38.687 D/OplusAppListInterceptManager( 1741): shouldFilterTask::packageName = com.google.android.apps.messaging
02-03 20:41:38.689 I/DeepThinkerSDK( 1741): [APP] ClientConnection: getDeepThinkerBridge start
02-03 20:41:38.689 I/DeepThinkerSDK( 1741): [APP] ClientConnection: getDeepThinkerBridge end
02-03 20:41:38.691 I/DeepThinkerSDK( 1741): [APP] ClientConnection: getDeepThinkerBridge start
02-03 20:41:38.691 I/DeepThinkerSDK( 1741): [APP] ClientConnection: getDeepThinkerBridge end
02-03 20:41:38.695 I/DeepThinkerSDK( 1741): [APP] ClientConnection: getDeepThinkerBridge start
02-03 20:41:38.695 I/DeepThinkerSDK( 1741): [APP] ClientConnection: getDeepThinkerBridge end
02-03 20:41:38.697 D/AudioServiceExtImpl( 1741): oplusGetParameters() keyValuePairs:OPLUS_AUDIO_GET_FOCUS_STACK, uid: 1000
02-03 20:41:38.699 I/DeepThinkerSDK( 1741): [APP] ClientConnection: getDeepThinkerBridge start
02-03 20:41:38.700 I/DeepThinkerSDK( 1741): [APP] ClientConnection: getDeepThinkerBridge end
02-03 20:41:38.702 I/WallpaperManagerServiceExt( 1741): getFoldWallpaperInfo user=0 which=32 phyDisplay=1
02-03 20:41:38.702 I/WallpaperManagerServiceExt( 1741): getFoldWallpaperInfo user=0 which=16 phyDisplay=1
02-03 20:41:38.702 I/WallpaperManagerServiceExt( 1741): getFoldWallpaperInfo user=999 which=32 phyDisplay=1
02-03 20:41:38.702 I/WallpaperManagerServiceExt( 1741): getFoldWallpaperInfo user=999 which=16 phyDisplay=1
02-03 20:41:38.702 I/DeepThinkerSDK( 1741): [APP] ClientConnection: getDeepThinkerBridge start
02-03 20:41:38.702 I/DeepThinkerSDK( 1741): [APP] ClientConnection: getDeepThinkerBridge end
02-03 20:41:38.706 E/OplusAthenaAm( 1741): AthenaAmManagerInternal transact code hello:6,flags:0
02-03 20:41:38.706 E/OplusAthenaAm( 1741): AthenaAmManagerInternal transact code hello:7,flags:0
02-03 20:41:38.706 W/Athena  ( 1741): BaseAppCare: recently lock apps is null
02-03 20:41:38.708 W/Athena  ( 1741): BaseAppCare: downloading apps is null
02-03 20:41:38.708 I/DeepThinkerSDK( 1741): [APP] ClientConnection: getDeepThinkerBridge start
02-03 20:41:38.708 I/DeepThinkerSDK( 1741): [APP] ClientConnection: getDeepThinkerBridge end
02-03 20:41:38.716 I/DeepThinkerSDK( 1741): [APP] ClientConnection: getDeepThinkerBridge start
02-03 20:41:38.716 I/DeepThinkerSDK( 1741): [APP] ClientConnection: getDeepThinkerBridge end
02-03 20:41:38.717 I/libPowerHal(  863): [perfLockRel] hdl:95078, idx:1
02-03 20:41:38.717 I/libPowerHal(  863): [PD] MTKPOWER_HINT_APP_TOUCH update cmd:3408600 param:0
02-03 20:41:38.717 D/b/223498680( 2561): BaseRecentsViewStateController setStateWithAnimation state=Normal, config.skipOverview=false
02-03 20:41:38.719 I/DeepThinkerSDK( 1741): [APP] ClientConnection: getDeepThinkerBridge start
02-03 20:41:38.719 I/DeepThinkerSDK( 1741): [APP] ClientConnection: getDeepThinkerBridge end
02-03 20:41:38.720 D/b/223498680( 2561): LRV onStateTransitionStart setFreezeVisibility=true, toState=Normal
02-03 20:41:38.722 I/ClientCache(  962): removeProcess: Cache owner=0xb40000798fc16840
02-03 20:41:38.722 D/DisplayManagerService( 1741): Display listener for pid 24478 died.
02-03 20:41:38.723 I/Zygote  (  819): Process 24478 exited due to signal 9 (Killed)
02-03 20:41:38.725 V/DeepThinker( 7781): ProcessManager: onProcessDied pid:24478, uid:10853
02-03 20:41:38.725 D/OplusUIFirst_FB( 1741): com.wholexale.app.staging remove pid: 24478
02-03 20:41:38.725 I/OplusHansManager ( 1741): onUidGone(), 10853 com.wholexale.app.staging exit SM
02-03 20:41:38.726 D/SensorService( 1741): onUidStateChanged uid = 10853, state = UID_STATE_IDLE
02-03 20:41:38.727 I/OplusHansManager ( 1741): uid=10853, pkg=com.wholexale.app.staging R exit SM
02-03 20:41:38.727 I/OplusHansManager ( 1741): uid=10853, pkg=com.wholexale.app.staging R exit(), R stay=0
02-03 20:41:38.727 I/mtkpower_client( 1741): [Legacy][PowerHal_Wrap_notifyAppState] com.wholexale.app.staging/com.wholexale.app.staging pid=24478 state:3
02-03 20:41:38.727 I/game_scn( 1741): collectForegroundAppList packName=com.wholexale.app.staging, actName=com.wholexale.app.staging, pid=24478, uid=10853, state:DEAD
02-03 20:41:38.728 D/RilUtility(  863): notify_rild_crash_pid_set certPid:-1, crash:24478, scn:0x0
02-03 20:41:38.729 W/InputManager-JNI( 1741): Input channel object 'cd61b47 com.wholexale.app.staging/com.wholexale.app.MainActivity (client)' was disposed without first being removed with the input manager!
02-03 20:41:38.730 W/UsageStatsService( 1741): Unexpected activity event reported! (com.wholexale.app.staging/com.wholexale.app.MainActivity event : 23 instanceId : 24404044)
02-03 20:41:38.733 I/SurfaceFlinger(  962): [SF client] REMOVE (0xb400007963f580c0) for (24478:com.wholexale.app.staging)
02-03 20:41:38.733 I/SurfaceFlinger(  962): [SF client] REMOVE (0xb4000079756f3980) for (24478:com.wholexale.app.staging)
02-03 20:41:38.740 D/OplusMirageWindowManagerService( 1741): onTaskRemoved displayid:0 taskId:1559 callers:com.android.server.wm.MirageWindowManagerExtImpl.onTaskRemoved:47 com.android.server.wm.TaskDisplayArea.removeChildTask:398 com.android.server.wm.TaskDisplayArea.removeChild:387 com.android.server.wm.WindowContainer.removeImmediately:891 com.android.server.wm.TaskFragment.removeImmediately:2904 
02-03 20:41:38.741 I/OplusScreenSecurityMask( 1741): onStackRemoved task = Task{2b3687f #1559 type=standard A=10853:com.wholexale.app.staging U=0 visible=false visibleRequested=false mode=fullscreen translucent=true sz=0} record = null displayId = 0
02-03 20:41:38.741 D/OplusAlwaysAliveManager( 1741): removing: 1559, ComponentInfo{com.wholexale.app.staging/com.wholexale.app.MainActivity}
02-03 20:41:38.741 D/TaskFragmentExtImpl( 1741): remove ActivityRecord{bab17d9 u0 com.wholexale.app.staging/com.wholexale.app.MainActivity} t-1 f}} to mActivityRecordSum = Counter{ }
02-03 20:41:38.747 D/Layer   (  962): reparent to null sequence=37411, seq[5], name=cd61b47 com.wholexale.app.staging/com.wholexale.app.MainActivity#37411
02-03 20:41:38.747 D/Layer   (  962): reparent to null sequence=37402, seq[4], name=ActivityRecord{bab17d9 u0 com.wholexale.app.staging/com.wholexale.app.MainActivity}#37402
02-03 20:41:38.747 D/Layer   (  962): reparent to null sequence=37401, seq[5], name=Task=1559#37401
02-03 20:41:38.747 D/Layer   (  962): reparent to null sequence=37437, seq[2], name=Task=1559#37437
02-03 20:41:38.748 D/OplusLayer(  962): ~Layer() sequence=37437, name=Task=1559#37437
02-03 20:41:38.748 D/OplusLayer(  962): ~Layer() sequence=37411, name=cd61b47 com.wholexale.app.staging/com.wholexale.app.MainActivity#37411
02-03 20:41:38.748 D/OplusLayer(  962): ~Layer() sequence=37402, name=ActivityRecord{bab17d9 u0 com.wholexale.app.staging/com.wholexale.app.MainActivity}#37402
02-03 20:41:38.748 I/DeepThinkerSDK( 1741): [APP] ClientConnection: getDeepThinkerBridge start
02-03 20:41:38.748 D/OplusLayer(  962): ~Layer() sequence=37410, name=3f3759e ActivityRecordInputSink com.wholexale.app.staging/com.wholexale.app.MainActivity#37410
02-03 20:41:38.748 I/DeepThinkerSDK( 1741): [APP] ClientConnection: getDeepThinkerBridge end
02-03 20:41:38.750 V/ShellTaskOrganizer( 2210): Task vanished taskId=1559
02-03 20:41:38.751 W/ActivityManager( 1741): setHasOverlayUi called on unknown pid: 24478
02-03 20:41:38.751 W/Athena  ( 1741): MemoryGuardAction: current is in launcher, no support to handle mini program
