--------- beginning of main
01-23 00:39:13.235 I/CardService[1006152].CardDataChannelImpl(11979): [7&200001&0_sid=536870911_rk=8a79b8] requestEstablishCardObservable, cardConfig=DecisionCardConfig(serviceId=536870911, type=7, name=@2132018313, desc=@2132018309, size=1, packageName=com.coloros.assistantscreen, componentName=com.oplus.assistantscreen.stepprovider.provider.StepCardProvider, category=2, supportActiveUpdate=true, minActiveUpdateInterval=1, updatePriority=1, maxUpdateFrequency=1, protocol=1, instantCardUrl=, supportSuperChannel=false)
01-23 00:39:13.236 I/Channel.Server[1000037].assistantscreen.IServerImpl(11979): createClientProxy,injectFactory<IClientPuller>,serverAuthority:com.oplus.cardservice.repository.provider.CardServiceServerProvider,clientName = [com.oplus.assistantscreen.stepprovider.provider.StepCardProvider], config = [ClientConfig(clientPackage='com.coloros.assistantscreen', providerAuthority='com.coloros.assistantscreen.stepprovider.provider.stepcardprovider', serviceComponent='com.oplus.assistantscreen.stepprovider.provider.StepCardProvider', aliveType=1, needNotify=false)]
01-23 00:39:13.236 I/Channel.Server[1000037].assistantscreen.ServerChannel(11979): initChannelWithContext,factory<IClientPuller>
01-23 00:39:13.237 I/Channel.Server[1000037].assistantscreen.ClientProxyImpl(n.stepprovider.provider.StepCardProvider)(11979): observe, businessTag=[7&200001&0_sid=536870911_rk=8a79b8], observeResStr=card:7&200001&0, this=229205325
01-23 00:39:13.237 I/CardService[1006152].CardServiceImpl(11979): [100&200001&0_sid=536871100_rk=b1eb70] realEstablishCardObservable, card = null
01-23 00:39:13.238 I/CardService[1006152].CardDataChannelImpl(11979): [100&200001&0_sid=536871100_rk=b1eb70] requestEstablishCardObservable, cardConfig=DecisionCardConfig(serviceId=536871100, type=100, name=@2132017572, desc=@2132017568, size=1, packageName=com.coloros.phonemanager, componentName=com.coloros.phonemanager.idleoptimize.CardDataProvider, category=2, supportActiveUpdate=true, minActiveUpdateInterval=1, updatePriority=1, maxUpdateFrequency=1, protocol=1, instantCardUrl=, supportSuperChannel=false)
01-23 00:39:13.239 I/Channel.Server[1000037].assistantscreen.IServerImpl(11979): createClientProxy,injectFactory<IClientPuller>,serverAuthority:com.oplus.cardservice.repository.provider.CardServiceServerProvider,clientName = [com.coloros.phonemanager.idleoptimize.CardDataProvider], config = [ClientConfig(clientPackage='com.coloros.phonemanager', providerAuthority='com.oplus.phonemanager.dataprovider', serviceComponent='com.coloros.phonemanager.idleoptimize.CardDataProvider', aliveType=1, needNotify=false)]
01-23 00:39:13.239 I/Channel.Server[1000037].assistantscreen.ServerChannel(11979): initChannelWithContext,factory<IClientPuller>
01-23 00:39:13.239 I/Channel.Server[1000037].assistantscreen.ClientProxyImpl(onemanager.idleoptimize.CardDataProvider)(11979): observe, businessTag=[100&200001&0_sid=536871100_rk=b1eb70], observeResStr=card:100&200001&0, this=167834899
01-23 00:39:13.240 I/CardService[1006152].CardServiceImpl(11979): [77&200001&0_sid=268455940_rk=f1828e] realEstablishCardObservable, card = null
01-23 00:39:13.240 I/CardService[1006152].CardDataChannelImpl(11979): [77&200001&0_sid=268455940_rk=f1828e] requestEstablishCardObservable, cardConfig=DecisionCardConfig(serviceId=268455940, type=77, name=@2132017554, desc=@2132017552, size=1, packageName=com.coloros.phonemanager, componentName=com.coloros.phonemanager.idleoptimize.CardDataProvider, category=2, supportActiveUpdate=true, minActiveUpdateInterval=1, updatePriority=1, maxUpdateFrequency=1, protocol=1, instantCardUrl=, supportSuperChannel=false)
01-23 00:39:13.240 I/Channel.Server[1000037].assistantscreen.ClientProxyImpl(onemanager.idleoptimize.CardDataProvider)(11979): observe, businessTag=[77&200001&0_sid=268455940_rk=f1828e], observeResStr=card:77&200001&0, this=167834899
01-23 00:39:13.241 I/CardService[1006152].CardServiceImpl(11979): [4&200001&0_sid=536871031_rk=59e706] realEstablishCardObservable, card = null
01-23 00:39:13.241 I/CardService[1006152].CardDataChannelImpl(11979): [4&200001&0_sid=536871031_rk=59e706] requestEstablishCardObservable, cardConfig=DecisionCardConfig(serviceId=536871031, type=4, name=@2131821527, desc=@2131820605, size=1, packageName=com.coloros.note, componentName=com.nearme.note.cardwidget.provider.NoteCardWidgetProvider, category=2, supportActiveUpdate=false, minActiveUpdateInterval=1, updatePriority=1, maxUpdateFrequency=1, protocol=1, instantCardUrl=, supportSuperChannel=false)
01-23 00:39:13.242 I/Channel.Server[1000037].assistantscreen.IServerImpl(11979): createClientProxy,injectFactory<IClientPuller>,serverAuthority:com.oplus.cardservice.repository.provider.CardServiceServerProvider,clientName = [com.nearme.note.cardwidget.provider.NoteCardWidgetProvider], config = [ClientConfig(clientPackage='com.coloros.note', providerAuthority='com.oplus.note.cardwidget', serviceComponent='com.nearme.note.cardwidget.provider.NoteCardWidgetProvider', aliveType=1, needNotify=false)]
01-23 00:39:13.243 I/Channel.Server[1000037].assistantscreen.ServerChannel(11979): initChannelWithContext,factory<IClientPuller>
01-23 00:39:13.243 I/Channel.Server[1000037].assistantscreen.ClientProxyImpl(rdwidget.provider.NoteCardWidgetProvider)(11979): observe, businessTag=[4&200001&0_sid=536871031_rk=59e706], observeResStr=card:4&200001&0, this=7248001
01-23 00:39:13.243 I/CardService[1006152].CardServiceImpl(11979): [69&200001&0_sid=536871069_rk=3e4911] realEstablishCardObservable, card = null
01-23 00:39:13.244 I/CardService[1006152].CardDataChannelImpl(11979): [69&200001&0_sid=536871069_rk=3e4911] requestEstablishCardObservable, cardConfig=DecisionCardConfig(serviceId=536871069, type=69, name=@2131820697, desc=@2131820662, size=1, packageName=com.coloros.alarmclock, componentName=com.coloros.refusedesktop.DialClockWidgetProvider, category=2, supportActiveUpdate=false, minActiveUpdateInterval=1, updatePriority=1, maxUpdateFrequency=1, protocol=1, instantCardUrl=, supportSuperChannel=false)
01-23 00:39:13.245 I/Channel.Server[1000037].assistantscreen.IServerImpl(11979): createClientProxy,injectFactory<IClientPuller>,serverAuthority:com.oplus.cardservice.repository.provider.CardServiceServerProvider,clientName = [com.coloros.refusedesktop.DialClockWidgetProvider], config = [ClientConfig(clientPackage='com.coloros.alarmclock', providerAuthority='com.coloros.alarmclock.provider.dialclock', serviceComponent='com.coloros.refusedesktop.DialClockWidgetProvider', aliveType=1, needNotify=false)]
01-23 00:39:13.245 I/Channel.Server[1000037].assistantscreen.ServerChannel(11979): initChannelWithContext,factory<IClientPuller>
01-23 00:39:13.246 I/Channel.Server[1000037].assistantscreen.ClientProxyImpl(os.refusedesktop.DialClockWidgetProvider)(11979): observe, businessTag=[69&200001&0_sid=536871069_rk=3e4911], observeResStr=card:69&200001&0, this=70366996
01-23 00:39:13.249 D/AppDelegatorImpl(12076): a.a.a.xl:onAppCreate 69
01-23 00:39:13.249 I/Application(12076): com.nearme.instant.platform:provider onCreate end use: 123
01-23 00:39:13.249 I/Application(12076): com.nearme.instant.platform:provider version :9.10.1 91004 SDK_INI: 33
01-23 00:39:13.250 D/OplusActivityManager(12076): get AMS extension: android.os.BinderProxy@6f00c4e
01-23 00:39:13.251 W/System.err(12076): java.lang.reflect.InvocationTargetException
01-23 00:39:13.251 W/System.err(12076): 	at java.lang.reflect.Method.invoke(Native Method)
01-23 00:39:13.251 W/System.err(12076): 	at a.a.a.o36.d(SourceFile:24)
01-23 00:39:13.251 W/System.err(12076): 	at a.a.a.o36.c(SourceFile:57)
01-23 00:39:13.251 W/System.err(12076): 	at a.a.a.xl.g(SourceFile:13)
01-23 00:39:13.251 W/System.err(12076): 	at a.a.a.fn.q(SourceFile:10)
01-23 00:39:13.251 W/System.err(12076): 	at a.a.a.fn.o(Unknown Source:0)
01-23 00:39:13.251 W/System.err(12076): 	at a.a.a.cn.run(Unknown Source:2)
01-23 00:39:13.251 W/System.err(12076): 	at java.util.concurrent.ThreadPoolExecutor.runWorker(ThreadPoolExecutor.java:1154)
01-23 00:39:13.251 W/System.err(12076): 	at java.util.concurrent.ThreadPoolExecutor$Worker.run(ThreadPoolExecutor.java:652)
01-23 00:39:13.251 W/System.err(12076): 	at java.lang.Thread.run(Thread.java:1563)
01-23 00:39:13.252 W/System.err(12076): Caused by: java.lang.SecurityException: grantRuntimePermission: Neither user 10012 nor current process has android.permission.GRANT_RUNTIME_PERMISSIONS.
01-23 00:39:13.252 W/System.err(12076): 	at android.os.Parcel.createExceptionOrNull(Parcel.java:3062)
01-23 00:39:13.252 W/System.err(12076): 	at android.os.Parcel.createException(Parcel.java:3046)
01-23 00:39:13.252 W/System.err(12076): 	at android.os.Parcel.readException(Parcel.java:3029)
01-23 00:39:13.252 W/System.err(12076): 	at android.os.Parcel.readException(Parcel.java:2971)
01-23 00:39:13.252 W/System.err(12076): 	at android.permission.IPermissionManager$Stub$Proxy.grantRuntimePermission(IPermissionManager.java:947)
01-23 00:39:13.252 W/System.err(12076): 	at android.permission.PermissionManager.grantRuntimePermission(PermissionManager.java:598)
01-23 00:39:13.252 W/System.err(12076): 	at android.app.ApplicationPackageManager.grantRuntimePermission(ApplicationPackageManager.java:918)
01-23 00:39:13.252 W/System.err(12076): 	... 10 more
01-23 00:39:13.253 W/System.err(12076): java.lang.reflect.InvocationTargetException
01-23 00:39:13.253 W/System.err(12076): 	at java.lang.reflect.Method.invoke(Native Method)
01-23 00:39:13.253 W/System.err(12076): 	at a.a.a.o36.d(SourceFile:24)
01-23 00:39:13.253 W/System.err(12076): 	at a.a.a.o36.c(SourceFile:57)
01-23 00:39:13.253 W/System.err(12076): 	at a.a.a.xl.g(SourceFile:13)
01-23 00:39:13.253 W/System.err(12076): 	at a.a.a.fn.q(SourceFile:10)
01-23 00:39:13.253 W/System.err(12076): 	at a.a.a.fn.o(Unknown Source:0)
01-23 00:39:13.253 W/System.err(12076): 	at a.a.a.cn.run(Unknown Source:2)
01-23 00:39:13.253 W/System.err(12076): 	at java.util.concurrent.ThreadPoolExecutor.runWorker(ThreadPoolExecutor.java:1154)
01-23 00:39:13.253 W/System.err(12076): 	at java.util.concurrent.ThreadPoolExecutor$Worker.run(ThreadPoolExecutor.java:652)
01-23 00:39:13.253 W/System.err(12076): 	at java.lang.Thread.run(Thread.java:1563)
01-23 00:39:13.253 W/System.err(12076): Caused by: java.lang.SecurityException: grantRuntimePermission: Neither user 10012 nor current process has android.permission.GRANT_RUNTIME_PERMISSIONS.
01-23 00:39:13.254 W/System.err(12076): 	at android.os.Parcel.createExceptionOrNull(Parcel.java:3062)
01-23 00:39:13.254 W/System.err(12076): 	at android.os.Parcel.createException(Parcel.java:3046)
01-23 00:39:13.254 W/System.err(12076): 	at android.os.Parcel.readException(Parcel.java:3029)
01-23 00:39:13.254 W/System.err(12076): 	at android.os.Parcel.readException(Parcel.java:2971)
01-23 00:39:13.254 W/System.err(12076): 	at android.permission.IPermissionManager$Stub$Proxy.grantRuntimePermission(IPermissionManager.java:947)
01-23 00:39:13.254 W/System.err(12076): 	at android.permission.PermissionManager.grantRuntimePermission(PermissionManager.java:598)
01-23 00:39:13.254 W/System.err(12076): 	at android.app.ApplicationPackageManager.grantRuntimePermission(ApplicationPackageManager.java:918)
01-23 00:39:13.254 W/System.err(12076): 	... 10 more
01-23 00:39:13.255 W/System.err(12076): java.lang.reflect.InvocationTargetException
01-23 00:39:13.255 W/System.err(12076): 	at java.lang.reflect.Method.invoke(Native Method)
01-23 00:39:13.255 W/System.err(12076): 	at a.a.a.o36.d(SourceFile:24)
01-23 00:39:13.255 W/System.err(12076): 	at a.a.a.o36.c(SourceFile:57)
01-23 00:39:13.255 W/System.err(12076): 	at a.a.a.xl.g(SourceFile:13)
01-23 00:39:13.255 W/System.err(12076): 	at a.a.a.fn.q(SourceFile:10)
01-23 00:39:13.255 W/System.err(12076): 	at a.a.a.fn.o(Unknown Source:0)
01-23 00:39:13.255 W/System.err(12076): 	at a.a.a.cn.run(Unknown Source:2)
01-23 00:39:13.255 W/System.err(12076): 	at java.util.concurrent.ThreadPoolExecutor.runWorker(ThreadPoolExecutor.java:1154)
01-23 00:39:13.255 W/System.err(12076): 	at java.util.concurrent.ThreadPoolExecutor$Worker.run(ThreadPoolExecutor.java:652)
01-23 00:39:13.255 W/System.err(12076): 	at java.lang.Thread.run(Thread.java:1563)
01-23 00:39:13.255 W/System.err(12076): Caused by: java.lang.SecurityException: grantRuntimePermission: Neither user 10012 nor current process has android.permission.GRANT_RUNTIME_PERMISSIONS.
01-23 00:39:13.255 W/System.err(12076): 	at android.os.Parcel.createExceptionOrNull(Parcel.java:3062)
01-23 00:39:13.255 W/System.err(12076): 	at android.os.Parcel.createException(Parcel.java:3046)
01-23 00:39:13.255 W/System.err(12076): 	at android.os.Parcel.readException(Parcel.java:3029)
01-23 00:39:13.255 W/System.err(12076): 	at android.os.Parcel.readException(Parcel.java:2971)
01-23 00:39:13.255 W/System.err(12076): 	at android.permission.IPermissionManager$Stub$Proxy.grantRuntimePermission(IPermissionManager.java:947)
01-23 00:39:13.256 W/System.err(12076): 	at android.permission.PermissionManager.grantRuntimePermission(PermissionManager.java:598)
01-23 00:39:13.256 W/System.err(12076): 	at android.app.ApplicationPackageManager.grantRuntimePermission(ApplicationPackageManager.java:918)
01-23 00:39:13.256 W/System.err(12076): 	... 10 more
01-23 00:39:13.257 W/System.err(12076): java.lang.reflect.InvocationTargetException
01-23 00:39:13.257 W/System.err(12076): 	at java.lang.reflect.Method.invoke(Native Method)
01-23 00:39:13.257 W/System.err(12076): 	at a.a.a.o36.d(SourceFile:24)
01-23 00:39:13.257 W/System.err(12076): 	at a.a.a.o36.c(SourceFile:57)
01-23 00:39:13.257 W/System.err(12076): 	at a.a.a.xl.g(SourceFile:13)
01-23 00:39:13.257 W/System.err(12076): 	at a.a.a.fn.q(SourceFile:10)
01-23 00:39:13.257 W/System.err(12076): 	at a.a.a.fn.o(Unknown Source:0)
01-23 00:39:13.257 W/System.err(12076): 	at a.a.a.cn.run(Unknown Source:2)
01-23 00:39:13.257 W/System.err(12076): 	at java.util.concurrent.ThreadPoolExecutor.runWorker(ThreadPoolExecutor.java:1154)
01-23 00:39:13.257 W/System.err(12076): 	at java.util.concurrent.ThreadPoolExecutor$Worker.run(ThreadPoolExecutor.java:652)
01-23 00:39:13.257 W/System.err(12076): 	at java.lang.Thread.run(Thread.java:1563)
01-23 00:39:13.257 W/System.err(12076): Caused by: java.lang.SecurityException: grantRuntimePermission: Neither user 10012 nor current process has android.permission.GRANT_RUNTIME_PERMISSIONS.
01-23 00:39:13.257 W/System.err(12076): 	at android.os.Parcel.createExceptionOrNull(Parcel.java:3062)
01-23 00:39:13.257 W/System.err(12076): 	at android.os.Parcel.createException(Parcel.java:3046)
01-23 00:39:13.257 W/System.err(12076): 	at android.os.Parcel.readException(Parcel.java:3029)
01-23 00:39:13.257 W/System.err(12076): 	at android.os.Parcel.readException(Parcel.java:2971)
01-23 00:39:13.257 W/System.err(12076): 	at android.permission.IPermissionManager$Stub$Proxy.grantRuntimePermission(IPermissionManager.java:947)
01-23 00:39:13.257 W/System.err(12076): 	at android.permission.PermissionManager.grantRuntimePermission(PermissionManager.java:598)
01-23 00:39:13.257 W/System.err(12076): 	at android.app.ApplicationPackageManager.grantRuntimePermission(ApplicationPackageManager.java:918)
01-23 00:39:13.257 W/System.err(12076): 	... 10 more
01-23 00:39:13.259 W/System.err(12076): java.lang.reflect.InvocationTargetException
01-23 00:39:13.259 W/System.err(12076): 	at java.lang.reflect.Method.invoke(Native Method)
01-23 00:39:13.259 W/System.err(12076): 	at a.a.a.o36.d(SourceFile:24)
01-23 00:39:13.259 W/System.err(12076): 	at a.a.a.o36.c(SourceFile:57)
01-23 00:39:13.259 W/System.err(12076): 	at a.a.a.xl.g(SourceFile:13)
01-23 00:39:13.259 W/System.err(12076): 	at a.a.a.fn.q(SourceFile:10)
01-23 00:39:13.259 W/System.err(12076): 	at a.a.a.fn.o(Unknown Source:0)
01-23 00:39:13.259 W/System.err(12076): 	at a.a.a.cn.run(Unknown Source:2)
01-23 00:39:13.259 W/System.err(12076): 	at java.util.concurrent.ThreadPoolExecutor.runWorker(ThreadPoolExecutor.java:1154)
01-23 00:39:13.259 W/System.err(12076): 	at java.util.concurrent.ThreadPoolExecutor$Worker.run(ThreadPoolExecutor.java:652)
01-23 00:39:13.259 W/System.err(12076): 	at java.lang.Thread.run(Thread.java:1563)
01-23 00:39:13.259 W/System.err(12076): Caused by: java.lang.SecurityException: grantRuntimePermission: Neither user 10012 nor current process has android.permission.GRANT_RUNTIME_PERMISSIONS.
01-23 00:39:13.259 W/System.err(12076): 	at android.os.Parcel.createExceptionOrNull(Parcel.java:3062)
01-23 00:39:13.259 W/System.err(12076): 	at android.os.Parcel.createException(Parcel.java:3046)
01-23 00:39:13.259 W/System.err(12076): 	at android.os.Parcel.readException(Parcel.java:3029)
01-23 00:39:13.259 W/System.err(12076): 	at android.os.Parcel.readException(Parcel.java:2971)
01-23 00:39:13.259 W/System.err(12076): 	at android.permission.IPermissionManager$Stub$Proxy.grantRuntimePermission(IPermissionManager.java:947)
01-23 00:39:13.259 W/System.err(12076): 	at android.permission.PermissionManager.grantRuntimePermission(PermissionManager.java:598)
01-23 00:39:13.259 W/System.err(12076): 	at android.app.ApplicationPackageManager.grantRuntimePermission(ApplicationPackageManager.java:918)
01-23 00:39:13.259 W/System.err(12076): 	... 10 more
01-23 00:39:13.261 W/System.err(12076): java.lang.reflect.InvocationTargetException
01-23 00:39:13.261 W/System.err(12076): 	at java.lang.reflect.Method.invoke(Native Method)
01-23 00:39:13.261 W/System.err(12076): 	at a.a.a.o36.d(SourceFile:24)
01-23 00:39:13.261 W/System.err(12076): 	at a.a.a.o36.c(SourceFile:57)
01-23 00:39:13.261 W/System.err(12076): 	at a.a.a.xl.g(SourceFile:13)
01-23 00:39:13.261 W/System.err(12076): 	at a.a.a.fn.q(SourceFile:10)
01-23 00:39:13.261 W/System.err(12076): 	at a.a.a.fn.o(Unknown Source:0)
01-23 00:39:13.261 W/System.err(12076): 	at a.a.a.cn.run(Unknown Source:2)
01-23 00:39:13.261 W/System.err(12076): 	at java.util.concurrent.ThreadPoolExecutor.runWorker(ThreadPoolExecutor.java:1154)
01-23 00:39:13.261 W/System.err(12076): 	at java.util.concurrent.ThreadPoolExecutor$Worker.run(ThreadPoolExecutor.java:652)
01-23 00:39:13.262 W/System.err(12076): 	at java.lang.Thread.run(Thread.java:1563)
01-23 00:39:13.262 W/System.err(12076): Caused by: java.lang.SecurityException: grantRuntimePermission: Neither user 10012 nor current process has android.permission.GRANT_RUNTIME_PERMISSIONS.
01-23 00:39:13.262 W/System.err(12076): 	at android.os.Parcel.createExceptionOrNull(Parcel.java:3062)
01-23 00:39:13.262 W/System.err(12076): 	at android.os.Parcel.createException(Parcel.java:3046)
01-23 00:39:13.262 W/System.err(12076): 	at android.os.Parcel.readException(Parcel.java:3029)
01-23 00:39:13.262 W/System.err(12076): 	at android.os.Parcel.readException(Parcel.java:2971)
01-23 00:39:13.262 W/System.err(12076): 	at android.permission.IPermissionManager$Stub$Proxy.grantRuntimePermission(IPermissionManager.java:947)
01-23 00:39:13.262 W/System.err(12076): 	at android.permission.PermissionManager.grantRuntimePermission(PermissionManager.java:598)
01-23 00:39:13.262 W/System.err(12076): 	at android.app.ApplicationPackageManager.grantRuntimePermission(ApplicationPackageManager.java:918)
01-23 00:39:13.262 W/System.err(12076): 	... 10 more
01-23 00:39:13.265 W/System.err(12076): java.lang.reflect.InvocationTargetException
01-23 00:39:13.265 W/System.err(12076): 	at java.lang.reflect.Method.invoke(Native Method)
01-23 00:39:13.265 W/System.err(12076): 	at a.a.a.o36.d(SourceFile:24)
01-23 00:39:13.265 W/System.err(12076): 	at a.a.a.o36.c(SourceFile:57)
01-23 00:39:13.265 W/System.err(12076): 	at a.a.a.xl.g(SourceFile:13)
01-23 00:39:13.265 W/System.err(12076): 	at a.a.a.fn.q(SourceFile:10)
01-23 00:39:13.265 W/System.err(12076): 	at a.a.a.fn.o(Unknown Source:0)
01-23 00:39:13.265 W/System.err(12076): 	at a.a.a.cn.run(Unknown Source:2)
01-23 00:39:13.265 W/System.err(12076): 	at java.util.concurrent.ThreadPoolExecutor.runWorker(ThreadPoolExecutor.java:1154)
01-23 00:39:13.265 W/System.err(12076): 	at java.util.concurrent.ThreadPoolExecutor$Worker.run(ThreadPoolExecutor.java:652)
01-23 00:39:13.265 W/System.err(12076): 	at java.lang.Thread.run(Thread.java:1563)
01-23 00:39:13.265 W/System.err(12076): Caused by: java.lang.SecurityException: grantRuntimePermission: Neither user 10012 nor current process has android.permission.GRANT_RUNTIME_PERMISSIONS.
01-23 00:39:13.265 W/System.err(12076): 	at android.os.Parcel.createExceptionOrNull(Parcel.java:3062)
01-23 00:39:13.265 W/System.err(12076): 	at android.os.Parcel.createException(Parcel.java:3046)
01-23 00:39:13.265 W/System.err(12076): 	at android.os.Parcel.readException(Parcel.java:3029)
01-23 00:39:13.265 W/System.err(12076): 	at android.os.Parcel.readException(Parcel.java:2971)
01-23 00:39:13.265 W/System.err(12076): 	at android.permission.IPermissionManager$Stub$Proxy.grantRuntimePermission(IPermissionManager.java:947)
01-23 00:39:13.265 W/System.err(12076): 	at android.permission.PermissionManager.grantRuntimePermission(PermissionManager.java:598)
01-23 00:39:13.265 W/System.err(12076): 	at android.app.ApplicationPackageManager.grantRuntimePermission(ApplicationPackageManager.java:918)
01-23 00:39:13.265 W/System.err(12076): 	... 10 more
01-23 00:39:13.267 W/System.err(12076): java.lang.reflect.InvocationTargetException
01-23 00:39:13.268 W/System.err(12076): 	at java.lang.reflect.Method.invoke(Native Method)
01-23 00:39:13.268 W/System.err(12076): 	at a.a.a.o36.d(SourceFile:24)
01-23 00:39:13.268 W/System.err(12076): 	at a.a.a.o36.c(SourceFile:57)
01-23 00:39:13.268 W/System.err(12076): 	at a.a.a.xl.g(SourceFile:13)
01-23 00:39:13.268 W/System.err(12076): 	at a.a.a.fn.q(SourceFile:10)
01-23 00:39:13.268 W/System.err(12076): 	at a.a.a.fn.o(Unknown Source:0)
01-23 00:39:13.268 W/System.err(12076): 	at a.a.a.cn.run(Unknown Source:2)
01-23 00:39:13.268 W/System.err(12076): 	at java.util.concurrent.ThreadPoolExecutor.runWorker(ThreadPoolExecutor.java:1154)
01-23 00:39:13.268 W/System.err(12076): 	at java.util.concurrent.ThreadPoolExecutor$Worker.run(ThreadPoolExecutor.java:652)
01-23 00:39:13.268 W/System.err(12076): 	at java.lang.Thread.run(Thread.java:1563)
01-23 00:39:13.268 W/System.err(12076): Caused by: java.lang.SecurityException: grantRuntimePermission: Neither user 10012 nor current process has android.permission.GRANT_RUNTIME_PERMISSIONS.
01-23 00:39:13.268 W/System.err(12076): 	at android.os.Parcel.createExceptionOrNull(Parcel.java:3062)
01-23 00:39:13.268 W/System.err(12076): 	at android.os.Parcel.createException(Parcel.java:3046)
01-23 00:39:13.268 W/System.err(12076): 	at android.os.Parcel.readException(Parcel.java:3029)
01-23 00:39:13.268 W/System.err(12076): 	at android.os.Parcel.readException(Parcel.java:2971)
01-23 00:39:13.268 W/System.err(12076): 	at android.permission.IPermissionManager$Stub$Proxy.grantRuntimePermission(IPermissionManager.java:947)
01-23 00:39:13.268 W/System.err(12076): 	at android.permission.PermissionManager.grantRuntimePermission(PermissionManager.java:598)
01-23 00:39:13.268 W/System.err(12076): 	at android.app.ApplicationPackageManager.grantRuntimePermission(ApplicationPackageManager.java:918)
01-23 00:39:13.268 W/System.err(12076): 	... 10 more
01-23 00:39:13.269 W/NearX.CloudConfig(mdp_241).ConfigState(11953): onConfig loading failed.. [weather_ui_host, 2] -> -5(message:java.lang.IllegalArgumentException: 配置项已存在。)
01-23 00:39:13.270 W/System.err(12076): java.lang.reflect.InvocationTargetException
01-23 00:39:13.270 W/System.err(12076): 	at java.lang.reflect.Method.invoke(Native Method)
01-23 00:39:13.270 W/System.err(12076): 	at a.a.a.o36.d(SourceFile:24)
01-23 00:39:13.270 W/System.err(12076): 	at a.a.a.o36.c(SourceFile:57)
01-23 00:39:13.270 W/System.err(12076): 	at a.a.a.xl.g(SourceFile:13)
01-23 00:39:13.270 W/System.err(12076): 	at a.a.a.fn.q(SourceFile:10)
01-23 00:39:13.270 W/System.err(12076): 	at a.a.a.fn.o(Unknown Source:0)
01-23 00:39:13.270 W/System.err(12076): 	at a.a.a.cn.run(Unknown Source:2)
01-23 00:39:13.270 W/System.err(12076): 	at java.util.concurrent.ThreadPoolExecutor.runWorker(ThreadPoolExecutor.java:1154)
01-23 00:39:13.270 W/System.err(12076): 	at java.util.concurrent.ThreadPoolExecutor$Worker.run(ThreadPoolExecutor.java:652)
01-23 00:39:13.270 W/System.err(12076): 	at java.lang.Thread.run(Thread.java:1563)
01-23 00:39:13.270 W/System.err(12076): Caused by: java.lang.SecurityException: grantRuntimePermission: Neither user 10012 nor current process has android.permission.GRANT_RUNTIME_PERMISSIONS.
01-23 00:39:13.270 W/System.err(12076): 	at android.os.Parcel.createExceptionOrNull(Parcel.java:3062)
01-23 00:39:13.270 W/System.err(12076): 	at android.os.Parcel.createException(Parcel.java:3046)
01-23 00:39:13.270 W/System.err(12076): 	at android.os.Parcel.readException(Parcel.java:3029)
01-23 00:39:13.270 W/System.err(12076): 	at android.os.Parcel.readException(Parcel.java:2971)
01-23 00:39:13.270 W/System.err(12076): 	at android.permission.IPermissionManager$Stub$Proxy.grantRuntimePermission(IPermissionManager.java:947)
01-23 00:39:13.270 W/System.err(12076): 	at android.permission.PermissionManager.grantRuntimePermission(PermissionManager.java:598)
01-23 00:39:13.270 W/System.err(12076): 	at android.app.ApplicationPackageManager.grantRuntimePermission(ApplicationPackageManager.java:918)
01-23 00:39:13.270 W/System.err(12076): 	... 10 more
01-23 00:39:13.270 E/AppFeatureProviderUtils(11979): getBoolean: getStringForFeature return null
01-23 00:39:13.271 I/CardConfig.AtomMonitor(11979): trackEventScanCard state: 1, cardType: 3, count: 0, costTime: 0
01-23 00:39:13.271 I/CardConfig.AtomMonitor(11979): trackEventDownload export not supported
01-23 00:39:13.271 W/System.err(12076): java.lang.reflect.InvocationTargetException
01-23 00:39:13.271 W/System.err(12076): 	at java.lang.reflect.Method.invoke(Native Method)
01-23 00:39:13.271 W/System.err(12076): 	at a.a.a.o36.d(SourceFile:24)
01-23 00:39:13.271 W/System.err(12076): 	at a.a.a.o36.c(SourceFile:57)
01-23 00:39:13.271 W/System.err(12076): 	at a.a.a.xl.g(SourceFile:13)
01-23 00:39:13.271 W/System.err(12076): 	at a.a.a.fn.q(SourceFile:10)
01-23 00:39:13.271 W/System.err(12076): 	at a.a.a.fn.o(Unknown Source:0)
01-23 00:39:13.271 W/System.err(12076): 	at a.a.a.cn.run(Unknown Source:2)
01-23 00:39:13.272 W/System.err(12076): 	at java.util.concurrent.ThreadPoolExecutor.runWorker(ThreadPoolExecutor.java:1154)
01-23 00:39:13.272 W/System.err(12076): 	at java.util.concurrent.ThreadPoolExecutor$Worker.run(ThreadPoolExecutor.java:652)
01-23 00:39:13.272 W/System.err(12076): 	at java.lang.Thread.run(Thread.java:1563)
01-23 00:39:13.272 W/System.err(12076): Caused by: java.lang.SecurityException: grantRuntimePermission: Neither user 10012 nor current process has android.permission.GRANT_RUNTIME_PERMISSIONS.
01-23 00:39:13.272 W/System.err(12076): 	at android.os.Parcel.createExceptionOrNull(Parcel.java:3062)
01-23 00:39:13.272 W/System.err(12076): 	at android.os.Parcel.createException(Parcel.java:3046)
01-23 00:39:13.272 W/System.err(12076): 	at android.os.Parcel.readException(Parcel.java:3029)
01-23 00:39:13.272 W/System.err(12076): 	at android.os.Parcel.readException(Parcel.java:2971)
01-23 00:39:13.272 W/System.err(12076): 	at android.permission.IPermissionManager$Stub$Proxy.grantRuntimePermission(IPermissionManager.java:947)
01-23 00:39:13.272 W/System.err(12076): 	at android.permission.PermissionManager.grantRuntimePermission(PermissionManager.java:598)
01-23 00:39:13.272 W/System.err(12076): 	at android.app.ApplicationPackageManager.grantRuntimePermission(ApplicationPackageManager.java:918)
01-23 00:39:13.272 W/System.err(12076): 	... 10 more
--------- beginning of system
01-23 00:39:13.272 E/ActivityThread(11979): Failed to find provider info for com.oplus.pantanal.ums.statictis
01-23 00:39:13.273 W/System.err(12076): java.lang.reflect.InvocationTargetException
01-23 00:39:13.273 W/System.err(12076): 	at java.lang.reflect.Method.invoke(Native Method)
01-23 00:39:13.273 W/System.err(12076): 	at a.a.a.o36.d(SourceFile:24)
01-23 00:39:13.273 W/System.err(12076): 	at a.a.a.o36.c(SourceFile:57)
01-23 00:39:13.273 W/System.err(12076): 	at a.a.a.xl.g(SourceFile:13)
01-23 00:39:13.273 W/System.err(12076): 	at a.a.a.fn.q(SourceFile:10)
01-23 00:39:13.273 W/System.err(12076): 	at a.a.a.fn.o(Unknown Source:0)
01-23 00:39:13.273 W/System.err(12076): 	at a.a.a.cn.run(Unknown Source:2)
01-23 00:39:13.273 W/System.err(12076): 	at java.util.concurrent.ThreadPoolExecutor.runWorker(ThreadPoolExecutor.java:1154)
01-23 00:39:13.273 W/System.err(12076): 	at java.util.concurrent.ThreadPoolExecutor$Worker.run(ThreadPoolExecutor.java:652)
01-23 00:39:13.273 W/System.err(12076): 	at java.lang.Thread.run(Thread.java:1563)
01-23 00:39:13.273 W/System.err(12076): Caused by: java.lang.SecurityException: grantRuntimePermission: Neither user 10012 nor current process has android.permission.GRANT_RUNTIME_PERMISSIONS.
01-23 00:39:13.273 W/System.err(12076): 	at android.os.Parcel.createExceptionOrNull(Parcel.java:3062)
01-23 00:39:13.273 W/System.err(12076): 	at android.os.Parcel.createException(Parcel.java:3046)
01-23 00:39:13.273 W/System.err(12076): 	at android.os.Parcel.readException(Parcel.java:3029)
01-23 00:39:13.273 W/System.err(12076): 	at android.os.Parcel.readException(Parcel.java:2971)
01-23 00:39:13.273 W/System.err(12076): 	at android.permission.IPermissionManager$Stub$Proxy.grantRuntimePermission(IPermissionManager.java:947)
01-23 00:39:13.273 W/System.err(12076): 	at android.permission.PermissionManager.grantRuntimePermission(PermissionManager.java:598)
01-23 00:39:13.273 W/System.err(12076): 	at android.app.ApplicationPackageManager.grantRuntimePermission(ApplicationPackageManager.java:918)
01-23 00:39:13.273 W/System.err(12076): 	... 10 more
01-23 00:39:13.274 W/System.err(12076): java.lang.reflect.InvocationTargetException
01-23 00:39:13.274 W/System.err(12076): 	at java.lang.reflect.Method.invoke(Native Method)
01-23 00:39:13.275 W/System.err(12076): 	at a.a.a.o36.d(SourceFile:24)
01-23 00:39:13.275 W/System.err(12076): 	at a.a.a.o36.c(SourceFile:57)
01-23 00:39:13.276 W/System.err(12076): 	at a.a.a.xl.g(SourceFile:13)
01-23 00:39:13.276 W/System.err(12076): 	at a.a.a.fn.q(SourceFile:10)
01-23 00:39:13.276 W/System.err(12076): 	at a.a.a.fn.o(Unknown Source:0)
01-23 00:39:13.276 W/System.err(12076): 	at a.a.a.cn.run(Unknown Source:2)
01-23 00:39:13.276 W/System.err(12076): 	at java.util.concurrent.ThreadPoolExecutor.runWorker(ThreadPoolExecutor.java:1154)
01-23 00:39:13.276 W/System.err(12076): 	at java.util.concurrent.ThreadPoolExecutor$Worker.run(ThreadPoolExecutor.java:652)
01-23 00:39:13.276 W/System.err(12076): 	at java.lang.Thread.run(Thread.java:1563)
01-23 00:39:13.276 W/System.err(12076): Caused by: java.lang.SecurityException: grantRuntimePermission: Neither user 10012 nor current process has android.permission.GRANT_RUNTIME_PERMISSIONS.
01-23 00:39:13.276 W/System.err(12076): 	at android.os.Parcel.createExceptionOrNull(Parcel.java:3062)
01-23 00:39:13.276 W/System.err(12076): 	at android.os.Parcel.createException(Parcel.java:3046)
01-23 00:39:13.276 W/System.err(12076): 	at android.os.Parcel.readException(Parcel.java:3029)
01-23 00:39:13.276 W/System.err(12076): 	at android.os.Parcel.readException(Parcel.java:2971)
01-23 00:39:13.276 W/System.err(12076): 	at android.permission.IPermissionManager$Stub$Proxy.grantRuntimePermission(IPermissionManager.java:947)
01-23 00:39:13.276 W/System.err(12076): 	at android.permission.PermissionManager.grantRuntimePermission(PermissionManager.java:598)
01-23 00:39:13.276 W/System.err(12076): 	at android.app.ApplicationPackageManager.grantRuntimePermission(ApplicationPackageManager.java:918)
01-23 00:39:13.276 W/System.err(12076): 	... 10 more
01-23 00:39:13.278 W/System.err(12076): java.lang.reflect.InvocationTargetException
01-23 00:39:13.278 W/System.err(12076): 	at java.lang.reflect.Method.invoke(Native Method)
01-23 00:39:13.278 W/System.err(12076): 	at a.a.a.o36.d(SourceFile:24)
01-23 00:39:13.278 W/System.err(12076): 	at a.a.a.o36.c(SourceFile:57)
01-23 00:39:13.278 W/System.err(12076): 	at a.a.a.xl.g(SourceFile:13)
01-23 00:39:13.278 W/System.err(12076): 	at a.a.a.fn.q(SourceFile:10)
01-23 00:39:13.278 W/System.err(12076): 	at a.a.a.fn.o(Unknown Source:0)
01-23 00:39:13.278 W/System.err(12076): 	at a.a.a.cn.run(Unknown Source:2)
01-23 00:39:13.278 W/System.err(12076): 	at java.util.concurrent.ThreadPoolExecutor.runWorker(ThreadPoolExecutor.java:1154)
01-23 00:39:13.278 W/System.err(12076): 	at java.util.concurrent.ThreadPoolExecutor$Worker.run(ThreadPoolExecutor.java:652)
01-23 00:39:13.278 W/System.err(12076): 	at java.lang.Thread.run(Thread.java:1563)
01-23 00:39:13.278 W/System.err(12076): Caused by: java.lang.SecurityException: grantRuntimePermission: Neither user 10012 nor current process has android.permission.GRANT_RUNTIME_PERMISSIONS.
01-23 00:39:13.278 W/System.err(12076): 	at android.os.Parcel.createExceptionOrNull(Parcel.java:3062)
01-23 00:39:13.278 W/System.err(12076): 	at android.os.Parcel.createException(Parcel.java:3046)
01-23 00:39:13.278 W/System.err(12076): 	at android.os.Parcel.readException(Parcel.java:3029)
01-23 00:39:13.278 W/System.err(12076): 	at android.os.Parcel.readException(Parcel.java:2971)
01-23 00:39:13.278 W/System.err(12076): 	at android.permission.IPermissionManager$Stub$Proxy.grantRuntimePermission(IPermissionManager.java:947)
01-23 00:39:13.278 W/System.err(12076): 	at android.permission.PermissionManager.grantRuntimePermission(PermissionManager.java:598)
01-23 00:39:13.278 W/System.err(12076): 	at android.app.ApplicationPackageManager.grantRuntimePermission(ApplicationPackageManager.java:918)
01-23 00:39:13.278 W/System.err(12076): 	... 10 more
01-23 00:39:13.279 I/CardService[1006152].LauncherConfigurationPolicy(11979): observe invoke card config callback, observeResStr:card_config_change_to_launcher
01-23 00:39:13.279 I/CardService[1006152].AssistantConfigurationPolicy(11979): observe invoke card config callback, observeResStr:card_config_change
01-23 00:39:13.279 I/Channel.Client[1000037].assistantscreen.ClientProxy.card_service_launcher(11979): processObserve resUri=card_config_change_to_launcher, size is: 11681
01-23 00:39:13.280 W/System.err(12076): java.lang.reflect.InvocationTargetException
01-23 00:39:13.280 W/System.err(12076): 	at java.lang.reflect.Method.invoke(Native Method)
01-23 00:39:13.280 W/System.err(12076): 	at a.a.a.o36.d(SourceFile:24)
01-23 00:39:13.280 W/System.err(12076): 	at a.a.a.o36.c(SourceFile:57)
01-23 00:39:13.280 W/System.err(12076): 	at a.a.a.xl.g(SourceFile:13)
01-23 00:39:13.280 W/System.err(12076): 	at a.a.a.fn.q(SourceFile:10)
01-23 00:39:13.280 W/System.err(12076): 	at a.a.a.fn.o(Unknown Source:0)
01-23 00:39:13.280 W/System.err(12076): 	at a.a.a.cn.run(Unknown Source:2)
01-23 00:39:13.280 W/System.err(12076): 	at java.util.concurrent.ThreadPoolExecutor.runWorker(ThreadPoolExecutor.java:1154)
01-23 00:39:13.280 W/System.err(12076): 	at java.util.concurrent.ThreadPoolExecutor$Worker.run(ThreadPoolExecutor.java:652)
01-23 00:39:13.280 W/System.err(12076): 	at java.lang.Thread.run(Thread.java:1563)
01-23 00:39:13.280 W/System.err(12076): Caused by: java.lang.SecurityException: grantRuntimePermission: Neither user 10012 nor current process has android.permission.GRANT_RUNTIME_PERMISSIONS.
01-23 00:39:13.280 W/System.err(12076): 	at android.os.Parcel.createExceptionOrNull(Parcel.java:3062)
01-23 00:39:13.280 W/System.err(12076): 	at android.os.Parcel.createException(Parcel.java:3046)
01-23 00:39:13.280 W/System.err(12076): 	at android.os.Parcel.readException(Parcel.java:3029)
01-23 00:39:13.280 W/System.err(12076): 	at android.os.Parcel.readException(Parcel.java:2971)
01-23 00:39:13.280 W/System.err(12076): 	at android.permission.IPermissionManager$Stub$Proxy.grantRuntimePermission(IPermissionManager.java:947)
01-23 00:39:13.280 W/System.err(12076): 	at android.permission.PermissionManager.grantRuntimePermission(PermissionManager.java:598)
01-23 00:39:13.280 W/System.err(12076): 	at android.app.ApplicationPackageManager.grantRuntimePermission(ApplicationPackageManager.java:918)
01-23 00:39:13.280 W/System.err(12076): 	... 10 more
01-23 00:39:13.280 D/AppDelegatorImpl(12076): a.a.a.xl:onAppCreate 31
01-23 00:39:13.280 I/Channel.Client[1000037].assistantscreen.ClientProxy.card_service(11979): processObserve resUri=card_config_change, size is: 1966
01-23 00:39:13.281 D/DataChannel.ClientProxyImpl( 2623): runCallback callbackId = [card_config_change_to_launcher], data = [[B@1668501], isOnceCallback = [false]
01-23 00:39:13.281 I/PantaCard.AST.CardServerProvider( 4044):  call provider:com.oplus.card.server.provider, method = callback, args = card_service,extraBundle = Bundle[mParcelledData.dataSize=2120][sdk:v1.3.100-ceef8c0,app:v16.19.31]
01-23 00:39:13.281 I/Channel.Server[1000037].assistantscreen.ChannelServerProvider( 4044): call, method=[callback], clientName=[card_service], resultCallBackId=[card_config_change]
01-23 00:39:13.282 I/Channel.Server[1000037].assistantscreen.IServerImpl( 4044): runCallback, clientName=card_service, clientProxy=com.oplus.channel.server.ClientProxyImpl@e322a5b
01-23 00:39:13.282 I/Channel.Server[1000037].assistantscreen.ClientProxyImpl(card_service)( 4044): runCallback, callbackId=[card_config_change], isOnceCallback=[false], this=238168667
01-23 00:39:13.282 I/PantaCard.AST.CardConfigProxy( 4044):  received card config change from CardService,CardConfigChange Callback called for [assistantscreen,type=1,hostId=0],old size = 31[sdk:v1.3.100-ceef8c0,app:v16.19.31]
01-23 00:39:13.283 I/PantaCard.AST.CompressHelper( 4044):  decompressData old size=1966, new size=11681,const time=1ms[sdk:v1.3.100-ceef8c0,app:v16.19.31]
01-23 00:39:13.284 I/PantaCard.AST.CardConfigProxy( 4044):  Notify card change to entrance:[assistantscreen,type=1,hostId=0],total size:31,cardConfigResultStatus = 1,cardConfigs:[sid:536870913-type:222220132, sid:536871003-type:222220034, sid:536871003-type:222220035, sid:536870911-type:7, sid:536871018-type:32, sid:268455939-type:75, sid:268455940-type:77, sid:536871100-type:100, sid:536871037-type:222220037, sid:536871037-type:222220038, sid:536871206-type:206, sid:536871206-type:207, sid:536871206-type:208, sid:536871207-type:222220043, sid:536871207-type:222220044, sid:536871207-type:222220045, sid:536871003-type:2, sid:536871031-type:4, sid:536871031-type:222220030, sid:536871031-type:222220031, sid:536871069-type:69, sid:536871069-type:222220017, sid:536871045-type:777770015, sid:536871027-type:777770017, sid:536871044-type:777770014, sid:536871012-type:777770012, sid:536871016-type:777770016, sid:536871090-type:222220090, sid:536870119-type:222220119, sid:536870119-type:222220120, sid:536871142-type:222220124][sdk:v1.3.100-ceef8c0,app:v
01-23 00:39:13.284 I/PantaCard.AST.CardConfigProxy( 4044): 16.19.31]
01-23 00:39:13.285 I/PantaCard.AST.BaseTrackEvent( 4044):  entranceType:1 pantanl_card_config_update reportEvent infoMap : {process_detail=2026-01-23 00:39:13:282[1450-1451-1452], start_time=1769108953282, configs=[222220132  222220034  222220035  7  32  75  77  100  222220037  222220038  206  207  208  222220043  222220044  222220045  2  4  222220030  222220031  69  222220017  777770015  777770017  777770014  777770012  777770016  222220090  222220119  222220120  222220124], config_size=31, package_name=com.coloros.assistantscreen, trigger_mode=ums_notify, entrance_type=1, callback_size=0, panta_sdk_hash=[sdk:v1.3.100-ceef8c0], entrance_name=assistantscreen, old_config_size=31}[sdk:v1.3.100-ceef8c0,app:v16.19.31]
01-23 00:39:13.286 I/PantaCard.AST.CardConfigProxy( 4044):  notifyAllObservers,cnt of v1 observers = 0,cnt of v2 observers = 1[sdk:v1.3.100-ceef8c0,app:v16.19.31]
01-23 00:39:13.286 I/TrackUtil( 4044): get MetaValue key: isSupportTrackBatchSubmit
01-23 00:39:13.286 I/PantaCard.AST.CardConfigProxy( 4044):  notifyAllObservers,Call CardConfigChangeCallback v2 da.e@20f473a for [assistantscreen,type=1,hostId=0], config size:31[sdk:v1.3.100-ceef8c0,app:v16.19.31]
01-23 00:39:13.287 I/TrackUtil( 4044): getBooleanMetaValue:isSupportTrackBatchSubmit, error: com.oplus.pantanal.ums
01-23 00:39:13.287 I/TrackUtil( 4044): isSupportBatchSubmit: false
01-23 00:39:13.287 W/PantaCard.AST.STraceUtils( 4044):  traceBegin error:java.lang.NoSuchFieldError: No field TRACE_TAG_VIEW of type J in class Lcom/oplus/wrapper/os/Trace; or its superclasses (declaration of 'com.oplus.wrapper.os.Trace' appears in /system/framework/oplus-framework.jar)[sdk:v1.3.100-ceef8c0,app:v16.19.31]
01-23 00:39:13.287 I/AstScreen.ConfigurationManagerProxy( 4044): cardConfigStatus: 1, currentCardConfigStatus: 1
01-23 00:39:13.288 E/ActivityThread( 4044): Failed to find provider info for com.oplus.pantanal.ums.track
01-23 00:39:13.288 D/PantaCard.AST.StatisticsTrackUtil( 4044):  uploadTechTrack success, eventId: pantanl_card_config_update, mutableMap: {process_detail=2026-01-23 00:39:13:282[1450-1451-1452], start_time=1769108953282, configs=[222220132  222220034  222220035  7  32  75  77  100  222220037  222220038  206  207  208  222220043  222220044  222220045  2  4  222220030  222220031  69  222220017  777770015  777770017  777770014  777770012  777770016  222220090  222220119  222220120  222220124], config_size=31, package_name=com.coloros.assistantscreen, trigger_mode=ums_notify, entrance_type=1, callback_size=0, panta_sdk_hash=[sdk:v1.3.100-ceef8c0], entrance_name=assistantscreen, old_config_size=31, upload_timestamp=1769108953286}[sdk:v1.3.100-ceef8c0,app:v16.19.31]
01-23 00:39:13.288 I/AstScreen.CardConfigDataSource( 4044): observeCardConfigsChange success initCardConfigJob isActive:false getResultDataSize:26
01-23 00:39:13.289 W/PantaCard.AST.STraceUtils( 4044):  traceEnd error:java.lang.NoSuchFieldError: No field TRACE_TAG_VIEW of type J in class Lcom/oplus/wrapper/os/Trace; or its superclasses (declaration of 'com.oplus.wrapper.os.Trace' appears in /system/framework/oplus-framework.jar)[sdk:v1.3.100-ceef8c0,app:v16.19.31]
01-23 00:39:13.289 I/AstScreen.CardConfigDataSource( 4044): updateCardConfigFromUMS
01-23 00:39:13.289 I/AstScreen.CardConfigDataSource( 4044): updateCardConfigFromUMS origin size = 26
01-23 00:39:13.289 I/AstScreen.SpecificCardRepository( 4044): onCardConfigChange---list: []
01-23 00:39:13.289 I/AstScreen.SpecificCardRepository( 4044): from=card_config
01-23 00:39:13.291 I/AstScreen.RepeatCardFilter( 4044): filterForRecommendAllData cardList before: [2, 7, 100, 77, 4, 69]
01-23 00:39:13.292 I/AstScreen.RepeatCardFilter( 4044): filterForRecommendAllData cardList after: [2, 7, 100, 77, 4, 69]
01-23 00:39:13.293 I/AstScreen.MigrateDataLimitManager( 4044): updateRecommendPageData, firstPageList.cardType=[2, 7, 100, 77, 4, 69], secondPageList.cardType=[]
01-23 00:39:13.293 D/LauncherCard( 2623): toListCardConfigInfo list.size = 31
01-23 00:39:13.293 I/AstScreen.RecommendManager( 4044): filterAndPublishData---filteredData:[2, 7, 100, 77, 4, 69], allDataCacheAfterFilter:[2, 7, 100, 77, 4, 69], discardListRecord:[28, 200767, 1], reasons:[1, 1, 1], processedData：[2, 7, 100, 77, 4, 69], firstPageList=[2, 7, 100, 77, 4, 69], secondPageList=[]
01-23 00:39:13.293 I/AstScreen.RepeatCardFilter( 4044): filtered[2, 7, 100, 77, 4, 69]
01-23 00:39:13.294 D/LauncherCard( 2623): onCardConfigChange list.size--:31, cardConfigMap size =31
01-23 00:39:13.294 I/AstScreen.RecommendManager( 4044): updateRecommendFirstPageCacheData filteredData:[2, 7, 100, 77, 4, 69]
01-23 00:39:13.295 I/AstScreen.RecommendViewModel( 4044): updateRecommendCardListReal true list:[(-20001, null), (2, null), (7, null), (100, null), (77, null), (4, null), (69, null)]
01-23 00:39:13.295 I/AstScreen.AsyncCardDisplayManager( 4044): preloadAndNotifyData DISPLAY_SOURCE_RECOMMEND data update，preloadCard [-10005, -10006, -20001, 2, 7, 100, 77, 4, 69]
01-23 00:39:13.295 I/AstScreen.AsyncCardDisplayManager( 4044): preloadAndNotifyData DISPLAY_SOURCE_RECOMMEND processAsyncProgram:true;update originDataList: [-20001, 2, 7, 100, 77, 4, 69]
01-23 00:39:13.296 I/AstScreen.CardViewPreloader( 4044): preloadPersistList, hash = 218074586, true
01-23 00:39:13.297 I/AstScreen.CardViewPreloader( 4044): releasePreloadCardByIdentify destroyCard []
01-23 00:39:13.297 I/AstScreen.CardViewPreloader( 4044): post invoke, hash = 218074586, AfterAction = interface kotlin.jvm.functions.Function0
01-23 00:39:13.297 I/AstScreen.RecommendViewModel( 4044): getIgnoreAsyncList:[]
01-23 00:39:13.297 I/AstScreen.AsyncCardDisplayManager( 4044): DISPLAY_SOURCE_RECOMMEND async update to [-20001, 2, 7, 100, 77, 4, 69]
01-23 00:39:13.297 I/AstScreen.AsyncLoadTracker( 4044): updateAsyncData DISPLAY_SOURCE_RECOMMEND to ([-20001, 2, 7, 100, 77, 4, 69], [], [])
01-23 00:39:13.297 I/AstScreen.AsyncCardDisplayManager( 4044): preloadAndNotifyData DISPLAY_SOURCE_RECOMMEND notify [-20001, 2, 7, 100, 77, 4, 69]
01-23 00:39:13.298 W/AstScreen.AsyncCardDisplayManager( 4044): DISPLAY_SOURCE_RECOMMEND try update, but data not update
01-23 00:39:13.300 I/CardConfig.AtomMonitor(11979): trackEventScanCard state: 2, cardType: 3, count: 68, costTime: 29
01-23 00:39:13.300 I/CardConfig.AtomMonitor(11979): trackEventDownload export not supported
01-23 00:39:13.300 I/AstScreen.RecommendDiskLruCache( 4044): write cache_data_real_display
01-23 00:39:13.300 I/CardConfig.AppWidgetProviderInfoRepository(11979): initLocalAppWidgetProviderInfoCache, scanned:68
01-23 00:39:13.301 I/CardConfig.OperationWidgetConfigRepository(11979): availableOperationWidgetConfig updated, size = 0, type = []
01-23 00:39:13.301 I/AstScreen.RecommendDiskLruCache( 4044): write cache_first_page_data_display
01-23 00:39:13.311 I/CardConfig.LoginManagerHelper(11979): getUserAgeLevel, classify:UN_LOGIN
01-23 00:39:13.312 I/CardConfig.SeedingCardProviderProxy(11979): getLocalConfigCacheOrQuery, no local cards
01-23 00:39:13.320 E/AppFeatureProviderUtils(11979): getBoolean: getStringForFeature return null
01-23 00:39:13.324 I/CardConfig.StaticCardProviderProxy(11979): createdEntities(30): [222220034_101, 222220035_101, 7_101, 32_101, 75_101, 77_101, 100_101, 222220037_101, 222220038_101, 206_101, 207_101, 208_101, 222220043_101, 222220044_101, 222220045_101, 2_101, 4_101, 222220030_101, 222220031_101, 69_101, 222220017_101, 777770015_101, 777770017_101, 777770014_101, 777770012_101, 777770016_101, 222220090_101, 222220119_101, 222220120_101, 222220124_101]
01-23 00:39:13.325 I/CardConfig.LoginManagerHelper(11979): getUserAgeLevel, classify:UN_LOGIN
01-23 00:39:13.325 I/CardConfig.LoginManagerHelper(11979): getUserAgeLevel, classify:UN_LOGIN
01-23 00:39:13.326 I/CardConfig.QuickAppCardProviderProxy(11979): createdEntities(1): [222220132_101]
01-23 00:39:13.326 I/CardConfig.QuickAppUtils(11979): isShelfSupportQuickApp: true
01-23 00:39:13.327 I/CardConfig.QuickAppCardProviderProxy(11979): sendDataCompat support preShow: true
01-23 00:39:13.327 I/CardConfig.QuickAppCardProviderProxy(11979): sendDataCompat support compress: true
01-23 00:39:13.334 E/ActivityThread(11979): Failed to find provider info for com.oplus.assistantscreen.card.quickapp.provider.QuickAppProvider
01-23 00:39:13.335 I/CardConfig.CardConfigStatusHelper(11979): updateStatus cur: 1, newStatus: 1
01-23 00:39:13.337 I/CardConfig.CardConfigStatusHelper(11979): updateStatus cur: 1, newStatus: 1
01-23 00:39:13.338 I/CardConfig.SeedingCardProviderProxy(11979): updateCloudCardConfigsCache needDiscovery: true, discoveryErrorIds: []
01-23 00:39:13.338 I/CardConfig.SeedingUtil(11979): [filterSubscribeSeedingCardConfig] export do not require filter
01-23 00:39:13.339 I/CardConfig.SeedingCardProviderProxy(11979): createdEntities(0): []
01-23 00:39:13.339 I/CardConfig.SeedingCardProviderProxy(11979): notifyDataChange elements equal, update nothing
01-23 00:39:13.342 I/AstScreen.CardConfigDataSource( 4044): updateCardConfigFromUMS configInfoList after filtering assistantSize:21 launcherSize:19
01-23 00:39:13.401 D/CompatibilityChangeReporter( 1748): Compat change id reported: 161252188; UID 10851; state: DISABLED
01-23 00:39:13.402 I/ActivityTaskManager( 1748): START u0 {flg=0x10000000 cmp=com.wholexale.app.staging/com.wholexale.app.MainActivity mCallingUid=2000} from uid 2000
01-23 00:39:13.403 I/mtkpower_client( 1748): perf_lock_rel, hdl:70628, tid:2280
01-23 00:39:13.403 D/CompatibilityChangeReporter( 1748): Compat change id reported: 194480991; UID 10851; state: ENABLED
01-23 00:39:13.404 I/mtkpower_client( 1748): perf_lock_acq, hdl:70628, dur:0, num:10, tid:2280
01-23 00:39:13.404 I/libPowerHal(  859): [perfLockRel] hdl:70628, idx:0
01-23 00:39:13.404 I/libPowerHal(  859): system_server: hard user limit set cpu freq: -1 -1 -1 -1
01-23 00:39:13.404 I/libPowerHal(  859): [PD] system_server update cmd:2004100 param:2
01-23 00:39:13.405 D/OplusZoomWindowRUSConfigManager( 1748): isSupportZoomModeWithPolicyLocked: target = com.wholexale.app.staging/com.wholexale.app.MainActivity
01-23 00:39:13.405 D/OplusZoomWindowRUSConfigManager( 1748): targetPkg = com.wholexale.app.staging
01-23 00:39:13.405 V/OplusZoomWindowManagerService( 1748): unSupportZoom: false ,callingPid: 12279 ,sourceStack: null
01-23 00:39:13.405 I/mtkpower@impl(  859): [setMode] type:5, enabled:1
01-23 00:39:13.406 I/mtkpower_client( 1748): ret_hdl:70629
01-23 00:39:13.406 D/ActivityTaskManager( 1748): onWindowFocusChanged Task{e60dcc4 #11666 type=standard A=10851:com.wholexale.app.staging U=0 visible=true visibleRequested=false mode=fullscreen translucent=true sz=1} would transfer to compact
01-23 00:39:13.406 I/InputDispatcher( 1748): setFocusedApplication displayId=0 ActivityRecord{f7acf56 u0 com.wholexale.app.staging/com.wholexale.app.MainActivity} t11666}
01-23 00:39:13.407 V/WindowManager( 1748): Changing focus from Window{578cf9b u0 com.android.launcher/com.android.launcher.Launcher} to null,diplayid=0
01-23 00:39:13.407 D/Theia.NoFocusWindow( 1748): FocusWindowErrorScene CheckFreezeScreen
