02-03 21:07:28.624 D/b/223498680( 2561): LRV onStateTransitionComplete setFreezeVisibility=false, finalState=Background
02-03 21:07:28.625 D/b/223498680( 2561): RAAF createStateElementAnimation alpha=[0.0]
02-03 21:07:28.622 D/OplusAtlas.OplusAtlasEventDispatch( 3289): setEvent:atlas_event_on_foreground_activities_changed info:pid:2561,uid:10106,hasForegroundActivities:1
02-03 21:07:28.625 D/b/223498680( 2561): RAAF createStateElementAnimation onStart
02-03 21:07:28.625 D/OplusRecentsView( 2561): setVisibility: oplusCleanStorageFrameLayout?.visibility = INVISIBLE
02-03 21:07:28.625 D/MultiStateCallback( 2561): [116507636] Adding [STATE_LAUNCHER_STARTED (2)] to [STATE_LAUNCHER_PRESENT, STATE_LAUNCHER_BIND_TO_SERVICE (9)]
02-03 21:07:28.625 I/OplusCustomScanStrategy( 3260): msg.what = 6
02-03 21:07:28.625 V/DeepThinker( 7781): ProcessManager: onForegroundActivitiesChanged pid:2561, uid:10106, foregroundActivities:true
02-03 21:07:28.626 D/OplusAtlas.OplusAudioScene( 3289): callback success event:atlas_event_on_foreground_activities_changed eventInfo:pid:2561,uid:10106,hasForegroundActivities:1
02-03 21:07:28.627 D/DockIconView( 2561): updatePaintFilter: mBitmapShader = null,mul=204,alpha=1.0,mDimAlpha=0.0
02-03 21:07:28.627 D/OplusAtlas.OplusMessageHandler( 3289): handleMessage: Msg { when=-2ms what=2 obj=com.oplus.atlas.OplusAtlasEvent@4c57e7c target=com.oplus.atlas.OplusMessageHandler$MyHandler }
02-03 21:07:28.627 D/DockIconView( 2561): updatePaintFilter: mBitmapShader = null,mul=204,alpha=1.0,mDimAlpha=0.0
02-03 21:07:28.627 D/DockIconView( 2561): updatePaintFilter: mBitmapShader = null,mul=204,alpha=1.0,mDimAlpha=0.0
02-03 21:07:28.627 D/DockIconView( 2561): updatePaintFilter: mBitmapShader = null,mul=204,alpha=1.0,mDimAlpha=0.0
02-03 21:07:28.627 D/DockIconView( 2561): updatePaintFilter: mBitmapShader = null,mul=204,alpha=1.0,mDimAlpha=0.0
02-03 21:07:28.627 D/DockIconView( 2561): updatePaintFilter: mBitmapShader = null,mul=204,alpha=1.0,mDimAlpha=0.0
02-03 21:07:28.627 D/DockIconView( 2561): updatePaintFilter: mBitmapShader = null,mul=204,alpha=1.0,mDimAlpha=0.0
02-03 21:07:28.627 D/DockIconView( 2561): updatePaintFilter: mBitmapShader = null,mul=204,alpha=1.0,mDimAlpha=0.0
02-03 21:07:28.627 D/DockIconView( 2561): updatePaintFilter: mBitmapShader = null,mul=204,alpha=1.0,mDimAlpha=0.0
02-03 21:07:28.627 D/DockIconView( 2561): updatePaintFilter: mBitmapShader = null,mul=204,alpha=1.0,mDimAlpha=0.0
02-03 21:07:28.627 D/DockIconView( 2561): updatePaintFilter: mBitmapShader = null,mul=204,alpha=1.0,mDimAlpha=0.0
02-03 21:07:28.627 D/ActivityManagerWrapper( 2561): startRecentsActivity()--onAnimationStart()
02-03 21:07:28.628 D/DockIconView( 2561): onIconListVisibilityChanged: mTask = [id=1564 windowingMode=1 user=0 lastActiveTime=126100797, displayId=0] null,alpha=1.0,l=2580,t=0,r=2700,b=120
02-03 21:07:28.628 D/DockIconView( 2561): onIconListVisibilityChanged: mTask = [id=1546 windowingMode=1 user=0 lastActiveTime=126093972, displayId=0] null,alpha=1.0,l=2430,t=0,r=2550,b=120
02-03 21:07:28.628 D/DockIconView( 2561): onIconListVisibilityChanged: mTask = [id=1523 windowingMode=1 user=0 lastActiveTime=125942136, displayId=0] null,alpha=1.0,l=2280,t=0,r=2400,b=120
02-03 21:07:28.628 D/DockIconView( 2561): onIconListVisibilityChanged: mTask = [id=1534 windowingMode=1 user=0 lastActiveTime=125580689, displayId=0] null,alpha=1.0,l=2130,t=0,r=2250,b=120
02-03 21:07:28.628 D/DockIconView( 2561): onIconListVisibilityChanged: mTask = [id=1563 windowingMode=1 user=0 lastActiveTime=125000984, displayId=0] null,alpha=1.0,l=1980,t=0,r=2100,b=120
02-03 21:07:28.628 D/DockIconView( 2561): onIconListVisibilityChanged: mTask = [id=1520 windowingMode=1 user=0 lastActiveTime=124864095, displayId=0] null,alpha=1.0,l=1830,t=0,r=1950,b=120
02-03 21:07:28.628 D/DockIconView( 2561): onIconListVisibilityChanged: mTask = [id=1555 windowingMode=1 user=0 lastActiveTime=124459863, displayId=0] null,alpha=1.0,l=1680,t=0,r=1800,b=120
02-03 21:07:28.628 D/DockIconView( 2561): onIconListVisibilityChanged: mTask = [id=1554 windowingMode=1 user=0 lastActiveTime=124035918, displayId=0] null,alpha=1.0,l=1530,t=0,r=1650,b=120
02-03 21:07:28.628 D/DockIconView( 2561): onIconListVisibilityChanged: mTask = [id=1551 windowingMode=1 user=999 lastActiveTime=123894704, displayId=0] null,alpha=1.0,l=1380,t=0,r=1500,b=120
02-03 21:07:28.628 D/DockIconView( 2561): onIconListVisibilityChanged: mTask = [id=1544 windowingMode=1 user=0 lastActiveTime=123889323, displayId=0] null,alpha=1.0,l=1230,t=0,r=1350,b=120
02-03 21:07:28.628 I/OplusWallpaperServiceHelper( 2321): getDarkModeWallpaperWindowAlpha. nightMode = true
02-03 21:07:28.628 D/DockIconView( 2561): onIconListVisibilityChanged: mTask = [id=1533 windowingMode=1 user=0 lastActiveTime=116160535, displayId=0] null,alpha=1.0,l=1080,t=0,r=1200,b=120
02-03 21:07:28.632 D/MultiStateCallback( 2561): [215410713] Adding [STATE_RECENTS_ANIMATION_STARTED (8)] to [STATE_RECENTS_ANIMATION_INITIALIZED (4)]
02-03 21:07:28.632 V/WindowManager( 1741): Relayout Window{313405c u0 com.android.wallpaper.livepicker.service.smoke.Smoke0WallpaperService}: viewVisibility=0, oldvis=0, req=-1x-1
02-03 21:07:28.633 D/MultiStateCallback( 2561): [116507636] Adding [STATE_APP_CONTROLLER_RECEIVED (16)] to [STATE_LAUNCHER_PRESENT, STATE_LAUNCHER_STARTED, STATE_LAUNCHER_BIND_TO_SERVICE (11)]
02-03 21:07:28.633 D/b/223498680( 2561): RAAF createStateElementAnimation onEnd
02-03 21:07:28.635 I/mtkpower_client( 1741): perf_lock_rel, hdl:97284, tid:2265
02-03 21:07:28.636 I/mtkpower_client( 1741): perf_lock_acq, hdl:97284, dur:0, num:12, tid:2265
02-03 21:07:28.636 I/libPowerHal(  863): [perfLockRel] hdl:97284, idx:0
02-03 21:07:28.636 I/libPowerHal(  863): [PD] system_server update cmd:2004100 param:2
02-03 21:07:28.638 I/mtkpower_client( 1741): ret_hdl:97288
02-03 21:07:28.638 I/libPowerHal(  863): [setGPUFreq] system_server user set gpu freq min:17, max:-1
02-03 21:07:28.638 I/libPowerHal(  863): system_server: set gpu opp level: 17
02-03 21:07:28.639 V/WindowManager( 1741): Relayout Window{79e5b u0 com.android.launcher/com.android.launcher.Launcher}: viewVisibility=0, oldvis=8, req=1080x2400
02-03 21:07:28.640 I/libPowerHal(  863): system_server: set gpu opp level max: 0
02-03 21:07:28.640 I/libPowerHal(  863): [setGPUFreq] Soft min/max = (17, 0); Hard min/max = (29, 0)
02-03 21:07:28.640 I/libPowerHal(  863): [setGPUFreq] final min/max = (17, 0)
02-03 21:07:28.640 I/libPowerHal(  863): system_server: set gpu opp level: 17
02-03 21:07:28.640 I/BufferQueueDebug(  962): [com.android.launcher/com.android.launcher.Launcher#37933](this:0xb400007963bbf9e8,id:-1,api:0,p:-1,c:-1) BufferQueue core=(962:/system/bin/surfaceflinger)
02-03 21:07:28.640 I/libPowerHal(  863): system_server: set gpu opp level max: 0
02-03 21:07:28.646 V/WindowManager( 1741): Relayout Window{43ad301 u0 com.android.launcher/com.android.launcher.Launcher}: viewVisibility=0, oldvis=8, req=1080x2400
02-03 21:07:28.646 I/BufferQueueDebug(  962): [com.android.launcher/com.android.launcher.Launcher#37934](this:0xb400007963de49e8,id:-1,api:0,p:-1,c:-1) BufferQueue core=(962:/system/bin/surfaceflinger)
02-03 21:07:28.647 D/[OSIE]  (  962): scltmLayer_name VRI[Launcher][com.android.launcher/com.android.launcher.Launcher]
02-03 21:07:28.647 D/[OSIE]  (  962): IsSCLTMLayer=0 
02-03 21:07:28.647 D/BufferQueueConsumer( 5675): [](id:162b0000026d,api:0,p:-1,c:5675) connect: controlledByApp=false
02-03 21:07:28.647 E/IPCThreadState( 5675): attemptIncStrongHandle(62): Not supported
02-03 21:07:28.647 D/WCGWindowSurfaceFactory( 2321): mIsSupportWCG false
02-03 21:07:28.648 I/boun    ( 5675): (REDACTED) onApplyWindowInsets: systemWindowInsets=%s
02-03 21:07:28.649 I/boun    ( 5675): (REDACTED) onApplyWindowInsets: systemWindowInsets=%s
02-03 21:07:28.649 W/Choreographer( 2321): Frame time is 0.070245 ms in the future!  Check that graphics HAL is generating vsync timestamps using the correct timebase.
02-03 21:07:28.649 W/Choreographer(25078): Frame time is 0.088629 ms in the future!  Check that graphics HAL is generating vsync timestamps using the correct timebase.
02-03 21:07:28.650 D/VRI[Launcher]( 5675): registerCallbacksForSync syncBuffer=false
02-03 21:07:28.653 D/CompatibilityChangeReporter( 7237): Compat change id reported: 194532703; UID 10136; state: ENABLED
02-03 21:07:28.653 D/WM-SystemJobScheduler( 7237): Scheduling work ID 549774e0-985b-453d-960a-288fdd4fa190Job ID 126205
02-03 21:07:28.655 D/CompatibilityChangeReporter( 1741): Compat change id reported: 194532703; UID 10136; state: ENABLED
02-03 21:07:28.656 D/[OSIE]  (  962): scltmLayer_name VRI[Launcher][com.android.launcher/com.android.launcher.Launcher]
02-03 21:07:28.656 D/[OSIE]  (  962): IsSCLTMLayer=0 
02-03 21:07:28.656 D/BufferQueueConsumer( 2561): [](id:a01000002a7,api:0,p:-1,c:2561) connect: controlledByApp=false
02-03 21:07:28.656 E/IPCThreadState( 2561): attemptIncStrongHandle(125): Not supported
02-03 21:07:28.658 D/skia    ( 2321): SkJpegCodec::onGetPixels +
02-03 21:07:28.660 D/UxIconPackageManagerExt( 2561): UxIcon checkChooseIconsRootPath false
02-03 21:07:28.661 D/WM-SystemJobScheduler( 7237): Scheduling work ID 7a191dcd-1a12-45ce-9c4a-f4f1da864cefJob ID 126213
02-03 21:07:28.664 D/BLASTBufferQueue( 5675): [VRI[Launcher][com.android.launcher/com.android.launcher.Launcher]#621](f:0,a:1) acquireNextBufferLocked size=1080x2400 mFrameNumber=1 applyTransaction=true mTimestamp=102005992760925(auto) mPendingTransactions.size=0 graphicBufferId=24373939407832 transform=0
02-03 21:07:28.664 D/VRI[Launcher]( 5675): Received frameCommittedCallback lastAttemptedDrawFrameNum=1 didProduceBuffer=true syncBuffer=false
02-03 21:07:28.665 D/BufferStateLayer(  962): com.android.launcher/com.android.launcher.Launcher#37933 setBuffer frameId=1, bufferId=24373939407832 fenceId=747, w= 1080, h=2400
02-03 21:07:28.665 D/OplusLayer(  962): (37933,com.android.launcher/com.android.launcher.Launcher#37933,com.google.android.googlequicksearchbox:googleapp) setBuffer
02-03 21:07:28.667 D/VRI[Launcher]( 5675): draw finished.
02-03 21:07:28.667 D/WM-SystemJobScheduler( 7237): Scheduling work ID 1937edc8-be9b-4a27-8a54-f9ce3064b703Job ID 127023
02-03 21:07:28.667 D/WindowManager( 1741): finishDrawingWindow: Window{79e5b u0 com.android.launcher/com.android.launcher.Launcher} mDrawState=DRAW_PENDING
02-03 21:07:28.668 D/UxIconPackageManagerExt( 2561): UxIcon checkChooseIconsRootPath false
02-03 21:07:28.674 D/WM-SystemJobScheduler( 7237): Scheduling work ID 9a9d6fb4-8cb5-4bb3-bcba-c6210e12a6c8Job ID 126844
02-03 21:07:28.677 D/UxIconPackageManagerExt( 2561): UxIcon checkChooseIconsRootPath false
02-03 21:07:28.678 D/PhoneInterfaceManager( 2506): [PhoneIntfMgr] QueryTelephonyChecker-getDataNetworkTypeForSubscriber: packageName = com.android.phone, isGrant = true
02-03 21:07:28.678 D/PhoneInterfaceManager( 2506): [PhoneIntfMgr] QueryTelephonyChecker-getDataNetworkTypeForSubscriber: packageName = com.android.phone, isGrant = true
02-03 21:07:28.681 D/WM-SystemJobScheduler( 7237): Scheduling work ID b33e1526-3f94-42a2-8a96-b1582c61e498Job ID 126845
02-03 21:07:28.682 D/UxIconPackageManagerExt( 2561): UxIcon checkChooseIconsRootPath false
02-03 21:07:28.685 I/WeatherS_WeatherServiceVersionUtils(24226): serviceVersionCode16013000
02-03 21:07:28.688 D/WM-SystemJobScheduler( 7237): Scheduling work ID fe9b26d2-3b9b-47ca-9b5c-ea3f07fb3cabJob ID 127020
02-03 21:07:28.689 I/WeatherS_WeatherServiceVersionUtils(24226): serviceVersionCode16013000
02-03 21:07:28.691 D/OplusRecentsView( 2561): getLastViewIndex() :14
02-03 21:07:28.691 W/View    ( 2561): requestLayout() improperly called by android.widget.LinearLayout{bac76ad VFE...C.. ......ID 0,3-958,105 #7f0a00a2 app:id/animated_hint_layout} during layout: running second layout pass
02-03 21:07:28.692 D/VRI[Launcher]( 2561): registerCallbacksForSync syncBuffer=false
02-03 21:07:28.693 D/MultiStateCallback( 2561): [116507636] Adding [STATE_LAUNCHER_DRAWN (4)] to [STATE_LAUNCHER_PRESENT, STATE_LAUNCHER_STARTED, STATE_LAUNCHER_BIND_TO_SERVICE, STATE_APP_CONTROLLER_RECEIVED (27)]
02-03 21:07:28.694 I/WeatherS_WeatherServiceVersionUtils(24226): serviceVersionCode16013000
02-03 21:07:28.694 I/WeatherS_WeatherServiceVersionUtils(24226): serviceVersionCode16013000
02-03 21:07:28.694 I/WeatherS_WeatherServiceVersionUtils(24226): serviceVersionCode16013000
02-03 21:07:28.695 I/WeatherS_WeatherServiceVersionUtils(24226): serviceVersionCode16013000
02-03 21:07:28.695 D/WM-SystemJobScheduler( 7237): Scheduling work ID d167dd46-a0fe-4979-bbad-3572ae5f0885Job ID 126900
02-03 21:07:28.698 D/PowerManagerService( 1741): userActivityNoUpdateLocked: groupId=0, eventTime=102006026, event=2, flags=0x0, uid=1000
02-03 21:07:28.701 D/BLASTBufferQueue( 2561): [VRI[Launcher][com.android.launcher/com.android.launcher.Launcher]#620](f:0,a:1) acquireNextBufferLocked size=1080x2400 mFrameNumber=1 applyTransaction=true mTimestamp=102006029852541(auto) mPendingTransactions.size=0 graphicBufferId=10999411250664 transform=0
02-03 21:07:28.701 D/VRI[Launcher]( 2561): Received frameCommittedCallback lastAttemptedDrawFrameNum=1 didProduceBuffer=true syncBuffer=false
02-03 21:07:28.702 D/VRI[Launcher]( 2561): draw finished.
02-03 21:07:28.702 D/MultiStateCallback( 2561): [116507636] Adding [STATE_GESTURE_STARTED (256)] to [STATE_LAUNCHER_PRESENT, STATE_LAUNCHER_STARTED, STATE_LAUNCHER_DRAWN, STATE_LAUNCHER_BIND_TO_SERVICE, STATE_APP_CONTROLLER_RECEIVED (31)]
02-03 21:07:28.702 D/WM-SystemJobScheduler( 7237): Scheduling work ID 72e03ea6-3797-4dd6-a140-bd225ea2fd71Job ID 127022
02-03 21:07:28.703 D/BufferStateLayer(  962): com.android.launcher/com.android.launcher.Launcher#37934 setBuffer frameId=1, bufferId=10999411250664 fenceId=749, w= 1080, h=2400
02-03 21:07:28.703 D/OplusLayer(  962): (37934,com.android.launcher/com.android.launcher.Launcher#37934,com.android.launcher) setBuffer
02-03 21:07:28.705 D/b/223498680( 2561): RAAF createStateElementAnimation alpha=[0.0]
02-03 21:07:28.706 D/b/223498680( 2561): RAAF createStateElementAnimation onStart
02-03 21:07:28.706 I/LatencyTracker( 2561): ACTION_TOGGLE_RECENTS latency=98
02-03 21:07:28.707 D/OplusZoomWindowManagerService( 1741): hideZoomWindow, caller: 2561
02-03 21:07:28.707 E/OplusZoomWindowManagerService( 1741): hideZoomWindow fail, zoomStack null
02-03 21:07:28.708 D/DockIconView( 2561): refresh: scale = 0.90909094,bm.width=132,icon.width=120,measureWidth=120
02-03 21:07:28.708 D/DockIconView( 2561): updatePaintFilter: mBitmapShader = android.graphics.BitmapShader@3b0e18b,mul=204,alpha=1.0,mDimAlpha=0.0
02-03 21:07:28.709 I/MainLooperBlockDetector( 5725): com.coloros.common.utils.RxSystemKeyEventMonitor$systemKeyEventReceiver$1.onReceive
02-03 21:07:28.709 I/MainLooperBlockDetector( 5725): checkMainLooperBlocked: detector not initialized
02-03 21:07:28.709 I/AstScreen.RxSystemKeyEventMonitor( 5725): HomeKey Receiver Reason = recentapps
02-03 21:07:28.709 D/DockIconView( 2561): refresh: scale = 0.90909094,bm.width=132,icon.width=120,measureWidth=120
02-03 21:07:28.709 D/DockIconView( 2561): updatePaintFilter: mBitmapShader = android.graphics.BitmapShader@38a9268,mul=204,alpha=1.0,mDimAlpha=0.0
02-03 21:07:28.709 D/DockIconView( 2561): refresh: scale = 0.90909094,bm.width=132,icon.width=120,measureWidth=120
02-03 21:07:28.709 D/DockIconView( 2561): updatePaintFilter: mBitmapShader = android.graphics.BitmapShader@f0c3681,mul=204,alpha=1.0,mDimAlpha=0.0
02-03 21:07:28.709 D/DockIconView( 2561): refresh: scale = 0.90909094,bm.width=132,icon.width=120,measureWidth=120
02-03 21:07:28.709 D/DockIconView( 2561): updatePaintFilter: mBitmapShader = android.graphics.BitmapShader@994b326,mul=204,alpha=1.0,mDimAlpha=0.0
02-03 21:07:28.709 D/DockIconView( 2561): refresh: scale = 0.90909094,bm.width=132,icon.width=120,measureWidth=120
02-03 21:07:28.709 D/DockIconView( 2561): updatePaintFilter: mBitmapShader = android.graphics.BitmapShader@84a0b67,mul=204,alpha=1.0,mDimAlpha=0.0
02-03 21:07:28.709 D/DockIconView( 2561): refresh: scale = 0.90909094,bm.width=132,icon.width=120,measureWidth=120
02-03 21:07:28.709 D/DockIconView( 2561): updatePaintFilter: mBitmapShader = android.graphics.BitmapShader@faa6d14,mul=204,alpha=1.0,mDimAlpha=0.0
02-03 21:07:28.709 D/WindowManager( 1741): finishDrawingWindow: Window{43ad301 u0 com.android.launcher/com.android.launcher.Launcher} mDrawState=DRAW_PENDING
02-03 21:07:28.709 D/DockIconView( 2561): refresh: scale = 0.90909094,bm.width=132,icon.width=120,measureWidth=120
02-03 21:07:28.709 D/DockIconView( 2561): updatePaintFilter: mBitmapShader = android.graphics.BitmapShader@a44b9bd,mul=204,alpha=1.0,mDimAlpha=0.0
02-03 21:07:28.709 D/DockIconView( 2561): refresh: scale = 0.90909094,bm.width=132,icon.width=120,measureWidth=120
02-03 21:07:28.709 D/DockIconView( 2561): updatePaintFilter: mBitmapShader = android.graphics.BitmapShader@508dbb2,mul=204,alpha=1.0,mDimAlpha=0.0
02-03 21:07:28.709 D/DockIconView( 2561): refresh: scale = 0.90909094,bm.width=132,icon.width=120,measureWidth=120
02-03 21:07:28.709 D/DockIconView( 2561): updatePaintFilter: mBitmapShader = android.graphics.BitmapShader@561f703,mul=204,alpha=1.0,mDimAlpha=0.0
02-03 21:07:28.709 D/DockIconView( 2561): refresh: scale = 0.90909094,bm.width=132,icon.width=120,measureWidth=120
02-03 21:07:28.709 D/DockIconView( 2561): updatePaintFilter: mBitmapShader = android.graphics.BitmapShader@34b4680,mul=204,alpha=1.0,mDimAlpha=0.0
02-03 21:07:28.709 D/DockIconView( 2561): refresh: scale = 0.90909094,bm.width=132,icon.width=120,measureWidth=120
02-03 21:07:28.709 D/DockIconView( 2561): updatePaintFilter: mBitmapShader = android.graphics.BitmapShader@d8834b9,mul=204,alpha=1.0,mDimAlpha=0.0
02-03 21:07:28.709 D/b/223498680( 2561): RAAF createStateElementAnimation onEnd
02-03 21:07:28.710 D/OplusRecentsView( 2561): getLastViewIndex() :14
02-03 21:07:28.713 D/skia    ( 2321): SkJpegCodec::onGetPixels -
02-03 21:07:28.713 I/WeatherS_WeatherServiceVersionUtils(24226): serviceVersionCode16013000
02-03 21:07:28.713 I/WeatherS_WeatherServiceVersionUtils(24226): serviceVersionCode16013000
02-03 21:07:28.713 I/WeatherS_WeatherBaseDataTask(24226): Service has not started, bind update Service.
02-03 21:07:28.715 V/StatusBar( 2210): onReceive: Intent { act=android.intent.action.CLOSE_SYSTEM_DIALOGS flg=0x50000010 (has extras) }
02-03 21:07:28.715 V/ShadeControllerImpl( 2210): NotificationShadeWindow: com.android.systemui.statusbar.phone.NotificationShadeWindowView{39b9082 I.E...... ......ID 0,0-1080,2400} canPanelBeCollapsed(): false
02-03 21:07:28.715 I/WeatherS_WeatherServiceManager(24226): bindUpdateService false
02-03 21:07:28.715 D/WM-SystemJobScheduler( 7237): Scheduling work ID 287efac9-d6da-4ae5-adf9-52142ea6ae98Job ID 126943
02-03 21:07:28.720 I/WindowStateExtImpl( 1741): onSurfaceShowChange show = true mPackageName = com.android.launcher parentPkgName = com.android.launcher
02-03 21:07:28.724 D/WM-SystemJobScheduler( 7237): Scheduling work ID 88a8dde0-74b3-49a7-b99f-8ab7ea8e0c05Job ID 127019
