01-22 20:27:28.916 W/System.err(19904): 	at android.os.Parcel.createException(Parcel.java:3046)
01-22 20:27:28.916 W/System.err(19904): 	at android.os.Parcel.readException(Parcel.java:3029)
01-22 20:27:28.916 W/System.err(19904): 	at android.os.Parcel.readException(Parcel.java:2971)
01-22 20:27:28.916 W/System.err(19904): 	at android.permission.IPermissionManager$Stub$Proxy.grantRuntimePermission(IPermissionManager.java:947)
01-22 20:27:28.916 W/System.err(19904): 	at android.permission.PermissionManager.grantRuntimePermission(PermissionManager.java:598)
01-22 20:27:28.916 W/System.err(19904): 	at android.app.ApplicationPackageManager.grantRuntimePermission(ApplicationPackageManager.java:918)
01-22 20:27:28.916 W/System.err(19904): 	... 10 more
01-22 20:27:28.917 W/System.err(19904): java.lang.reflect.InvocationTargetException
01-22 20:27:28.917 W/System.err(19904): 	at java.lang.reflect.Method.invoke(Native Method)
01-22 20:27:28.917 W/System.err(19904): 	at a.a.a.o36.d(SourceFile:24)
01-22 20:27:28.918 W/System.err(19904): 	at a.a.a.o36.c(SourceFile:57)
01-22 20:27:28.918 W/System.err(19904): 	at a.a.a.xl.g(SourceFile:13)
01-22 20:27:28.918 W/System.err(19904): 	at a.a.a.fn.q(SourceFile:10)
01-22 20:27:28.918 W/System.err(19904): 	at a.a.a.fn.o(Unknown Source:0)
01-22 20:27:28.918 W/System.err(19904): 	at a.a.a.cn.run(Unknown Source:2)
01-22 20:27:28.918 W/System.err(19904): 	at java.util.concurrent.ThreadPoolExecutor.runWorker(ThreadPoolExecutor.java:1154)
01-22 20:27:28.918 W/System.err(19904): 	at java.util.concurrent.ThreadPoolExecutor$Worker.run(ThreadPoolExecutor.java:652)
01-22 20:27:28.918 W/System.err(19904): 	at java.lang.Thread.run(Thread.java:1563)
01-22 20:27:28.918 W/System.err(19904): Caused by: java.lang.SecurityException: grantRuntimePermission: Neither user 10012 nor current process has android.permission.GRANT_RUNTIME_PERMISSIONS.
01-22 20:27:28.918 W/System.err(19904): 	at android.os.Parcel.createExceptionOrNull(Parcel.java:3062)
01-22 20:27:28.918 W/System.err(19904): 	at android.os.Parcel.createException(Parcel.java:3046)
01-22 20:27:28.918 W/System.err(19904): 	at android.os.Parcel.readException(Parcel.java:3029)
01-22 20:27:28.918 W/System.err(19904): 	at android.os.Parcel.readException(Parcel.java:2971)
01-22 20:27:28.918 W/System.err(19904): 	at android.permission.IPermissionManager$Stub$Proxy.grantRuntimePermission(IPermissionManager.java:947)
01-22 20:27:28.918 W/System.err(19904): 	at android.permission.PermissionManager.grantRuntimePermission(PermissionManager.java:598)
01-22 20:27:28.918 W/System.err(19904): 	at android.app.ApplicationPackageManager.grantRuntimePermission(ApplicationPackageManager.java:918)
01-22 20:27:28.918 W/System.err(19904): 	... 10 more
01-22 20:27:28.919 W/System.err(19904): java.lang.reflect.InvocationTargetException
01-22 20:27:28.919 W/System.err(19904): 	at java.lang.reflect.Method.invoke(Native Method)
01-22 20:27:28.919 W/System.err(19904): 	at a.a.a.o36.d(SourceFile:24)
01-22 20:27:28.919 W/System.err(19904): 	at a.a.a.o36.c(SourceFile:57)
01-22 20:27:28.919 W/System.err(19904): 	at a.a.a.xl.g(SourceFile:13)
01-22 20:27:28.919 W/System.err(19904): 	at a.a.a.fn.q(SourceFile:10)
01-22 20:27:28.919 W/System.err(19904): 	at a.a.a.fn.o(Unknown Source:0)
01-22 20:27:28.919 W/System.err(19904): 	at a.a.a.cn.run(Unknown Source:2)
01-22 20:27:28.919 W/System.err(19904): 	at java.util.concurrent.ThreadPoolExecutor.runWorker(ThreadPoolExecutor.java:1154)
01-22 20:27:28.919 W/System.err(19904): 	at java.util.concurrent.ThreadPoolExecutor$Worker.run(ThreadPoolExecutor.java:652)
01-22 20:27:28.919 W/System.err(19904): 	at java.lang.Thread.run(Thread.java:1563)
01-22 20:27:28.919 W/System.err(19904): Caused by: java.lang.SecurityException: grantRuntimePermission: Neither user 10012 nor current process has android.permission.GRANT_RUNTIME_PERMISSIONS.
01-22 20:27:28.919 W/System.err(19904): 	at android.os.Parcel.createExceptionOrNull(Parcel.java:3062)
01-22 20:27:28.920 W/System.err(19904): 	at android.os.Parcel.createException(Parcel.java:3046)
01-22 20:27:28.920 W/System.err(19904): 	at android.os.Parcel.readException(Parcel.java:3029)
01-22 20:27:28.920 W/System.err(19904): 	at android.os.Parcel.readException(Parcel.java:2971)
01-22 20:27:28.920 W/System.err(19904): 	at android.permission.IPermissionManager$Stub$Proxy.grantRuntimePermission(IPermissionManager.java:947)
01-22 20:27:28.920 W/System.err(19904): 	at android.permission.PermissionManager.grantRuntimePermission(PermissionManager.java:598)
01-22 20:27:28.920 W/System.err(19904): 	at android.app.ApplicationPackageManager.grantRuntimePermission(ApplicationPackageManager.java:918)
01-22 20:27:28.920 W/System.err(19904): 	... 10 more
01-22 20:27:28.921 W/System.err(19904): java.lang.reflect.InvocationTargetException
01-22 20:27:28.921 W/System.err(19904): 	at java.lang.reflect.Method.invoke(Native Method)
01-22 20:27:28.921 W/System.err(19904): 	at a.a.a.o36.d(SourceFile:24)
01-22 20:27:28.921 W/System.err(19904): 	at a.a.a.o36.c(SourceFile:57)
01-22 20:27:28.921 W/System.err(19904): 	at a.a.a.xl.g(SourceFile:13)
01-22 20:27:28.921 W/System.err(19904): 	at a.a.a.fn.q(SourceFile:10)
01-22 20:27:28.921 W/System.err(19904): 	at a.a.a.fn.o(Unknown Source:0)
01-22 20:27:28.921 W/System.err(19904): 	at a.a.a.cn.run(Unknown Source:2)
01-22 20:27:28.921 W/System.err(19904): 	at java.util.concurrent.ThreadPoolExecutor.runWorker(ThreadPoolExecutor.java:1154)
01-22 20:27:28.921 W/System.err(19904): 	at java.util.concurrent.ThreadPoolExecutor$Worker.run(ThreadPoolExecutor.java:652)
01-22 20:27:28.921 W/System.err(19904): 	at java.lang.Thread.run(Thread.java:1563)
01-22 20:27:28.921 W/System.err(19904): Caused by: java.lang.SecurityException: grantRuntimePermission: Neither user 10012 nor current process has android.permission.GRANT_RUNTIME_PERMISSIONS.
01-22 20:27:28.921 W/System.err(19904): 	at android.os.Parcel.createExceptionOrNull(Parcel.java:3062)
01-22 20:27:28.921 W/System.err(19904): 	at android.os.Parcel.createException(Parcel.java:3046)
01-22 20:27:28.921 W/System.err(19904): 	at android.os.Parcel.readException(Parcel.java:3029)
01-22 20:27:28.921 W/System.err(19904): 	at android.os.Parcel.readException(Parcel.java:2971)
01-22 20:27:28.921 W/System.err(19904): 	at android.permission.IPermissionManager$Stub$Proxy.grantRuntimePermission(IPermissionManager.java:947)
01-22 20:27:28.921 W/System.err(19904): 	at android.permission.PermissionManager.grantRuntimePermission(PermissionManager.java:598)
01-22 20:27:28.921 W/System.err(19904): 	at android.app.ApplicationPackageManager.grantRuntimePermission(ApplicationPackageManager.java:918)
01-22 20:27:28.921 W/System.err(19904): 	... 10 more
01-22 20:27:28.922 W/System.err(19904): java.lang.reflect.InvocationTargetException
01-22 20:27:28.923 W/System.err(19904): 	at java.lang.reflect.Method.invoke(Native Method)
01-22 20:27:28.923 W/System.err(19904): 	at a.a.a.o36.d(SourceFile:24)
01-22 20:27:28.923 W/System.err(19904): 	at a.a.a.o36.c(SourceFile:57)
01-22 20:27:28.923 W/System.err(19904): 	at a.a.a.xl.g(SourceFile:13)
01-22 20:27:28.923 W/System.err(19904): 	at a.a.a.fn.q(SourceFile:10)
01-22 20:27:28.923 W/System.err(19904): 	at a.a.a.fn.o(Unknown Source:0)
01-22 20:27:28.923 W/System.err(19904): 	at a.a.a.cn.run(Unknown Source:2)
01-22 20:27:28.923 W/System.err(19904): 	at java.util.concurrent.ThreadPoolExecutor.runWorker(ThreadPoolExecutor.java:1154)
01-22 20:27:28.923 W/System.err(19904): 	at java.util.concurrent.ThreadPoolExecutor$Worker.run(ThreadPoolExecutor.java:652)
01-22 20:27:28.923 W/System.err(19904): 	at java.lang.Thread.run(Thread.java:1563)
01-22 20:27:28.923 W/System.err(19904): Caused by: java.lang.SecurityException: grantRuntimePermission: Neither user 10012 nor current process has android.permission.GRANT_RUNTIME_PERMISSIONS.
01-22 20:27:28.923 W/System.err(19904): 	at android.os.Parcel.createExceptionOrNull(Parcel.java:3062)
01-22 20:27:28.923 W/System.err(19904): 	at android.os.Parcel.createException(Parcel.java:3046)
01-22 20:27:28.923 W/System.err(19904): 	at android.os.Parcel.readException(Parcel.java:3029)
01-22 20:27:28.923 W/System.err(19904): 	at android.os.Parcel.readException(Parcel.java:2971)
01-22 20:27:28.923 W/System.err(19904): 	at android.permission.IPermissionManager$Stub$Proxy.grantRuntimePermission(IPermissionManager.java:947)
01-22 20:27:28.923 W/System.err(19904): 	at android.permission.PermissionManager.grantRuntimePermission(PermissionManager.java:598)
01-22 20:27:28.923 W/System.err(19904): 	at android.app.ApplicationPackageManager.grantRuntimePermission(ApplicationPackageManager.java:918)
01-22 20:27:28.923 W/System.err(19904): 	... 10 more
01-22 20:27:28.923 D/AppDelegatorImpl(19904): a.a.a.xl:onAppCreate 32
01-22 20:27:29.052 I/Athena  ( 2605): CommonAction: 22,2701,140,0,0,0,384,0,2640,2591,1097,1561,0.7096774,22
01-22 20:27:29.519 D/OplusDexSceneManager( 1748): Starting attach context  for  com.miniclip.carrom reason: bg-dexopt
01-22 20:27:29.519 D/OplusDexSceneManager( 1748): isTopAppFront =======com.android.launcher:false
01-22 20:27:29.519 D/OplusDexSceneManager( 1748): OplusDex Framework didnot works!
01-22 20:27:29.519 D/PackageDexOptimizer( 1748): Running dexopt on: /data/user/0/com.miniclip.carrom/app_pccache/5/362BAA1E742037C69CD8BF98C5D97909342864E7/pcam.jar pkg=com.miniclip.carrom isa=[arm64] reason=bg-dexopt dexoptFlags=boot_complete,profile_guided,secondary,storage_ce,idle_background_job,enable_hidden_api_checks target-filter=speed-profile class-loader-context=PCL[];PCL[/data/app/~~FoNLAD_61OjlST5fe-7Iaw==/com.miniclip.carrom-9p7I155hjqTsYTikdawsDQ==/base.apk]{PCL[/system/framework/org.apache.http.legacy.jar]#PCL[/system_ext/framework/androidx.window.extensions.jar]#PCL[/system_ext/framework/androidx.window.sidecar.jar]}
01-22 20:27:29.520 D/installd( 1114): Getting dex paths for context PCL[];PCL[/data/app/~~FoNLAD_61OjlST5fe-7Iaw==/com.miniclip.carrom-9p7I155hjqTsYTikdawsDQ==/base.apk]{PCL[/system/framework/org.apache.http.legacy.jar]#PCL[/system_ext/framework/androidx.window.extensions.jar]#PCL[/system_ext/framework/androidx.window.sidecar.jar]}
01-22 20:27:29.556 D/installd( 1114): Processing secondary dex path /data/user/0/com.miniclip.carrom/app_pccache/5/362BAA1E742037C69CD8BF98C5D97909342864E7/pcam.jar
01-22 20:27:29.559 D/installd( 1114): Processed secondary dex file /data/user/0/com.miniclip.carrom/app_pccache/5/362BAA1E742037C69CD8BF98C5D97909342864E7/pcam.jar result=205
01-22 20:27:29.562 D/OplusDexSceneManager( 1748): Starting attach context  for  com.miniclip.carrom reason: bg-dexopt
01-22 20:27:29.562 D/OplusDexSceneManager( 1748): isTopAppFront =======com.android.launcher:false
01-22 20:27:29.562 D/OplusDexSceneManager( 1748): OplusDex Framework didnot works!
01-22 20:27:29.562 D/PackageDexOptimizer( 1748): Running dexopt on: /data/user/0/com.miniclip.carrom/app_pccache/5/C032827D49137A4DE859DC0AEDE2EAF97B8599B0/pcam.jar pkg=com.miniclip.carrom isa=[arm64] reason=bg-dexopt dexoptFlags=boot_complete,profile_guided,secondary,storage_ce,idle_background_job,enable_hidden_api_checks target-filter=speed-profile class-loader-context=PCL[];PCL[/data/app/~~FoNLAD_61OjlST5fe-7Iaw==/com.miniclip.carrom-9p7I155hjqTsYTikdawsDQ==/base.apk]{PCL[/system/framework/org.apache.http.legacy.jar]#PCL[/system_ext/framework/androidx.window.extensions.jar]#PCL[/system_ext/framework/androidx.window.sidecar.jar]}
01-22 20:27:29.562 D/installd( 1114): Getting dex paths for context PCL[];PCL[/data/app/~~FoNLAD_61OjlST5fe-7Iaw==/com.miniclip.carrom-9p7I155hjqTsYTikdawsDQ==/base.apk]{PCL[/system/framework/org.apache.http.legacy.jar]#PCL[/system_ext/framework/androidx.window.extensions.jar]#PCL[/system_ext/framework/androidx.window.sidecar.jar]}
01-22 20:27:29.586 W/CrashBox_MaximumCounter(16320): insert info:22ec31554fb402225b45d2ccf1db0831--get count is:0
01-22 20:27:29.597 D/wpa_supplicant(12239): nl80211: Event message available
01-22 20:27:29.597 D/wpa_supplicant(12239): nl80211: Drv Event 34 (NL80211_CMD_NEW_SCAN_RESULTS) received for wlan0
01-22 20:27:29.597 D/wpa_supplicant(12239): wlan0: nl80211: New scan results available
01-22 20:27:29.597 D/wpa_supplicant(12239): nl80211: Scan probed for SSID ''
01-22 20:27:29.597 D/wpa_supplicant(12239): nl80211: Scan included frequencies: 2412 2417 2422 2427 2432 2437 2442 2447 2452 2457 2462 2467 2472 5180 5200 5220 5240 5745 5765 5785 5805 5825
01-22 20:27:29.597 D/wpa_supplicant(12239): wlan0: Event SCAN_RESULTS (3) received
01-22 20:27:29.598 D/WifiHAL ( 2113): event received NL80211_CMD_NEW_SCAN_RESULTS
01-22 20:27:29.598 D/OplusWifiCoexManager( 1748): uevent = {SUBSYSTEM=misc, MAJOR=10, SEQNUM=76169, ACTION=change, DEVNAME=wlan, Scan=Status:NORMAL,DBDC:DISABLE,Time:1056,Channel:1 2 3 4 5 6 7 8 9 10 11 12 13 36 40 44 48 149 153 157 161 165 ,Reason:OK, MINOR=30, DEVPATH=/devices/virtual/misc/wlan}
01-22 20:27:29.600 D/installd( 1114): Processing secondary dex path /data/user/0/com.miniclip.carrom/app_pccache/5/C032827D49137A4DE859DC0AEDE2EAF97B8599B0/pcam.jar
01-22 20:27:29.601 D/VoLTE IMSM( 1470): send CTRL_CMD_GET_SCAN (module/mdagent/volte_imsm_93/src/wireless.c:584)
01-22 20:27:29.601 D/wpa_supplicant(12239): nl80211: Received scan results (4 BSSes)
01-22 20:27:29.601 D/wpa_supplicant(12239): nl80211: Scan results indicate BSS status with fe:bf:77:9e:3f:b0 as associated
01-22 20:27:29.602 D/WifiNl80211Manager( 1748): Scan result ready event
01-22 20:27:29.602 D/WifiNative( 1748): Scan result ready event
01-22 20:27:29.604 D/wpa_supplicant(12239): wlan0: BSS: Start scan result update 231
01-22 20:27:29.604 D/wpa_supplicant(12239): fe:**:**:**:3f:b0 freq:5785 level:-57 caps:0x1511 est:351001 ssid:Ai***3O wpa_ie_len:0 rsn_ie_len:20 beacon_int:100 timestamp:126390722789
01-22 20:27:29.604 D/wpa_supplicant(12239): wlan0: BSS: Add new id 977 BSSID 30:bd:13:f4:82:ce SSID 'Airtel_Crypto bullrun' freq 2422
01-22 20:27:29.604 D/wpa_supplicant(12239): 30:**:**:**:82:ce freq:2422 level:-80 caps:0x1c11 est:19500 ssid:Ai***un wpa_ie_len:26 rsn_ie_len:24 beacon_int:100 timestamp:126390722805
01-22 20:27:29.604 D/wpa_supplicant(12239): wlan0: BSS: Add new id 978 BSSID 34:0a:33:6a:e3:1e SSID 'dhruva' freq 2472
01-22 20:27:29.604 D/wpa_supplicant(12239): 34:**:**:**:e3:1e freq:2472 level:-91 caps:0x411 est:1000 ssid:dh***va wpa_ie_len:0 rsn_ie_len:20 beacon_int:100 timestamp:126390722801
01-22 20:27:29.604 D/wpa_supplicant(12239): wlan0: BSS: Add new id 979 BSSID d2:83:94:b7:d4:79 SSID 'Chaitanya404' freq 2462
01-22 20:27:29.604 D/wpa_supplicant(12239): d2:**:**:**:d4:79 freq:2462 level:-95 caps:0x1511 est:1000 ssid:Ch***04 wpa_ie_len:0 rsn_ie_len:20 beacon_int:100 timestamp:126390722808
01-22 20:27:29.604 D/wpa_supplicant(12239): BSS: last_scan_res_used=4/128
01-22 20:27:29.604 D/wpa_supplicant(12239): wlan0: New scan results available (own=0 ext=1)
01-22 20:27:29.604 D/wpa_supplicant(12239): wlan0: Do not use results from externally requested scan operation for network selection
01-22 20:27:29.604 D/wpa_supplicant(12239): RTM_NEWLINK: ifi_index=34 ifname=wlan0 wext ifi_family=0 ifi_flags=0x11043 ([UP][RUNNING][LOWER_UP])
01-22 20:27:29.605 D/installd( 1114): Processed secondary dex file /data/user/0/com.miniclip.carrom/app_pccache/5/C032827D49137A4DE859DC0AEDE2EAF97B8599B0/pcam.jar result=205
01-22 20:27:29.608 I/[BIP]   ( 1457):  [BIP NL] event newlink match dev 0, interface index 34
01-22 20:27:29.608 I/[BIP]   ( 1457):  [BIP NL] the link status of interface(index:0) changes to 1
01-22 20:27:29.614 D/IpClient/wlan0( 2425): interfaceLinkStateChanged: ifindex 34 up
01-22 20:27:29.619 D/BackgroundDexOptService( 1748): abortIdleOptimizationsByPluggedIn:2
01-22 20:27:29.621 D/installd( 1114): Found valid user 999
01-22 20:27:29.637 D/OplusWifiPowerStatsManager( 1748): setScanTimes is 1
01-22 20:27:29.644 D/PasspointManager( 1748): ANQP entry not found for: 30:bd:13:f4:82:ce:<Airtel_Crypto bullrun>
01-22 20:27:29.644 D/BoundBrokerSvc(20067): onRebind: Intent { act=com.google.android.gms.common.telemetry.service.START dat=chimera-action:/... cmp=com.google.android.gms/.chimera.PersistentApiService }
01-22 20:27:29.647 I/FrewleTileCacheManagerV(20067): (REDACTED) Fetched %d AP models from cache
01-22 20:27:29.651 D/WifiNetworkSelector( 1748): wifiAssistantStateTraker ignore wifi switch
01-22 20:27:29.659 D/BoundBrokerSvc(24720): onUnbind: Intent { act=com.google.android.gms.feedback.internal.IFeedbackService dat=chimera-action:/... cmp=com.google.android.gms/.chimera.GmsBoundBrokerService }
01-22 20:27:29.696 D/LocationManagerService( 1748): incoming location from: network
01-22 20:27:29.698 D/LocationManagerService( 1748): incoming location from: network
01-22 20:27:29.698 I/Weather_Location_SystemLocation(19857): onLocationChanged, exits systemLocation: true endTime:1769093849698, location spendTime:1246 listener:152309372
01-22 20:27:29.699 I/Weather_Location_SystemLocation(19857): stopLocalLocation remove listener:152309372
01-22 20:27:29.699 I/Weather_Location_SystemLocation(19857): stopLocalLocation remove gpsLocationRunnable
01-22 20:27:29.712 D/LocationManagerService( 1748): registration onInactive from uid: 10201 package: com.coloros.weather.service
01-22 20:27:29.713 D/LocationManagerService( 1748): network provider removed registration from 10201/com.coloros.weather.service/D792BB7F
01-22 20:27:29.715 I/WeatherS_AutoGetLocationService(19857): onLocationSdkCall for scene:[5] at step:[6] by extra:[network location success]
01-22 20:27:29.716 I/WeatherS_AutoGetLocationService(19857): onLocationSdkCall for scene:[5] at step:[7] by extra:[request city no need from net, local has same city]
01-22 20:27:29.716 I/WeatherS_AutoGetLocationService(19857): request city no need from net,call update city weather. 
01-22 20:27:29.716 I/WeatherS_LocalUtils(19857): notifyChange errorCode: 410000 uri: content://com.oplus.weather.provider.locationCallBack?errorCode=410000
01-22 20:27:29.716 I/FusedLocation(20067): (REDACTED) location delivery to %s blocked - too fast
01-22 20:27:29.718 I/WeatherS_AutoGetLocationService(19857): onLocationResult, count:0
01-22 20:27:29.718 W/WeatherS_AutoGetLocationService(19857): onLocationResult, cityInfo is null!
01-22 20:27:29.718 I/WeatherS_AbsLocationHelper(19857): getLocalId begin :service lct. 
01-22 20:27:29.718 I/WeatherS_AbsLocationHelper(19857): dealWithLocalCity same location city, onlyUpdateWeather
01-22 20:27:29.718 I/WeatherS_AbsLocationHelper(19857): endWithResult(): result=0null
01-22 20:27:29.718 I/FusedLocation(20067): (REDACTED) location delivery to %s blocked - too close
01-22 20:27:29.719 E/WeatherS_PrivacyStatementExport(19857): isAgreed-1
01-22 20:27:29.720 I/WeatherS_WeatherProvider(19857): query option: 1,callingUid: 10201,name: com.coloros.weather.service
01-22 20:27:29.728 D/LocationManagerService( 1748): incoming location from: fused
01-22 20:27:29.728 D/LocationManagerService( 1748): incoming location from: fused
01-22 20:27:29.740 E/IntentNative(19857): Epona Communication failed, static initializer failed.
01-22 20:27:29.748 I/WeatherS_AbsLocationHelper(19857): endWithResult(): needFullWeatherData=false
01-22 20:27:29.748 I/WeatherS_AutoGetLocationService(19857): AutoGetLctService onReceive: com.oplus.weather.action.deal_location
01-22 20:27:29.748 E/WeatherS_PrivacyStatementExport(19857): isAgreed-1
01-22 20:27:29.749 I/WeatherS_WeatherProvider(19857): query option: 1,callingUid: 10201,name: com.coloros.weather.service
01-22 20:27:29.755 D/BoundBrokerSvc(20067): onRebind: Intent { act=com.google.android.gms.auth.aang.events.services.START dat=chimera-action:/... cmp=com.google.android.gms/.chimera.PersistentApiService }
01-22 20:27:29.759 I/WeatherS_LocalUtils(19857): updateWeatherStart:true;false;false;false
01-22 20:27:29.760 I/WeatherS_AutoGetLocationService(19857): onReceive:AutoGetLctService.stopSelf() end
01-22 20:27:29.761 I/WeatherS_AutoGetLocationService(19857): onDestroy
01-22 20:27:29.761 I/Weather_Location_LocationController(19857): stopAndClear
01-22 20:27:29.761 I/Weather_Location_SystemLocation(19857): stopLocalLocation remove listener:152309372
01-22 20:27:29.765 D/WeatherS_PoolManager(19857):  thread: Thread[pool-3-thread-3,5,main]
01-22 20:27:29.778 I/WeatherS_UpdateWeatherService(19857): onStartCommand intent: true flags: 0 startId: 1
01-22 20:27:29.779 I/WeatherS_UpdateWeatherService(19857): setUpdateWeather:22;false;true
01-22 20:27:29.779 I/WeatherS_UpdateWeatherService(19857): setUpdateWeather: ,currentUpdateAttendId:2,isUpdateAll:false,isWeatherLight:true,isForceRefresh:false,updateScene:20100,callingPkg:com.coloros.alarmclock
01-22 20:27:29.781 D/WeatherS_PoolManager(19857):  thread: Thread[pool-4-thread-1,5,main]
01-22 20:27:29.781 I/WeatherS_UpdateWeatherService(19857): registerBroadcast mHasRegisterBroadcast: false
01-22 20:27:29.781 I/WeatherS_UpdateWeatherService(19857): onStartCommand callUidId: 10201 nameForUid: com.coloros.weather.service
01-22 20:27:29.782 E/WeatherS_PrivacyStatementExport(19857): isAgreed-1
01-22 20:27:29.783 I/WeatherS_WeatherProvider(19857): query option: 1,callingUid: 10201,name: com.coloros.weather.service
01-22 20:27:29.784 E/WeatherS_WeatherExpireTimeUtils(19857): hasExpireTimeByCityId:2;00164310080574
01-22 20:27:29.784 I/WeatherS_AttentCityDataHelper(19857): hasWeatherInfo query weather info provider id: 2
01-22 20:27:29.784 E/WeatherS_PrivacyStatementExport(19857): isAgreed-1
01-22 20:27:29.785 I/WeatherS_WeatherProvider(19857): query option: 4,callingUid: 10201,name: com.coloros.weather.service
01-22 20:27:29.787 I/WeatherS_WeatherExpireTimeUtils(19857): has expire time by city id:2, result:true
01-22 20:27:29.788 I/WeatherS_AttentCityDataHelper(19857): hasWeatherInfo query weather info provider id: -10000
01-22 20:27:29.788 E/WeatherS_PrivacyStatementExport(19857): isAgreed-1
01-22 20:27:29.789 I/WeatherS_WeatherProvider(19857): query option: 4,callingUid: 10201,name: com.coloros.weather.service
01-22 20:27:29.791 I/WeatherS_UpdateWeatherService(19857): hasWeatherInfoInDb:true;hasResidentCityWeatherInfoInDb:true
01-22 20:27:29.791 I/WeatherS_UpdateWeatherService(19857): dataSource is WeatherLightInfoDataSource
01-22 20:27:29.792 D/WeatherS_PoolManager(19857):  thread: Thread[pool-4-thread-2,5,main]
01-22 20:27:29.794 E/WeatherS_PrivacyStatementExport(19857): isAgreed-1
01-22 20:27:29.795 I/WeatherS_WeatherProvider(19857): query option: 2,callingUid: 10201,name: com.coloros.weather.service
01-22 20:27:29.797 E/WeatherS_PrivacyStatementExport(19857): isAgreed-1
01-22 20:27:29.798 I/WeatherS_WeatherProvider(19857): query option: 46,callingUid: 10201,name: com.coloros.weather.service
01-22 20:27:29.798 D/WeatherS_PoolManager(19857):  thread: Thread[pool-3-thread-4,5,main]
01-22 20:27:29.805 I/TFLite-in-PlayServices(20067): Created interpreter.
01-22 20:27:29.805 D/WeatherS_PoolManager(19857):  thread: Thread[pool-3-thread-5,5,main]
01-22 20:27:29.806 I/WeatherS_WeatherServiceVersionUtils(19857): serviceVersionCode16013000
01-22 20:27:29.806 I/WeatherS_WeatherServiceVersionUtils(19857): serviceVersionCode16013000
01-22 20:27:29.806 I/WeatherS_WeatherServiceVersionUtils(19857): getWeatherServiceVersionName:16.13.0
01-22 20:27:29.806 I/WeatherS_WeatherServiceVersionUtils(19857): serviceVersionCode16013000
01-22 20:27:29.806 I/WeatherS_WeatherServiceVersionUtils(19857): getWeatherServiceVersionName:16.13.0
01-22 20:27:29.810 E/WeatherS_AccuUtilsExp(19857): exp -> true
01-22 20:27:29.810 I/WeatherS_WeatherDataClientManager(19857): [Init Weather Light Client] >>>> track region = IN, isChina = false
01-22 20:27:29.822 W/CrashBox_MaximumCounter(16320): insert info:22ec31554fb402225b45d2ccf1db0831--get count is:0
01-22 20:27:29.827 D/TlcTeeKeyMaster(  629): TEE_Begin 4.1
01-22 20:27:29.827 D/TlcTeeKeyMaster(  629): purpose = 0x00000001
01-22 20:27:29.829 D/TlcTeeKeyMaster(  629): find_spare_operation_slot: allocate op 0x5f110a64efdbd010 to slot #0 (1 ops live)
01-22 20:27:29.831 I/TFLite-in-PlayServices(20067): Created interpreter.
01-22 20:27:29.831 D/TlcTeeKeyMaster(  629): TEE_Begin exiting with 0
01-22 20:27:29.834 D/TlcTeeKeyMaster(  629): TEE_Update
01-22 20:27:29.834 D/TlcTeeKeyMaster(  629): split_update_chunks
01-22 20:27:29.837 D/TlcTeeKeyMaster(  629): TEE_Update exiting with 0
01-22 20:27:29.838 D/TlcTeeKeyMaster(  629): TEE_Finish
01-22 20:27:29.838 D/TlcTeeKeyMaster(  629): split_update_chunks
01-22 20:27:29.840 D/TlcTeeKeyMaster(  629): release_operation_slot: release op slot #0 (handle 0x5f110a64efdbd010; 0 ops live)
01-22 20:27:29.840 D/TlcTeeKeyMaster(  629): TEE_Finish exiting with 0
01-22 20:27:29.843 D/TlcTeeKeyMaster(  629): TEE_Begin 4.1
01-22 20:27:29.843 D/TlcTeeKeyMaster(  629): purpose = 0x00000001
01-22 20:27:29.845 D/TlcTeeKeyMaster(  629): find_spare_operation_slot: allocate op 0x5dc8e7f1a2599184 to slot #0 (1 ops live)
01-22 20:27:29.847 I/SemanticLocation(20067): (REDACTED) [Inferrer] %s%s
01-22 20:27:29.847 D/TlcTeeKeyMaster(  629): TEE_Begin exiting with 0
01-22 20:27:29.848 D/TlcTeeKeyMaster(  629): TEE_Update
01-22 20:27:29.848 D/TlcTeeKeyMaster(  629): split_update_chunks
01-22 20:27:29.850 D/TlcTeeKeyMaster(  629): TEE_Update exiting with 0
01-22 20:27:29.851 D/TlcTeeKeyMaster(  629): TEE_Finish
01-22 20:27:29.851 D/TlcTeeKeyMaster(  629): split_update_chunks
01-22 20:27:29.853 D/TlcTeeKeyMaster(  629): release_operation_slot: release op slot #0 (handle 0x5dc8e7f1a2599184; 0 ops live)
01-22 20:27:29.853 D/TlcTeeKeyMaster(  629): TEE_Finish exiting with 0
01-22 20:27:29.879 D/NetworkEvent( 2614): OplusNetworkEventCbProxy invoke.....onDnsEvent argslen:8
01-22 20:27:29.889 D/TlcTeeKeyMaster(  629): TEE_Begin 4.1
01-22 20:27:29.889 D/TlcTeeKeyMaster(  629): purpose = 0x00000001
01-22 20:27:29.890 D/TlcTeeKeyMaster(  629): find_spare_operation_slot: allocate op 0x7fc1d40c6034565 to slot #0 (1 ops live)
01-22 20:27:29.892 D/TlcTeeKeyMaster(  629): TEE_Begin exiting with 0
01-22 20:27:29.893 D/TlcTeeKeyMaster(  629): TEE_Update
01-22 20:27:29.893 D/TlcTeeKeyMaster(  629): split_update_chunks
01-22 20:27:29.896 D/TlcTeeKeyMaster(  629): TEE_Update exiting with 0
01-22 20:27:29.897 D/TlcTeeKeyMaster(  629): TEE_Finish
01-22 20:27:29.897 D/TlcTeeKeyMaster(  629): split_update_chunks
01-22 20:27:29.899 D/TlcTeeKeyMaster(  629): release_operation_slot: release op slot #0 (handle 0x7fc1d40c6034565; 0 ops live)
01-22 20:27:29.899 D/TlcTeeKeyMaster(  629): TEE_Finish exiting with 0
01-22 20:27:29.916 D/TlcTeeKeyMaster(  629): TEE_Begin 4.1
01-22 20:27:29.916 D/TlcTeeKeyMaster(  629): purpose = 0x00000001
01-22 20:27:29.918 D/TlcTeeKeyMaster(  629): find_spare_operation_slot: allocate op 0x5f9bf7de05869691 to slot #0 (1 ops live)
01-22 20:27:29.919 D/TlcTeeKeyMaster(  629): TEE_Begin exiting with 0
01-22 20:27:29.920 D/TlcTeeKeyMaster(  629): TEE_Update
01-22 20:27:29.920 D/TlcTeeKeyMaster(  629): split_update_chunks
01-22 20:27:29.923 D/TlcTeeKeyMaster(  629): TEE_Update exiting with 0
01-22 20:27:29.924 D/TlcTeeKeyMaster(  629): TEE_Finish
01-22 20:27:29.924 D/TlcTeeKeyMaster(  629): split_update_chunks
01-22 20:27:29.927 D/TlcTeeKeyMaster(  629): release_operation_slot: release op slot #0 (handle 0x5f9bf7de05869691; 0 ops live)
01-22 20:27:29.928 D/TlcTeeKeyMaster(  629): TEE_Finish exiting with 0
01-22 20:27:29.984 I/TFLite-in-PlayServices(20067): Created interpreter.
01-22 20:27:29.993 D/BackgroundDexOptService( 1748): abortIdleOptimizationsByPluggedIn:2
01-22 20:27:29.996 D/installd( 1114): Found valid user 999
01-22 20:27:29.999 I/TFLite-in-PlayServices(20067): Created interpreter.
01-22 20:27:30.008 I/SemanticLocation(20067): (REDACTED) [Inferrer] %s%s
01-22 20:27:30.013 D/LocationManagerService( 1748): incoming location from: network
01-22 20:27:30.014 D/LocationManagerService( 1748): incoming location from: network
01-22 20:27:30.052 I/Athena  ( 2605): CommonAction: 0,2683,128,0,0,0,384,0,2658,2589,1087,1569
01-22 20:27:30.066 I/OplusHansManager ( 1748): uid=10244, pkg=com.google.android.apps.docs can transition from M to F
01-22 20:27:30.066 I/OplusHansManager ( 1748): uid=10244, pkg=com.google.android.apps.docs F enter(), M stay=10
01-22 20:27:30.069 I/OplusHansManager ( 1748): freeze uid: 10244 com.google.android.apps.docs pids: [17305] scene: LcdOff
01-22 20:27:30.072 D/IHansComunication( 6221): HansComunication::addUid-- 10244, persistent--0
01-22 20:27:30.072 D/IHansComunication( 6221): HANS sendMessageToKernel: threadId = 516689218736, netLinkSetup = 1, type = PKG, targetUid = 10244, pkgCmd = ADD_ONE_UID
01-22 20:27:30.131 D/BackgroundDexOptService( 1748): abortIdleOptimizationsByPluggedIn:2
01-22 20:27:30.132 D/OplusDexSceneManager( 1748): Starting attach context  for  com.google.android.gms reason: bg-dexopt
01-22 20:27:30.132 D/OplusDexSceneManager( 1748): isTopAppFront =======com.android.launcher:false
01-22 20:27:30.132 D/OplusDexSceneManager( 1748): OplusDex Framework didnot works!
01-22 20:27:30.132 D/PackageDexOptimizer( 1748): Running dexopt on: /data/user_de/0/com.google.android.gms/app_chimera/m/000006f6/dl-Appsearch.optional_260233100400.apk pkg=com.google.android.gms isa=[arm64] reason=bg-dexopt dexoptFlags=boot_complete,profile_guided,secondary,storage_de,idle_background_job,enable_hidden_api_checks target-filter=speed-profile class-loader-context=DLC[];PCL[/data/app/~~ELby_H2hT9EwXjHsIWTweg==/com.google.android.gms-lnT4HCbVAT6U8P0lsxDlfw==/base.apk]{PCL[/system/framework/org.apache.http.legacy.jar]#PCL[/system/framework/com.android.location.provider.jar]#PCL[/system/framework/com.android.media.remotedisplay.jar]#PCL[/system_ext/framework/androidx.window.extensions.jar]#PCL[/system_ext/framework/androidx.window.sidecar.jar]}
01-22 20:27:30.132 D/installd( 1114): Getting dex paths for context DLC[];PCL[/data/app/~~ELby_H2hT9EwXjHsIWTweg==/com.google.android.gms-lnT4HCbVAT6U8P0lsxDlfw==/base.apk]{PCL[/system/framework/org.apache.http.legacy.jar]#PCL[/system/framework/com.android.location.provider.jar]#PCL[/system/framework/com.android.media.remotedisplay.jar]#PCL[/system_ext/framework/androidx.window.extensions.jar]#PCL[/system_ext/framework/androidx.window.sidecar.jar]}
01-22 20:27:30.169 D/installd( 1114): Processing secondary dex path /data/user_de/0/com.google.android.gms/app_chimera/m/000006f6/dl-Appsearch.optional_260233100400.apk
01-22 20:27:30.211 I/dexoptanalyzer(20025): Using CollectorTypeCC GC.
01-22 20:27:30.211 E/WeatherS_WeatherHttpDataSource(19857):  WeatherSdk Exception: Request{method=POST, url=https://weather-server.allawnos.com/weather/lightData?appId=app-weather&authCode=8d376ac662b18e810f181484f05804e7cfa9bdef3e4838a42dfda8a257cc49ef, headers=[timeStamp:1769093849, serviceVersionCode:16013000, invokedByAppVersion:14009008, invokedByScene:20100, pkgName:com.coloros.weather.service, authType:2, versionCode:15024002, invokedByAppName:com.coloros.alarmclock]}
01-22 20:27:30.211 E/WeatherS_WeatherHttpDataSource(19857): httpcode:304
01-22 20:27:30.211 E/WeatherS_WeatherHttpDataSource(19857): cityInfoCode:0
01-22 20:27:30.211 E/WeatherS_WeatherHttpDataSource(19857): 
01-22 20:27:30.211 E/WeatherS_WeatherHttpDataSource(19857): body:
01-22 20:27:30.212 W/WeatherS_WeatherInfoBaseDataSource(19857): WeatherSdk service return 304, server data not change, no need return data and no need update
01-22 20:27:30.212 E/WeatherS_PrivacyStatementExport(19857): isAgreed-1
01-22 20:27:30.213 I/WeatherS_WeatherProvider(19857): query option: 1,callingUid: 10201,name: com.coloros.weather.service
01-22 20:27:30.215 E/WeatherS_PrivacyStatementExport(19857): isAgreed-1
01-22 20:27:30.216 I/WeatherS_WeatherProvider(19857): query option: 1,callingUid: 10201,name: com.coloros.weather.service
01-22 20:27:30.218 E/WeatherS_PrivacyStatementExport(19857): isAgreed-1
01-22 20:27:30.219 I/WeatherS_WeatherProvider(19857): update option: 13,callingUid: 10201,name: com.coloros.weather.service
01-22 20:27:30.221 W/WeatherS_OplusFreezeUtil(19857): cancelFreezeDelay is not above os 15.0.0,can't call api about OsenseResEventClient
01-22 20:27:30.223 I/WeatherS_UpdateWeatherService(19857): mUpdateResultReceiver OnReceive ACTION_UPDATE_COMPLETE
01-22 20:27:30.229 I/WeatherS_UpdateWeatherService(19857): onDestroy
01-22 20:27:30.229 W/WeatherS_OplusFreezeUtil(19857): cancelFreezeDelay is not above os 15.0.0,can't call api about OsenseResEventClient
01-22 20:27:30.244 I/ActivityManager( 1748): Killing 17139:com.google.android.inputmethod.latin:train/u0a152 (adj 965): empty #21
01-22 20:27:30.244 I/Athena  ( 2605): CommonAction: 21,2677,128,0,0,0,384,0,2663,2581,1083,1567
01-22 20:27:30.245 E/IHansComunication( 6221): HANS printMessageBody: RCV message: type = 3,port = 86870,caller_pid = 1748,caller_uid = 1000,target_pid = 17139,target_uid = 10152,pkg_cmd = -1,rpc = signal/-1
01-22 20:27:30.253 I/libprocessgroup( 1748): Successfully killed process cgroup uid 10152 pid 17139 in 7ms
01-22 20:27:30.277 I/Zygote  (  819): Process 17139 exited due to signal 9 (Killed)
01-22 20:27:30.278 D/OplusUIFirst_FB( 1748): com.google.android.inputmethod.latin remove pid: 17139
01-22 20:27:30.279 V/DeepThinker( 5470): ProcessManager: onProcessDied pid:17139, uid:10152
01-22 20:27:30.280 I/mtkpower_client( 1748): [Legacy][PowerHal_Wrap_notifyAppState] com.google.android.inputmethod.latin/com.google.android.inputmethod.latin pid=17139 state:3
01-22 20:27:30.280 I/game_scn( 1748): collectForegroundAppList packName=com.google.android.inputmethod.latin, actName=com.google.android.inputmethod.latin, pid=17139, uid=10152, state:DEAD
01-22 20:27:30.280 I/adbd    ( 4374): Remote process closed the socket (on MSG_PEEK)
01-22 20:27:30.282 D/RilUtility(  859): notify_rild_crash_pid_set certPid:-1, crash:17139, scn:0x0
01-22 20:27:30.321 D/vendor.oplus.hardware.charger@1.0-service(  897): getChargerControl:
01-22 20:27:30.348 E/dexoptanalyzer(20025): Failed to seek to beginning of file : Bad file descriptor
01-22 20:27:30.348 W/dexoptanalyzer(20025): Current thread not detached in Runtime shutdown
01-22 20:27:30.365 D/installd( 1114): Processed secondary dex file /data/user_de/0/com.google.android.gms/app_chimera/m/000006f6/dl-Appsearch.optional_260233100400.apk result=0
01-22 20:27:30.366 D/OplusDexSceneManager( 1748): Starting attach context  for  com.google.android.gms reason: bg-dexopt
01-22 20:27:30.366 D/OplusDexSceneManager( 1748): isTopAppFront =======com.android.launcher:false
01-22 20:27:30.366 D/OplusDexSceneManager( 1748): OplusDex Framework didnot works!
01-22 20:27:30.366 D/PackageDexOptimizer( 1748): Running dexopt on: /data/user/0/com.google.android.gms/app_dg_cache/86A13DB628665CCE468EC763B2421D69DCAC1B2A/the.apk pkg=com.google.android.gms isa=[arm64] reason=bg-dexopt dexoptFlags=boot_complete,profile_guided,secondary,storage_ce,idle_background_job,enable_hidden_api_checks target-filter=verify class-loader-context=null
01-22 20:27:30.367 D/installd( 1114): Processing secondary dex path /data/user/0/com.google.android.gms/app_dg_cache/86A13DB628665CCE468EC763B2421D69DCAC1B2A/the.apk
01-22 20:27:30.432 I/dexoptanalyzer(20026): Using CollectorTypeCC GC.
01-22 20:27:30.463 I/charon  (10534): 5057[JOB] [acquire_alarm_timer_wake_lock()  412] Acquire wake lock(fd:-1, result: 1, errno:9)
01-22 20:27:30.463 I/charon  (10534): 03[JOB] [schedule()  269] Job timer expiry(now:126391, event->time:126391), queuing job for execution
01-22 20:27:30.465 I/charon  (10534): 13[IKE] <pdn_1_23|23> [send_dpd()  933] sending DPD request
01-22 20:27:30.465 I/charon  (10534): 13[JOB] <pdn_1_23|23> [schedule_job_tv()  506] Put the job(expire at 126511) in heap position:2, next expired job:126393
01-22 20:27:30.465 I/charon  (10534): 13[IKE] <pdn_1_23|23> [wod_tcp_txrx()   72] Tx to WOD - len:23, data:[ipsecdpdintvl=***]
01-22 20:27:30.466 I/[epdg_wo]( 1504): [SKT] [wod_ipsec] accept client (fd: [7])
01-22 20:27:30.466 I/[epdg_wo]( 1504): [WOA] wo_msg_sensitive_print: [ipsecdpdintvl=1,23,126](22)
01-22 20:27:30.466 I/[epdg_wo]( 1504): [WOA] wo_msg_sensitive_print: [ipsecdpdintvl:ok](16)
01-22 20:27:30.466 I/charon  (10534): 13[IKE] <pdn_1_23|23> [wod_tcp_txrx()  106] RX from WOD - len:17, data:[ipsecdpdintvl:***]
01-22 20:27:30.466 D/[epdg_wo]( 1504): [DBG][PS1:8] Process message: [ipsecdpdintvl=](30)
01-22 20:27:30.466 I/[epdg_wo]( 1504): [WOA][PS1:8] wo_msg_sensitive_print: [+wodpdintvl:1,"IMS",1,126](25)
01-22 20:27:30.466 I/charon  (10534): 13[ENC] <pdn_1_23|23> [generate_message() 1737] generating INFORMATIONAL request 145 [ ]
01-22 20:27:30.467 I/charon  (10534): 13[KNL] <pdn_1_23|23> [get_interface_address()  702] ============================ ip: (null), scope:0
01-22 20:27:30.467 I/charon  (10534): 13[KNL] <pdn_1_23|23> [get_route() 1722] using (null) as address to reach (null)
01-22 20:27:30.467 I/charon  (10534): 13[NET] <pdn_1_23|23> [send_()  101] sending packet: from (null) to (null) (76 bytes)
01-22 20:27:30.467 I/charon  (10534): 13[JOB] <pdn_1_23|23> [schedule_job_tv()  506] Put the job(expire at 126393) in heap position:1, next expired job:126393
01-22 20:27:30.467 I/charon  (10534): 13[JOB] [release_alarm_timer_wake_lock()  391] Release wake lock(fd:-1, result: 1, errno:9)
01-22 20:27:30.486 W/HidlServiceHelper(19392): Failed to read virtual TLC buffer usage returns is NULLnull
01-22 20:27:30.514 I/OplusHansManager ( 1748): notify state machine event=SM_EVENT_LCD_OFF_UNIFIED_FREEZE to uids=[10817, 10744]
01-22 20:27:30.559 W/dexoptanalyzer(20026): Current thread not detached in Runtime shutdown
01-22 20:27:30.576 D/installd( 1114): Processed secondary dex file /data/user/0/com.google.android.gms/app_dg_cache/86A13DB628665CCE468EC763B2421D69DCAC1B2A/the.apk result=0
01-22 20:27:30.577 D/OplusDexSceneManager( 1748): Starting attach context  for  com.google.android.gms reason: bg-dexopt
01-22 20:27:30.577 D/OplusDexSceneManager( 1748): isTopAppFront =======com.android.launcher:false
01-22 20:27:30.577 D/OplusDexSceneManager( 1748): OplusDex Framework didnot works!
01-22 20:27:30.577 D/PackageDexOptimizer( 1748): Running dexopt on: /data/user/999/com.google.android.gms/app_dg_cache/A1442E7AF072B496CCB2C7DF6A5CEECC73356BBA/the.apk pkg=com.google.android.gms isa=[arm64] reason=bg-dexopt dexoptFlags=boot_complete,profile_guided,secondary,storage_ce,idle_background_job,enable_hidden_api_checks target-filter=verify class-loader-context=null
01-22 20:27:30.578 D/installd( 1114): Processing secondary dex path /data/user/999/com.google.android.gms/app_dg_cache/A1442E7AF072B496CCB2C7DF6A5CEECC73356BBA/the.apk
01-22 20:27:30.619 W/Finsky  ( 4911): [26238] PSR: Package com.android.apex.cts.shim not installed
01-22 20:27:30.636 I/dexoptanalyzer(20030): Using CollectorTypeCC GC.
01-22 20:27:30.653 W/Finsky  ( 4911): [26238] PSR: Package com.android.i18n not installed
01-22 20:27:30.721 W/Finsky  ( 4911): [26238] PSR: Package com.android.runtime not installed
01-22 20:27:30.744 W/Finsky  ( 4911): [26238] PSR: Package com.android.vndk.v30 not installed
01-22 20:27:30.749 W/Finsky  ( 4911): [26238] PSR: Package com.android.uwb not installed
01-22 20:27:30.753 D/BoundBrokerSvc(20067): onRebind: Intent { act=com.google.android.gms.libs.gmscorelogger.service.START dat=chimera-action:/... cmp=com.google.android.gms/.chimera.PersistentDirectBootAwareApiService }
01-22 20:27:30.755 W/Finsky  ( 4911): [26238] PSR: Package com.android.vndk.v31 not installed
01-22 20:27:30.761 W/Finsky  ( 4911): [26238] PSR: Package com.android.wifi not installed
01-22 20:27:30.762 W/dexoptanalyzer(20030): Current thread not detached in Runtime shutdown
01-22 20:27:30.771 W/Finsky  ( 4911): [26238] PSR: Package com.android.vndk.v33 not installed
01-22 20:27:30.778 D/installd( 1114): Processed secondary dex file /data/user/999/com.google.android.gms/app_dg_cache/A1442E7AF072B496CCB2C7DF6A5CEECC73356BBA/the.apk result=0
01-22 20:27:30.780 D/OplusDexSceneManager( 1748): Starting attach context  for  com.google.android.gms reason: bg-dexopt
01-22 20:27:30.780 D/OplusDexSceneManager( 1748): isTopAppFront =======com.android.launcher:false
01-22 20:27:30.780 D/OplusDexSceneManager( 1748): OplusDex Framework didnot works!
01-22 20:27:30.780 D/PackageDexOptimizer( 1748): Running dexopt on: /data/user_de/0/com.google.android.gms/app_chimera/m/000006f2/dl-BrellaDynamite.optional_260233100400.apk pkg=com.google.android.gms isa=[arm64] reason=bg-dexopt dexoptFlags=boot_complete,public,secondary,storage_de,idle_background_job,enable_hidden_api_checks target-filter=verify class-loader-context=null
01-22 20:27:30.780 D/installd( 1114): Processing secondary dex path /data/user_de/0/com.google.android.gms/app_chimera/m/000006f2/dl-BrellaDynamite.optional_260233100400.apk
01-22 20:27:30.819 I/dexoptanalyzer(20036): Using CollectorTypeCC GC.
01-22 20:27:30.947 E/dexoptanalyzer(20036): Failed to seek to beginning of file : Bad file descriptor
01-22 20:27:30.947 W/dexoptanalyzer(20036): Current thread not detached in Runtime shutdown
01-22 20:27:30.964 D/installd( 1114): Processed secondary dex file /data/user_de/0/com.google.android.gms/app_chimera/m/000006f2/dl-BrellaDynamite.optional_260233100400.apk result=0
01-22 20:27:30.966 D/OplusDexSceneManager( 1748): Starting attach context  for  com.google.android.gms reason: bg-dexopt
01-22 20:27:30.967 D/OplusDexSceneManager( 1748): isTopAppFront =======com.android.launcher:false
01-22 20:27:30.967 D/OplusDexSceneManager( 1748): OplusDex Framework didnot works!
01-22 20:27:30.967 D/PackageDexOptimizer( 1748): Running dexopt on: /data/user/0/com.google.android.gms/app_dg_cache/4346EA85CDA1436041B029D54013FBB1AA13E134/the.apk pkg=com.google.android.gms isa=[arm64] reason=bg-dexopt dexoptFlags=boot_complete,profile_guided,secondary,storage_ce,idle_background_job,enable_hidden_api_checks target-filter=speed-profile class-loader-context=PCL[];PCL[/data/app/~~ELby_H2hT9EwXjHsIWTweg==/com.google.android.gms-lnT4HCbVAT6U8P0lsxDlfw==/base.apk]{PCL[/system/framework/org.apache.http.legacy.jar]#PCL[/system/framework/com.android.location.provider.jar]#PCL[/system/framework/com.android.media.remotedisplay.jar]#PCL[/system_ext/framework/androidx.window.extensions.jar]#PCL[/system_ext/framework/androidx.window.sidecar.jar]}
01-22 20:27:30.968 D/installd( 1114): Getting dex paths for context PCL[];PCL[/data/app/~~ELby_H2hT9EwXjHsIWTweg==/com.google.android.gms-lnT4HCbVAT6U8P0lsxDlfw==/base.apk]{PCL[/system/framework/org.apache.http.legacy.jar]#PCL[/system/framework/com.android.location.provider.jar]#PCL[/system/framework/com.android.media.remotedisplay.jar]#PCL[/system_ext/framework/androidx.window.extensions.jar]#PCL[/system_ext/framework/androidx.window.sidecar.jar]}
01-22 20:27:31.007 D/installd( 1114): Processing secondary dex path /data/user/0/com.google.android.gms/app_dg_cache/4346EA85CDA1436041B029D54013FBB1AA13E134/the.apk
01-22 20:27:31.067 I/dexoptanalyzer(20041): Using CollectorTypeCC GC.
01-22 20:27:31.073 D/IHansComunication( 6221): HANS sendMessageToKernel: threadId = 516689218736, netLinkSetup = 1, type = FROZEN_TRANS, targetUid = 10244, pkgCmd = PKG_CMD_MAX
01-22 20:27:31.195 W/dexoptanalyzer(20041): Current thread not detached in Runtime shutdown
01-22 20:27:31.212 D/installd( 1114): Processed secondary dex file /data/user/0/com.google.android.gms/app_dg_cache/4346EA85CDA1436041B029D54013FBB1AA13E134/the.apk result=0
01-22 20:27:31.213 D/OplusDexSceneManager( 1748): Starting attach context  for  com.google.android.gms reason: bg-dexopt
01-22 20:27:31.213 D/OplusDexSceneManager( 1748): isTopAppFront =======com.android.launcher:false
01-22 20:27:31.213 D/OplusDexSceneManager( 1748): OplusDex Framework didnot works!
01-22 20:27:31.213 D/PackageDexOptimizer( 1748): Running dexopt on: /data/user_de/0/com.google.android.gms/app_chimera/m/000006ef/dl-PlayCloudSearch.optional_260233100000.apk pkg=com.google.android.gms isa=[arm64] reason=bg-dexopt dexoptFlags=boot_complete,profile_guided,secondary,storage_de,idle_background_job,enable_hidden_api_checks target-filter=speed-profile class-loader-context=DLC[];PCL[/data/app/~~ELby_H2hT9EwXjHsIWTweg==/com.google.android.gms-lnT4HCbVAT6U8P0lsxDlfw==/base.apk]{PCL[/system/framework/org.apache.http.legacy.jar]#PCL[/system/framework/com.android.location.provider.jar]#PCL[/system/framework/com.android.media.remotedisplay.jar]#PCL[/system_ext/framework/androidx.window.extensions.jar]#PCL[/system_ext/framework/androidx.window.sidecar.jar]}
01-22 20:27:31.214 D/installd( 1114): Getting dex paths for context DLC[];PCL[/data/app/~~ELby_H2hT9EwXjHsIWTweg==/com.google.android.gms-lnT4HCbVAT6U8P0lsxDlfw==/base.apk]{PCL[/system/framework/org.apache.http.legacy.jar]#PCL[/system/framework/com.android.location.provider.jar]#PCL[/system/framework/com.android.media.remotedisplay.jar]#PCL[/system_ext/framework/androidx.window.extensions.jar]#PCL[/system_ext/framework/androidx.window.sidecar.jar]}
01-22 20:27:31.244 I/Athena  ( 2605): CommonAction: 0,2708,164,0,0,0,384,0,2632,2575,1081,1563
01-22 20:27:31.257 D/installd( 1114): Processing secondary dex path /data/user_de/0/com.google.android.gms/app_chimera/m/000006ef/dl-PlayCloudSearch.optional_260233100000.apk
01-22 20:27:31.296 I/dexoptanalyzer(20044): Using CollectorTypeCC GC.
01-22 20:27:31.374 W/Finsky  ( 4911): [2] STU: Failed to get storage stats for package 'com.google.mainline.primary.libs' (1601: Error getting stats: android.content.pm.PackageManager.NameNotFoundException)
01-22 20:27:31.426 E/dexoptanalyzer(20044): Failed to seek to beginning of file : Bad file descriptor
01-22 20:27:31.427 W/dexoptanalyzer(20044): Current thread not detached in Runtime shutdown
01-22 20:27:31.443 D/installd( 1114): Processed secondary dex file /data/user_de/0/com.google.android.gms/app_chimera/m/000006ef/dl-PlayCloudSearch.optional_260233100000.apk result=0
01-22 20:27:31.444 D/OplusDexSceneManager( 1748): Starting attach context  for  com.google.android.gms reason: bg-dexopt
01-22 20:27:31.444 D/OplusDexSceneManager( 1748): isTopAppFront =======com.android.launcher:false
01-22 20:27:31.444 D/OplusDexSceneManager( 1748): OplusDex Framework didnot works!
01-22 20:27:31.444 D/PackageDexOptimizer( 1748): Running dexopt on: /data/user_de/0/com.google.android.gms/app_chimera/m/000006f4/dl-VisionOcr.optional_260233100000.apk pkg=com.google.android.gms isa=[arm64] reason=bg-dexopt dexoptFlags=boot_complete,profile_guided,secondary,storage_de,idle_background_job,enable_hidden_api_checks target-filter=speed-profile class-loader-context=DLC[];PCL[/data/app/~~ELby_H2hT9EwXjHsIWTweg==/com.google.android.gms-lnT4HCbVAT6U8P0lsxDlfw==/base.apk]{PCL[/system/framework/org.apache.http.legacy.jar]#PCL[/system/framework/com.android.location.provider.jar]#PCL[/system/framework/com.android.media.remotedisplay.jar]#PCL[/system_ext/framework/androidx.window.extensions.jar]#PCL[/system_ext/framework/androidx.window.sidecar.jar]}
01-22 20:27:31.445 D/installd( 1114): Getting dex paths for context DLC[];PCL[/data/app/~~ELby_H2hT9EwXjHsIWTweg==/com.google.android.gms-lnT4HCbVAT6U8P0lsxDlfw==/base.apk]{PCL[/system/framework/org.apache.http.legacy.jar]#PCL[/system/framework/com.android.location.provider.jar]#PCL[/system/framework/com.android.media.remotedisplay.jar]#PCL[/system_ext/framework/androidx.window.extensions.jar]#PCL[/system_ext/framework/androidx.window.sidecar.jar]}
01-22 20:27:31.480 D/installd( 1114): Processing secondary dex path /data/user_de/0/com.google.android.gms/app_chimera/m/000006f4/dl-VisionOcr.optional_260233100000.apk
01-22 20:27:31.518 I/dexoptanalyzer(20046): Using CollectorTypeCC GC.
01-22 20:27:31.647 E/dexoptanalyzer(20046): Failed to seek to beginning of file : Bad file descriptor
01-22 20:27:31.648 W/dexoptanalyzer(20046): Current thread not detached in Runtime shutdown
01-22 20:27:31.657 E/TaskPersister( 1748): File error accessing recents directory (directory doesn't exist?).
01-22 20:27:31.664 D/installd( 1114): Processed secondary dex file /data/user_de/0/com.google.android.gms/app_chimera/m/000006f4/dl-VisionOcr.optional_260233100000.apk result=0
01-22 20:27:31.668 D/OplusDexSceneManager( 1748): Starting attach context  for  com.google.android.gms reason: bg-dexopt
01-22 20:27:31.668 D/OplusDexSceneManager( 1748): isTopAppFront =======com.android.launcher:false
01-22 20:27:31.668 D/OplusDexSceneManager( 1748): OplusDex Framework didnot works!
01-22 20:27:31.668 D/PackageDexOptimizer( 1748): Running dexopt on: /data/user_de/999/com.google.android.gms/app_chimera/m/00000108/dl-Appsearch.optional_260233100400.apk pkg=com.google.android.gms isa=[arm64] reason=bg-dexopt dexoptFlags=boot_complete,profile_guided,secondary,storage_de,idle_background_job,enable_hidden_api_checks target-filter=speed-profile class-loader-context=DLC[];PCL[/data/app/~~ELby_H2hT9EwXjHsIWTweg==/com.google.android.gms-lnT4HCbVAT6U8P0lsxDlfw==/base.apk]{PCL[/system/framework/org.apache.http.legacy.jar]#PCL[/system/framework/com.android.location.provider.jar]#PCL[/system/framework/com.android.media.remotedisplay.jar]#PCL[/system_ext/framework/androidx.window.extensions.jar]#PCL[/system_ext/framework/androidx.window.sidecar.jar]}
01-22 20:27:31.668 D/installd( 1114): Getting dex paths for context DLC[];PCL[/data/app/~~ELby_H2hT9EwXjHsIWTweg==/com.google.android.gms-lnT4HCbVAT6U8P0lsxDlfw==/base.apk]{PCL[/system/framework/org.apache.http.legacy.jar]#PCL[/system/framework/com.android.location.provider.jar]#PCL[/system/framework/com.android.media.remotedisplay.jar]#PCL[/system_ext/framework/androidx.window.extensions.jar]#PCL[/system_ext/framework/androidx.window.sidecar.jar]}
01-22 20:27:31.704 D/installd( 1114): Processing secondary dex path /data/user_de/999/com.google.android.gms/app_chimera/m/00000108/dl-Appsearch.optional_260233100400.apk
01-22 20:27:31.744 I/dexoptanalyzer(20048): Using CollectorTypeCC GC.
01-22 20:27:31.876 E/dexoptanalyzer(20048): Failed to seek to beginning of file : Bad file descriptor
01-22 20:27:31.877 W/dexoptanalyzer(20048): Current thread not detached in Runtime shutdown
