01-23 11:49:28.741 W/PackageManager( 1748): package unknown uid 10144 pid 31966 call SetEnabledSetting(com.google.android.gm component = com.google.android.apps.dynamite.features.hub.navigation.PeopleActivity, 2, 0)
01-23 11:49:28.742 W/ActivityManager( 1748): Unable to start service Intent { act=com.oplus.battery.ThermalTraceService pkg=com.oplus.battery } U=0: not found
01-23 11:49:28.743 W/PackageManager( 1748): package unknown uid 10144 pid 31966 call SetEnabledSetting(com.google.android.gm component = com.google.android.apps.dynamite.features.hub.navigation.RoomsActivity, 2, 0)
01-23 11:49:28.743 W/PackageManager( 1748): package unknown uid 10144 pid 31966 call SetEnabledSetting(com.google.android.gm component = com.google.android.apps.dynamite.services.notification.NotificationService, 2, 0)
01-23 11:49:28.746 W/PackageManager( 1748): package unknown uid 10144 pid 31966 call SetEnabledSetting(com.google.android.gm component = com.google.android.apps.dynamite.DynamiteDeepLinkMultiple, 2, 0)
01-23 11:49:28.746 W/PackageManager( 1748): package unknown uid 10144 pid 31966 call SetEnabledSetting(com.google.android.gm component = com.google.android.libraries.communications.conference.ui.callui.SingleCallActivity, 1, 0)
01-23 11:49:28.747 W/PackageManager( 1748): package unknown uid 10144 pid 31966 call SetEnabledSetting(com.google.android.gm component = com.google.android.libraries.communications.conference.ui.callui.chat.ChatActivity, 1, 0)
01-23 11:49:28.747 W/PackageManager( 1748): package unknown uid 10144 pid 31966 call SetEnabledSetting(com.google.android.gm component = com.google.android.libraries.communications.conference.ui.intents.ChitChatGatewayActivity, 1, 0)
01-23 11:49:28.748 W/PackageManager( 1748): package unknown uid 10144 pid 31966 call SetEnabledSetting(com.google.android.gm component = com.google.android.libraries.communications.conference.ui.greenroom.GreenroomActivity, 1, 0)
01-23 11:49:28.748 W/PackageManager( 1748): package unknown uid 10144 pid 31966 call SetEnabledSetting(com.google.android.gm component = com.google.android.libraries.communications.conference.ui.largescreen.HomeActivity, 1, 0)
01-23 11:49:28.749 W/PackageManager( 1748): package unknown uid 10144 pid 31966 call SetEnabledSetting(com.google.android.gm component = com.google.android.libraries.communications.conference.ui.intents.LivestreamHandlerActivity, 1, 0)
01-23 11:49:28.749 W/PackageManager( 1748): package unknown uid 10144 pid 31966 call SetEnabledSetting(com.google.android.gm component = com.google.android.libraries.communications.conference.ui.intents.ConferenceUrlHandlerActivity, 1, 0)
01-23 11:49:28.750 W/PackageManager( 1748): package unknown uid 10144 pid 31966 call SetEnabledSetting(com.google.android.gm component = com.google.android.libraries.communications.conference.ui.intents.TransferCallHandlerActivity, 1, 0)
01-23 11:49:28.751 W/PackageManager( 1748): package unknown uid 10144 pid 31966 call SetEnabledSetting(com.google.android.gm component = com.google.android.libraries.communications.conference.ui.intents.ConferenceGatewayActivity, 1, 0)
01-23 11:49:28.751 W/PackageManager( 1748): package unknown uid 10144 pid 31966 call SetEnabledSetting(com.google.android.gm component = com.google.android.libraries.communications.conference.ui.intents.AssistantNewUrlHandlerActivity, 1, 0)
01-23 11:49:28.752 W/PackageManager( 1748): package unknown uid 10144 pid 31966 call SetEnabledSetting(com.google.android.gm component = com.google.android.libraries.communications.conference.ui.settings.SettingsActivity, 1, 0)
01-23 11:49:28.955 D/PowerManagerService( 1748): userActivityNoUpdateLocked: groupId=0, eventTime=120810027, event=2, flags=0x0, uid=1000
01-23 11:49:29.047 D/OplusInputMethodManagerInternal(31966): get inputMethodManager extension: com.android.internal.view.IInputMethodManager$Stub$Proxy@4a2abe8
01-23 11:49:29.105 D/OplusFullScreenDisplayManager( 1748): adjustWindowParamsLw: com.google.android.gm, change system app cutoutMode: oplus always
01-23 11:49:29.108 V/WindowManager( 1748): Changing focus from Window{faddccc u0 com.google.android.gm/com.google.android.gm.ConversationListActivityGmail} to Window{9984478 u0 com.google.android.gm/com.google.android.gm.ConversationListActivityGmail},diplayid=0
01-23 11:49:29.111 I/WindowManager( 1748): addWindow: New client android.os.BinderProxy@71cd1db : window=Window{9984478 u0 com.google.android.gm/com.google.android.gm.ConversationListActivityGmail}
01-23 11:49:29.146 I/MultiApp.CMAService( 1748): Need hide Switch Profile Entrance --> has multiapp and callingPackage = com.google.android.gm
01-23 11:49:29.177 I/Quality (31966): Skipped: false 6 cost 108.174065 refreshRate 16539150 bit true processName com.google.android.gm
01-23 11:49:29.179 D/CoreBackPreview( 1748): Window{9984478 u0 com.google.android.gm/com.google.android.gm.ConversationListActivityGmail}: Setting back callback OnBackInvokedCallbackInfo{mCallback=android.window.IOnBackInvokedCallback$Stub$Proxy@59e7d42, mPriority=0}
01-23 11:49:29.179 D/CoreBackPreview( 1748): Window{9984478 u0 com.google.android.gm/com.google.android.gm.ConversationListActivityGmail}: Setting back callback OnBackInvokedCallbackInfo{mCallback=android.window.IOnBackInvokedCallback$Stub$Proxy@1b1a153, mPriority=0}
01-23 11:49:29.223 E/TaskPersister( 1748): File error accessing recents directory (directory doesn't exist?).
01-23 11:49:29.242 D/OplusFullScreenDisplayManager( 1748): adjustWindowParamsLw: com.google.android.gm, change system app cutoutMode: oplus always
01-23 11:49:29.242 V/WindowManager( 1748): Relayout Window{9984478 u0 com.google.android.gm/com.google.android.gm.ConversationListActivityGmail}: viewVisibility=0, oldvis=0, req=1080x2400
01-23 11:49:29.252 V/ZoomWindowDecorView(31966): setLastReportedMergedConfiguration mZoomDisplayHeight: 2400 getDecorView.177661164
01-23 11:49:29.288 D/WindowManager( 1748): finishDrawingWindow: Window{9984478 u0 com.google.android.gm/com.google.android.gm.ConversationListActivityGmail} mDrawState=DRAW_PENDING
01-23 11:49:29.346 I/Quality (31966): Skipped: false 9 cost 161.15721 refreshRate 16539807 bit true processName com.google.android.gm
01-23 11:49:29.370 D/InputMethodManagerService( 1748): isSecurity: attribute.packageName=com.google.android.gm mCurMethodId=com.google.android.inputmethod.latin/com.android.inputmethod.latin.LatinIME
01-23 11:49:29.370 D/InputMethodManagerService( 1748): isSecurity= false (  enable=false needShow=false inBlackList=false isExist=true )
01-23 11:49:29.371 D/CompatibilityChangeReporter( 1748): Compat change id reported: 214016041; UID 10144; state: ENABLED
01-23 11:49:29.381 I/Quality (31966): Skipped: false 1 cost 30.835665 refreshRate 16539465 bit true processName com.google.android.gm
01-23 11:49:29.403 D/WindowManager( 1748): finishDrawingWindow: Window{9984478 u0 com.google.android.gm/com.google.android.gm.ConversationListActivityGmail} mDrawState=HAS_DRAWN
01-23 11:49:29.405 D/InputMethodManagerService( 1748): onHandleImeWindowVisibleStatus: vis = 0, needsToShowImeSwitcher = false
01-23 11:49:29.405 I/Quality (31966): Skipped: false 1 cost 22.306732 refreshRate 16539153 bit true processName com.google.android.gm
01-23 11:49:29.662 W/ContextImpl( 1748): Calling a method in the system process without a qualified user: android.app.ContextImpl.sendBroadcast:1205 com.android.server.job.controllers.OplusCpuController.notifyHighCpuEventForApp:386 com.android.server.job.controllers.OplusCpuController.handleCpuUpdate:332 com.android.server.job.controllers.OplusCpuController.-$$Nest$mhandleCpuUpdate:0 com.android.server.job.controllers.OplusCpuController$CpuTrackerHandler.handleMessage:256 
01-23 11:49:29.707 W/ContextImpl(31596): Calling a method in the system process without a qualified user: android.app.ContextImpl.bindService:1982 android.content.ContextWrapper.bindService:863 com.oplus.onetrace.connection.a.c:19 com.oplus.onetrace.connection.b.c:23 y.a.c:7 
01-23 11:49:30.289 V/WindowOrientationListener( 1748): onSensorChanged mDesiredRotation = 4
01-23 11:49:30.770 D/PowerManagerService( 1748): userActivityNoUpdateLocked: groupId=0, eventTime=120811841, event=2, flags=0x0, uid=1000
01-23 11:49:30.848 D/CoreBackPreview( 1748): Window{9984478 u0 com.google.android.gm/com.google.android.gm.ConversationListActivityGmail}: Setting back callback null
01-23 11:49:30.849 V/ZoomWindowDecorView(31966): removeZoomView
01-23 11:49:30.858 V/WindowManager( 1748): Changing focus from Window{9984478 u0 com.google.android.gm/com.google.android.gm.ConversationListActivityGmail EXITING} to Window{faddccc u0 com.google.android.gm/com.google.android.gm.ConversationListActivityGmail},diplayid=0
01-23 11:49:30.864 I/Quality (  966): SFJankCountInfo: 1411;10;0-0-0-0-0-0-0-0-0-0;1-0-0-0-0-0-0-0-0-0;2-1-2-0-0-0-0-0-1-6;3-0-0-0-0-0-0-0-0-0;4-0-0-0-0-0-0-0-0-0;5-0-0-0-0-0-0-0-0-0;6-0-0-0-0-0-0-0-0-0;7-0-0-0-0-0-0-0-0-0;8-0-0-0-0-0-0-0-0-0;9-0-0-0-0-0-0-0-0-0;
01-23 11:49:30.870 V/WindowManager( 1748): Unknown focus tokens, dropping reportFocusChanged
01-23 11:49:30.887 I/Quality (31966): Skipped: false 1 cost 31.919348 refreshRate 16540526 bit true processName com.google.android.gm
01-23 11:49:30.921 E/ResourcesImplExt(31966): the AssetManager's apkAsset: ApkAssets{path=<empty> and /system/framework/framework-res.apk}
01-23 11:49:30.921 E/ResourcesImplExt(31966): the AssetManager's apkAsset: ApkAssets{path=/my_bigball/overlay/GmsConfigOverlayASI_Infrastructure/GmsConfigOverlayASI_Infrastructure.apk}
01-23 11:49:30.921 E/ResourcesImplExt(31966): the AssetManager's apkAsset: ApkAssets{path=/my_bigball/overlay/GmsConfigOverlayCommonEx/GmsConfigOverlayCommonEx.apk}
01-23 11:49:30.921 E/ResourcesImplExt(31966): the AssetManager's apkAsset: ApkAssets{path=/my_bigball/overlay/GmsConfigOverlayComms/GmsConfigOverlayComms.apk}
01-23 11:49:30.921 E/ResourcesImplExt(31966): the AssetManager's apkAsset: ApkAssets{path=/my_bigball/overlay/GmsConfigOverlayGSA/GmsConfigOverlayGSA.apk}
01-23 11:49:30.921 E/ResourcesImplExt(31966): the AssetManager's apkAsset: ApkAssets{path=/my_bigball/overlay/GmsConfigOverlayNoSafetyCenter/GmsConfigOverlayNoSafetyCenter.apk}
01-23 11:49:30.921 E/ResourcesImplExt(31966): the AssetManager's apkAsset: ApkAssets{path=/product/overlay/CaptivePortalLoginFrameworkOverlay.apk}
01-23 11:49:30.921 E/ResourcesImplExt(31966): the AssetManager's apkAsset: ApkAssets{path=/product/overlay/GoogleExtServicesConfigOverlay.apk}
01-23 11:49:30.921 E/ResourcesImplExt(31966): the AssetManager's apkAsset: ApkAssets{path=/product/overlay/GooglePermissionControllerFrameworkOverlay.apk}
01-23 11:49:30.921 E/ResourcesImplExt(31966): the AssetManager's apkAsset: ApkAssets{path=/product/overlay/ModuleMetadataGoogleOverlay.apk}
01-23 11:49:30.921 E/ResourcesImplExt(31966): the AssetManager's apkAsset: ApkAssets{path=/product/overlay/framework-res__auto_generated_rro_product.apk}
01-23 11:49:30.921 E/ResourcesImplExt(31966): the AssetManager's apkAsset: ApkAssets{path=/vendor/overlay/FrameworkResOverlay/FrameworkResOverlay.apk}
01-23 11:49:30.921 E/ResourcesImplExt(31966): the AssetManager's apkAsset: ApkAssets{path=/my_bigball/overlay/OplusGmsConfigOverlayCommon/OplusGmsConfigOverlayCommon.apk}
01-23 11:49:30.921 E/ResourcesImplExt(31966): the AssetManager's apkAsset: ApkAssets{path=/vendor/overlay/FrameworkResOverlayExt/FrameworkResOverlayExt.apk}
01-23 11:49:30.921 E/ResourcesImplExt(31966): the AssetManager's apkAsset: ApkAssets{path=/product/overlay/android_framework_res_overlay.display.product.20291.apk}
01-23 11:49:30.921 E/ResourcesImplExt(31966): the AssetManager's apkAsset: ApkAssets{path=/system_ext/overlay/framework_res_overlay_Network.apk}
01-23 11:49:30.921 E/ResourcesImplExt(31966): the AssetManager's apkAsset: ApkAssets{path=/product/overlay/aon_framework_res_overlay.display.product.apk}
01-23 11:49:30.921 E/ResourcesImplExt(31966): the AssetManager's apkAsset: ApkAssets{path=/system_ext/overlay/ConnectivityBaseOverlay.apk}
01-23 11:49:30.921 E/ResourcesImplExt(31966): the AssetManager's apkAsset: ApkAssets{path=/system_ext/overlay/OplusFrameworkBluetoothResource.apk}
01-23 11:49:30.921 E/ResourcesImplExt(31966): the AssetManager's apkAsset: ApkAssets{path=<empty> and /system/app/mediatek-res/mediatek-res.apk}
01-23 11:49:30.921 E/ResourcesImplExt(31966): the AssetManager's apkAsset: ApkAssets{path=<empty> and /system_ext/framework/oplus-framework-res.apk}
01-23 11:49:30.921 E/ResourcesImplExt(31966): the AssetManager's apkAsset: ApkAssets{path=/product/overlay/oplus_framework_res_overlay.display.product.20291.apk}
01-23 11:49:30.921 E/ResourcesImplExt(31966): the AssetManager's apkAsset: ApkAssets{path=/product/overlay/oplus_framework_res_rro_oppo.apk}
01-23 11:49:30.921 E/ResourcesImplExt(31966): the AssetManager's apkAsset: ApkAssets{path=<empty> and /data/app/~~yXNStVe-8X4iM0H8pVzuBA==/com.google.android.gm-nGnNPZ0_J8mZ52KAPFmBhA==/base.apk}
01-23 11:49:30.921 E/ResourcesImplExt(31966): the AssetManager's apkAsset: ApkAssets{path=<empty> and /data/app/~~yXNStVe-8X4iM0H8pVzuBA==/com.google.android.gm-nGnNPZ0_J8mZ52KAPFmBhA==/split_config.arm64_v8a.apk}
01-23 11:49:30.921 E/ResourcesImplExt(31966): the AssetManager's apkAsset: ApkAssets{path=<empty> and /data/app/~~yXNStVe-8X4iM0H8pVzuBA==/com.google.android.gm-nGnNPZ0_J8mZ52KAPFmBhA==/split_config.en.apk}
01-23 11:49:30.921 E/ResourcesImplExt(31966): the AssetManager's apkAsset: ApkAssets{path=<empty> and /data/app/~~yXNStVe-8X4iM0H8pVzuBA==/com.google.android.gm-nGnNPZ0_J8mZ52KAPFmBhA==/split_config.xxhdpi.apk}
01-23 11:49:30.921 E/ResourcesImplExt(31966): the AssetManager's apkAsset: ApkAssets{path=<empty> and /data/app/~~5czZweLhUBT_lVSVPreOMQ==/com.google.android.webview-JMXvITs039pU9QaweEuIHA==/base.apk}
01-23 11:49:30.921 E/ResourcesImplExt(31966): the AssetManager's apkAsset: ApkAssets{path=<empty> and /data/app/~~ebsg5KJl22ZwaDOYqUKbJw==/com.google.android.trichromelibrary_749919233-IDo6BJQJLEhK3MNP_K6Jmw==/base.apk}
01-23 11:49:30.921 E/ResourcesImplExt(31966): the AssetManager's apkAsset: ApkAssets{path=<empty> and /product/overlay/NavigationBarModeGestural/NavigationBarModeGesturalOverlay.apk}
01-23 11:49:30.922 E/ResourcesImplExt(31966): the AssetManager's apkAsset: ApkAssets{path=/product/overlay/NavigationBarModeGestural/NavigationBarModeGesturalOverlay.apk}
01-23 11:49:30.922 E/ResourcesImplExt(31966): the AssetManager's apkAsset: ApkAssets{path=/data/resource-cache/com.android.systemui-neutral-rMiZ.frro}
01-23 11:49:30.922 E/ResourcesImplExt(31966): the AssetManager's apkAsset: ApkAssets{path=/data/resource-cache/com.android.systemui-accent-lSQV.frro}
01-23 11:49:30.924 D/InputMethodManagerService( 1748): isSecurity: attribute.packageName=com.google.android.gm mCurMethodId=com.google.android.inputmethod.latin/com.android.inputmethod.latin.LatinIME
01-23 11:49:30.924 D/InputMethodManagerService( 1748): isSecurity= false (  enable=false needShow=false inBlackList=false isExist=true )
01-23 11:49:30.956 D/InputMethodManagerService( 1748): onHandleImeWindowVisibleStatus: vis = 0, needsToShowImeSwitcher = false
01-23 11:49:30.956 I/Quality (31966): Skipped: false 1 cost 17.94782 refreshRate 16666667 bit true processName com.google.android.gm
01-23 11:49:31.027 I/Quality (31966): Skipped: false 3 cost 55.155098 refreshRate 16666667 bit true processName com.google.android.gm
01-23 11:49:31.070 I/Quality (31966): Skipped: false 1 cost 32.58212 refreshRate 16544295 bit true processName com.google.android.gm
01-23 11:49:31.256 I/Quality (31966): Skipped: false 10 cost 169.561 refreshRate 16544790 bit true processName com.google.android.gm
01-23 11:49:31.307 I/Quality (31966): Skipped: false 1 cost 21.867752 refreshRate 16546715 bit true processName com.google.android.gm
01-23 11:49:31.324 D/UsageStatsService( 1748): User[0] type=0 b=1769147371323 e=1769149171323 cb=1769064906582 ce=1769149171300 disk=0 all=103
01-23 11:49:31.385 I/Quality (31966): Skipped: false 4 cost 67.01792 refreshRate 16543716 bit true processName com.google.android.gm
01-23 11:49:31.506 I/Quality (31966): Skipped: true 3 cost 55.02372 refreshRate 16541294 bit true processName com.google.android.gm
01-23 11:49:33.026 D/PowerManagerService( 1748): userActivityNoUpdateLocked: groupId=0, eventTime=120814099, event=2, flags=0x0, uid=1000
01-23 11:49:33.128 D/PowerManagerService( 1748): userActivityNoUpdateLocked: groupId=0, eventTime=120814202, event=2, flags=0x0, uid=1000
01-23 11:49:33.230 D/PowerManagerService( 1748): userActivityNoUpdateLocked: groupId=0, eventTime=120814304, event=2, flags=0x0, uid=1000
01-23 11:49:33.764 D/PowerManagerService( 1748): userActivityNoUpdateLocked: groupId=0, eventTime=120814837, event=2, flags=0x0, uid=1000
01-23 11:49:33.866 D/PowerManagerService( 1748): userActivityNoUpdateLocked: groupId=0, eventTime=120814940, event=2, flags=0x0, uid=1000
01-23 11:49:33.969 D/PowerManagerService( 1748): userActivityNoUpdateLocked: groupId=0, eventTime=120815043, event=2, flags=0x0, uid=1000
01-23 11:49:34.051 I/Quality (31966): Skipped: false 2 cost 36.5194 refreshRate 16540326 bit true processName com.google.android.gm
01-23 11:49:34.071 D/PowerManagerService( 1748): userActivityNoUpdateLocked: groupId=0, eventTime=120815145, event=2, flags=0x0, uid=1000
01-23 11:49:34.173 D/PowerManagerService( 1748): userActivityNoUpdateLocked: groupId=0, eventTime=120815246, event=2, flags=0x0, uid=1000
01-23 11:49:34.829 D/OplusAppListInterceptManager( 1748): shouldFilterTask
01-23 11:49:34.829 D/OplusAppListInterceptManager( 1748): shouldFilterTask::packageName = com.google.android.gm
01-23 11:49:34.829 D/OplusAppListInterceptManager( 1748): shouldFilterTask
01-23 11:49:34.830 D/OplusAppListInterceptManager( 1748): shouldFilterTask::packageName = com.truecaller
01-23 11:49:34.830 D/OplusAppListInterceptManager( 1748): shouldFilterTask
01-23 11:49:34.830 D/OplusAppListInterceptManager( 1748): shouldFilterTask::packageName = com.whatsapp
01-23 11:49:34.830 D/OplusAppListInterceptManager( 1748): shouldFilterTask
01-23 11:49:34.830 D/OplusAppListInterceptManager( 1748): shouldFilterTask::packageName = com.whatsapp
01-23 11:49:34.830 D/OplusAppListInterceptManager( 1748): shouldFilterTask
01-23 11:49:34.830 D/OplusAppListInterceptManager( 1748): shouldFilterTask::packageName = com.snapchat.android
01-23 11:49:34.830 D/OplusSplitScreenManagerService( 1748): com.snapchat.android unSupportsSplitScreen by blockList or ForbidActivityList
01-23 11:49:34.830 D/OplusAppListInterceptManager( 1748): shouldFilterTask
01-23 11:49:34.830 D/OplusAppListInterceptManager( 1748): shouldFilterTask::packageName = com.cricbuzz.android
01-23 11:49:34.876 D/PowerManagerService( 1748): userActivityNoUpdateLocked: groupId=0, eventTime=120815948, event=2, flags=0x0, uid=1000
01-23 11:49:34.977 D/PowerManagerService( 1748): userActivityNoUpdateLocked: groupId=0, eventTime=120816051, event=2, flags=0x0, uid=1000
01-23 11:49:35.080 D/PowerManagerService( 1748): userActivityNoUpdateLocked: groupId=0, eventTime=120816153, event=2, flags=0x0, uid=1000
01-23 11:49:35.183 D/PowerManagerService( 1748): userActivityNoUpdateLocked: groupId=0, eventTime=120816256, event=2, flags=0x0, uid=1000
01-23 11:49:35.284 D/PowerManagerService( 1748): userActivityNoUpdateLocked: groupId=0, eventTime=120816358, event=2, flags=0x0, uid=1000
01-23 11:49:36.097 D/PowerManagerService( 1748): userActivityNoUpdateLocked: groupId=0, eventTime=120817169, event=2, flags=0x0, uid=1000
01-23 11:49:36.267 E/ResourcesImplExt(31966): the AssetManager's apkAsset: ApkAssets{path=<empty> and /system/framework/framework-res.apk}
01-23 11:49:36.267 E/ResourcesImplExt(31966): the AssetManager's apkAsset: ApkAssets{path=/my_bigball/overlay/GmsConfigOverlayASI_Infrastructure/GmsConfigOverlayASI_Infrastructure.apk}
01-23 11:49:36.267 E/ResourcesImplExt(31966): the AssetManager's apkAsset: ApkAssets{path=/my_bigball/overlay/GmsConfigOverlayCommonEx/GmsConfigOverlayCommonEx.apk}
01-23 11:49:36.267 E/ResourcesImplExt(31966): the AssetManager's apkAsset: ApkAssets{path=/my_bigball/overlay/GmsConfigOverlayComms/GmsConfigOverlayComms.apk}
01-23 11:49:36.267 E/ResourcesImplExt(31966): the AssetManager's apkAsset: ApkAssets{path=/my_bigball/overlay/GmsConfigOverlayGSA/GmsConfigOverlayGSA.apk}
01-23 11:49:36.267 E/ResourcesImplExt(31966): the AssetManager's apkAsset: ApkAssets{path=/my_bigball/overlay/GmsConfigOverlayNoSafetyCenter/GmsConfigOverlayNoSafetyCenter.apk}
01-23 11:49:36.267 E/ResourcesImplExt(31966): the AssetManager's apkAsset: ApkAssets{path=/product/overlay/CaptivePortalLoginFrameworkOverlay.apk}
01-23 11:49:36.267 E/ResourcesImplExt(31966): the AssetManager's apkAsset: ApkAssets{path=/product/overlay/GoogleExtServicesConfigOverlay.apk}
01-23 11:49:36.267 E/ResourcesImplExt(31966): the AssetManager's apkAsset: ApkAssets{path=/product/overlay/GooglePermissionControllerFrameworkOverlay.apk}
01-23 11:49:36.267 E/ResourcesImplExt(31966): the AssetManager's apkAsset: ApkAssets{path=/product/overlay/ModuleMetadataGoogleOverlay.apk}
01-23 11:49:36.267 E/ResourcesImplExt(31966): the AssetManager's apkAsset: ApkAssets{path=/product/overlay/framework-res__auto_generated_rro_product.apk}
01-23 11:49:36.267 E/ResourcesImplExt(31966): the AssetManager's apkAsset: ApkAssets{path=/vendor/overlay/FrameworkResOverlay/FrameworkResOverlay.apk}
01-23 11:49:36.267 E/ResourcesImplExt(31966): the AssetManager's apkAsset: ApkAssets{path=/my_bigball/overlay/OplusGmsConfigOverlayCommon/OplusGmsConfigOverlayCommon.apk}
01-23 11:49:36.267 E/ResourcesImplExt(31966): the AssetManager's apkAsset: ApkAssets{path=/vendor/overlay/FrameworkResOverlayExt/FrameworkResOverlayExt.apk}
01-23 11:49:36.267 E/ResourcesImplExt(31966): the AssetManager's apkAsset: ApkAssets{path=/product/overlay/android_framework_res_overlay.display.product.20291.apk}
01-23 11:49:36.267 E/ResourcesImplExt(31966): the AssetManager's apkAsset: ApkAssets{path=/system_ext/overlay/framework_res_overlay_Network.apk}
01-23 11:49:36.267 E/ResourcesImplExt(31966): the AssetManager's apkAsset: ApkAssets{path=/product/overlay/aon_framework_res_overlay.display.product.apk}
01-23 11:49:36.267 E/ResourcesImplExt(31966): the AssetManager's apkAsset: ApkAssets{path=/system_ext/overlay/ConnectivityBaseOverlay.apk}
01-23 11:49:36.267 E/ResourcesImplExt(31966): the AssetManager's apkAsset: ApkAssets{path=/system_ext/overlay/OplusFrameworkBluetoothResource.apk}
01-23 11:49:36.267 E/ResourcesImplExt(31966): the AssetManager's apkAsset: ApkAssets{path=<empty> and /system/app/mediatek-res/mediatek-res.apk}
01-23 11:49:36.267 E/ResourcesImplExt(31966): the AssetManager's apkAsset: ApkAssets{path=<empty> and /system_ext/framework/oplus-framework-res.apk}
01-23 11:49:36.267 E/ResourcesImplExt(31966): the AssetManager's apkAsset: ApkAssets{path=/product/overlay/oplus_framework_res_overlay.display.product.20291.apk}
01-23 11:49:36.267 E/ResourcesImplExt(31966): the AssetManager's apkAsset: ApkAssets{path=/product/overlay/oplus_framework_res_rro_oppo.apk}
01-23 11:49:36.267 E/ResourcesImplExt(31966): the AssetManager's apkAsset: ApkAssets{path=<empty> and /data/app/~~yXNStVe-8X4iM0H8pVzuBA==/com.google.android.gm-nGnNPZ0_J8mZ52KAPFmBhA==/base.apk}
01-23 11:49:36.267 E/ResourcesImplExt(31966): the AssetManager's apkAsset: ApkAssets{path=<empty> and /data/app/~~yXNStVe-8X4iM0H8pVzuBA==/com.google.android.gm-nGnNPZ0_J8mZ52KAPFmBhA==/split_config.arm64_v8a.apk}
01-23 11:49:36.267 E/ResourcesImplExt(31966): the AssetManager's apkAsset: ApkAssets{path=<empty> and /data/app/~~yXNStVe-8X4iM0H8pVzuBA==/com.google.android.gm-nGnNPZ0_J8mZ52KAPFmBhA==/split_config.en.apk}
01-23 11:49:36.267 E/ResourcesImplExt(31966): the AssetManager's apkAsset: ApkAssets{path=<empty> and /data/app/~~yXNStVe-8X4iM0H8pVzuBA==/com.google.android.gm-nGnNPZ0_J8mZ52KAPFmBhA==/split_config.xxhdpi.apk}
01-23 11:49:36.267 E/ResourcesImplExt(31966): the AssetManager's apkAsset: ApkAssets{path=<empty> and /data/app/~~5czZweLhUBT_lVSVPreOMQ==/com.google.android.webview-JMXvITs039pU9QaweEuIHA==/base.apk}
01-23 11:49:36.267 E/ResourcesImplExt(31966): the AssetManager's apkAsset: ApkAssets{path=<empty> and /data/app/~~ebsg5KJl22ZwaDOYqUKbJw==/com.google.android.trichromelibrary_749919233-IDo6BJQJLEhK3MNP_K6Jmw==/base.apk}
01-23 11:49:36.267 E/ResourcesImplExt(31966): the AssetManager's apkAsset: ApkAssets{path=<empty> and /product/overlay/NavigationBarModeGestural/NavigationBarModeGesturalOverlay.apk}
01-23 11:49:36.267 E/ResourcesImplExt(31966): the AssetManager's apkAsset: ApkAssets{path=/product/overlay/NavigationBarModeGestural/NavigationBarModeGesturalOverlay.apk}
01-23 11:49:36.267 E/ResourcesImplExt(31966): the AssetManager's apkAsset: ApkAssets{path=/data/resource-cache/com.android.systemui-neutral-rMiZ.frro}
01-23 11:49:36.267 E/ResourcesImplExt(31966): the AssetManager's apkAsset: ApkAssets{path=/data/resource-cache/com.android.systemui-accent-lSQV.frro}
01-23 11:49:36.275 I/Quality (31966): Skipped: false 3 cost 60.705994 refreshRate 16539483 bit true processName com.google.android.gm
01-23 11:49:36.296 V/WindowManager( 1748): Relayout Window{faddccc u0 com.google.android.gm/com.google.android.gm.ConversationListActivityGmail}: viewVisibility=0, oldvis=0, req=1080x2400
01-23 11:49:36.319 I/Quality (31966): Skipped: false 2 cost 38.754757 refreshRate 16535636 bit true processName com.google.android.gm
01-23 11:49:36.482 I/Quality (31966): Skipped: false 4 cost 69.737595 refreshRate 16535609 bit true processName com.google.android.gm
01-23 11:49:36.696 I/Quality (31966): Skipped: false 7 cost 117.66507 refreshRate 16536516 bit true processName com.google.android.gm
01-23 11:49:36.744 I/Quality (31966): Skipped: false 2 cost 33.515038 refreshRate 16540634 bit true processName com.google.android.gm
01-23 11:49:36.759 V/WindowManager( 1748): Relayout Window{faddccc u0 com.google.android.gm/com.google.android.gm.ConversationListActivityGmail}: viewVisibility=0, oldvis=0, req=1080x2400
01-23 11:49:36.795 I/Quality (31966): Skipped: true 2 cost 35.00785 refreshRate 16541510 bit true processName com.google.android.gm
01-23 11:49:36.919 I/Quality (31966): Skipped: false 6 cost 108.936554 refreshRate 16540814 bit true processName com.google.android.gm
01-23 11:49:36.983 I/Quality (31966): Skipped: false 3 cost 57.172234 refreshRate 16542671 bit true processName com.google.android.gm
01-23 11:49:37.034 I/Quality (31966): Skipped: false 2 cost 42.713116 refreshRate 16541588 bit true processName com.google.android.gm
01-23 11:49:37.062 I/Quality (31966): TaskTrackInfo {"Pkg":com.google.android.gm,"Window":com.google.android.gm.ConversationListActivityGmail,"Type":2,"Action":-1,"Cost":326,"FV":16,"JC":16-97-33-0-0-14-17-0-24-5-0-0-0-0-0-11-1-0-1-2-120817818-120817818-120817818-2*16-87-33-2-0-26-1-1-12-1-0-0-0-0-0-0-0-0-1-2-120817868-120817868-120817868-2*16-165-99-9-0-6-20-1-13-1-0-0-0-0-3-8-0-0-1-2-120817984-120817984-120817984-2*16-111-49-7-0-7-19-0-12-2-0-0-0-0-0-9-0-0-1-2-120818050-120818050-120818050-2,"SF":no-need,"UITid":31966,"RTid":6822} TTI:cannot access task track path
01-23 11:49:37.073 I/Quality (31966): Skipped: false 1 cost 31.401735 refreshRate 16541588 bit true processName com.google.android.gm
01-23 11:49:37.131 E/AppOps  ( 1748): Bad call made by uid 10128. Package "com.google.android.gms" does not belong to uid 10144.
01-23 11:49:38.085 I/keystore2(  628): keystore2::watchdog: Watchdog thread idle -> terminating. Have a great day.
01-23 11:49:38.317 I/ActivityManager( 1748): Waited long enough for: ServiceRecord{9e08484 u0 com.coloros.weather.service/com.oplus.weather.service.location.AutoGetLocationService}
01-23 11:49:38.493 I/OplusAppSwitchManagerService( 1748): appswitch unregisterAppSwitchObserver pkgName = com.oplus.onetrace config = OplusAppSwitchConfig = {  mConfigs = {} observerFingerPrint = 216852990}
01-23 11:49:38.493 I/OplusAppSwitchStateDispatcher( 1748): unregisterAppSwitchObserver ok, pkgName = com.oplus.onetrace info = OplusAppSwitchRuleInfo = {  observer = null observerFingerPrint = 216852990}
01-23 11:49:38.503 W/ActivityManager( 1748): Unbind failed: could not find connection for android.os.BinderProxy@c95cc03
01-23 11:49:39.464 D/CompatibilityChangeReporter( 1748): Compat change id reported: 151105954; UID 1000; state: ENABLED
01-23 11:49:39.468 E/AppOps  ( 1748): attributionTag  not declared in manifest of com.oplus.exsystemservice
01-23 11:49:39.472 E/AppOps  ( 1748): attributionTag  not declared in manifest of com.oplus.exsystemservice
01-23 11:49:41.656 D/PowerManagerService( 1748): userActivityNoUpdateLocked: groupId=0, eventTime=120822719, event=2, flags=0x0, uid=1000
01-23 11:49:41.748 D/PowerManagerService( 1748): userActivityNoUpdateLocked: groupId=0, eventTime=120822821, event=2, flags=0x0, uid=1000
01-23 11:49:41.797 I/Quality (31966): Skipped: false 2 cost 41.86882 refreshRate 16542000 bit true processName com.google.android.gm
01-23 11:49:41.838 I/Quality (31966): Skipped: false 1 cost 32.320843 refreshRate 16666667 bit true processName com.google.android.gm
01-23 11:49:41.878 I/Quality (31966): TaskTrackInfo {"Pkg":com.google.android.gm,"Window":com.google.android.gm.ConversationListActivityGmail,"Type":2,"Action":8,"Cost":145,"FV":16,"JC":16-45-0-0-1-1-21-0-8-1-0-0-0-2-1-19-0-0-1-2-120822797-120822797-120822797-10*16-61-0-15-1-4-21-1-9-1-0-0-0-17-2-15-0-0-1-2-120822813-120822813-120822813-10*16-83-33-8-0-2-26-0-6-0-0-0-0-21-1-13-0-0-1-2-120822863-120822863-120822863-26*16-61-16-15-0-6-9-0-6-0-0-0-0-0-0-0-0-0-1-2-120822897-120822897-120822897-2,"SF":no-need,"UITid":31966,"RTid":6822} TTI:cannot access task track path
01-23 11:49:42.150 D/PowerManagerService( 1748): userActivityNoUpdateLocked: groupId=0, eventTime=120823223, event=2, flags=0x0, uid=1000
01-23 11:49:42.261 D/PowerManagerService( 1748): userActivityNoUpdateLocked: groupId=0, eventTime=120823334, event=2, flags=0x0, uid=1000
01-23 11:49:42.539 D/PowerManagerService( 1748): userActivityNoUpdateLocked: groupId=0, eventTime=120823612, event=2, flags=0x0, uid=1000
01-23 11:49:42.751 D/PowerManagerService( 1748): userActivityNoUpdateLocked: groupId=0, eventTime=120823824, event=2, flags=0x0, uid=1000
01-23 11:49:42.868 D/PowerManagerService( 1748): userActivityNoUpdateLocked: groupId=0, eventTime=120823941, event=2, flags=0x0, uid=1000
01-23 11:49:42.970 D/PowerManagerService( 1748): userActivityNoUpdateLocked: groupId=0, eventTime=120824044, event=2, flags=0x0, uid=1000
01-23 11:49:43.072 D/PowerManagerService( 1748): userActivityNoUpdateLocked: groupId=0, eventTime=120824146, event=2, flags=0x0, uid=1000
01-23 11:49:43.174 D/PowerManagerService( 1748): userActivityNoUpdateLocked: groupId=0, eventTime=120824248, event=2, flags=0x0, uid=1000
01-23 11:49:43.313 I/Quality (31966): Skipped: true 2 cost 36.285233 refreshRate 16538412 bit true processName com.google.android.gm
01-23 11:49:44.334 D/PowerManagerService( 1748): userActivityNoUpdateLocked: groupId=0, eventTime=120825405, event=2, flags=0x0, uid=1000
01-23 11:49:44.610 E/ResourcesImplExt(31966): the AssetManager's apkAsset: ApkAssets{path=<empty> and /system/framework/framework-res.apk}
01-23 11:49:44.610 E/ResourcesImplExt(31966): the AssetManager's apkAsset: ApkAssets{path=/my_bigball/overlay/GmsConfigOverlayASI_Infrastructure/GmsConfigOverlayASI_Infrastructure.apk}
01-23 11:49:44.610 E/ResourcesImplExt(31966): the AssetManager's apkAsset: ApkAssets{path=/my_bigball/overlay/GmsConfigOverlayCommonEx/GmsConfigOverlayCommonEx.apk}
01-23 11:49:44.610 E/ResourcesImplExt(31966): the AssetManager's apkAsset: ApkAssets{path=/my_bigball/overlay/GmsConfigOverlayComms/GmsConfigOverlayComms.apk}
01-23 11:49:44.610 E/ResourcesImplExt(31966): the AssetManager's apkAsset: ApkAssets{path=/my_bigball/overlay/GmsConfigOverlayGSA/GmsConfigOverlayGSA.apk}
01-23 11:49:44.610 E/ResourcesImplExt(31966): the AssetManager's apkAsset: ApkAssets{path=/my_bigball/overlay/GmsConfigOverlayNoSafetyCenter/GmsConfigOverlayNoSafetyCenter.apk}
01-23 11:49:44.610 E/ResourcesImplExt(31966): the AssetManager's apkAsset: ApkAssets{path=/product/overlay/CaptivePortalLoginFrameworkOverlay.apk}
01-23 11:49:44.610 E/ResourcesImplExt(31966): the AssetManager's apkAsset: ApkAssets{path=/product/overlay/GoogleExtServicesConfigOverlay.apk}
01-23 11:49:44.610 E/ResourcesImplExt(31966): the AssetManager's apkAsset: ApkAssets{path=/product/overlay/GooglePermissionControllerFrameworkOverlay.apk}
01-23 11:49:44.610 E/ResourcesImplExt(31966): the AssetManager's apkAsset: ApkAssets{path=/product/overlay/ModuleMetadataGoogleOverlay.apk}
01-23 11:49:44.610 E/ResourcesImplExt(31966): the AssetManager's apkAsset: ApkAssets{path=/product/overlay/framework-res__auto_generated_rro_product.apk}
01-23 11:49:44.610 E/ResourcesImplExt(31966): the AssetManager's apkAsset: ApkAssets{path=/vendor/overlay/FrameworkResOverlay/FrameworkResOverlay.apk}
01-23 11:49:44.610 E/ResourcesImplExt(31966): the AssetManager's apkAsset: ApkAssets{path=/my_bigball/overlay/OplusGmsConfigOverlayCommon/OplusGmsConfigOverlayCommon.apk}
01-23 11:49:44.610 E/ResourcesImplExt(31966): the AssetManager's apkAsset: ApkAssets{path=/vendor/overlay/FrameworkResOverlayExt/FrameworkResOverlayExt.apk}
01-23 11:49:44.610 E/ResourcesImplExt(31966): the AssetManager's apkAsset: ApkAssets{path=/product/overlay/android_framework_res_overlay.display.product.20291.apk}
01-23 11:49:44.610 E/ResourcesImplExt(31966): the AssetManager's apkAsset: ApkAssets{path=/system_ext/overlay/framework_res_overlay_Network.apk}
01-23 11:49:44.610 E/ResourcesImplExt(31966): the AssetManager's apkAsset: ApkAssets{path=/product/overlay/aon_framework_res_overlay.display.product.apk}
01-23 11:49:44.611 E/ResourcesImplExt(31966): the AssetManager's apkAsset: ApkAssets{path=/system_ext/overlay/ConnectivityBaseOverlay.apk}
01-23 11:49:44.611 E/ResourcesImplExt(31966): the AssetManager's apkAsset: ApkAssets{path=/system_ext/overlay/OplusFrameworkBluetoothResource.apk}
01-23 11:49:44.611 E/ResourcesImplExt(31966): the AssetManager's apkAsset: ApkAssets{path=<empty> and /system/app/mediatek-res/mediatek-res.apk}
01-23 11:49:44.611 E/ResourcesImplExt(31966): the AssetManager's apkAsset: ApkAssets{path=<empty> and /system_ext/framework/oplus-framework-res.apk}
01-23 11:49:44.611 E/ResourcesImplExt(31966): the AssetManager's apkAsset: ApkAssets{path=/product/overlay/oplus_framework_res_overlay.display.product.20291.apk}
01-23 11:49:44.611 E/ResourcesImplExt(31966): the AssetManager's apkAsset: ApkAssets{path=/product/overlay/oplus_framework_res_rro_oppo.apk}
01-23 11:49:44.611 E/ResourcesImplExt(31966): the AssetManager's apkAsset: ApkAssets{path=<empty> and /data/app/~~yXNStVe-8X4iM0H8pVzuBA==/com.google.android.gm-nGnNPZ0_J8mZ52KAPFmBhA==/base.apk}
01-23 11:49:44.611 E/ResourcesImplExt(31966): the AssetManager's apkAsset: ApkAssets{path=<empty> and /data/app/~~yXNStVe-8X4iM0H8pVzuBA==/com.google.android.gm-nGnNPZ0_J8mZ52KAPFmBhA==/split_config.arm64_v8a.apk}
01-23 11:49:44.611 E/ResourcesImplExt(31966): the AssetManager's apkAsset: ApkAssets{path=<empty> and /data/app/~~yXNStVe-8X4iM0H8pVzuBA==/com.google.android.gm-nGnNPZ0_J8mZ52KAPFmBhA==/split_config.en.apk}
01-23 11:49:44.611 E/ResourcesImplExt(31966): the AssetManager's apkAsset: ApkAssets{path=<empty> and /data/app/~~yXNStVe-8X4iM0H8pVzuBA==/com.google.android.gm-nGnNPZ0_J8mZ52KAPFmBhA==/split_config.xxhdpi.apk}
01-23 11:49:44.611 E/ResourcesImplExt(31966): the AssetManager's apkAsset: ApkAssets{path=<empty> and /data/app/~~5czZweLhUBT_lVSVPreOMQ==/com.google.android.webview-JMXvITs039pU9QaweEuIHA==/base.apk}
01-23 11:49:44.611 E/ResourcesImplExt(31966): the AssetManager's apkAsset: ApkAssets{path=<empty> and /data/app/~~ebsg5KJl22ZwaDOYqUKbJw==/com.google.android.trichromelibrary_749919233-IDo6BJQJLEhK3MNP_K6Jmw==/base.apk}
01-23 11:49:44.611 E/ResourcesImplExt(31966): the AssetManager's apkAsset: ApkAssets{path=<empty> and /product/overlay/NavigationBarModeGestural/NavigationBarModeGesturalOverlay.apk}
01-23 11:49:44.611 E/ResourcesImplExt(31966): the AssetManager's apkAsset: ApkAssets{path=/product/overlay/NavigationBarModeGestural/NavigationBarModeGesturalOverlay.apk}
01-23 11:49:44.611 E/ResourcesImplExt(31966): the AssetManager's apkAsset: ApkAssets{path=/data/resource-cache/com.android.systemui-neutral-rMiZ.frro}
01-23 11:49:44.611 E/ResourcesImplExt(31966): the AssetManager's apkAsset: ApkAssets{path=/data/resource-cache/com.android.systemui-accent-lSQV.frro}
01-23 11:49:44.709 I/Quality (31966): Skipped: false 2 cost 42.5742 refreshRate 16539747 bit true processName com.google.android.gm
01-23 11:49:44.755 I/Quality (31966): Skipped: false 2 cost 39.25392 refreshRate 16540282 bit true processName com.google.android.gm
01-23 11:49:44.788 D/PowerManagerService( 1748): userActivityNoUpdateLocked: groupId=0, eventTime=120825861, event=2, flags=0x0, uid=1000
01-23 11:49:44.792 D/OplusZoomWindowRUSConfigManager( 1748): isSupportZoomModeWithPolicyLocked: target = com.google.android.gm/.ConversationListActivityGmail
01-23 11:49:44.792 D/OplusZoomWindowRUSConfigManager( 1748): targetPkg = com.google.android.gm
01-23 11:49:44.792 D/OplusZoomWindowRUSConfigManager( 1748): isSupportZoomModeWithPolicyLocked: target = com.google.android.gm/.ui.MailActivityGmail
01-23 11:49:44.792 D/OplusZoomWindowRUSConfigManager( 1748): targetPkg = com.google.android.gm
01-23 11:49:44.797 D/OplusAppListInterceptManager( 1748): shouldFilterTask
01-23 11:49:44.797 D/OplusAppListInterceptManager( 1748): shouldFilterTask::packageName = com.google.android.gm
01-23 11:49:44.798 D/OplusAppListInterceptManager( 1748): shouldFilterTask
01-23 11:49:44.798 D/OplusAppListInterceptManager( 1748): shouldFilterTask::packageName = com.truecaller
01-23 11:49:44.798 D/OplusAppListInterceptManager( 1748): shouldFilterTask
01-23 11:49:44.798 D/OplusAppListInterceptManager( 1748): shouldFilterTask::packageName = com.whatsapp
01-23 11:49:44.798 D/OplusAppListInterceptManager( 1748): shouldFilterTask
01-23 11:49:44.798 D/OplusAppListInterceptManager( 1748): shouldFilterTask::packageName = com.whatsapp
01-23 11:49:44.798 D/OplusAppListInterceptManager( 1748): shouldFilterTask
01-23 11:49:44.798 D/OplusAppListInterceptManager( 1748): shouldFilterTask::packageName = com.snapchat.android
01-23 11:49:44.798 D/OplusSplitScreenManagerService( 1748): com.snapchat.android unSupportsSplitScreen by blockList or ForbidActivityList
01-23 11:49:44.798 D/OplusAppListInterceptManager( 1748): shouldFilterTask
01-23 11:49:44.798 D/OplusAppListInterceptManager( 1748): shouldFilterTask::packageName = com.cricbuzz.android
01-23 11:49:44.798 D/OplusAppListInterceptManager( 1748): shouldFilterTask
01-23 11:49:44.798 D/OplusAppListInterceptManager( 1748): shouldFilterTask::packageName = com.google.android.youtube
01-23 11:49:44.798 D/OplusAppListInterceptManager( 1748): shouldFilterTask
01-23 11:49:44.798 D/OplusAppListInterceptManager( 1748): shouldFilterTask::packageName = com.coloros.assistantscreen
01-23 11:49:44.798 D/OplusAppListInterceptManager( 1748): shouldFilterTask
01-23 11:49:44.798 D/OplusAppListInterceptManager( 1748): shouldFilterTask::packageName = net.one97.paytm
01-23 11:49:44.798 D/OplusSplitScreenManagerService( 1748): net.one97.paytm unSupportsSplitScreen by blockList or ForbidActivityList
01-23 11:49:44.799 D/OplusAppListInterceptManager( 1748): shouldFilterTask
01-23 11:49:44.799 D/OplusAppListInterceptManager( 1748): shouldFilterTask::packageName = in.startv.hotstar
01-23 11:49:44.799 D/OplusSplitScreenManagerService( 1748): in.startv.hotstar unSupportsSplitScreen by blockList or ForbidActivityList
01-23 11:49:44.799 D/OplusAppListInterceptManager( 1748): shouldFilterTask
01-23 11:49:44.799 D/OplusAppListInterceptManager( 1748): shouldFilterTask::packageName = com.twitter.android
01-23 11:49:44.799 D/OplusAppListInterceptManager( 1748): shouldFilterTask
01-23 11:49:44.799 D/OplusAppListInterceptManager( 1748): shouldFilterTask::packageName = com.android.chrome
01-23 11:49:44.807 D/LockSettingsService( 1748): [getSeparateProfileChallengeEnabled] userId = 999
01-23 11:49:44.825 I/ActivityManager( 1748): updateOomAdj start time is before than pendingPid added, don't delete it
01-23 11:49:44.827 V/WindowManager( 1748): Relayout Window{abc8ea5 u0 com.android.wallpaper.livepicker.service.smoke.Smoke0WallpaperService}: viewVisibility=0, oldvis=0, req=-1x-1
01-23 11:49:44.833 V/WindowManager( 1748): Relayout Window{578cf9b u0 com.android.launcher/com.android.launcher.Launcher}: viewVisibility=0, oldvis=8, req=1080x2400
01-23 11:49:44.838 V/WindowManager( 1748): Relayout Window{64337ed u0 com.android.launcher/com.android.launcher.Launcher}: viewVisibility=0, oldvis=8, req=1080x2400
01-23 11:49:44.844 D/CompatibilityChangeReporter( 1748): Compat change id reported: 168419799; UID 10200; state: DISABLED
01-23 11:49:44.861 D/CompatibilityChangeReporter( 1748): Compat change id reported: 168419799; UID 10057; state: DISABLED
01-23 11:49:44.866 D/WindowManager( 1748): finishDrawingWindow: Window{64337ed u0 com.android.launcher/com.android.launcher.Launcher} mDrawState=DRAW_PENDING
01-23 11:49:44.890 D/PowerManagerService( 1748): userActivityNoUpdateLocked: groupId=0, eventTime=120825964, event=2, flags=0x0, uid=1000
01-23 11:49:44.917 D/OplusZoomWindowManagerService( 1748): hideZoomWindow, caller: 2623
01-23 11:49:44.917 E/OplusZoomWindowManagerService( 1748): hideZoomWindow fail, zoomStack null
01-23 11:49:44.928 D/CompatibilityChangeReporter( 1748): Compat change id reported: 168419799; UID 10201; state: DISABLED
01-23 11:49:44.929 D/WindowManager( 1748): finishDrawingWindow: Window{578cf9b u0 com.android.launcher/com.android.launcher.Launcher} mDrawState=DRAW_PENDING
01-23 11:49:44.930 I/Quality ( 2623): Skipped: false 1 cost 31.462055 refreshRate 16562002 bit true processName com.android.launcher
01-23 11:49:44.939 I/WindowStateExtImpl( 1748): onSurfaceShowChange show = true mPackageName = com.android.launcher parentPkgName = com.android.launcher
01-23 11:49:44.979 D/InputMethodManagerService( 1748): onHandleImeWindowVisibleStatus: vis = 0, needsToShowImeSwitcher = false
01-23 11:49:45.442 D/TaskChangeNotificationControllerExtImpl( 1748): Skip pass Snapshot to listener:android.app.ITaskStackListener$Stub$Proxy@cb4af11
01-23 11:49:45.452 V/WindowManager( 1748): Changing focus from Window{faddccc u0 com.google.android.gm/com.google.android.gm.ConversationListActivityGmail} to Window{578cf9b u0 com.android.launcher/com.android.launcher.Launcher},diplayid=0
01-23 11:49:45.458 D/ActivityTaskManager( 1748): onWindowFocusChanged Task{d4f2fea #6 type=home I=com.android.launcher/.Launcher U=0 rootTaskId=1 visible=true visibleRequested=true mode=fullscreen translucent=false sz=1} would transfer to compact
01-23 11:49:45.475 D/TaskFragmentExtImpl( 1748): addColorModeOnResume resume=true pkg = com.android.launcher
01-23 11:49:45.482 V/OplusZoomWindowManagerService( 1748): onAnimationFinished:  r = ActivityRecord{ed32dd7 u0 com.google.android.gm/.ConversationListActivityGmail} t11688}
01-23 11:49:45.483 I/OplusAppSwitchManagerService( 1748):  handleAppVisible , r = ActivityRecord{a1e8fdf u0 com.android.launcher/.Launcher} t6}
01-23 11:49:45.483 E/OplusThermalStats( 1748): Error getting package info: com.android.launcher
01-23 11:49:45.489 D/OplusAppListInterceptManager( 1748): shouldFilterTask
01-23 11:49:45.489 D/OplusAppListInterceptManager( 1748): shouldFilterTask::packageName = com.google.android.gm
01-23 11:49:45.490 D/OplusAppListInterceptManager( 1748): shouldFilterTask
01-23 11:49:45.490 D/OplusAppListInterceptManager( 1748): shouldFilterTask::packageName = com.truecaller
01-23 11:49:45.490 D/OplusAppListInterceptManager( 1748): shouldFilterTask
01-23 11:49:45.490 D/OplusAppListInterceptManager( 1748): shouldFilterTask::packageName = com.whatsapp
01-23 11:49:45.490 D/OplusAppListInterceptManager( 1748): shouldFilterTask
01-23 11:49:45.490 D/OplusAppListInterceptManager( 1748): shouldFilterTask::packageName = com.whatsapp
01-23 11:49:45.491 I/OplusJoystickManager( 1748): handleApplicationSwitch deprecated!
01-23 11:49:45.494 D/OplusAppSwitchListener( 1748): Detect com.google.android.gm switch to background
01-23 11:49:45.495 D/OplusEapManager( 1748): mTargetExitName :com.google.android.gm
01-23 11:49:45.495 D/VRR [OPlusFrontAppManager]( 1748): OnAppSwitchObserver: onAppExit , info.targetName = com.google.android.gm
01-23 11:49:45.495 D/VRR [OPlusFrontAppManager]( 1748): packageName: null
01-23 11:49:45.496 D/VRR [OPlusRefreshRateService]( 1748): handleFrontAppChange pkgName: null
01-23 11:49:45.496 D/VRR [OPlusExternalRefreshRateManager]( 1748): setFrontPackageName pkgName: null CurPkgName: com.google.android.gm
01-23 11:49:45.497 D/VRR [OPlusRefreshRateService]( 1748):  setFrameRateTargetControl [ 0.0 , com.google.android.gm , false , com.oplus.battery ]
01-23 11:49:45.497 D/VRR [OPlusRefreshRateService]( 1748):  setFrameRateTargetControl from [0, 1000, android.uid.system:1000]
01-23 11:49:45.497 D/VRR [OPlusExternalRefreshRateManager]( 1748):  [FRTC] FrameRate : 0 com.google.android.gm false com.oplus.battery 0 1000
01-23 11:49:45.499 D/VRR [OPlusSurfaceFlingerController]( 1748):  add frtc FrameRate : 0 com.google.android.gm false com.oplus.battery
01-23 11:49:45.516 D/OplusBatteryServiceFeature( 1748): setSmartCoolDown: coolDown = 5, normalCoolDown = 5, pkgName = com.android.launcher
01-23 11:49:45.516 D/OplusAppSwitchListener( 1748): Detect com.android.launcher switch to foreground
01-23 11:49:45.516 D/OplusEapManager( 1748): mTargetEnterName :com.android.launcher
01-23 11:49:45.516 D/VRR [OPlusFrontAppManager]( 1748): OnAppSwitchObserver: onAppEnter , info.targetName = com.android.launcher
01-23 11:49:45.516 D/VRR [OPlusFrontAppManager]( 1748): packageName: com.android.launcher
01-23 11:49:45.516 D/VRR [OPlusRefreshRateService]( 1748): handleFrontAppChange pkgName: com.android.launcher
01-23 11:49:45.516 D/VRR [OPlusExternalRefreshRateManager]( 1748): setFrontPackageName pkgName: com.android.launcher CurPkgName: null
01-23 11:49:45.519 D/InputMethodManagerService( 1748): isSecurity: attribute.packageName=com.android.launcher mCurMethodId=com.google.android.inputmethod.latin/com.android.inputmethod.latin.LatinIME
01-23 11:49:45.519 D/InputMethodManagerService( 1748): isSecurity= false (  enable=false needShow=false inBlackList=false isExist=true )
01-23 11:49:45.553 V/WindowManager( 1748): Relayout Window{faddccc u0 com.google.android.gm/com.google.android.gm.ConversationListActivityGmail}: viewVisibility=8, oldvis=0, req=1080x2400
01-23 11:49:45.570 D/InputMethodManagerService( 1748): onHandleImeWindowVisibleStatus: vis = 0, needsToShowImeSwitcher = false
01-23 11:49:45.582 D/CoreBackPreview( 1748): Window{faddccc u0 com.google.android.gm/com.google.android.gm.ConversationListActivityGmail}: Setting back callback OnBackInvokedCallbackInfo{mCallback=android.window.IOnBackInvokedCallback$Stub$Proxy@d39b58d, mPriority=-1}
01-23 11:49:45.594 D/OplusAppListInterceptManager( 1748): shouldFilterTask
01-23 11:49:45.594 D/OplusAppListInterceptManager( 1748): shouldFilterTask::packageName = com.google.android.gm
01-23 11:49:45.594 D/OplusAppListInterceptManager( 1748): shouldFilterTask
01-23 11:49:45.594 D/OplusAppListInterceptManager( 1748): shouldFilterTask::packageName = com.truecaller
01-23 11:49:45.884 I/IColorScreenOffTorchHelper( 1748): blank IOplusScreenOffTorchHelper
01-23 11:49:45.884 I/OplusJoystickManager( 1748): read game pad state for game manager -> false
01-23 11:49:45.884 W/OplusJoystickManager( 1748): mInterceptGamepadKey is false
01-23 11:49:45.894 D/CompatibilityChangeReporter( 1748): Compat change id reported: 173031413; UID 1000; state: ENABLED
01-23 11:49:46.016 D/CameraDelegate( 1748): handleMessage:200
01-23 11:49:46.035 I/OplusJoystickManager( 1748): read game pad state for game manager -> false
01-23 11:49:46.035 W/OplusJoystickManager( 1748): mInterceptGamepadKey is false
01-23 11:49:46.035 D/PhoneWindowManagerExtImpl( 1748): send check wallet message failed by switch close
01-23 11:49:46.036 I/HwShutdownRecord( 1748): RecoverSqlFunc running start, setprop false
01-23 11:49:46.037 V/SinglePowerKeyMonitor( 1748):  p keyrule onPress.
01-23 11:49:46.037 D/WindowManager( 1748): powerPress: eventTime=120826950 interactive=true count=1 beganFromNonInteractive=false mShortPressOnPowerBehavior=1
01-23 11:49:46.055 D/OplusPowerManagerHelper( 1748): goToSleepNoUpdateLocked  needIntercepet: false
01-23 11:49:46.055 D/OplusPowerManagerHelper( 1748): [onGoToSleep]
01-23 11:49:46.064 I/PowerGroup( 1748): Powering off display group due to power_button (groupId= 0, uid= 1000)...
01-23 11:49:46.065 I/PowerManagerService( 1748): Going to sleep due to power_button (uid 1000)...
01-23 11:49:46.066 D/OplusVFXScreenEffectFeature( 1748): notifySFUpdateVFXEffectState state VFX_SCREEN_POWER_OFF NeedNotify false
01-23 11:49:46.067 D/InputMethodManagerService( 1748): onHandleImeWindowVisibleStatus: vis = 0, needsToShowImeSwitcher = false
01-23 11:49:46.068 D/OplusPowerManagerHelper( 1748): wakelock list dump: mLocks.size=1:
01-23 11:49:46.068 D/OplusPowerManagerHelper( 1748): No.0: PARTIAL_WAKE_LOCK             activated(flags=1, uid=1000, pid=1748) total=1220ms)
01-23 11:49:46.071 D/DisplayManagerServiceExtImpl( 1748): request size(1,1),dpc=com.android.server.display.DisplayPowerController@afe577b size(0,1),flags=0X200F,id(0,0,local:0), phase=1, enable=true, ready=false,prox=false policy=OFF,dozeState=UNKNOWN,screenBrightnessOverride=-1.000000,useAuto=false,lowPower=false,lowPowerFactor=0.500000
01-23 11:49:46.085 W/DevicePolicyManager( 1748): Unknown user type: UserInfo{999:MultiApp:4001010}
01-23 11:49:46.113 E/OplusCustomizeRestrictionManagerService( 1748): isBiometricDisabled start
01-23 11:49:46.114 E/OplusCustomizeRestrictionManagerService( 1748): isBiometricDisabled start
01-23 11:49:46.120 D/OneHandedController( 2225): setLockedDisabled locked = true, enabled = false ,FeatureEnabled = false
