02-03 21:07:16.770 E/unknown:ReactNative(25078):     in LocalizationProvider
02-03 21:07:16.770 E/unknown:ReactNative(25078):     in PersistGate
02-03 21:07:16.770 E/unknown:ReactNative(25078):     in Provider
02-03 21:07:16.770 E/unknown:ReactNative(25078):     in ReduxProvider
02-03 21:07:16.770 E/unknown:ReactNative(25078):     in App
02-03 21:07:16.770 E/unknown:ReactNative(25078):     in RCTView
02-03 21:07:16.770 E/unknown:ReactNative(25078):     in Unknown
02-03 21:07:16.770 E/unknown:ReactNative(25078):     in RCTView
02-03 21:07:16.770 E/unknown:ReactNative(25078):     in Unknown
02-03 21:07:16.770 E/unknown:ReactNative(25078):     in AppContainer, js engine: hermes, stack:
02-03 21:07:16.770 E/unknown:ReactNative(25078): _checkProps@1:451067
02-03 21:07:16.770 E/unknown:ReactNative(25078): patchedCheckProps@1:38464
02-03 21:07:16.770 E/unknown:ReactNative(25078): FlatList@1:449367
02-03 21:07:16.770 E/unknown:ReactNative(25078): constructClassInstance@1:299422
02-03 21:07:16.770 E/unknown:ReactNative(25078): updateClassComponent@1:314053
02-03 21:07:16.770 E/unknown:ReactNative(25078): beginWork$1@1:347407
02-03 21:07:16.770 E/unknown:ReactNative(25078): performUnitOfWork@1:334226
02-03 21:07:16.770 E/unknown:ReactNative(25078): workLoopSync@1:334088
02-03 21:07:16.770 E/unknown:ReactNative(25078): renderRootSync@1:333972
02-03 21:07:16.770 E/unknown:ReactNative(25078): performSyncWorkOnRoot@1:331395
02-03 21:07:16.770 E/unknown:ReactNative(25078): flushSyncCallbacks@1:295776
02-03 21:07:16.770 E/unknown:ReactNative(25078): scheduleUpdateOnFiber@1:328536
02-03 21:07:16.770 E/unknown:ReactNative(25078): dispatchSetState@1:309810
02-03 21:07:16.770 E/unknown:ReactNative(25078): ?anon_0_@1:595382
02-03 21:07:16.770 E/unknown:ReactNative(25078): asyncGeneratorStep@1:491894
02-03 21:07:16.770 E/unknown:ReactNative(25078): _next@1:492167
02-03 21:07:16.770 E/unknown:ReactNative(25078): tryCallOne@53:15
02-03 21:07:16.770 E/unknown:ReactNative(25078): anonymous@139:26
02-03 21:07:16.770 E/unknown:ReactNative(25078): anonymous@1:171643
02-03 21:07:16.770 E/unknown:ReactNative(25078): _callTimer@1:170592
02-03 21:07:16.770 E/unknown:ReactNative(25078): _callReactNativeMicrotasksPass@1:170756
02-03 21:07:16.770 E/unknown:ReactNative(25078): callReactNativeMicrotasks@1:172737
02-03 21:07:16.770 E/unknown:ReactNative(25078): __callReactNativeMicrotasks@1:58113
02-03 21:07:16.770 E/unknown:ReactNative(25078): anonymous@1:57202
02-03 21:07:16.770 E/unknown:ReactNative(25078): __guard@1:57954
02-03 21:07:16.770 E/unknown:ReactNative(25078): flushedQueue@1:57113
02-03 21:07:16.770 E/unknown:ReactNative(25078): invokeCallbackAndReturnFlushedQueue@1:57056
02-03 21:07:16.787 V/bt_stack( 3260): [VERBOSE1:btm_ble_gap.cc(2613)] btm_ble_process_adv_addr: bda=44:**:**:**:a0:c8 addr_type=1
02-03 21:07:16.788 I/bt_btm  ( 3260): LogMsg: btm_ble_process_adv_pkt: pkt_data_len: 20
02-03 21:07:16.788 V/bt_stack( 3260): [VERBOSE1:btm_ble_gap.cc(2613)] btm_ble_process_adv_addr: bda=44:**:**:**:a0:c8 addr_type=1
02-03 21:07:16.788 I/bt_btm  ( 3260): LogMsg: btm_ble_process_adv_pkt: pkt_data_len: 27
02-03 21:07:16.788 I/bt_btif ( 3260): LogMsg: bta_dm_observe_results_cb
02-03 21:07:16.788 I/bt_btif ( 3260): LogMsg: btif_ble_scanner_update_COD 44:53:00:c7:a0:c8 cod is 0x000000
02-03 21:07:16.788 I/bt_btif ( 3260): LogMsg: btif_ble_scanner_update_COD cod in config 0x001f00, status=0
02-03 21:07:16.788 I/bt_btif ( 3260): LogMsg: btif_ble_scanner_update_COD invalid cod 0x0, use cod 0x1f00 in config
02-03 21:07:16.788 I/bt_btif ( 3260): LogMsg: bta_scan_results_cb_impl : type 0 channel 0
02-03 21:07:16.788 I/bt_btif ( 3260): LogMsg: bta_scan_results_cb_impl: HAL bt_gatt_callbacks->scanner->scan_result_cb
02-03 21:07:16.788 D/BtGatt.GattService( 3260): onScanResult() - eventType=0x1b, addressType=1, address=44:53:00:C7:A0:C8, primaryPhy=1, secondaryPhy=0, advertisingSid=0xff, txPower=127, rssi=-90, periodicAdvInt=0x0, originalAddress=44:53:00:C7:A0:C8, type=0, channel=0
02-03 21:07:16.791 I/NearbyDiscovery( 4768): (REDACTED) BloomFilterAdvManager: Detected bloom filter but too far away, ignoring. %sm, %s
02-03 21:07:16.802 I/ReactNative(25078): [GESTURE HANDLER] Initialize gesture handler for root view com.facebook.react.ReactRootView{7e3f449 V.E...... ......ID 0,0-1080,2290 #b}
02-03 21:07:16.806 W/unknown:ReactNative(25078): Attempt to set local data for view with unknown tag: 807
02-03 21:07:16.806 W/unknown:ReactNative(25078): Attempt to set local data for view with unknown tag: 807
02-03 21:07:16.809 D/CursorFeedback(25078): editorDetachFromWindow android.widget.Editor@c3efd1b
02-03 21:07:16.811 I/ReactNative(25078): [GESTURE HANDLER] Tearing down gesture handler registered for root view com.facebook.react.ReactRootView{7e3f449 V.E...... ......ID 0,0-1080,2290 #b}
02-03 21:07:16.815 D/OplusFullScreenDisplayManager( 1741): adjustWindowParamsLw com.wholexale.app.staging, no change cutoutMode: 0
02-03 21:07:16.815 V/WindowManager( 1741): Relayout Window{a72305 u0 com.wholexale.app.staging/com.wholexale.app.MainActivity}: viewVisibility=0, oldvis=0, req=1080x2400
02-03 21:07:16.827 I/hwcomposer(  843): [HWC] (0)fire a callback of refresh to SF[4]  
02-03 21:07:16.889 D/NetworkEvent( 2547): OplusNetworkEventCbProxy invoke.....onDnsEvent argslen:8
02-03 21:07:16.898 D/NetworkEvent( 2547): OplusNetworkEventCbProxy invoke.....onDnsEvent argslen:8
02-03 21:07:16.906 D/BoundBrokerSvc(13939): onUnbind: Intent { act=com.google.android.gms.measurement.START pkg=com.google.android.gms }
02-03 21:07:17.055 I/hwcomposer(  843): [HWC] (0)fire a callback of refresh to SF[4]  
02-03 21:07:17.060 D/PhoneInterfaceManager( 2506): [PhoneIntfMgr] QueryTelephonyChecker-getDataNetworkTypeForSubscriber: packageName = com.android.phone, isGrant = true
02-03 21:07:17.061 D/PhoneInterfaceManager( 2506): [PhoneIntfMgr] QueryTelephonyChecker-getDataNetworkTypeForSubscriber: packageName = com.android.phone, isGrant = true
02-03 21:07:17.078 I/thermal_repeater( 1180): [recvMdThermalInfo] ret=26, strLen=127,  3, 43, -50, 197, 32767, 1
02-03 21:07:17.707 I/charon  ( 4408): 7663[JOB] [acquire_alarm_timer_wake_lock()  412] Acquire wake lock(fd:-1, result: 1, errno:9)
02-03 21:07:17.708 I/charon  ( 4408): 05[JOB] [schedule()  269] Job timer expiry(now:126106, event->time:126106), queuing job for execution
02-03 21:07:17.709 I/charon  ( 4408): 04[JOB] <pdn_0_31|31> [schedule_job_tv()  506] Put the job(expire at 126107) in heap position:1, next expired job:126107
02-03 21:07:17.709 I/charon  ( 4408): 04[JOB] [release_alarm_timer_wake_lock()  391] Release wake lock(fd:-1, result: 1, errno:9)
02-03 21:07:18.031 D/OplusAtlasService( 3289): getAttributeByAppName module:oplus-getStreamMaxVolume packageName:com.cricbuzz.android
02-03 21:07:18.033 D/AudioManagerExtImpl(31255): getStreamVolume packageName=com.cricbuzz.android, index=6, streamType=3
02-03 21:07:18.037 D/OplusAtlasService( 3289): getAttributeByAppName module:oplus-getStreamMaxVolume packageName:com.cricbuzz.android
02-03 21:07:18.041 D/AudioManagerExtImpl(31255): getStreamVolume packageName=com.cricbuzz.android, index=6, streamType=3
02-03 21:07:18.481 W/HidlServiceHelper(16850): Failed to read virtual TLC buffer usage returns is NULLnull
02-03 21:07:18.504 D/vendor.oplus.hardware.charger@1.0-service(  893): getChargerControl:
02-03 21:07:18.709 I/charon  ( 4408): 7664[JOB] [acquire_alarm_timer_wake_lock()  412] Acquire wake lock(fd:-1, result: 1, errno:9)
02-03 21:07:18.710 I/charon  ( 4408): 05[JOB] [schedule()  269] Job timer expiry(now:126107, event->time:126107), queuing job for execution
02-03 21:07:18.710 I/charon  ( 4408): 09[IKE] <pdn_0_31|31> [send_dpd()  933] sending DPD request
02-03 21:07:18.711 I/charon  ( 4408): 09[JOB] <pdn_0_31|31> [schedule_job_tv()  506] Put the job(expire at 126227) in heap position:2, next expired job:126222
02-03 21:07:18.711 I/charon  ( 4408): 09[IKE] <pdn_0_31|31> [wod_tcp_txrx()   72] Tx to WOD - len:23, data:[ipsecdpdintvl=***]
02-03 21:07:18.711 I/[epdg_wo]( 1511): [SKT] [wod_ipsec] accept client (fd: [7])
02-03 21:07:18.711 I/[epdg_wo]( 1511): [WOA] wo_msg_sensitive_print: [ipsecdpdintvl=0,31,121](22)
02-03 21:07:18.711 I/[epdg_wo]( 1511): [WOA] wo_msg_sensitive_print: [ipsecdpdintvl:ok](16)
02-03 21:07:18.712 I/charon  ( 4408): 09[IKE] <pdn_0_31|31> [wod_tcp_txrx()  106] RX from WOD - len:17, data:[ipsecdpdintvl:***]
02-03 21:07:18.712 D/[epdg_wo]( 1511): [DBG][PS0:1] Process message: [ipsecdpdintvl=](30)
02-03 21:07:18.712 I/[epdg_wo]( 1511): [WOA][PS0:1] wo_msg_sensitive_print: [+wodpdintvl:0,"IMS",1,121](25)
02-03 21:07:18.712 I/charon  ( 4408): 09[ENC] <pdn_0_31|31> [generate_message() 1737] generating INFORMATIONAL request 23 [ ]
02-03 21:07:18.713 I/charon  ( 4408): 09[KNL] <pdn_0_31|31> [get_interface_address()  702] ============================ ip: (null), scope:0
02-03 21:07:18.713 I/charon  ( 4408): 09[KNL] <pdn_0_31|31> [get_route() 1722] using (null) as address to reach (null)
02-03 21:07:18.713 I/charon  ( 4408): 09[NET] <pdn_0_31|31> [send_()  101] sending packet: from (null) to (null) (76 bytes)
02-03 21:07:18.714 I/charon  ( 4408): 09[JOB] <pdn_0_31|31> [schedule_job_tv()  506] Put the job(expire at 126109) in heap position:1, next expired job:126109
02-03 21:07:18.714 I/charon  ( 4408): 09[JOB] [release_alarm_timer_wake_lock()  391] Release wake lock(fd:-1, result: 1, errno:9)
02-03 21:07:18.754 I/charon  ( 4408): 02[NET] <pdn_0_31|31> [execute()   73] received packet: from (null) to (null) (76 bytes)
02-03 21:07:18.755 I/charon  ( 4408): 02[ENC] <pdn_0_31|31> [parse_body() 2654] parsed INFORMATIONAL response 23 [ ]
02-03 21:07:18.885 W/ContextImpl( 1741): Calling a method in the system process without a qualified user: android.app.ContextImpl.sendBroadcast:1205 com.android.server.job.controllers.OplusCpuController.notifyHighCpuEventForApp:386 com.android.server.job.controllers.OplusCpuController.handleCpuUpdate:332 com.android.server.job.controllers.OplusCpuController.-$$Nest$mhandleCpuUpdate:0 com.android.server.job.controllers.OplusCpuController$CpuTrackerHandler.handleMessage:256 
02-03 21:07:19.159 I/hwcomposer(  843): [HWC] (0)fire a callback of refresh to SF[4]  
02-03 21:07:19.275 W/AlarmManager( 2368): Unrecognized alarm listener com.android.networkstack.android.net.ip.IpClientLinkObserver$Dhcp6PdPreferredPrefixAlarmListener@fe04061
02-03 21:07:19.275 I/[BIP]   ( 1487):  [BIP NL] event newaddr match dev 0
02-03 21:07:19.275 I/[BIP]   ( 1487):  [BIP NL] IPv6: *:*:*:*:*:*:*:*
02-03 21:07:19.275 I/[BIP]   ( 1487):  [BIP NL] addr state is 3, ipv4=*.*.*.*, ipv6=*:*:*:*:*:*:*:*
02-03 21:07:19.276 I/[BIP]   ( 1487):  [BIP NL] event newaddr match dev 0
02-03 21:07:19.276 I/[BIP]   ( 1487):  [BIP NL] IPv6: *:*:*:*:*:*:*:*
02-03 21:07:19.276 I/[BIP]   ( 1487):  [BIP NL] addr state is 3, ipv4=*.*.*.*, ipv6=*:*:*:*:*:*:*:*
02-03 21:07:19.802 I/OplusHansManager ( 1741): uid=10742, pkg=com.microsoft.bing can transition from M to F
02-03 21:07:19.802 I/OplusHansManager ( 1741): uid=10742, pkg=com.microsoft.bing F enter(), M stay=10
02-03 21:07:19.810 I/OplusHansManager ( 1741): freeze uid: 10742 com.microsoft.bing pids: [30705] scene: LcdOn
02-03 21:07:19.812 D/IHansComunication( 4602): HansComunication::addUid-- 10742, persistent--0
02-03 21:07:19.812 D/IHansComunication( 4602): HANS sendMessageToKernel: threadId = 501361515696, netLinkSetup = 1, type = PKG, targetUid = 10742, pkgCmd = ADD_ONE_UID
02-03 21:07:19.817 I/OplusHansManager ( 1741): uid=10744, pkg=com.cricbuzz.android can transition from M to F
02-03 21:07:19.818 I/OplusHansManager ( 1741): uid=10744, pkg=com.cricbuzz.android F enter(), M stay=10
02-03 21:07:19.829 I/OplusHansManager ( 1741): freeze uid: 10744 com.cricbuzz.android pids: [31255, 16233] IsolatedUid: [99235] scene: LcdOn
02-03 21:07:19.831 D/IHansComunication( 4602): HansComunication::addUid-- 10744, persistent--0
02-03 21:07:19.831 D/IHansComunication( 4602): HANS sendMessageToKernel: threadId = 501361515696, netLinkSetup = 1, type = PKG, targetUid = 10744, pkgCmd = ADD_ONE_UID
02-03 21:07:19.836 I/OplusHansManager ( 1741): uid=10186, pkg=in.cricketexchange.app.cricketexchange can transition from M to F
02-03 21:07:19.837 I/OplusHansManager ( 1741): uid=10186, pkg=in.cricketexchange.app.cricketexchange F enter(), M stay=10
02-03 21:07:19.847 I/OplusHansManager ( 1741): freeze uid: 10186 in.cricketexchange.app.cricketexchange pids: [518, 677, 1357] IsolatedUid: [99241] scene: LcdOn
02-03 21:07:19.848 D/IHansComunication( 4602): HansComunication::addUid-- 10186, persistent--0
02-03 21:07:19.848 D/IHansComunication( 4602): HANS sendMessageToKernel: threadId = 501361515696, netLinkSetup = 1, type = PKG, targetUid = 10186, pkgCmd = ADD_ONE_UID
02-03 21:07:19.884 D/AES     ( 1741): AEEIOCTL_GET/SET_SF_STATE IOCTL,cmd= 1074294797, lParam=0. 
02-03 21:07:19.884 D/AES     ( 1741): AEEIOCTL_RT_MON_Kick IOCTL,cmd= 2147774474, lParam=300. 
02-03 21:07:19.906 D/AALLightSensor( 1200): oldLux=24 [SA:25 LA:23] newLux=24 (oriLux: 26)
02-03 21:07:19.981 E/IHansComunication( 4602): HANS printMessageBody: RCV message: type = 0,port = 86870,caller_pid = 1069,caller_uid = 1047,target_pid = 30705,target_uid = 10742,pkg_cmd = -1,rpc = android.hardware.ICameraServiceListener/5
02-03 21:07:19.982 E/IHansComunication( 4602): HANS printMessageBody: RCV message: type = 0,port = 86870,caller_pid = 1069,caller_uid = 1047,target_pid = 31255,target_uid = 10744,pkg_cmd = -1,rpc = android.hardware.ICameraServiceListener/5
02-03 21:07:19.982 E/IHansComunication( 4602): HANS printMessageBody: RCV message: type = 0,port = 86870,caller_pid = 1069,caller_uid = 1047,target_pid = 677,target_uid = 10186,pkg_cmd = -1,rpc = android.hardware.ICameraServiceListener/5
02-03 21:07:19.985 I/OplusHansManager ( 1741): unfreeze uid: 10742 com.microsoft.bing pids: [30705] reason: AsyncBinder scene: LcdOn
02-03 21:07:19.986 I/OplusHansManager ( 1741): uid=10742, pkg=com.microsoft.bing, transition from Frozen to Middle, reason=AsyncBinder
02-03 21:07:19.986 I/OplusHansManager ( 1741): uid=10742, pkg=com.microsoft.bing F exit(), F stay=0, reason=AsyncBinder
02-03 21:07:19.990 I/OplusHansManager ( 1741): unfreeze uid: 10744 com.cricbuzz.android pids: [31255, 16233] reason: AsyncBinder scene: LcdOn
02-03 21:07:19.991 I/OplusHansManager ( 1741): uid=10744, pkg=com.cricbuzz.android, transition from Frozen to Middle, reason=AsyncBinder
02-03 21:07:19.991 I/OplusHansManager ( 1741): uid=10744, pkg=com.cricbuzz.android F exit(), F stay=0, reason=AsyncBinder
02-03 21:07:20.000 I/OplusHansManager ( 1741): unfreeze uid: 10186 in.cricketexchange.app.cricketexchange pids: [518, 677, 1357] reason: AsyncBinder scene: LcdOn
02-03 21:07:20.002 I/OplusHansManager ( 1741): uid=10186, pkg=in.cricketexchange.app.cricketexchange, transition from Frozen to Middle, reason=AsyncBinder
02-03 21:07:20.002 I/OplusHansManager ( 1741): uid=10186, pkg=in.cricketexchange.app.cricketexchange F exit(), F stay=0, reason=AsyncBinder
02-03 21:07:20.090 D/OplusAtlasService( 3289): getAttributeByAppName module:oplus-getStreamMaxVolume packageName:com.cricbuzz.android
02-03 21:07:20.096 D/AudioManagerExtImpl(31255): getStreamVolume packageName=com.cricbuzz.android, index=6, streamType=3
02-03 21:07:20.098 D/OplusAtlasService( 3289): getAttributeByAppName module:oplus-getStreamMaxVolume packageName:com.cricbuzz.android
02-03 21:07:20.101 D/AudioManagerExtImpl(31255): getStreamVolume packageName=com.cricbuzz.android, index=6, streamType=3
02-03 21:07:20.381 D/VRR [OTI](  962): handleIdle from 0 to 1
02-03 21:07:20.382 D/VRR [OTI-HW](  962): isStateReady 0
02-03 21:07:20.382 D/VRR [OTI-HW](  962): rate range: min {id=0, hwcId=0, resolution=1080x2400, refreshRate=60.00 Hz, dpi=409.02x409.02, group=0} cur {id=0, hwcId=0, resolution=1080x2400, refreshRate=60.00 Hz, dpi=409.02x409.02, group=0} max {id=0, hwcId=0, resolution=1080x2400, refreshRate=60.00 Hz, dpi=409.02x409.02, group=0}
02-03 21:07:20.382 D/VRR [OTI-HW](  962): keep rate.
02-03 21:07:20.601 D/BoundBrokerSvc( 4768): onUnbind: Intent { act=com.google.android.gms.auth.aang.events.services.START dat=chimera-action:/... cmp=com.google.android.gms/.chimera.PersistentApiService }
02-03 21:07:20.715 I/charon  ( 4408): 05[JOB] [schedule()  269] Job timer expiry(now:126109, event->time:126109), queuing job for execution
02-03 21:07:20.813 D/IHansComunication( 4602): HANS sendMessageToKernel: threadId = 501361515696, netLinkSetup = 1, type = FROZEN_TRANS, targetUid = 10742, pkgCmd = PKG_CMD_MAX
02-03 21:07:20.830 D/IHansComunication( 4602): HANS sendMessageToKernel: threadId = 501361515696, netLinkSetup = 1, type = FROZEN_TRANS, targetUid = 10744, pkgCmd = PKG_CMD_MAX
02-03 21:07:20.849 D/IHansComunication( 4602): HANS sendMessageToKernel: threadId = 501361515696, netLinkSetup = 1, type = FROZEN_TRANS, targetUid = 10186, pkgCmd = PKG_CMD_MAX
02-03 21:07:21.913 D/BoundBrokerSvc( 4768): onUnbind: Intent { act=com.google.android.gms.libs.gmscorelogger.service.START dat=chimera-action:/... cmp=com.google.android.gms/.chimera.PersistentDirectBootAwareApiService }
02-03 21:07:22.129 D/ccci_mdinit(  968): (1):monitor_time_update_thread round:4715 ########
02-03 21:07:22.151 D/OplusAtlasService( 3289): getAttributeByAppName module:oplus-getStreamMaxVolume packageName:com.cricbuzz.android
02-03 21:07:22.154 D/AudioManagerExtImpl(31255): getStreamVolume packageName=com.cricbuzz.android, index=6, streamType=3
02-03 21:07:22.155 D/OplusAtlasService( 3289): getAttributeByAppName module:oplus-getStreamMaxVolume packageName:com.cricbuzz.android
02-03 21:07:22.158 D/AudioManagerExtImpl(31255): getStreamVolume packageName=com.cricbuzz.android, index=6, streamType=3
02-03 21:07:22.532 D/OplusHecate(  962): pixels[1077,117]=0xfffafafa
02-03 21:07:22.663 E/horae   ( 3350): 0: back:36552,frame:35379,front:37422, 6, +(1578), 1 ,39000,37600,39000,39200
02-03 21:07:23.171 I/hwcomposer(  843): [HWC] (0)fire a callback of refresh to SF[4]  
02-03 21:07:23.481 W/HidlServiceHelper(16850): Failed to read virtual TLC buffer usage returns is NULLnull
02-03 21:07:23.505 D/vendor.oplus.hardware.charger@1.0-service(  893): getChargerControl:
02-03 21:07:23.617 E/Battery ( 6226): a: getAISleepDuration: predictResult is null.
02-03 21:07:23.624 I/OplusHansManager ( 1741): unfreeze uid: 10349 com.jio.myjio pids: [10583] reason: Broadcast scene: LcdOn
02-03 21:07:23.625 I/OplusHansManager ( 1741): uid=10349, pkg=com.jio.myjio, transition from Frozen to Middle, reason=Broadcast
02-03 21:07:23.625 I/OplusHansManager ( 1741): uid=10349, pkg=com.jio.myjio F exit(), F stay=13, reason=Broadcast
02-03 21:07:23.633 D/vendor.oplus.hardware.charger@1.0-service(  893): getChargerControl:
02-03 21:07:23.906 D/AALLightSensor( 1200): oldLux=24 [SA:25 LA:24] newLux=24 (oriLux: 26)
02-03 21:07:24.210 D/OplusAtlasService( 3289): getAttributeByAppName module:oplus-getStreamMaxVolume packageName:com.cricbuzz.android
02-03 21:07:24.212 D/AudioManagerExtImpl(31255): getStreamVolume packageName=com.cricbuzz.android, index=6, streamType=3
02-03 21:07:24.213 D/OplusAtlasService( 3289): getAttributeByAppName module:oplus-getStreamMaxVolume packageName:com.cricbuzz.android
02-03 21:07:24.215 D/AudioManagerExtImpl(31255): getStreamVolume packageName=com.cricbuzz.android, index=6, streamType=3
02-03 21:07:24.248 W/ThermalControlStatsParser(16850): Not supported ambient state : 0, may need to be updated.
02-03 21:07:24.809 D/VRR [OTI](  962): handleIdle from 1 to 0
02-03 21:07:24.809 D/VRR [OTI-HW](  962): isStateReady 0
02-03 21:07:24.809 D/VRR [OTI-HW](  962): rate range: min {id=0, hwcId=0, resolution=1080x2400, refreshRate=60.00 Hz, dpi=409.02x409.02, group=0} cur {id=0, hwcId=0, resolution=1080x2400, refreshRate=60.00 Hz, dpi=409.02x409.02, group=0} max {id=0, hwcId=0, resolution=1080x2400, refreshRate=60.00 Hz, dpi=409.02x409.02, group=0}
02-03 21:07:24.809 D/VRR [OTI-HW](  962): keep rate.
02-03 21:07:24.810 D/PowerManagerService( 1741): userActivityNoUpdateLocked: groupId=0, eventTime=102002133, event=2, flags=0x0, uid=1000
02-03 21:07:24.810 D/NoBackGesture( 2210): Start gesture: MotionEvent { action=ACTION_DOWN, actionButton=0, id[0]=0, x[0]=698.75, y[0]=1474.75, toolType[0]=TOOL_TYPE_FINGER, buttonState=0, classification=NONE, metaState=0, flags=0x0, edgeFlags=0x0, pointerCount=1, historySize=0, eventTime=102002133, downTime=102002133, deviceId=4, source=0x1002, displayId=0, eventId=591821811 }
02-03 21:07:24.811 D/OGG_Detector( 1741): D:done mCurrStatus: 0
02-03 21:07:24.811 D/NoBackGesture( 2210): Not in side gesture area
02-03 21:07:24.811 E/unknown:ReactNative(25078): Got DOWN touch before receiving UP or CANCEL from last gesture
02-03 21:07:24.862 D/OplusTelephonyController( 2506): onSignalStrengthChanged: SignalStrength=SignalStrength:{mCdma=CellSignalStrengthCdma: cdmaDbm=2147483647 cdmaEcio=2147483647 evdoDbm=2147483647 evdoEcio=2147483647 evdoSnr=2147483647 level=0,mGsm=CellSignalStrengthGsm: rssi=2147483647 ber=2147483647 mTa=2147483647 mLevel=0,mWcdma=CellSignalStrengthWcdma: ss=2147483647 ber=2147483647 rscp=2147483647 ecno=2147483647 level=0,mTdscdma=CellSignalStrengthTdscdma: rssi=2147483647 ber=2147483647 rscp=2147483647 level=0,mLte=CellSignalStrengthLte: rssi=2147483647 rsrp=-107 rsrq=2147483647 rssnr=2147483647 cqiTableIndex=2147483647 cqi=2147483647 ta=2147483647 level=1 parametersUseForLevel=0,mNr=CellSignalStrengthNr:{ csiRsrp = 2147483647 csiRsrq = 2147483647 csiCqiTableIndex = 2147483647 csiCqiReport = [] ssRsrp = 2147483647 ssRsrq = 2147483647 ssSinr = 2147483647 level = 0 parametersUseForLevel = 0 },primary=CellSignalStrengthLte}, phoneId=0, mMtkLevel=0, mMtkRsrpOnly=false, mMtkLteRsrpThreshold=null, mMtkLteRssnrThreshold=null
02-03 21:07:24.862 D/OplusTelephonyController( 2506): onSignalStrengthChanged: SignalStrength=SignalStrength:{mCdma=CellSignalStrengthCdma: cdmaDbm=2147483647 cdmaEcio=2147483647 evdoDbm=2147483647 evdoEcio=2147483647 evdoSnr=2147483647 level=0,mGsm=CellSignalStrengthGsm: rssi=2147483647 ber=2147483647 mTa=2147483647 mLevel=0,mWcdma=CellSignalStrengthWcdma: ss=2147483647 ber=2147483647 rscp=2147483647 ecno=2147483647 level=0,mTdscdma=CellSignalStrengthTdscdma: rssi=2147483647 ber=2147483647 rscp=2147483647 level=0,mLte=CellSignalStrengthLte: rssi=2147483647 rsrp=-107 rsrq=-13 rssnr=2 cqiTableIndex=2147483647 cqi=0 ta=0 level=3 parametersUseForLevel=0,mNr=CellSignalStrengthNr:{ csiRsrp = 2147483647 csiRsrq = 2147483647 csiCqiTableIndex = 2147483647 csiCqiReport = [] ssRsrp = 2147483647 ssRsrq = 2147483647 ssSinr = 2147483647 level = 0 parametersUseForLevel = 0 },primary=CellSignalStrengthLte}, phoneId=0, mMtkLevel=0, mMtkRsrpOnly=false, mMtkLteRsrpThreshold=null, mMtkLteRssnrThreshold=null
02-03 21:07:24.865 I/mtkpower_client( 1741): perf_lock_rel, hdl:97256, tid:2265
02-03 21:07:24.865 I/mtkpower_client( 1741): perf_lock_acq, hdl:97256, dur:0, num:4, tid:2265
02-03 21:07:24.865 I/mtkpower@impl(  863): [check_work_req] i:0, msg:1 hdl:97256, wait
02-03 21:07:24.866 I/libPowerHal(  863): [perfLockRel] hdl:97256, idx:0
02-03 21:07:24.866 I/libPowerHal(  863): [PD] system_server update cmd:2004100 param:2
02-03 21:07:24.869 I/mtkpower_client( 1741): ret_hdl:97279
02-03 21:07:24.906 D/PowerManagerService( 1741): userActivityNoUpdateLocked: groupId=0, eventTime=102002233, event=2, flags=0x0, uid=1000
02-03 21:07:24.919 I/libPowerHal(  863): [perfLockRel] hdl:97278, idx:1
02-03 21:07:24.920 I/libPowerHal(  863): [PD] MTKPOWER_HINT_APP_TOUCH update cmd:3408600 param:0
02-03 21:07:24.922 I/mtkpower_client( 1741): perf_lock_rel, hdl:97279, tid:2265
02-03 21:07:24.922 I/mtkpower_client( 1741): perf_lock_acq, hdl:97279, dur:0, num:4, tid:2265
02-03 21:07:24.923 I/libPowerHal(  863): [perfLockRel] hdl:97279, idx:0
02-03 21:07:24.923 I/libPowerHal(  863): [PD] system_server update cmd:2004100 param:2
02-03 21:07:24.923 I/mtkpower_client( 1741): perf_lock_acq, hdl:0, dur:3000, num:2, tid:2925
02-03 21:07:24.924 I/mtkpower_client( 1741): ret_hdl:97280
02-03 21:07:24.924 I/mtkpower_client( 1741): ret_hdl:97281
02-03 21:07:24.924 I/libPowerHal(  863): cmdSetting - unknown cmd:2048700, scmd:(null) ,param_1:1
02-03 21:07:24.925 I/mtkpower_client( 1741): perf_lock_acq, hdl:0, dur:3000, num:4, tid:2925
02-03 21:07:24.925 I/mtkpower_client( 1741): ret_hdl:97282
02-03 21:07:24.925 I/mtkpower_client( 1741): perf_lock_rel, hdl:97280, tid:2265
02-03 21:07:24.926 I/mtkpower_client( 1741): perf_lock_rel, hdl:97282, tid:2925
02-03 21:07:24.926 I/libPowerHal(  863): [fpsgo_noctrl_render_thread] -7063, 0xb400007b7fa0f680
02-03 21:07:24.926 I/libPowerHal(  863): [fpsgo_ctrl_render_thread] 7063, 0xb400007b7fa0f680
02-03 21:07:24.926 E/libPowerHal(  863): Could not open '/sys/kernel/fpsgo/fstb/set_ui_ctrl'
02-03 21:07:24.927 E/libPowerHal(  863): error : 2, No such file or directory
02-03 21:07:24.927 I/mtkpower_client( 1741): perf_lock_acq, hdl:97280, dur:0, num:8, tid:2265
02-03 21:07:24.927 I/libPowerHal(  863): [perfLockRel] hdl:97280, idx:0
02-03 21:07:24.927 I/libPowerHal(  863): [PD] system_server update cmd:2004100 param:2
02-03 21:07:24.928 I/libPowerHal(  863): [perfLockRel] hdl:97282, idx:2
02-03 21:07:24.929 I/libPowerHal(  863): [fpsgo_noctrl_render_thread] -7063, 0xb400007b7fa0f680
02-03 21:07:24.929 I/libPowerHal(  863): [PD] system_server update ONESHOT cmd:2000400 param:-7063
02-03 21:07:24.929 I/libPowerHal(  863): [fpsgo_ctrl_render_thread] 7063, 0xb400007b7fa0f680
02-03 21:07:24.929 E/libPowerHal(  863): Could not open '/sys/kernel/fpsgo/fstb/set_ui_ctrl'
02-03 21:07:24.929 E/libPowerHal(  863): error : 2, No such file or directory
02-03 21:07:24.929 I/libPowerHal(  863): [PD] system_server update ONESHOT cmd:2000300 param:7063
02-03 21:07:24.929 I/mtkpower_client( 1741): ret_hdl:97283
02-03 21:07:24.929 I/libPowerHal(  863): system_server: cpu_ctrl set cpu freq: 1375000 -1 1176000 -1
02-03 21:07:24.971 I/hwcomposer(  843): [HWC] (0)fire a callback of refresh to SF[4]  
02-03 21:07:25.131 I/hwcomposer(  843): [HWC] (0)fire a callback of refresh to SF[4]  
02-03 21:07:25.176 D/BoundBrokerSvc(13939): onUnbind: Intent { act=com.google.firebase.dynamiclinks.service.START pkg=com.google.android.gms }
02-03 21:07:25.763 I/ProtoXDBBufferWrapper( 5757): ProtoXDBBufferWrapper.flushToStorage():158 Flushed 6 data item(s) to storage.
02-03 21:07:25.913 D/IMGMemtrackHAL(  846): hal_get_memory: memtrack cache rebuild was required
02-03 21:07:25.940 D/IMGMemtrackHAL(  846): hal_get_memory: memtrack cache rebuild was required
02-03 21:07:26.011 I/hwcomposer(  843): [HWC] (0)fire a callback of refresh to SF[4]  
02-03 21:07:26.237 I/mtkpower_client( 1741): perf_lock_rel, hdl:97283, tid:2265
02-03 21:07:26.238 I/mtkpower_client( 1741): perf_lock_acq, hdl:97283, dur:0, num:4, tid:2265
02-03 21:07:26.238 I/libPowerHal(  863): [perfLockRel] hdl:97283, idx:0
02-03 21:07:26.238 I/libPowerHal(  863): system_server: cpu_ctrl set cpu freq: -1 -1 -1 -1
02-03 21:07:26.238 I/libPowerHal(  863): [PD] system_server update cmd:2004100 param:2
02-03 21:07:26.239 I/mtkpower_client( 1741): ret_hdl:97284
02-03 21:07:26.266 D/OplusAtlasService( 3289): getAttributeByAppName module:oplus-getStreamMaxVolume packageName:com.cricbuzz.android
02-03 21:07:26.269 D/AudioManagerExtImpl(31255): getStreamVolume packageName=com.cricbuzz.android, index=6, streamType=3
02-03 21:07:26.271 D/OplusAtlasService( 3289): getAttributeByAppName module:oplus-getStreamMaxVolume packageName:com.cricbuzz.android
02-03 21:07:26.274 D/AudioManagerExtImpl(31255): getStreamVolume packageName=com.cricbuzz.android, index=6, streamType=3
02-03 21:07:26.847 I/hwcomposer(  843): [HWC] (0)fire a callback of refresh to SF[4]  
02-03 21:07:26.971 D/OplusTelephonyController( 2506): onSignalStrengthChanged: SignalStrength=SignalStrength:{mCdma=CellSignalStrengthCdma: cdmaDbm=2147483647 cdmaEcio=2147483647 evdoDbm=2147483647 evdoEcio=2147483647 evdoSnr=2147483647 level=0,mGsm=CellSignalStrengthGsm: rssi=2147483647 ber=2147483647 mTa=2147483647 mLevel=0,mWcdma=CellSignalStrengthWcdma: ss=2147483647 ber=2147483647 rscp=2147483647 ecno=2147483647 level=0,mTdscdma=CellSignalStrengthTdscdma: rssi=2147483647 ber=2147483647 rscp=2147483647 level=0,mLte=CellSignalStrengthLte: rssi=2147483647 rsrp=-107 rsrq=-12 rssnr=0 cqiTableIndex=2147483647 cqi=0 ta=0 level=3 parametersUseForLevel=0,mNr=CellSignalStrengthNr:{ csiRsrp = 2147483647 csiRsrq = 2147483647 csiCqiTableIndex = 2147483647 csiCqiReport = [] ssRsrp = 2147483647 ssRsrq = 2147483647 ssSinr = 2147483647 level = 0 parametersUseForLevel = 0 },primary=CellSignalStrengthLte}, phoneId=0, mMtkLevel=0, mMtkRsrpOnly=false, mMtkLteRsrpThreshold=null, mMtkLteRssnrThreshold=null
02-03 21:07:27.005 I/DeepThinkerSDK( 1741): [APP] ClientConnection: getDeepThinkerBridge start
02-03 21:07:27.005 I/DeepThinkerSDK( 1741): [APP] ClientConnection: getDeepThinkerBridge end
02-03 21:07:27.067 I/hwcomposer(  843): [HWC] (0)fire a callback of refresh to SF[4]  
02-03 21:07:27.092 I/thermal_repeater( 1180): [recvMdThermalInfo] ret=26, strLen=127,  3, 43, -50, 197, 32767, 1
02-03 21:07:27.827 I/mtkpower_client( 1741): perf_lock_rel, hdl:97281, tid:2925
02-03 21:07:27.827 I/mtkpower_client( 1741): perf_lock_acq, hdl:97282, dur:3000, num:4, tid:2968
02-03 21:07:27.828 I/libPowerHal(  863): [perfLockRel] hdl:97281, idx:1
02-03 21:07:27.829 I/mtkpower_client( 1741): ret_hdl:97285
02-03 21:07:27.829 I/libPowerHal(  863): [fpsgo_noctrl_render_thread] 7063, 0xb400007b7fa0e720
02-03 21:07:27.829 I/libPowerHal(  863): [fpsgo_ctrl_render_thread] -7063, 0xb400007b7fa0e720
02-03 21:07:27.830 E/libPowerHal(  863): Could not open '/sys/kernel/fpsgo/fstb/set_ui_ctrl'
02-03 21:07:27.830 E/libPowerHal(  863): error : 2, No such file or directory
02-03 21:07:27.830 I/mtkpower_client( 1741): perf_lock_rel, hdl:97285, tid:2925
02-03 21:07:27.830 I/libPowerHal(  863): [perfLockRel] hdl:97285, idx:1
02-03 21:07:27.830 I/libPowerHal(  863): [fpsgo_noctrl_render_thread] 7063, 0xb400007b7fa0e720
02-03 21:07:27.830 I/libPowerHal(  863): [PD] system_server update ONESHOT cmd:2000400 param:7063
02-03 21:07:27.830 I/libPowerHal(  863): [fpsgo_ctrl_render_thread] -7063, 0xb400007b7fa0e720
02-03 21:07:27.830 E/libPowerHal(  863): Could not open '/sys/kernel/fpsgo/fstb/set_ui_ctrl'
02-03 21:07:27.830 E/libPowerHal(  863): error : 2, No such file or directory
02-03 21:07:27.830 I/libPowerHal(  863): [PD] system_server update ONESHOT cmd:2000300 param:-7063
02-03 21:07:27.907 D/AALLightSensor( 1200): oldLux=24 [SA:40 LA:38] newLux=24 (oriLux: 41)
02-03 21:07:28.071 I/hwcomposer(  843): [HWC] (0)fire a callback of refresh to SF[4]  
02-03 21:07:28.121 D/CompatibilityChangeReporter( 1741): Compat change id reported: 135634846; UID 10136; state: DISABLED
02-03 21:07:28.121 D/CompatibilityChangeReporter( 1741): Compat change id reported: 177438394; UID 10136; state: DISABLED
02-03 21:07:28.122 D/CompatibilityChangeReporter( 1741): Compat change id reported: 135772972; UID 10136; state: DISABLED
02-03 21:07:28.122 D/CompatibilityChangeReporter( 1741): Compat change id reported: 135754954; UID 10136; state: ENABLED
02-03 21:07:28.123 D/CompatibilityChangeReporter( 1741): Compat change id reported: 143937733; UID 10136; state: ENABLED
02-03 21:07:28.140 D/Zygote  (  819): Forked child process 7237
02-03 21:07:28.143 I/ActivityManager( 1741): Start proc 7237:com.google.android.googlequicksearchbox:search/u0a136 for service {com.google.android.googlequicksearchbox/androidx.work.impl.background.systemjob.SystemJobService}
02-03 21:07:28.144 D/OplusUIFirst_FB( 1741): com.google.android.googlequicksearchbox proc start: 10136 7237 false com.google.android.googlequicksearchbox:search
02-03 21:07:28.144 D/OplusUIFirst_FB( 1741): com.google.android.googlequicksearchbox start process: []
02-03 21:07:28.144 D/OplusUIFirst_FB( 1741): List of ThreadOp: size=0 []
02-03 21:07:28.158 E/earchbox:search( 7237): Unknown bits set in runtime_flags: 0x40000000
02-03 21:07:28.158 I/earchbox:search( 7237): Using CollectorTypeCC GC.
02-03 21:07:28.165 D/nativeloader( 7237): Load libframework-connectivity-tiramisu-jni.so using APEX ns com_android_tethering for caller /apex/com.android.tethering/javalib/framework-connectivity-t.jar: ok
02-03 21:07:28.172 I/OneTrace( 7237): Mark active for pid=7237? true
02-03 21:07:28.172 D/cutils-dev( 7237): otrace_set_tracing_enabled? true
02-03 21:07:28.173 D/cutils-dev( 7237): properties changed in otrace_seq_number_changed!
02-03 21:07:28.174 E/earchbox:search( 7237): Could not write anonymous vdex /system/framework/oat/arm64/mediatek-framework.vdex: Could not open /system/framework/oat/arm64/mediatek-framework.vdex for writing
02-03 21:07:28.179 D/RGBNormalizeServer( 1741): OplusRGBNormalize feature enabled ? false
02-03 21:07:28.185 D/CompatibilityChangeReporter( 7237): Compat change id reported: 171979766; UID 10136; state: ENABLED
02-03 21:07:28.185 I/oplus.android.OplusFrameworkFactoryImpl( 7237): get feature:IOplusAutoResolutionFeature
02-03 21:07:28.185 I/oplus.android.OplusFrameworkFactoryImpl( 7237): getOplusAutoResolutionFeature
02-03 21:07:28.190 I/OplusFeatureCache( 7237): Milliseconds spent on init(): 5
02-03 21:07:28.191 D/CompactWindowAppManager( 7237): initCompactApplicationInfo 
02-03 21:07:28.197 W/libc    ( 7237): Access denied finding property "ro.odm.prev.product.name"
02-03 21:07:28.198 D/LoadedApk( 7237): mApplicationInfo overrideDisplayId:null
02-03 21:07:28.203 D/nativeloader( 7237): Configuring clns-4 for other apk /system_ext/framework/androidx.window.extensions.jar. target_sdk_version=36, uses_libraries=ALL, library_path=/data/app/~~Lv6gYSFz_Duir7gxw_J93g==/com.google.android.googlequicksearchbox-v68jZTMoYEdQin5JvaQUnA==/lib/arm64:/data/app/~~Lv6gYSFz_Duir7gxw_J93g==/com.google.android.googlequicksearchbox-v68jZTMoYEdQin5JvaQUnA==/base.apk!/lib/arm64-v8a:/data/app/~~Lv6gYSFz_Duir7gxw_J93g==/com.google.android.googlequicksearchbox-v68jZTMoYEdQin5JvaQUnA==/split_config.xxhdpi.apk!/lib/arm64-v8a:/data/app/~~Lv6gYSFz_Duir7gxw_J93g==/com.google.android.googlequicksearchbox-v68jZTMoYEdQin5JvaQUnA==/split_lens_ondevice_engine_feature_module.apk!/lib/arm64-v8a, permitted_path=/data:/mnt/expand:/data/user/0/com.google.android.googlequicksearchbox
02-03 21:07:28.203 D/nativeloader( 7237): Extending system_exposed_libraries: libapuwareapusys.mtk.so:libapuwareapusys_v2.mtk.so:libapuwarexrp.mtk.so:libapuwarexrp_v2.mtk.so:libapuwareutils.mtk.so:libapuwareutils_v2.mtk.so:libapuwarehmp.mtk.so:libmcv_runtime_usdk.mtk.so:libneuron_graph_delegate.mtk.so:libneuronusdk_adapter.mtk.so:libtflite_mtk.mtk.so:libarmnn_ndk.mtk.so:libcmdl_ndk.mtk.so:libnir_neon_driver_ndk.mtk.so:libmvpu_runtime.mtk.so:libmvpu_runtime_pub.mtk.so:libmvpu_engine_pub.mtk.so:libmvpu_pattern_pub.mtk.so:libmvpuop_mtk_cv.mtk.so:libmvpuop_mtk_nn.mtk.so:libteeservice_client.trustonic.so:libSloganJni.oplus.so:libsuperNight.oplus.so
02-03 21:07:28.206 D/nativeloader( 7237): Configuring clns-5 for other apk /system_ext/framework/androidx.window.sidecar.jar. target_sdk_version=36, uses_libraries=ALL, library_path=/data/app/~~Lv6gYSFz_Duir7gxw_J93g==/com.google.android.googlequicksearchbox-v68jZTMoYEdQin5JvaQUnA==/lib/arm64:/data/app/~~Lv6gYSFz_Duir7gxw_J93g==/com.google.android.googlequicksearchbox-v68jZTMoYEdQin5JvaQUnA==/base.apk!/lib/arm64-v8a:/data/app/~~Lv6gYSFz_Duir7gxw_J93g==/com.google.android.googlequicksearchbox-v68jZTMoYEdQin5JvaQUnA==/split_config.xxhdpi.apk!/lib/arm64-v8a:/data/app/~~Lv6gYSFz_Duir7gxw_J93g==/com.google.android.googlequicksearchbox-v68jZTMoYEdQin5JvaQUnA==/split_lens_ondevice_engine_feature_module.apk!/lib/arm64-v8a, permitted_path=/data:/mnt/expand:/data/user/0/com.google.android.googlequicksearchbox
02-03 21:07:28.206 D/nativeloader( 7237): Extending system_exposed_libraries: libapuwareapusys.mtk.so:libapuwareapusys_v2.mtk.so:libapuwarexrp.mtk.so:libapuwarexrp_v2.mtk.so:libapuwareutils.mtk.so:libapuwareutils_v2.mtk.so:libapuwarehmp.mtk.so:libmcv_runtime_usdk.mtk.so:libneuron_graph_delegate.mtk.so:libneuronusdk_adapter.mtk.so:libtflite_mtk.mtk.so:libarmnn_ndk.mtk.so:libcmdl_ndk.mtk.so:libnir_neon_driver_ndk.mtk.so:libmvpu_runtime.mtk.so:libmvpu_runtime_pub.mtk.so:libmvpu_engine_pub.mtk.so:libmvpu_pattern_pub.mtk.so:libmvpuop_mtk_cv.mtk.so:libmvpuop_mtk_nn.mtk.so:libteeservice_client.trustonic.so:libSloganJni.oplus.so:libsuperNight.oplus.so
02-03 21:07:28.280 W/earchbox:search( 7237): Failed to find entry 'classes.dex': Entry not found
02-03 21:07:28.281 W/earchbox:search( 7237): Failed to find entry 'classes.dex': Entry not found
02-03 21:07:28.281 D/nativeloader( 7237): Configuring clns-6 for other apk /data/app/~~Lv6gYSFz_Duir7gxw_J93g==/com.google.android.googlequicksearchbox-v68jZTMoYEdQin5JvaQUnA==/base.apk:/data/app/~~Lv6gYSFz_Duir7gxw_J93g==/com.google.android.googlequicksearchbox-v68jZTMoYEdQin5JvaQUnA==/split_config.xxhdpi.apk:/data/app/~~Lv6gYSFz_Duir7gxw_J93g==/com.google.android.googlequicksearchbox-v68jZTMoYEdQin5JvaQUnA==/split_lens_ondevice_engine_feature_module.apk. target_sdk_version=36, uses_libraries=, library_path=/data/app/~~Lv6gYSFz_Duir7gxw_J93g==/com.google.android.googlequicksearchbox-v68jZTMoYEdQin5JvaQUnA==/lib/arm64:/data/app/~~Lv6gYSFz_Duir7gxw_J93g==/com.google.android.googlequicksearchbox-v68jZTMoYEdQin5JvaQUnA==/base.apk!/lib/arm64-v8a:/data/app/~~Lv6gYSFz_Duir7gxw_J93g==/com.google.android.googlequicksearchbox-v68jZTMoYEdQin5JvaQUnA==/split_config.xxhdpi.apk!/lib/arm64-v8a:/data/app/~~Lv6gYSFz_Duir7gxw_J93g==/com.google.android.googlequicksearchbox-v68jZTMoYEdQin5JvaQUnA==/split_lens_ondevice_engine_feature_module.apk!/lib/arm64-v8a, permitte
02-03 21:07:28.295 D/nativeloader( 7237): Load libframework-connectivity-jni.so using APEX ns com_android_tethering for caller /apex/com.android.tethering/javalib/framework-connectivity.jar: ok
02-03 21:07:28.300 V/GraphicsEnvironment( 7237): ANGLE Developer option for 'com.google.android.googlequicksearchbox' set to: 'default'
02-03 21:07:28.301 V/GraphicsEnvironment( 7237): ANGLE GameManagerService for com.google.android.googlequicksearchbox: false
02-03 21:07:28.301 V/GraphicsEnvironment( 7237): Neither updatable production driver nor prerelease driver is supported.
02-03 21:07:28.307 D/NetworkSecurityConfig( 7237): Using Network Security Config from resource network_security_config debugBuild: false
02-03 21:07:28.309 D/NetworkSecurityConfig( 7237): Using Network Security Config from resource network_security_config debugBuild: false
02-03 21:07:28.315 D/AAL     ( 1200): onALIChanged: 24 -> 40
02-03 21:07:28.315 D/AALLightSensor( 1200): Notify lux = 40
02-03 21:07:28.323 D/OplusAtlasService( 3289): getAttributeByAppName module:oplus-getStreamMaxVolume packageName:com.cricbuzz.android
02-03 21:07:28.325 D/AudioManagerExtImpl(31255): getStreamVolume packageName=com.cricbuzz.android, index=6, streamType=3
02-03 21:07:28.327 D/OplusAtlasService( 3289): getAttributeByAppName module:oplus-getStreamMaxVolume packageName:com.cricbuzz.android
02-03 21:07:28.329 D/AudioManagerExtImpl(31255): getStreamVolume packageName=com.cricbuzz.android, index=6, streamType=3
02-03 21:07:28.329 I/MultiDex( 7237): VM with version 2.1.0 has multidex support
02-03 21:07:28.329 I/MultiDex( 7237): Installing application
02-03 21:07:28.329 I/MultiDex( 7237): VM has multidex support, MultiDex support library is disabled.
02-03 21:07:28.341 D/CompatibilityChangeReporter( 1741): Compat change id reported: 161145287; UID 10136; state: DISABLED
02-03 21:07:28.365 D/ProcessLifecycleG3( 7237): androidx.startup is not available, initializing using ProcessLifecycleOwnerInitializer instead.
02-03 21:07:28.468 D/nativeloader( 7237): Load /data/app/~~Lv6gYSFz_Duir7gxw_J93g==/com.google.android.googlequicksearchbox-v68jZTMoYEdQin5JvaQUnA==/base.apk!/lib/arm64-v8a/libnative_crash_handler_jni.so using class loader ns clns-6 (caller=/data/app/~~Lv6gYSFz_Duir7gxw_J93g==/com.google.android.googlequicksearchbox-v68jZTMoYEdQin5JvaQUnA==/base.apk!classes2.dex): ok
02-03 21:07:28.480 D/nativeloader( 7237): Load libSchedAssistJni.so using system ns (caller=/system/framework/oplus-framework.jar): ok
02-03 21:07:28.480 D/ExtensionsLoader( 7237): createInstance(64bit) : createExtendedFactory
02-03 21:07:28.480 W/HidlServiceHelper(16850): Failed to read virtual TLC buffer usage returns is NULLnull
02-03 21:07:28.480 D/ExtensionsLoader( 7237): Opened libSchedAssistExtImpl.so
02-03 21:07:28.480 E/earchbox:search( 7237): ofbOpen failed with error=No such file or directory
02-03 21:07:28.480 E/earchbox:search( 7237): sysOpen failed with error=No such file or directory
02-03 21:07:28.482 D/OplusGraphicsEvent( 7237): OplusGraphicsEventListener create now!
02-03 21:07:28.483 D/OplusGraphicsEvent( 7237): addEventListener success!
02-03 21:07:28.485 I/ebih    ( 7237): SslGuard completed installation.
02-03 21:07:28.496 I/dkvd    ( 7237): Scheduling one-off OpaEnabledBroadcastWorker in 30 seconds
02-03 21:07:28.503 D/nativeloader( 7237): Load /data/app/~~Lv6gYSFz_Duir7gxw_J93g==/com.google.android.googlequicksearchbox-v68jZTMoYEdQin5JvaQUnA==/base.apk!/lib/arm64-v8a/libdatastore_shared_counter.so using class loader ns clns-6 (caller=/data/app/~~Lv6gYSFz_Duir7gxw_J93g==/com.google.android.googlequicksearchbox-v68jZTMoYEdQin5JvaQUnA==/base.apk): ok
02-03 21:07:28.506 D/vendor.oplus.hardware.charger@1.0-service(  893): getChargerControl:
02-03 21:07:28.509 I/cplm    ( 7237): Initializing GMS Compliance Client Library...
02-03 21:07:28.509 I/cplm    ( 7237): Checking for device compliance...
02-03 21:07:28.510 I/cplm    ( 7237): Completed library init.
02-03 21:07:28.510 I/dfbg    ( 7237): (REDACTED) Gemini app was installed: %s
02-03 21:07:28.511 D/OplusActivityManager( 7237): get AMS extension: android.os.BinderProxy@46e6466
02-03 21:07:28.518 I/egnu    ( 7237): Validating WorkManager process
02-03 21:07:28.520 I/egnu    ( 7237): (REDACTED) Processes: %s, %s, %s, %s
02-03 21:07:28.521 D/WM-PackageManagerHelper( 7237): Skipping component enablement for androidx.work.impl.background.systemjob.SystemJobService
02-03 21:07:28.521 D/WM-Schedulers( 7237): Created SystemJobScheduler and enabled SystemJobService
02-03 21:07:28.521 D/WM-ForceStopRunnable( 7237): Is default app process = true
02-03 21:07:28.522 D/WM-ForceStopRunnable( 7237): Performing cleanup operations.
02-03 21:07:28.529 D/WM-SystemJobService( 7237): onStartJob for WorkGenerationalId(workSpecId=88a8dde0-74b3-49a7-b99f-8ab7ea8e0c05, generation=1990)
02-03 21:07:28.549 D/WM-SystemJobScheduler( 7237): Reconciling jobs
02-03 21:07:28.564 I/Athena  ( 2533): CommonAction: 22,2134,134,0,0,0,397,0,3001,1791,755,1102,0.0,22
02-03 21:07:28.568 I/cplm    ( 7237): (REDACTED) Device Compliance Fetch time taken = %sms
02-03 21:07:28.568 I/cplm    ( 7237): Device is compliant!
02-03 21:07:28.570 I/cplm    ( 7237): Invoking "compliant" action...
02-03 21:07:28.590 D/CompatibilityChangeReporter( 7237): Compat change id reported: 160794467; UID 10136; state: ENABLED
02-03 21:07:28.594 D/WM-ForceStopRunnable( 7237): Found unfinished work, scheduling it.
02-03 21:07:28.596 W/InputDispatcherExtImpl( 1741): MotionEvent action_down is in invalid region, x: 441.000000, y: 2399.000000
02-03 21:07:28.596 W/InputDispatcherExtImpl( 1741): MotionEvent action_down is in invalid region, x: 441.000000, y: 2399.000000
02-03 21:07:28.597 D/PowerManagerService( 1741): userActivityNoUpdateLocked: groupId=0, eventTime=102005924, event=2, flags=0x0, uid=1000
02-03 21:07:28.597 D/NoBackGesture( 2210): Start gesture: MotionEvent { action=ACTION_DOWN, actionButton=0, id[0]=0, x[0]=441.0, y[0]=2399.0, toolType[0]=TOOL_TYPE_FINGER, buttonState=0, classification=NONE, metaState=0, flags=0x0, edgeFlags=0x0, pointerCount=1, historySize=0, eventTime=102005924, downTime=102005924, deviceId=4, source=0x1002, displayId=0, eventId=19850312 }
02-03 21:07:28.597 D/NoBackGesture( 2210): Not in side gesture area
02-03 21:07:28.597 D/NoBackGesture( 2210): gestureBar animation: gestureBarNotHide = false, isCorrectHomeHandle = true
02-03 21:07:28.597 D/OGG_Detector( 1741): D:done mCurrStatus: 0
02-03 21:07:28.600 D/OplusZoomWindowRUSConfigManager( 1741): isSupportZoomModeWithPolicyLocked: target = com.wholexale.app.staging/com.wholexale.app.MainActivity
02-03 21:07:28.600 D/OplusZoomWindowRUSConfigManager( 1741): targetPkg = com.wholexale.app.staging
02-03 21:07:28.601 D/OplusZoomWindowRUSConfigManager( 1741): isSupportZoomModeWithPolicyLocked: target = com.wholexale.app.staging/com.wholexale.app.MainActivity
02-03 21:07:28.601 D/OplusZoomWindowRUSConfigManager( 1741): targetPkg = com.wholexale.app.staging
02-03 21:07:28.602 D/MultiStateCallback( 2561): [116507636] Adding [STATE_LAUNCHER_PRESENT (1)] to [ (0)]
02-03 21:07:28.603 D/OplusAppListInterceptManager( 1741): shouldFilterTask
02-03 21:07:28.603 D/OplusAppListInterceptManager( 1741): shouldFilterTask::packageName = com.wholexale.app.staging
02-03 21:07:28.603 D/OplusAppListInterceptManager( 1741): shouldFilterTask
02-03 21:07:28.603 D/OplusAppListInterceptManager( 1741): shouldFilterTask::packageName = com.google.android.youtube
02-03 21:07:28.603 D/OplusAppListInterceptManager( 1741): shouldFilterTask
02-03 21:07:28.603 D/OplusAppListInterceptManager( 1741): shouldFilterTask::packageName = com.cricbuzz.android
02-03 21:07:28.603 D/OplusAppListInterceptManager( 1741): shouldFilterTask
02-03 21:07:28.603 D/OplusAppListInterceptManager( 1741): shouldFilterTask::packageName = com.twitter.android
02-03 21:07:28.603 D/OplusAppListInterceptManager( 1741): shouldFilterTask
02-03 21:07:28.603 D/OplusAppListInterceptManager( 1741): shouldFilterTask::packageName = com.android.chrome
02-03 21:07:28.603 D/OplusAppListInterceptManager( 1741): shouldFilterTask
02-03 21:07:28.603 D/OplusAppListInterceptManager( 1741): shouldFilterTask::packageName = com.whatsapp
02-03 21:07:28.604 D/OplusAppListInterceptManager( 1741): shouldFilterTask
02-03 21:07:28.604 D/OplusAppListInterceptManager( 1741): shouldFilterTask::packageName = com.android.settings
02-03 21:07:28.604 D/OplusSplitScreenManagerService( 1741): com.android.settings unSupportsSplitScreen by blockList or ForbidActivityList
02-03 21:07:28.604 D/OplusSplitScreenManagerService( 1741): com.android.settings unSupportsSplitScreen by blockList or ForbidActivityList
02-03 21:07:28.604 D/OplusAppListInterceptManager( 1741): shouldFilterTask
02-03 21:07:28.604 D/OplusAppListInterceptManager( 1741): shouldFilterTask::packageName = com.google.android.gm
02-03 21:07:28.604 D/OplusAppListInterceptManager( 1741): shouldFilterTask
02-03 21:07:28.604 D/OplusAppListInterceptManager( 1741): shouldFilterTask::packageName = com.whatsapp
02-03 21:07:28.604 D/OplusAppListInterceptManager( 1741): shouldFilterTask
02-03 21:07:28.604 D/OplusAppListInterceptManager( 1741): shouldFilterTask::packageName = com.whatsapp.w4b
02-03 21:07:28.604 D/OplusAppListInterceptManager( 1741): shouldFilterTask
02-03 21:07:28.604 D/OplusAppListInterceptManager( 1741): shouldFilterTask::packageName = com.microsoft.bing
02-03 21:07:28.604 D/OplusAppListInterceptManager( 1741): shouldFilterTask
02-03 21:07:28.604 D/OplusAppListInterceptManager( 1741): shouldFilterTask::packageName = com.snapchat.android
02-03 21:07:28.604 D/OplusSplitScreenManagerService( 1741): com.snapchat.android unSupportsSplitScreen by blockList or ForbidActivityList
02-03 21:07:28.604 D/OplusAppListInterceptManager( 1741): shouldFilterTask
02-03 21:07:28.604 D/OplusAppListInterceptManager( 1741): shouldFilterTask::packageName = com.coloros.assistantscreen
02-03 21:07:28.604 D/OplusAppListInterceptManager( 1741): shouldFilterTask
02-03 21:07:28.604 D/OplusAppListInterceptManager( 1741): shouldFilterTask::packageName = com.truecaller
02-03 21:07:28.604 D/OplusAppListInterceptManager( 1741): shouldFilterTask
02-03 21:07:28.604 D/OplusAppListInterceptManager( 1741): shouldFilterTask::packageName = com.google.android.apps.messaging
02-03 21:07:28.604 D/MultiStateCallback( 2561): [116507636] Adding [STATE_LAUNCHER_BIND_TO_SERVICE (8)] to [STATE_LAUNCHER_PRESENT (1)]
02-03 21:07:28.605 D/MultiStateCallback( 2561): [215410713] Adding [STATE_RECENTS_ANIMATION_INITIALIZED (4)] to [ (0)]
02-03 21:07:28.607 V/SensorManager( 1741): call sensorServiceCommonInterface name: setScreenShotDisable
02-03 21:07:28.607 D/SensorService( 1741): SensorService sensorServiceCommonInterface = setScreenShotDisable
02-03 21:07:28.607 D/SensorServiceExtImpl( 1741): sensorServiceCommonInterface funcName = setScreenShotDisable, flag = 0, status = 0
02-03 21:07:28.607 I/mtkpower@impl(  863): [setMode] type:5, enabled:1
02-03 21:07:28.608 I/libPowerHal(  863): LAUNCH: cpu_ctrl set cpu freq: 2000000 -1 2200000 -1
02-03 21:07:28.609 D/OplusUIFirst_FB( 1741): com.android.launcher toForeOps: []
02-03 21:07:28.609 D/OplusUIFirst_FB( 1741): List of ThreadOp: size=0 []
02-03 21:07:28.612 D/OplusUIFirst_FB( 1741): com.google.android.googlequicksearchbox toForeOps: []
02-03 21:07:28.612 D/OplusUIFirst_FB( 1741): List of ThreadOp: size=0 []
02-03 21:07:28.614 I/AutoHideController( 2210): suspendAutoHide: removeAutoHide
02-03 21:07:28.614 D/VRI[Launcher]( 2561): dispatchAppVisibility visible:true
02-03 21:07:28.614 D/VRI[Launcher]( 5675): dispatchAppVisibility visible:true
02-03 21:07:28.614 D/LockSettingsService( 1741): [getSeparateProfileChallengeEnabled] userId = 999
02-03 21:07:28.618 D/OplusUIFirst_FB( 1741): com.coloros.assistantscreen toForeOps: []
02-03 21:07:28.618 D/OplusUIFirst_FB( 1741): List of ThreadOp: size=0 []
02-03 21:07:28.619 D/VRI[Launcher]( 2561): setWindowStopped stopped:false
02-03 21:07:28.620 I/ActivityManager( 1741): updateOomAdj start time is before than pendingPid added, don't delete it
02-03 21:07:28.622 D/b/223498680( 2561): LRV onStateTransitionStart setFreezeVisibility=true, toState=Background
02-03 21:07:28.624 D/BtGatt.ScanManager( 3260): uid 10128 isForeground true scanMode 1
02-03 21:07:28.624 D/OplusWallpaperServiceHelper( 2321): isNightMode is true
