02-03 20:41:51.252 D/VRR [OTI-HW](  962): rate range: min {id=0, hwcId=0, resolution=1080x2400, refreshRate=60.00 Hz, dpi=409.02x409.02, group=0} cur {id=0, hwcId=0, resolution=1080x2400, refreshRate=60.00 Hz, dpi=409.02x409.02, group=0} max {id=0, hwcId=0, resolution=1080x2400, refreshRate=60.00 Hz, dpi=409.02x409.02, group=0}
02-03 20:41:51.252 D/VRR [OTI-HW](  962): keep rate.
02-03 20:41:51.305 E/WiseLight(  852): Light=1355.000000, del_time=200.000000, light_c=9.000000
02-03 20:41:51.453 D/PhoneInterfaceManager( 2506): [PhoneIntfMgr] QueryTelephonyChecker-getDataNetworkTypeForSubscriber: packageName = com.android.phone, isGrant = true
02-03 20:41:51.454 D/PhoneInterfaceManager( 2506): [PhoneIntfMgr] QueryTelephonyChecker-getDataNetworkTypeForSubscriber: packageName = com.android.phone, isGrant = true
02-03 20:41:51.505 E/WiseLight(  852): Light=1355.000000, del_time=200.000000, light_c=9.000000
02-03 20:41:51.656 W/AlarmManager( 2368): Unrecognized alarm listener com.android.networkstack.android.net.ip.IpClientLinkObserver$Dhcp6PdPreferredPrefixAlarmListener@fe04061
02-03 20:41:51.658 I/[BIP]   ( 1487):  [BIP NL] event newaddr match dev 0
02-03 20:41:51.658 I/[BIP]   ( 1487):  [BIP NL] IPv6: *:*:*:*:*:*:*:*
02-03 20:41:51.658 I/[BIP]   ( 1487):  [BIP NL] addr state is 3, ipv4=*.*.*.*, ipv6=*:*:*:*:*:*:*:*
02-03 20:41:51.659 I/[BIP]   ( 1487):  [BIP NL] event newaddr match dev 0
02-03 20:41:51.659 I/[BIP]   ( 1487):  [BIP NL] IPv6: *:*:*:*:*:*:*:*
02-03 20:41:51.659 I/[BIP]   ( 1487):  [BIP NL] addr state is 3, ipv4=*.*.*.*, ipv6=*:*:*:*:*:*:*:*
02-03 20:41:51.700 D/IHansComunication( 4602): HANS sendMessageToKernel: threadId = 501361515696, netLinkSetup = 1, type = FROZEN_TRANS, targetUid = 10349, pkgCmd = PKG_CMD_MAX
02-03 20:41:51.706 E/WiseLight(  852): Light=1351.000000, del_time=175.000000, light_c=9.000000
02-03 20:41:52.790 I/OplusHansManager ( 1741): uid=10742, pkg=com.microsoft.bing can transition from M to F
02-03 20:41:52.790 I/OplusHansManager ( 1741): uid=10742, pkg=com.microsoft.bing F enter(), M stay=10
02-03 20:41:52.799 I/OplusHansManager ( 1741): freeze uid: 10742 com.microsoft.bing pids: [30705] scene: LcdOn
02-03 20:41:52.801 D/IHansComunication( 4602): HansComunication::addUid-- 10742, persistent--0
02-03 20:41:52.801 D/IHansComunication( 4602): HANS sendMessageToKernel: threadId = 501361515696, netLinkSetup = 1, type = PKG, targetUid = 10742, pkgCmd = ADD_ONE_UID
02-03 20:41:52.807 I/OplusHansManager ( 1741): uid=10744, pkg=com.cricbuzz.android can transition from M to F
02-03 20:41:52.807 I/OplusHansManager ( 1741): uid=10744, pkg=com.cricbuzz.android F enter(), M stay=10
02-03 20:41:52.819 I/OplusHansManager ( 1741): freeze uid: 10744 com.cricbuzz.android pids: [31255, 16233] IsolatedUid: [99235] scene: LcdOn
02-03 20:41:52.821 D/IHansComunication( 4602): HansComunication::addUid-- 10744, persistent--0
02-03 20:41:52.821 D/IHansComunication( 4602): HANS sendMessageToKernel: threadId = 501361515696, netLinkSetup = 1, type = PKG, targetUid = 10744, pkgCmd = ADD_ONE_UID
02-03 20:41:53.106 W/AString (  852): ctor got NULL, using empty string instead
02-03 20:41:53.106 I/Gyroscope(  852): write bias: [0.011254, 0.001989, -0.004159]
02-03 20:41:53.536 D/OplusTelephonyController( 2506): onSignalStrengthChanged: SignalStrength=SignalStrength:{mCdma=CellSignalStrengthCdma: cdmaDbm=2147483647 cdmaEcio=2147483647 evdoDbm=2147483647 evdoEcio=2147483647 evdoSnr=2147483647 level=0,mGsm=CellSignalStrengthGsm: rssi=2147483647 ber=2147483647 mTa=2147483647 mLevel=0,mWcdma=CellSignalStrengthWcdma: ss=2147483647 ber=2147483647 rscp=2147483647 ecno=2147483647 level=0,mTdscdma=CellSignalStrengthTdscdma: rssi=2147483647 ber=2147483647 rscp=2147483647 level=0,mLte=CellSignalStrengthLte: rssi=2147483647 rsrp=-105 rsrq=-12 rssnr=5 cqiTableIndex=2147483647 cqi=0 ta=0 level=3 parametersUseForLevel=0,mNr=CellSignalStrengthNr:{ csiRsrp = 2147483647 csiRsrq = 2147483647 csiCqiTableIndex = 2147483647 csiCqiReport = [] ssRsrp = 2147483647 ssRsrq = 2147483647 ssSinr = 2147483647 level = 0 parametersUseForLevel = 0 },primary=CellSignalStrengthLte}, phoneId=0, mMtkLevel=0, mMtkRsrpOnly=false, mMtkLteRsrpThreshold=null, mMtkLteRssnrThreshold=null
02-03 20:41:53.698 E/VirtualSensors(  852): pedo minute, step_count = 2297, report_count = 2076 move_statust = 0 ,time_gap = 0 , step_run_count = 0 , step_walk_count = 2297
02-03 20:41:53.698 E/power   (  852): ISystemSuspend::getService() failed.
02-03 20:41:53.698 E/SensorsMultiHal(  852): Decrementing wakelock ref count by 1 when count is 0
02-03 20:41:53.698 E/VirtualSensors(  852): post_events : call
02-03 20:41:53.704 E/AppOps  ( 1741): attributionTag  not declared in manifest of com.oplus.exsystemservice
02-03 20:41:53.708 E/AppOps  ( 1741): attributionTag  not declared in manifest of com.oplus.exsystemservice
02-03 20:41:53.709 I/StepApp_StepDataPreHandler( 2175): (main)onSensorChanged raw data: step=2297.0 state=0.0 minuteDelta=0.0 timestamp=124582812823257 steprun=0.0 stepwalk=2297.0 formatted data: step=2297 state=0 timestamp=124582812823257 time=1770131513697 steprun=0 stepwalk=2297
02-03 20:41:53.710 D/AALLightSensor( 1200): oldLux=92 [SA:76 LA:76] newLux=92 (oriLux: 76)
02-03 20:41:53.710 I/StepApp_StepDataSaver( 2175): (StepDataDispatcher)getNewFixedOffsetStep type is STEP
02-03 20:41:53.710 I/StepApp_StepDataSaver( 2175): (StepDataDispatcher)isRebootCountStep:false	 lastRealTimeStamp = 1770131400000	 bootTimestamp = 1770006930884	 mLastModifiedMinuteTime = 2026-02-03-20-40
02-03 20:41:53.710 I/StepApp_StepDataSaver( 2175): (StepDataDispatcher)calOffSet:sensorStep = 2297	 lastModifiedStep = 2297	 offSet = 0
02-03 20:41:53.710 I/StepApp_StepDataSaver( 2175): (StepDataDispatcher)getNewFixedOffsetStep type is RUN
02-03 20:41:53.711 I/StepApp_StepDataSaver( 2175): (StepDataDispatcher)isRebootCountStep:false	 lastRealTimeStamp = 1770131400000	 bootTimestamp = 1770006930884	 mLastModifiedMinuteTime = 2026-02-03-20-40
02-03 20:41:53.711 I/StepApp_StepDataSaver( 2175): (StepDataDispatcher)calOffSet:sensorStep = 0	 lastModifiedStep = 0	 offSet = 0
02-03 20:41:53.711 I/StepApp_StepDataSaver( 2175): (StepDataDispatcher)getNewFixedOffsetStep type is WALK
02-03 20:41:53.711 I/StepApp_StepDataSaver( 2175): (StepDataDispatcher)isRebootCountStep:false	 lastRealTimeStamp = 1770131400000	 bootTimestamp = 1770006930883	 mLastModifiedMinuteTime = 2026-02-03-20-40
02-03 20:41:53.712 I/StepApp_StepDataSaver( 2175): (StepDataDispatcher)calOffSet:sensorStep = 2297	 lastModifiedStep = 2297	 offSet = 0
02-03 20:41:53.801 D/IHansComunication( 4602): HANS sendMessageToKernel: threadId = 501361515696, netLinkSetup = 1, type = FROZEN_TRANS, targetUid = 10742, pkgCmd = PKG_CMD_MAX
02-03 20:41:53.820 D/IHansComunication( 4602): HANS sendMessageToKernel: threadId = 501361515696, netLinkSetup = 1, type = FROZEN_TRANS, targetUid = 10744, pkgCmd = PKG_CMD_MAX
02-03 20:41:53.861 D/OplusHecate(  962): pixels[1077,117]=0xff646464
02-03 20:41:54.569 D/BoundBrokerSvc( 4768): onUnbind: Intent { act=com.google.android.gms.auth.aang.events.services.START dat=chimera-action:/... cmp=com.google.android.gms/.chimera.PersistentApiService }
02-03 20:41:54.574 E/IHansComunication( 4602): HANS printMessageBody: RCV message: type = 0,port = 86870,caller_pid = 1069,caller_uid = 1047,target_pid = 30705,target_uid = 10742,pkg_cmd = -1,rpc = android.hardware.ICameraServiceListener/5
02-03 20:41:54.574 E/IHansComunication( 4602): HANS printMessageBody: RCV message: type = 0,port = 86870,caller_pid = 1069,caller_uid = 1047,target_pid = 31255,target_uid = 10744,pkg_cmd = -1,rpc = android.hardware.ICameraServiceListener/5
02-03 20:41:54.581 I/OplusHansManager ( 1741): unfreeze uid: 10742 com.microsoft.bing pids: [30705] reason: AsyncBinder scene: LcdOn
02-03 20:41:54.583 I/OplusHansManager ( 1741): uid=10742, pkg=com.microsoft.bing, transition from Frozen to Middle, reason=AsyncBinder
02-03 20:41:54.583 I/OplusHansManager ( 1741): uid=10742, pkg=com.microsoft.bing F exit(), F stay=1, reason=AsyncBinder
02-03 20:41:54.591 I/OplusHansManager ( 1741): unfreeze uid: 10744 com.cricbuzz.android pids: [31255, 16233] reason: AsyncBinder scene: LcdOn
02-03 20:41:54.593 I/OplusHansManager ( 1741): uid=10744, pkg=com.cricbuzz.android, transition from Frozen to Middle, reason=AsyncBinder
02-03 20:41:54.593 I/OplusHansManager ( 1741): uid=10744, pkg=com.cricbuzz.android F exit(), F stay=1, reason=AsyncBinder
02-03 20:41:54.594 D/OplusAtlasService( 3289): getAttributeByAppName module:oplus-getStreamMaxVolume packageName:com.cricbuzz.android
02-03 20:41:54.596 D/AudioManagerExtImpl(31255): getStreamVolume packageName=com.cricbuzz.android, index=8, streamType=3
02-03 20:41:54.808 I/thermal_repeater( 1180): [recvMdThermalInfo] ret=26, strLen=127,  3, 40, -50, 197, 32767, 1
02-03 20:41:55.524 D/BoundBrokerSvc( 4768): onUnbind: Intent { act=com.google.android.gms.libs.gmscorelogger.service.START dat=chimera-action:/... cmp=com.google.android.gms/.chimera.PersistentDirectBootAwareApiService }
