02-03 21:18:15.616 V/WindowManager( 1741): Changing focus from null to Window{6123fec u0 com.cricbuzz.android/com.cricbuzz.android.lithium.app.view.activity.NyitoActivity},diplayid=0
02-03 21:18:15.713 D/WindowManager( 1741): finishDrawingWindow: Window{6123fec u0 com.cricbuzz.android/com.cricbuzz.android.lithium.app.view.activity.NyitoActivity} mDrawState=DRAW_PENDING
02-03 21:18:15.718 I/Quality (31255): Skipped: false 5 cost 99.03356 refreshRate 16666667 bit true processName com.cricbuzz.android
02-03 21:18:15.722 D/OplusZoomWindowManagerService( 1741): adjustWindowCropForLeash start: appToken = ActivityRecord{202e96e u0 com.cricbuzz.android/.lithium.app.view.activity.NyitoActivity} t1523}
02-03 21:18:15.726 D/OplusZoomWindowManagerService( 1741): adjustWindowCropForLeash start: appToken = ActivityRecord{5f948db u0 com.cricbuzz.android/.lithium.app.view.activity.MatchCenterActivity} t1523 f}}
02-03 21:18:15.772 I/Quality (31255): Skipped: false 2 cost 38.137024 refreshRate 16555070 bit true processName com.cricbuzz.android
02-03 21:18:15.806 D/UsageStatsService( 1741): User[0] type=0 b=1770131895804 e=1770133695804 cb=1770102026338 ce=1770133695616 disk=0 all=150
02-03 21:18:15.812 D/UsageStatsService( 1741): User[0] type=0 b=1770131895810 e=1770133695810 cb=1770102026338 ce=1770133695616 disk=0 all=150
02-03 21:18:15.955 V/OplusZoomWindowManagerService( 1741): onAnimationFinished:  r = ActivityRecord{202e96e u0 com.cricbuzz.android/.lithium.app.view.activity.NyitoActivity} t1523}
02-03 21:18:15.956 I/OplusAppSwitchManagerService( 1741):  handleAppVisible , r = ActivityRecord{202e96e u0 com.cricbuzz.android/.lithium.app.view.activity.NyitoActivity} t1523}
02-03 21:18:15.958 V/OplusZoomWindowManagerService( 1741): onAnimationFinished:  r = ActivityRecord{5f948db u0 com.cricbuzz.android/.lithium.app.view.activity.MatchCenterActivity} t1523 f}}
02-03 21:18:16.004 D/InputMethodManagerService( 1741): isSecurity: attribute.packageName=com.cricbuzz.android mCurMethodId=com.google.android.inputmethod.latin/com.android.inputmethod.latin.LatinIME
02-03 21:18:16.004 D/InputMethodManagerService( 1741): isSecurity= false (  enable=false needShow=false inBlackList=false isExist=true )
02-03 21:18:16.021 I/Quality (31255): Skipped: false 14 cost 236.44444 refreshRate 16558812 bit true processName com.cricbuzz.android
02-03 21:18:16.060 D/CoreBackPreview( 1741): Window{c65da45 u0 com.cricbuzz.android/com.cricbuzz.android.lithium.app.view.activity.MatchCenterActivity}: Setting back callback null
02-03 21:18:16.061 V/ZoomWindowDecorView(31255): removeZoomView
02-03 21:18:16.072 D/TaskFragmentExtImpl( 1741): remove ActivityRecord{5f948db u0 com.cricbuzz.android/.lithium.app.view.activity.MatchCenterActivity} t-1 f}} to mActivityRecordSum = Counter{ com.cricbuzz.android/.lithium.app.view.activity.NyitoActivity(1) }
02-03 21:18:16.072 I/Quality (31255): Skipped: false 2 cost 39.60672 refreshRate 16550754 bit true processName com.cricbuzz.android
02-03 21:18:16.074 D/InputMethodManagerService( 1741): onHandleImeWindowVisibleStatus: vis = 0, needsToShowImeSwitcher = false
02-03 21:18:16.554 D/UsageStatsService( 1741): User[0] type=0 b=1770131896553 e=1770133696553 cb=1770102026338 ce=1770133696069 disk=0 all=151
02-03 21:18:16.692 I/Quality (31255): Skipped: true 1 cost 30.24555 refreshRate 16551798 bit true processName com.cricbuzz.android
02-03 21:18:16.848 I/Quality (31255): Skipped: false 3 cost 54.510704 refreshRate 16551798 bit true processName com.cricbuzz.android
02-03 21:18:17.550 D/PowerManagerService( 1741): userActivityNoUpdateLocked: groupId=0, eventTime=102654874, event=2, flags=0x0, uid=1000
02-03 21:18:17.611 I/ActivityTaskManager( 1741): START u0 {cmp=com.cricbuzz.android/.lithium.app.view.activity.MatchCenterActivity (has extras) mCallingUid=10744} from uid 10744
02-03 21:18:17.613 D/OplusZoomWindowRUSConfigManager( 1741): isSupportZoomModeWithPolicyLocked: target = com.cricbuzz.android/.lithium.app.view.activity.MatchCenterActivity
02-03 21:18:17.613 D/OplusZoomWindowRUSConfigManager( 1741): targetPkg = com.cricbuzz.android
02-03 21:18:17.613 I/OplusZoomWindowRUSConfigManager( 1741): target pkg is unsupport zoom window mode
02-03 21:18:17.613 V/OplusZoomWindowManagerService( 1741): unSupportZoom: true ,callingPid: 31255 ,sourceStack: Task{b16009c #1523 type=standard A=10744:com.cricbuzz.android U=0 visible=true visibleRequested=true mode=fullscreen translucent=false sz=1}
02-03 21:18:17.615 D/TaskFragmentExtImpl( 1741): add ActivityRecord{1a1dc4 u0 com.cricbuzz.android/.lithium.app.view.activity.MatchCenterActivity} t1523} to mActivityRecordSum = Counter{ com.cricbuzz.android/.lithium.app.view.activity.NyitoActivity(1) com.cricbuzz.android/.lithium.app.view.activity.MatchCenterActivity(1) }
02-03 21:18:17.617 D/ActivityTaskManager( 1741): getStartingWindowType: newTask=false, taskSwitch=false, processRunning=true, allowTaskSnapshot=true, activityCreated=false, snapshot=null, record:ActivityRecord{1a1dc4 u0 com.cricbuzz.android/.lithium.app.view.activity.MatchCenterActivity} t1523}
02-03 21:18:17.617 D/OplusZoomWindowRUSConfigManager( 1741): isSupportZoomModeWithPolicyLocked: target = com.cricbuzz.android/.lithium.app.view.activity.MatchCenterActivity
02-03 21:18:17.617 D/OplusZoomWindowRUSConfigManager( 1741): targetPkg = com.cricbuzz.android
02-03 21:18:17.618 I/OplusZoomWindowRUSConfigManager( 1741): target pkg is unsupport zoom window mode
02-03 21:18:17.618 V/OplusZoomWindowManagerService( 1741): unSupportZoom: true ,callingPid: 31255 ,sourceStack: Task{b16009c #1523 type=standard A=10744:com.cricbuzz.android U=0 visible=true visibleRequested=true mode=fullscreen translucent=false sz=2}
02-03 21:18:17.634 W/ActivityTaskManager( 1741): Tried to set launchTime (0) < mLastActivityLaunchTime (102647028)
02-03 21:18:17.641 D/OplusDexOptimizeManager( 1741): basepath == oldPackagePath!
02-03 21:18:17.646 V/WindowManager( 1741): Changing focus from Window{6123fec u0 com.cricbuzz.android/com.cricbuzz.android.lithium.app.view.activity.NyitoActivity} to null,diplayid=0
02-03 21:18:17.682 D/ProcessCpuTrackerExtImpl( 1741): mContext is already set, return now! 
02-03 21:18:17.714 D/OplusFullScreenDisplayManager( 1741): adjustWindowParamsLw com.cricbuzz.android, no change cutoutMode: 0
02-03 21:18:17.716 I/WindowManager( 1741): addWindow: New client android.os.BinderProxy@4591306 : window=Window{a5d1dc7 u0 com.cricbuzz.android/com.cricbuzz.android.lithium.app.view.activity.MatchCenterActivity}
02-03 21:18:17.718 D/CoreBackPreview( 1741): Window{a5d1dc7 u0 com.cricbuzz.android/com.cricbuzz.android.lithium.app.view.activity.MatchCenterActivity}: Setting back callback OnBackInvokedCallbackInfo{mCallback=android.window.IOnBackInvokedCallback$Stub$Proxy@d03cf63, mPriority=0}
02-03 21:18:17.722 I/Quality (31255): Skipped: false 0 cost 12.411154 refreshRate 16551708 bit true processName com.cricbuzz.android
02-03 21:18:17.727 D/OplusFullScreenDisplayManager( 1741): adjustWindowParamsLw com.cricbuzz.android, no change cutoutMode: 0
02-03 21:18:17.727 V/WindowManager( 1741): Relayout Window{a5d1dc7 u0 com.cricbuzz.android/com.cricbuzz.android.lithium.app.view.activity.MatchCenterActivity}: viewVisibility=0, oldvis=4, req=1080x2400
02-03 21:18:17.735 V/WindowManager( 1741): Changing focus from null to Window{a5d1dc7 u0 com.cricbuzz.android/com.cricbuzz.android.lithium.app.view.activity.MatchCenterActivity},diplayid=0
02-03 21:18:17.741 V/ZoomWindowDecorView(31255): setLastReportedMergedConfiguration mZoomDisplayHeight: 2400 getDecorView.52075514
02-03 21:18:17.763 D/WindowManager( 1741): finishDrawingWindow: Window{a5d1dc7 u0 com.cricbuzz.android/com.cricbuzz.android.lithium.app.view.activity.MatchCenterActivity} mDrawState=DRAW_PENDING
02-03 21:18:17.764 D/UsageStatsService( 1741): User[0] type=0 b=1770131897763 e=1770133697763 cb=1770102026338 ce=1770133697657 disk=0 all=153
02-03 21:18:17.769 V/OplusZoomWindowManagerService( 1741): onAnimationFinished:  r = ActivityRecord{202e96e u0 com.cricbuzz.android/.lithium.app.view.activity.NyitoActivity} t1523}
02-03 21:18:17.769 V/OplusZoomWindowManagerService( 1741): onAnimationFinished:  r = ActivityRecord{1a1dc4 u0 com.cricbuzz.android/.lithium.app.view.activity.MatchCenterActivity} t1523}
02-03 21:18:17.769 I/OplusAppSwitchManagerService( 1741):  handleAppVisible , r = ActivityRecord{1a1dc4 u0 com.cricbuzz.android/.lithium.app.view.activity.MatchCenterActivity} t1523}
02-03 21:18:17.769 I/OplusAppSwitchManagerService( 1741):  handleAppVisible , r = ActivityRecord{1a1dc4 u0 com.cricbuzz.android/.lithium.app.view.activity.MatchCenterActivity} t1523}
02-03 21:18:17.771 I/Quality ( 1741): LaunchTime2.0: com.cricbuzz.android/.lithium.app.view.activity.MatchCenterActivity 2 145
02-03 21:18:17.781 I/Quality (31255): Skipped: false 2 cost 43.707268 refreshRate 16551345 bit true processName com.cricbuzz.android
02-03 21:18:17.799 D/WindowManager( 1741): finishDrawingWindow: Window{a5d1dc7 u0 com.cricbuzz.android/com.cricbuzz.android.lithium.app.view.activity.MatchCenterActivity} mDrawState=HAS_DRAWN
02-03 21:18:17.819 I/Quality (31255): Skipped: false 1 cost 32.62285 refreshRate 16551169 bit true processName com.cricbuzz.android
02-03 21:18:17.833 V/WindowManager( 1741): Relayout Window{6123fec u0 com.cricbuzz.android/com.cricbuzz.android.lithium.app.view.activity.NyitoActivity}: viewVisibility=8, oldvis=0, req=1080x2400
02-03 21:18:17.844 D/InputMethodManagerService( 1741): isSecurity: attribute.packageName=com.cricbuzz.android mCurMethodId=com.google.android.inputmethod.latin/com.android.inputmethod.latin.LatinIME
02-03 21:18:17.845 D/InputMethodManagerService( 1741): isSecurity= false (  enable=false needShow=false inBlackList=false isExist=true )
02-03 21:18:17.876 D/UsageStatsService( 1741): User[0] type=0 b=1770131897874 e=1770133697874 cb=1770102026338 ce=1770133697864 disk=0 all=154
02-03 21:18:18.013 D/OplusFullScreenDisplayManager( 1741): adjustWindowParamsLw com.cricbuzz.android, no change cutoutMode: 0
02-03 21:18:18.013 V/WindowManager( 1741): Relayout Window{a5d1dc7 u0 com.cricbuzz.android/com.cricbuzz.android.lithium.app.view.activity.MatchCenterActivity}: viewVisibility=0, oldvis=0, req=1080x2400
02-03 21:18:18.017 D/InputMethodManagerService( 1741): onHandleImeWindowVisibleStatus: vis = 0, needsToShowImeSwitcher = false
02-03 21:18:18.023 I/Quality (31255): Skipped: false 10 cost 170.16193 refreshRate 16551185 bit true processName com.cricbuzz.android
02-03 21:18:18.130 I/Quality (31255): Skipped: false 4 cost 79.01351 refreshRate 16550068 bit true processName com.cricbuzz.android
02-03 21:18:19.109 D/UsageStatsService( 1741): User[0] type=0 b=1770131899108 e=1770133699108 cb=1770102026338 ce=1770133697864 disk=0 all=154
02-03 21:18:19.537 D/PowerManagerService( 1741): userActivityNoUpdateLocked: groupId=0, eventTime=102656862, event=2, flags=0x0, uid=1000
02-03 21:18:19.584 E/TaskPersister( 1741): File error accessing recents directory (directory doesn't exist?).
02-03 21:18:19.648 D/UsageStatsService( 1741): User[0] type=0 b=1770131899647 e=1770133699647 cb=1770102026338 ce=1770133697864 disk=0 all=154
02-03 21:18:20.098 D/UsageStatsService( 1741): User[0] type=0 b=1770131900096 e=1770133700096 cb=1770102026338 ce=1770133697864 disk=0 all=154
02-03 21:18:20.211 I/Quality (31255): Skipped: false 4 cost 74.47087 refreshRate 16549380 bit true processName com.cricbuzz.android
02-03 21:18:20.830 D/PowerManagerService( 1741): userActivityNoUpdateLocked: groupId=0, eventTime=102658156, event=2, flags=0x0, uid=1000
02-03 21:18:20.931 D/PowerManagerService( 1741): userActivityNoUpdateLocked: groupId=0, eventTime=102658259, event=2, flags=0x0, uid=1000
02-03 21:18:21.033 D/PowerManagerService( 1741): userActivityNoUpdateLocked: groupId=0, eventTime=102658361, event=2, flags=0x0, uid=1000
02-03 21:18:21.150 D/PowerManagerService( 1741): userActivityNoUpdateLocked: groupId=0, eventTime=102658478, event=2, flags=0x0, uid=1000
02-03 21:18:21.463 D/UsageStatsService( 1741): User[0] type=0 b=1770131901462 e=1770133701462 cb=1770102026338 ce=1770133697864 disk=0 all=154
02-03 21:18:22.100 W/ContextImpl( 1741): Calling a method in the system process without a qualified user: android.app.ContextImpl.sendBroadcast:1205 com.android.server.job.controllers.OplusCpuController.notifyHighCpuEventForApp:386 com.android.server.job.controllers.OplusCpuController.handleCpuUpdate:332 com.android.server.job.controllers.OplusCpuController.-$$Nest$mhandleCpuUpdate:0 com.android.server.job.controllers.OplusCpuController$CpuTrackerHandler.handleMessage:256 
02-03 21:18:23.269 I/Quality (31255): Skipped: true 1 cost 20.975264 refreshRate 16550171 bit true processName com.cricbuzz.android
02-03 21:18:23.618 D/ProcessCpuTrackerExtImpl( 1741): mContext is already set, return now! 
02-03 21:18:24.417 D/PowerManagerService( 1741): userActivityNoUpdateLocked: groupId=0, eventTime=102661741, event=2, flags=0x0, uid=1000
02-03 21:18:24.539 D/PowerManagerService( 1741): userActivityNoUpdateLocked: groupId=0, eventTime=102661866, event=2, flags=0x0, uid=1000
02-03 21:18:26.532 D/PowerManagerService( 1741): userActivityNoUpdateLocked: groupId=0, eventTime=102663854, event=2, flags=0x0, uid=1000
02-03 21:18:26.730 D/UsageStatsService( 1741): User[0] type=0 b=1770131906728 e=1770133706728 cb=1770102026338 ce=1770133706674 disk=0 all=154
02-03 21:18:27.081 D/UsageStatsService( 1741): User[0] type=0 b=1770131907078 e=1770133707078 cb=1770102026338 ce=1770133706674 disk=0 all=154
02-03 21:18:27.268 I/Quality (31255): Skipped: false 7 cost 130.06935 refreshRate 16548030 bit true processName com.cricbuzz.android
02-03 21:18:27.270 D/OplusAppListInterceptManager( 1741): shouldFilterTask
02-03 21:18:27.270 D/OplusAppListInterceptManager( 1741): shouldFilterTask::packageName = com.cricbuzz.android
02-03 21:18:27.270 D/OplusAppListInterceptManager( 1741): shouldFilterTask
02-03 21:18:27.270 D/OplusAppListInterceptManager( 1741): shouldFilterTask::packageName = com.twitter.android
02-03 21:18:27.271 D/OplusAppListInterceptManager( 1741): shouldFilterTask
02-03 21:18:27.271 D/OplusAppListInterceptManager( 1741): shouldFilterTask::packageName = com.google.android.youtube
02-03 21:18:27.271 D/OplusAppListInterceptManager( 1741): shouldFilterTask
02-03 21:18:27.271 D/OplusAppListInterceptManager( 1741): shouldFilterTask::packageName = com.wholexale.app.staging
02-03 21:18:27.272 D/OplusAppListInterceptManager( 1741): shouldFilterTask
02-03 21:18:27.272 D/OplusAppListInterceptManager( 1741): shouldFilterTask::packageName = com.android.chrome
02-03 21:18:27.272 D/OplusAppListInterceptManager( 1741): shouldFilterTask
02-03 21:18:27.272 D/OplusAppListInterceptManager( 1741): shouldFilterTask::packageName = com.whatsapp
02-03 21:18:27.288 I/Quality (31255): Skipped: true 1 cost 17.582357 refreshRate 16547563 bit true processName com.cricbuzz.android
02-03 21:18:28.251 D/PowerManagerService( 1741): userActivityNoUpdateLocked: groupId=0, eventTime=102665577, event=2, flags=0x0, uid=1000
02-03 21:18:28.387 D/UsageStatsService( 1741): User[0] type=0 b=1770131908386 e=1770133708386 cb=1770102026338 ce=1770133706674 disk=0 all=154
02-03 21:18:28.490 D/UsageStatsService( 1741): User[0] type=0 b=1770131908489 e=1770133708489 cb=1770102026338 ce=1770133706674 disk=0 all=154
02-03 21:18:29.025 D/PowerManagerService( 1741): userActivityNoUpdateLocked: groupId=0, eventTime=102666351, event=2, flags=0x0, uid=1000
02-03 21:18:29.028 D/UsageStatsService( 1741): User[0] type=0 b=1770131909026 e=1770133709026 cb=1770102026338 ce=1770133706674 disk=0 all=154
02-03 21:18:29.090 I/Quality (31255): Skipped: false 1 cost 32.272495 refreshRate 16549356 bit true processName com.cricbuzz.android
02-03 21:18:29.254 D/UsageStatsService( 1741): User[0] type=0 b=1770131909252 e=1770133709252 cb=1770102026338 ce=1770133706674 disk=0 all=154
02-03 21:18:29.675 D/PowerManagerService( 1741): userActivityNoUpdateLocked: groupId=0, eventTime=102667002, event=2, flags=0x0, uid=1000
02-03 21:18:29.752 D/ProcessCpuTrackerExtImpl( 1741): mContext is already set, return now! 
02-03 21:18:29.868 I/Quality (31255): Skipped: false 3 cost 66.00014 refreshRate 16548685 bit true processName com.cricbuzz.android
02-03 21:18:30.361 D/UsageStatsService( 1741): User[0] type=0 b=1770131910360 e=1770133710360 cb=1770102026338 ce=1770133706674 disk=0 all=154
02-03 21:18:30.721 D/PowerManagerService( 1741): userActivityNoUpdateLocked: groupId=0, eventTime=102668047, event=2, flags=0x0, uid=1000
02-03 21:18:30.822 D/PowerManagerService( 1741): userActivityNoUpdateLocked: groupId=0, eventTime=102668150, event=2, flags=0x0, uid=1000
02-03 21:18:31.138 D/PowerManagerService( 1741): userActivityNoUpdateLocked: groupId=0, eventTime=102668464, event=2, flags=0x0, uid=1000
02-03 21:18:31.241 I/Quality (31255): Skipped: true 1 cost 31.608173 refreshRate 16549511 bit true processName com.cricbuzz.android
02-03 21:18:31.349 D/PowerManagerService( 1741): userActivityNoUpdateLocked: groupId=0, eventTime=102668677, event=2, flags=0x0, uid=1000
02-03 21:18:31.496 D/PowerManagerService( 1741): userActivityNoUpdateLocked: groupId=0, eventTime=102668822, event=2, flags=0x0, uid=1000
02-03 21:18:32.835 D/PowerManagerService( 1741): userActivityNoUpdateLocked: groupId=0, eventTime=102670159, event=2, flags=0x0, uid=1000
02-03 21:18:32.934 D/PowerManagerService( 1741): userActivityNoUpdateLocked: groupId=0, eventTime=102670262, event=2, flags=0x0, uid=1000
02-03 21:18:33.037 D/PowerManagerService( 1741): userActivityNoUpdateLocked: groupId=0, eventTime=102670364, event=2, flags=0x0, uid=1000
02-03 21:18:33.234 D/PowerManagerService( 1741): userActivityNoUpdateLocked: groupId=0, eventTime=102670561, event=2, flags=0x0, uid=1000
02-03 21:18:36.423 I/Quality (31255): Skipped: true 1 cost 17.214832 refreshRate 16549517 bit true processName com.cricbuzz.android
02-03 21:18:36.823 I/Quality (31255): Skipped: true 1 cost 19.588095 refreshRate 16550277 bit true processName com.cricbuzz.android
02-03 21:18:37.023 I/Quality (31255): Skipped: true 1 cost 21.403463 refreshRate 16550277 bit true processName com.cricbuzz.android
02-03 21:18:38.425 I/Quality (31255): Skipped: true 1 cost 16.747766 refreshRate 16550404 bit true processName com.cricbuzz.android
02-03 21:18:38.625 I/Quality (31255): Skipped: true 1 cost 17.856997 refreshRate 16550404 bit true processName com.cricbuzz.android
02-03 21:18:38.826 I/Quality (31255): Skipped: true 1 cost 20.780764 refreshRate 16550404 bit true processName com.cricbuzz.android
02-03 21:18:39.452 D/PowerManagerService( 1741): userActivityNoUpdateLocked: groupId=0, eventTime=102676773, event=2, flags=0x0, uid=1000
02-03 21:18:39.622 D/PowerManagerService( 1741): userActivityNoUpdateLocked: groupId=0, eventTime=102676949, event=2, flags=0x0, uid=1000
02-03 21:18:39.723 D/PowerManagerService( 1741): userActivityNoUpdateLocked: groupId=0, eventTime=102677051, event=2, flags=0x0, uid=1000
02-03 21:18:39.826 D/PowerManagerService( 1741): userActivityNoUpdateLocked: groupId=0, eventTime=102677153, event=2, flags=0x0, uid=1000
02-03 21:18:39.928 D/PowerManagerService( 1741): userActivityNoUpdateLocked: groupId=0, eventTime=102677255, event=2, flags=0x0, uid=1000
02-03 21:18:40.030 D/PowerManagerService( 1741): userActivityNoUpdateLocked: groupId=0, eventTime=102677357, event=2, flags=0x0, uid=1000
02-03 21:18:40.140 D/PowerManagerService( 1741): userActivityNoUpdateLocked: groupId=0, eventTime=102677467, event=2, flags=0x0, uid=1000
02-03 21:18:40.550 D/PowerManagerService( 1741): userActivityNoUpdateLocked: groupId=0, eventTime=102677875, event=2, flags=0x0, uid=1000
02-03 21:18:40.651 D/PowerManagerService( 1741): userActivityNoUpdateLocked: groupId=0, eventTime=102677977, event=2, flags=0x0, uid=1000
02-03 21:18:40.832 W/BatteryExternalStatsWorker( 1741): error reading Bluetooth stats: 11
02-03 21:18:41.099 D/PowerManagerService( 1741): userActivityNoUpdateLocked: groupId=0, eventTime=102678424, event=2, flags=0x0, uid=1000
02-03 21:18:41.199 D/PowerManagerService( 1741): userActivityNoUpdateLocked: groupId=0, eventTime=102678526, event=2, flags=0x0, uid=1000
02-03 21:18:42.071 D/PowerManagerService( 1741): userActivityNoUpdateLocked: groupId=0, eventTime=102679397, event=2, flags=0x0, uid=1000
02-03 21:18:42.169 I/ActivityTaskManager( 1741): START u0 {cmp=com.cricbuzz.android/.lithium.app.view.activity.PlayerProfileActivity (has extras) mCallingUid=10744} from uid 10744
02-03 21:18:42.175 D/OplusZoomWindowRUSConfigManager( 1741): isSupportZoomModeWithPolicyLocked: target = com.cricbuzz.android/.lithium.app.view.activity.PlayerProfileActivity
02-03 21:18:42.175 D/OplusZoomWindowRUSConfigManager( 1741): targetPkg = com.cricbuzz.android
02-03 21:18:42.175 I/OplusZoomWindowRUSConfigManager( 1741): target pkg is unsupport zoom window mode
02-03 21:18:42.175 V/OplusZoomWindowManagerService( 1741): unSupportZoom: true ,callingPid: 31255 ,sourceStack: Task{b16009c #1523 type=standard A=10744:com.cricbuzz.android U=0 visible=true visibleRequested=true mode=fullscreen translucent=false sz=2}
02-03 21:18:42.178 D/TaskFragmentExtImpl( 1741): add ActivityRecord{da2beb0 u0 com.cricbuzz.android/.lithium.app.view.activity.PlayerProfileActivity} t1523} to mActivityRecordSum = Counter{ com.cricbuzz.android/.lithium.app.view.activity.NyitoActivity(1) com.cricbuzz.android/.lithium.app.view.activity.PlayerProfileActivity(1) com.cricbuzz.android/.lithium.app.view.activity.MatchCenterActivity(1) }
02-03 21:18:42.180 D/ActivityTaskManager( 1741): getStartingWindowType: newTask=false, taskSwitch=false, processRunning=true, allowTaskSnapshot=true, activityCreated=false, snapshot=null, record:ActivityRecord{da2beb0 u0 com.cricbuzz.android/.lithium.app.view.activity.PlayerProfileActivity} t1523}
02-03 21:18:42.180 D/OplusZoomWindowRUSConfigManager( 1741): isSupportZoomModeWithPolicyLocked: target = com.cricbuzz.android/.lithium.app.view.activity.PlayerProfileActivity
02-03 21:18:42.180 D/OplusZoomWindowRUSConfigManager( 1741): targetPkg = com.cricbuzz.android
02-03 21:18:42.180 I/OplusZoomWindowRUSConfigManager( 1741): target pkg is unsupport zoom window mode
02-03 21:18:42.180 V/OplusZoomWindowManagerService( 1741): unSupportZoom: true ,callingPid: 31255 ,sourceStack: Task{b16009c #1523 type=standard A=10744:com.cricbuzz.android U=0 visible=true visibleRequested=true mode=fullscreen translucent=false sz=3}
02-03 21:18:42.190 I/Quality (31255): Skipped: false 1 cost 24.29946 refreshRate 16548944 bit true processName com.cricbuzz.android
02-03 21:18:42.195 W/ActivityTaskManager( 1741): Tried to set launchTime (0) < mLastActivityLaunchTime (102654970)
02-03 21:18:42.200 D/OplusDexOptimizeManager( 1741): basepath == oldPackagePath!
02-03 21:18:42.203 V/WindowManager( 1741): Changing focus from Window{a5d1dc7 u0 com.cricbuzz.android/com.cricbuzz.android.lithium.app.view.activity.MatchCenterActivity} to null,diplayid=0
02-03 21:18:42.244 E/ResourcesImplExt(31255): the AssetManager's apkAsset: ApkAssets{path=<empty> and /system/framework/framework-res.apk}
02-03 21:18:42.244 E/ResourcesImplExt(31255): the AssetManager's apkAsset: ApkAssets{path=/my_bigball/overlay/GmsConfigOverlayASI_Infrastructure/GmsConfigOverlayASI_Infrastructure.apk}
02-03 21:18:42.244 E/ResourcesImplExt(31255): the AssetManager's apkAsset: ApkAssets{path=/my_bigball/overlay/GmsConfigOverlayCommonEx/GmsConfigOverlayCommonEx.apk}
02-03 21:18:42.244 E/ResourcesImplExt(31255): the AssetManager's apkAsset: ApkAssets{path=/my_bigball/overlay/GmsConfigOverlayComms/GmsConfigOverlayComms.apk}
02-03 21:18:42.244 E/ResourcesImplExt(31255): the AssetManager's apkAsset: ApkAssets{path=/my_bigball/overlay/GmsConfigOverlayGSA/GmsConfigOverlayGSA.apk}
02-03 21:18:42.244 E/ResourcesImplExt(31255): the AssetManager's apkAsset: ApkAssets{path=/my_bigball/overlay/GmsConfigOverlayNoSafetyCenter/GmsConfigOverlayNoSafetyCenter.apk}
02-03 21:18:42.244 E/ResourcesImplExt(31255): the AssetManager's apkAsset: ApkAssets{path=/product/overlay/CaptivePortalLoginFrameworkOverlay.apk}
02-03 21:18:42.244 E/ResourcesImplExt(31255): the AssetManager's apkAsset: ApkAssets{path=/product/overlay/GoogleExtServicesConfigOverlay.apk}
02-03 21:18:42.244 E/ResourcesImplExt(31255): the AssetManager's apkAsset: ApkAssets{path=/product/overlay/GooglePermissionControllerFrameworkOverlay.apk}
02-03 21:18:42.244 E/ResourcesImplExt(31255): the AssetManager's apkAsset: ApkAssets{path=/product/overlay/ModuleMetadataGoogleOverlay.apk}
02-03 21:18:42.244 E/ResourcesImplExt(31255): the AssetManager's apkAsset: ApkAssets{path=/product/overlay/framework-res__auto_generated_rro_product.apk}
02-03 21:18:42.244 E/ResourcesImplExt(31255): the AssetManager's apkAsset: ApkAssets{path=/vendor/overlay/FrameworkResOverlay/FrameworkResOverlay.apk}
02-03 21:18:42.244 E/ResourcesImplExt(31255): the AssetManager's apkAsset: ApkAssets{path=/my_bigball/overlay/OplusGmsConfigOverlayCommon/OplusGmsConfigOverlayCommon.apk}
02-03 21:18:42.244 E/ResourcesImplExt(31255): the AssetManager's apkAsset: ApkAssets{path=/vendor/overlay/FrameworkResOverlayExt/FrameworkResOverlayExt.apk}
02-03 21:18:42.244 E/ResourcesImplExt(31255): the AssetManager's apkAsset: ApkAssets{path=/product/overlay/android_framework_res_overlay.display.product.20291.apk}
02-03 21:18:42.244 E/ResourcesImplExt(31255): the AssetManager's apkAsset: ApkAssets{path=/system_ext/overlay/framework_res_overlay_Network.apk}
02-03 21:18:42.244 E/ResourcesImplExt(31255): the AssetManager's apkAsset: ApkAssets{path=/product/overlay/aon_framework_res_overlay.display.product.apk}
02-03 21:18:42.244 E/ResourcesImplExt(31255): the AssetManager's apkAsset: ApkAssets{path=/system_ext/overlay/ConnectivityBaseOverlay.apk}
02-03 21:18:42.244 E/ResourcesImplExt(31255): the AssetManager's apkAsset: ApkAssets{path=/system_ext/overlay/OplusFrameworkBluetoothResource.apk}
02-03 21:18:42.244 E/ResourcesImplExt(31255): the AssetManager's apkAsset: ApkAssets{path=<empty> and /system/app/mediatek-res/mediatek-res.apk}
02-03 21:18:42.244 E/ResourcesImplExt(31255): the AssetManager's apkAsset: ApkAssets{path=<empty> and /system_ext/framework/oplus-framework-res.apk}
02-03 21:18:42.244 E/ResourcesImplExt(31255): the AssetManager's apkAsset: ApkAssets{path=/product/overlay/oplus_framework_res_overlay.display.product.20291.apk}
02-03 21:18:42.244 E/ResourcesImplExt(31255): the AssetManager's apkAsset: ApkAssets{path=/product/overlay/oplus_framework_res_rro_oppo.apk}
02-03 21:18:42.244 E/ResourcesImplExt(31255): the AssetManager's apkAsset: ApkAssets{path=<empty> and /data/app/~~bsQWeq5aO7fmP-72olzOuQ==/com.cricbuzz.android-qDnD6kvoNctiJiAwYNJ7zg==/base.apk}
02-03 21:18:42.244 E/ResourcesImplExt(31255): the AssetManager's apkAsset: ApkAssets{path=<empty> and /data/app/~~bsQWeq5aO7fmP-72olzOuQ==/com.cricbuzz.android-qDnD6kvoNctiJiAwYNJ7zg==/split_config.arm64_v8a.apk}
02-03 21:18:42.244 E/ResourcesImplExt(31255): the AssetManager's apkAsset: ApkAssets{path=<empty> and /data/app/~~bsQWeq5aO7fmP-72olzOuQ==/com.cricbuzz.android-qDnD6kvoNctiJiAwYNJ7zg==/split_config.xxhdpi.apk}
02-03 21:18:42.244 E/ResourcesImplExt(31255): the AssetManager's apkAsset: ApkAssets{path=<empty> and /data/app/~~ba1rnxB7ZCj64Ci9hZIlHw==/com.google.android.webview-A4r6gGqLlkNEBwWxZjPAkw==/base.apk}
02-03 21:18:42.244 E/ResourcesImplExt(31255): the AssetManager's apkAsset: ApkAssets{path=<empty> and /data/app/~~lWK0mFHGFRxE97BuM1-pjQ==/com.google.android.trichromelibrary_755905933-9Q6w9c5YqiBYkQ3cXBMsnw==/base.apk}
02-03 21:18:42.244 E/ResourcesImplExt(31255): the AssetManager's apkAsset: ApkAssets{path=<empty> and /product/overlay/NavigationBarModeGestural/NavigationBarModeGesturalOverlay.apk}
02-03 21:18:42.244 E/ResourcesImplExt(31255): the AssetManager's apkAsset: ApkAssets{path=/product/overlay/NavigationBarModeGestural/NavigationBarModeGesturalOverlay.apk}
02-03 21:18:42.244 E/ResourcesImplExt(31255): the AssetManager's apkAsset: ApkAssets{path=/data/resource-cache/com.android.systemui-neutral-rMiZ.frro}
02-03 21:18:42.244 E/ResourcesImplExt(31255): the AssetManager's apkAsset: ApkAssets{path=/data/resource-cache/com.android.systemui-accent-lSQV.frro}
02-03 21:18:42.244 E/ResourcesImplExt(31255): the AssetManager's apkAsset: ApkAssets{path=<empty> and /system/framework/framework-res.apk}
02-03 21:18:42.244 E/ResourcesImplExt(31255): the AssetManager's apkAsset: ApkAssets{path=/my_bigball/overlay/GmsConfigOverlayASI_Infrastructure/GmsConfigOverlayASI_Infrastructure.apk}
02-03 21:18:42.244 E/ResourcesImplExt(31255): the AssetManager's apkAsset: ApkAssets{path=/my_bigball/overlay/GmsConfigOverlayCommonEx/GmsConfigOverlayCommonEx.apk}
02-03 21:18:42.245 E/ResourcesImplExt(31255): the AssetManager's apkAsset: ApkAssets{path=/my_bigball/overlay/GmsConfigOverlayComms/GmsConfigOverlayComms.apk}
02-03 21:18:42.245 E/ResourcesImplExt(31255): the AssetManager's apkAsset: ApkAssets{path=/my_bigball/overlay/GmsConfigOverlayGSA/GmsConfigOverlayGSA.apk}
02-03 21:18:42.245 E/ResourcesImplExt(31255): the AssetManager's apkAsset: ApkAssets{path=/my_bigball/overlay/GmsConfigOverlayNoSafetyCenter/GmsConfigOverlayNoSafetyCenter.apk}
02-03 21:18:42.245 E/ResourcesImplExt(31255): the AssetManager's apkAsset: ApkAssets{path=/product/overlay/CaptivePortalLoginFrameworkOverlay.apk}
02-03 21:18:42.245 E/ResourcesImplExt(31255): the AssetManager's apkAsset: ApkAssets{path=/product/overlay/GoogleExtServicesConfigOverlay.apk}
02-03 21:18:42.245 E/ResourcesImplExt(31255): the AssetManager's apkAsset: ApkAssets{path=/product/overlay/GooglePermissionControllerFrameworkOverlay.apk}
02-03 21:18:42.245 E/ResourcesImplExt(31255): the AssetManager's apkAsset: ApkAssets{path=/product/overlay/ModuleMetadataGoogleOverlay.apk}
02-03 21:18:42.245 E/ResourcesImplExt(31255): the AssetManager's apkAsset: ApkAssets{path=/product/overlay/framework-res__auto_generated_rro_product.apk}
02-03 21:18:42.245 E/ResourcesImplExt(31255): the AssetManager's apkAsset: ApkAssets{path=/vendor/overlay/FrameworkResOverlay/FrameworkResOverlay.apk}
02-03 21:18:42.245 E/ResourcesImplExt(31255): the AssetManager's apkAsset: ApkAssets{path=/my_bigball/overlay/OplusGmsConfigOverlayCommon/OplusGmsConfigOverlayCommon.apk}
02-03 21:18:42.245 E/ResourcesImplExt(31255): the AssetManager's apkAsset: ApkAssets{path=/vendor/overlay/FrameworkResOverlayExt/FrameworkResOverlayExt.apk}
02-03 21:18:42.245 E/ResourcesImplExt(31255): the AssetManager's apkAsset: ApkAssets{path=/product/overlay/android_framework_res_overlay.display.product.20291.apk}
02-03 21:18:42.245 E/ResourcesImplExt(31255): the AssetManager's apkAsset: ApkAssets{path=/system_ext/overlay/framework_res_overlay_Network.apk}
02-03 21:18:42.245 E/ResourcesImplExt(31255): the AssetManager's apkAsset: ApkAssets{path=/product/overlay/aon_framework_res_overlay.display.product.apk}
02-03 21:18:42.245 E/ResourcesImplExt(31255): the AssetManager's apkAsset: ApkAssets{path=/system_ext/overlay/ConnectivityBaseOverlay.apk}
02-03 21:18:42.245 E/ResourcesImplExt(31255): the AssetManager's apkAsset: ApkAssets{path=/system_ext/overlay/OplusFrameworkBluetoothResource.apk}
02-03 21:18:42.245 E/ResourcesImplExt(31255): the AssetManager's apkAsset: ApkAssets{path=<empty> and /system/app/mediatek-res/mediatek-res.apk}
02-03 21:18:42.245 E/ResourcesImplExt(31255): the AssetManager's apkAsset: ApkAssets{path=<empty> and /system_ext/framework/oplus-framework-res.apk}
02-03 21:18:42.245 E/ResourcesImplExt(31255): the AssetManager's apkAsset: ApkAssets{path=/product/overlay/oplus_framework_res_overlay.display.product.20291.apk}
02-03 21:18:42.245 E/ResourcesImplExt(31255): the AssetManager's apkAsset: ApkAssets{path=/product/overlay/oplus_framework_res_rro_oppo.apk}
02-03 21:18:42.245 E/ResourcesImplExt(31255): the AssetManager's apkAsset: ApkAssets{path=<empty> and /data/app/~~bsQWeq5aO7fmP-72olzOuQ==/com.cricbuzz.android-qDnD6kvoNctiJiAwYNJ7zg==/base.apk}
02-03 21:18:42.245 E/ResourcesImplExt(31255): the AssetManager's apkAsset: ApkAssets{path=<empty> and /data/app/~~bsQWeq5aO7fmP-72olzOuQ==/com.cricbuzz.android-qDnD6kvoNctiJiAwYNJ7zg==/split_config.arm64_v8a.apk}
02-03 21:18:42.245 E/ResourcesImplExt(31255): the AssetManager's apkAsset: ApkAssets{path=<empty> and /data/app/~~bsQWeq5aO7fmP-72olzOuQ==/com.cricbuzz.android-qDnD6kvoNctiJiAwYNJ7zg==/split_config.xxhdpi.apk}
02-03 21:18:42.245 E/ResourcesImplExt(31255): the AssetManager's apkAsset: ApkAssets{path=<empty> and /data/app/~~ba1rnxB7ZCj64Ci9hZIlHw==/com.google.android.webview-A4r6gGqLlkNEBwWxZjPAkw==/base.apk}
02-03 21:18:42.245 E/ResourcesImplExt(31255): the AssetManager's apkAsset: ApkAssets{path=<empty> and /data/app/~~lWK0mFHGFRxE97BuM1-pjQ==/com.google.android.trichromelibrary_755905933-9Q6w9c5YqiBYkQ3cXBMsnw==/base.apk}
02-03 21:18:42.245 E/ResourcesImplExt(31255): the AssetManager's apkAsset: ApkAssets{path=<empty> and /product/overlay/NavigationBarModeGestural/NavigationBarModeGesturalOverlay.apk}
02-03 21:18:42.245 E/ResourcesImplExt(31255): the AssetManager's apkAsset: ApkAssets{path=/product/overlay/NavigationBarModeGestural/NavigationBarModeGesturalOverlay.apk}
02-03 21:18:42.245 E/ResourcesImplExt(31255): the AssetManager's apkAsset: ApkAssets{path=/data/resource-cache/com.android.systemui-neutral-rMiZ.frro}
02-03 21:18:42.245 E/ResourcesImplExt(31255): the AssetManager's apkAsset: ApkAssets{path=/data/resource-cache/com.android.systemui-accent-lSQV.frro}
02-03 21:18:42.259 D/OplusFullScreenDisplayManager( 1741): adjustWindowParamsLw com.cricbuzz.android, no change cutoutMode: 0
02-03 21:18:42.261 I/WindowManager( 1741): addWindow: New client android.os.BinderProxy@7d1f212 : window=Window{811bde3 u0 com.cricbuzz.android/com.cricbuzz.android.lithium.app.view.activity.PlayerProfileActivity}
02-03 21:18:42.262 D/CoreBackPreview( 1741): Window{811bde3 u0 com.cricbuzz.android/com.cricbuzz.android.lithium.app.view.activity.PlayerProfileActivity}: Setting back callback OnBackInvokedCallbackInfo{mCallback=android.window.IOnBackInvokedCallback$Stub$Proxy@f038699, mPriority=0}
02-03 21:18:42.264 I/Quality (31255): Skipped: false 0 cost 9.273 refreshRate 16547670 bit true processName com.cricbuzz.android
02-03 21:18:42.349 D/OplusFullScreenDisplayManager( 1741): adjustWindowParamsLw com.cricbuzz.android, no change cutoutMode: 0
02-03 21:18:42.349 V/WindowManager( 1741): Relayout Window{811bde3 u0 com.cricbuzz.android/com.cricbuzz.android.lithium.app.view.activity.PlayerProfileActivity}: viewVisibility=0, oldvis=4, req=1080x2400
02-03 21:18:42.355 V/WindowManager( 1741): Changing focus from null to Window{811bde3 u0 com.cricbuzz.android/com.cricbuzz.android.lithium.app.view.activity.PlayerProfileActivity},diplayid=0
02-03 21:18:42.363 V/ZoomWindowDecorView(31255): setLastReportedMergedConfiguration mZoomDisplayHeight: 2400 getDecorView.169731823
02-03 21:18:42.388 D/WindowManager( 1741): finishDrawingWindow: Window{811bde3 u0 com.cricbuzz.android/com.cricbuzz.android.lithium.app.view.activity.PlayerProfileActivity} mDrawState=DRAW_PENDING
02-03 21:18:42.394 D/OplusZoomWindowManagerService( 1741): adjustWindowCropForLeash start: appToken = ActivityRecord{da2beb0 u0 com.cricbuzz.android/.lithium.app.view.activity.PlayerProfileActivity} t1523}
02-03 21:18:42.394 I/Quality (31255): Skipped: false 6 cost 112.69463 refreshRate 16547037 bit true processName com.cricbuzz.android
02-03 21:18:42.397 D/OplusZoomWindowManagerService( 1741): adjustWindowCropForLeash start: appToken = ActivityRecord{1a1dc4 u0 com.cricbuzz.android/.lithium.app.view.activity.MatchCenterActivity} t1523}
02-03 21:18:42.399 I/Quality ( 1741): LaunchTime2.0: com.cricbuzz.android/.lithium.app.view.activity.PlayerProfileActivity 2 211
02-03 21:18:42.419 I/Quality (31255): Skipped: false 1 cost 22.402636 refreshRate 16547765 bit true processName com.cricbuzz.android
02-03 21:18:42.448 I/Quality (31255): Skipped: false 1 cost 18.439934 refreshRate 16548085 bit true processName com.cricbuzz.android
02-03 21:18:42.448 D/WindowManager( 1741): finishDrawingWindow: Window{811bde3 u0 com.cricbuzz.android/com.cricbuzz.android.lithium.app.view.activity.PlayerProfileActivity} mDrawState=HAS_DRAWN
02-03 21:18:42.462 D/InputMethodManagerService( 1741): isSecurity: attribute.packageName=com.cricbuzz.android mCurMethodId=com.google.android.inputmethod.latin/com.android.inputmethod.latin.LatinIME
02-03 21:18:42.462 D/InputMethodManagerService( 1741): isSecurity= false (  enable=false needShow=false inBlackList=false isExist=true )
02-03 21:18:42.466 D/CompatibilityChangeReporter( 1741): Compat change id reported: 319212206; UID 10744; state: ENABLED
02-03 21:18:42.617 V/OplusZoomWindowManagerService( 1741): onAnimationFinished:  r = ActivityRecord{1a1dc4 u0 com.cricbuzz.android/.lithium.app.view.activity.MatchCenterActivity} t1523}
02-03 21:18:42.619 V/OplusZoomWindowManagerService( 1741): onAnimationFinished:  r = ActivityRecord{da2beb0 u0 com.cricbuzz.android/.lithium.app.view.activity.PlayerProfileActivity} t1523}
02-03 21:18:42.619 I/OplusAppSwitchManagerService( 1741):  handleAppVisible , r = ActivityRecord{da2beb0 u0 com.cricbuzz.android/.lithium.app.view.activity.PlayerProfileActivity} t1523}
02-03 21:18:42.737 D/InputMethodManagerService( 1741): onHandleImeWindowVisibleStatus: vis = 0, needsToShowImeSwitcher = false
02-03 21:18:42.737 I/Quality (31255): Skipped: false 15 cost 257.2956 refreshRate 16549222 bit true processName com.cricbuzz.android
02-03 21:18:42.785 I/Quality (31255): Skipped: false 2 cost 40.73262 refreshRate 16549538 bit true processName com.cricbuzz.android
02-03 21:18:42.792 D/UsageStatsService( 1741): User[0] type=0 b=1770131922790 e=1770133722790 cb=1770102026338 ce=1770133722486 disk=0 all=153
02-03 21:18:42.810 D/UsageStatsService( 1741): User[0] type=0 b=1770131922809 e=1770133722809 cb=1770102026338 ce=1770133722486 disk=0 all=153
02-03 21:18:42.847 D/OplusFullScreenDisplayManager( 1741): adjustWindowParamsLw com.cricbuzz.android, no change cutoutMode: 0
02-03 21:18:42.848 V/WindowManager( 1741): Relayout Window{a5d1dc7 u0 com.cricbuzz.android/com.cricbuzz.android.lithium.app.view.activity.MatchCenterActivity}: viewVisibility=8, oldvis=0, req=1080x2400
02-03 21:18:42.862 I/Quality (31255): Skipped: false 4 cost 67.72398 refreshRate 16550255 bit true processName com.cricbuzz.android
02-03 21:18:43.011 D/UsageStatsService( 1741): User[0] type=0 b=1770131923011 e=1770133723011 cb=1770102026338 ce=1770133722862 disk=0 all=154
02-03 21:18:43.025 D/UsageStatsService( 1741): User[0] type=0 b=1770131923023 e=1770133723023 cb=1770102026338 ce=1770133722862 disk=0 all=154
02-03 21:18:43.536 D/PowerManagerService( 1741): userActivityNoUpdateLocked: groupId=0, eventTime=102680861, event=2, flags=0x0, uid=1000
02-03 21:18:43.636 D/PowerManagerService( 1741): userActivityNoUpdateLocked: groupId=0, eventTime=102680963, event=2, flags=0x0, uid=1000
02-03 21:18:43.673 I/Quality (31255): Skipped: true 1 cost 17.917274 refreshRate 16551215 bit true processName com.cricbuzz.android
02-03 21:18:43.862 I/Quality (31255): Skipped: true 1 cost 25.398869 refreshRate 16550142 bit true processName com.cricbuzz.android
02-03 21:18:44.016 D/UsageStatsService( 1741): User[0] type=0 b=1770131924015 e=1770133724015 cb=1770102026338 ce=1770133722862 disk=0 all=154
02-03 21:18:44.411 I/Quality (31255): Skipped: false 3 cost 61.385555 refreshRate 16545794 bit true processName com.cricbuzz.android
02-03 21:18:44.619 D/UsageStatsService( 1741): User[0] type=0 b=1770131924618 e=1770133724618 cb=1770102026338 ce=1770133722862 disk=0 all=154
02-03 21:18:45.064 D/UsageStatsService( 1741): User[0] type=0 b=1770131925062 e=1770133725062 cb=1770102026338 ce=1770133722862 disk=0 all=154
02-03 21:18:45.146 D/UsageStatsService( 1741): User[0] type=0 b=1770131925145 e=1770133725145 cb=1770102026338 ce=1770133722862 disk=0 all=154
02-03 21:18:45.184 E/TaskPersister( 1741): File error accessing recents directory (directory doesn't exist?).
02-03 21:18:45.398 I/Quality (31255): Skipped: true 1 cost 21.977509 refreshRate 16550102 bit true processName com.cricbuzz.android
02-03 21:18:46.226 D/UsageStatsService( 1741): User[0] type=0 b=1770131926224 e=1770133726224 cb=1770102026338 ce=1770133722862 disk=0 all=154
02-03 21:18:46.492 D/UsageStatsService( 1741): User[0] type=0 b=1770131926491 e=1770133726491 cb=1770102026338 ce=1770133722862 disk=0 all=154
02-03 21:18:47.215 D/UsageStatsService( 1741): User[0] type=0 b=1770131927214 e=1770133727214 cb=1770102026338 ce=1770133722862 disk=0 all=154
02-03 21:18:48.563 D/PowerManagerService( 1741): userActivityNoUpdateLocked: groupId=0, eventTime=102685880, event=2, flags=0x0, uid=1000
02-03 21:18:48.656 D/PowerManagerService( 1741): userActivityNoUpdateLocked: groupId=0, eventTime=102685983, event=2, flags=0x0, uid=1000
02-03 21:18:48.674 I/Quality (31255): Skipped: true 1 cost 20.724743 refreshRate 16551581 bit true processName com.cricbuzz.android
02-03 21:18:48.765 D/PowerManagerService( 1741): userActivityNoUpdateLocked: groupId=0, eventTime=102686093, event=2, flags=0x0, uid=1000
02-03 21:18:48.867 D/PowerManagerService( 1741): userActivityNoUpdateLocked: groupId=0, eventTime=102686195, event=2, flags=0x0, uid=1000
02-03 21:18:49.439 D/PowerManagerService( 1741): userActivityNoUpdateLocked: groupId=0, eventTime=102686765, event=2, flags=0x0, uid=1000
02-03 21:18:49.541 D/PowerManagerService( 1741): userActivityNoUpdateLocked: groupId=0, eventTime=102686868, event=2, flags=0x0, uid=1000
02-03 21:18:49.643 D/PowerManagerService( 1741): userActivityNoUpdateLocked: groupId=0, eventTime=102686971, event=2, flags=0x0, uid=1000
02-03 21:18:49.745 D/PowerManagerService( 1741): userActivityNoUpdateLocked: groupId=0, eventTime=102687073, event=2, flags=0x0, uid=1000
02-03 21:18:51.138 D/PowerManagerService( 1741): userActivityNoUpdateLocked: groupId=0, eventTime=102688463, event=2, flags=0x0, uid=1000
02-03 21:18:52.305 D/PowerManagerService( 1741): userActivityNoUpdateLocked: groupId=0, eventTime=102689632, event=2, flags=0x0, uid=1000
02-03 21:18:52.329 V/WindowManager( 1741): Relayout Window{9e06207 u0 ColorSideGestureLeft}: viewVisibility=0, oldvis=8, req=98x2666
02-03 21:18:52.350 D/WindowManager( 1741): finishDrawingWindow: Window{9e06207 u0 ColorSideGestureLeft} mDrawState=DRAW_PENDING
02-03 21:18:52.407 D/PowerManagerService( 1741): userActivityNoUpdateLocked: groupId=0, eventTime=102689735, event=2, flags=0x0, uid=1000
02-03 21:18:52.510 D/PowerManagerService( 1741): userActivityNoUpdateLocked: groupId=0, eventTime=102689837, event=2, flags=0x0, uid=1000
02-03 21:18:52.559 I/Quality (31255): Skipped: true 1 cost 16.634382 refreshRate 16551467 bit true processName com.cricbuzz.android
02-03 21:18:52.612 D/PowerManagerService( 1741): userActivityNoUpdateLocked: groupId=0, eventTime=102689939, event=2, flags=0x0, uid=1000
02-03 21:18:52.715 D/PowerManagerService( 1741): userActivityNoUpdateLocked: groupId=0, eventTime=102690042, event=2, flags=0x0, uid=1000
02-03 21:18:52.760 I/Quality (31255): Skipped: true 1 cost 19.318804 refreshRate 16549384 bit true processName com.cricbuzz.android
02-03 21:18:52.817 D/PowerManagerService( 1741): userActivityNoUpdateLocked: groupId=0, eventTime=102690144, event=2, flags=0x0, uid=1000
02-03 21:18:52.920 D/PowerManagerService( 1741): userActivityNoUpdateLocked: groupId=0, eventTime=102690247, event=2, flags=0x0, uid=1000
02-03 21:18:52.960 I/Quality (31255): Skipped: true 1 cost 20.825151 refreshRate 16548634 bit true processName com.cricbuzz.android
02-03 21:18:53.021 D/PowerManagerService( 1741): userActivityNoUpdateLocked: groupId=0, eventTime=102690349, event=2, flags=0x0, uid=1000
02-03 21:18:53.124 D/PowerManagerService( 1741): userActivityNoUpdateLocked: groupId=0, eventTime=102690451, event=2, flags=0x0, uid=1000
02-03 21:18:53.161 I/Quality (31255): Skipped: true 1 cost 22.338669 refreshRate 16552057 bit true processName com.cricbuzz.android
02-03 21:18:53.226 D/PowerManagerService( 1741): userActivityNoUpdateLocked: groupId=0, eventTime=102690554, event=2, flags=0x0, uid=1000
02-03 21:18:53.329 D/PowerManagerService( 1741): userActivityNoUpdateLocked: groupId=0, eventTime=102690656, event=2, flags=0x0, uid=1000
02-03 21:18:53.360 I/Quality (31255): Skipped: true 1 cost 23.008348 refreshRate 16548338 bit true processName com.cricbuzz.android
02-03 21:18:53.431 D/PowerManagerService( 1741): userActivityNoUpdateLocked: groupId=0, eventTime=102690759, event=2, flags=0x0, uid=1000
02-03 21:18:53.559 I/Quality (31255): Skipped: true 1 cost 23.877825 refreshRate 16551117 bit true processName com.cricbuzz.android
02-03 21:18:53.637 D/PowerManagerService( 1741): userActivityNoUpdateLocked: groupId=0, eventTime=102690964, event=2, flags=0x0, uid=1000
02-03 21:18:53.705 E/AppOps  ( 1741): attributionTag  not declared in manifest of com.oplus.exsystemservice
02-03 21:18:53.710 E/AppOps  ( 1741): attributionTag  not declared in manifest of com.oplus.exsystemservice
02-03 21:18:53.738 D/PowerManagerService( 1741): userActivityNoUpdateLocked: groupId=0, eventTime=102691066, event=2, flags=0x0, uid=1000
02-03 21:18:53.841 D/PowerManagerService( 1741): userActivityNoUpdateLocked: groupId=0, eventTime=102691168, event=2, flags=0x0, uid=1000
02-03 21:18:53.916 E/OplusCustomizeRestrictionManagerService( 1741): isBackButtonDisabled start
02-03 21:18:53.916 I/OplusJoystickManager( 1741): read game pad state for game manager -> false
02-03 21:18:53.916 W/OplusJoystickManager( 1741): mInterceptGamepadKey is false
02-03 21:18:53.917 D/PowerManagerService( 1741): userActivityNoUpdateLocked: groupId=0, eventTime=102691243, event=1, flags=0x0, uid=1000
02-03 21:18:53.917 I/OplusJoystickManager( 1741): read game pad state for game manager -> false
02-03 21:18:53.917 W/OplusJoystickManager( 1741): mInterceptGamepadKey is false
02-03 21:18:53.951 V/WindowManager( 1741): Changing focus from Window{811bde3 u0 com.cricbuzz.android/com.cricbuzz.android.lithium.app.view.activity.PlayerProfileActivity} to null,diplayid=0
02-03 21:18:53.958 D/TaskFragmentExtImpl( 1741): addColorModeOnResume resume=true pkg = com.cricbuzz.android
02-03 21:18:54.008 I/Quality (31255): Skipped: false 1 cost 22.688383 refreshRate 16548520 bit true processName com.cricbuzz.android
02-03 21:18:54.014 D/OplusFullScreenDisplayManager( 1741): adjustWindowParamsLw com.cricbuzz.android, no change cutoutMode: 0
02-03 21:18:54.014 V/WindowManager( 1741): Relayout Window{a5d1dc7 u0 com.cricbuzz.android/com.cricbuzz.android.lithium.app.view.activity.MatchCenterActivity}: viewVisibility=0, oldvis=8, req=1080x2400
02-03 21:18:54.024 V/WindowManager( 1741): Changing focus from null to Window{a5d1dc7 u0 com.cricbuzz.android/com.cricbuzz.android.lithium.app.view.activity.MatchCenterActivity},diplayid=0
02-03 21:18:54.071 D/WindowManager( 1741): finishDrawingWindow: Window{a5d1dc7 u0 com.cricbuzz.android/com.cricbuzz.android.lithium.app.view.activity.MatchCenterActivity} mDrawState=DRAW_PENDING
02-03 21:18:54.073 I/Quality (31255): Skipped: false 3 cost 57.670185 refreshRate 16547668 bit true processName com.cricbuzz.android
02-03 21:18:54.078 D/OplusZoomWindowManagerService( 1741): adjustWindowCropForLeash start: appToken = ActivityRecord{1a1dc4 u0 com.cricbuzz.android/.lithium.app.view.activity.MatchCenterActivity} t1523}
02-03 21:18:54.082 D/OplusZoomWindowManagerService( 1741): adjustWindowCropForLeash start: appToken = ActivityRecord{da2beb0 u0 com.cricbuzz.android/.lithium.app.view.activity.PlayerProfileActivity} t1523 f}}
02-03 21:18:54.117 D/UsageStatsService( 1741): User[0] type=0 b=1770131934115 e=1770133734115 cb=1770102026338 ce=1770133734005 disk=0 all=150
02-03 21:18:54.128 D/UsageStatsService( 1741): User[0] type=0 b=1770131934126 e=1770133734126 cb=1770102026338 ce=1770133734005 disk=0 all=150
02-03 21:18:54.135 V/WindowManager( 1741): Relayout Window{9e06207 u0 ColorSideGestureLeft}: viewVisibility=8, oldvis=0, req=98x2666
02-03 21:18:54.194 I/Quality (31255): Skipped: false 5 cost 96.36088 refreshRate 16545266 bit true processName com.cricbuzz.android
02-03 21:18:54.203 D/InputMethodManagerService( 1741): isSecurity: attribute.packageName=com.cricbuzz.android mCurMethodId=com.google.android.inputmethod.latin/com.android.inputmethod.latin.LatinIME
02-03 21:18:54.203 D/InputMethodManagerService( 1741): isSecurity= false (  enable=false needShow=false inBlackList=false isExist=true )
02-03 21:18:54.226 D/InputMethodManagerService( 1741): onHandleImeWindowVisibleStatus: vis = 0, needsToShowImeSwitcher = false
02-03 21:18:54.302 V/OplusZoomWindowManagerService( 1741): onAnimationFinished:  r = ActivityRecord{1a1dc4 u0 com.cricbuzz.android/.lithium.app.view.activity.MatchCenterActivity} t1523}
02-03 21:18:54.302 I/OplusAppSwitchManagerService( 1741):  handleAppVisible , r = ActivityRecord{1a1dc4 u0 com.cricbuzz.android/.lithium.app.view.activity.MatchCenterActivity} t1523}
02-03 21:18:54.304 V/OplusZoomWindowManagerService( 1741): onAnimationFinished:  r = ActivityRecord{da2beb0 u0 com.cricbuzz.android/.lithium.app.view.activity.PlayerProfileActivity} t1523 f}}
02-03 21:18:54.325 V/WindowManager( 1741): Relayout Window{811bde3 u0 com.cricbuzz.android/com.cricbuzz.android.lithium.app.view.activity.PlayerProfileActivity}: viewVisibility=8, oldvis=0, req=1080x2400
02-03 21:18:54.372 D/CoreBackPreview( 1741): Window{811bde3 u0 com.cricbuzz.android/com.cricbuzz.android.lithium.app.view.activity.PlayerProfileActivity}: Setting back callback null
02-03 21:18:54.373 V/ZoomWindowDecorView(31255): removeZoomView
02-03 21:18:54.378 I/Quality (31255): Skipped: true 2 cost 48.359875 refreshRate 16549746 bit true processName com.cricbuzz.android
02-03 21:18:54.379 D/TaskFragmentExtImpl( 1741): remove ActivityRecord{da2beb0 u0 com.cricbuzz.android/.lithium.app.view.activity.PlayerProfileActivity} t-1 f}} to mActivityRecordSum = Counter{ com.cricbuzz.android/.lithium.app.view.activity.NyitoActivity(1) com.cricbuzz.android/.lithium.app.view.activity.MatchCenterActivity(1) }
