02-03 21:27:35.234 D/VRR [OPlusExternalRefreshRateManager]( 1741):  [FRTC] FrameRate : 0 com.android.launcher false com.oplus.battery 0 1000
02-03 21:27:35.234 D/VRR [OPlusSurfaceFlingerController]( 1741):  add frtc FrameRate : 0 com.android.launcher false com.oplus.battery
02-03 21:27:35.243 D/OplusBatteryServiceFeature( 1741): setSmartCoolDown: coolDown = 3, normalCoolDown = 3, pkgName = com.wholexale.app.staging
02-03 21:27:35.252 D/OplusAppListInterceptManager( 1741): shouldFilterTask
02-03 21:27:35.253 D/OplusAppListInterceptManager( 1741): shouldFilterTask::packageName = com.wholexale.app.staging
02-03 21:27:35.253 D/OplusAppListInterceptManager( 1741): shouldFilterTask
02-03 21:27:35.253 D/OplusAppListInterceptManager( 1741): shouldFilterTask::packageName = com.company.userapp
02-03 21:27:35.298 D/OplusActivityManagerServiceEnhance( 1741): setGlThreads detect 18234 18614
02-03 21:27:35.353 D/OplusInputMethodUtil(18234): init sDebug to false, init sDebugIme to false, init sAlwaysOn to false
02-03 21:27:35.353 D/OplusInputMethodUtil(18234): updateDebugToClass InputMethodManager.DEBUG = false
02-03 21:27:35.353 D/OplusInputMethodUtil(18234): updateDebugToClass ImeFocusController.DEBUG = false
02-03 21:27:35.353 D/OplusInputMethodUtil(18234): updateDebugToClass BaseInputConnection.DEBUG = false
02-03 21:27:35.353 D/OplusInputMethodUtil(18234): updateDebugToClass ImeFocusController.sDebugIme = false
02-03 21:27:35.383 D/OplusFullScreenDisplayManager( 1741): adjustWindowParamsLw com.wholexale.app.staging, no change cutoutMode: 0
02-03 21:27:35.386 I/WindowManager( 1741): addWindow: New client android.os.BinderProxy@b519d8a : window=Window{27c4ffb u0 com.wholexale.app.staging/com.wholexale.app.MainActivity}
02-03 21:27:35.390 D/CoreBackPreview( 1741): Window{27c4ffb u0 com.wholexale.app.staging/com.wholexale.app.MainActivity}: Setting back callback OnBackInvokedCallbackInfo{mCallback=android.window.IOnBackInvokedCallback$Stub$Proxy@3cbe271, mPriority=0}
02-03 21:27:35.393 I/Quality (18234): Skipped: false 2 cost 40.688 refreshRate 16548666 bit true processName com.wholexale.app.staging
02-03 21:27:35.394 D/OplusFullScreenDisplayManager( 1741): adjustWindowParamsLw com.wholexale.app.staging, no change cutoutMode: 0
02-03 21:27:35.394 V/WindowManager( 1741): Relayout Window{27c4ffb u0 com.wholexale.app.staging/com.wholexale.app.MainActivity}: viewVisibility=0, oldvis=4, req=1080x2400
02-03 21:27:35.399 V/WindowManager( 1741): Changing focus from null to Window{27c4ffb u0 com.wholexale.app.staging/com.wholexale.app.MainActivity},diplayid=0
02-03 21:27:35.409 V/ZoomWindowDecorView(18234): setLastReportedMergedConfiguration mZoomDisplayHeight: 2400 getDecorView.127444812
02-03 21:27:35.460 D/WindowManager( 1741): finishDrawingWindow: Window{27c4ffb u0 com.wholexale.app.staging/com.wholexale.app.MainActivity} mDrawState=DRAW_PENDING
02-03 21:27:35.465 D/OplusStartingWindowManager( 1741): interceptRemoveStartingWindow: packageName=com.wholexale.app.staging, isSnapshot=false, startingSurfaceRunnable=null
02-03 21:27:35.465 D/OplusSplitScreenManagerService( 1741): notifyRemoveStartingWindow mOplusSpiltScreenDnDUI is null, just return!
02-03 21:27:35.466 I/Quality ( 1741): LaunchTime2.0: com.wholexale.app.staging/com.wholexale.app.MainActivity 1 334
02-03 21:27:35.474 V/OplusZoomWindowManagerService( 1741): onAnimationFinished:  r = ActivityRecord{c0ace5a u0 com.android.launcher/.Launcher} t6}
02-03 21:27:35.476 D/InputMethodManagerService( 1741): isSecurity: attribute.packageName=com.wholexale.app.staging mCurMethodId=com.google.android.inputmethod.latin/com.android.inputmethod.latin.LatinIME
02-03 21:27:35.476 D/InputMethodManagerService( 1741): isSecurity= false (  enable=false needShow=false inBlackList=false isExist=true )
02-03 21:27:35.476 V/OplusZoomWindowManagerService( 1741): onAnimationFinished:  r = ActivityRecord{994dc40 u0 com.wholexale.app.staging/com.wholexale.app.MainActivity} t1571}
02-03 21:27:35.476 I/OplusAppSwitchManagerService( 1741):  handleAppVisible , r = ActivityRecord{994dc40 u0 com.wholexale.app.staging/com.wholexale.app.MainActivity} t1571}
02-03 21:27:35.480 I/WindowStateExtImpl( 1741): onSurfaceShowChange show = false mPackageName = com.android.launcher parentPkgName = com.android.launcher
02-03 21:27:35.491 D/WindowManager( 1741): finishDrawingWindow: Window{27c4ffb u0 com.wholexale.app.staging/com.wholexale.app.MainActivity} mDrawState=HAS_DRAWN
02-03 21:27:35.492 D/CompatibilityChangeReporter( 1741): Compat change id reported: 214016041; UID 10853; state: ENABLED
02-03 21:27:35.492 I/iopgp   ( 2637): Iopgp: TRANSACTION_IOPGP_ON_ACTIVITY_LAUNCH_FINISHED sequence_id = 65 timestamp_nanos = 127324582378181
02-03 21:27:35.492 V/WindowManager( 1741): Relayout Window{43ad301 u0 com.android.launcher/com.android.launcher.Launcher}: viewVisibility=8, oldvis=0, req=1080x2400
02-03 21:27:35.512 V/WindowManager( 1741): Relayout Window{79e5b u0 com.android.launcher/com.android.launcher.Launcher}: viewVisibility=8, oldvis=0, req=1080x2400
02-03 21:27:35.536 D/InputMethodManagerService( 1741): onHandleImeWindowVisibleStatus: vis = 0, needsToShowImeSwitcher = false
02-03 21:27:35.716 E/OplusCustomizeRestrictionManager(18234): sInstance is null, start a new sInstance
02-03 21:27:35.728 D/OplusFullScreenDisplayManager( 1741): adjustWindowParamsLw com.wholexale.app.staging, no change cutoutMode: 0
02-03 21:27:35.729 V/WindowManager( 1741): Relayout Window{27c4ffb u0 com.wholexale.app.staging/com.wholexale.app.MainActivity}: viewVisibility=0, oldvis=0, req=1080x2400
02-03 21:27:35.730 D/CameraDelegate( 1741): handleMessage:200
02-03 21:27:35.742 D/OplusFullScreenDisplayManager( 1741): adjustWindowParamsLw com.wholexale.app.staging, no change cutoutMode: 0
02-03 21:27:35.742 V/WindowManager( 1741): Relayout Window{27c4ffb u0 com.wholexale.app.staging/com.wholexale.app.MainActivity}: viewVisibility=0, oldvis=0, req=1080x2400
02-03 21:27:35.808 D/OplusFullScreenDisplayManager( 1741): adjustWindowParamsLw com.wholexale.app.staging, no change cutoutMode: 0
02-03 21:27:35.808 V/WindowManager( 1741): Relayout Window{27c4ffb u0 com.wholexale.app.staging/com.wholexale.app.MainActivity}: viewVisibility=0, oldvis=0, req=1080x2400
02-03 21:27:35.850 I/Quality (18234): Skipped: true 1 cost 20.045424 refreshRate 16549758 bit true processName com.wholexale.app.staging
02-03 21:27:35.856 V/WindowManager( 1741): Relayout Window{869f358 u0 Splash Screen com.wholexale.app.staging}: viewVisibility=8, oldvis=0, req=1080x2400
02-03 21:27:35.864 V/ZoomWindowDecorView( 2210): removeZoomView
02-03 21:27:35.864 D/CoreBackPreview( 1741): Window{869f358 u0 Splash Screen com.wholexale.app.staging EXITING}: Setting back callback null
02-03 21:27:36.033 I/WindowStateExtImpl( 1741): onSurfaceShowChange show = false mPackageName = com.wholexale.app.staging parentPkgName = com.wholexale.app.staging
02-03 21:27:36.763 D/PowerManagerService( 1741): userActivityNoUpdateLocked: groupId=0, eventTime=103214089, event=2, flags=0x0, uid=1000
02-03 21:27:36.856 D/OplusInputMethodManagerInternal(18234): get inputMethodManager extension: com.android.internal.view.IInputMethodManager$Stub$Proxy@37c08b8
02-03 21:27:37.201 D/PowerManagerService( 1741): userActivityNoUpdateLocked: groupId=0, eventTime=103214528, event=2, flags=0x0, uid=1000
02-03 21:27:37.217 D/TrimMemoryHandler( 1741): Unable do gfx trim on fg process: ProcessRecord{92b4a9f 0:com.wholexale.app.staging/u0a853}, state=2
02-03 21:27:37.918 D/PowerManagerService( 1741): userActivityNoUpdateLocked: groupId=0, eventTime=103215244, event=2, flags=0x0, uid=1000
02-03 21:27:38.026 D/PowerManagerService( 1741): userActivityNoUpdateLocked: groupId=0, eventTime=103215353, event=2, flags=0x0, uid=1000
02-03 21:27:38.153 D/InputMethodManagerService( 1741): isSecurity: attribute.packageName=com.wholexale.app.staging mCurMethodId=com.google.android.inputmethod.latin/com.android.inputmethod.latin.LatinIME
02-03 21:27:38.153 D/InputMethodManagerService( 1741): isSecurity= false (  enable=false needShow=false inBlackList=false isExist=true )
02-03 21:27:38.208 D/InputMethodManagerService( 1741): onHandleImeWindowVisibleStatus: vis = 9, needsToShowImeSwitcher = false
02-03 21:27:38.212 D/InputMethodManagerService( 1741): onHandleImeWindowVisibleStatus: vis = 9, needsToShowImeSwitcher = false
02-03 21:27:38.215 D/OplusFullScreenDisplayManager( 1741): adjustWindowParamsLw com.google.android.inputmethod.latin, no change cutoutMode: 0
02-03 21:27:38.215 V/WindowManager( 1741): Relayout Window{96ba97a u0 InputMethod}: viewVisibility=0, oldvis=8, req=1080x2290
02-03 21:27:38.241 E/TaskPersister( 1741): File error accessing recents directory (directory doesn't exist?).
02-03 21:27:38.248 D/WindowManager( 1741): finishDrawingWindow: Window{96ba97a u0 InputMethod} mDrawState=DRAW_PENDING
02-03 21:27:38.258 D/OplusActivityManagerServiceEnhance( 1741): setGlThreads detect 18234 18647
02-03 21:27:38.267 V/WindowStateExtImpl( 1741): notifyWindowStateChange input show
02-03 21:27:38.381 D/InputMethodManagerService( 1741): onHandleImeWindowVisibleStatus: vis = 3, needsToShowImeSwitcher = false
02-03 21:27:38.861 D/PowerManagerService( 1741): userActivityNoUpdateLocked: groupId=0, eventTime=103216187, event=2, flags=0x0, uid=1000
02-03 21:27:38.979 D/OplusFullScreenDisplayManager( 1741): adjustWindowParamsLw com.wholexale.app.staging, no change cutoutMode: 0
02-03 21:27:38.979 V/WindowManager( 1741): Relayout Window{27c4ffb u0 com.wholexale.app.staging/com.wholexale.app.MainActivity}: viewVisibility=0, oldvis=0, req=1080x2400
02-03 21:27:39.028 D/PowerManagerService( 1741): userActivityNoUpdateLocked: groupId=0, eventTime=103216354, event=2, flags=0x0, uid=1000
02-03 21:27:39.161 D/OplusFullScreenDisplayManager( 1741): adjustWindowParamsLw com.wholexale.app.staging, no change cutoutMode: 0
02-03 21:27:39.161 V/WindowManager( 1741): Relayout Window{27c4ffb u0 com.wholexale.app.staging/com.wholexale.app.MainActivity}: viewVisibility=0, oldvis=0, req=1080x2400
02-03 21:27:39.196 D/PowerManagerService( 1741): userActivityNoUpdateLocked: groupId=0, eventTime=103216523, event=2, flags=0x0, uid=1000
02-03 21:27:39.326 D/OplusFullScreenDisplayManager( 1741): adjustWindowParamsLw com.wholexale.app.staging, no change cutoutMode: 0
02-03 21:27:39.326 V/WindowManager( 1741): Relayout Window{27c4ffb u0 com.wholexale.app.staging/com.wholexale.app.MainActivity}: viewVisibility=0, oldvis=0, req=1080x2400
02-03 21:27:39.371 D/PowerManagerService( 1741): userActivityNoUpdateLocked: groupId=0, eventTime=103216698, event=2, flags=0x0, uid=1000
02-03 21:27:39.491 D/OplusFullScreenDisplayManager( 1741): adjustWindowParamsLw com.wholexale.app.staging, no change cutoutMode: 0
02-03 21:27:39.491 V/WindowManager( 1741): Relayout Window{27c4ffb u0 com.wholexale.app.staging/com.wholexale.app.MainActivity}: viewVisibility=0, oldvis=0, req=1080x2400
02-03 21:27:39.753 D/PowerManagerService( 1741): userActivityNoUpdateLocked: groupId=0, eventTime=103217078, event=2, flags=0x0, uid=1000
02-03 21:27:39.856 D/OplusFullScreenDisplayManager( 1741): adjustWindowParamsLw com.wholexale.app.staging, no change cutoutMode: 0
02-03 21:27:39.856 V/WindowManager( 1741): Relayout Window{27c4ffb u0 com.wholexale.app.staging/com.wholexale.app.MainActivity}: viewVisibility=0, oldvis=0, req=1080x2400
02-03 21:27:39.992 D/OplusAppListInterceptManager( 1741): shouldFilterTask
02-03 21:27:39.992 D/OplusAppListInterceptManager( 1741): shouldFilterTask::packageName = com.wholexale.app.staging
02-03 21:27:39.992 D/OplusAppListInterceptManager( 1741): shouldFilterTask
02-03 21:27:39.992 D/OplusAppListInterceptManager( 1741): shouldFilterTask::packageName = com.company.userapp
02-03 21:27:39.992 D/OplusAppListInterceptManager( 1741): shouldFilterTask
02-03 21:27:39.992 D/OplusAppListInterceptManager( 1741): shouldFilterTask::packageName = com.twitter.android
02-03 21:27:39.992 D/OplusAppListInterceptManager( 1741): shouldFilterTask
02-03 21:27:39.992 D/OplusAppListInterceptManager( 1741): shouldFilterTask::packageName = com.cricbuzz.android
02-03 21:27:39.993 D/OplusAppListInterceptManager( 1741): shouldFilterTask
02-03 21:27:39.993 D/OplusAppListInterceptManager( 1741): shouldFilterTask::packageName = com.google.android.youtube
02-03 21:27:39.993 D/OplusAppListInterceptManager( 1741): shouldFilterTask
02-03 21:27:39.993 D/OplusAppListInterceptManager( 1741): shouldFilterTask::packageName = com.android.chrome
02-03 21:27:40.097 D/PowerManagerService( 1741): userActivityNoUpdateLocked: groupId=0, eventTime=103217422, event=2, flags=0x0, uid=1000
02-03 21:27:40.187 D/InputMethodManagerService( 1741): isSecurity: attribute.packageName=com.wholexale.app.staging mCurMethodId=com.google.android.inputmethod.latin/com.android.inputmethod.latin.LatinIME
02-03 21:27:40.187 D/InputMethodManagerService( 1741): isSecurity= false (  enable=false needShow=true inBlackList=false isExist=true )
02-03 21:27:40.246 D/InputMethodManagerService( 1741): onHandleImeWindowVisibleStatus: vis = 3, needsToShowImeSwitcher = false
02-03 21:27:40.249 D/InputMethodManagerService( 1741): onHandleImeWindowVisibleStatus: vis = 3, needsToShowImeSwitcher = false
02-03 21:27:40.255 D/OplusFullScreenDisplayManager( 1741): adjustWindowParamsLw com.google.android.inputmethod.latin, no change cutoutMode: 0
02-03 21:27:40.255 V/WindowManager( 1741): Relayout Window{96ba97a u0 InputMethod}: viewVisibility=0, oldvis=0, req=1080x2290
02-03 21:27:40.615 D/PowerManagerService( 1741): userActivityNoUpdateLocked: groupId=0, eventTime=103217940, event=2, flags=0x0, uid=1000
02-03 21:27:40.994 D/PowerManagerService( 1741): userActivityNoUpdateLocked: groupId=0, eventTime=103218320, event=2, flags=0x0, uid=1000
02-03 21:27:41.129 D/OplusFullScreenDisplayManager( 1741): adjustWindowParamsLw com.wholexale.app.staging, no change cutoutMode: 0
02-03 21:27:41.129 V/WindowManager( 1741): Relayout Window{27c4ffb u0 com.wholexale.app.staging/com.wholexale.app.MainActivity}: viewVisibility=0, oldvis=0, req=1080x2400
02-03 21:27:41.139 D/PowerManagerService( 1741): userActivityNoUpdateLocked: groupId=0, eventTime=103218466, event=2, flags=0x0, uid=1000
02-03 21:27:41.261 D/OplusFullScreenDisplayManager( 1741): adjustWindowParamsLw com.wholexale.app.staging, no change cutoutMode: 0
02-03 21:27:41.261 V/WindowManager( 1741): Relayout Window{27c4ffb u0 com.wholexale.app.staging/com.wholexale.app.MainActivity}: viewVisibility=0, oldvis=0, req=1080x2400
02-03 21:27:41.483 D/PowerManagerService( 1741): userActivityNoUpdateLocked: groupId=0, eventTime=103218809, event=2, flags=0x0, uid=1000
02-03 21:27:41.609 D/OplusFullScreenDisplayManager( 1741): adjustWindowParamsLw com.wholexale.app.staging, no change cutoutMode: 0
02-03 21:27:41.609 V/WindowManager( 1741): Relayout Window{27c4ffb u0 com.wholexale.app.staging/com.wholexale.app.MainActivity}: viewVisibility=0, oldvis=0, req=1080x2400
02-03 21:27:41.650 D/PowerManagerService( 1741): userActivityNoUpdateLocked: groupId=0, eventTime=103218977, event=2, flags=0x0, uid=1000
02-03 21:27:41.757 D/OplusFullScreenDisplayManager( 1741): adjustWindowParamsLw com.wholexale.app.staging, no change cutoutMode: 0
02-03 21:27:41.758 V/WindowManager( 1741): Relayout Window{27c4ffb u0 com.wholexale.app.staging/com.wholexale.app.MainActivity}: viewVisibility=0, oldvis=0, req=1080x2400
02-03 21:27:42.024 D/PowerManagerService( 1741): userActivityNoUpdateLocked: groupId=0, eventTime=103219350, event=2, flags=0x0, uid=1000
02-03 21:27:42.122 D/OplusFullScreenDisplayManager( 1741): adjustWindowParamsLw com.wholexale.app.staging, no change cutoutMode: 0
02-03 21:27:42.122 V/WindowManager( 1741): Relayout Window{27c4ffb u0 com.wholexale.app.staging/com.wholexale.app.MainActivity}: viewVisibility=0, oldvis=0, req=1080x2400
02-03 21:27:42.317 D/PowerManagerService( 1741): userActivityNoUpdateLocked: groupId=0, eventTime=103219642, event=2, flags=0x0, uid=1000
02-03 21:27:42.436 D/OplusFullScreenDisplayManager( 1741): adjustWindowParamsLw com.wholexale.app.staging, no change cutoutMode: 0
02-03 21:27:42.436 V/WindowManager( 1741): Relayout Window{27c4ffb u0 com.wholexale.app.staging/com.wholexale.app.MainActivity}: viewVisibility=0, oldvis=0, req=1080x2400
02-03 21:27:42.659 D/PowerManagerService( 1741): userActivityNoUpdateLocked: groupId=0, eventTime=103219985, event=2, flags=0x0, uid=1000
02-03 21:27:42.817 D/OplusFullScreenDisplayManager( 1741): adjustWindowParamsLw com.wholexale.app.staging, no change cutoutMode: 0
02-03 21:27:42.817 V/WindowManager( 1741): Relayout Window{27c4ffb u0 com.wholexale.app.staging/com.wholexale.app.MainActivity}: viewVisibility=0, oldvis=0, req=1080x2400
02-03 21:27:42.886 D/PowerManagerService( 1741): userActivityNoUpdateLocked: groupId=0, eventTime=103220212, event=2, flags=0x0, uid=1000
02-03 21:27:43.015 D/OplusFullScreenDisplayManager( 1741): adjustWindowParamsLw com.wholexale.app.staging, no change cutoutMode: 0
02-03 21:27:43.016 V/WindowManager( 1741): Relayout Window{27c4ffb u0 com.wholexale.app.staging/com.wholexale.app.MainActivity}: viewVisibility=0, oldvis=0, req=1080x2400
02-03 21:27:43.164 D/PowerManagerService( 1741): userActivityNoUpdateLocked: groupId=0, eventTime=103220489, event=2, flags=0x0, uid=1000
02-03 21:27:43.297 D/OplusFullScreenDisplayManager( 1741): adjustWindowParamsLw com.wholexale.app.staging, no change cutoutMode: 0
02-03 21:27:43.297 V/WindowManager( 1741): Relayout Window{27c4ffb u0 com.wholexale.app.staging/com.wholexale.app.MainActivity}: viewVisibility=0, oldvis=0, req=1080x2400
02-03 21:27:43.537 D/PowerManagerService( 1741): userActivityNoUpdateLocked: groupId=0, eventTime=103220862, event=2, flags=0x0, uid=1000
02-03 21:27:43.677 D/OplusFullScreenDisplayManager( 1741): adjustWindowParamsLw com.wholexale.app.staging, no change cutoutMode: 0
02-03 21:27:43.677 V/WindowManager( 1741): Relayout Window{27c4ffb u0 com.wholexale.app.staging/com.wholexale.app.MainActivity}: viewVisibility=0, oldvis=0, req=1080x2400
02-03 21:27:43.733 D/PowerManagerService( 1741): userActivityNoUpdateLocked: groupId=0, eventTime=103221059, event=2, flags=0x0, uid=1000
02-03 21:27:43.843 D/OplusFullScreenDisplayManager( 1741): adjustWindowParamsLw com.wholexale.app.staging, no change cutoutMode: 0
02-03 21:27:43.843 V/WindowManager( 1741): Relayout Window{27c4ffb u0 com.wholexale.app.staging/com.wholexale.app.MainActivity}: viewVisibility=0, oldvis=0, req=1080x2400
02-03 21:27:44.069 D/PowerManagerService( 1741): userActivityNoUpdateLocked: groupId=0, eventTime=103221395, event=2, flags=0x0, uid=1000
02-03 21:27:44.124 V/WindowManager( 1741): Relayout Window{cffdaf7 u0 ColorSideGestureRight}: viewVisibility=0, oldvis=8, req=98x2666
02-03 21:27:44.145 D/WindowManager( 1741): finishDrawingWindow: Window{cffdaf7 u0 ColorSideGestureRight} mDrawState=DRAW_PENDING
02-03 21:27:44.170 D/PowerManagerService( 1741): userActivityNoUpdateLocked: groupId=0, eventTime=103221498, event=2, flags=0x0, uid=1000
02-03 21:27:44.191 E/OplusCustomizeRestrictionManagerService( 1741): isBackButtonDisabled start
02-03 21:27:44.191 I/OplusJoystickManager( 1741): read game pad state for game manager -> false
02-03 21:27:44.191 W/OplusJoystickManager( 1741): mInterceptGamepadKey is false
02-03 21:27:44.192 D/PowerManagerService( 1741): userActivityNoUpdateLocked: groupId=0, eventTime=103221519, event=1, flags=0x0, uid=1000
02-03 21:27:44.192 I/OplusJoystickManager( 1741): read game pad state for game manager -> false
02-03 21:27:44.192 W/OplusJoystickManager( 1741): mInterceptGamepadKey is false
02-03 21:27:44.205 D/InputMethodManagerService( 1741): onHandleImeWindowVisibleStatus: vis = 0, needsToShowImeSwitcher = false
02-03 21:27:44.221 V/WindowStateExtImpl( 1741): notifyWindowStateChange input show
02-03 21:27:44.222 D/OplusFullScreenDisplayManager( 1741): adjustWindowParamsLw com.google.android.inputmethod.latin, no change cutoutMode: 0
02-03 21:27:44.222 V/WindowManager( 1741): Relayout Window{96ba97a u0 InputMethod}: viewVisibility=0, oldvis=0, req=1080x2290
02-03 21:27:44.248 D/WindowManager( 1741): finishDrawingWindow: Window{96ba97a u0 InputMethod} mDrawState=HAS_DRAWN
02-03 21:27:44.307 D/InputMethodManagerService( 1741): onHandleImeWindowVisibleStatus: vis = 0, needsToShowImeSwitcher = false
02-03 21:27:44.409 V/WindowManager( 1741): Relayout Window{cffdaf7 u0 ColorSideGestureRight}: viewVisibility=8, oldvis=0, req=98x2666
02-03 21:27:44.679 D/PowerManagerService( 1741): userActivityNoUpdateLocked: groupId=0, eventTime=103222004, event=2, flags=0x0, uid=1000
02-03 21:27:44.957 V/WindowManager( 1741): Relayout Window{96ba97a u0 InputMethod}: viewVisibility=8, oldvis=0, req=1080x2290
02-03 21:27:44.989 D/OplusFullScreenDisplayManager( 1741): adjustWindowParamsLw com.wholexale.app.staging, no change cutoutMode: 0
02-03 21:27:44.989 V/WindowManager( 1741): Relayout Window{27c4ffb u0 com.wholexale.app.staging/com.wholexale.app.MainActivity}: viewVisibility=0, oldvis=0, req=1080x2400
02-03 21:27:45.191 D/OplusFullScreenDisplayManager( 1741): adjustWindowParamsLw com.wholexale.app.staging, no change cutoutMode: 0
02-03 21:27:45.191 V/WindowManager( 1741): Relayout Window{27c4ffb u0 com.wholexale.app.staging/com.wholexale.app.MainActivity}: viewVisibility=0, oldvis=0, req=1080x2400
02-03 21:27:45.340 I/Quality (18234): Skipped: true 5 cost 92.89291 refreshRate 16550950 bit true processName com.wholexale.app.staging
02-03 21:27:45.375 I/Quality (18234): Skipped: true 1 cost 27.904709 refreshRate 16550007 bit true processName com.wholexale.app.staging
02-03 21:27:46.289 I/Quality (31255): SlowBinder: com.cricbuzz.android to android.app.IUiModeManager cost= 2246 code= 4
02-03 21:27:46.433 D/PowerManagerService( 1741): userActivityNoUpdateLocked: groupId=0, eventTime=103223758, event=2, flags=0x0, uid=1000
02-03 21:27:46.605 E/AndroidRuntime(18234): FATAL EXCEPTION: mqt_native_modules
02-03 21:27:46.605 E/AndroidRuntime(18234): Process: com.wholexale.app.staging, PID: 18234
02-03 21:27:46.605 E/AndroidRuntime(18234): com.facebook.react.common.JavascriptException: TypeError: Cannot read property 'numColumns' of undefined
02-03 21:27:46.605 E/AndroidRuntime(18234): 
02-03 21:27:46.605 E/AndroidRuntime(18234): This error is located at:
02-03 21:27:46.605 E/AndroidRuntime(18234):     in FlatList
02-03 21:27:46.605 E/AndroidRuntime(18234):     in RCTView
02-03 21:27:46.605 E/AndroidRuntime(18234):     in Unknown
02-03 21:27:46.605 E/AndroidRuntime(18234):     in RCTView
02-03 21:27:46.605 E/AndroidRuntime(18234):     in Unknown
02-03 21:27:46.605 E/AndroidRuntime(18234):     in CartScreen
02-03 21:27:46.605 E/AndroidRuntime(18234):     in StaticContainer
02-03 21:27:46.605 E/AndroidRuntime(18234):     in EnsureSingleNavigator
02-03 21:27:46.605 E/AndroidRuntime(18234):     in SceneView
02-03 21:27:46.605 E/AndroidRuntime(18234):     in RCTView
02-03 21:27:46.605 E/AndroidRuntime(18234):     in Unknown
02-03 21:27:46.605 E/AndroidRuntime(18234):     in RCTView
02-03 21:27:46.605 E/AndroidRuntime(18234):     in Unknown
02-03 21:27:46.605 E/AndroidRuntime(18234):     in Background
02-03 21:27:46.605 E/AndroidRuntime(18234):     in Screen
02-03 21:27:46.605 E/AndroidRuntime(18234):     in RNSScreen
02-03 21:27:46.605 E/AndroidRuntime(18234):     in Unknown
02-03 21:27:46.605 E/AndroidRuntime(18234):     in Suspender
02-03 21:27:46.605 E/AndroidRuntime(18234):     in Suspense
02-03 21:27:46.605 E/AndroidRuntime(18234):     in Freeze
02-03 21:27:46.605 E/AndroidRuntime(18234):     in DelayedFreeze
02-03 21:27:46.605 E/AndroidRuntime(18234):     in InnerScreen
02-03 21:27:46.605 E/AndroidRuntime(18234):     in Screen
02-03 21:27:46.605 E/AndroidRuntime(18234):     in MaybeScreen
02-03 21:27:46.605 E/AndroidRuntime(18234):     in RNSScreenContainer
02-03 21:27:46.605 E/AndroidRuntime(18234):     in ScreenContainer
02-03 21:27:46.605 E/AndroidRuntime(18234):     in MaybeScreenContainer
02-03 21:27:46.605 E/AndroidRuntime(18234):     in RCTView
02-03 21:27:46.605 E/AndroidRuntime(18234):     in Unknown
02-03 21:27:46.605 E/AndroidRuntime(18234):     in SafeAreaProviderCompat
02-03 21:27:46.605 E/AndroidRuntime(18234):     in BottomTabView
02-03 21:27:46.605 E/AndroidRuntime(18234):     in PreventRemoveProvider
02-03 21:27:46.605 E/AndroidRuntime(18234):     in NavigationContent
02-03 21:27:46.605 E/AndroidRuntime(18234):     in Unknown
02-03 21:27:46.605 E/AndroidRuntime(18234):     in BottomTabNavigator
02-03 21:27:46.605 E/AndroidRuntime(18234):     in RCTView
02-03 21:27:46.605 E/AndroidRuntime(18234):     in Unknown
02-03 21:27:46.605 E/AndroidRuntime(18234):     in BuyerTabNavigator
02-03 21:27:46.605 E/AndroidRuntime(18234):     in StaticContainer
02-03 21:27:46.605 E/AndroidRuntime(18234):     in EnsureSingleNavigator
02-03 21:27:46.605 E/AndroidRuntime(18234):     in SceneView
02-03 21:27:46.605 E/AndroidRuntime(18234):     in RCTView
02-03 21:27:46.605 E/AndroidRuntime(18234):     in Unknown
02-03 21:27:46.605 E/AndroidRuntime(18234):     in RCTView
02-03 21:27:46.605 E/AndroidRuntime(18234):     in Unknown
02-03 21:27:46.605 E/AndroidRuntime(18234):     in RCTView
02-03 21:27:46.605 E/AndroidRuntime(18234):     in Unknown
02-03 21:27:46.605 E/AndroidRuntime(18234):     in CardSheet
02-03 21:27:46.605 E/AndroidRuntime(18234):     in RCTView
02-03 21:27:46.605 E/AndroidRuntime(18234):     in Unknown
02-03 21:27:46.605 E/AndroidRuntime(18234):     in Unknown
02-03 21:27:46.605 E/AndroidRuntime(18234):     in PanGestureHandler
02-03 21:27:46.605 E/AndroidRuntime(18234):     in PanGestureHandler
02-03 21:27:46.605 E/AndroidRuntime(18234):     in RCTView
02-03 21:27:46.605 E/AndroidRuntime(18234):     in Unknown
02-03 21:27:46.605 E/AndroidRuntime(18234):     in Unknown
02-03 21:27:46.605 E/AndroidRuntime(18234):     in RCTView
02-03 21:27:46.605 E/AndroidRuntime(18234):     in Unknown
02-03 21:27:46.605 E/AndroidRuntime(18234):     in Card
02-03 21:27:46.605 E/AndroidRuntime(18234):     in CardContainer
02-03 21:27:46.605 E/AndroidRuntime(18234):     in RNSScreen
02-03 21:27:46.605 E/AndroidRuntime(18234):     in Unknown
02-03 21:27:46.605 E/AndroidRuntime(18234):     in Suspender
02-03 21:27:46.605 E/AndroidRuntime(18234):     in Suspense
02-03 21:27:46.605 E/AndroidRuntime(18234):     in Freeze
02-03 21:27:46.605 E/AndroidRuntime(18234):     in DelayedFreeze
02-03 21:27:46.605 E/AndroidRuntime(18234):     in InnerScreen
02-03 21:27:46.605 E/AndroidRuntime(18234):     in Screen
02-03 21:27:46.605 E/AndroidRuntime(18234):     in MaybeScreen
02-03 21:27:46.605 E/AndroidRuntime(18234):     in RNSScreenContainer
02-03 21:27:46.605 E/AndroidRuntime(18234):     in ScreenContainer
02-03 21:27:46.605 E/AndroidRuntime(18234):     in MaybeScreenContainer
02-03 21:27:46.605 E/AndroidRuntime(18234):     in RCTView
02-03 21:27:46.605 E/AndroidRuntime(18234):     in Unknown
02-03 21:27:46.605 E/AndroidRuntime(18234):     in Background
02-03 21:27:46.605 E/AndroidRuntime(18234):     in CardStack
02-03 21:27:46.605 E/AndroidRuntime(18234):     in RNCSafeAreaProvider
02-03 21:27:46.605 E/AndroidRuntime(18234):     in SafeAreaProvider
02-03 21:27:46.605 E/AndroidRuntime(18234):     in SafeAreaProviderCompat
02-03 21:27:46.605 E/AndroidRuntime(18234):     in RNGestureHandlerRootView
02-03 21:27:46.605 E/AndroidRuntime(18234):     in GestureHandlerRootView
02-03 21:27:46.605 E/AndroidRuntime(18234):     in StackView
02-03 21:27:46.605 E/AndroidRuntime(18234):     in PreventRemoveProvider
02-03 21:27:46.605 E/AndroidRuntime(18234):     in NavigationContent
02-03 21:27:46.605 E/AndroidRuntime(18234):     in Unknown
02-03 21:27:46.605 E/AndroidRuntime(18234):     in StackNavigator
02-03 21:27:46.605 E/AndroidRuntime(18234):     in EnsureSingleNavigator
02-03 21:27:46.605 E/AndroidRuntime(18234):     in BaseNavigationContainer
02-03 21:27:46.605 E/AndroidRuntime(18234):     in ThemeProvider
02-03 21:27:46.605 E/AndroidRuntime(18234):     in NavigationContainerInner
02-03 21:27:46.605 E/AndroidRuntime(18234):     in AppInner
02-03 21:27:46.605 E/AndroidRuntime(18234):     in AppProvider
02-03 21:27:46.605 E/AndroidRuntime(18234):     in AIProvider
02-03 21:27:46.605 E/AndroidRuntime(18234):     in LocalizationProvider
02-03 21:27:46.605 E/AndroidRuntime(18234):     in PersistGate
02-03 21:27:46.605 E/AndroidRuntime(18234):     in Provider
02-03 21:27:46.605 E/AndroidRuntime(18234):     in ReduxProvider
02-03 21:27:46.605 E/AndroidRuntime(18234):     in App
02-03 21:27:46.605 E/AndroidRuntime(18234):     in RCTView
02-03 21:27:46.605 E/AndroidRuntime(18234):     in Unknown
02-03 21:27:46.605 E/AndroidRuntime(18234):     in RCTView
02-03 21:27:46.605 E/AndroidRuntime(18234):     in Unknown
02-03 21:27:46.605 E/AndroidRuntime(18234):     in AppContainer, js engine: hermes, stack:
02-03 21:27:46.605 E/AndroidRuntime(18234): _checkProps@1:451067
02-03 21:27:46.605 E/AndroidRuntime(18234): patchedCheckProps@1:38464
02-03 21:27:46.605 E/AndroidRuntime(18234): FlatList@1:449367
02-03 21:27:46.605 E/AndroidRuntime(18234): constructClassInstance@1:299422
02-03 21:27:46.605 E/AndroidRuntime(18234): updateClassComponent@1:314053
02-03 21:27:46.605 E/AndroidRuntime(18234): beginWork$1@1:347407
02-03 21:27:46.605 E/AndroidRuntime(18234): performUnitOfWork@1:334226
02-03 21:27:46.605 E/AndroidRuntime(18234): workLoopSync@1:334088
02-03 21:27:46.605 E/AndroidRuntime(18234): renderRootSync@1:333972
02-03 21:27:46.605 E/AndroidRuntime(18234): performSyncWorkOnRoot@1:331395
02-03 21:27:46.605 E/AndroidRuntime(18234): flushSyncCallbacks@1:295776
02-03 21:27:46.605 E/AndroidRuntime(18234): batchedUpdatesImpl@1:348201
02-03 21:27:46.605 E/AndroidRuntime(18234): batchedUpdates@1:288577
02-03 21:27:46.605 E/AndroidRuntime(18234): _receiveRootNodeIDEvent@1:288850
02-03 21:27:46.605 E/AndroidRuntime(18234): receiveTouches@1:342912
02-03 21:27:46.605 E/AndroidRuntime(18234): __callFunction@1:58648
02-03 21:27:46.605 E/AndroidRuntime(18234): anonymous@1:57000
02-03 21:27:46.605 E/AndroidRuntime(18234): __guard@1:57954
02-03 21:27:46.605 E/AndroidRuntime(18234): callFunctionReturnFlushedQueue@1:56958
02-03 21:27:46.605 E/AndroidRuntime(18234): 
02-03 21:27:46.605 E/AndroidRuntime(18234): 	at com.facebook.react.modules.core.ExceptionsManagerModule.reportException(ExceptionsManagerModule.java:65)
02-03 21:27:46.605 E/AndroidRuntime(18234): 	at java.lang.reflect.Method.invoke(Native Method)
02-03 21:27:46.605 E/AndroidRuntime(18234): 	at com.facebook.react.bridge.JavaMethodWrapper.invoke(JavaMethodWrapper.java:372)
02-03 21:27:46.605 E/AndroidRuntime(18234): 	at com.facebook.react.bridge.JavaModuleWrapper.invoke(JavaModuleWrapper.java:188)
02-03 21:27:46.605 E/AndroidRuntime(18234): 	at com.facebook.jni.NativeRunnable.run(Native Method)
02-03 21:27:46.605 E/AndroidRuntime(18234): 	at android.os.Handler.handleCallback(Handler.java:942)
02-03 21:27:46.605 E/AndroidRuntime(18234): 	at android.os.Handler.dispatchMessage(Handler.java:99)
02-03 21:27:46.605 E/AndroidRuntime(18234): 	at com.facebook.react.bridge.queue.MessageQueueThreadHandler.dispatchMessage(MessageQueueThreadHandler.java:27)
02-03 21:27:46.605 E/AndroidRuntime(18234): 	at android.os.Looper.loopOnce(Looper.java:240)
02-03 21:27:46.605 E/AndroidRuntime(18234): 	at android.os.Looper.loop(Looper.java:351)
02-03 21:27:46.605 E/AndroidRuntime(18234): 	at com.facebook.react.bridge.queue.MessageQueueThreadImpl$4.run(MessageQueueThreadImpl.java:228)
02-03 21:27:46.605 E/AndroidRuntime(18234): 	at java.lang.Thread.run(Thread.java:1563)
02-03 21:27:46.609 W/OplusEapManager handleErrorInfo sendEvent: ( 1741): com.wholexale.app.staging Crashed
02-03 21:27:46.612 I/DropBoxManagerService( 1741): add tag=data_app_crash isTagEnabled=true flags=0x2
02-03 21:27:46.616 W/OplusSelfProtectManager( 1741): pkg[com.oplus.crashbox] not in policy list
02-03 21:27:46.616 W/ActivityTaskManager( 1741):   Force finishing activity com.wholexale.app.staging/com.wholexale.app.MainActivity
02-03 21:27:46.617 D/DropBoxManagerService( 1741): file :: /data/system/dropbox/data_app_crash@1770134266613.txt
02-03 21:27:46.618 D/ActivityTaskManager( 1741): onWindowFocusChanged Task{1b1fe44 #6 type=home I=com.android.launcher/.Launcher U=0 rootTaskId=1 visible=true visibleRequested=false mode=fullscreen translucent=true sz=1} would transfer to compact
02-03 21:27:46.618 V/WindowManager( 1741): Changing focus from Window{27c4ffb u0 com.wholexale.app.staging/com.wholexale.app.MainActivity} to null,diplayid=0
02-03 21:27:46.619 V/OplusZoomWindowManagerService( 1741): prepareZoomTransition: curStack=Task{ee8ecbe #1571 type=standard A=10853:com.wholexale.app.staging U=0 visible=false visibleRequested=true mode=fullscreen translucent=true sz=1}   nextStackTask{dbb2faa #1 type=home ?? U=0 visible=true visibleRequested=false mode=fullscreen translucent=true sz=1}
02-03 21:27:46.635 W/BroadcastQueue( 1741): Background execution not allowed: receiving Intent { act=android.intent.action.DROPBOX_ENTRY_ADDED flg=0x10 (has extras) } to com.google.android.gms/.stats.service.DropBoxEntryAddedReceiver
02-03 21:27:46.635 W/BroadcastQueue( 1741): Background execution not allowed: receiving Intent { act=android.intent.action.DROPBOX_ENTRY_ADDED flg=0x10 (has extras) } to com.google.android.gms/.stats.service.DropBoxEntryAddedReceiver
02-03 21:27:46.639 I/OplusJoystickManager( 1741): handleApplicationSwitch deprecated!
02-03 21:27:46.640 D/OplusAppSwitchListener( 1741): Detect com.wholexale.app.staging switch to background
02-03 21:27:46.641 E/OplusThermalStats( 1741): Error getting package info: com.android.launcher
02-03 21:27:46.645 D/OplusEapManager( 1741): mTargetExitName :com.wholexale.app.staging
02-03 21:27:46.645 D/VRR [OPlusFrontAppManager]( 1741): OnAppSwitchObserver: onAppExit , info.targetName = com.wholexale.app.staging
02-03 21:27:46.645 D/VRR [OPlusFrontAppManager]( 1741): packageName: null
02-03 21:27:46.646 D/VRR [OPlusRefreshRateService]( 1741): handleFrontAppChange pkgName: null
02-03 21:27:46.646 D/VRR [OPlusExternalRefreshRateManager]( 1741): setFrontPackageName pkgName: null CurPkgName: com.wholexale.app.staging
02-03 21:27:46.648 D/OplusAppSwitchListener( 1741): Detect com.android.launcher switch to foreground
02-03 21:27:46.648 D/OplusEapManager( 1741): mTargetEnterName :com.android.launcher
02-03 21:27:46.648 D/VRR [OPlusFrontAppManager]( 1741): OnAppSwitchObserver: onAppEnter , info.targetName = com.android.launcher
02-03 21:27:46.648 D/VRR [OPlusFrontAppManager]( 1741): packageName: com.android.launcher
02-03 21:27:46.648 D/TaskFragmentExtImpl( 1741): addColorModeOnResume resume=true pkg = com.android.launcher
02-03 21:27:46.653 D/VRR [OPlusRefreshRateService]( 1741): handleFrontAppChange pkgName: com.android.launcher
02-03 21:27:46.653 D/VRR [OPlusExternalRefreshRateManager]( 1741): setFrontPackageName pkgName: com.android.launcher CurPkgName: null
02-03 21:27:46.657 D/VRR [OPlusRefreshRateService]( 1741):  setFrameRateTargetControl [ 0.0 , com.wholexale.app.staging , false , com.oplus.battery ]
02-03 21:27:46.657 D/VRR [OPlusRefreshRateService]( 1741):  setFrameRateTargetControl from [0, 1000, android.uid.system:1000]
02-03 21:27:46.657 D/VRR [OPlusExternalRefreshRateManager]( 1741):  [FRTC] FrameRate : 0 com.wholexale.app.staging false com.oplus.battery 0 1000
02-03 21:27:46.660 V/WindowManager( 1741): Relayout Window{43ad301 u0 com.android.launcher/com.android.launcher.Launcher}: viewVisibility=0, oldvis=8, req=1080x2400
02-03 21:27:46.668 V/WindowManager( 1741): Changing focus from null to Window{43ad301 u0 com.android.launcher/com.android.launcher.Launcher},diplayid=0
02-03 21:27:46.670 D/OplusBatteryServiceFeature( 1741): setSmartCoolDown: coolDown = 3, normalCoolDown = 3, pkgName = com.android.launcher
02-03 21:27:46.671 D/VRR [OPlusSurfaceFlingerController]( 1741):  add frtc FrameRate : 0 com.wholexale.app.staging false com.oplus.battery
02-03 21:27:46.681 V/WindowManager( 1741): Relayout Window{79e5b u0 com.android.launcher/com.android.launcher.Launcher}: viewVisibility=0, oldvis=8, req=1080x2400
02-03 21:27:46.702 D/WindowManager( 1741): finishDrawingWindow: Window{43ad301 u0 com.android.launcher/com.android.launcher.Launcher} mDrawState=DRAW_PENDING
02-03 21:27:46.727 V/WindowManager( 1741): Relayout Window{313405c u0 com.android.wallpaper.livepicker.service.smoke.Smoke0WallpaperService}: viewVisibility=0, oldvis=0, req=-1x-1
02-03 21:27:46.751 D/DisplayManagerService( 1741): Display listener for pid 18234 died.
02-03 21:27:46.764 D/WindowManager( 1741): finishDrawingWindow: Window{79e5b u0 com.android.launcher/com.android.launcher.Launcher} mDrawState=DRAW_PENDING
02-03 21:27:46.764 I/WindowManager( 1741): WIN DEATH: Window{27c4ffb u0 com.wholexale.app.staging/com.wholexale.app.MainActivity}
02-03 21:27:46.767 I/ActivityManager( 1741): Process com.wholexale.app.staging (pid 18234) has died: fg  TOP 
02-03 21:27:46.771 W/WindowManager( 1741): Exception thrown during dispatchAppVisibility Window{27c4ffb u0 com.wholexale.app.staging/com.wholexale.app.MainActivity EXITING}
02-03 21:27:46.771 W/WindowManager( 1741): android.os.DeadObjectException
02-03 21:27:46.771 W/WindowManager( 1741): 	at android.os.BinderProxy.transactNative(Native Method)
02-03 21:27:46.771 W/WindowManager( 1741): 	at android.os.BinderProxy.transact(BinderProxy.java:672)
02-03 21:27:46.771 W/WindowManager( 1741): 	at android.view.IWindow$Stub$Proxy.dispatchAppVisibility(IWindow.java:536)
02-03 21:27:46.771 W/WindowManager( 1741): 	at com.android.server.wm.WindowState.sendAppVisibilityToClients(WindowState.java:3767)
02-03 21:27:46.771 W/WindowManager( 1741): 	at com.android.server.wm.WindowContainer.sendAppVisibilityToClients(WindowContainer.java:1266)
02-03 21:27:46.771 W/WindowManager( 1741): 	at com.android.server.wm.WindowToken.setClientVisible(WindowToken.java:421)
02-03 21:27:46.771 W/WindowManager( 1741): 	at com.android.server.wm.ActivityRecord.setClientVisible(ActivityRecord.java:7379)
02-03 21:27:46.771 W/WindowManager( 1741): 	at com.android.server.wm.ActivityRecord.onAnimationFinished(ActivityRecord.java:8253)
02-03 21:27:46.771 W/WindowManager( 1741): 	at com.android.server.wm.ActivityRecord.postApplyAnimation(ActivityRecord.java:5908)
02-03 21:27:46.771 W/WindowManager( 1741): 	at com.android.server.wm.ActivityRecord.commitVisibility(ActivityRecord.java:5880)
02-03 21:27:46.771 W/WindowManager( 1741): 	at com.android.server.wm.ActivityRecord.commitVisibility(ActivityRecord.java:5884)
02-03 21:27:46.771 W/WindowManager( 1741): 	at com.android.server.wm.AppTransitionController.handleClosingApps(AppTransitionController.java:1252)
02-03 21:27:46.771 W/WindowManager( 1741): 	at com.android.server.wm.AppTransitionController.handleAppTransitionReady(AppTransitionController.java:309)
02-03 21:27:46.771 W/WindowManager( 1741): 	at com.android.server.wm.RootWindowContainer.checkAppTransitionReady(RootWindowContainer.java:1074)
02-03 21:27:46.771 W/WindowManager( 1741): 	at com.android.server.wm.RootWindowContainer.performSurfacePlacementNoTrace(RootWindowContainer.java:916)
02-03 21:27:46.771 W/WindowManager( 1741): 	at com.android.server.wm.RootWindowContainer.performSurfacePlacement(RootWindowContainer.java:858)
02-03 21:27:46.771 W/WindowManager( 1741): 	at com.android.server.wm.WindowSurfacePlacer.performSurfacePlacementLoop(WindowSurfacePlacer.java:177)
02-03 21:27:46.771 W/WindowManager( 1741): 	at com.android.server.wm.WindowSurfacePlacer.performSurfacePlacement(WindowSurfacePlacer.java:126)
02-03 21:27:46.771 W/WindowManager( 1741): 	at com.android.server.wm.WindowSurfacePlacer.performSurfacePlacement(WindowSurfacePlacer.java:115)
02-03 21:27:46.771 W/WindowManager( 1741): 	at com.android.server.wm.WindowState.setupWindowForRemoveOnExit(WindowState.java:2854)
02-03 21:27:46.771 W/WindowManager( 1741): 	at com.android.server.wm.WindowState.removeIfPossible(WindowState.java:2820)
02-03 21:27:46.771 W/WindowManager( 1741): 	at com.android.server.wm.WindowState.-$$Nest$mremoveIfPossible(Unknown Source:0)
02-03 21:27:46.771 W/WindowManager( 1741): 	at com.android.server.wm.WindowState$DeathRecipient.binderDied(WindowState.java:3366)
02-03 21:27:46.771 W/WindowManager( 1741): 	at android.os.IBinder$DeathRecipient.binderDied(IBinder.java:317)
02-03 21:27:46.771 W/WindowManager( 1741): 	at android.os.BinderProxy.sendDeathNotice(BinderProxy.java:799)
02-03 21:27:46.771 V/OplusZoomWindowManagerService( 1741): onAnimationFinished:  r = ActivityRecord{994dc40 u0 com.wholexale.app.staging/com.wholexale.app.MainActivity} t1571 f}}
02-03 21:27:46.776 V/OplusZoomWindowManagerService( 1741): onAnimationFinished:  r = ActivityRecord{c0ace5a u0 com.android.launcher/.Launcher} t6}
02-03 21:27:46.776 I/OplusAppSwitchManagerService( 1741):  handleAppVisible , r = ActivityRecord{c0ace5a u0 com.android.launcher/.Launcher} t6}
02-03 21:27:46.777 I/OplusAppSwitchManagerService( 1741):  handleAppVisible , r = ActivityRecord{c0ace5a u0 com.android.launcher/.Launcher} t6}
02-03 21:27:46.784 I/WindowStateExtImpl( 1741): onSurfaceShowChange show = true mPackageName = com.android.launcher parentPkgName = com.android.launcher
02-03 21:27:46.810 I/WallpaperManagerServiceExt( 1741): getFoldWallpaperInfo user=0 which=32 phyDisplay=1
02-03 21:27:46.810 I/WallpaperManagerServiceExt( 1741): getFoldWallpaperInfo user=0 which=16 phyDisplay=1
02-03 21:27:46.814 D/InputMethodManagerService( 1741): isSecurity: attribute.packageName=com.android.launcher mCurMethodId=com.google.android.inputmethod.latin/com.android.inputmethod.latin.LatinIME
02-03 21:27:46.814 D/InputMethodManagerService( 1741): isSecurity= false (  enable=false needShow=false inBlackList=false isExist=true )
02-03 21:27:46.816 D/OplusMirageWindowManagerService( 1741): onTaskRemoved displayid:0 taskId:1571 callers:com.android.server.wm.MirageWindowManagerExtImpl.onTaskRemoved:47 com.android.server.wm.TaskDisplayArea.removeChildTask:398 com.android.server.wm.TaskDisplayArea.removeChild:387 com.android.server.wm.WindowContainer.removeImmediately:891 com.android.server.wm.TaskFragment.removeImmediately:2904 
02-03 21:27:46.816 I/OplusScreenSecurityMask( 1741): onStackRemoved task = Task{ee8ecbe #1571 type=standard A=10853:com.wholexale.app.staging U=0 visible=false visibleRequested=false mode=fullscreen translucent=true sz=0} record = null displayId = 0
02-03 21:27:46.817 D/TaskFragmentExtImpl( 1741): remove ActivityRecord{994dc40 u0 com.wholexale.app.staging/com.wholexale.app.MainActivity} t-1 f}} to mActivityRecordSum = Counter{ }
02-03 21:27:46.842 D/InputMethodManagerService( 1741): onHandleImeWindowVisibleStatus: vis = 0, needsToShowImeSwitcher = false
02-03 21:27:46.881 V/WindowManager( 1741): Unknown focus tokens, dropping reportFocusChanged
02-03 21:27:46.889 D/OplusAppListInterceptManager( 1741): shouldFilterTask
02-03 21:27:46.889 D/OplusAppListInterceptManager( 1741): shouldFilterTask::packageName = com.wholexale.app.staging
02-03 21:27:46.889 D/OplusAppListInterceptManager( 1741): shouldFilterTask
02-03 21:27:46.889 D/OplusAppListInterceptManager( 1741): shouldFilterTask::packageName = com.company.userapp
02-03 21:27:46.903 W/ActivityManager( 1741): setHasOverlayUi called on unknown pid: 18234
02-03 21:27:46.915 D/OplusAppListInterceptManager( 1741): shouldFilterTask
02-03 21:27:46.916 D/OplusAppListInterceptManager( 1741): shouldFilterTask::packageName = com.wholexale.app.staging
02-03 21:27:46.916 D/OplusAppListInterceptManager( 1741): shouldFilterTask
02-03 21:27:46.916 D/OplusAppListInterceptManager( 1741): shouldFilterTask::packageName = com.company.userapp
02-03 21:27:46.916 D/OplusAppListInterceptManager( 1741): shouldFilterTask
02-03 21:27:46.916 D/OplusAppListInterceptManager( 1741): shouldFilterTask::packageName = com.twitter.android
02-03 21:27:46.916 D/OplusAppListInterceptManager( 1741): shouldFilterTask
02-03 21:27:46.916 D/OplusAppListInterceptManager( 1741): shouldFilterTask::packageName = com.cricbuzz.android
02-03 21:27:46.922 D/OplusAppListInterceptManager( 1741): shouldFilterTask
02-03 21:27:46.922 D/OplusAppListInterceptManager( 1741): shouldFilterTask::packageName = com.wholexale.app.staging
02-03 21:27:46.922 D/OplusAppListInterceptManager( 1741): shouldFilterTask
02-03 21:27:46.922 D/OplusAppListInterceptManager( 1741): shouldFilterTask::packageName = com.company.userapp
02-03 21:27:46.922 D/OplusAppListInterceptManager( 1741): shouldFilterTask
02-03 21:27:46.922 D/OplusAppListInterceptManager( 1741): shouldFilterTask::packageName = com.twitter.android
02-03 21:27:46.922 D/OplusAppListInterceptManager( 1741): shouldFilterTask
02-03 21:27:46.922 D/OplusAppListInterceptManager( 1741): shouldFilterTask::packageName = com.cricbuzz.android
02-03 21:27:47.147 D/CameraDelegate( 1741): handleMessage:200
02-03 21:27:47.294 E/ActivityThread( 2175): Failed to find provider info for com.oplus.thirdkit
02-03 21:27:47.414 D/PowerManagerService( 1741): userActivityNoUpdateLocked: groupId=0, eventTime=103224738, event=2, flags=0x0, uid=1000
02-03 21:27:47.418 I/iopgp   ( 2637): Iopgp: TRANSACTION_IOPGP_ON_KEY_DOWN sequence_id = 66 pkg_name = com.wholexale.app.staging isProfile = 0
02-03 21:27:47.419 D/iopgp   ( 2637): cannot find a compiledtrace, need to start tracing on intentstart.
02-03 21:27:47.419 D/iopgp   ( 2637): Iopgp: Decide the action on keydown event done in 0ms.
02-03 21:27:47.506 I/iopgp   ( 2637): Iopgp: TRANSACTION_IOPGP_ON_INTENT_STARTED sequence_id = 66 pkg_name = com.wholexale.app.staging class_name = com.wholexale.app.MainActivity
02-03 21:27:47.506 D/CompatibilityChangeReporter( 1741): Compat change id reported: 161252188; UID 10853; state: DISABLED
02-03 21:27:47.507 I/iopgp   ( 2637): Total traces exceed kMaxAppTraces limits, and number is 2
02-03 21:27:47.507 I/ActivityTaskManager( 1741): START u0 {act=android.intent.action.MAIN cat=[android.intent.category.LAUNCHER] flg=0x10200000 cmp=com.wholexale.app.staging/com.wholexale.app.MainActivity bnds=[856,1086][1062,1388] mCallingUid=10106} from uid 10106
02-03 21:27:47.507 D/MultiApp.CMAService( 1741): changeIntentIfNeed --- from launcher
02-03 21:27:47.509 D/CompatibilityChangeReporter( 1741): Compat change id reported: 194480991; UID 10853; state: ENABLED
02-03 21:27:47.511 D/OplusZoomWindowManagerService( 1741): onConfigurationChanged rotation not changed - prevRotation: 0
02-03 21:27:47.513 I/OplusScreenSecurityMask( 1741): onStackAdded task = Task{204a45c #1572 type=standard ?? U=0 visible=false visibleRequested=false mode=fullscreen translucent=true sz=0} record = null displayId = 0
02-03 21:27:47.513 I/OplusScreenSecurityMask( 1741): onStackAdded task = Task{204a45c #1572 type=standard A=10853:com.wholexale.app.staging U=0 visible=false visibleRequested=false mode=fullscreen translucent=true sz=0} record = null displayId = 0
02-03 21:27:47.514 D/CompatibilityChangeReporter( 1741): Compat change id reported: 174042980; UID 10853; state: DISABLED
02-03 21:27:47.515 D/CompatibilityChangeReporter( 1741): Compat change id reported: 184838306; UID 10853; state: DISABLED
02-03 21:27:47.515 D/CompatibilityChangeReporter( 1741): Compat change id reported: 185004937; UID 10853; state: DISABLED
02-03 21:27:47.515 D/CompatibilityChangeReporter( 1741): Compat change id reported: 181136395; UID 10853; state: DISABLED
02-03 21:27:47.515 D/CompatibilityChangeReporter( 1741): Compat change id reported: 174042936; UID 10853; state: DISABLED
02-03 21:27:47.517 D/TaskFragmentExtImpl( 1741): add ActivityRecord{c9a772e u0 com.wholexale.app.staging/com.wholexale.app.MainActivity} t1572} to mActivityRecordSum = Counter{ com.wholexale.app.staging/com.wholexale.app.MainActivity(1) }
02-03 21:27:47.520 D/ActivityTaskManager( 1741): getStartingWindowType: newTask=true, taskSwitch=true, processRunning=false, allowTaskSnapshot=true, activityCreated=false, snapshot=null, record:ActivityRecord{c9a772e u0 com.wholexale.app.staging/com.wholexale.app.MainActivity} t1572}
02-03 21:27:47.520 D/CompatibilityChangeReporter( 1741): Compat change id reported: 205907456; UID 10853; state: ENABLED
02-03 21:27:47.521 V/OplusZoomWindowManagerService( 1741): windowMode: 0 ,stack: Task{204a45c #1572 type=standard A=10853:com.wholexale.app.staging U=0 visible=true visibleRequested=false mode=fullscreen translucent=true sz=1}
02-03 21:27:47.522 D/PhoneStartingWindowTypeAlgorithm( 2210): preferredStartingWindowType newTask=true, taskSwitch=true, processRunning=false, allowTaskSnapshot=true, activityCreated=false, isSolidColorSplashScreen=false, legacySplashScreen=false, activityDrawn=false, topIsHome=false
02-03 21:27:47.524 D/OplusShellStartingWindowManager( 2210): adjustSuggestedWindowType: skip no-system app and no-exception list app
02-03 21:27:47.525 D/ShellStartingWindow( 2210): getWindowAttrs window attributes color: 0, replace icon: false
02-03 21:27:47.529 D/CompatibilityChangeReporter( 1741): Compat change id reported: 194833441; UID 10853; state: ENABLED
02-03 21:27:47.529 D/ShellStartingWindow( 2210): inconsize = 408
02-03 21:27:47.532 D/CompatibilityChangeReporter( 1741): Compat change id reported: 168419799; UID 10853; state: DISABLED
02-03 21:27:47.532 D/OplusFullScreenDisplayManager( 1741): adjustWindowParamsLw com.wholexale.app.staging, no change cutoutMode: 0
02-03 21:27:47.534 I/WindowManager( 1741): addWindow: New client android.os.BinderProxy@8dba0e1 : window=Window{f8e3e06 u0 Splash Screen com.wholexale.app.staging}
02-03 21:27:47.539 E/WindowManager( 1741): create RemoteAnimationController com.android.server.wm.RemoteAnimationController@5106a1d
02-03 21:27:47.540 D/OplusShellStartingWindowManager( 2210): handleSplashScreenView: normal third app or no-default
02-03 21:27:47.546 D/CoreBackPreview( 1741): Window{f8e3e06 u0 Splash Screen com.wholexale.app.staging}: Setting back callback OnBackInvokedCallbackInfo{mCallback=android.window.IOnBackInvokedCallback$Stub$Proxy@7c70e63, mPriority=0}
