--------- beginning of main
02-03 20:38:56.828 D/OplusUIFirst( 1741): disable slide boost in system ui
02-03 20:38:56.829 D/OplusUIFirst_FB( 1741): com.android.systemui moveToBack 2210
02-03 20:38:56.834 D/AbstractBtDlgCtr(17706): Unable to get current config index. Current codec Config is null.
--------- beginning of system
02-03 20:38:56.836 D/LockSettingsStorage( 1741): [readSyntheticPasswordState] userId = 0, handle = -5609770113145286263, name = pwd
02-03 20:38:56.836 E/NotUseKeyguardPreferenceController(17706): isKeyGuardDisable isSecure: true
02-03 20:38:56.838 D/VRI[UsbDebuggingActivity]( 2210): setWindowStopped stopped:true
02-03 20:38:56.841 D/AbstractBtDlgCtr(17706): Unable to get current config index. Current codec Config is null.
02-03 20:38:56.844 W/ActivityManager( 1741): cgroup.freeze not present
02-03 20:38:56.846 D/VRI[SubSettings](17706): onFocusEvent true
02-03 20:38:56.847 I/Quality (17706): Skipped: false 3 cost 64.566315 refreshRate 16549461 bit true processName com.android.settings
02-03 20:38:56.847 D/OplusFullScreenDisplayManager( 1741): adjustWindowParamsLw: com.android.settings, change system app cutoutMode: oplus always
02-03 20:38:56.847 V/WindowManager( 1741): Relayout Window{1c33f91 u0 com.android.settings/com.android.settings.SubSettings}: viewVisibility=0, oldvis=0, req=1080x2400
02-03 20:38:56.853 D/InputMethodManagerService( 1741): isSecurity: attribute.packageName=com.android.settings mCurMethodId=com.google.android.inputmethod.latin/com.android.inputmethod.latin.LatinIME
02-03 20:38:56.853 D/OplusSplitScreenManagerService( 1741): com.android.settings unSupportsSplitScreen by blockList or ForbidActivityList
02-03 20:38:56.853 D/InputMethodManagerService( 1741): isSecurity= false (  enable=false needShow=false inBlackList=false isExist=true )
02-03 20:38:56.853 D/OplusSplitScreenManagerService( 1741): com.android.settings unSupportsSplitScreen by blockList or ForbidActivityList
02-03 20:38:56.854 D/OplusScrollToTopManager( 2210): unregisterGuidePopupDismissReceiverInSystemUI
02-03 20:38:56.854 D/OplusScrollToTopManager( 2210): unregisterSystemUIBroadcastReceiver 
02-03 20:38:56.855 W/ProcStatsManager(17706): No process naukriApp.appModules.login/10534 for service com.naukri.fcm.handler.NaukriFCMListenerService
02-03 20:38:56.855 W/ProcStatsManager(17706): No process naukriApp.appModules.login/10534 for service com.google.firebase.sessions.SessionLifecycleService
02-03 20:38:56.856 W/ProcStatsManager(17706): No process com.myairtelapp/10612 for service com.myairtelapp.push.MAFirebaseMessagingService
02-03 20:38:56.856 W/ProcStatsManager(17706): No process com.myairtelapp/10612 for service com.moengage.pushbase.internal.MoEPushWorker
02-03 20:38:56.856 W/ProcStatsManager(17706): No process com.myairtelapp/10612 for service com.google.android.gms.tagmanager.TagManagerService
02-03 20:38:56.856 W/ProcStatsManager(17706): No process com.myairtelapp/10612 for service com.google.firebase.sessions.SessionLifecycleService
02-03 20:38:56.856 D/OplusScrollToTopManager( 2210): java.lang.IllegalArgumentException: Receiver not registered: android.view.OplusScrollToTopManager$2@10d64d2
02-03 20:38:56.856 W/ProcStatsManager(17706): No process com.myairtelapp/10612 for service androidx.work.impl.background.systemjob.SystemJobService
02-03 20:38:56.856 W/ProcStatsManager(17706): No process com.oplus.screenrecorder/10337 for service com.oplus.screenrecorder.floatwindow.services.QuickPanelService
02-03 20:38:56.856 W/ProcStatsManager(17706): No process com.google.android.apps.messaging/10227 for service com.google.android.apps.messaging.shared.datamodel.action.execution.ActionExecutorImpl$EmptyService
02-03 20:38:56.856 W/ProcStatsManager(17706): No process com.google.android.apps.messaging/10227 for service com.google.android.apps.messaging.shared.datamodel.action.execution.ActionJobService
02-03 20:38:56.856 W/ProcStatsManager(17706): No process com.google.android.apps.messaging/10227 for service androidx.work.impl.background.systemjob.SystemJobService
02-03 20:38:56.856 W/ProcStatsManager(17706): No process com.oplus.deepthinker:worker/10358 for service com.oplus.deepthinker.internal.inner.proton.schedule.TrainJobService
02-03 20:38:56.856 W/ProcStatsManager(17706): No process money.myhubble/10828 for service com.baseflow.geolocator.GeolocatorLocationService
02-03 20:38:56.856 W/ProcStatsManager(17706): No process money.myhubble/10828 for service com.clevertap.android.sdk.pushnotification.fcm.FcmMessageListenerService
02-03 20:38:56.856 W/ProcStatsManager(17706): No process money.myhubble/10828 for service io.flutter.plugins.firebase.messaging.FlutterFirebaseMessagingBackgroundService
02-03 20:38:56.856 W/ProcStatsManager(17706): No process money.myhubble/10828 for service com.google.firebase.sessions.SessionLifecycleService
02-03 20:38:56.856 W/ProcStatsManager(17706): No process money.myhubble/10828 for service androidx.work.impl.background.systemjob.SystemJobService
02-03 20:38:56.856 W/ProcStatsManager(17706): No process com.coloros.oshare/10164 for service com.coloros.oshare.OshareTileService
02-03 20:38:56.856 W/ProcStatsManager(17706): No process in.cricketexchange.app.cricketexchange/10186 for service com.google.android.datatransport.runtime.scheduling.jobscheduling.JobInfoSchedulerService
02-03 20:38:56.856 W/ProcStatsManager(17706): No process in.cricketexchange.app.cricketexchange:light/10186 for service in.cricketexchange.app.cricketexchange.services.MyFirebaseMessagingService
02-03 20:38:56.856 W/ProcStatsManager(17706): No process in.cricketexchange.app.cricketexchange/10186 for service com.google.firebase.sessions.SessionLifecycleService
02-03 20:38:56.856 W/ProcStatsManager(17706): No process in.cricketexchange.app.cricketexchange/10186 for service androidx.work.impl.background.systemjob.SystemJobService
02-03 20:38:56.856 W/ProcStatsManager(17706): No process com.microsoft.skydrive/10282 for service com.google.android.datatransport.runtime.scheduling.jobscheduling.JobInfoSchedulerService
02-03 20:38:56.856 W/ProcStatsManager(17706): No process com.microsoft.skydrive/10282 for service com.microsoft.crossplaform.interop.WifiAvailableJob
02-03 20:38:56.856 W/ProcStatsManager(17706): No process com.microsoft.skydrive/10282 for service com.microsoft.skydrive.jobs.UpdateMetadataForOfflineFilesJob
02-03 20:38:56.856 W/ProcStatsManager(17706): No process com.microsoft.skydrive/10282 for service com.microsoft.tokenshare.TokenSharingService
02-03 20:38:56.856 W/ProcStatsManager(17706): No process com.microsoft.skydrive/10282 for service com.microsoft.skydrive.jobs.LocalNotificationDailyJob
02-03 20:38:56.856 W/ProcStatsManager(17706): No process com.microsoft.skydrive/10282 for service androidx.work.impl.background.systemjob.SystemJobService
02-03 20:38:56.857 W/ProcStatsManager(17706): No process com.microsoft.bing/10742 for service com.microsoft.sapphire.services.notifications.SapphireMessagingService
02-03 20:38:56.857 W/ProcStatsManager(17706): No process com.microsoft.bing/10742 for service com.microsoft.tokenshare.TokenSharingService
02-03 20:38:56.857 W/ProcStatsManager(17706): No process com.google.android.permissioncontroller/99910236 for service com.android.permissioncontroller.permission.service.PermissionControllerServiceImpl
02-03 20:38:56.857 W/ProcStatsManager(17706): No process com.facebook.services/99910207 for service com.facebook.preloads.platform.common.periodicwork.PeriodicWorkJobService
02-03 20:38:56.857 W/ProcStatsManager(17706): No process com.facebook.services/99910207 for service com.facebook.oxygen.services.fbns.PreloadedFbnsService
02-03 20:38:56.857 W/ProcStatsManager(17706): No process com.facebook.services/99910207 for service com.facebook.analytics2.logger.legacy.uploader.LollipopUploadService
02-03 20:38:56.857 W/ProcStatsManager(17706): No process com.google.android.dialer/10209 for service com.google.apps.tiktok.concurrent.AndroidFuturesService
02-03 20:38:56.857 W/ProcStatsManager(17706): No process com.google.android.dialer/10209 for service com.android.incallui.InCallServiceImpl
02-03 20:38:56.857 W/ProcStatsManager(17706): No process com.google.android.dialer/10209 for service androidx.work.impl.background.systemjob.SystemJobService
02-03 20:38:56.857 W/ProcStatsManager(17706): No process com.google.android.apps.nbu.files/10212 for service androidx.work.impl.background.systemjob.SystemJobService
02-03 20:38:56.857 W/ProcStatsManager(17706): No process com.daemon.shelper/10032 for service com.google.firebase.sessions.SessionLifecycleService
02-03 20:38:56.857 W/ProcStatsManager(17706): No process com.google.android.apps.docs/10244 for service androidx.work.impl.background.systemjob.SystemJobService
02-03 20:38:56.857 W/ProcStatsManager(17706): No process com.google.android.apps.maps/10154 for service com.google.android.libraries.performance.primes.federatedlearning.PrimesExampleStoreDataTtlService
02-03 20:38:56.857 W/ProcStatsManager(17706): No process com.microsoft.office.word:remote/10270 for service com.microsoft.office.BackgroundTaskHost.BackgroundTaskService
02-03 20:38:56.857 W/ProcStatsManager(17706): No process com.microsoft.office.word/10270 for service androidx.work.impl.background.systemjob.SystemJobService
02-03 20:38:56.857 W/ProcStatsManager(17706): No process net.one97.paytm/10660 for service com.google.android.datatransport.runtime.scheduling.jobscheduling.JobInfoSchedulerService
02-03 20:38:56.857 W/ProcStatsManager(17706): No process net.one97.paytm/10660 for service net.one97.paytm.notification.NotificationService
02-03 20:38:56.857 W/ProcStatsManager(17706): No process net.one97.paytm/10660 for service com.google.firebase.sessions.SessionLifecycleService
02-03 20:38:56.857 W/ProcStatsManager(17706): No process com.google.android.webview:sandboxed_process0/10057 for service org.chromium.content.app.SandboxedProcessService0
02-03 20:38:56.857 W/ProcStatsManager(17706): No process com.google.android.webview:sandboxed_process0/10128 for service org.chromium.content.app.SandboxedProcessService0
02-03 20:38:56.857 W/ProcStatsManager(17706): No process com.google.android.webview:sandboxed_process0/10136 for service org.chromium.content.app.SandboxedProcessService0
02-03 20:38:56.857 W/ProcStatsManager(17706): No process com.google.android.webview:sandboxed_process0/10144 for service org.chromium.content.app.SandboxedProcessService0
02-03 20:38:56.857 W/ProcStatsManager(17706): No process com.google.android.webview:webview_service/10153 for service org.chromium.android_webview.services.MetricsBridgeService
02-03 20:38:56.857 W/ProcStatsManager(17706): No process com.google.android.webview:webview_service/10153 for service org.chromium.android_webview.services.VariationsSeedServer
02-03 20:38:56.857 W/ProcStatsManager(17706): No process com.google.android.webview:sandboxed_process0/10185 for service org.chromium.content.app.SandboxedProcessService0
02-03 20:38:56.857 W/ProcStatsManager(17706): No process com.google.android.webview:sandboxed_process0/10186 for service org.chromium.content.app.SandboxedProcessService0
02-03 20:38:56.857 W/ProcStatsManager(17706): No process com.google.android.webview:sandboxed_process0/10221 for service org.chromium.content.app.SandboxedProcessService0
02-03 20:38:56.857 W/ProcStatsManager(17706): No process com.google.android.webview:sandboxed_process0/10742 for service org.chromium.content.app.SandboxedProcessService0
02-03 20:38:56.857 W/ProcStatsManager(17706): No process com.google.android.webview:sandboxed_process0/10744 for service org.chromium.content.app.SandboxedProcessService0
02-03 20:38:56.857 W/ProcStatsManager(17706): No process com.google.android.webview:sandboxed_process0/10867 for service org.chromium.content.app.SandboxedProcessService0
02-03 20:38:56.857 W/ProcStatsManager(17706): No process com.microsoft.office.powerpoint:remote/10270 for service com.microsoft.office.BackgroundTaskHost.BackgroundTaskService
02-03 20:38:56.857 W/ProcStatsManager(17706): No process com.microsoft.office.powerpoint/10270 for service com.microsoft.tokenshare.TokenSharingService
02-03 20:38:56.857 W/ProcStatsManager(17706): No process com.microsoft.office.powerpoint/10270 for service androidx.work.impl.background.systemjob.SystemJobService
02-03 20:38:56.857 W/ProcStatsManager(17706): No process com.android.keychain/1000 for service com.android.keychain.KeyChainService
02-03 20:38:56.857 W/ProcStatsManager(17706): No process com.android.chrome/10140 for service org.chromium.chrome.browser.usage_stats.UsageStatsBrowserServiceProvider
02-03 20:38:56.857 W/ProcStatsManager(17706): No process com.android.chrome:sandboxed_process0/10140 for service org.chromium.content.app.SandboxedProcessService0
02-03 20:38:56.857 W/ProcStatsManager(17706): No process com.android.chrome:privileged_process0/10140 for service org.chromium.content.app.PrivilegedProcessService0
02-03 20:38:56.857 W/ProcStatsManager(17706): No process com.android.chrome/10140 for service org.chromium.chrome.browser.customtabs.CustomTabsConnectionService
02-03 20:38:56.857 W/ProcStatsManager(17706): No process com.google.android.partnersetup/10124 for service com.google.android.partnersetup.InstalledAppJobService
02-03 20:38:56.857 W/ProcStatsManager(17706): No process com.google.android.partnersetup/10124 for service com.google.android.partnersetup.PhenotypeJobService
02-03 20:38:56.857 W/ProcStatsManager(17706): No process com.google.android.partnersetup/10124 for service com.google.android.partnersetup.ClientIdJobService
02-03 20:38:56.858 W/ProcStatsManager(17706): No process com.google.android.apps.photos:mediametadataservice/10223 for service com.google.android.apps.photos.mediametadataservice.MediaMetadataService
02-03 20:38:56.858 W/ProcStatsManager(17706): No process com.heytap.mcs.statistics/1000 for service com.heytap.mcs.biz.statistics.service.StatisticsApiService
02-03 20:38:56.858 W/ProcStatsManager(17706): No process com.heytap.mcs.appservice/1000 for service com.heytap.mcs.biz.appservice.McsSdkService
02-03 20:38:56.858 W/ProcStatsManager(17706): No process com.google.android.apps.nbu.paisa.user/10228 for service com.google.android.libraries.notifications.entrypoints.scheduled.ScheduledTaskService
02-03 20:38:56.858 W/ProcStatsManager(17706): No process com.google.android.apps.nbu.paisa.user/10228 for service com.baseflow.geolocator.GeolocatorLocationService
02-03 20:38:56.858 W/ProcStatsManager(17706): No process com.google.android.projection.gearhead:car/10130 for service com.google.android.apps.auto.carservice.service.impl.GearheadCarStartupService
02-03 20:38:56.858 W/ProcStatsManager(17706): No process com.rapido.passenger/10820 for service com.rapido.customernotifier.notification.RapidoMessagingService
02-03 20:38:56.858 W/ProcStatsManager(17706): No process com.rapido.passenger/10820 for service com.google.firebase.sessions.SessionLifecycleService
02-03 20:38:56.858 W/ProcStatsManager(17706): No process com.rapido.passenger/10820 for service androidx.work.impl.background.systemjob.SystemJobService
02-03 20:38:56.858 W/ProcStatsManager(17706): No process com.oppo.quicksearchbox/10134 for service com.gclub.global.common.statistic.PerformanceService
02-03 20:38:56.858 W/ProcStatsManager(17706): No process com.oppo.quicksearchbox/10134 for service io.branch.search.internal.rawsqlite.BundleUpdateService
02-03 20:38:56.858 W/ProcStatsManager(17706): No process com.oppo.quicksearchbox/10134 for service io.branch.search.internal.services.ScheduledQueryService
02-03 20:38:56.858 W/ProcStatsManager(17706): No process com.oppo.quicksearchbox/10134 for service io.branch.search.internal.services.CacheUpdateService
02-03 20:38:56.858 W/ProcStatsManager(17706): No process com.oppo.quicksearchbox/10134 for service com.gclub.global.android.lib_godar.repo.UserAppsQueryJobScheduler
02-03 20:38:56.858 W/ProcStatsManager(17706): No process com.facebook.appmanager/10219 for service com.facebook.preloads.platform.common.periodicwork.PeriodicWorkJobService
02-03 20:38:56.858 W/ProcStatsManager(17706): No process com.facebook.appmanager/10219 for service com.facebook.oxygen.common.jobqueue.JobQueueService
02-03 20:38:56.858 W/ProcStatsManager(17706): No process com.facebook.appmanager/10219 for service com.facebook.oxygen.appmanager.update.core.UpdateService
02-03 20:38:56.858 W/ProcStatsManager(17706): No process com.facebook.appmanager/10219 for service com.facebook.analytics2.logger.legacy.uploader.LollipopUploadService
02-03 20:38:56.858 W/ProcStatsManager(17706): No process com.facebook.appmanager/99910219 for service com.facebook.preloads.platform.common.periodicwork.PeriodicWorkJobService
02-03 20:38:56.858 W/ProcStatsManager(17706): No process com.facebook.appmanager/99910219 for service com.facebook.oxygen.common.jobqueue.JobQueueService
02-03 20:38:56.858 W/ProcStatsManager(17706): No process com.facebook.appmanager/99910219 for service com.facebook.oxygen.appmanager.scheduler.schedulers.jobscheduler.JobSchedulerService
02-03 20:38:56.858 W/ProcStatsManager(17706): No process com.facebook.appmanager/99910219 for service com.facebook.oxygen.appmanager.update.core.UpdateService
02-03 20:38:56.858 W/ProcStatsManager(17706): No process com.facebook.appmanager/99910219 for service com.facebook.analytics2.logger.legacy.uploader.LollipopUploadService
02-03 20:38:56.858 W/ProcStatsManager(17706): No process com.fatakpay/10830 for service com.webengage.sdk.android.EventLogService
02-03 20:38:56.858 W/ProcStatsManager(17706): No process com.fatakpay/10830 for service io.invertase.firebase.messaging.ReactNativeFirebaseMessagingHeadlessService
02-03 20:38:56.858 W/ProcStatsManager(17706): No process com.fatakpay/10830 for service com.webengage.sdk.android.NotificationClickHandlerService
02-03 20:38:56.858 W/ProcStatsManager(17706): No process com.fatakpay/10830 for service io.invertase.firebase.messaging.ReactNativeFirebaseMessagingService
02-03 20:38:56.858 W/ProcStatsManager(17706): No process com.fatakpay/10830 for service com.webengage.sdk.android.ExecutorService
02-03 20:38:56.858 W/ProcStatsManager(17706): No process com.oplus.linker:app/10334 for service com.oplus.linker.synergy.service.TVTileService
02-03 20:38:56.858 W/ProcStatsManager(17706): No process com.oplus.melody/10525 for service com.oplus.melody.alive.service.MelodyAliveService
02-03 20:38:56.858 W/ProcStatsManager(17706): No process com.google.android.apps.restore/10131 for service com.google.android.apps.restore.backup.photos.apiservice.PhotosBackupApiEndpointService
02-03 20:38:56.858 W/ProcStatsManager(17706): No process com.google.android.apps.restore/10131 for service com.google.android.apps.restore.backup.apiservice.BackupOptInApiEndpointService
02-03 20:38:56.859 I/GoogleInputMethodService( 5757): GoogleInputMethodService.onFinishInput():2099 
02-03 20:38:56.859 E/PhoneInterfaceManager( 2506): [PhoneIntfMgr] getAllowedCarriers: CommandException: com.android.internal.telephony.CommandException: REQUEST_NOT_SUPPORTED
02-03 20:38:56.860 D/CoreBackPreview( 1741): Window{713a561 u0 com.android.systemui/com.android.systemui.usb.UsbDebuggingActivity}: Setting back callback null
02-03 20:38:56.861 V/ZoomWindowDecorView( 2210): removeZoomView
02-03 20:38:56.862 I/Module  ( 5757): DeviceLockedStatusModuleProvider$Module.updateDeviceLockedStatus():103 repeatCheckTimes = 0, locked = false
02-03 20:38:56.863 I/GoogleInputMethodService( 5757): GoogleInputMethodService.onStartInput():1371 onStartInput(EditorInfo{EditorInfo{packageName=com.android.settings, inputType=0, inputTypeString=NULL, enableLearning=false, autoCorrection=false, autoComplete=false, imeOptions=0, privateImeOptions=null, actionName=UNSPECIFIED, actionLabel=null, initialSelStart=-1, initialSelEnd=-1, initialCapsMode=0, label=null, fieldId=2131363844, fieldName=null, extras=Bundle[{com.oplus.im.SCENES=0}], hintText=null, hintLocales=[]}}, false)
02-03 20:38:56.863 D/BLASTBufferQueue( 2210): [VRI[UsbDebuggingActivity][com.android.systemui/com.android.systemui.usb.UsbDebuggingActivity]#2743](f:0,a:1) destructor()
02-03 20:38:56.864 D/BufferQueueConsumer( 2210): [VRI[UsbDebuggingActivity][com.android.systemui/com.android.systemui.usb.UsbDebuggingActivity]#2743(BLAST Consumer)2743](id:8a200000ad5,api:0,p:-1,c:2210) disconnect
02-03 20:38:56.865 D/OpenGLRenderer( 2210): endAllActiveAnimators on 0xb4000073198ea400 (RippleDrawable) with handle 0xb4000072f738f1e0
02-03 20:38:56.865 W/InputManager-JNI( 1741): Input channel object '713a561 com.android.systemui/com.android.systemui.usb.UsbDebuggingActivity (client)' was disposed without first being removed with the input manager!
02-03 20:38:56.865 D/OplusDeviceInfoUtils(17706): formatMemoryDisplay: mul final : 8
02-03 20:38:56.868 I/Module  ( 5757): DeviceLockedStatusModuleProvider$Module.updateDeviceLockedStatus():103 repeatCheckTimes = 1, locked = false
02-03 20:38:56.876 E/PhoneInterfaceManager( 2506): [PhoneIntfMgr] getAllowedCarriers: CommandException: com.android.internal.telephony.CommandException: REQUEST_NOT_SUPPORTED
02-03 20:38:56.881 D/OplusSplitScreenManagerService( 1741): com.android.settings unSupportsSplitScreen by blockList or ForbidActivityList
02-03 20:38:56.881 D/OplusSplitScreenManagerService( 1741): com.android.settings unSupportsSplitScreen by blockList or ForbidActivityList
02-03 20:38:56.884 D/OplusSplitScreenManagerService( 1741): com.android.settings unSupportsSplitScreen by blockList or ForbidActivityList
02-03 20:38:56.885 D/OplusSplitScreenManagerService( 1741): com.android.settings unSupportsSplitScreen by blockList or ForbidActivityList
02-03 20:38:56.906 I/PowerHalWrapper( 1741): amsBoostStop AMS_BOOST_PACK_SWITCH:false, AMS_BOOST_ACT_SWITCH:false, AMS_BOOST_PROCESS_CREATE:false 
02-03 20:38:56.910 W/ndroid.settings(17706): Cleared Reference was only reachable from finalizer (only reported once)
02-03 20:38:56.915 W/TileUtils(17706): Found com.google.android.gms.auth.proximity.multidevice.SettingsMaterialNextActivity for intent Intent { act=com.android.settings.action.IA_SETTINGS } missing metadata 
02-03 20:38:56.920 V/ListServiceUtils( 1741): checkInListByUid start module:custom-icc uid:1000  time 100294249101us
02-03 20:38:56.920 V/ListServiceUtils( 1741): checkInListByUid end module:custom-icc uid:1000  time 100294249613us
02-03 20:38:56.920 D/ListServiceUtils( 1741): checkInListByUid module:custom-icc uid:1000 cost 510us return 0
02-03 20:38:56.920 D/MMListService( 1175): getListValueByUid module:image-processing, uid:1000
02-03 20:38:56.921 V/ListServiceUtils( 1741): checkInListByUid module:image-processing uid:1000 cost 248us return (null)
02-03 20:38:56.921 V/JpegEncoderExtImpl( 1741): Resolution: 1080 x 2400,support: 0;
02-03 20:38:56.923 I/SurfaceFlinger(  962): [SF client] REMOVE (0xb4000079756895c0) for (17706:com.android.settings)
02-03 20:38:56.923 I/SurfaceFlinger(  962): [SF client] REMOVE (0xb400007963ea7b00) for (17706:com.android.settings)
02-03 20:38:56.935 W/TileUtils(17706): Found com.google.android.gms.auth.proximity.multidevice.SettingsMaterialNextActivity for intent Intent { act=com.android.settings.action.IA_SETTINGS } missing metadata 
02-03 20:38:56.936 W/TileUtils(17706): Found com.google.android.gms.location.settings.DrivingBehaviorPlatformSettingsActivity for intent Intent { act=com.android.settings.action.IA_SETTINGS } is primary profile only, skip loading tile for uid 999
02-03 20:38:56.938 W/TileUtils(17706): Found com.google.android.gms.thunderbird.settings.ThunderbirdSettingInjectorPlatformService for intent Intent { act=com.android.settings.action.IA_SETTINGS } is primary profile only, skip loading tile for uid 999
02-03 20:38:56.948 E/AppOps  ( 1741): Bad call made by uid 1001. Package "com.android.phone" does not belong to uid 1000.
02-03 20:38:56.948 E/AppOps  ( 1741): noteOperation
02-03 20:38:56.948 E/AppOps  ( 1741): java.lang.SecurityException: Specified package "com.android.phone" under uid 1000 but it is not
02-03 20:38:56.948 E/AppOps  ( 1741): 	at com.android.server.appop.AppOpsService.verifyAndGetBypass(AppOpsService.java:4905)
02-03 20:38:56.948 E/AppOps  ( 1741): 	at com.android.server.appop.AppOpsService.verifyAndGetBypass(AppOpsService.java:4757)
02-03 20:38:56.948 E/AppOps  ( 1741): 	at com.android.server.appop.AppOpsService.noteOperationUnchecked(AppOpsService.java:3579)
02-03 20:38:56.948 E/AppOps  ( 1741): 	at com.android.server.appop.AppOpsService.noteOperationImpl(AppOpsService.java:3567)
02-03 20:38:56.948 E/AppOps  ( 1741): 	at com.android.server.appop.AppOpsService.-$$Nest$mnoteOperationImpl(Unknown Source:0)
02-03 20:38:56.948 E/AppOps  ( 1741): 	at com.android.server.appop.AppOpsService$CheckOpsDelegateDispatcher.lambda$noteOperation$4(AppOpsService.java:7932)
02-03 20:38:56.948 E/AppOps  ( 1741): 	at com.android.server.appop.AppOpsService$CheckOpsDelegateDispatcher$$ExternalSyntheticLambda4.apply(Unknown Source:33)
02-03 20:38:56.948 E/AppOps  ( 1741): 	at com.android.server.policy.AppOpsPolicy.noteOperation(AppOpsPolicy.java:225)
02-03 20:38:56.948 E/AppOps  ( 1741): 	at com.android.server.appop.AppOpsService$CheckOpsDelegateDispatcher.noteOperation(AppOpsService.java:7930)
02-03 20:38:56.948 E/AppOps  ( 1741): 	at com.android.server.appop.AppOpsService.noteOperation(AppOpsService.java:3551)
02-03 20:38:56.948 E/AppOps  ( 1741): 	at com.android.internal.app.IAppOpsService$Stub.onTransact(IAppOpsService.java:479)
02-03 20:38:56.948 E/AppOps  ( 1741): 	at android.os.Binder.execTransactInternal(Binder.java:1331)
02-03 20:38:56.948 E/AppOps  ( 1741): 	at android.os.Binder.execTransact(Binder.java:1268)
02-03 20:38:56.951 W/TileUtils(17706): Please specify the meta-data com.android.settings.keyhint in AndroidManifest.xml for content://com.android.simsettings.nrmode_visibility_attr_provider
02-03 20:38:56.951 E/AppOps  ( 1741): Bad call made by uid 1001. Package "com.android.phone" does not belong to uid 1000.
02-03 20:38:56.951 E/AppOps  ( 1741): noteOperation
02-03 20:38:56.951 E/AppOps  ( 1741): java.lang.SecurityException: Specified package "com.android.phone" under uid 1000 but it is not
02-03 20:38:56.951 E/AppOps  ( 1741): 	at com.android.server.appop.AppOpsService.verifyAndGetBypass(AppOpsService.java:4905)
02-03 20:38:56.951 E/AppOps  ( 1741): 	at com.android.server.appop.AppOpsService.verifyAndGetBypass(AppOpsService.java:4757)
02-03 20:38:56.951 E/AppOps  ( 1741): 	at com.android.server.appop.AppOpsService.noteOperationUnchecked(AppOpsService.java:3579)
02-03 20:38:56.951 E/AppOps  ( 1741): 	at com.android.server.appop.AppOpsService.noteOperationImpl(AppOpsService.java:3567)
02-03 20:38:56.951 E/AppOps  ( 1741): 	at com.android.server.appop.AppOpsService.-$$Nest$mnoteOperationImpl(Unknown Source:0)
02-03 20:38:56.951 E/AppOps  ( 1741): 	at com.android.server.appop.AppOpsService$CheckOpsDelegateDispatcher.lambda$noteOperation$4(AppOpsService.java:7932)
02-03 20:38:56.951 E/AppOps  ( 1741): 	at com.android.server.appop.AppOpsService$CheckOpsDelegateDispatcher$$ExternalSyntheticLambda4.apply(Unknown Source:33)
02-03 20:38:56.951 E/AppOps  ( 1741): 	at com.android.server.policy.AppOpsPolicy.noteOperation(AppOpsPolicy.java:225)
02-03 20:38:56.951 E/AppOps  ( 1741): 	at com.android.server.appop.AppOpsService$CheckOpsDelegateDispatcher.noteOperation(AppOpsService.java:7930)
02-03 20:38:56.951 E/AppOps  ( 1741): 	at com.android.server.appop.AppOpsService.noteOperation(AppOpsService.java:3551)
02-03 20:38:56.951 E/AppOps  ( 1741): 	at com.android.internal.app.IAppOpsService$Stub.onTransact(IAppOpsService.java:479)
02-03 20:38:56.951 E/AppOps  ( 1741): 	at android.os.Binder.execTransactInternal(Binder.java:1331)
02-03 20:38:56.951 E/AppOps  ( 1741): 	at android.os.Binder.execTransact(Binder.java:1268)
02-03 20:38:56.953 D/DevSettingsDashboard(17706): Start waiting observers
02-03 20:38:56.953 E/AppOps  ( 1741): Bad call made by uid 1001. Package "com.android.phone" does not belong to uid 1000.
02-03 20:38:56.953 E/AppOps  ( 1741): noteOperation
02-03 20:38:56.953 E/AppOps  ( 1741): java.lang.SecurityException: Specified package "com.android.phone" under uid 1000 but it is not
02-03 20:38:56.953 E/AppOps  ( 1741): 	at com.android.server.appop.AppOpsService.verifyAndGetBypass(AppOpsService.java:4905)
02-03 20:38:56.953 E/AppOps  ( 1741): 	at com.android.server.appop.AppOpsService.verifyAndGetBypass(AppOpsService.java:4757)
02-03 20:38:56.953 E/AppOps  ( 1741): 	at com.android.server.appop.AppOpsService.noteOperationUnchecked(AppOpsService.java:3579)
02-03 20:38:56.953 E/AppOps  ( 1741): 	at com.android.server.appop.AppOpsService.noteOperationImpl(AppOpsService.java:3567)
02-03 20:38:56.953 E/AppOps  ( 1741): 	at com.android.server.appop.AppOpsService.-$$Nest$mnoteOperationImpl(Unknown Source:0)
02-03 20:38:56.953 E/AppOps  ( 1741): 	at com.android.server.appop.AppOpsService$CheckOpsDelegateDispatcher.lambda$noteOperation$4(AppOpsService.java:7932)
02-03 20:38:56.953 E/AppOps  ( 1741): 	at com.android.server.appop.AppOpsService$CheckOpsDelegateDispatcher$$ExternalSyntheticLambda4.apply(Unknown Source:33)
02-03 20:38:56.953 E/AppOps  ( 1741): 	at com.android.server.policy.AppOpsPolicy.noteOperation(AppOpsPolicy.java:225)
02-03 20:38:56.953 E/AppOps  ( 1741): 	at com.android.server.appop.AppOpsService$CheckOpsDelegateDispatcher.noteOperation(AppOpsService.java:7930)
02-03 20:38:56.953 E/AppOps  ( 1741): 	at com.android.server.appop.AppOpsService.noteOperation(AppOpsService.java:3551)
02-03 20:38:56.953 E/AppOps  ( 1741): 	at com.android.internal.app.IAppOpsService$Stub.onTransact(IAppOpsService.java:479)
02-03 20:38:56.953 E/AppOps  ( 1741): 	at android.os.Binder.execTransactInternal(Binder.java:1331)
02-03 20:38:56.953 E/AppOps  ( 1741): 	at android.os.Binder.execTransact(Binder.java:1268)
02-03 20:38:56.955 I/OplusVirtualCommUtils( 2506): getVirtualCommDeviceType, vRet: null
02-03 20:38:56.956 I/OplusVirtualCommUtils( 2506): isConsumerDeviceType, deviceType: 1
02-03 20:38:56.956 E/AppOps  ( 1741): Bad call made by uid 1001. Package "com.android.phone" does not belong to uid 1000.
02-03 20:38:56.956 E/AppOps  ( 1741): noteOperation
02-03 20:38:56.956 E/AppOps  ( 1741): java.lang.SecurityException: Specified package "com.android.phone" under uid 1000 but it is not
02-03 20:38:56.956 E/AppOps  ( 1741): 	at com.android.server.appop.AppOpsService.verifyAndGetBypass(AppOpsService.java:4905)
02-03 20:38:56.956 E/AppOps  ( 1741): 	at com.android.server.appop.AppOpsService.verifyAndGetBypass(AppOpsService.java:4757)
02-03 20:38:56.956 E/AppOps  ( 1741): 	at com.android.server.appop.AppOpsService.noteOperationUnchecked(AppOpsService.java:3579)
02-03 20:38:56.956 E/AppOps  ( 1741): 	at com.android.server.appop.AppOpsService.noteOperationImpl(AppOpsService.java:3567)
02-03 20:38:56.956 E/AppOps  ( 1741): 	at com.android.server.appop.AppOpsService.-$$Nest$mnoteOperationImpl(Unknown Source:0)
02-03 20:38:56.956 E/AppOps  ( 1741): 	at com.android.server.appop.AppOpsService$CheckOpsDelegateDispatcher.lambda$noteOperation$4(AppOpsService.java:7932)
02-03 20:38:56.956 E/AppOps  ( 1741): 	at com.android.server.appop.AppOpsService$CheckOpsDelegateDispatcher$$ExternalSyntheticLambda4.apply(Unknown Source:33)
02-03 20:38:56.956 E/AppOps  ( 1741): 	at com.android.server.policy.AppOpsPolicy.noteOperation(AppOpsPolicy.java:225)
02-03 20:38:56.956 E/AppOps  ( 1741): 	at com.android.server.appop.AppOpsService$CheckOpsDelegateDispatcher.noteOperation(AppOpsService.java:7930)
02-03 20:38:56.956 E/AppOps  ( 1741): 	at com.android.server.appop.AppOpsService.noteOperation(AppOpsService.java:3551)
02-03 20:38:56.956 E/AppOps  ( 1741): 	at com.android.internal.app.IAppOpsService$Stub.onTransact(IAppOpsService.java:479)
02-03 20:38:56.956 E/AppOps  ( 1741): 	at android.os.Binder.execTransactInternal(Binder.java:1331)
02-03 20:38:56.956 E/AppOps  ( 1741): 	at android.os.Binder.execTransact(Binder.java:1268)
02-03 20:38:56.956 W/Settings( 2506): Setting airplane_mode_on has moved from android.provider.Settings.System to android.provider.Settings.Global, returning read-only value.
02-03 20:38:56.957 W/Settings( 2506): Setting airplane_mode_on has moved from android.provider.Settings.System to android.provider.Settings.Global, returning read-only value.
02-03 20:38:56.957 D/DevSettingsDashboard(17706): Stop waiting observers
02-03 20:38:56.977 W/Bitmap  ( 1741): Called getWidth() on a recycle()'d bitmap! This is undefined behavior!
02-03 20:38:56.978 W/Bitmap  ( 1741): Called getHeight() on a recycle()'d bitmap! This is undefined behavior!
02-03 20:38:56.988 V/ListServiceUtils( 1741): checkInListByUid start module:custom-icc uid:1000  time 100294317737us
02-03 20:38:56.989 V/ListServiceUtils( 1741): checkInListByUid end module:custom-icc uid:1000  time 100294317945us
02-03 20:38:56.989 D/ListServiceUtils( 1741): checkInListByUid module:custom-icc uid:1000 cost 207us return 0
02-03 20:38:56.989 D/MMListService( 1175): getListValueByUid module:image-processing, uid:1000
02-03 20:38:56.989 V/ListServiceUtils( 1741): checkInListByUid module:image-processing uid:1000 cost 88us return (null)
02-03 20:38:56.989 V/JpegEncoderExtImpl( 1741): Resolution: 540 x 1200,support: 0;
02-03 20:38:57.031 I/ActivityTaskManager( 1741): START u0 {flg=0x10000000 cmp=com.wholexale.app.staging/com.wholexale.app.MainActivity mCallingUid=2000} from uid 2000
02-03 20:38:57.032 I/mtkpower_client( 1741): perf_lock_rel, hdl:94803, tid:2265
02-03 20:38:57.032 I/mtkpower_client( 1741): perf_lock_acq, hdl:94803, dur:0, num:10, tid:2265
02-03 20:38:57.032 I/libPowerHal(  863): [perfLockRel] hdl:94803, idx:0
02-03 20:38:57.033 I/libPowerHal(  863): system_server: cpu_ctrl set cpu freq: -1 -1 -1 -1
02-03 20:38:57.033 I/libPowerHal(  863): [PD] system_server update cmd:1c3c000 param:1
02-03 20:38:57.033 I/libPowerHal(  863): [PD] (more) /proc/mcdi/state set +prefix:enable 1;
02-03 20:38:57.033 I/libPowerHal(  863): [PD] system_server update cmd:2004100 param:2
02-03 20:38:57.034 D/OplusZoomWindowRUSConfigManager( 1741): isSupportZoomModeWithPolicyLocked: target = com.wholexale.app.staging/com.wholexale.app.MainActivity
02-03 20:38:57.034 D/OplusZoomWindowRUSConfigManager( 1741): targetPkg = com.wholexale.app.staging
02-03 20:38:57.034 V/OplusZoomWindowManagerService( 1741): unSupportZoom: false ,callingPid: 23908 ,sourceStack: null
02-03 20:38:57.035 I/mtkpower_client( 1741): ret_hdl:94804
02-03 20:38:57.035 I/mtkpower@impl(  863): [setMode] type:5, enabled:1
02-03 20:38:57.035 I/libPowerHal(  863): system_server: cpu_ctrl set cpu freq: 2000000 -1 2200000 -1
02-03 20:38:57.036 I/DispPerfService(  962): updateLayerMask 0
02-03 20:38:57.038 D/ActivityTaskManager( 1741): onWindowFocusChanged Task{6fe96df #1553 type=standard A=10853:com.wholexale.app.staging U=0 visible=true visibleRequested=false mode=fullscreen translucent=true sz=1} would transfer to compact
02-03 20:38:57.038 I/InputDispatcher( 1741): setFocusedApplication displayId=0 ActivityRecord{6592583 u0 com.wholexale.app.staging/com.wholexale.app.MainActivity} t1553}
02-03 20:38:57.038 V/WindowManager( 1741): Changing focus from Window{1c33f91 u0 com.android.settings/com.android.settings.SubSettings} to null,diplayid=0
02-03 20:38:57.038 I/mtkpower_client( 1741): perf_lock_rel, hdl:94804, tid:2265
02-03 20:38:57.039 D/Theia.NoFocusWindow( 1741): FocusWindowErrorScene CheckFreezeScreen
02-03 20:38:57.039 I/mtkpower_client( 1741): perf_lock_acq, hdl:94804, dur:0, num:10, tid:2265
02-03 20:38:57.039 I/libPowerHal(  863): [perfLockRel] hdl:94804, idx:0
02-03 20:38:57.039 I/libPowerHal(  863): [PD] system_server update cmd:1c3c000 param:1
02-03 20:38:57.039 I/libPowerHal(  863): [PD] (more) /proc/mcdi/state set +prefix:enable 1;
02-03 20:38:57.039 I/libPowerHal(  863): [PD] system_server update cmd:2004100 param:2
02-03 20:38:57.039 I/mtkpower_client( 1741): ret_hdl:94806
02-03 20:38:57.039 D/ActivityTaskManager( 1741): getStartingWindowType: newTask=false, taskSwitch=true, processRunning=true, allowTaskSnapshot=false, activityCreated=true, snapshot=TaskSnapshot{ mId=1770131308022 mTopActivityComponent=com.wholexale.app.staging/com.wholexale.app.MainActivity mSnapshot=android.hardware.HardwareBuffer@f9752f5 (1080x2400) mColorSpace=sRGB IEC61966-2.1 (id=0, model=RGB) mOrientation=1 mRotation=0 mTaskSize=Point(1080, 2400) mContentInsets=[0,110][0,0] mLetterboxInsets=[0,0][0,0] mIsLowResolution=false mIsRealSnapshot=true mWindowingMode=1 mAppearance=0 mIsTranslucent=false mHasImeSurface=false, record:ActivityRecord{6592583 u0 com.wholexale.app.staging/com.wholexale.app.MainActivity} t1553}
02-03 20:38:57.040 I/mtkpower_client( 1741): perf_lock_rel, hdl:94806, tid:2265
02-03 20:38:57.040 I/mtkpower_client( 1741): perf_lock_acq, hdl:94806, dur:0, num:10, tid:2265
02-03 20:38:57.040 I/libPowerHal(  863): [perfLockRel] hdl:94806, idx:0
02-03 20:38:57.040 I/libPowerHal(  863): [PD] system_server update cmd:1c3c000 param:1
02-03 20:38:57.040 I/libPowerHal(  863): [PD] (more) /proc/mcdi/state set +prefix:enable 1;
02-03 20:38:57.040 I/libPowerHal(  863): [PD] system_server update cmd:2004100 param:2
02-03 20:38:57.041 I/mtkpower_client( 1741): ret_hdl:94807
02-03 20:38:57.041 I/PowerHalWrapper( 1741): <amsBoostResume> last:com.android.settings, next:com.wholexale.app.staging 
02-03 20:38:57.044 D/OplusSplitScreenManagerService( 1741): com.android.settings unSupportsSplitScreen by blockList or ForbidActivityList
02-03 20:38:57.044 D/OplusSplitScreenManagerService( 1741): com.android.settings unSupportsSplitScreen by blockList or ForbidActivityList
02-03 20:38:57.045 D/OplusUIFirst_FB( 1741): com.wholexale.app.staging activity event: []
02-03 20:38:57.045 D/OplusUIFirst_FB( 1741): List of ThreadOp: size=0 []
02-03 20:38:57.051 D/Layer   (  962): reparent to null sequence=37219, seq[12], name=Dim Layer for - WindowedMagnification:0:31#37219
02-03 20:38:57.051 D/Layer   (  962): reparent to null sequence=37225, seq[14], name=Surface(name=Dim Layer for - WindowedMagnification:0:31)/@0x8c310e0 - animation-leash of dimmer#37225
02-03 20:38:57.051 D/OplusLayer(  962): ~Layer() sequence=37225, name=Surface(name=Dim Layer for - WindowedMagnification:0:31)/@0x8c310e0 - animation-leash of dimmer#37225
02-03 20:38:57.052 D/OplusLayer(  962): ~Layer() sequence=37219, name=Dim Layer for - WindowedMagnification:0:31#37219
02-03 20:38:57.056 V/SensorManager( 1741): call sensorServiceCommonInterface name: setScreenShotDisable
02-03 20:38:57.057 D/SensorService( 1741): SensorService sensorServiceCommonInterface = setScreenShotDisable
02-03 20:38:57.057 D/SensorServiceExtImpl( 1741): sensorServiceCommonInterface funcName = setScreenShotDisable, flag = 0, status = 0
02-03 20:38:57.057 D/OplusUIFirst_FB( 1741): com.wholexale.app.staging activity event: []
02-03 20:38:57.057 D/OplusUIFirst_FB( 1741): List of ThreadOp: size=0 []
02-03 20:38:57.057 D/OplusUIFirst_FB( 1741): handleParaSwitch com.wholexale.app.staging null null 1
02-03 20:38:57.057 I/OplusHansManager ( 1741): front pkg: com.wholexale.app.staging, uid: 10853, prev pkg: com.android.settings, prev uid: 1000
02-03 20:38:57.057 I/OplusHansManager ( 1741): notifyAppGoForeground, uid=10853
02-03 20:38:57.057 D/OplusUIFirst_FB( 1741): com.wholexale.app.staging activity event: []
02-03 20:38:57.057 D/OplusUIFirst_FB( 1741): List of ThreadOp: size=0 []
02-03 20:38:57.057 D/OplusUIFirst_FB( 1741): handleParaSwitch com.wholexale.app.staging null null 1
02-03 20:38:57.057 I/OplusHansManager ( 1741): notifyAppGoBackground, uid=1000
02-03 20:38:57.057 I/Osense-DecisionMaker( 1741): notifySceneToAthenaPolicy: SCENE_APP_SWITCH, bundle: Bundle[{prevPkgName=com.android.settings, curUid=10853, curPkgName=com.wholexale.app.staging, prevUid=1000}]
02-03 20:38:57.057 I/OplusResourcePreloadManager( 1741): resume pkg: com.wholexale.app.staging, uid:10853, prev pkg: com.android.settings, prev uid: 1000
02-03 20:38:57.057 I/Osense-DecisionMaker( 1741): scene: SCENE_APP_SWITCH, excutingPolicy: freezer
02-03 20:38:57.057 I/OplusHansManager ( 1741): uid=10853, pkg=com.wholexale.app.staging M exit SM
02-03 20:38:57.057 I/OplusHansManager ( 1741): uid=10853, pkg=com.wholexale.app.staging M exit(), M stay=8
02-03 20:38:57.057 I/OplusHansManager ( 1741): uid=10853, pkg=com.wholexale.app.staging R exit(), R stay=0
02-03 20:38:57.058 D/Osense-DecisionMaker( 1741): invoke freezer policy,type: fast
02-03 20:38:57.058 D/VRI[MainActivity](17272): dispatchAppVisibility visible:true
02-03 20:38:57.059 I/OplusJoystickManager( 1741): handleApplicationSwitch deprecated!
02-03 20:38:57.059 I/PowerHalWrapper( 1741): amsBoostNotify pid:17272,activity:com.wholexale.app.MainActivity, package:com.wholexale.app.staging, mProcessCreatePackcom.android.settings 
02-03 20:38:57.059 I/PowerHalWrapper( 1741): state: 1 
02-03 20:38:57.060 I/mtkpower_client( 1741): [Legacy][PowerHal_Wrap_notifyAppState] com.wholexale.app.staging/com.wholexale.app.MainActivity pid=17272 state:1
02-03 20:38:57.060 I/game_scn( 1741): collectForegroundAppList packName=com.wholexale.app.staging, actName=com.wholexale.app.MainActivity, pid=17272, uid=10853, state:RESUMED
02-03 20:38:57.060 I/PowerHalWrapper( 1741): amsBoostNotify AMS_BOOST_PROCESS_CREATE_BOOST:false 
02-03 20:38:57.060 D/OplusAppSwitchListener( 1741): Detect com.android.settings switch to background
02-03 20:38:57.060 D/OplusEapManager( 1741): mTargetExitName :com.android.settings
02-03 20:38:57.060 V/DCSEX-AppSwitchManager( 1741): OnAppSwitchObserver: onAppExit, resuming = com.wholexale.app.staging, target = com.android.settings, is ResumingFirstStart =  false, is ResumingMultiApp =  false, extensionInfo =  Bundle[{taskId=1553, uid=10853}]
02-03 20:38:57.060 D/VRR [OPlusFrontAppManager]( 1741): OnAppSwitchObserver: onAppExit , info.targetName = com.android.settings
02-03 20:38:57.060 D/VRR [OPlusFrontAppManager]( 1741): packageName: null
02-03 20:38:57.060 D/DCSEX-AppLaunchEventRecorder( 1741): onAppSwitch from = com.android.settings to = com.wholexale.app.staging
02-03 20:38:57.061 I/libPowerHal(  863): [perfNotifyAppState] foreground:com.wholexale.app.staging, pid:17272, uid:10853
02-03 20:38:57.061 D/VRR [OPlusRefreshRateService]( 1741): handleFrontAppChange pkgName: null
02-03 20:38:57.061 D/VRR [OPlusExternalRefreshRateManager]( 1741): setFrontPackageName pkgName: null CurPkgName: com.android.settings
02-03 20:38:57.062 E/OplusThermalStats( 1741): Error getting package info: com.wholexale.app.staging
02-03 20:38:57.062 E/UxUtility(  863): notifyAppState error = NULL
02-03 20:38:57.062 I/TouchUtility(  863): notifyAppState error = NULL
02-03 20:38:57.062 I/mtkpower@impl(  863): [notifyAppState] pc:0, com.android.settings => com.wholexale.app.staging
02-03 20:38:57.064 D/TaskFragmentExtImpl( 1741): addColorModeOnResume resume=true pkg = com.wholexale.app.staging
02-03 20:38:57.065 D/OplusAppSwitchListener( 1741): Detect com.wholexale.app.staging switch to foreground
02-03 20:38:57.065 D/OplusEapManager( 1741): mTargetEnterName :com.wholexale.app.staging
02-03 20:38:57.065 D/OplusLatencyOptimizerManager( 1741): enter pkg: com.wholexale.app.staging isPrevBlackAppTop: false mIsBlackAppTop: false
02-03 20:38:57.065 V/DCSEX-AppSwitchManager( 1741): OnAppSwitchObserver: onAppEnter, launchedFrom =  com.google.android.packageinstaller, target =  com.wholexale.app.staging, is firstStart =  false, is multiApp =  false, extensionInfo =  Bundle[{taskId=1553, pid=17272, uid=10853, versionCode=1}]
02-03 20:38:57.065 D/VRR [OPlusFrontAppManager]( 1741): OnAppSwitchObserver: onAppEnter , info.targetName = com.wholexale.app.staging
02-03 20:38:57.065 D/VRR [OPlusFrontAppManager]( 1741): packageName: com.wholexale.app.staging
02-03 20:38:57.065 E/Athena  ( 1741): MemoryGuardAction: handleAppChange
02-03 20:38:57.065 I/Athena  ( 2533): AthenaDynamicReceiver: pre_app:com.android.settings, next_app:com.wholexale.app.staging(10853|17272)
02-03 20:38:57.066 D/VRR [OPlusRefreshRateService]( 1741): handleFrontAppChange pkgName: com.wholexale.app.staging
02-03 20:38:57.066 D/VRR [OPlusExternalRefreshRateManager]( 1741): setFrontPackageName pkgName: com.wholexale.app.staging CurPkgName: null
02-03 20:38:57.067 D/ZoomAppController(23494): ignore onAppEnter: mCurrentZoomInfo is null
02-03 20:38:57.067 D/Layer   (  962): reparent to null sequence=37215, seq[5], name=com.android.systemui/com.android.systemui.usb.UsbDebuggingActivity#37215
02-03 20:38:57.067 D/Layer   (  962): reparent to null sequence=37214, seq[7], name=713a561 com.android.systemui/com.android.systemui.usb.UsbDebuggingActivity#37214
02-03 20:38:57.067 D/Layer   (  962): reparent to null sequence=37226, seq[33], name=Surface(name=713a561 com.android.systemui/com.android.systemui.usb.UsbDebuggingActivity)/@0x9249f7 - animation-leash of window_animation#37226
02-03 20:38:57.068 D/OplusLayer(  962): ~Layer() sequence=37226, name=Surface(name=713a561 com.android.systemui/com.android.systemui.usb.UsbDebuggingActivity)/@0x9249f7 - animation-leash of window_animation#37226
02-03 20:38:57.068 D/OplusLayer(  962): ~Layer() sequence=37214, name=713a561 com.android.systemui/com.android.systemui.usb.UsbDebuggingActivity#37214
02-03 20:38:57.069 D/VRI[MainActivity](17272): setWindowStopped stopped:false
02-03 20:38:57.069 I/FocusResolver( 1741): updateFocusedWindow,  on display 0, reason: Waiting for window because NOT_FOCUSABLE, result:   FocusedWindows: <none>
02-03 20:38:57.070 I/BufferQueueDebug(  962): [com.android.systemui/com.android.systemui.usb.UsbDebuggingActivity#37215](this:0xb400007963f8a9e8,id:-1,api:0,p:-1,c:962) onDestructor()
02-03 20:38:57.070 D/OplusLayer(  962): ~Layer() sequence=37215, name=com.android.systemui/com.android.systemui.usb.UsbDebuggingActivity#37215
02-03 20:38:57.070 W/Battery ( 6226): ThermalControlUtils: mForegroundPkg=com.wholexale.app.staging
02-03 20:38:57.070 I/PowerHalWrapper( 1741): amsBoostNotify pid:17706,activity:com.android.settings.SubSettings, package:com.android.settings, mProcessCreatePackcom.android.settings 
02-03 20:38:57.070 I/PowerHalWrapper( 1741): state: 0 
02-03 20:38:57.070 I/DispPerfService(  962): updateLayerMask 0
02-03 20:38:57.070 D/VRR [OPlusRefreshRateService]( 1741):  setFrameRateTargetControl [ 0.0 , com.android.settings , false , com.oplus.battery ]
02-03 20:38:57.070 D/VRR [OPlusRefreshRateService]( 1741):  setFrameRateTargetControl from [0, 1000, android.uid.system:1000]
02-03 20:38:57.070 I/mtkpower_client( 1741): [Legacy][PowerHal_Wrap_notifyAppState] com.android.settings/com.android.settings.SubSettings pid=17706 state:0
02-03 20:38:57.070 D/VRR [OPlusExternalRefreshRateManager]( 1741):  [FRTC] FrameRate : 0 com.android.settings false com.oplus.battery 0 1000
02-03 20:38:57.070 I/game_scn( 1741): collectForegroundAppList packName=com.android.settings, actName=com.android.settings.SubSettings, pid=17706, uid=1000, state:PAUSED
02-03 20:38:57.070 I/PowerHalWrapper( 1741): amsBoostNotify AMS_BOOST_PROCESS_CREATE_BOOST:false 
02-03 20:38:57.071 D/VRI[SubSettings](17706): onFocusEvent false
02-03 20:38:57.074 W/Battery ( 6226): ThermalControllHandler: tempLevel=6,userMode=3,gameUserMode=-1,appType=-1,envTempType=1,appStates=[],appSwitchSafetyMode=false
02-03 20:38:57.075 W/Battery ( 6226): ThermalControllerCenter: mSafetyState=10000
02-03 20:38:57.075 D/OplusUIFirst_FB( 1741): com.wholexale.app.staging moveToTop:[]
02-03 20:38:57.075 D/OplusUIFirst_FB( 1741): List of ThreadOp: size=0 []
02-03 20:38:57.075 D/OplusUIFirst_FB( 1741): com.wholexale.app.staging boost hint: 17272
02-03 20:38:57.075 D/OplusUIFirst_FB( 1741): handleParaSwitch com.wholexale.app.staging null null 0
02-03 20:38:57.076 D/OplusUIFirst_FB( 1741): com.wholexale.app.staging toForeOps: []
02-03 20:38:57.076 D/OplusUIFirst_FB( 1741): List of ThreadOp: size=0 []
02-03 20:38:57.076 V/DeepThinker( 7781): ProcessManager: onForegroundActivitiesChanged pid:17272, uid:10853, foregroundActivities:true
02-03 20:38:57.077 D/OplusAtlas.OplusAtlasEventDispatch( 3289): setEvent:atlas_event_on_foreground_activities_changed info:pid:17272,uid:10853,hasForegroundActivities:1
02-03 20:38:57.077 D/OplusAtlas.OplusAudioScene( 3289): callback success event:atlas_event_on_foreground_activities_changed eventInfo:pid:17272,uid:10853,hasForegroundActivities:1
02-03 20:38:57.077 W/Battery ( 6226): ThermalControllHandler: tempGear=6,configItemName=common_config
02-03 20:38:57.077 D/OplusAtlas.OplusMessageHandler( 3289): handleMessage: Msg { when=0 what=2 obj=com.oplus.atlas.OplusAtlasEvent@2005893 target=com.oplus.atlas.OplusMessageHandler$MyHandler }
02-03 20:38:57.078 D/VRR [OPlusSurfaceFlingerController]( 1741):  add frtc FrameRate : 0 com.android.settings false com.oplus.battery
02-03 20:38:57.078 I/VRR [FRTC](  962): setFrameRateTarget with [0, com.android.settings, 0, com.oplus.battery, 1, 0, 1000]
02-03 20:38:57.078 W/VRR [FRTC](  962): invalid param { fps 0, proc_name com.android.settings, strict_mode 0, description com.oplus.battery, proc_id 0, rate_status 0, backend Surface, version 1, pid 0, uid 1000, enable at 2026-02-03 20:38:57, disable waiting } for current status.
02-03 20:38:57.078 W/VRR [FRTC](  962): CurrentTarget size 0:
02-03 20:38:57.080 D/OplusBatteryServiceFeature( 1741): setSmartCoolDown: coolDown = 5, normalCoolDown = 5, pkgName = com.wholexale.app.staging
02-03 20:38:57.080 D/OplusSplitScreenManagerService( 1741): com.android.settings unSupportsSplitScreen by blockList or ForbidActivityList
02-03 20:38:57.081 D/OplusSplitScreenManagerService( 1741): com.android.settings unSupportsSplitScreen by blockList or ForbidActivityList
02-03 20:38:57.083 D/vendor.oplus.hardware.charger@1.0-service(  893): set cooldown:5,  normalCoolDown:5
02-03 20:38:57.086 D/PhoneInterfaceManager( 2506): [PhoneIntfMgr] QueryTelephonyChecker-getDataNetworkTypeForSubscriber: packageName = com.android.phone, isGrant = true
