--------- beginning of main
01-22 22:56:38.487 D/IHansComunication( 6221): HANS sendMessageToKernel: threadId = 516689218736, netLinkSetup = 1, type = FROZEN_TRANS, targetUid = 10744, pkgCmd = PKG_CMD_MAX
01-22 22:56:38.488 E/IHansComunication( 6221): HANS printMessageBody: RCV message: type = 2,port = 86870,caller_pid = -1,caller_uid = -1,target_pid = -1,target_uid = 10744,pkg_cmd = -1,rpc = FROZEN_TRANS_THREAD/-1
--------- beginning of system
01-22 22:56:38.497 I/Quality (20117): SlowBinder: com.cricbuzz.android to android.app.trust.ITrustManager cost= 1021 code= 10
01-22 22:56:38.500 I/OplusHansManager ( 1748): unfreeze uid: 10744 com.cricbuzz.android pids: [20117, 25225] reason: TransBinder scene: LcdOn
01-22 22:56:38.502 I/OplusHansManager ( 1748): uid=10744, pkg=com.cricbuzz.android, transition from Frozen to Middle, reason=TransBinder
01-22 22:56:38.502 I/OplusHansManager ( 1748): uid=10744, pkg=com.cricbuzz.android F exit(), F stay=1, reason=TransBinder
01-22 22:56:38.730 V/bt_stack( 3256): [VERBOSE1:btm_ble_gap.cc(2613)] btm_ble_process_adv_addr: bda=66:**:**:**:f0:b6 addr_type=1
01-22 22:56:38.730 I/bt_btm  ( 3256): LogMsg: btm_ble_process_adv_pkt: pkt_data_len: 25
01-22 22:56:38.730 V/bt_stack( 3256): [VERBOSE1:btm_ble_gap.cc(2613)] btm_ble_process_adv_addr: bda=66:**:**:**:f0:b6 addr_type=1
01-22 22:56:38.730 I/bt_btm  ( 3256): LogMsg: btm_ble_process_adv_pkt: pkt_data_len: 0
01-22 22:56:38.730 I/bt_btif ( 3256): LogMsg: bta_dm_observe_results_cb
01-22 22:56:38.730 I/bt_btif ( 3256): LogMsg: btif_ble_scanner_update_COD 66:a6:c0:ec:f0:b6 cod is 0x000000
01-22 22:56:38.730 I/bt_btif ( 3256): LogMsg: btif_ble_scanner_update_COD cod in config 0x001f00, status=0
01-22 22:56:38.731 I/bt_btif ( 3256): LogMsg: btif_ble_scanner_update_COD invalid cod 0x0, use cod 0x1f00 in config
01-22 22:56:38.731 I/bt_btif ( 3256): LogMsg: bta_scan_results_cb_impl : type 0 channel 0
01-22 22:56:38.731 I/bt_btif ( 3256): LogMsg: bta_scan_results_cb_impl: HAL bt_gatt_callbacks->scanner->scan_result_cb
01-22 22:56:38.731 D/BtGatt.GattService( 3256): onScanResult() - eventType=0x1b, addressType=1, address=66:A6:C0:EC:F0:B6, primaryPhy=1, secondaryPhy=0, advertisingSid=0xff, txPower=127, rssi=-84, periodicAdvInt=0x0, originalAddress=66:A6:C0:EC:F0:B6, type=0, channel=0
01-22 22:56:38.736 I/NearbyDiscovery(22573): (REDACTED) BloomFilterAdvManager: Detected bloom filter but too far away, ignoring. %sm, %s
01-22 22:56:38.737 I/NearbyDiscovery(20067): (REDACTED) BloomFilterAdvManager: Detected bloom filter but too far away, ignoring. %sm, %s
01-22 22:56:38.774 D/AES     ( 1748): AEEIOCTL_GET/SET_SF_STATE IOCTL,cmd= 1074294797, lParam=0. 
01-22 22:56:38.774 D/AES     ( 1748): AEEIOCTL_RT_MON_Kick IOCTL,cmd= 2147774474, lParam=300. 
01-22 22:56:39.461 E/VirtualSensors(  852): pedo minute, step_count = 4184, report_count = 2255 move_statust = 0 ,time_gap = 0 , step_run_count = 0 , step_walk_count = 4184
01-22 22:56:39.461 E/power   (  852): ISystemSuspend::getService() failed.
01-22 22:56:39.461 E/SensorsMultiHal(  852): Decrementing wakelock ref count by 1 when count is 0
01-22 22:56:39.461 E/VirtualSensors(  852): post_events : call
01-22 22:56:39.468 E/AppOps  ( 1748): attributionTag  not declared in manifest of com.oplus.exsystemservice
01-22 22:56:39.473 E/AppOps  ( 1748): attributionTag  not declared in manifest of com.oplus.exsystemservice
01-22 22:56:39.474 I/StepApp_StepDataPreHandler( 2190): (main)onSensorChanged raw data: step=4184.0 state=0.0 minuteDelta=0.0 timestamp=135340585386786 steprun=0.0 stepwalk=4184.0 formatted data: step=4184 state=0 timestamp=135340585386786 time=1769102799460 steprun=0 stepwalk=4184
01-22 22:56:39.475 I/StepApp_StepDataSaver( 2190): (StepDataDispatcher)getNewFixedOffsetStep type is STEP
01-22 22:56:39.476 I/StepApp_StepDataSaver( 2190): (StepDataDispatcher)isRebootCountStep:false	 lastRealTimeStamp = 1769102700000	 bootTimestamp = 1768967458875	 mLastModifiedMinuteTime = 2026-01-22-22-55
01-22 22:56:39.476 I/StepApp_StepDataSaver( 2190): (StepDataDispatcher)calOffSet:sensorStep = 4184	 lastModifiedStep = 4184	 offSet = 0
01-22 22:56:39.476 I/StepApp_StepDataSaver( 2190): (StepDataDispatcher)getNewFixedOffsetStep type is RUN
01-22 22:56:39.476 I/StepApp_StepDataSaver( 2190): (StepDataDispatcher)isRebootCountStep:false	 lastRealTimeStamp = 1769102700000	 bootTimestamp = 1768967458874	 mLastModifiedMinuteTime = 2026-01-22-22-55
01-22 22:56:39.476 I/StepApp_StepDataSaver( 2190): (StepDataDispatcher)calOffSet:sensorStep = 0	 lastModifiedStep = 0	 offSet = 0
01-22 22:56:39.476 I/StepApp_StepDataSaver( 2190): (StepDataDispatcher)getNewFixedOffsetStep type is WALK
01-22 22:56:39.477 I/StepApp_StepDataSaver( 2190): (StepDataDispatcher)isRebootCountStep:false	 lastRealTimeStamp = 1769102700000	 bootTimestamp = 1768967458875	 mLastModifiedMinuteTime = 2026-01-22-22-55
01-22 22:56:39.477 I/StepApp_StepDataSaver( 2190): (StepDataDispatcher)calOffSet:sensorStep = 4184	 lastModifiedStep = 4184	 offSet = 0
01-22 22:56:39.535 V/bt_stack( 3256): [VERBOSE1:btm_ble_gap.cc(2613)] btm_ble_process_adv_addr: bda=66:**:**:**:f0:b6 addr_type=1
01-22 22:56:39.535 I/bt_btm  ( 3256): LogMsg: btm_ble_process_adv_pkt: pkt_data_len: 25
01-22 22:56:39.535 V/bt_stack( 3256): [VERBOSE1:btm_ble_gap.cc(2613)] btm_ble_process_adv_addr: bda=66:**:**:**:f0:b6 addr_type=1
01-22 22:56:39.535 I/bt_btm  ( 3256): LogMsg: btm_ble_process_adv_pkt: pkt_data_len: 0
01-22 22:56:39.535 I/bt_btif ( 3256): LogMsg: bta_dm_observe_results_cb
01-22 22:56:39.535 I/bt_btif ( 3256): LogMsg: btif_ble_scanner_update_COD 66:a6:c0:ec:f0:b6 cod is 0x000000
01-22 22:56:39.536 I/bt_btif ( 3256): LogMsg: btif_ble_scanner_update_COD cod in config 0x001f00, status=0
01-22 22:56:39.536 I/bt_btif ( 3256): LogMsg: btif_ble_scanner_update_COD invalid cod 0x0, use cod 0x1f00 in config
01-22 22:56:39.536 I/bt_btif ( 3256): LogMsg: bta_scan_results_cb_impl : type 0 channel 0
01-22 22:56:39.536 I/bt_btif ( 3256): LogMsg: bta_scan_results_cb_impl: HAL bt_gatt_callbacks->scanner->scan_result_cb
01-22 22:56:39.536 D/BtGatt.GattService( 3256): onScanResult() - eventType=0x1b, addressType=1, address=66:A6:C0:EC:F0:B6, primaryPhy=1, secondaryPhy=0, advertisingSid=0xff, txPower=127, rssi=-84, periodicAdvInt=0x0, originalAddress=66:A6:C0:EC:F0:B6, type=0, channel=0
01-22 22:56:39.541 I/NearbyDiscovery(20067): (REDACTED) BloomFilterAdvManager: Detected bloom filter but too far away, ignoring. %sm, %s
01-22 22:56:39.543 I/NearbyDiscovery(22573): (REDACTED) BloomFilterAdvManager: Detected bloom filter but too far away, ignoring. %sm, %s
01-22 22:56:39.618 I/charon  (10534): 5674[JOB] [acquire_alarm_timer_wake_lock()  412] Acquire wake lock(fd:-1, result: 1, errno:9)
01-22 22:56:39.618 I/charon  (10534): 03[JOB] [schedule()  269] Job timer expiry(now:135340, event->time:135340), queuing job for execution
01-22 22:56:39.619 I/charon  (10534): 11[IKE] <pdn_1_23|23> [send_keepalive()  760] NATT keepalive through charon is enabled, interval:20
01-22 22:56:39.619 I/charon  (10534): 11[IKE] <pdn_1_23|23> [send_keepalive()  780] sending keep alive to 49.44.190.250[4500]
01-22 22:56:39.619 I/charon  (10534): 11[JOB] <pdn_1_23|23> [schedule_job_tv()  506] Put the job(expire at 135360) in heap position:1, next expired job:135360
01-22 22:56:39.620 I/charon  (10534): 11[JOB] [release_alarm_timer_wake_lock()  391] Release wake lock(fd:-1, result: 1, errno:9)
01-22 22:56:39.921 D/vendor.oplus.hardware.charger@1.0-service(  897): getChargerControl:
01-22 22:56:40.185 V/bt_stack( 3256): [VERBOSE1:btm_ble_gap.cc(2613)] btm_ble_process_adv_addr: bda=66:**:**:**:f0:b6 addr_type=1
01-22 22:56:40.185 I/bt_btm  ( 3256): LogMsg: btm_ble_process_adv_pkt: pkt_data_len: 25
01-22 22:56:40.185 V/bt_stack( 3256): [VERBOSE1:btm_ble_gap.cc(2613)] btm_ble_process_adv_addr: bda=66:**:**:**:f0:b6 addr_type=1
01-22 22:56:40.185 I/bt_btm  ( 3256): LogMsg: btm_ble_process_adv_pkt: pkt_data_len: 0
01-22 22:56:40.185 I/bt_btif ( 3256): LogMsg: bta_dm_observe_results_cb
01-22 22:56:40.185 I/bt_btif ( 3256): LogMsg: btif_ble_scanner_update_COD 66:a6:c0:ec:f0:b6 cod is 0x000000
01-22 22:56:40.186 I/bt_btif ( 3256): LogMsg: btif_ble_scanner_update_COD cod in config 0x001f00, status=0
01-22 22:56:40.186 I/bt_btif ( 3256): LogMsg: btif_ble_scanner_update_COD invalid cod 0x0, use cod 0x1f00 in config
01-22 22:56:40.186 I/bt_btif ( 3256): LogMsg: bta_scan_results_cb_impl : type 0 channel 0
01-22 22:56:40.186 I/bt_btif ( 3256): LogMsg: bta_scan_results_cb_impl: HAL bt_gatt_callbacks->scanner->scan_result_cb
01-22 22:56:40.186 D/BtGatt.GattService( 3256): onScanResult() - eventType=0x1b, addressType=1, address=66:A6:C0:EC:F0:B6, primaryPhy=1, secondaryPhy=0, advertisingSid=0xff, txPower=127, rssi=-86, periodicAdvInt=0x0, originalAddress=66:A6:C0:EC:F0:B6, type=0, channel=0
01-22 22:56:40.191 I/NearbyDiscovery(20067): (REDACTED) BloomFilterAdvManager: Detected bloom filter but too far away, ignoring. %sm, %s
01-22 22:56:40.191 I/NearbyDiscovery(22573): (REDACTED) BloomFilterAdvManager: Detected bloom filter but too far away, ignoring. %sm, %s
01-22 22:56:40.490 W/ContextImpl(25296): Calling a method in the system process without a qualified user: android.app.ContextImpl.bindService:1982 android.content.ContextWrapper.bindService:863 com.oplus.onetrace.connection.a.c:19 com.oplus.onetrace.connection.b.c:23 y.a.c:7 
01-22 22:56:40.992 V/bt_stack( 3256): [VERBOSE1:btm_ble_gap.cc(2613)] btm_ble_process_adv_addr: bda=66:**:**:**:f0:b6 addr_type=1
01-22 22:56:40.992 I/bt_btm  ( 3256): LogMsg: btm_ble_process_adv_pkt: pkt_data_len: 25
01-22 22:56:40.992 V/bt_stack( 3256): [VERBOSE1:btm_ble_gap.cc(2613)] btm_ble_process_adv_addr: bda=66:**:**:**:f0:b6 addr_type=1
01-22 22:56:40.992 I/bt_btm  ( 3256): LogMsg: btm_ble_process_adv_pkt: pkt_data_len: 0
01-22 22:56:40.992 I/bt_btif ( 3256): LogMsg: bta_dm_observe_results_cb
01-22 22:56:40.992 I/bt_btif ( 3256): LogMsg: btif_ble_scanner_update_COD 66:a6:c0:ec:f0:b6 cod is 0x000000
01-22 22:56:40.992 I/bt_btif ( 3256): LogMsg: btif_ble_scanner_update_COD cod in config 0x001f00, status=0
01-22 22:56:40.992 I/bt_btif ( 3256): LogMsg: btif_ble_scanner_update_COD invalid cod 0x0, use cod 0x1f00 in config
01-22 22:56:40.993 I/bt_btif ( 3256): LogMsg: bta_scan_results_cb_impl : type 0 channel 0
01-22 22:56:40.993 I/bt_btif ( 3256): LogMsg: bta_scan_results_cb_impl: HAL bt_gatt_callbacks->scanner->scan_result_cb
01-22 22:56:40.993 D/BtGatt.GattService( 3256): onScanResult() - eventType=0x1b, addressType=1, address=66:A6:C0:EC:F0:B6, primaryPhy=1, secondaryPhy=0, advertisingSid=0xff, txPower=127, rssi=-93, periodicAdvInt=0x0, originalAddress=66:A6:C0:EC:F0:B6, type=0, channel=0
01-22 22:56:40.997 I/NearbyDiscovery(20067): (REDACTED) BloomFilterAdvManager: Detected bloom filter but too far away, ignoring. %sm, %s
01-22 22:56:40.997 I/NearbyDiscovery(22573): (REDACTED) BloomFilterAdvManager: Detected bloom filter but too far away, ignoring. %sm, %s
01-22 22:56:41.486 D/AALLightSensor( 1193): oldLux=4 [SA:4 LA:3] newLux=4 (oriLux: 5)
01-22 22:56:41.626 V/bt_stack( 3256): [VERBOSE1:btm_ble_gap.cc(2613)] btm_ble_process_adv_addr: bda=66:**:**:**:f0:b6 addr_type=1
01-22 22:56:41.626 I/bt_btm  ( 3256): LogMsg: btm_ble_process_adv_pkt: pkt_data_len: 25
01-22 22:56:41.626 V/bt_stack( 3256): [VERBOSE1:btm_ble_gap.cc(2613)] btm_ble_process_adv_addr: bda=66:**:**:**:f0:b6 addr_type=1
01-22 22:56:41.626 I/bt_btm  ( 3256): LogMsg: btm_ble_process_adv_pkt: pkt_data_len: 0
01-22 22:56:41.626 I/bt_btif ( 3256): LogMsg: bta_dm_observe_results_cb
01-22 22:56:41.626 I/bt_btif ( 3256): LogMsg: btif_ble_scanner_update_COD 66:a6:c0:ec:f0:b6 cod is 0x000000
01-22 22:56:41.627 I/bt_btif ( 3256): LogMsg: btif_ble_scanner_update_COD cod in config 0x001f00, status=0
01-22 22:56:41.627 I/bt_btif ( 3256): LogMsg: btif_ble_scanner_update_COD invalid cod 0x0, use cod 0x1f00 in config
01-22 22:56:41.627 I/bt_btif ( 3256): LogMsg: bta_scan_results_cb_impl : type 0 channel 0
01-22 22:56:41.627 I/bt_btif ( 3256): LogMsg: bta_scan_results_cb_impl: HAL bt_gatt_callbacks->scanner->scan_result_cb
01-22 22:56:41.627 D/BtGatt.GattService( 3256): onScanResult() - eventType=0x1b, addressType=1, address=66:A6:C0:EC:F0:B6, primaryPhy=1, secondaryPhy=0, advertisingSid=0xff, txPower=127, rssi=-84, periodicAdvInt=0x0, originalAddress=66:A6:C0:EC:F0:B6, type=0, channel=0
01-22 22:56:41.632 I/NearbyDiscovery(22573): (REDACTED) BloomFilterAdvManager: Detected bloom filter but too far away, ignoring. %sm, %s
01-22 22:56:41.633 I/NearbyDiscovery(20067): (REDACTED) BloomFilterAdvManager: Detected bloom filter but too far away, ignoring. %sm, %s
01-22 22:56:41.668 D/BroadcastCompat( 5339): Unregister receiver:com.oplus.dataprovider.server.F$b@f183be0
01-22 22:56:41.672 D/BroadcastCompat( 5339): Unregister receiver:com.oplus.dataprovider.server.A$a@d383a3c
01-22 22:56:41.676 D/BroadcastCompat( 5339): Unregister receiver:com.oplus.dataprovider.server.c2$a@e13fa27
01-22 22:56:41.677 D/BroadcastCompat( 5339): Unregister receiver:com.oplus.dataprovider.server.v$a@be3a972
01-22 22:56:41.680 D/BroadcastCompat( 5339): Unregister receiver:com.oplus.dataprovider.server.h1$a@63eeabe
01-22 22:56:41.684 I/OplusAppSwitchManagerService( 1748): appswitch unregisterAppSwitchObserver pkgName = com.oplus.onetrace config = OplusAppSwitchConfig = {  mConfigs = {} observerFingerPrint = 128033648}
01-22 22:56:41.684 I/OplusAppSwitchStateDispatcher( 1748): unregisterAppSwitchObserver ok, pkgName = com.oplus.onetrace info = OplusAppSwitchRuleInfo = {  observer = null observerFingerPrint = 128033648}
01-22 22:56:41.685 E/DualChannelStateProvider( 5339): Method removeWifiEventCallback does not exist: java.lang.NoSuchMethodError: No virtual method removeWifiEventCallback(Landroid/net/wifi/OplusWifiEventCallback;)V in class Landroid/net/wifi/OplusWifiManager; or its super classes (declaration of 'android.net.wifi.OplusWifiManager' appears in /system/framework/oplus-framework.jar)
01-22 22:56:41.685 D/BroadcastCompat( 5339): Unregister receiver:com.oplus.dataprovider.server.l$a@e02f60f
01-22 22:56:41.688 D/ClientMessengerHelper(25296): Succeed unregister client: com.oplus.onetrace
01-22 22:56:41.692 D/ClientMessengerHelper(25296): clear all clients
01-22 22:56:41.692 D/AbnormalEventDispatchService(25296): Destroy and clear clients
01-22 22:56:41.693 D/BroadcastCompat( 5339): Unregister receiver:com.oplus.dataprovider.server.ThermalControlStatsProvider$a@8dcc8a0
01-22 22:56:41.702 W/ActivityManager( 1748): Unbind failed: could not find connection for android.os.BinderProxy@a1d8b36
01-22 22:56:41.704 D/BroadcastCompat( 5339): Unregister receiver:com.oplus.dataprovider.server.o1$b@35dada3
01-22 22:56:41.764 I/OplusPerfCount(  966): The num of blur fliter in last 60010 ms is: 55
01-22 22:56:41.765 I/Quality (  966): SFJankCountInfo: 23;0;0-0-0-0-0-0-0-0-0-0;1-0-0-0-0-0-0-0-0-0;2-0-0-0-0-0-0-0-0-0;3-0-0-0-0-0-0-0-0-0;4-0-0-0-0-0-0-0-0-0;5-0-0-0-0-0-0-0-0-0;6-0-0-0-0-0-0-0-0-0;7-0-0-0-0-0-0-0-0-0;8-0-0-0-0-0-0-0-0-0;9-0-0-0-0-0-0-0-0-0;
01-22 22:56:41.765 I/OplusPerfCount(  966): The layer number in last 60010ms is: 7 layer, 45 time, 
01-22 22:56:42.085 E/WiseLight(  852): Light=170.000000, del_time=75.000000, light_c=11.000000
01-22 22:56:42.285 E/WiseLight(  852): Light=185.000000, del_time=200.000000, light_c=10.000000
01-22 22:56:42.427 V/bt_stack( 3256): [VERBOSE1:btm_ble_gap.cc(2613)] btm_ble_process_adv_addr: bda=66:**:**:**:f0:b6 addr_type=1
01-22 22:56:42.428 I/bt_btm  ( 3256): LogMsg: btm_ble_process_adv_pkt: pkt_data_len: 25
01-22 22:56:42.428 V/bt_stack( 3256): [VERBOSE1:btm_ble_gap.cc(2613)] btm_ble_process_adv_addr: bda=66:**:**:**:f0:b6 addr_type=1
01-22 22:56:42.428 I/bt_btm  ( 3256): LogMsg: btm_ble_process_adv_pkt: pkt_data_len: 0
01-22 22:56:42.428 I/bt_btif ( 3256): LogMsg: bta_dm_observe_results_cb
01-22 22:56:42.428 I/bt_btif ( 3256): LogMsg: btif_ble_scanner_update_COD 66:a6:c0:ec:f0:b6 cod is 0x000000
01-22 22:56:42.428 I/bt_btif ( 3256): LogMsg: btif_ble_scanner_update_COD cod in config 0x001f00, status=0
01-22 22:56:42.428 I/bt_btif ( 3256): LogMsg: btif_ble_scanner_update_COD invalid cod 0x0, use cod 0x1f00 in config
01-22 22:56:42.428 I/bt_btif ( 3256): LogMsg: bta_scan_results_cb_impl : type 0 channel 0
01-22 22:56:42.428 I/bt_btif ( 3256): LogMsg: bta_scan_results_cb_impl: HAL bt_gatt_callbacks->scanner->scan_result_cb
01-22 22:56:42.428 D/BtGatt.GattService( 3256): onScanResult() - eventType=0x1b, addressType=1, address=66:A6:C0:EC:F0:B6, primaryPhy=1, secondaryPhy=0, advertisingSid=0xff, txPower=127, rssi=-91, periodicAdvInt=0x0, originalAddress=66:A6:C0:EC:F0:B6, type=0, channel=0
01-22 22:56:42.433 I/NearbyDiscovery(22573): (REDACTED) BloomFilterAdvManager: Detected bloom filter but too far away, ignoring. %sm, %s
01-22 22:56:42.433 I/NearbyDiscovery(20067): (REDACTED) BloomFilterAdvManager: Detected bloom filter but too far away, ignoring. %sm, %s
01-22 22:56:42.484 E/WiseLight(  852): Light=171.000000, del_time=200.000000, light_c=11.000000
01-22 22:56:43.065 V/bt_stack( 3256): [VERBOSE1:btm_ble_gap.cc(2613)] btm_ble_process_adv_addr: bda=66:**:**:**:f0:b6 addr_type=1
01-22 22:56:43.065 I/bt_btm  ( 3256): LogMsg: btm_ble_process_adv_pkt: pkt_data_len: 25
01-22 22:56:43.065 V/bt_stack( 3256): [VERBOSE1:btm_ble_gap.cc(2613)] btm_ble_process_adv_addr: bda=66:**:**:**:f0:b6 addr_type=1
01-22 22:56:43.065 I/bt_btm  ( 3256): LogMsg: btm_ble_process_adv_pkt: pkt_data_len: 0
01-22 22:56:43.065 I/bt_btif ( 3256): LogMsg: bta_dm_observe_results_cb
01-22 22:56:43.066 I/bt_btif ( 3256): LogMsg: btif_ble_scanner_update_COD 66:a6:c0:ec:f0:b6 cod is 0x000000
01-22 22:56:43.066 I/bt_btif ( 3256): LogMsg: btif_ble_scanner_update_COD cod in config 0x001f00, status=0
01-22 22:56:43.066 I/bt_btif ( 3256): LogMsg: btif_ble_scanner_update_COD invalid cod 0x0, use cod 0x1f00 in config
01-22 22:56:43.066 I/bt_btif ( 3256): LogMsg: bta_scan_results_cb_impl : type 0 channel 0
01-22 22:56:43.066 I/bt_btif ( 3256): LogMsg: bta_scan_results_cb_impl: HAL bt_gatt_callbacks->scanner->scan_result_cb
01-22 22:56:43.066 D/BtGatt.GattService( 3256): onScanResult() - eventType=0x1b, addressType=1, address=66:A6:C0:EC:F0:B6, primaryPhy=1, secondaryPhy=0, advertisingSid=0xff, txPower=127, rssi=-94, periodicAdvInt=0x0, originalAddress=66:A6:C0:EC:F0:B6, type=0, channel=0
01-22 22:56:43.071 I/NearbyDiscovery(22573): (REDACTED) BloomFilterAdvManager: Detected bloom filter but too far away, ignoring. %sm, %s
01-22 22:56:43.071 I/NearbyDiscovery(22573): (REDACTED) loadFastPairModule: checkFeaturesAreAvailable:%d
01-22 22:56:43.071 I/NearbyDiscovery(22573): loadFastPairModule: FastPair module is downloaded. [CONTEXT service_id=265 ]
01-22 22:56:43.071 I/NearbyDiscovery(20067): (REDACTED) BloomFilterAdvManager: Detected bloom filter but too far away, ignoring. %sm, %s
01-22 22:56:43.071 I/NearbyDiscovery(20067): (REDACTED) loadFastPairModule: checkFeaturesAreAvailable:%d
01-22 22:56:43.071 I/NearbyDiscovery(20067): loadFastPairModule: FastPair module is downloaded. [CONTEXT service_id=265 ]
01-22 22:56:43.085 D/FusionLightExtImpl( 1748): processRawLux stop to shot
01-22 22:56:43.087 D/FusionLightExtImpl( 1748): processRawLux ShotOnce, after outEvent->light = 5.311371, comp_lux = 85.809715, RGB(102.000000, 91.000000, 72.000000), C = 10.000000, threshold = 1000, mBrightLevel = 1043
01-22 22:56:43.178 D/CompatibilityChangeReporter( 1748): Compat change id reported: 161252188; UID 10851; state: DISABLED
01-22 22:56:43.179 I/ActivityTaskManager( 1748): START u0 {flg=0x10000000 cmp=com.wholexale.app.staging/com.wholexale.app.MainActivity mCallingUid=2000} from uid 2000
01-22 22:56:43.180 I/mtkpower_client( 1748): perf_lock_rel, hdl:61394, tid:2280
01-22 22:56:43.180 I/mtkpower_client( 1748): perf_lock_acq, hdl:61394, dur:0, num:10, tid:2280
01-22 22:56:43.180 I/libPowerHal(  859): [perfLockRel] hdl:61394, idx:0
01-22 22:56:43.181 I/libPowerHal(  859): [PD] system_server update cmd:2004100 param:2
01-22 22:56:43.183 I/mtkpower_client( 1748): ret_hdl:61418
01-22 22:56:43.183 D/CompatibilityChangeReporter( 1748): Compat change id reported: 194480991; UID 10851; state: ENABLED
01-22 22:56:43.184 I/libPowerHal(  859): system_server: cpu_ctrl set cpu freq: 1275000 -1 2200000 -1
01-22 22:56:43.185 D/OplusZoomWindowRUSConfigManager( 1748): isSupportZoomModeWithPolicyLocked: target = com.wholexale.app.staging/com.wholexale.app.MainActivity
01-22 22:56:43.185 D/OplusZoomWindowRUSConfigManager( 1748): targetPkg = com.wholexale.app.staging
01-22 22:56:43.185 V/OplusZoomWindowManagerService( 1748): unSupportZoom: false ,callingPid: 6679 ,sourceStack: null
01-22 22:56:43.193 D/CompatibilityChangeReporter( 1748): Compat change id reported: 194833441; UID 10851; state: ENABLED
01-22 22:56:43.193 D/OplusUIFirst_FB( 1748): com.wholexale.app.staging activity event: []
01-22 22:56:43.193 D/OplusUIFirst_FB( 1748): List of ThreadOp: size=0 []
01-22 22:56:43.198 D/OplusFullScreenDisplayManager( 1748): adjustWindowParamsLw com.wholexale.app.staging, no change cutoutMode: 0
01-22 22:56:43.198 V/WindowManager( 1748): Relayout Window{8943cb8 u0 com.wholexale.app.staging/com.wholexale.app.MainActivity}: viewVisibility=0, oldvis=0, req=1080x2400
01-22 22:56:43.207 I/PowerHalWrapper( 1748): amsBoostStop AMS_BOOST_PACK_SWITCH:false, AMS_BOOST_ACT_SWITCH:false, AMS_BOOST_PROCESS_CREATE:false 
01-22 22:56:43.212 D/IMGMemtrackHAL(  849): hal_get_memory: memtrack cache rebuild was required
01-22 22:56:43.223 V/bt_stack( 3256): [VERBOSE1:btm_ble_gap.cc(2613)] btm_ble_process_adv_addr: bda=66:**:**:**:f0:b6 addr_type=1
01-22 22:56:43.223 I/bt_btm  ( 3256): LogMsg: btm_ble_process_adv_pkt: pkt_data_len: 25
01-22 22:56:43.223 V/bt_stack( 3256): [VERBOSE1:btm_ble_gap.cc(2613)] btm_ble_process_adv_addr: bda=66:**:**:**:f0:b6 addr_type=1
01-22 22:56:43.223 I/bt_btm  ( 3256): LogMsg: btm_ble_process_adv_pkt: pkt_data_len: 0
01-22 22:56:43.223 I/bt_btif ( 3256): LogMsg: bta_dm_observe_results_cb
01-22 22:56:43.223 I/bt_btif ( 3256): LogMsg: btif_ble_scanner_update_COD 66:a6:c0:ec:f0:b6 cod is 0x000000
01-22 22:56:43.223 I/bt_btif ( 3256): LogMsg: btif_ble_scanner_update_COD cod in config 0x001f00, status=0
01-22 22:56:43.223 I/bt_btif ( 3256): LogMsg: btif_ble_scanner_update_COD invalid cod 0x0, use cod 0x1f00 in config
01-22 22:56:43.223 I/bt_btif ( 3256): LogMsg: bta_scan_results_cb_impl : type 0 channel 0
01-22 22:56:43.224 I/bt_btif ( 3256): LogMsg: bta_scan_results_cb_impl: HAL bt_gatt_callbacks->scanner->scan_result_cb
01-22 22:56:43.224 D/BtGatt.GattService( 3256): onScanResult() - eventType=0x1b, addressType=1, address=66:A6:C0:EC:F0:B6, primaryPhy=1, secondaryPhy=0, advertisingSid=0xff, txPower=127, rssi=-94, periodicAdvInt=0x0, originalAddress=66:A6:C0:EC:F0:B6, type=0, channel=0
01-22 22:56:43.226 I/NearbyDiscovery(20067): (REDACTED) BloomFilterAdvManager: Detected bloom filter but too far away, ignoring. %sm, %s
01-22 22:56:43.232 I/NearbyDiscovery(22573): (REDACTED) BloomFilterAdvManager: Detected bloom filter but too far away, ignoring. %sm, %s
01-22 22:56:43.684 I/mtkpower_client( 1748): perf_lock_rel, hdl:61418, tid:2280
01-22 22:56:43.685 I/mtkpower_client( 1748): perf_lock_acq, hdl:61418, dur:0, num:4, tid:2280
01-22 22:56:43.685 I/libPowerHal(  859): [perfLockRel] hdl:61418, idx:0
01-22 22:56:43.685 I/libPowerHal(  859): system_server: cpu_ctrl set cpu freq: -1 -1 -1 -1
01-22 22:56:43.685 I/libPowerHal(  859): [PD] system_server update cmd:1c3c000 param:1
01-22 22:56:43.686 I/libPowerHal(  859): [PD] (more) /proc/mcdi/state set +prefix:enable 1;
01-22 22:56:43.686 I/libPowerHal(  859): [PD] system_server update cmd:2004100 param:2
01-22 22:56:43.687 I/mtkpower_client( 1748): ret_hdl:61419
01-22 22:56:43.870 V/bt_stack( 3256): [VERBOSE1:btm_ble_gap.cc(2613)] btm_ble_process_adv_addr: bda=66:**:**:**:f0:b6 addr_type=1
01-22 22:56:43.871 I/bt_btm  ( 3256): LogMsg: btm_ble_process_adv_pkt: pkt_data_len: 25
01-22 22:56:43.871 V/bt_stack( 3256): [VERBOSE1:btm_ble_gap.cc(2613)] btm_ble_process_adv_addr: bda=66:**:**:**:f0:b6 addr_type=1
01-22 22:56:43.871 I/bt_btm  ( 3256): LogMsg: btm_ble_process_adv_pkt: pkt_data_len: 0
01-22 22:56:43.871 I/bt_btif ( 3256): LogMsg: bta_dm_observe_results_cb
01-22 22:56:43.871 I/bt_btif ( 3256): LogMsg: btif_ble_scanner_update_COD 66:a6:c0:ec:f0:b6 cod is 0x000000
01-22 22:56:43.871 I/bt_btif ( 3256): LogMsg: btif_ble_scanner_update_COD cod in config 0x001f00, status=0
01-22 22:56:43.871 I/bt_btif ( 3256): LogMsg: btif_ble_scanner_update_COD invalid cod 0x0, use cod 0x1f00 in config
01-22 22:56:43.872 I/bt_btif ( 3256): LogMsg: bta_scan_results_cb_impl : type 0 channel 0
01-22 22:56:43.872 I/bt_btif ( 3256): LogMsg: bta_scan_results_cb_impl: HAL bt_gatt_callbacks->scanner->scan_result_cb
01-22 22:56:43.872 D/BtGatt.GattService( 3256): onScanResult() - eventType=0x1b, addressType=1, address=66:A6:C0:EC:F0:B6, primaryPhy=1, secondaryPhy=0, advertisingSid=0xff, txPower=127, rssi=-85, periodicAdvInt=0x0, originalAddress=66:A6:C0:EC:F0:B6, type=0, channel=0
01-22 22:56:43.876 I/NearbyDiscovery(20067): (REDACTED) BloomFilterAdvManager: Detected bloom filter but too far away, ignoring. %sm, %s
01-22 22:56:43.877 I/NearbyDiscovery(22573): (REDACTED) BloomFilterAdvManager: Detected bloom filter but too far away, ignoring. %sm, %s
01-22 22:56:44.676 V/bt_stack( 3256): [VERBOSE1:btm_ble_gap.cc(2613)] btm_ble_process_adv_addr: bda=66:**:**:**:f0:b6 addr_type=1
01-22 22:56:44.676 I/bt_btm  ( 3256): LogMsg: btm_ble_process_adv_pkt: pkt_data_len: 25
01-22 22:56:44.677 V/bt_stack( 3256): [VERBOSE1:btm_ble_gap.cc(2613)] btm_ble_process_adv_addr: bda=66:**:**:**:f0:b6 addr_type=1
01-22 22:56:44.677 I/bt_btm  ( 3256): LogMsg: btm_ble_process_adv_pkt: pkt_data_len: 0
01-22 22:56:44.677 I/bt_btif ( 3256): LogMsg: bta_dm_observe_results_cb
01-22 22:56:44.677 I/bt_btif ( 3256): LogMsg: btif_ble_scanner_update_COD 66:a6:c0:ec:f0:b6 cod is 0x000000
01-22 22:56:44.677 I/bt_btif ( 3256): LogMsg: btif_ble_scanner_update_COD cod in config 0x001f00, status=0
01-22 22:56:44.677 I/bt_btif ( 3256): LogMsg: btif_ble_scanner_update_COD invalid cod 0x0, use cod 0x1f00 in config
01-22 22:56:44.677 I/bt_btif ( 3256): LogMsg: bta_scan_results_cb_impl : type 0 channel 0
01-22 22:56:44.678 I/bt_btif ( 3256): LogMsg: bta_scan_results_cb_impl: HAL bt_gatt_callbacks->scanner->scan_result_cb
01-22 22:56:44.678 D/BtGatt.GattService( 3256): onScanResult() - eventType=0x1b, addressType=1, address=66:A6:C0:EC:F0:B6, primaryPhy=1, secondaryPhy=0, advertisingSid=0xff, txPower=127, rssi=-90, periodicAdvInt=0x0, originalAddress=66:A6:C0:EC:F0:B6, type=0, channel=0
01-22 22:56:44.682 I/NearbyDiscovery(20067): (REDACTED) BloomFilterAdvManager: Detected bloom filter but too far away, ignoring. %sm, %s
01-22 22:56:44.682 I/NearbyDiscovery(22573): (REDACTED) BloomFilterAdvManager: Detected bloom filter but too far away, ignoring. %sm, %s
01-22 22:56:45.486 D/AALLightSensor( 1193): oldLux=4 [SA:4 LA:3] newLux=4 (oriLux: 5)
01-22 22:56:46.103 V/bt_stack( 3256): [VERBOSE1:btm_ble_gap.cc(2613)] btm_ble_process_adv_addr: bda=66:**:**:**:f0:b6 addr_type=1
01-22 22:56:46.104 I/bt_btm  ( 3256): LogMsg: btm_ble_process_adv_pkt: pkt_data_len: 25
01-22 22:56:46.104 V/bt_stack( 3256): [VERBOSE1:btm_ble_gap.cc(2613)] btm_ble_process_adv_addr: bda=66:**:**:**:f0:b6 addr_type=1
01-22 22:56:46.104 I/bt_btm  ( 3256): LogMsg: btm_ble_process_adv_pkt: pkt_data_len: 0
01-22 22:56:46.104 I/bt_btif ( 3256): LogMsg: bta_dm_observe_results_cb
01-22 22:56:46.104 I/bt_btif ( 3256): LogMsg: btif_ble_scanner_update_COD 66:a6:c0:ec:f0:b6 cod is 0x000000
01-22 22:56:46.105 I/bt_btif ( 3256): LogMsg: btif_ble_scanner_update_COD cod in config 0x001f00, status=0
01-22 22:56:46.105 I/bt_btif ( 3256): LogMsg: btif_ble_scanner_update_COD invalid cod 0x0, use cod 0x1f00 in config
01-22 22:56:46.105 I/bt_btif ( 3256): LogMsg: bta_scan_results_cb_impl : type 0 channel 0
01-22 22:56:46.105 I/bt_btif ( 3256): LogMsg: bta_scan_results_cb_impl: HAL bt_gatt_callbacks->scanner->scan_result_cb
01-22 22:56:46.105 D/BtGatt.GattService( 3256): onScanResult() - eventType=0x1b, addressType=1, address=66:A6:C0:EC:F0:B6, primaryPhy=1, secondaryPhy=0, advertisingSid=0xff, txPower=127, rssi=-84, periodicAdvInt=0x0, originalAddress=66:A6:C0:EC:F0:B6, type=0, channel=0
01-22 22:56:46.109 I/NearbyDiscovery(20067): (REDACTED) BloomFilterAdvManager: Detected bloom filter but too far away, ignoring. %sm, %s
01-22 22:56:46.109 I/NearbyDiscovery(22573): (REDACTED) BloomFilterAdvManager: Detected bloom filter but too far away, ignoring. %sm, %s
01-22 22:56:46.702 I/AlarmManager(20067): setExactAndAllowWhileIdle [name: GCM_HB_ALARM type: 2 triggerAtMillis: 135707827]
01-22 22:56:46.719 I/AlarmManager(20067): setExactAndAllowWhileIdle [name: FcmRetry type: 2 triggerAtMillis: 135467843]
01-22 22:56:46.733 V/bt_stack( 3256): [VERBOSE1:btm_ble_gap.cc(2613)] btm_ble_process_adv_addr: bda=66:**:**:**:f0:b6 addr_type=1
01-22 22:56:46.733 I/bt_btm  ( 3256): LogMsg: btm_ble_process_adv_pkt: pkt_data_len: 25
01-22 22:56:46.733 V/bt_stack( 3256): [VERBOSE1:btm_ble_gap.cc(2613)] btm_ble_process_adv_addr: bda=66:**:**:**:f0:b6 addr_type=1
01-22 22:56:46.734 I/bt_btm  ( 3256): LogMsg: btm_ble_process_adv_pkt: pkt_data_len: 0
01-22 22:56:46.734 I/bt_btif ( 3256): LogMsg: bta_dm_observe_results_cb
01-22 22:56:46.734 I/bt_btif ( 3256): LogMsg: btif_ble_scanner_update_COD 66:a6:c0:ec:f0:b6 cod is 0x000000
01-22 22:56:46.734 I/bt_btif ( 3256): LogMsg: btif_ble_scanner_update_COD cod in config 0x001f00, status=0
01-22 22:56:46.734 I/bt_btif ( 3256): LogMsg: btif_ble_scanner_update_COD invalid cod 0x0, use cod 0x1f00 in config
01-22 22:56:46.734 I/bt_btif ( 3256): LogMsg: bta_scan_results_cb_impl : type 0 channel 0
01-22 22:56:46.734 I/bt_btif ( 3256): LogMsg: bta_scan_results_cb_impl: HAL bt_gatt_callbacks->scanner->scan_result_cb
01-22 22:56:46.734 D/BtGatt.GattService( 3256): onScanResult() - eventType=0x1b, addressType=1, address=66:A6:C0:EC:F0:B6, primaryPhy=1, secondaryPhy=0, advertisingSid=0xff, txPower=127, rssi=-92, periodicAdvInt=0x0, originalAddress=66:A6:C0:EC:F0:B6, type=0, channel=0
01-22 22:56:46.741 I/NearbyDiscovery(20067): (REDACTED) BloomFilterAdvManager: Detected bloom filter but too far away, ignoring. %sm, %s
01-22 22:56:46.741 I/NearbyDiscovery(22573): (REDACTED) BloomFilterAdvManager: Detected bloom filter but too far away, ignoring. %sm, %s
01-22 22:56:46.753 D/CompatibilityChangeReporter( 1748): Compat change id reported: 135634846; UID 10186; state: DISABLED
01-22 22:56:46.753 D/CompatibilityChangeReporter( 1748): Compat change id reported: 177438394; UID 10186; state: DISABLED
01-22 22:56:46.753 D/CompatibilityChangeReporter( 1748): Compat change id reported: 135772972; UID 10186; state: DISABLED
01-22 22:56:46.753 D/CompatibilityChangeReporter( 1748): Compat change id reported: 135754954; UID 10186; state: ENABLED
01-22 22:56:46.755 D/CompatibilityChangeReporter( 1748): Compat change id reported: 143937733; UID 10186; state: ENABLED
01-22 22:56:46.758 E/system_server( 1748): updateValue is called with a value {0, 0, 0, 0, 0, 0, 0, 0, 0, 0, 0, 0, 0, 0, 0, 0, 0, 0, 0, 0, 0, 0, 0, 0, 0, 0, 0, 0, 0, 0, 0, 0}, which is lower than the previous value {217, 75, 79, 88, 103, 26, 4, 31, 0, 0, 3155, 0, 0, 1, 0, 8, 31, 0, 0, 22, 19, 0, 0, 0, 3, 0, 0, 0, 0, 0, 0, 1}
01-22 22:56:46.776 D/Zygote  (  819): Forked child process 6690
01-22 22:56:46.779 I/ActivityManager( 1748): Start proc 6690:in.cricketexchange.app.cricketexchange:light/u0a186 for broadcast {in.cricketexchange.app.cricketexchange/com.google.firebase.iid.FirebaseInstanceIdReceiver}
01-22 22:56:46.780 D/OplusUIFirst_FB( 1748): in.cricketexchange.app.cricketexchange proc start: 10186 6690 false in.cricketexchange.app.cricketexchange:light
01-22 22:56:46.780 D/OplusUIFirst_FB( 1748): in.cricketexchange.app.cricketexchange start process: []
01-22 22:56:46.780 D/OplusUIFirst_FB( 1748): List of ThreadOp: size=0 []
01-22 22:56:46.794 E/texchange:light( 6690): Unknown bits set in runtime_flags: 0x40000000
01-22 22:56:46.795 I/texchange:light( 6690): Using CollectorTypeCC GC.
01-22 22:56:46.801 D/nativeloader( 6690): Load libframework-connectivity-tiramisu-jni.so using APEX ns com_android_tethering for caller /apex/com.android.tethering/javalib/framework-connectivity-t.jar: ok
01-22 22:56:46.809 I/OneTrace( 6690): Mark active for pid=6690? true
01-22 22:56:46.809 D/cutils-dev( 6690): otrace_set_tracing_enabled? true
01-22 22:56:46.810 E/texchange:light( 6690): Could not write anonymous vdex /system/framework/oat/arm64/mediatek-framework.vdex: Could not open /system/framework/oat/arm64/mediatek-framework.vdex for writing
01-22 22:56:46.814 D/RGBNormalizeServer( 1748): OplusRGBNormalize feature enabled ? false
01-22 22:56:46.815 D/cutils-dev( 6690): properties changed in otrace_seq_number_changed!
01-22 22:56:46.817 V/ActivityThread( 6690): scheduleReceiver info = ActivityInfo{776b100 com.google.firebase.iid.FirebaseInstanceIdReceiver} intent = Intent { act=com.google.android.c2dm.intent.RECEIVE flg=0x1080010 pkg=in.cricketexchange.app.cricketexchange cmp=in.cricketexchange.app.cricketexchange/com.google.firebase.iid.FirebaseInstanceIdReceiver (has extras) } sync = true hasCode = 205683743
01-22 22:56:46.819 I/OplusHansManager ( 1748): onUidActive(), uid=10186, pkgName=in.cricketexchange.app.cricketexchange, can enter SM
01-22 22:56:46.819 I/OplusHansManager ( 1748): onUidActive() update stay time, uid=10186, pkgName=in.cricketexchange.app.cricketexchange, U stay=3904
01-22 22:56:46.819 I/OplusHansManager ( 1748): uid=10186, pkg=in.cricketexchange.app.cricketexchange enter SM
01-22 22:56:46.819 I/OplusHansManager ( 1748): uid=10186, pkg=in.cricketexchange.app.cricketexchange R enter(), D stay=0
01-22 22:56:46.820 D/CompatibilityChangeReporter( 6690): Compat change id reported: 171979766; UID 10186; state: ENABLED
01-22 22:56:46.820 I/oplus.android.OplusFrameworkFactoryImpl( 6690): get feature:IOplusAutoResolutionFeature
01-22 22:56:46.820 I/oplus.android.OplusFrameworkFactoryImpl( 6690): getOplusAutoResolutionFeature
01-22 22:56:46.833 I/OplusFeatureCache( 6690): Milliseconds spent on init(): 11
01-22 22:56:46.834 D/CompactWindowAppManager( 6690): initCompactApplicationInfo 
01-22 22:56:46.845 W/libc    ( 6690): Access denied finding property "ro.odm.prev.product.name"
01-22 22:56:46.847 D/LoadedApk( 6690): mApplicationInfo overrideDisplayId:null
01-22 22:56:46.855 D/nativeloader( 6690): Configuring clns-4 for other apk /system/framework/org.apache.http.legacy.jar. target_sdk_version=35, uses_libraries=ALL, library_path=/data/app/~~I-ainbp4nTcTpzTrRcqJ4g==/in.cricketexchange.app.cricketexchange-Xq407EIY8DeJkiHo2oEG8Q==/lib/arm64:/data/app/~~I-ainbp4nTcTpzTrRcqJ4g==/in.cricketexchange.app.cricketexchange-Xq407EIY8DeJkiHo2oEG8Q==/base.apk!/lib/arm64-v8a:/data/app/~~I-ainbp4nTcTpzTrRcqJ4g==/in.cricketexchange.app.cricketexchange-Xq407EIY8DeJkiHo2oEG8Q==/split_config.arm64_v8a.apk!/lib/arm64-v8a:/data/app/~~I-ainbp4nTcTpzTrRcqJ4g==/in.cricketexchange.app.cricketexchange-Xq407EIY8DeJkiHo2oEG8Q==/split_config.xxhdpi.apk!/lib/arm64-v8a, permitted_path=/data:/mnt/expand:/data/user/0/in.cricketexchange.app.cricketexchange
01-22 22:56:46.855 D/nativeloader( 6690): Extending system_exposed_libraries: libapuwareapusys.mtk.so:libapuwareapusys_v2.mtk.so:libapuwarexrp.mtk.so:libapuwarexrp_v2.mtk.so:libapuwareutils.mtk.so:libapuwareutils_v2.mtk.so:libapuwarehmp.mtk.so:libmcv_runtime_usdk.mtk.so:libneuron_graph_delegate.mtk.so:libneuronusdk_adapter.mtk.so:libtflite_mtk.mtk.so:libarmnn_ndk.mtk.so:libcmdl_ndk.mtk.so:libnir_neon_driver_ndk.mtk.so:libmvpu_runtime.mtk.so:libmvpu_runtime_pub.mtk.so:libmvpu_engine_pub.mtk.so:libmvpu_pattern_pub.mtk.so:libmvpuop_mtk_cv.mtk.so:libmvpuop_mtk_nn.mtk.so:libteeservice_client.trustonic.so:libSloganJni.oplus.so:libsuperNight.oplus.so
01-22 22:56:46.860 D/nativeloader( 6690): Configuring clns-5 for other apk /system_ext/framework/androidx.window.extensions.jar. target_sdk_version=35, uses_libraries=ALL, library_path=/data/app/~~I-ainbp4nTcTpzTrRcqJ4g==/in.cricketexchange.app.cricketexchange-Xq407EIY8DeJkiHo2oEG8Q==/lib/arm64:/data/app/~~I-ainbp4nTcTpzTrRcqJ4g==/in.cricketexchange.app.cricketexchange-Xq407EIY8DeJkiHo2oEG8Q==/base.apk!/lib/arm64-v8a:/data/app/~~I-ainbp4nTcTpzTrRcqJ4g==/in.cricketexchange.app.cricketexchange-Xq407EIY8DeJkiHo2oEG8Q==/split_config.arm64_v8a.apk!/lib/arm64-v8a:/data/app/~~I-ainbp4nTcTpzTrRcqJ4g==/in.cricketexchange.app.cricketexchange-Xq407EIY8DeJkiHo2oEG8Q==/split_config.xxhdpi.apk!/lib/arm64-v8a, permitted_path=/data:/mnt/expand:/data/user/0/in.cricketexchange.app.cricketexchange
01-22 22:56:46.860 D/nativeloader( 6690): Extending system_exposed_libraries: libapuwareapusys.mtk.so:libapuwareapusys_v2.mtk.so:libapuwarexrp.mtk.so:libapuwarexrp_v2.mtk.so:libapuwareutils.mtk.so:libapuwareutils_v2.mtk.so:libapuwarehmp.mtk.so:libmcv_runtime_usdk.mtk.so:libneuron_graph_delegate.mtk.so:libneuronusdk_adapter.mtk.so:libtflite_mtk.mtk.so:libarmnn_ndk.mtk.so:libcmdl_ndk.mtk.so:libnir_neon_driver_ndk.mtk.so:libmvpu_runtime.mtk.so:libmvpu_runtime_pub.mtk.so:libmvpu_engine_pub.mtk.so:libmvpu_pattern_pub.mtk.so:libmvpuop_mtk_cv.mtk.so:libmvpuop_mtk_nn.mtk.so:libteeservice_client.trustonic.so:libSloganJni.oplus.so:libsuperNight.oplus.so
01-22 22:56:46.864 D/nativeloader( 6690): Configuring clns-6 for other apk /system_ext/framework/androidx.window.sidecar.jar. target_sdk_version=35, uses_libraries=ALL, library_path=/data/app/~~I-ainbp4nTcTpzTrRcqJ4g==/in.cricketexchange.app.cricketexchange-Xq407EIY8DeJkiHo2oEG8Q==/lib/arm64:/data/app/~~I-ainbp4nTcTpzTrRcqJ4g==/in.cricketexchange.app.cricketexchange-Xq407EIY8DeJkiHo2oEG8Q==/base.apk!/lib/arm64-v8a:/data/app/~~I-ainbp4nTcTpzTrRcqJ4g==/in.cricketexchange.app.cricketexchange-Xq407EIY8DeJkiHo2oEG8Q==/split_config.arm64_v8a.apk!/lib/arm64-v8a:/data/app/~~I-ainbp4nTcTpzTrRcqJ4g==/in.cricketexchange.app.cricketexchange-Xq407EIY8DeJkiHo2oEG8Q==/split_config.xxhdpi.apk!/lib/arm64-v8a, permitted_path=/data:/mnt/expand:/data/user/0/in.cricketexchange.app.cricketexchange
01-22 22:56:46.864 D/nativeloader( 6690): Extending system_exposed_libraries: libapuwareapusys.mtk.so:libapuwareapusys_v2.mtk.so:libapuwarexrp.mtk.so:libapuwarexrp_v2.mtk.so:libapuwareutils.mtk.so:libapuwareutils_v2.mtk.so:libapuwarehmp.mtk.so:libmcv_runtime_usdk.mtk.so:libneuron_graph_delegate.mtk.so:libneuronusdk_adapter.mtk.so:libtflite_mtk.mtk.so:libarmnn_ndk.mtk.so:libcmdl_ndk.mtk.so:libnir_neon_driver_ndk.mtk.so:libmvpu_runtime.mtk.so:libmvpu_runtime_pub.mtk.so:libmvpu_engine_pub.mtk.so:libmvpu_pattern_pub.mtk.so:libmvpuop_mtk_cv.mtk.so:libmvpuop_mtk_nn.mtk.so:libteeservice_client.trustonic.so:libSloganJni.oplus.so:libsuperNight.oplus.so
01-22 22:56:46.892 I/thermal_repeater( 1170): [recvMdThermalInfo] ret=29, strLen=127,  1, 32767,,, 197, 32767, 9462
01-22 22:56:46.978 W/texchange:light( 6690): Failed to find entry 'classes.dex': Entry not found
01-22 22:56:46.980 W/texchange:light( 6690): Failed to find entry 'classes.dex': Entry not found
01-22 22:56:46.981 D/nativeloader( 6690): Configuring clns-7 for other apk /data/app/~~I-ainbp4nTcTpzTrRcqJ4g==/in.cricketexchange.app.cricketexchange-Xq407EIY8DeJkiHo2oEG8Q==/base.apk:/data/app/~~I-ainbp4nTcTpzTrRcqJ4g==/in.cricketexchange.app.cricketexchange-Xq407EIY8DeJkiHo2oEG8Q==/split_config.arm64_v8a.apk:/data/app/~~I-ainbp4nTcTpzTrRcqJ4g==/in.cricketexchange.app.cricketexchange-Xq407EIY8DeJkiHo2oEG8Q==/split_config.xxhdpi.apk. target_sdk_version=35, uses_libraries=, library_path=/data/app/~~I-ainbp4nTcTpzTrRcqJ4g==/in.cricketexchange.app.cricketexchange-Xq407EIY8DeJkiHo2oEG8Q==/lib/arm64:/data/app/~~I-ainbp4nTcTpzTrRcqJ4g==/in.cricketexchange.app.cricketexchange-Xq407EIY8DeJkiHo2oEG8Q==/base.apk!/lib/arm64-v8a:/data/app/~~I-ainbp4nTcTpzTrRcqJ4g==/in.cricketexchange.app.cricketexchange-Xq407EIY8DeJkiHo2oEG8Q==/split_config.arm64_v8a.apk!/lib/arm64-v8a:/data/app/~~I-ainbp4nTcTpzTrRcqJ4g==/in.cricketexchange.app.cricketexchange-Xq407EIY8DeJkiHo2oEG8Q==/split_config.xxhdpi.apk!/lib/arm64-v8a, permitted_path=/data:/mnt/expand:/data/user/0/in.cric
01-22 22:56:47.017 D/nativeloader( 6690): Load libframework-connectivity-jni.so using APEX ns com_android_tethering for caller /apex/com.android.tethering/javalib/framework-connectivity.jar: ok
01-22 22:56:47.021 V/GraphicsEnvironment( 6690): ANGLE Developer option for 'in.cricketexchange.app.cricketexchange' set to: 'default'
01-22 22:56:47.022 V/GraphicsEnvironment( 6690): ANGLE GameManagerService for in.cricketexchange.app.cricketexchange: false
01-22 22:56:47.022 V/GraphicsEnvironment( 6690): Neither updatable production driver nor prerelease driver is supported.
01-22 22:56:47.028 D/NetworkSecurityConfig( 6690): Using Network Security Config from resource network_security_config debugBuild: false
01-22 22:56:47.030 D/NetworkSecurityConfig( 6690): Using Network Security Config from resource network_security_config debugBuild: false
01-22 22:56:47.064 D/nativeloader( 6690): Load /data/app/~~I-ainbp4nTcTpzTrRcqJ4g==/in.cricketexchange.app.cricketexchange-Xq407EIY8DeJkiHo2oEG8Q==/split_config.arm64_v8a.apk!/lib/arm64-v8a/libnative-lib.so using class loader ns clns-7 (caller=/data/app/~~I-ainbp4nTcTpzTrRcqJ4g==/in.cricketexchange.app.cricketexchange-Xq407EIY8DeJkiHo2oEG8Q==/base.apk!classes10.dex): ok
01-22 22:56:47.148 D/CompatibilityChangeReporter( 6690): Compat change id reported: 183155436; UID 10186; state: ENABLED
01-22 22:56:47.175 D/SessionsDependencies( 6690): Dependency to CRASHLYTICS added.
01-22 22:56:47.179 I/FirebaseApp( 6690): Device unlocked: initializing all Firebase APIs for app [DEFAULT]
01-22 22:56:47.183 I/FirebaseCrashlytics( 6690): Initializing Firebase Crashlytics 19.4.4 for in.cricketexchange.app.cricketexchange
01-22 22:56:47.222 D/SessionsDependencies( 6690): Subscriber CRASHLYTICS registered.
01-22 22:56:47.247 W/texchange:light( 6690): ClassLoaderContext classpath size mismatch. expected=1, found=0 (DLC[];PCL[base.apk*218817481]{PCL[/system/framework/org.apache.http.legacy.jar*437381499]#PCL[/system/framework/com.android.location.provider.jar*3868789109]#PCL[/system/framework/com.android.media.remotedisplay.jar*3886290638]#PCL[/system_ext/framework/androidx.window.extensions.jar*2647316047]#PCL[/system_ext/framework/androidx.window.sidecar.jar*2604584306]} | DLC[];PCL[])
01-22 22:56:47.252 I/DynamiteModule( 6690): Considering local module com.google.android.gms.measurement.dynamite:152 and remote module com.google.android.gms.measurement.dynamite:175
01-22 22:56:47.252 I/DynamiteModule( 6690): Selected remote version of com.google.android.gms.measurement.dynamite, version >= 175
01-22 22:56:47.252 V/DynamiteModule( 6690): Dynamite loader version >= 2, using loadModule2NoCrashUtils
01-22 22:56:47.260 D/CompatibilityChangeReporter( 1748): Compat change id reported: 161145287; UID 10186; state: DISABLED
01-22 22:56:47.267 W/System  ( 6690): ClassLoader referenced unknown path: 
01-22 22:56:47.268 D/nativeloader( 6690): Configuring clns-8 for other apk . target_sdk_version=36, uses_libraries=, library_path=/data/app/~~ELby_H2hT9EwXjHsIWTweg==/com.google.android.gms-lnT4HCbVAT6U8P0lsxDlfw==/lib/arm64:/data/app/~~ELby_H2hT9EwXjHsIWTweg==/com.google.android.gms-lnT4HCbVAT6U8P0lsxDlfw==/base.apk!/lib/arm64-v8a, permitted_path=/data:/mnt/expand:/data/user/0/com.google.android.gms
01-22 22:56:47.286 W/texchange:light( 6690): ClassLoaderContext classpath element checksum mismatch. expected=218817481, found=578932328 (DLC[];PCL[base.apk*218817481]{PCL[/system/framework/org.apache.http.legacy.jar*437381499]#PCL[/system/framework/com.android.location.provider.jar*3868789109]#PCL[/system/framework/com.android.media.remotedisplay.jar*3886290638]#PCL[/system_ext/framework/androidx.window.extensions.jar*2647316047]#PCL[/system_ext/framework/androidx.window.sidecar.jar*2604584306]} | DLC[];PCL[/data/app/~~I-ainbp4nTcTpzTrRcqJ4g==/in.cricketexchange.app.cricketexchange-Xq407EIY8DeJkiHo2oEG8Q==/base.apk*578932328]{PCL[/system/framework/org.apache.http.legacy.jar*437381499]#PCL[/system_ext/framework/androidx.window.extensions.jar*2647316047]#PCL[/system_ext/framework/androidx.window.sidecar.jar*2604584306]})
01-22 22:56:47.288 I/FirebaseCrashlytics( 6690): Saved version control info
01-22 22:56:47.289 I/Athena  ( 2605): CommonAction: 22,2499,139,0,0,0,342,0,3028,2310,725,1681,0.0,22
01-22 22:56:47.293 I/FIAM.Headless( 6690): Starting InAppMessaging runtime with Installation ID dAyYPUIuTDqEiGC0K0ix2u
01-22 22:56:47.304 W/Glide   ( 6690): Failed to find GeneratedAppGlideModule. You should include an annotationProcessor compile dependency on com.github.bumptech.glide:compiler in your application and a @GlideModule annotated AppGlideModule implementation or LibraryGlideModules will be silently ignored
01-22 22:56:47.323 D/ConnectivityService( 1748): requestNetwork for uid/pid:10186/6690 activeRequest: null callbackRequest: 16074 [NetworkRequest [ REQUEST id=16075, [ Capabilities: INTERNET&NOT_RESTRICTED&TRUSTED&NOT_VCN_MANAGED Uid: 10186 RequestorUid: 10186 RequestorPkg: in.cricketexchange.app.cricketexchange UnderlyingNetworks: Null] ]] callback flags: 0 order: 2147483647 isUidTracked: false declaredMethods: AVAIL|LOST
01-22 22:56:47.327 D/WifiNetworkFactory( 1748): got request NetworkRequest [ REQUEST id=16075, [ Capabilities: INTERNET&NOT_RESTRICTED&TRUSTED&NOT_VCN_MANAGED Uid: 10186 RequestorUid: 10186 RequestorPkg: in.cricketexchange.app.cricketexchange UnderlyingNetworks: Null] ]
01-22 22:56:47.328 D/UntrustedWifiNetworkFactory( 1748): got request NetworkRequest [ REQUEST id=16075, [ Capabilities: INTERNET&NOT_RESTRICTED&TRUSTED&NOT_VCN_MANAGED Uid: 10186 RequestorUid: 10186 RequestorPkg: in.cricketexchange.app.cricketexchange UnderlyingNetworks: Null] ]
01-22 22:56:47.328 D/OemPaidWifiNetworkFactory( 1748): got request NetworkRequest [ REQUEST id=16075, [ Capabilities: INTERNET&NOT_RESTRICTED&TRUSTED&NOT_VCN_MANAGED Uid: 10186 RequestorUid: 10186 RequestorPkg: in.cricketexchange.app.cricketexchange UnderlyingNetworks: Null] ]
01-22 22:56:47.329 D/MultiInternetWifiNetworkFactory( 1748): got request NetworkRequest [ REQUEST id=16075, [ Capabilities: INTERNET&NOT_RESTRICTED&TRUSTED&NOT_VCN_MANAGED Uid: 10186 RequestorUid: 10186 RequestorPkg: in.cricketexchange.app.cricketexchange UnderlyingNetworks: Null] ]
01-22 22:56:47.330 D/ConnectivityService( 1748): NetReassign [16075 : null → 113] [c 1] [a 2] [i 3]
01-22 22:56:47.337 D/FirebaseSessions( 6690): Initializing Firebase Sessions SDK.
01-22 22:56:47.355 W/OplusExSystemServiceHelper(20067): checkOplusExSystemService intent getComponent is null
01-22 22:56:47.357 I/PhenotypeResourceReader(20067): unable to find any Phenotype resource metadata for in.cricketexchange.app.cricketexchange
01-22 22:56:47.377 D/WM-PackageManagerHelper( 6690): Skipping component enablement for androidx.work.impl.background.systemjob.SystemJobService
01-22 22:56:47.377 D/WM-Schedulers( 6690): Created SystemJobScheduler and enabled SystemJobService
01-22 22:56:47.379 D/WM-ForceStopRunnable( 6690): The default process name was not specified.
01-22 22:56:47.379 D/WM-ForceStopRunnable( 6690): Performing cleanup operations.
01-22 22:56:47.385 D/LifecycleServiceBinder( 6690): Binding service to application.
01-22 22:56:47.389 D/CompatibilityChangeReporter( 1748): Compat change id reported: 135634846; UID 10186; state: DISABLED
01-22 22:56:47.389 D/CompatibilityChangeReporter( 1748): Compat change id reported: 177438394; UID 10186; state: DISABLED
01-22 22:56:47.389 D/CompatibilityChangeReporter( 1748): Compat change id reported: 135772972; UID 10186; state: DISABLED
01-22 22:56:47.389 D/CompatibilityChangeReporter( 1748): Compat change id reported: 135754954; UID 10186; state: ENABLED
01-22 22:56:47.389 D/CompatibilityChangeReporter( 1748): Compat change id reported: 143937733; UID 10186; state: ENABLED
01-22 22:56:47.393 E/texchange:light( 6690): No package ID 6a found for ID 0x6a0b0013.
01-22 22:56:47.393 E/ResourcesImplExt( 6690): the AssetManager's apkAsset: ApkAssets{path=<empty> and /system/framework/framework-res.apk}
01-22 22:56:47.393 E/ResourcesImplExt( 6690): the AssetManager's apkAsset: ApkAssets{path=/my_bigball/overlay/GmsConfigOverlayASI_Infrastructure/GmsConfigOverlayASI_Infrastructure.apk}
01-22 22:56:47.393 E/ResourcesImplExt( 6690): the AssetManager's apkAsset: ApkAssets{path=/my_bigball/overlay/GmsConfigOverlayCommonEx/GmsConfigOverlayCommonEx.apk}
01-22 22:56:47.393 E/ResourcesImplExt( 6690): the AssetManager's apkAsset: ApkAssets{path=/my_bigball/overlay/GmsConfigOverlayComms/GmsConfigOverlayComms.apk}
01-22 22:56:47.393 E/ResourcesImplExt( 6690): the AssetManager's apkAsset: ApkAssets{path=/my_bigball/overlay/GmsConfigOverlayGSA/GmsConfigOverlayGSA.apk}
01-22 22:56:47.393 E/ResourcesImplExt( 6690): the AssetManager's apkAsset: ApkAssets{path=/my_bigball/overlay/GmsConfigOverlayNoSafetyCenter/GmsConfigOverlayNoSafetyCenter.apk}
01-22 22:56:47.393 E/ResourcesImplExt( 6690): the AssetManager's apkAsset: ApkAssets{path=/product/overlay/CaptivePortalLoginFrameworkOverlay.apk}
01-22 22:56:47.393 E/ResourcesImplExt( 6690): the AssetManager's apkAsset: ApkAssets{path=/product/overlay/GoogleExtServicesConfigOverlay.apk}
01-22 22:56:47.393 E/ResourcesImplExt( 6690): the AssetManager's apkAsset: ApkAssets{path=/product/overlay/GooglePermissionControllerFrameworkOverlay.apk}
01-22 22:56:47.393 E/ResourcesImplExt( 6690): the AssetManager's apkAsset: ApkAssets{path=/product/overlay/ModuleMetadataGoogleOverlay.apk}
01-22 22:56:47.393 E/ResourcesImplExt( 6690): the AssetManager's apkAsset: ApkAssets{path=/product/overlay/framework-res__auto_generated_rro_product.apk}
01-22 22:56:47.393 E/ResourcesImplExt( 6690): the AssetManager's apkAsset: ApkAssets{path=/vendor/overlay/FrameworkResOverlay/FrameworkResOverlay.apk}
