01-22 22:56:47.393 E/ResourcesImplExt( 6690): the AssetManager's apkAsset: ApkAssets{path=/my_bigball/overlay/OplusGmsConfigOverlayCommon/OplusGmsConfigOverlayCommon.apk}
01-22 22:56:47.393 E/ResourcesImplExt( 6690): the AssetManager's apkAsset: ApkAssets{path=/vendor/overlay/FrameworkResOverlayExt/FrameworkResOverlayExt.apk}
01-22 22:56:47.393 E/ResourcesImplExt( 6690): the AssetManager's apkAsset: ApkAssets{path=/product/overlay/android_framework_res_overlay.display.product.20291.apk}
01-22 22:56:47.393 E/ResourcesImplExt( 6690): the AssetManager's apkAsset: ApkAssets{path=/system_ext/overlay/framework_res_overlay_Network.apk}
01-22 22:56:47.393 E/ResourcesImplExt( 6690): the AssetManager's apkAsset: ApkAssets{path=/product/overlay/aon_framework_res_overlay.display.product.apk}
01-22 22:56:47.393 E/ResourcesImplExt( 6690): the AssetManager's apkAsset: ApkAssets{path=/system_ext/overlay/ConnectivityBaseOverlay.apk}
01-22 22:56:47.393 E/ResourcesImplExt( 6690): the AssetManager's apkAsset: ApkAssets{path=/system_ext/overlay/OplusFrameworkBluetoothResource.apk}
01-22 22:56:47.393 E/ResourcesImplExt( 6690): the AssetManager's apkAsset: ApkAssets{path=<empty> and /system/app/mediatek-res/mediatek-res.apk}
01-22 22:56:47.393 E/ResourcesImplExt( 6690): the AssetManager's apkAsset: ApkAssets{path=<empty> and /system_ext/framework/oplus-framework-res.apk}
01-22 22:56:47.393 E/ResourcesImplExt( 6690): the AssetManager's apkAsset: ApkAssets{path=/product/overlay/oplus_framework_res_overlay.display.product.20291.apk}
01-22 22:56:47.393 E/ResourcesImplExt( 6690): the AssetManager's apkAsset: ApkAssets{path=/product/overlay/oplus_framework_res_rro_oppo.apk}
01-22 22:56:47.393 E/ResourcesImplExt( 6690): the AssetManager's apkAsset: ApkAssets{path=<empty> and /data/app/~~I-ainbp4nTcTpzTrRcqJ4g==/in.cricketexchange.app.cricketexchange-Xq407EIY8DeJkiHo2oEG8Q==/base.apk}
01-22 22:56:47.393 E/ResourcesImplExt( 6690): the AssetManager's apkAsset: ApkAssets{path=<empty> and /data/app/~~I-ainbp4nTcTpzTrRcqJ4g==/in.cricketexchange.app.cricketexchange-Xq407EIY8DeJkiHo2oEG8Q==/split_config.arm64_v8a.apk}
01-22 22:56:47.393 E/ResourcesImplExt( 6690): the AssetManager's apkAsset: ApkAssets{path=<empty> and /data/app/~~I-ainbp4nTcTpzTrRcqJ4g==/in.cricketexchange.app.cricketexchange-Xq407EIY8DeJkiHo2oEG8Q==/split_config.xxhdpi.apk}
01-22 22:56:47.393 E/ResourcesImplExt( 6690): the AssetManager's apkAsset: ApkAssets{path=/product/overlay/NavigationBarModeGestural/NavigationBarModeGesturalOverlay.apk}
01-22 22:56:47.393 E/ResourcesImplExt( 6690): the AssetManager's apkAsset: ApkAssets{path=/data/resource-cache/com.android.systemui-neutral-rMiZ.frro}
01-22 22:56:47.393 E/ResourcesImplExt( 6690): the AssetManager's apkAsset: ApkAssets{path=/data/resource-cache/com.android.systemui-accent-lSQV.frro}
01-22 22:56:47.395 I/FA      ( 6690): App measurement initialized, version: 151001
01-22 22:56:47.395 I/FA      ( 6690): To enable debug logging run: adb shell setprop log.tag.FA VERBOSE
01-22 22:56:47.395 I/FA      ( 6690): To enable faster debug mode event logging run:
01-22 22:56:47.395 I/FA      ( 6690):   adb shell setprop debug.firebase.analytics.app in.cricketexchange.app.cricketexchange
01-22 22:56:47.398 I/Quality ( 6690): ActivityThread: callApplicationOnCreate delay 304 in.cricketexchange.app.cricketexchange:light 6690
01-22 22:56:47.400 D/OplusActivityManager( 6690): get AMS extension: android.os.BinderProxy@16edc24
01-22 22:56:47.408 D/CompatibilityChangeReporter( 6690): Compat change id reported: 160794467; UID 10186; state: ENABLED
01-22 22:56:47.410 D/Zygote  (  819): Forked child process 6770
01-22 22:56:47.415 W/OplusExSystemServiceHelper(20067): checkOplusExSystemService intent getComponent is null
01-22 22:56:47.420 W/OplusExSystemServiceHelper( 6690): checkOplusExSystemService intent getComponent is null
01-22 22:56:47.423 I/ActivityManager( 1748): Start proc 6770:in.cricketexchange.app.cricketexchange/u0a186 for service {in.cricketexchange.app.cricketexchange/com.google.firebase.sessions.SessionLifecycleService}
01-22 22:56:47.423 D/OplusUIFirst_FB( 1748): in.cricketexchange.app.cricketexchange proc start: 10186 6770 false in.cricketexchange.app.cricketexchange
01-22 22:56:47.423 D/OplusUIFirst_FB( 1748): in.cricketexchange.app.cricketexchange start process: []
01-22 22:56:47.423 D/OplusUIFirst_FB( 1748): List of ThreadOp: size=0 []
01-22 22:56:47.425 E/cricketexchange( 6770): Unknown bits set in runtime_flags: 0x40000000
01-22 22:56:47.425 I/cricketexchange( 6770): Using CollectorTypeCC GC.
01-22 22:56:47.427 W/OplusExSystemServiceHelper(24720): checkOplusExSystemService intent getComponent is null
01-22 22:56:47.428 D/BoundBrokerSvc(24720): onBind: Intent { act=com.google.android.gms.measurement.START pkg=com.google.android.gms }
01-22 22:56:47.428 D/BoundBrokerSvc(24720): Loading bound service for intent: Intent { act=com.google.android.gms.measurement.START pkg=com.google.android.gms }
01-22 22:56:47.432 D/nativeloader( 6770): Load libframework-connectivity-tiramisu-jni.so using APEX ns com_android_tethering for caller /apex/com.android.tethering/javalib/framework-connectivity-t.jar: ok
01-22 22:56:47.439 I/OneTrace( 6770): Mark active for pid=6770? true
01-22 22:56:47.439 D/cutils-dev( 6770): otrace_set_tracing_enabled? true
01-22 22:56:47.440 D/cutils-dev( 6770): properties changed in otrace_seq_number_changed!
01-22 22:56:47.440 E/cricketexchange( 6770): Could not write anonymous vdex /system/framework/oat/arm64/mediatek-framework.vdex: Could not open /system/framework/oat/arm64/mediatek-framework.vdex for writing
01-22 22:56:47.444 D/RGBNormalizeServer( 1748): OplusRGBNormalize feature enabled ? false
01-22 22:56:47.451 D/CompatibilityChangeReporter( 6770): Compat change id reported: 171979766; UID 10186; state: ENABLED
01-22 22:56:47.451 I/oplus.android.OplusFrameworkFactoryImpl( 6770): get feature:IOplusAutoResolutionFeature
01-22 22:56:47.451 D/AdvertisingIdClient(24720): AdvertisingIdClient already created.
01-22 22:56:47.451 I/oplus.android.OplusFrameworkFactoryImpl( 6770): getOplusAutoResolutionFeature
01-22 22:56:47.451 D/AdvertisingIdClient(24720): AdvertisingIdClient is not bounded. Starting to bind it...
01-22 22:56:47.458 W/OplusExSystemServiceHelper(24720): checkOplusExSystemService intent getComponent is null
01-22 22:56:47.464 D/AdvertisingIdClient(24720): AdvertisingIdClient is bounded
01-22 22:56:47.464 I/OplusFeatureCache( 6770): Milliseconds spent on init(): 12
01-22 22:56:47.466 D/CompactWindowAppManager( 6770): initCompactApplicationInfo 
01-22 22:56:47.466 W/OplusExSystemServiceHelper(20067): checkOplusExSystemService intent getComponent is null
01-22 22:56:47.468 I/AdvertisingIdClient(24720): shouldSendLog 134895220
01-22 22:56:47.468 I/AdvertisingIdClient(24720): GetInfoInternal elapse 17ms
01-22 22:56:47.477 W/libc    ( 6770): Access denied finding property "ro.odm.prev.product.name"
01-22 22:56:47.479 D/LoadedApk( 6770): mApplicationInfo overrideDisplayId:null
01-22 22:56:47.484 D/nativeloader( 6770): Configuring clns-4 for other apk /system/framework/org.apache.http.legacy.jar. target_sdk_version=35, uses_libraries=ALL, library_path=/data/app/~~I-ainbp4nTcTpzTrRcqJ4g==/in.cricketexchange.app.cricketexchange-Xq407EIY8DeJkiHo2oEG8Q==/lib/arm64:/data/app/~~I-ainbp4nTcTpzTrRcqJ4g==/in.cricketexchange.app.cricketexchange-Xq407EIY8DeJkiHo2oEG8Q==/base.apk!/lib/arm64-v8a:/data/app/~~I-ainbp4nTcTpzTrRcqJ4g==/in.cricketexchange.app.cricketexchange-Xq407EIY8DeJkiHo2oEG8Q==/split_config.arm64_v8a.apk!/lib/arm64-v8a:/data/app/~~I-ainbp4nTcTpzTrRcqJ4g==/in.cricketexchange.app.cricketexchange-Xq407EIY8DeJkiHo2oEG8Q==/split_config.xxhdpi.apk!/lib/arm64-v8a, permitted_path=/data:/mnt/expand:/data/user/0/in.cricketexchange.app.cricketexchange
01-22 22:56:47.484 D/nativeloader( 6770): Extending system_exposed_libraries: libapuwareapusys.mtk.so:libapuwareapusys_v2.mtk.so:libapuwarexrp.mtk.so:libapuwarexrp_v2.mtk.so:libapuwareutils.mtk.so:libapuwareutils_v2.mtk.so:libapuwarehmp.mtk.so:libmcv_runtime_usdk.mtk.so:libneuron_graph_delegate.mtk.so:libneuronusdk_adapter.mtk.so:libtflite_mtk.mtk.so:libarmnn_ndk.mtk.so:libcmdl_ndk.mtk.so:libnir_neon_driver_ndk.mtk.so:libmvpu_runtime.mtk.so:libmvpu_runtime_pub.mtk.so:libmvpu_engine_pub.mtk.so:libmvpu_pattern_pub.mtk.so:libmvpuop_mtk_cv.mtk.so:libmvpuop_mtk_nn.mtk.so:libteeservice_client.trustonic.so:libSloganJni.oplus.so:libsuperNight.oplus.so
01-22 22:56:47.488 D/nativeloader( 6690): Load /data/app/~~I-ainbp4nTcTpzTrRcqJ4g==/in.cricketexchange.app.cricketexchange-Xq407EIY8DeJkiHo2oEG8Q==/split_config.arm64_v8a.apk!/lib/arm64-v8a/libimagepipeline.so using class loader ns clns-7 (caller=/data/app/~~I-ainbp4nTcTpzTrRcqJ4g==/in.cricketexchange.app.cricketexchange-Xq407EIY8DeJkiHo2oEG8Q==/base.apk!classes4.dex): ok
01-22 22:56:47.489 D/nativeloader( 6770): Configuring clns-5 for other apk /system_ext/framework/androidx.window.extensions.jar. target_sdk_version=35, uses_libraries=ALL, library_path=/data/app/~~I-ainbp4nTcTpzTrRcqJ4g==/in.cricketexchange.app.cricketexchange-Xq407EIY8DeJkiHo2oEG8Q==/lib/arm64:/data/app/~~I-ainbp4nTcTpzTrRcqJ4g==/in.cricketexchange.app.cricketexchange-Xq407EIY8DeJkiHo2oEG8Q==/base.apk!/lib/arm64-v8a:/data/app/~~I-ainbp4nTcTpzTrRcqJ4g==/in.cricketexchange.app.cricketexchange-Xq407EIY8DeJkiHo2oEG8Q==/split_config.arm64_v8a.apk!/lib/arm64-v8a:/data/app/~~I-ainbp4nTcTpzTrRcqJ4g==/in.cricketexchange.app.cricketexchange-Xq407EIY8DeJkiHo2oEG8Q==/split_config.xxhdpi.apk!/lib/arm64-v8a, permitted_path=/data:/mnt/expand:/data/user/0/in.cricketexchange.app.cricketexchange
01-22 22:56:47.489 D/nativeloader( 6770): Extending system_exposed_libraries: libapuwareapusys.mtk.so:libapuwareapusys_v2.mtk.so:libapuwarexrp.mtk.so:libapuwarexrp_v2.mtk.so:libapuwareutils.mtk.so:libapuwareutils_v2.mtk.so:libapuwarehmp.mtk.so:libmcv_runtime_usdk.mtk.so:libneuron_graph_delegate.mtk.so:libneuronusdk_adapter.mtk.so:libtflite_mtk.mtk.so:libarmnn_ndk.mtk.so:libcmdl_ndk.mtk.so:libnir_neon_driver_ndk.mtk.so:libmvpu_runtime.mtk.so:libmvpu_runtime_pub.mtk.so:libmvpu_engine_pub.mtk.so:libmvpu_pattern_pub.mtk.so:libmvpuop_mtk_cv.mtk.so:libmvpuop_mtk_nn.mtk.so:libteeservice_client.trustonic.so:libSloganJni.oplus.so:libsuperNight.oplus.so
01-22 22:56:47.494 D/nativeloader( 6770): Configuring clns-6 for other apk /system_ext/framework/androidx.window.sidecar.jar. target_sdk_version=35, uses_libraries=ALL, library_path=/data/app/~~I-ainbp4nTcTpzTrRcqJ4g==/in.cricketexchange.app.cricketexchange-Xq407EIY8DeJkiHo2oEG8Q==/lib/arm64:/data/app/~~I-ainbp4nTcTpzTrRcqJ4g==/in.cricketexchange.app.cricketexchange-Xq407EIY8DeJkiHo2oEG8Q==/base.apk!/lib/arm64-v8a:/data/app/~~I-ainbp4nTcTpzTrRcqJ4g==/in.cricketexchange.app.cricketexchange-Xq407EIY8DeJkiHo2oEG8Q==/split_config.arm64_v8a.apk!/lib/arm64-v8a:/data/app/~~I-ainbp4nTcTpzTrRcqJ4g==/in.cricketexchange.app.cricketexchange-Xq407EIY8DeJkiHo2oEG8Q==/split_config.xxhdpi.apk!/lib/arm64-v8a, permitted_path=/data:/mnt/expand:/data/user/0/in.cricketexchange.app.cricketexchange
01-22 22:56:47.494 D/nativeloader( 6770): Extending system_exposed_libraries: libapuwareapusys.mtk.so:libapuwareapusys_v2.mtk.so:libapuwarexrp.mtk.so:libapuwarexrp_v2.mtk.so:libapuwareutils.mtk.so:libapuwareutils_v2.mtk.so:libapuwarehmp.mtk.so:libmcv_runtime_usdk.mtk.so:libneuron_graph_delegate.mtk.so:libneuronusdk_adapter.mtk.so:libtflite_mtk.mtk.so:libarmnn_ndk.mtk.so:libcmdl_ndk.mtk.so:libnir_neon_driver_ndk.mtk.so:libmvpu_runtime.mtk.so:libmvpu_runtime_pub.mtk.so:libmvpu_engine_pub.mtk.so:libmvpu_pattern_pub.mtk.so:libmvpuop_mtk_cv.mtk.so:libmvpuop_mtk_nn.mtk.so:libteeservice_client.trustonic.so:libSloganJni.oplus.so:libsuperNight.oplus.so
01-22 22:56:47.510 W/DevicePolicyManager( 1748): Unknown user type: UserInfo{999:MultiApp:4001010}
01-22 22:56:47.510 W/DevicePolicyManager( 1748): Unknown user type: UserInfo{999:MultiApp:4001010}
01-22 22:56:47.511 W/DevicePolicyManager( 1748): Unknown user type: UserInfo{999:MultiApp:4001010}
01-22 22:56:47.511 W/DevicePolicyManager( 1748): Unknown user type: UserInfo{999:MultiApp:4001010}
01-22 22:56:47.538 V/bt_stack( 3256): [VERBOSE1:btm_ble_gap.cc(2613)] btm_ble_process_adv_addr: bda=66:**:**:**:f0:b6 addr_type=1
01-22 22:56:47.538 I/bt_btm  ( 3256): LogMsg: btm_ble_process_adv_pkt: pkt_data_len: 25
01-22 22:56:47.538 V/bt_stack( 3256): [VERBOSE1:btm_ble_gap.cc(2613)] btm_ble_process_adv_addr: bda=66:**:**:**:f0:b6 addr_type=1
01-22 22:56:47.538 I/bt_btm  ( 3256): LogMsg: btm_ble_process_adv_pkt: pkt_data_len: 0
01-22 22:56:47.538 I/bt_btif ( 3256): LogMsg: bta_dm_observe_results_cb
01-22 22:56:47.538 I/bt_btif ( 3256): LogMsg: btif_ble_scanner_update_COD 66:a6:c0:ec:f0:b6 cod is 0x000000
01-22 22:56:47.538 I/bt_btif ( 3256): LogMsg: btif_ble_scanner_update_COD cod in config 0x001f00, status=0
01-22 22:56:47.538 I/bt_btif ( 3256): LogMsg: btif_ble_scanner_update_COD invalid cod 0x0, use cod 0x1f00 in config
01-22 22:56:47.538 I/bt_btif ( 3256): LogMsg: bta_scan_results_cb_impl : type 0 channel 0
01-22 22:56:47.538 I/bt_btif ( 3256): LogMsg: bta_scan_results_cb_impl: HAL bt_gatt_callbacks->scanner->scan_result_cb
01-22 22:56:47.538 D/BtGatt.GattService( 3256): onScanResult() - eventType=0x1b, addressType=1, address=66:A6:C0:EC:F0:B6, primaryPhy=1, secondaryPhy=0, advertisingSid=0xff, txPower=127, rssi=-75, periodicAdvInt=0x0, originalAddress=66:A6:C0:EC:F0:B6, type=0, channel=0
01-22 22:56:47.541 I/NearbyDiscovery(20067): (REDACTED) BloomFilterAdvManager: Detected bloom filter but too far away, ignoring. %sm, %s
01-22 22:56:47.541 I/NearbyDiscovery(22573): (REDACTED) BloomFilterAdvManager: Detected bloom filter but too far away, ignoring. %sm, %s
01-22 22:56:47.581 W/cricketexchange( 6770): Failed to find entry 'classes.dex': Entry not found
01-22 22:56:47.582 W/cricketexchange( 6770): Failed to find entry 'classes.dex': Entry not found
01-22 22:56:47.583 D/nativeloader( 6770): Configuring clns-7 for other apk /data/app/~~I-ainbp4nTcTpzTrRcqJ4g==/in.cricketexchange.app.cricketexchange-Xq407EIY8DeJkiHo2oEG8Q==/base.apk:/data/app/~~I-ainbp4nTcTpzTrRcqJ4g==/in.cricketexchange.app.cricketexchange-Xq407EIY8DeJkiHo2oEG8Q==/split_config.arm64_v8a.apk:/data/app/~~I-ainbp4nTcTpzTrRcqJ4g==/in.cricketexchange.app.cricketexchange-Xq407EIY8DeJkiHo2oEG8Q==/split_config.xxhdpi.apk. target_sdk_version=35, uses_libraries=, library_path=/data/app/~~I-ainbp4nTcTpzTrRcqJ4g==/in.cricketexchange.app.cricketexchange-Xq407EIY8DeJkiHo2oEG8Q==/lib/arm64:/data/app/~~I-ainbp4nTcTpzTrRcqJ4g==/in.cricketexchange.app.cricketexchange-Xq407EIY8DeJkiHo2oEG8Q==/base.apk!/lib/arm64-v8a:/data/app/~~I-ainbp4nTcTpzTrRcqJ4g==/in.cricketexchange.app.cricketexchange-Xq407EIY8DeJkiHo2oEG8Q==/split_config.arm64_v8a.apk!/lib/arm64-v8a:/data/app/~~I-ainbp4nTcTpzTrRcqJ4g==/in.cricketexchange.app.cricketexchange-Xq407EIY8DeJkiHo2oEG8Q==/split_config.xxhdpi.apk!/lib/arm64-v8a, permitted_path=/data:/mnt/expand:/data/user/0/in.cric
01-22 22:56:47.597 D/nativeloader( 6770): Load libframework-connectivity-jni.so using APEX ns com_android_tethering for caller /apex/com.android.tethering/javalib/framework-connectivity.jar: ok
01-22 22:56:47.600 V/GraphicsEnvironment( 6770): ANGLE Developer option for 'in.cricketexchange.app.cricketexchange' set to: 'default'
01-22 22:56:47.601 V/GraphicsEnvironment( 6770): ANGLE GameManagerService for in.cricketexchange.app.cricketexchange: false
01-22 22:56:47.601 V/GraphicsEnvironment( 6770): Neither updatable production driver nor prerelease driver is supported.
01-22 22:56:47.604 D/NetworkSecurityConfig( 6770): Using Network Security Config from resource network_security_config debugBuild: false
01-22 22:56:47.605 D/NetworkSecurityConfig( 6770): Using Network Security Config from resource network_security_config debugBuild: false
01-22 22:56:47.617 D/NotificationService--OplusNotificationManagerServiceExtImpl( 1748): isForwardToAssistants: true, case : Is local notification
01-22 22:56:47.617 D/NotificationService( 1748): This application enqueue notifications is need postDelayed mcsAssistantDelayTime: 200
01-22 22:56:47.623 D/NetworkEvent( 2614): OplusNetworkEventCbProxy invoke.....onDnsEvent argslen:8
01-22 22:56:47.625 D/nativeloader( 6770): Load /data/app/~~I-ainbp4nTcTpzTrRcqJ4g==/in.cricketexchange.app.cricketexchange-Xq407EIY8DeJkiHo2oEG8Q==/split_config.arm64_v8a.apk!/lib/arm64-v8a/libnative-lib.so using class loader ns clns-7 (caller=/data/app/~~I-ainbp4nTcTpzTrRcqJ4g==/in.cricketexchange.app.cricketexchange-Xq407EIY8DeJkiHo2oEG8Q==/base.apk!classes10.dex): ok
01-22 22:56:47.633 D/CompatibilityChangeReporter( 6770): Compat change id reported: 183155436; UID 10186; state: ENABLED
01-22 22:56:47.650 D/AdvertisingIdClient( 6770): Creating AdvertisingIdClient
01-22 22:56:47.650 D/AdvertisingIdClient( 6770): AdvertisingIdClient already created.
01-22 22:56:47.652 D/ContextReference( 6770): ContextReference - updateContext - applicationContext: in.cricketexchange.app.cricketexchange.utils.application.MyApplication@7e72bcf
01-22 22:56:47.652 D/ContextReference( 6770): ContextReference - registerApplicationCallbacks - hit
01-22 22:56:47.654 D/AdvertisingIdClient( 6770): AdvertisingIdClient is not bounded. Starting to bind it...
01-22 22:56:47.663 D/SessionsDependencies( 6770): Dependency to CRASHLYTICS added.
01-22 22:56:47.664 I/FirebaseApp( 6770): Device unlocked: initializing all Firebase APIs for app [DEFAULT]
01-22 22:56:47.677 D/BoundBrokerSvc(20067): onRebind: Intent { act=com.google.android.gms.common.telemetry.service.START dat=chimera-action:/... cmp=com.google.android.gms/.chimera.PersistentApiService }
01-22 22:56:47.679 I/FirebaseCrashlytics( 6770): Initializing Firebase Crashlytics 19.4.4 for in.cricketexchange.app.cricketexchange
01-22 22:56:47.680 W/cricketexchange( 6770): ClassLoaderContext classpath size mismatch. expected=1, found=0 (DLC[];PCL[base.apk*218817481]{PCL[/system/framework/org.apache.http.legacy.jar*437381499]#PCL[/system/framework/com.android.location.provider.jar*3868789109]#PCL[/system/framework/com.android.media.remotedisplay.jar*3886290638]#PCL[/system_ext/framework/androidx.window.extensions.jar*2647316047]#PCL[/system_ext/framework/androidx.window.sidecar.jar*2604584306]} | DLC[];PCL[])
01-22 22:56:47.681 I/FIAM.Headless( 6770): Starting InAppMessaging runtime with Installation ID dAyYPUIuTDqEiGC0K0ix2u
01-22 22:56:47.685 I/DynamiteModule( 6770): Considering local module com.google.android.gms.measurement.dynamite:152 and remote module com.google.android.gms.measurement.dynamite:175
01-22 22:56:47.685 I/DynamiteModule( 6770): Selected remote version of com.google.android.gms.measurement.dynamite, version >= 175
01-22 22:56:47.685 V/DynamiteModule( 6770): Dynamite loader version >= 2, using loadModule2NoCrashUtils
01-22 22:56:47.687 D/SessionsDependencies( 6770): Subscriber CRASHLYTICS registered.
01-22 22:56:47.697 W/System  ( 6770): ClassLoader referenced unknown path: 
01-22 22:56:47.698 D/nativeloader( 6770): Configuring clns-8 for other apk . target_sdk_version=36, uses_libraries=, library_path=/data/app/~~ELby_H2hT9EwXjHsIWTweg==/com.google.android.gms-lnT4HCbVAT6U8P0lsxDlfw==/lib/arm64:/data/app/~~ELby_H2hT9EwXjHsIWTweg==/com.google.android.gms-lnT4HCbVAT6U8P0lsxDlfw==/base.apk!/lib/arm64-v8a, permitted_path=/data:/mnt/expand:/data/user/0/com.google.android.gms
01-22 22:56:47.713 W/cricketexchange( 6770): ClassLoaderContext classpath element checksum mismatch. expected=218817481, found=578932328 (DLC[];PCL[base.apk*218817481]{PCL[/system/framework/org.apache.http.legacy.jar*437381499]#PCL[/system/framework/com.android.location.provider.jar*3868789109]#PCL[/system/framework/com.android.media.remotedisplay.jar*3886290638]#PCL[/system_ext/framework/androidx.window.extensions.jar*2647316047]#PCL[/system_ext/framework/androidx.window.sidecar.jar*2604584306]} | DLC[];PCL[/data/app/~~I-ainbp4nTcTpzTrRcqJ4g==/in.cricketexchange.app.cricketexchange-Xq407EIY8DeJkiHo2oEG8Q==/base.apk*578932328]{PCL[/system/framework/org.apache.http.legacy.jar*437381499]#PCL[/system_ext/framework/androidx.window.extensions.jar*2647316047]#PCL[/system_ext/framework/androidx.window.sidecar.jar*2604584306]})
01-22 22:56:47.714 D/FirebaseSessions( 6770): Initializing Firebase Sessions SDK.
01-22 22:56:47.716 W/Glide   ( 6770): Failed to find GeneratedAppGlideModule. You should include an annotationProcessor compile dependency on com.github.bumptech.glide:compiler in your application and a @GlideModule annotated AppGlideModule implementation or LibraryGlideModules will be silently ignored
01-22 22:56:47.721 I/FirebaseCrashlytics( 6770): Saved version control info
01-22 22:56:47.722 D/ConnectivityService( 1748): requestNetwork for uid/pid:10186/6770 activeRequest: null callbackRequest: 16076 [NetworkRequest [ REQUEST id=16077, [ Capabilities: INTERNET&NOT_RESTRICTED&TRUSTED&NOT_VCN_MANAGED Uid: 10186 RequestorUid: 10186 RequestorPkg: in.cricketexchange.app.cricketexchange UnderlyingNetworks: Null] ]] callback flags: 0 order: 2147483647 isUidTracked: false declaredMethods: AVAIL|LOST
01-22 22:56:47.727 D/WifiNetworkFactory( 1748): got request NetworkRequest [ REQUEST id=16077, [ Capabilities: INTERNET&NOT_RESTRICTED&TRUSTED&NOT_VCN_MANAGED Uid: 10186 RequestorUid: 10186 RequestorPkg: in.cricketexchange.app.cricketexchange UnderlyingNetworks: Null] ]
01-22 22:56:47.727 D/UntrustedWifiNetworkFactory( 1748): got request NetworkRequest [ REQUEST id=16077, [ Capabilities: INTERNET&NOT_RESTRICTED&TRUSTED&NOT_VCN_MANAGED Uid: 10186 RequestorUid: 10186 RequestorPkg: in.cricketexchange.app.cricketexchange UnderlyingNetworks: Null] ]
01-22 22:56:47.728 D/OemPaidWifiNetworkFactory( 1748): got request NetworkRequest [ REQUEST id=16077, [ Capabilities: INTERNET&NOT_RESTRICTED&TRUSTED&NOT_VCN_MANAGED Uid: 10186 RequestorUid: 10186 RequestorPkg: in.cricketexchange.app.cricketexchange UnderlyingNetworks: Null] ]
01-22 22:56:47.728 D/MultiInternetWifiNetworkFactory( 1748): got request NetworkRequest [ REQUEST id=16077, [ Capabilities: INTERNET&NOT_RESTRICTED&TRUSTED&NOT_VCN_MANAGED Uid: 10186 RequestorUid: 10186 RequestorPkg: in.cricketexchange.app.cricketexchange UnderlyingNetworks: Null] ]
01-22 22:56:47.729 I/FirebaseInitProvider( 6770): FirebaseApp initialization successful
01-22 22:56:47.730 D/ConnectivityService( 1748): NetReassign [16077 : null → 113] [c 0] [a 2] [i 4]
01-22 22:56:47.733 D/LifecycleServiceBinder( 6770): Binding service to application.
01-22 22:56:47.746 D/nativeloader( 6770): Load libSchedAssistJni.so using system ns (caller=/system/framework/oplus-framework.jar): ok
01-22 22:56:47.746 D/ExtensionsLoader( 6770): createInstance(64bit) : createExtendedFactory
01-22 22:56:47.747 D/ExtensionsLoader( 6770): Opened libSchedAssistExtImpl.so
01-22 22:56:47.747 E/cricketexchange( 6770): ofbOpen failed with error=No such file or directory
01-22 22:56:47.747 E/cricketexchange( 6770): sysOpen failed with error=No such file or directory
01-22 22:56:47.752 D/OplusGraphicsEvent( 6770): OplusGraphicsEventListener create now!
01-22 22:56:47.753 W/OplusExSystemServiceHelper(20067): checkOplusExSystemService intent getComponent is null
01-22 22:56:47.753 D/OplusGraphicsEvent( 6770): addEventListener success!
01-22 22:56:47.753 D/WM-WrkMgrInitializer( 6770): Initializing WorkManager with default configuration.
01-22 22:56:47.757 D/WM-PackageManagerHelper( 6770): Skipping component enablement for androidx.work.impl.background.systemjob.SystemJobService
01-22 22:56:47.757 D/WM-Schedulers( 6770): Created SystemJobScheduler and enabled SystemJobService
01-22 22:56:47.758 D/WM-ForceStopRunnable( 6770): The default process name was not specified.
01-22 22:56:47.758 D/WM-ForceStopRunnable( 6770): Performing cleanup operations.
01-22 22:56:47.760 I/DynamiteModule( 6770): Considering local module com.google.android.gms.cronet_dynamite:0 and remote module com.google.android.gms.cronet_dynamite:4311
01-22 22:56:47.760 I/DynamiteModule( 6770): Selected remote version of com.google.android.gms.cronet_dynamite, version >= 4311
01-22 22:56:47.760 V/DynamiteModule( 6770): Dynamite loader version >= 2, using loadModule2NoCrashUtils
01-22 22:56:47.772 W/cricketexchange( 6770): ClassLoaderContext classpath element checksum mismatch. expected=218817481, found=578932328 (DLC[];PCL[base.apk*218817481]{PCL[/system/framework/org.apache.http.legacy.jar*437381499]#PCL[/system/framework/com.android.location.provider.jar*3868789109]#PCL[/system/framework/com.android.media.remotedisplay.jar*3886290638]#PCL[/system_ext/framework/androidx.window.extensions.jar*2647316047]#PCL[/system_ext/framework/androidx.window.sidecar.jar*2604584306]} | DLC[];PCL[/data/app/~~I-ainbp4nTcTpzTrRcqJ4g==/in.cricketexchange.app.cricketexchange-Xq407EIY8DeJkiHo2oEG8Q==/base.apk*578932328]{PCL[/system/framework/org.apache.http.legacy.jar*437381499]#PCL[/system_ext/framework/androidx.window.extensions.jar*2647316047]#PCL[/system_ext/framework/androidx.window.sidecar.jar*2604584306]})
01-22 22:56:47.772 D/CompatibilityChangeReporter( 6770): Compat change id reported: 160794467; UID 10186; state: ENABLED
01-22 22:56:47.783 W/com.facebook.UserSettingsManager( 6770): You haven't set a value for AdvertiserIDCollectionEnabled. Set the flag to TRUE if you want to collect Advertiser ID for better advertising and analytics results. To request user consent before collecting data, set the flag value to FALSE, then change to TRUE once user consent is received. Learn more: https://developers.facebook.com/docs/app-events/getting-started-app-events-android#disable-auto-events.
01-22 22:56:47.791 D/WM-PackageManagerHelper( 6770): Skipping component enablement for androidx.work.impl.background.systemalarm.RescheduleReceiver
01-22 22:56:47.794 I/PhenotypeResourceReader(20067): unable to find any Phenotype resource metadata for in.cricketexchange.app.cricketexchange
01-22 22:56:47.814 D/CompatibilityChangeReporter( 6770): Compat change id reported: 288912692; UID 10186; state: DISABLED
01-22 22:56:47.819 W/DevicePolicyManager( 1748): Unknown user type: UserInfo{999:MultiApp:4001010}
01-22 22:56:47.819 W/DevicePolicyManager( 1748): Unknown user type: UserInfo{999:MultiApp:4001010}
01-22 22:56:47.822 D/AudioManagerExtImpl( 1748): getStreamVolume packageName=android, index=0, streamType=5
01-22 22:56:47.823 I/OplusStatusBarManagerServiceEnhance( 1748):  getTopIsFullscreen mTopIsFullscreen: false
01-22 22:56:47.830 W/NotificationHistory( 1748): Attempted to add notif for locked/gone/disabled user 0
01-22 22:56:47.833 D/AppLovinSdk( 6770): [AppLovinPrivacySettings] setDoNotSell()
01-22 22:56:47.843 E/cricketexchange( 6770): No package ID 6a found for ID 0x6a0b0013.
01-22 22:56:47.843 E/ResourcesImplExt( 6770): the AssetManager's apkAsset: ApkAssets{path=<empty> and /system/framework/framework-res.apk}
01-22 22:56:47.843 E/ResourcesImplExt( 6770): the AssetManager's apkAsset: ApkAssets{path=/my_bigball/overlay/GmsConfigOverlayASI_Infrastructure/GmsConfigOverlayASI_Infrastructure.apk}
01-22 22:56:47.843 E/ResourcesImplExt( 6770): the AssetManager's apkAsset: ApkAssets{path=/my_bigball/overlay/GmsConfigOverlayCommonEx/GmsConfigOverlayCommonEx.apk}
01-22 22:56:47.843 E/ResourcesImplExt( 6770): the AssetManager's apkAsset: ApkAssets{path=/my_bigball/overlay/GmsConfigOverlayComms/GmsConfigOverlayComms.apk}
01-22 22:56:47.844 E/ResourcesImplExt( 6770): the AssetManager's apkAsset: ApkAssets{path=/my_bigball/overlay/GmsConfigOverlayGSA/GmsConfigOverlayGSA.apk}
01-22 22:56:47.844 E/ResourcesImplExt( 6770): the AssetManager's apkAsset: ApkAssets{path=/my_bigball/overlay/GmsConfigOverlayNoSafetyCenter/GmsConfigOverlayNoSafetyCenter.apk}
01-22 22:56:47.844 E/ResourcesImplExt( 6770): the AssetManager's apkAsset: ApkAssets{path=/product/overlay/CaptivePortalLoginFrameworkOverlay.apk}
01-22 22:56:47.844 E/ResourcesImplExt( 6770): the AssetManager's apkAsset: ApkAssets{path=/product/overlay/GoogleExtServicesConfigOverlay.apk}
01-22 22:56:47.844 E/ResourcesImplExt( 6770): the AssetManager's apkAsset: ApkAssets{path=/product/overlay/GooglePermissionControllerFrameworkOverlay.apk}
01-22 22:56:47.844 E/ResourcesImplExt( 6770): the AssetManager's apkAsset: ApkAssets{path=/product/overlay/ModuleMetadataGoogleOverlay.apk}
01-22 22:56:47.844 E/ResourcesImplExt( 6770): the AssetManager's apkAsset: ApkAssets{path=/product/overlay/framework-res__auto_generated_rro_product.apk}
01-22 22:56:47.844 E/ResourcesImplExt( 6770): the AssetManager's apkAsset: ApkAssets{path=/vendor/overlay/FrameworkResOverlay/FrameworkResOverlay.apk}
01-22 22:56:47.844 E/ResourcesImplExt( 6770): the AssetManager's apkAsset: ApkAssets{path=/my_bigball/overlay/OplusGmsConfigOverlayCommon/OplusGmsConfigOverlayCommon.apk}
01-22 22:56:47.844 E/ResourcesImplExt( 6770): the AssetManager's apkAsset: ApkAssets{path=/vendor/overlay/FrameworkResOverlayExt/FrameworkResOverlayExt.apk}
01-22 22:56:47.844 E/ResourcesImplExt( 6770): the AssetManager's apkAsset: ApkAssets{path=/product/overlay/android_framework_res_overlay.display.product.20291.apk}
01-22 22:56:47.844 E/ResourcesImplExt( 6770): the AssetManager's apkAsset: ApkAssets{path=/system_ext/overlay/framework_res_overlay_Network.apk}
01-22 22:56:47.844 E/ResourcesImplExt( 6770): the AssetManager's apkAsset: ApkAssets{path=/product/overlay/aon_framework_res_overlay.display.product.apk}
01-22 22:56:47.844 E/ResourcesImplExt( 6770): the AssetManager's apkAsset: ApkAssets{path=/system_ext/overlay/ConnectivityBaseOverlay.apk}
01-22 22:56:47.844 E/ResourcesImplExt( 6770): the AssetManager's apkAsset: ApkAssets{path=/system_ext/overlay/OplusFrameworkBluetoothResource.apk}
01-22 22:56:47.844 E/ResourcesImplExt( 6770): the AssetManager's apkAsset: ApkAssets{path=<empty> and /system/app/mediatek-res/mediatek-res.apk}
01-22 22:56:47.844 E/ResourcesImplExt( 6770): the AssetManager's apkAsset: ApkAssets{path=<empty> and /system_ext/framework/oplus-framework-res.apk}
01-22 22:56:47.844 E/ResourcesImplExt( 6770): the AssetManager's apkAsset: ApkAssets{path=/product/overlay/oplus_framework_res_overlay.display.product.20291.apk}
01-22 22:56:47.844 E/ResourcesImplExt( 6770): the AssetManager's apkAsset: ApkAssets{path=/product/overlay/oplus_framework_res_rro_oppo.apk}
01-22 22:56:47.844 E/ResourcesImplExt( 6770): the AssetManager's apkAsset: ApkAssets{path=<empty> and /data/app/~~I-ainbp4nTcTpzTrRcqJ4g==/in.cricketexchange.app.cricketexchange-Xq407EIY8DeJkiHo2oEG8Q==/base.apk}
01-22 22:56:47.844 E/ResourcesImplExt( 6770): the AssetManager's apkAsset: ApkAssets{path=<empty> and /data/app/~~I-ainbp4nTcTpzTrRcqJ4g==/in.cricketexchange.app.cricketexchange-Xq407EIY8DeJkiHo2oEG8Q==/split_config.arm64_v8a.apk}
01-22 22:56:47.844 E/ResourcesImplExt( 6770): the AssetManager's apkAsset: ApkAssets{path=<empty> and /data/app/~~I-ainbp4nTcTpzTrRcqJ4g==/in.cricketexchange.app.cricketexchange-Xq407EIY8DeJkiHo2oEG8Q==/split_config.xxhdpi.apk}
01-22 22:56:47.844 E/ResourcesImplExt( 6770): the AssetManager's apkAsset: ApkAssets{path=/product/overlay/NavigationBarModeGestural/NavigationBarModeGesturalOverlay.apk}
01-22 22:56:47.844 E/ResourcesImplExt( 6770): the AssetManager's apkAsset: ApkAssets{path=/data/resource-cache/com.android.systemui-neutral-rMiZ.frro}
01-22 22:56:47.844 E/ResourcesImplExt( 6770): the AssetManager's apkAsset: ApkAssets{path=/data/resource-cache/com.android.systemui-accent-lSQV.frro}
01-22 22:56:47.846 I/FA      ( 6770): App measurement initialized, version: 151001
01-22 22:56:47.846 I/FA      ( 6770): To enable debug logging run: adb shell setprop log.tag.FA VERBOSE
01-22 22:56:47.846 I/FA      ( 6770): To enable faster debug mode event logging run:
01-22 22:56:47.846 I/FA      ( 6770):   adb shell setprop debug.firebase.analytics.app in.cricketexchange.app.cricketexchange
01-22 22:56:47.848 D/NetworkEvent( 2614): OplusNetworkEventCbProxy invoke.....onDnsEvent argslen:8
01-22 22:56:47.850 I/LevelPlaySDK: API( 6770): LevelPlay getSdkVersion
01-22 22:56:47.852 D/NetworkEvent( 2614): OplusNetworkEventCbProxy invoke.....onDnsEvent argslen:8
01-22 22:56:47.869 D/NotificationService--OplusNavigationManager( 1748): Notification--isSuppressedByDriveMode--userId:-1,mode:false
01-22 22:56:47.870 D/PeopleSpaceWidgetMgr( 2225): Sbn doesn't contain valid PeopleTileKey: null/0/in.cricketexchange.app.cricketexchange
01-22 22:56:47.884 D/FBAudienceNetwork( 6770): SDK dex loading time: 118
01-22 22:56:47.887 D/SensorService( 1748): onUidStateChanged uid = 10327, state = UID_STATE_ACTIVE
01-22 22:56:47.896 E/IHansComunication( 6221): HANS printMessageBody: RCV message: type = 4,port = 86870,caller_pid = -1,caller_uid = -1,target_pid = -1,target_uid = 10186,pkg_cmd = -1,rpc = PKG/-1
01-22 22:56:47.901 D/LocalImageResolver( 2225): Couldn't use ImageDecoder for drawable, falling back to non-resized load.
01-22 22:56:47.908 I/MMKV    (27464): <MMKV_IO.cpp:456::writeActualSize> [mmkv.default] increase sequence to 31668, crc 3258605857, actualSize 466
01-22 22:56:47.912 D/LocalImageResolver( 2225): Couldn't use ImageDecoder for drawable, falling back to non-resized load.
01-22 22:56:47.925 D/LocalImageResolver( 2225): Couldn't use ImageDecoder for drawable, falling back to non-resized load.
01-22 22:56:47.941 I/Athena  ( 2605): CommonAction: 24,2428,140,0,0,0,342,0,3095,2254,709,1641,5.4012904,22
01-22 22:56:47.949 W/TouchableRegionManager( 2225): onHeadsUpPinnedModeChanged
01-22 22:56:47.954 D/OplusUIFirst( 1748): set slide boost in system ui
01-22 22:56:47.955 D/OplusUIFirst_FB( 1748): com.android.systemui toForeOps: []
01-22 22:56:47.955 D/OplusUIFirst_FB( 1748): List of ThreadOp: size=0 []
01-22 22:56:47.955 D/NotificationShadeWindowController( 2225): notifyUiSwitched 0
01-22 22:56:47.956 D/StatusBar( 2225): Received new disable state: enaihbcrso.qingr (unchanged)
01-22 22:56:47.956 D/OplusUIFirst( 1748): disable slide boost in system ui
01-22 22:56:47.956 I/AutoHideController( 2225): suspendAutoHide: removeAutoHide
01-22 22:56:47.959 D/OplusUIFirst_FB( 1748): com.android.systemui moveToBack 2225
01-22 22:56:47.973 V/WindowManager( 1748): Relayout Window{726b172 u0 NotificationShade}: viewVisibility=4, oldvis=4, req=1080x2400
01-22 22:56:47.981 W/View    ( 2225): requestLayout() improperly called by android.widget.ImageView{dcd8b3f V.ED..... ......I. 0,0-0,0} during layout: running second layout pass
01-22 22:56:47.981 W/View    ( 2225): requestLayout() improperly called by android.view.NotificationHeaderView{6b34dda V.E...... ......ID 0,0-998,133 #10203e7 android:id/notification_header} during layout: running second layout pass
01-22 22:56:47.981 W/View    ( 2225): requestLayout() improperly called by android.widget.ImageView{bd08044 V.ED..... ......I. 0,0-0,0} during layout: running second layout pass
01-22 22:56:47.981 W/View    ( 2225): requestLayout() improperly called by android.view.NotificationHeaderView{cacc20b V.E...... ......ID 0,0-998,133 #10203e7 android:id/notification_header} during layout: running second layout pass
01-22 22:56:47.981 W/View    ( 2225): requestLayout() improperly called by android.widget.ImageView{a11f0be V.ED..... ......I. 0,0-0,0} during layout: running second layout pass
01-22 22:56:47.981 W/View    ( 2225): requestLayout() improperly called by android.view.NotificationHeaderView{83028e8 V.E...... ......ID 0,0-998,133 #10203e7 android:id/notification_header} during layout: running second layout pass
01-22 22:56:47.989 I/LevelPlaySDK: API( 6770): LevelPlay addImpressionDataListener - adding listener: 
01-22 22:56:47.989 V/WindowManager( 1748): Relayout Window{36bcf5d u0 StatusBar}: viewVisibility=0, oldvis=0, req=1080x110
01-22 22:56:47.993 D/AdvertisingIdClient( 6770): AdvertisingIdClient already created.
01-22 22:56:47.995 D/Layer   (  966): reparent to null sequence=25306, seq[1], name=Surface(name=36bcf5d StatusBar)/@0xe761cc2 - animation-leash of insets_animation#25306
01-22 22:56:48.004 D/OplusLayer(  966): ~Layer() sequence=25306, name=Surface(name=36bcf5d StatusBar)/@0xe761cc2 - animation-leash of insets_animation#25306
01-22 22:56:48.004 I/LevelPlaySDK: API( 6770): r a - add impression data listener to eb
01-22 22:56:48.005 D/OplusUIFirst( 1748): set slide boost in system ui
01-22 22:56:48.006 D/OplusUIFirst_FB( 1748): com.android.systemui toForeOps: []
01-22 22:56:48.006 D/OplusUIFirst_FB( 1748): List of ThreadOp: size=0 []
01-22 22:56:48.006 V/WindowManager( 1748): Relayout Window{726b172 u0 NotificationShade}: viewVisibility=0, oldvis=4, req=1080x2400
01-22 22:56:48.007 I/BufferQueueDebug(  966): [NotificationShade#25313](this:0xb4000070203009e8,id:-1,api:0,p:-1,c:-1) BufferQueue core=(966:/system/bin/surfaceflinger)
01-22 22:56:48.011 I/LevelPlaySDK: API( 6770): vb c - LevelPlay.init() appkey: 21540e44d, userId: null, legacyAdFormats: [], context: MyApplication
01-22 22:56:48.013 V/LevelPlaySDK: INTERNAL( 6770): UIThread: false Activity: false r a - GitHash: 9f697d2
01-22 22:56:48.016 D/[OSIE]  (  966): scltmLayer_name VRI[NotificationShade][NotificationShade]
01-22 22:56:48.016 D/[OSIE]  (  966): IsSCLTMLayer=0 
01-22 22:56:48.016 D/BufferQueueConsumer( 2225): [](id:8b1000007d0,api:0,p:-1,c:2225) connect: controlledByApp=false
01-22 22:56:48.017 E/IPCThreadState( 2225): attemptIncStrongHandle(251): Not supported
01-22 22:56:48.019 D/VRI[NotificationShade]( 2225): registerCallbacksForSync syncBuffer=false
01-22 22:56:48.035 I/LevelPlaySDK: API( 6770): r a - init(appKey:21540e44d)
01-22 22:56:48.038 D/nativeloader( 6770): Configuring clns-9 for other apk /system/framework/com.android.location.provider.jar. target_sdk_version=36, uses_libraries=ALL, library_path=/data/app/~~ELby_H2hT9EwXjHsIWTweg==/com.google.android.gms-lnT4HCbVAT6U8P0lsxDlfw==/lib/arm64:/data/app/~~ELby_H2hT9EwXjHsIWTweg==/com.google.android.gms-lnT4HCbVAT6U8P0lsxDlfw==/base.apk!/lib/arm64-v8a, permitted_path=/data:/mnt/expand:/data/user/0/com.google.android.gms
01-22 22:56:48.038 D/nativeloader( 6770): Extending system_exposed_libraries: libapuwareapusys.mtk.so:libapuwareapusys_v2.mtk.so:libapuwarexrp.mtk.so:libapuwarexrp_v2.mtk.so:libapuwareutils.mtk.so:libapuwareutils_v2.mtk.so:libapuwarehmp.mtk.so:libmcv_runtime_usdk.mtk.so:libneuron_graph_delegate.mtk.so:libneuronusdk_adapter.mtk.so:libtflite_mtk.mtk.so:libarmnn_ndk.mtk.so:libcmdl_ndk.mtk.so:libnir_neon_driver_ndk.mtk.so:libmvpu_runtime.mtk.so:libmvpu_runtime_pub.mtk.so:libmvpu_engine_pub.mtk.so:libmvpu_pattern_pub.mtk.so:libmvpuop_mtk_cv.mtk.so:libmvpuop_mtk_nn.mtk.so:libteeservice_client.trustonic.so:libSloganJni.oplus.so:libsuperNight.oplus.so
01-22 22:56:48.041 D/BLASTBufferQueue( 2225): [VRI[NotificationShade][NotificationShade]#1981](f:0,a:1) acquireNextBufferLocked size=1080x2400 mFrameNumber=1 applyTransaction=true mTimestamp=98357225578400(auto) mPendingTransactions.size=0 graphicBufferId=9556302252505 transform=0
01-22 22:56:48.041 D/VRI[NotificationShade]( 2225): Received frameCommittedCallback lastAttemptedDrawFrameNum=1 didProduceBuffer=true syncBuffer=false
01-22 22:56:48.041 D/VRI[NotificationShade]( 2225): draw finished.
01-22 22:56:48.043 D/nativeloader( 6770): Configuring clns-10 for other apk /system/framework/com.android.media.remotedisplay.jar. target_sdk_version=36, uses_libraries=ALL, library_path=/data/app/~~ELby_H2hT9EwXjHsIWTweg==/com.google.android.gms-lnT4HCbVAT6U8P0lsxDlfw==/lib/arm64:/data/app/~~ELby_H2hT9EwXjHsIWTweg==/com.google.android.gms-lnT4HCbVAT6U8P0lsxDlfw==/base.apk!/lib/arm64-v8a, permitted_path=/data:/mnt/expand:/data/user/0/com.google.android.gms
01-22 22:56:48.043 D/nativeloader( 6770): Extending system_exposed_libraries: libapuwareapusys.mtk.so:libapuwareapusys_v2.mtk.so:libapuwarexrp.mtk.so:libapuwarexrp_v2.mtk.so:libapuwareutils.mtk.so:libapuwareutils_v2.mtk.so:libapuwarehmp.mtk.so:libmcv_runtime_usdk.mtk.so:libneuron_graph_delegate.mtk.so:libneuronusdk_adapter.mtk.so:libtflite_mtk.mtk.so:libarmnn_ndk.mtk.so:libcmdl_ndk.mtk.so:libnir_neon_driver_ndk.mtk.so:libmvpu_runtime.mtk.so:libmvpu_runtime_pub.mtk.so:libmvpu_engine_pub.mtk.so:libmvpu_pattern_pub.mtk.so:libmvpuop_mtk_cv.mtk.so:libmvpuop_mtk_nn.mtk.so:libteeservice_client.trustonic.so:libSloganJni.oplus.so:libsuperNight.oplus.so
01-22 22:56:48.043 W/View    ( 2225): requestLayout() improperly called by android.widget.ProgressBar{e107b16 V.ED..... ......ID 0,0-61,31 #7f0b090a app:id/stat_battery_view} during layout: running second layout pass
01-22 22:56:48.046 D/WindowManager( 1748): finishDrawingWindow: Window{726b172 u0 NotificationShade} mDrawState=DRAW_PENDING
01-22 22:56:48.048 I/System.out( 6770): all properties set in this device:
01-22 22:56:48.048 I/System.out( 6770): dtid_result =  
01-22 22:56:48.048 I/System.out( 6770): dtid_delay = 
01-22 22:56:48.048 I/System.out( 6770): make sure you delete all properties by running:
01-22 22:56:48.048 I/System.out( 6770): adb shell setprop debug.[propKey] \"\"
01-22 22:56:48.050 D/BufferStateLayer(  966): NotificationShade#25313 setBuffer frameId=1, bufferId=9556302252505 fenceId=726, w= 1080, h=2400
01-22 22:56:48.050 D/OplusLayer(  966): (25313,NotificationShade#25313,com.android.systemui) setBuffer
01-22 22:56:48.056 D/nativeloader( 6770): Configuring clns-11 for other apk /data/app/~~ELby_H2hT9EwXjHsIWTweg==/com.google.android.gms-lnT4HCbVAT6U8P0lsxDlfw==/base.apk. target_sdk_version=36, uses_libraries=, library_path=/data/app/~~ELby_H2hT9EwXjHsIWTweg==/com.google.android.gms-lnT4HCbVAT6U8P0lsxDlfw==/lib/arm64:/data/app/~~ELby_H2hT9EwXjHsIWTweg==/com.google.android.gms-lnT4HCbVAT6U8P0lsxDlfw==/base.apk!/lib/arm64-v8a, permitted_path=/data:/mnt/expand:/data/user/0/com.google.android.gms
01-22 22:56:48.068 I/DispPerfService(  966): updateLayerMask 0
01-22 22:56:48.071 V/LevelPlaySDK: INTERNAL( 6770): UIThread: false Activity: false Me q - configurations(
01-22 22:56:48.071 V/LevelPlaySDK: INTERNAL( 6770): RewardedVideoConfigurations{parallelLoad=2, bidderExclusive=true}
01-22 22:56:48.071 V/LevelPlaySDK: INTERNAL( 6770): InterstitialConfigurations{parallelLoad=2, bidderExclusive=false}
01-22 22:56:48.071 V/LevelPlaySDK: INTERNAL( 6770): BannerConfigurations{parallelLoad=1, bidderExclusive=false}
01-22 22:56:48.071 V/LevelPlaySDK: INTERNAL( 6770): NativeAdConfigurations{parallelLoad=1, bidderExclusive=false})
01-22 22:56:48.074 V/LevelPlaySDK: INTERNAL( 6770): UIThread: false Activity: false r a - init cache exists
01-22 22:56:48.074 V/LevelPlaySDK: INTERNAL( 6770): UIThread: false Activity: false M1 a.a - isAndroidxApplicationLifecycleAvailable: true
01-22 22:56:48.075 V/LevelPlaySDK: INTERNAL( 6770): UIThread: false Activity: false M1 a.a - isAndroidxApplicationLifecycleEnabled: false
01-22 22:56:48.076 D/ConnectivityService( 1748): requestNetwork for uid/pid:10186/6770 activeRequest: null callbackRequest: 16078 [NetworkRequest [ REQUEST id=16079, [ Capabilities: INTERNET&NOT_RESTRICTED&TRUSTED&NOT_VCN_MANAGED Uid: 10186 RequestorUid: 10186 RequestorPkg: in.cricketexchange.app.cricketexchange UnderlyingNetworks: Null] ]] callback flags: 0 order: 2147483647 isUidTracked: false declaredMethods: AVAIL|LOST
01-22 22:56:48.076 V/LevelPlaySDK: INTERNAL( 6770): UIThread: false Activity: false M1 a.a - isAndroidxEnabled: false
01-22 22:56:48.078 V/LevelPlaySDK: EVENT( 6770): UIThread: false Activity: false u3 b.run - {"eventId":80002
01-22 22:56:48.078 V/LevelPlaySDK: EVENT( 6770): "timestamp":1769102808075
01-22 22:56:48.078 V/LevelPlaySDK: EVENT( 6770): "provider":"Mediation"
01-22 22:56:48.078 V/LevelPlaySDK: EVENT( 6770): "euid":"7eb26a0b-0c13-48d7-9c56-37b75ac5eb91"
01-22 22:56:48.078 V/LevelPlaySDK: EVENT( 6770): "esat":1
01-22 22:56:48.078 V/LevelPlaySDK: EVENT( 6770): "eventSessionId":"f7515b84-8f0b-46e3-838d-1160e4681282"
01-22 22:56:48.078 V/LevelPlaySDK: EVENT( 6770): "essn":432
01-22 22:56:48.078 V/LevelPlaySDK: EVENT( 6770): "connectionType":"none"
01-22 22:56:48.078 V/LevelPlaySDK: EVENT( 6770): "rawConnectionType":"NETWORK_TYPE_UNKNOWN"
01-22 22:56:48.078 V/LevelPlaySDK: EVENT( 6770): "sessionDepth":1
01-22 22:56:48.078 V/LevelPlaySDK: EVENT( 6770): "firstSessionTimestamp":1766151434702}}
01-22 22:56:48.079 I/LevelPlaySDK: API( 6770): LevelPlay getSdkVersion
01-22 22:56:48.081 D/WifiNetworkFactory( 1748): got request NetworkRequest [ REQUEST id=16079, [ Capabilities: INTERNET&NOT_RESTRICTED&TRUSTED&NOT_VCN_MANAGED Uid: 10186 RequestorUid: 10186 RequestorPkg: in.cricketexchange.app.cricketexchange UnderlyingNetworks: Null] ]
01-22 22:56:48.082 D/UntrustedWifiNetworkFactory( 1748): got request NetworkRequest [ REQUEST id=16079, [ Capabilities: INTERNET&NOT_RESTRICTED&TRUSTED&NOT_VCN_MANAGED Uid: 10186 RequestorUid: 10186 RequestorPkg: in.cricketexchange.app.cricketexchange UnderlyingNetworks: Null] ]
01-22 22:56:48.082 D/OemPaidWifiNetworkFactory( 1748): got request NetworkRequest [ REQUEST id=16079, [ Capabilities: INTERNET&NOT_RESTRICTED&TRUSTED&NOT_VCN_MANAGED Uid: 10186 RequestorUid: 10186 RequestorPkg: in.cricketexchange.app.cricketexchange UnderlyingNetworks: Null] ]
01-22 22:56:48.083 D/MultiInternetWifiNetworkFactory( 1748): got request NetworkRequest [ REQUEST id=16079, [ Capabilities: INTERNET&NOT_RESTRICTED&TRUSTED&NOT_VCN_MANAGED Uid: 10186 RequestorUid: 10186 RequestorPkg: in.cricketexchange.app.cricketexchange UnderlyingNetworks: Null] ]
01-22 22:56:48.083 I/Ads     ( 6770): Updating ad debug logging enablement.
01-22 22:56:48.086 D/ConnectivityService( 1748): NetReassign [16079 : null → 113] [c 1] [a 2] [i 6]
01-22 22:56:48.098 D/SensorServiceExtImpl( 1748): isAllowOplusAMD opPackageName = in.cricketexchange.app.cricketexchange
01-22 22:56:48.115 D/AdvertisingIdClient( 6770): AdvertisingIdClient already created.
01-22 22:56:48.131 V/LevelPlaySDK: INTERNAL( 6770): UIThread: false Activity: false r4 a - isInitialized=false
01-22 22:56:48.171 D/AdvertisingIdClient( 6770): AdvertisingIdClient already created.
01-22 22:56:48.172 D/AdvertisingIdClient( 6770): AdvertisingIdClient already created.
01-22 22:56:48.177 D/CompatibilityChangeReporter( 1748): Compat change id reported: 319212206; UID 10186; state: ENABLED
01-22 22:56:48.182 I/Quality ( 6770): ActivityThread: callApplicationOnCreate delay 349 in.cricketexchange.app.cricketexchange 6770
01-22 22:56:48.183 D/ConnectivityService( 1748): NetReassign [no changes] [c 1] [a 1] [i 3]
01-22 22:56:48.183 D/OplusActivityManager( 6770): get AMS extension: android.os.BinderProxy@81675ae
01-22 22:56:48.186 D/AdvertisingIdClient( 6770): AdvertisingIdClient already created.
01-22 22:56:48.197 D/nativeloader( 6770): Load libpowerhalwrap_jni.so using system ns (caller=/system/framework/mediatek-framework.jar): ok
01-22 22:56:48.197 I/PowerHalWrapper( 6770): PowerHalWrapper.getInstance 
01-22 22:56:48.197 D/AudioManagerExtImpl( 6770): getStreamVolume packageName=in.cricketexchange.app.cricketexchange, index=3, streamType=3
01-22 22:56:48.198 I/PowerHalWrapper( 6770): PowerHalWrapper.getInstance 
01-22 22:56:48.198 I/MSYNC3-VariableRefreshRate( 6770): Variable refreshrate is disabled
01-22 22:56:48.199 D/OplusAtlasService( 3300): getAttributeByAppName module:oplus-getStreamMaxVolume packageName:in.cricketexchange.app.cricketexchange
01-22 22:56:48.200 D/SessionLifecycleService( 6770): Service created on process 6770
01-22 22:56:48.200 D/SessionLifecycleService( 6770): Service bound to new client on process 6690
01-22 22:56:48.202 D/SessionLifecycleClient( 6690): Connected to SessionLifecycleService. Queue size 0
01-22 22:56:48.204 D/SessionLifecycleService( 6770): Service bound to new client on process 6770
01-22 22:56:48.205 D/SessionLifecycleService( 6770): App has not yet foregrounded. Using previously stored session.
01-22 22:56:48.205 D/SessionLifecycleService( 6770): Client android.os.Messenger@7f8aa3f bound at 98357385. Clients: 1
01-22 22:56:48.206 D/SessionLifecycleService( 6770): App has not yet foregrounded. Using previously stored session.
01-22 22:56:48.206 D/SessionLifecycleService( 6770): Client android.os.Messenger@479df0c bound at 98357389. Clients: 2
01-22 22:56:48.208 D/AdvertisingIdClient( 6770): AdvertisingIdClient is bounded
01-22 22:56:48.214 D/ConnectivityService( 1748): requestNetwork for uid/pid:10186/6770 activeRequest: null callbackRequest: 16081 [NetworkRequest [ REQUEST id=16082, [ Capabilities: INTERNET&NOT_RESTRICTED&TRUSTED&NOT_VCN_MANAGED Uid: 10186 RequestorUid: 10186 RequestorPkg: in.cricketexchange.app.cricketexchange UnderlyingNetworks: Null] ]] callback flags: 0 order: 2147483647 isUidTracked: false declaredMethods: AVAIL|LOSING|LOST|UNAVAIL|NC|LP|BLK
01-22 22:56:48.214 I/AdvertisingIdClient( 6770): shouldSendLog -1
01-22 22:56:48.214 I/AdvertisingIdClient( 6770): GetInfoInternal elapse 560ms
01-22 22:56:48.215 D/nativeloader( 6770): Load /data/app/~~I-ainbp4nTcTpzTrRcqJ4g==/in.cricketexchange.app.cricketexchange-Xq407EIY8DeJkiHo2oEG8Q==/split_config.arm64_v8a.apk!/lib/arm64-v8a/libapminsighta.so using class loader ns clns-7 (caller=/data/app/~~I-ainbp4nTcTpzTrRcqJ4g==/in.cricketexchange.app.cricketexchange-Xq407EIY8DeJkiHo2oEG8Q==/base.apk!classes3.dex): ok
01-22 22:56:48.216 D/AdvertisingIdClient( 6770): AdvertisingIdClient already created.
01-22 22:56:48.220 D/AdvertisingIdClient( 6770): AdvertisingIdClient already created.
01-22 22:56:48.221 I/AdvertisingIdClient( 6770): shouldSendLog -1
01-22 22:56:48.221 I/AdvertisingIdClient( 6770): GetInfoInternal elapse 228ms
01-22 22:56:48.221 I/ActivityManager( 1748): Killing 4994:com.coloros.scenemode/u0a178 (adj 999): empty #21
01-22 22:56:48.222 D/WifiNetworkFactory( 1748): got request NetworkRequest [ REQUEST id=16082, [ Capabilities: INTERNET&NOT_RESTRICTED&TRUSTED&NOT_VCN_MANAGED Uid: 10186 RequestorUid: 10186 RequestorPkg: in.cricketexchange.app.cricketexchange UnderlyingNetworks: Null] ]
01-22 22:56:48.223 D/UntrustedWifiNetworkFactory( 1748): got request NetworkRequest [ REQUEST id=16082, [ Capabilities: INTERNET&NOT_RESTRICTED&TRUSTED&NOT_VCN_MANAGED Uid: 10186 RequestorUid: 10186 RequestorPkg: in.cricketexchange.app.cricketexchange UnderlyingNetworks: Null] ]
