01-23 00:13:54.098 I/BaseKeyboardSizeHelper(12290): BaseKeyboardSizeHelper.calculateMaxKeyboardBodyHeight():73 leave 273 height for app when ime window height:2249, header height:112 and isFullscreenMode:false, so the max keyboard body height is:1864
01-23 00:13:54.098 I/BaseKeyboardSizeHelper(12290): BaseKeyboardSizeHelper.calculateMaxKeyboardBodyHeight():73 leave 273 height for app when ime window height:2249, header height:112 and isFullscreenMode:false, so the max keyboard body height is:1864
01-23 00:13:54.099 I/GlobeKeyExtension(12290): GlobeKeyExtension.getKeyboardInitialStates():175 
01-23 00:13:54.100 D/Layer   (  966): reparent to null sequence=27037, seq[2], name=Surface(name=209d612 NavigationBar0)/@0x85ef509 - animation-leash of insets_animation#27037
01-23 00:13:54.100 W/Keyboard(12290): Keyboard.getKeyboardViewHelper():604 null helper is returned: keyboardDef=zty{processedConditions={show_comma_key=true, enable_more_candidates_view_for_multilingual=false, layout_9key_split=false, enable_secondary_symbols=false, pref_enable_flick_symbols=false, language=en-US, deprecate_long_press_space_for_ime_picker=false, expressions=normal, android_software_xr_api_spatial=false, variant=qwerty, show_period_key=true, device=phone, keyboard_mode=normal, show_secondary_digits=true, enable_pk_simulator=false, enable_preemptive_decode=true}, globalConditions={global_theme_key=theme,!gsf,!pgsans,!pgsf,!use_system_font,BORDER,DYNAMIC_DARK_BRIGHT_KEY,FLAVOR_DPI=XXHDPI,KEYBOARD_WIDTH_CATEGORY=NORMAL,KEY_BORDER_SHAPE=1,LIGHT_THEME=false,PHYSICAL_DIAGONAL=6.205629,POPUP,SCREEN_SHORTEST_WIDTH=423,SCREEN_SHORTEST_WIDTH_NO_SCALE=423,SW400DP,XXHDPI,bottom4dp,bright_key_on_dynamic_color_dark_theme=true,enable_popup_on_keypress=true,keyboard_redesign_google_sans=true,non_linear_scale,noshadow,overlay_builtin_dynamic_color_dark_base.binarypb:gm3-dark-ff1c100f-ffffb4aa-f3a6645152bf6ebcfdaad69eee598866,silkpopup, global_locale=en_US, global_density_dpi=408, global_orientation=1}, className=.latin.keyboard.LatinPrimeKeyboard, resourceIds=[#0x7f1705f9, #0x7f17088b], initialStates=0, keyboardViewDefs=[zuy{direction=null, id=#0x7f0b0225, isScalable=true, layoutId=#0x7f0e0375, type=BODY, touchable=true, defaultShow=true}, zuy{direction=null, id=#0x7f0b0225, isScalable=false, layoutId=#0x7f0e020b, type=FLOATING_CANDIDATES, touchable=false, defaultShow=false}, zuy{direction=LOCALE, id=#0x7f0b0225, isScalable=false, layoutId=#0x7f0e0511, type=HEADER, touchable=true, defaultShow=true}], persistentStates=0, persistentStatesPrefKey=null, popupBubbleLayoutId=#0x7f0e0601, recentKeyLayoutId=#0x0, recentKeyPopupLayoutId=#0x0, recentKeyType=null, rememberRecentKey=NONE, sessionStates=17592186044419}, type=WIDGET, helpersCreated={HEADER=yst@855a607, BODY=yst@5780334, FLOATING_CANDIDATES=yst@34b655d}, context.getResources().getConfiguration(): {1.15 ??mcc??mnc [en_US,en_GB] ldltr sw423dp w423dp h898dp 408dpi nrml long port night finger -keyb/v/h -nav/h winConfig={ mBounds=Rect(0, 0 - 1080, 2400) mAppBounds=Rect(0, 110 - 1080, 2400) mMaxBounds=Rect(0, 0 - 1080, 2400) mDisplayRotation=ROTATION_0 mWindowingMode=fullscreen mDisplayWindowingMode=fullscreen mActivityType=undefined mAlwaysOnTop=undefined mRotation=ROTATION_0} s.1345 fontWeightAdjustment=0mThemeChanged= 0, mThemeChangedFlags= 0, mFlipFont= 0, mAccessibleChanged= -1, mUxIconConfig= 3468921665126662177, mMaterialColor= 0, mUserId= 0, mFontUserId= 0, mFontVariationSettings= 226, mFoldingAngle = -1.0, mIconPackName= , mDarkModeBackgroundMaxL= 0.0, mDarkModeDialogBgMaxL= 27.0, mDarkModeForegroundMinL= 100.0, mOplusConfigType= 1, mOplusChangedConfigs= 0, OpSans= 0, mFlag= 0}
01-23 00:13:54.101 I/BaseKeyboardSizeHelper(12290): BaseKeyboardSizeHelper.calculateMaxKeyboardBodyHeight():73 leave 273 height for app when ime window height:2249, header height:112 and isFullscreenMode:false, so the max keyboard body height is:1864
01-23 00:13:54.113 D/OplusFullScreenDisplayManager( 1748): adjustWindowParamsLw com.google.android.inputmethod.latin, no change cutoutMode: 0
01-23 00:13:54.113 V/WindowManager( 1748): Relayout Window{48c0b3 u0 InputMethod}: viewVisibility=0, oldvis=0, req=1080x2290
01-23 00:13:54.117 I/ReactNativeJS(13976): ðŸ¤– Initializing AI Services...
01-23 00:13:54.117 I/ReactNativeJS(13976): ðŸš€ Initializing Model Manager...
01-23 00:13:54.117 D/OplusLayer(  966): ~Layer() sequence=27037, name=Surface(name=209d612 NavigationBar0)/@0x85ef509 - animation-leash of insets_animation#27037
01-23 00:13:54.119 I/KeyboardModeUtils(12290): KeyboardModeUtils.getKeyboardBottomOffset():435 inch: 0.000000 ydpi: 409.016998 adjustKeyboardBottomByDisplaySize: false currentDensityDpi: 408 defaultDensityDpi: 408 keyboardBottomToScreenPx: 0 keyboardBottomToNavBarPx: -41 navBarHeight: 41
01-23 00:13:54.119 I/BaseKeyboardSizeHelper(12290): BaseKeyboardSizeHelper.calculateMaxKeyboardBodyHeight():73 leave 273 height for app when ime window height:2249, header height:112 and isFullscreenMode:false, so the max keyboard body height is:1864
01-23 00:13:54.120 I/BaseKeyboardSizeHelper(12290): BaseKeyboardSizeHelper.calculateMaxKeyboardBodyHeight():73 leave 273 height for app when ime window height:2249, header height:112 and isFullscreenMode:false, so the max keyboard body height is:1864
01-23 00:13:54.120 I/ReactNativeJS(13976): ðŸ§  Using CPU backend for TensorFlow.js
01-23 00:13:54.120 I/ReactNativeJS(13976): ðŸ§  TensorFlow.js initialized with cpu backend
01-23 00:13:54.120 I/DispPerfService(  966): updateLayerMask 0
01-23 00:13:54.121 I/ReactNativeJS(13976): ðŸ“Š Performance monitoring started
01-23 00:13:54.121 I/ReactNativeJS(13976): âœ… Model Manager initialized successfully
01-23 00:13:54.121 I/ReactNativeJS(13976): ðŸ”„ Loading model: compliance-detector-compliance-model-v1
01-23 00:13:54.124 E/android.system.suspend@1.0-service(  627): Error opening kernel wakelock stats for: wakeup38 (../../devices/platform/soc/11016000.i2c5/i2c-5/5-0034/mt6360_pmu_chg.2.auto/wakeup/wakeup38): Permission denied
01-23 00:13:54.129 I/GoogleInputMethodService(12290): GoogleInputMethodService$1.onKeyboardViewShown():329 onKeyboardViewShown: keyboardType=prime, keyboardViewType=HEADER keyboardView=com.google.android.libraries.inputmethod.widgets.SoftKeyboardView{5dcb217 V.E...... ........ 0,0-1080,112}
01-23 00:13:54.130 I/BaseKeyboardSizeHelper(12290): BaseKeyboardSizeHelper.calculateMaxKeyboardBodyHeight():73 leave 273 height for app when ime window height:2249, header height:112 and isFullscreenMode:false, so the max keyboard body height is:1864
01-23 00:13:54.131 I/GoogleInputMethodService(12290): GoogleInputMethodService$1.onKeyboardViewShown():329 onKeyboardViewShown: keyboardType=prime, keyboardViewType=BODY keyboardView=com.google.android.libraries.inputmethod.widgets.SoftKeyboardView{fc33905 V.E...... ........ 0,0-1080,622}
01-23 00:13:54.132 E/android.system.suspend@1.0-service(  627): Error opening kernel wakelock stats for: wakeup164 (../../devices/platform/soc/11007000.i2c0/i2c-0/0-0038/wakeup/wakeup164): Permission denied
01-23 00:13:54.132 I/BaseKeyboardSizeHelper(12290): BaseKeyboardSizeHelper.calculateMaxKeyboardBodyHeight():73 leave 273 height for app when ime window height:2249, header height:112 and isFullscreenMode:false, so the max keyboard body height is:1864
01-23 00:13:54.132 I/GlobeKeyExtension(12290): GlobeKeyExtension$1.onKeyboardViewShown():72 maybeDisableLanguageSwitchKeyPref when the keyboard is shown
01-23 00:13:54.132 I/GlobeKeyExtension(12290): GlobeKeyExtension.maybeDisableLanguageSwitchKeyPref():200 maybeDisableLanguageSwitchKeyPref hasGlobeKeyBeenDisabled: false, shouldDisableLanguageSwitchKey: false
01-23 00:13:54.132 I/NewLanguagePromptExtension(12290): NewLanguagePromptExtension$1.onKeyboardViewShown():88 Not show new language banner: not prime keyboard, or the extension not activated.
01-23 00:13:54.133 I/DynamicLayoutHandler(12290): DynamicLayoutHandler.loadDynamicKeys():92 This isn't a dynamic layout.
01-23 00:13:54.133 I/Delight5Decoder(12290): Delight5DecoderWrapper.setKeyboardLayout():548 setKeyboardLayout()
01-23 00:13:54.134 I/KeyboardModeUtils(12290): KeyboardModeUtils.getKeyboardBottomOffset():435 inch: 0.000000 ydpi: 409.016998 adjustKeyboardBottomByDisplaySize: false currentDensityDpi: 408 defaultDensityDpi: 408 keyboardBottomToScreenPx: 0 keyboardBottomToNavBarPx: -41 navBarHeight: 41
01-23 00:13:54.135 I/BaseKeyboardSizeHelper(12290): BaseKeyboardSizeHelper.calculateMaxKeyboardBodyHeight():73 leave 273 height for app when ime window height:2249, header height:112 and isFullscreenMode:false, so the max keyboard body height is:1864
01-23 00:13:54.135 I/BaseKeyboardSizeHelper(12290): BaseKeyboardSizeHelper.calculateMaxKeyboardBodyHeight():73 leave 273 height for app when ime window height:2249, header height:112 and isFullscreenMode:false, so the max keyboard body height is:1864
01-23 00:13:54.137 D/InputMethodManagerService( 1748): onHandleImeWindowVisibleStatus: vis = 3, needsToShowImeSwitcher = false
01-23 00:13:54.141 E/android.system.suspend@1.0-service(  627): Error opening kernel wakelock stats for: wakeup126 (../../devices/platform/soc/11016000.i2c5/i2c-5/5-004e/wakeup/wakeup126): Permission denied
01-23 00:13:54.164 E/android.system.suspend@1.0-service(  627): Error opening kernel wakelock stats for: wakeup134 (../../devices/platform/soc/11016000.i2c5/i2c-5/5-0034/mt6360_pmu_chg.2.auto/power_supply/mt6360_pmu_chg.2.auto/wakeup134): Permission denied
01-23 00:13:54.186 E/android.system.suspend@1.0-service(  627): Error opening kernel wakelock stats for: wakeup34 (../../devices/platform/soc/1000d000.pwrap/1000d000.pwrap:main_pmic/mt635x-auxadc/wakeup/wakeup34): Permission denied
01-23 00:13:54.187 E/android.system.suspend@1.0-service(  627): Error opening kernel wakelock stats for: wakeup132 (../../devices/platform/soc/1000d000.pwrap/1000d000.pwrap:main_pmic/mt6359-gauge/power_supply/mtk-gauge/wakeup132): Permission denied
01-23 00:13:54.191 E/android.system.suspend@1.0-service(  627): Error opening kernel wakelock stats for: wakeup24 (../../devices/platform/soc/usb0/wakeup/wakeup24): Permission denied
01-23 00:13:54.204 W/TooltipLifecycleManager(12290): TooltipLifecycleManager.dismissTooltips():153 Tooltip with id spell_check_add_to_dictionary not found in tooltipManager.
01-23 00:13:54.207 E/android.system.suspend@1.0-service(  627): Error opening kernel wakelock stats for: wakeup32 (../../devices/platform/odm/odm:oplus,track-charge/track/wakeup/wakeup32): Permission denied
01-23 00:13:54.221 E/android.system.suspend@1.0-service(  627): Error opening kernel wakelock stats for: wakeup167 (../../devices/platform/charger/power_supply/usb/wakeup167): Permission denied
01-23 00:13:54.232 E/android.system.suspend@1.0-service(  627): Error opening kernel wakelock stats for: wakeup10 (../../devices/platform/soc/1a000000.camsys/wakeup/wakeup10): Permission denied
01-23 00:13:54.235 E/android.system.suspend@1.0-service(  627): Error opening kernel wakelock stats for: wakeup165 (../../devices/platform/soc/11007000.i2c0/i2c-0/0-0038/wakeup/wakeup165): Permission denied
01-23 00:13:54.236 E/android.system.suspend@1.0-service(  627): Error opening kernel wakelock stats for: wakeup29 (../../devices/platform/soc/11016000.i2c5/i2c-5/5-0034/wakeup/wakeup29): Permission denied
01-23 00:13:54.237 E/android.system.suspend@1.0-service(  627): Error opening kernel wakelock stats for: wakeup127 (../../devices/platform/soc/11016000.i2c5/i2c-5/5-004e/wakeup/wakeup127): Permission denied
01-23 00:13:54.249 E/android.system.suspend@1.0-service(  627): Error opening kernel wakelock stats for: wakeup27 (../../devices/platform/soc/1000d000.pwrap/1000d000.pwrap:main_pmic/mt6397-rtc/wakeup/wakeup27): Permission denied
01-23 00:13:54.250 E/android.system.suspend@1.0-service(  627): Error opening kernel wakelock stats for: wakeup125 (../../devices/platform/soc/11016000.i2c5/i2c-5/5-004e/wakeup/wakeup125): Permission denied
01-23 00:13:54.256 E/android.system.suspend@1.0-service(  627): Error opening kernel wakelock stats for: wakeup1 (../../devices/platform/soc/10228000.gce/wakeup/wakeup1): Permission denied
01-23 00:13:54.278 E/android.system.suspend@1.0-service(  627): Error opening kernel wakelock stats for: wakeup168 (../../devices/platform/charger/power_supply/battery/wakeup168): Permission denied
01-23 00:13:54.289 E/android.system.suspend@1.0-service(  627): Error opening kernel wakelock stats for: wakeup166 (../../devices/platform/charger/power_supply/ac/wakeup166): Permission denied
01-23 00:13:54.301 W/CpuPowerCalculator( 1748): UID 99910601 CPU freq # mismatch: Power Profile # 2 actual # 32
01-23 00:13:54.301 W/CpuPowerCalculator( 1748): UID 99910601 CPU freq # mismatch: Power Profile # 2 actual # 32
01-23 00:13:54.301 W/CpuPowerCalculator( 1748): UID 99910601 CPU freq # mismatch: Power Profile # 2 actual # 32
01-23 00:13:54.301 W/CpuPowerCalculator( 1748): UID 99910236 CPU freq # mismatch: Power Profile # 2 actual # 32
01-23 00:13:54.302 W/CpuPowerCalculator( 1748): UID 99910236 CPU freq # mismatch: Power Profile # 2 actual # 32
01-23 00:13:54.302 W/CpuPowerCalculator( 1748): UID 99910236 CPU freq # mismatch: Power Profile # 2 actual # 32
01-23 00:13:54.302 W/CpuPowerCalculator( 1748): UID 99910236 CPU freq # mismatch: Power Profile # 2 actual # 32
01-23 00:13:54.302 W/CpuPowerCalculator( 1748): UID 99910219 CPU freq # mismatch: Power Profile # 2 actual # 32
01-23 00:13:54.302 W/CpuPowerCalculator( 1748): UID 99910219 CPU freq # mismatch: Power Profile # 2 actual # 32
01-23 00:13:54.302 W/CpuPowerCalculator( 1748): UID 99910219 CPU freq # mismatch: Power Profile # 2 actual # 32
01-23 00:13:54.302 W/CpuPowerCalculator( 1748): UID 99910206 CPU freq # mismatch: Power Profile # 2 actual # 32
01-23 00:13:54.302 W/CpuPowerCalculator( 1748): UID 99910206 CPU freq # mismatch: Power Profile # 2 actual # 32
01-23 00:13:54.302 W/CpuPowerCalculator( 1748): UID 99910206 CPU freq # mismatch: Power Profile # 2 actual # 32
01-23 00:13:54.302 W/CpuPowerCalculator( 1748): UID 99910128 CPU freq # mismatch: Power Profile # 2 actual # 32
01-23 00:13:54.302 W/CpuPowerCalculator( 1748): UID 99910128 CPU freq # mismatch: Power Profile # 2 actual # 32
01-23 00:13:54.302 W/CpuPowerCalculator( 1748): UID 99910128 CPU freq # mismatch: Power Profile # 2 actual # 32
01-23 00:13:54.302 W/CpuPowerCalculator( 1748): UID 99901000 CPU freq # mismatch: Power Profile # 2 actual # 32
01-23 00:13:54.302 W/CpuPowerCalculator( 1748): UID 99901000 CPU freq # mismatch: Power Profile # 2 actual # 32
01-23 00:13:54.303 W/CpuPowerCalculator( 1748): UID 10851 CPU freq # mismatch: Power Profile # 2 actual # 32
01-23 00:13:54.303 W/CpuPowerCalculator( 1748): UID 10851 CPU freq # mismatch: Power Profile # 2 actual # 32
01-23 00:13:54.303 W/CpuPowerCalculator( 1748): UID 10845 CPU freq # mismatch: Power Profile # 2 actual # 32
01-23 00:13:54.303 W/CpuPowerCalculator( 1748): UID 10845 CPU freq # mismatch: Power Profile # 2 actual # 32
01-23 00:13:54.303 W/CpuPowerCalculator( 1748): UID 10845 CPU freq # mismatch: Power Profile # 2 actual # 32
01-23 00:13:54.303 W/CpuPowerCalculator( 1748): UID 10830 CPU freq # mismatch: Power Profile # 2 actual # 32
01-23 00:13:54.303 W/CpuPowerCalculator( 1748): UID 10830 CPU freq # mismatch: Power Profile # 2 actual # 32
01-23 00:13:54.303 W/CpuPowerCalculator( 1748): UID 10817 CPU freq # mismatch: Power Profile # 2 actual # 32
01-23 00:13:54.304 W/CpuPowerCalculator( 1748): UID 10817 CPU freq # mismatch: Power Profile # 2 actual # 32
01-23 00:13:54.304 W/CpuPowerCalculator( 1748): UID 10801 CPU freq # mismatch: Power Profile # 2 actual # 32
01-23 00:13:54.304 W/CpuPowerCalculator( 1748): UID 10801 CPU freq # mismatch: Power Profile # 2 actual # 32
01-23 00:13:54.304 W/CpuPowerCalculator( 1748): UID 10801 CPU freq # mismatch: Power Profile # 2 actual # 32
01-23 00:13:54.304 W/CpuPowerCalculator( 1748): UID 10801 CPU freq # mismatch: Power Profile # 2 actual # 32
01-23 00:13:54.304 W/CpuPowerCalculator( 1748): UID 10800 CPU freq # mismatch: Power Profile # 2 actual # 32
01-23 00:13:54.304 W/CpuPowerCalculator( 1748): UID 10800 CPU freq # mismatch: Power Profile # 2 actual # 32
01-23 00:13:54.304 W/CpuPowerCalculator( 1748): UID 10800 CPU freq # mismatch: Power Profile # 2 actual # 32
01-23 00:13:54.304 W/CpuPowerCalculator( 1748): UID 10800 CPU freq # mismatch: Power Profile # 2 actual # 32
01-23 00:13:54.304 W/CpuPowerCalculator( 1748): UID 10744 CPU freq # mismatch: Power Profile # 2 actual # 32
01-23 00:13:54.304 W/CpuPowerCalculator( 1748): UID 10744 CPU freq # mismatch: Power Profile # 2 actual # 32
01-23 00:13:54.304 W/CpuPowerCalculator( 1748): UID 10744 CPU freq # mismatch: Power Profile # 2 actual # 32
01-23 00:13:54.304 W/CpuPowerCalculator( 1748): UID 10744 CPU freq # mismatch: Power Profile # 2 actual # 32
01-23 00:13:54.304 W/CpuPowerCalculator( 1748): UID 10744 CPU freq # mismatch: Power Profile # 2 actual # 32
01-23 00:13:54.304 W/CpuPowerCalculator( 1748): UID 10742 CPU freq # mismatch: Power Profile # 2 actual # 32
01-23 00:13:54.304 W/CpuPowerCalculator( 1748): UID 10742 CPU freq # mismatch: Power Profile # 2 actual # 32
01-23 00:13:54.304 W/CpuPowerCalculator( 1748): UID 10742 CPU freq # mismatch: Power Profile # 2 actual # 32
01-23 00:13:54.304 W/CpuPowerCalculator( 1748): UID 10711 CPU freq # mismatch: Power Profile # 2 actual # 32
01-23 00:13:54.304 W/CpuPowerCalculator( 1748): UID 10711 CPU freq # mismatch: Power Profile # 2 actual # 32
01-23 00:13:54.304 W/CpuPowerCalculator( 1748): UID 10711 CPU freq # mismatch: Power Profile # 2 actual # 32
01-23 00:13:54.304 W/CpuPowerCalculator( 1748): UID 10660 CPU freq # mismatch: Power Profile # 2 actual # 32
01-23 00:13:54.304 W/CpuPowerCalculator( 1748): UID 10660 CPU freq # mismatch: Power Profile # 2 actual # 32
01-23 00:13:54.304 W/CpuPowerCalculator( 1748): UID 10660 CPU freq # mismatch: Power Profile # 2 actual # 32
01-23 00:13:54.304 W/CpuPowerCalculator( 1748): UID 10614 CPU freq # mismatch: Power Profile # 2 actual # 32
01-23 00:13:54.304 W/CpuPowerCalculator( 1748): UID 10614 CPU freq # mismatch: Power Profile # 2 actual # 32
01-23 00:13:54.304 W/CpuPowerCalculator( 1748): UID 10614 CPU freq # mismatch: Power Profile # 2 actual # 32
01-23 00:13:54.304 W/CpuPowerCalculator( 1748): UID 10601 CPU freq # mismatch: Power Profile # 2 actual # 32
01-23 00:13:54.304 W/CpuPowerCalculator( 1748): UID 10601 CPU freq # mismatch: Power Profile # 2 actual # 32
01-23 00:13:54.304 W/CpuPowerCalculator( 1748): UID 10601 CPU freq # mismatch: Power Profile # 2 actual # 32
01-23 00:13:54.304 W/CpuPowerCalculator( 1748): UID 10601 CPU freq # mismatch: Power Profile # 2 actual # 32
01-23 00:13:54.304 W/CpuPowerCalculator( 1748): UID 10601 CPU freq # mismatch: Power Profile # 2 actual # 32
01-23 00:13:54.304 W/CpuPowerCalculator( 1748): UID 10365 CPU freq # mismatch: Power Profile # 2 actual # 32
01-23 00:13:54.304 W/CpuPowerCalculator( 1748): UID 10365 CPU freq # mismatch: Power Profile # 2 actual # 32
01-23 00:13:54.304 W/CpuPowerCalculator( 1748): UID 10362 CPU freq # mismatch: Power Profile # 2 actual # 32
01-23 00:13:54.304 W/CpuPowerCalculator( 1748): UID 10362 CPU freq # mismatch: Power Profile # 2 actual # 32
01-23 00:13:54.304 W/CpuPowerCalculator( 1748): UID 10362 CPU freq # mismatch: Power Profile # 2 actual # 32
01-23 00:13:54.305 W/CpuPowerCalculator( 1748): UID 10361 CPU freq # mismatch: Power Profile # 2 actual # 32
01-23 00:13:54.305 W/CpuPowerCalculator( 1748): UID 10361 CPU freq # mismatch: Power Profile # 2 actual # 32
01-23 00:13:54.305 W/CpuPowerCalculator( 1748): UID 10358 CPU freq # mismatch: Power Profile # 2 actual # 32
01-23 00:13:54.305 W/CpuPowerCalculator( 1748): UID 10358 CPU freq # mismatch: Power Profile # 2 actual # 32
01-23 00:13:54.305 W/CpuPowerCalculator( 1748): UID 10354 CPU freq # mismatch: Power Profile # 2 actual # 32
01-23 00:13:54.305 W/CpuPowerCalculator( 1748): UID 10354 CPU freq # mismatch: Power Profile # 2 actual # 32
01-23 00:13:54.305 W/CpuPowerCalculator( 1748): UID 10354 CPU freq # mismatch: Power Profile # 2 actual # 32
01-23 00:13:54.305 W/CpuPowerCalculator( 1748): UID 10349 CPU freq # mismatch: Power Profile # 2 actual # 32
01-23 00:13:54.305 W/CpuPowerCalculator( 1748): UID 10349 CPU freq # mismatch: Power Profile # 2 actual # 32
01-23 00:13:54.305 W/CpuPowerCalculator( 1748): UID 10349 CPU freq # mismatch: Power Profile # 2 actual # 32
01-23 00:13:54.305 W/CpuPowerCalculator( 1748): UID 10345 CPU freq # mismatch: Power Profile # 2 actual # 32
01-23 00:13:54.305 W/CpuPowerCalculator( 1748): UID 10345 CPU freq # mismatch: Power Profile # 2 actual # 32
01-23 00:13:54.305 W/CpuPowerCalculator( 1748): UID 10342 CPU freq # mismatch: Power Profile # 2 actual # 32
01-23 00:13:54.305 W/CpuPowerCalculator( 1748): UID 10342 CPU freq # mismatch: Power Profile # 2 actual # 32
01-23 00:13:54.305 W/CpuPowerCalculator( 1748): UID 10337 CPU freq # mismatch: Power Profile # 2 actual # 32
01-23 00:13:54.305 W/CpuPowerCalculator( 1748): UID 10337 CPU freq # mismatch: Power Profile # 2 actual # 32
01-23 00:13:54.305 W/CpuPowerCalculator( 1748): UID 10337 CPU freq # mismatch: Power Profile # 2 actual # 32
01-23 00:13:54.305 W/CpuPowerCalculator( 1748): UID 10335 CPU freq # mismatch: Power Profile # 2 actual # 32
01-23 00:13:54.305 W/CpuPowerCalculator( 1748): UID 10335 CPU freq # mismatch: Power Profile # 2 actual # 32
01-23 00:13:54.305 W/CpuPowerCalculator( 1748): UID 10335 CPU freq # mismatch: Power Profile # 2 actual # 32
01-23 00:13:54.305 W/CpuPowerCalculator( 1748): UID 10335 CPU freq # mismatch: Power Profile # 2 actual # 32
01-23 00:13:54.305 W/CpuPowerCalculator( 1748): UID 10334 CPU freq # mismatch: Power Profile # 2 actual # 32
01-23 00:13:54.305 W/CpuPowerCalculator( 1748): UID 10334 CPU freq # mismatch: Power Profile # 2 actual # 32
01-23 00:13:54.305 W/CpuPowerCalculator( 1748): UID 10334 CPU freq # mismatch: Power Profile # 2 actual # 32
01-23 00:13:54.305 W/CpuPowerCalculator( 1748): UID 10332 CPU freq # mismatch: Power Profile # 2 actual # 32
01-23 00:13:54.305 W/CpuPowerCalculator( 1748): UID 10332 CPU freq # mismatch: Power Profile # 2 actual # 32
01-23 00:13:54.305 W/CpuPowerCalculator( 1748): UID 10328 CPU freq # mismatch: Power Profile # 2 actual # 32
01-23 00:13:54.305 W/CpuPowerCalculator( 1748): UID 10328 CPU freq # mismatch: Power Profile # 2 actual # 32
01-23 00:13:54.305 W/CpuPowerCalculator( 1748): UID 10327 CPU freq # mismatch: Power Profile # 2 actual # 32
01-23 00:13:54.305 W/CpuPowerCalculator( 1748): UID 10327 CPU freq # mismatch: Power Profile # 2 actual # 32
01-23 00:13:54.305 W/CpuPowerCalculator( 1748): UID 10327 CPU freq # mismatch: Power Profile # 2 actual # 32
01-23 00:13:54.305 W/CpuPowerCalculator( 1748): UID 10245 CPU freq # mismatch: Power Profile # 2 actual # 32
01-23 00:13:54.306 W/CpuPowerCalculator( 1748): UID 10245 CPU freq # mismatch: Power Profile # 2 actual # 32
01-23 00:13:54.306 W/CpuPowerCalculator( 1748): UID 10236 CPU freq # mismatch: Power Profile # 2 actual # 32
01-23 00:13:54.306 W/CpuPowerCalculator( 1748): UID 10236 CPU freq # mismatch: Power Profile # 2 actual # 32
01-23 00:13:54.306 W/CpuPowerCalculator( 1748): UID 10236 CPU freq # mismatch: Power Profile # 2 actual # 32
01-23 00:13:54.306 W/CpuPowerCalculator( 1748): UID 10236 CPU freq # mismatch: Power Profile # 2 actual # 32
01-23 00:13:54.306 W/CpuPowerCalculator( 1748): UID 10235 CPU freq # mismatch: Power Profile # 2 actual # 32
01-23 00:13:54.306 W/CpuPowerCalculator( 1748): UID 10235 CPU freq # mismatch: Power Profile # 2 actual # 32
01-23 00:13:54.306 W/CpuPowerCalculator( 1748): UID 10235 CPU freq # mismatch: Power Profile # 2 actual # 32
01-23 00:13:54.306 W/CpuPowerCalculator( 1748): UID 10232 CPU freq # mismatch: Power Profile # 2 actual # 32
01-23 00:13:54.306 W/CpuPowerCalculator( 1748): UID 10232 CPU freq # mismatch: Power Profile # 2 actual # 32
01-23 00:13:54.306 W/CpuPowerCalculator( 1748): UID 10231 CPU freq # mismatch: Power Profile # 2 actual # 32
01-23 00:13:54.306 W/CpuPowerCalculator( 1748): UID 10231 CPU freq # mismatch: Power Profile # 2 actual # 32
01-23 00:13:54.306 W/CpuPowerCalculator( 1748): UID 10228 CPU freq # mismatch: Power Profile # 2 actual # 32
01-23 00:13:54.306 W/CpuPowerCalculator( 1748): UID 10228 CPU freq # mismatch: Power Profile # 2 actual # 32
01-23 00:13:54.306 W/CpuPowerCalculator( 1748): UID 10228 CPU freq # mismatch: Power Profile # 2 actual # 32
01-23 00:13:54.306 W/CpuPowerCalculator( 1748): UID 10225 CPU freq # mismatch: Power Profile # 2 actual # 32
01-23 00:13:54.306 W/CpuPowerCalculator( 1748): UID 10225 CPU freq # mismatch: Power Profile # 2 actual # 32
01-23 00:13:54.306 W/CpuPowerCalculator( 1748): UID 10223 CPU freq # mismatch: Power Profile # 2 actual # 32
01-23 00:13:54.306 W/CpuPowerCalculator( 1748): UID 10223 CPU freq # mismatch: Power Profile # 2 actual # 32
01-23 00:13:54.306 W/CpuPowerCalculator( 1748): UID 10223 CPU freq # mismatch: Power Profile # 2 actual # 32
01-23 00:13:54.306 W/CpuPowerCalculator( 1748): UID 10221 CPU freq # mismatch: Power Profile # 2 actual # 32
01-23 00:13:54.306 W/CpuPowerCalculator( 1748): UID 10221 CPU freq # mismatch: Power Profile # 2 actual # 32
01-23 00:13:54.306 W/CpuPowerCalculator( 1748): UID 10221 CPU freq # mismatch: Power Profile # 2 actual # 32
01-23 00:13:54.306 W/CpuPowerCalculator( 1748): UID 10220 CPU freq # mismatch: Power Profile # 2 actual # 32
01-23 00:13:54.306 W/CpuPowerCalculator( 1748): UID 10220 CPU freq # mismatch: Power Profile # 2 actual # 32
01-23 00:13:54.306 W/CpuPowerCalculator( 1748): UID 10220 CPU freq # mismatch: Power Profile # 2 actual # 32
01-23 00:13:54.306 W/CpuPowerCalculator( 1748): UID 10219 CPU freq # mismatch: Power Profile # 2 actual # 32
01-23 00:13:54.306 W/CpuPowerCalculator( 1748): UID 10219 CPU freq # mismatch: Power Profile # 2 actual # 32
01-23 00:13:54.306 W/CpuPowerCalculator( 1748): UID 10212 CPU freq # mismatch: Power Profile # 2 actual # 32
01-23 00:13:54.306 W/CpuPowerCalculator( 1748): UID 10212 CPU freq # mismatch: Power Profile # 2 actual # 32
01-23 00:13:54.306 W/CpuPowerCalculator( 1748): UID 10212 CPU freq # mismatch: Power Profile # 2 actual # 32
01-23 00:13:54.306 W/CpuPowerCalculator( 1748): UID 10209 CPU freq # mismatch: Power Profile # 2 actual # 32
01-23 00:13:54.306 W/CpuPowerCalculator( 1748): UID 10209 CPU freq # mismatch: Power Profile # 2 actual # 32
01-23 00:13:54.306 W/CpuPowerCalculator( 1748): UID 10209 CPU freq # mismatch: Power Profile # 2 actual # 32
01-23 00:13:54.306 W/CpuPowerCalculator( 1748): UID 10207 CPU freq # mismatch: Power Profile # 2 actual # 32
01-23 00:13:54.307 W/CpuPowerCalculator( 1748): UID 10207 CPU freq # mismatch: Power Profile # 2 actual # 32
01-23 00:13:54.307 W/CpuPowerCalculator( 1748): UID 10204 CPU freq # mismatch: Power Profile # 2 actual # 32
01-23 00:13:54.307 W/CpuPowerCalculator( 1748): UID 10204 CPU freq # mismatch: Power Profile # 2 actual # 32
01-23 00:13:54.307 W/CpuPowerCalculator( 1748): UID 10201 CPU freq # mismatch: Power Profile # 2 actual # 32
01-23 00:13:54.307 W/CpuPowerCalculator( 1748): UID 10201 CPU freq # mismatch: Power Profile # 2 actual # 32
01-23 00:13:54.307 W/CpuPowerCalculator( 1748): UID 10201 CPU freq # mismatch: Power Profile # 2 actual # 32
01-23 00:13:54.307 W/CpuPowerCalculator( 1748): UID 10200 CPU freq # mismatch: Power Profile # 2 actual # 32
01-23 00:13:54.307 W/CpuPowerCalculator( 1748): UID 10200 CPU freq # mismatch: Power Profile # 2 actual # 32
01-23 00:13:54.307 W/CpuPowerCalculator( 1748): UID 10200 CPU freq # mismatch: Power Profile # 2 actual # 32
01-23 00:13:54.307 W/CpuPowerCalculator( 1748): UID 10197 CPU freq # mismatch: Power Profile # 2 actual # 32
01-23 00:13:54.307 W/CpuPowerCalculator( 1748): UID 10197 CPU freq # mismatch: Power Profile # 2 actual # 32
01-23 00:13:54.307 W/CpuPowerCalculator( 1748): UID 10197 CPU freq # mismatch: Power Profile # 2 actual # 32
01-23 00:13:54.307 W/CpuPowerCalculator( 1748): UID 10186 CPU freq # mismatch: Power Profile # 2 actual # 32
01-23 00:13:54.307 W/CpuPowerCalculator( 1748): UID 10186 CPU freq # mismatch: Power Profile # 2 actual # 32
01-23 00:13:54.307 W/CpuPowerCalculator( 1748): UID 10186 CPU freq # mismatch: Power Profile # 2 actual # 32
01-23 00:13:54.307 W/CpuPowerCalculator( 1748): UID 10185 CPU freq # mismatch: Power Profile # 2 actual # 32
01-23 00:13:54.307 W/CpuPowerCalculator( 1748): UID 10185 CPU freq # mismatch: Power Profile # 2 actual # 32
01-23 00:13:54.307 W/CpuPowerCalculator( 1748): UID 10185 CPU freq # mismatch: Power Profile # 2 actual # 32
01-23 00:13:54.307 W/CpuPowerCalculator( 1748): UID 10185 CPU freq # mismatch: Power Profile # 2 actual # 32
01-23 00:13:54.307 W/CpuPowerCalculator( 1748): UID 10183 CPU freq # mismatch: Power Profile # 2 actual # 32
01-23 00:13:54.307 W/CpuPowerCalculator( 1748): UID 10183 CPU freq # mismatch: Power Profile # 2 actual # 32
01-23 00:13:54.307 W/CpuPowerCalculator( 1748): UID 10183 CPU freq # mismatch: Power Profile # 2 actual # 32
01-23 00:13:54.307 W/CpuPowerCalculator( 1748): UID 10183 CPU freq # mismatch: Power Profile # 2 actual # 32
01-23 00:13:54.307 W/CpuPowerCalculator( 1748): UID 10179 CPU freq # mismatch: Power Profile # 2 actual # 32
01-23 00:13:54.307 W/CpuPowerCalculator( 1748): UID 10179 CPU freq # mismatch: Power Profile # 2 actual # 32
01-23 00:13:54.307 W/CpuPowerCalculator( 1748): UID 10179 CPU freq # mismatch: Power Profile # 2 actual # 32
01-23 00:13:54.307 W/CpuPowerCalculator( 1748): UID 10175 CPU freq # mismatch: Power Profile # 2 actual # 32
01-23 00:13:54.307 W/CpuPowerCalculator( 1748): UID 10175 CPU freq # mismatch: Power Profile # 2 actual # 32
01-23 00:13:54.307 W/CpuPowerCalculator( 1748): UID 10175 CPU freq # mismatch: Power Profile # 2 actual # 32
01-23 00:13:54.307 W/CpuPowerCalculator( 1748): UID 10164 CPU freq # mismatch: Power Profile # 2 actual # 32
01-23 00:13:54.307 W/CpuPowerCalculator( 1748): UID 10164 CPU freq # mismatch: Power Profile # 2 actual # 32
01-23 00:13:54.307 W/CpuPowerCalculator( 1748): UID 10164 CPU freq # mismatch: Power Profile # 2 actual # 32
01-23 00:13:54.307 W/CpuPowerCalculator( 1748): UID 10156 CPU freq # mismatch: Power Profile # 2 actual # 32
01-23 00:13:54.307 W/CpuPowerCalculator( 1748): UID 10156 CPU freq # mismatch: Power Profile # 2 actual # 32
01-23 00:13:54.307 W/CpuPowerCalculator( 1748): UID 10156 CPU freq # mismatch: Power Profile # 2 actual # 32
01-23 00:13:54.307 W/CpuPowerCalculator( 1748): UID 10155 CPU freq # mismatch: Power Profile # 2 actual # 32
01-23 00:13:54.307 W/CpuPowerCalculator( 1748): UID 10155 CPU freq # mismatch: Power Profile # 2 actual # 32
01-23 00:13:54.307 W/CpuPowerCalculator( 1748): UID 10155 CPU freq # mismatch: Power Profile # 2 actual # 32
01-23 00:13:54.308 W/CpuPowerCalculator( 1748): UID 10153 CPU freq # mismatch: Power Profile # 2 actual # 32
01-23 00:13:54.308 W/CpuPowerCalculator( 1748): UID 10153 CPU freq # mismatch: Power Profile # 2 actual # 32
01-23 00:13:54.308 W/CpuPowerCalculator( 1748): UID 10153 CPU freq # mismatch: Power Profile # 2 actual # 32
01-23 00:13:54.308 W/CpuPowerCalculator( 1748): UID 10153 CPU freq # mismatch: Power Profile # 2 actual # 32
01-23 00:13:54.308 W/CpuPowerCalculator( 1748): UID 10152 CPU freq # mismatch: Power Profile # 2 actual # 32
01-23 00:13:54.308 W/CpuPowerCalculator( 1748): UID 10152 CPU freq # mismatch: Power Profile # 2 actual # 32
01-23 00:13:54.308 W/CpuPowerCalculator( 1748): UID 10152 CPU freq # mismatch: Power Profile # 2 actual # 32
01-23 00:13:54.308 W/CpuPowerCalculator( 1748): UID 10144 CPU freq # mismatch: Power Profile # 2 actual # 32
01-23 00:13:54.308 W/CpuPowerCalculator( 1748): UID 10144 CPU freq # mismatch: Power Profile # 2 actual # 32
01-23 00:13:54.308 W/CpuPowerCalculator( 1748): UID 10144 CPU freq # mismatch: Power Profile # 2 actual # 32
01-23 00:13:54.308 W/CpuPowerCalculator( 1748): UID 10144 CPU freq # mismatch: Power Profile # 2 actual # 32
01-23 00:13:54.308 W/CpuPowerCalculator( 1748): UID 10143 CPU freq # mismatch: Power Profile # 2 actual # 32
01-23 00:13:54.308 W/CpuPowerCalculator( 1748): UID 10143 CPU freq # mismatch: Power Profile # 2 actual # 32
01-23 00:13:54.308 W/CpuPowerCalculator( 1748): UID 10143 CPU freq # mismatch: Power Profile # 2 actual # 32
01-23 00:13:54.308 W/CpuPowerCalculator( 1748): UID 10143 CPU freq # mismatch: Power Profile # 2 actual # 32
01-23 00:13:54.308 W/CpuPowerCalculator( 1748): UID 10141 CPU freq # mismatch: Power Profile # 2 actual # 32
01-23 00:13:54.308 W/CpuPowerCalculator( 1748): UID 10141 CPU freq # mismatch: Power Profile # 2 actual # 32
01-23 00:13:54.308 W/CpuPowerCalculator( 1748): UID 10141 CPU freq # mismatch: Power Profile # 2 actual # 32
01-23 00:13:54.308 W/CpuPowerCalculator( 1748): UID 10141 CPU freq # mismatch: Power Profile # 2 actual # 32
01-23 00:13:54.308 W/CpuPowerCalculator( 1748): UID 10140 CPU freq # mismatch: Power Profile # 2 actual # 32
01-23 00:13:54.308 W/CpuPowerCalculator( 1748): UID 10140 CPU freq # mismatch: Power Profile # 2 actual # 32
01-23 00:13:54.308 W/CpuPowerCalculator( 1748): UID 10140 CPU freq # mismatch: Power Profile # 2 actual # 32
01-23 00:13:54.308 W/CpuPowerCalculator( 1748): UID 10139 CPU freq # mismatch: Power Profile # 2 actual # 32
01-23 00:13:54.308 W/CpuPowerCalculator( 1748): UID 10139 CPU freq # mismatch: Power Profile # 2 actual # 32
01-23 00:13:54.308 W/CpuPowerCalculator( 1748): UID 10136 CPU freq # mismatch: Power Profile # 2 actual # 32
01-23 00:13:54.308 W/CpuPowerCalculator( 1748): UID 10136 CPU freq # mismatch: Power Profile # 2 actual # 32
01-23 00:13:54.308 W/CpuPowerCalculator( 1748): UID 10135 CPU freq # mismatch: Power Profile # 2 actual # 32
01-23 00:13:54.308 W/CpuPowerCalculator( 1748): UID 10135 CPU freq # mismatch: Power Profile # 2 actual # 32
01-23 00:13:54.308 W/CpuPowerCalculator( 1748): UID 10135 CPU freq # mismatch: Power Profile # 2 actual # 32
01-23 00:13:54.308 W/CpuPowerCalculator( 1748): UID 10135 CPU freq # mismatch: Power Profile # 2 actual # 32
01-23 00:13:54.308 W/CpuPowerCalculator( 1748): UID 10134 CPU freq # mismatch: Power Profile # 2 actual # 32
01-23 00:13:54.308 W/CpuPowerCalculator( 1748): UID 10134 CPU freq # mismatch: Power Profile # 2 actual # 32
01-23 00:13:54.308 W/CpuPowerCalculator( 1748): UID 10134 CPU freq # mismatch: Power Profile # 2 actual # 32
01-23 00:13:54.308 W/CpuPowerCalculator( 1748): UID 10132 CPU freq # mismatch: Power Profile # 2 actual # 32
01-23 00:13:54.308 W/CpuPowerCalculator( 1748): UID 10132 CPU freq # mismatch: Power Profile # 2 actual # 32
01-23 00:13:54.308 W/CpuPowerCalculator( 1748): UID 10132 CPU freq # mismatch: Power Profile # 2 actual # 32
01-23 00:13:54.308 W/CpuPowerCalculator( 1748): UID 10130 CPU freq # mismatch: Power Profile # 2 actual # 32
01-23 00:13:54.308 W/CpuPowerCalculator( 1748): UID 10130 CPU freq # mismatch: Power Profile # 2 actual # 32
01-23 00:13:54.308 W/CpuPowerCalculator( 1748): UID 10130 CPU freq # mismatch: Power Profile # 2 actual # 32
01-23 00:13:54.308 W/CpuPowerCalculator( 1748): UID 10128 CPU freq # mismatch: Power Profile # 2 actual # 32
01-23 00:13:54.308 W/CpuPowerCalculator( 1748): UID 10128 CPU freq # mismatch: Power Profile # 2 actual # 32
01-23 00:13:54.308 W/CpuPowerCalculator( 1748): UID 10128 CPU freq # mismatch: Power Profile # 2 actual # 32
01-23 00:13:54.309 W/CpuPowerCalculator( 1748): UID 10124 CPU freq # mismatch: Power Profile # 2 actual # 32
01-23 00:13:54.309 W/CpuPowerCalculator( 1748): UID 10124 CPU freq # mismatch: Power Profile # 2 actual # 32
01-23 00:13:54.309 W/CpuPowerCalculator( 1748): UID 10124 CPU freq # mismatch: Power Profile # 2 actual # 32
01-23 00:13:54.309 W/CpuPowerCalculator( 1748): UID 10121 CPU freq # mismatch: Power Profile # 2 actual # 32
01-23 00:13:54.309 W/CpuPowerCalculator( 1748): UID 10121 CPU freq # mismatch: Power Profile # 2 actual # 32
01-23 00:13:54.309 W/CpuPowerCalculator( 1748): UID 10121 CPU freq # mismatch: Power Profile # 2 actual # 32
01-23 00:13:54.309 W/CpuPowerCalculator( 1748): UID 10113 CPU freq # mismatch: Power Profile # 2 actual # 32
01-23 00:13:54.309 W/CpuPowerCalculator( 1748): UID 10113 CPU freq # mismatch: Power Profile # 2 actual # 32
01-23 00:13:54.309 W/CpuPowerCalculator( 1748): UID 10110 CPU freq # mismatch: Power Profile # 2 actual # 32
01-23 00:13:54.309 W/CpuPowerCalculator( 1748): UID 10110 CPU freq # mismatch: Power Profile # 2 actual # 32
01-23 00:13:54.309 W/CpuPowerCalculator( 1748): UID 10110 CPU freq # mismatch: Power Profile # 2 actual # 32
01-23 00:13:54.309 W/CpuPowerCalculator( 1748): UID 10106 CPU freq # mismatch: Power Profile # 2 actual # 32
01-23 00:13:54.309 W/CpuPowerCalculator( 1748): UID 10106 CPU freq # mismatch: Power Profile # 2 actual # 32
01-23 00:13:54.309 W/CpuPowerCalculator( 1748): UID 10106 CPU freq # mismatch: Power Profile # 2 actual # 32
01-23 00:13:54.309 W/CpuPowerCalculator( 1748): UID 10105 CPU freq # mismatch: Power Profile # 2 actual # 32
01-23 00:13:54.309 W/CpuPowerCalculator( 1748): UID 10105 CPU freq # mismatch: Power Profile # 2 actual # 32
01-23 00:13:54.309 W/CpuPowerCalculator( 1748): UID 10102 CPU freq # mismatch: Power Profile # 2 actual # 32
01-23 00:13:54.309 W/CpuPowerCalculator( 1748): UID 10102 CPU freq # mismatch: Power Profile # 2 actual # 32
01-23 00:13:54.309 W/CpuPowerCalculator( 1748): UID 10102 CPU freq # mismatch: Power Profile # 2 actual # 32
01-23 00:13:54.309 W/CpuPowerCalculator( 1748): UID 10090 CPU freq # mismatch: Power Profile # 2 actual # 32
01-23 00:13:54.309 W/CpuPowerCalculator( 1748): UID 10090 CPU freq # mismatch: Power Profile # 2 actual # 32
01-23 00:13:54.309 W/CpuPowerCalculator( 1748): UID 10077 CPU freq # mismatch: Power Profile # 2 actual # 32
01-23 00:13:54.309 W/CpuPowerCalculator( 1748): UID 10077 CPU freq # mismatch: Power Profile # 2 actual # 32
01-23 00:13:54.309 W/CpuPowerCalculator( 1748): UID 10077 CPU freq # mismatch: Power Profile # 2 actual # 32
01-23 00:13:54.309 W/CpuPowerCalculator( 1748): UID 10067 CPU freq # mismatch: Power Profile # 2 actual # 32
01-23 00:13:54.309 W/CpuPowerCalculator( 1748): UID 10067 CPU freq # mismatch: Power Profile # 2 actual # 32
01-23 00:13:54.309 W/CpuPowerCalculator( 1748): UID 10067 CPU freq # mismatch: Power Profile # 2 actual # 32
01-23 00:13:54.309 W/CpuPowerCalculator( 1748): UID 10066 CPU freq # mismatch: Power Profile # 2 actual # 32
01-23 00:13:54.309 W/CpuPowerCalculator( 1748): UID 10066 CPU freq # mismatch: Power Profile # 2 actual # 32
01-23 00:13:54.309 W/CpuPowerCalculator( 1748): UID 10066 CPU freq # mismatch: Power Profile # 2 actual # 32
01-23 00:13:54.310 W/CpuPowerCalculator( 1748): UID 10066 CPU freq # mismatch: Power Profile # 2 actual # 32
01-23 00:13:54.310 W/CpuPowerCalculator( 1748): UID 10061 CPU freq # mismatch: Power Profile # 2 actual # 32
01-23 00:13:54.310 W/CpuPowerCalculator( 1748): UID 10061 CPU freq # mismatch: Power Profile # 2 actual # 32
01-23 00:13:54.310 W/CpuPowerCalculator( 1748): UID 10057 CPU freq # mismatch: Power Profile # 2 actual # 32
01-23 00:13:54.310 W/CpuPowerCalculator( 1748): UID 10057 CPU freq # mismatch: Power Profile # 2 actual # 32
01-23 00:13:54.310 W/CpuPowerCalculator( 1748): UID 10057 CPU freq # mismatch: Power Profile # 2 actual # 32
01-23 00:13:54.310 W/CpuPowerCalculator( 1748): UID 10057 CPU freq # mismatch: Power Profile # 2 actual # 32
01-23 00:13:54.310 W/CpuPowerCalculator( 1748): UID 10032 CPU freq # mismatch: Power Profile # 2 actual # 32
01-23 00:13:54.310 W/CpuPowerCalculator( 1748): UID 10032 CPU freq # mismatch: Power Profile # 2 actual # 32
01-23 00:13:54.310 W/CpuPowerCalculator( 1748): UID 10032 CPU freq # mismatch: Power Profile # 2 actual # 32
01-23 00:13:54.310 W/CpuPowerCalculator( 1748): UID 10032 CPU freq # mismatch: Power Profile # 2 actual # 32
01-23 00:13:54.310 W/CpuPowerCalculator( 1748): UID 10012 CPU freq # mismatch: Power Profile # 2 actual # 32
01-23 00:13:54.310 W/CpuPowerCalculator( 1748): UID 10012 CPU freq # mismatch: Power Profile # 2 actual # 32
01-23 00:13:54.310 W/CpuPowerCalculator( 1748): UID 10012 CPU freq # mismatch: Power Profile # 2 actual # 32
01-23 00:13:54.310 W/CpuPowerCalculator( 1748): UID 10012 CPU freq # mismatch: Power Profile # 2 actual # 32
01-23 00:13:54.310 W/CpuPowerCalculator( 1748): UID 9999 CPU freq # mismatch: Power Profile # 2 actual # 32
01-23 00:13:54.310 W/CpuPowerCalculator( 1748): UID 2000 CPU freq # mismatch: Power Profile # 2 actual # 32
01-23 00:13:54.310 W/CpuPowerCalculator( 1748): UID 1073 CPU freq # mismatch: Power Profile # 2 actual # 32
01-23 00:13:54.310 W/CpuPowerCalculator( 1748): UID 1073 CPU freq # mismatch: Power Profile # 2 actual # 32
01-23 00:13:54.310 W/CpuPowerCalculator( 1748): UID 1072 CPU freq # mismatch: Power Profile # 2 actual # 32
01-23 00:13:54.310 W/CpuPowerCalculator( 1748): UID 1069 CPU freq # mismatch: Power Profile # 2 actual # 32
01-23 00:13:54.310 W/CpuPowerCalculator( 1748): UID 1068 CPU freq # mismatch: Power Profile # 2 actual # 32
01-23 00:13:54.310 W/CpuPowerCalculator( 1748): UID 1068 CPU freq # mismatch: Power Profile # 2 actual # 32
01-23 00:13:54.310 W/CpuPowerCalculator( 1748): UID 1066 CPU freq # mismatch: Power Profile # 2 actual # 32
01-23 00:13:54.310 W/CpuPowerCalculator( 1748): UID 1053 CPU freq # mismatch: Power Profile # 2 actual # 32
01-23 00:13:54.310 W/CpuPowerCalculator( 1748): UID 1047 CPU freq # mismatch: Power Profile # 2 actual # 32
01-23 00:13:54.310 W/CpuPowerCalculator( 1748): UID 1046 CPU freq # mismatch: Power Profile # 2 actual # 32
01-23 00:13:54.310 W/CpuPowerCalculator( 1748): UID 1041 CPU freq # mismatch: Power Profile # 2 actual # 32
01-23 00:13:54.310 W/CpuPowerCalculator( 1748): UID 1040 CPU freq # mismatch: Power Profile # 2 actual # 32
01-23 00:13:54.310 W/CpuPowerCalculator( 1748): UID 1036 CPU freq # mismatch: Power Profile # 2 actual # 32
01-23 00:13:54.310 W/CpuPowerCalculator( 1748): UID 1029 CPU freq # mismatch: Power Profile # 2 actual # 32
01-23 00:13:54.310 W/CpuPowerCalculator( 1748): UID 1021 CPU freq # mismatch: Power Profile # 2 actual # 32
01-23 00:13:54.310 W/CpuPowerCalculator( 1748): UID 1019 CPU freq # mismatch: Power Profile # 2 actual # 32
01-23 00:13:54.310 W/CpuPowerCalculator( 1748): UID 1017 CPU freq # mismatch: Power Profile # 2 actual # 32
01-23 00:13:54.310 W/CpuPowerCalculator( 1748): UID 1013 CPU freq # mismatch: Power Profile # 2 actual # 32
01-23 00:13:54.310 W/CpuPowerCalculator( 1748): UID 1010 CPU freq # mismatch: Power Profile # 2 actual # 32
01-23 00:13:54.311 W/CpuPowerCalculator( 1748): UID 1002 CPU freq # mismatch: Power Profile # 2 actual # 32
01-23 00:13:54.311 W/CpuPowerCalculator( 1748): UID 1002 CPU freq # mismatch: Power Profile # 2 actual # 32
01-23 00:13:54.311 W/CpuPowerCalculator( 1748): UID 1001 CPU freq # mismatch: Power Profile # 2 actual # 32
01-23 00:13:54.311 W/CpuPowerCalculator( 1748): UID 1001 CPU freq # mismatch: Power Profile # 2 actual # 32
01-23 00:13:54.311 W/CpuPowerCalculator( 1748): UID 1000 CPU freq # mismatch: Power Profile # 2 actual # 32
01-23 00:13:54.311 W/CpuPowerCalculator( 1748): UID 0 CPU freq # mismatch: Power Profile # 2 actual # 32
01-23 00:13:54.351 D/wpa_supplicant(12239): nl80211: Event message available
01-23 00:13:54.351 D/wpa_supplicant(12239): nl80211: Drv Event 34 (NL80211_CMD_NEW_SCAN_RESULTS) received for wlan0
01-23 00:13:54.351 D/wpa_supplicant(12239): wlan0: nl80211: New scan results available
01-23 00:13:54.351 D/wpa_supplicant(12239): nl80211: Scan probed for SSID ''
01-23 00:13:54.352 D/wpa_supplicant(12239): nl80211: Scan included frequencies: 2412 2417 2422 2427 2432 2437 2442 2447 2452 2457 2462 2467 2472 5180 5200 5220 5240 5745 5765 5785 5805 5825
01-23 00:13:54.352 D/wpa_supplicant(12239): wlan0: Event SCAN_RESULTS (3) received
01-23 00:13:54.352 D/WifiNl80211Manager( 1748): Scan result ready event
01-23 00:13:54.352 D/WifiNative( 1748): Scan result ready event
01-23 00:13:54.352 D/wpa_supplicant(12239): nl80211: Received scan results (10 BSSes)
01-23 00:13:54.352 D/wpa_supplicant(12239): nl80211: Scan results indicate BSS status with fe:bf:77:9e:3f:b0 as associated
01-23 00:13:54.352 D/wpa_supplicant(12239): wlan0: BSS: Start scan result update 285
01-23 00:13:54.352 D/wpa_supplicant(12239): fe:**:**:**:3f:b0 freq:5785 level:-41 caps:0x1511 est:390001 ssid:Ai***3O wpa_ie_len:0 rsn_ie_len:20 beacon_int:100 timestamp:139975476980
01-23 00:13:54.352 D/wpa_supplicant(12239): fe:**:**:**:3f:af freq:2437 level:-53 caps:0x1431 est:78001 ssid:Ai***3O wpa_ie_len:0 rsn_ie_len:20 beacon_int:100 timestamp:139975476971
01-23 00:13:54.352 D/wpa_supplicant(12239): wlan0: BSS: Add new id 1105 BSSID 62:bd:2c:4a:13:2d SSID '' freq 5805
01-23 00:13:54.352 D/wpa_supplicant(12239): 62:**:**:**:13:2d freq:5805 level:-91 caps:0x1911 est:3663 ssid: wpa_ie_len:0 rsn_ie_len:20 beacon_int:100 timestamp:139975415791
01-23 00:13:54.352 D/wpa_supplicant(12239): 20:**:**:**:7d:10 freq:2427 level:-87 caps:0x411 est:6500 ssid:To***4G wpa_ie_len:26 rsn_ie_len:24 beacon_int:100 timestamp:139975476960
01-23 00:13:54.352 D/wpa_supplicant(12239): 30:**:**:**:82:ce freq:2422 level:-88 caps:0x1c11 est:3250 ssid:Ai***un wpa_ie_len:26 rsn_ie_len:24 beacon_int:100 timestamp:139975476975
01-23 00:13:54.352 D/wpa_supplicant(12239): wlan0: BSS: Add new id 1106 BSSID 60:bd:2c:7a:13:2d SSID 'Airtel_Adi Airtel' freq 5805
01-23 00:13:54.352 D/wpa_supplicant(12239): 60:**:**:**:13:2d freq:5805 level:-92 caps:0x1911 est:1000 ssid:Ai***el wpa_ie_len:26 rsn_ie_len:24 beacon_int:100 timestamp:139975476996
01-23 00:13:54.352 D/wpa_supplicant(12239): 62:**:**:**:13:29 freq:2437 level:-90 caps:0x1c11 est:1000 ssid: wpa_ie_len:0 rsn_ie_len:20 beacon_int:100 timestamp:139974664722
01-23 00:13:54.352 D/wpa_supplicant(12239): wlan0: BSS: Add new id 1107 BSSID 30:4f:75:36:3a:08 SSID 'Airtel_prag_4441' freq 2452
01-23 00:13:54.352 D/wpa_supplicant(12239): 30:**:**:**:3a:08 freq:2452 level:-91 caps:0x431 est:1000 ssid:Ai***41 wpa_ie_len:26 rsn_ie_len:24 beacon_int:100 timestamp:139975476993
01-23 00:13:54.352 D/wpa_supplicant(12239): 60:**:**:**:13:29 freq:2437 level:-94 caps:0x1c11 est:1000 ssid:Ai***el wpa_ie_len:26 rsn_ie_len:24 beacon_int:100 timestamp:139975476985
01-23 00:13:54.352 D/wpa_supplicant(12239): 82:**:**:**:0c:33 freq:2462 level:-96 caps:0x1511 est:1000 ssid:Sr***na wpa_ie_len:0 rsn_ie_len:20 beacon_int:100 timestamp:139975476988
01-23 00:13:54.352 D/wpa_supplicant(12239): BSS: last_scan_res_used=10/128
01-23 00:13:54.352 D/wpa_supplicant(12239): wlan0: New scan results available (own=0 ext=1)
01-23 00:13:54.352 D/wpa_supplicant(12239): wlan0: Do not use results from externally requested scan operation for network selection
01-23 00:13:54.352 D/WifiHAL ( 2113): event received NL80211_CMD_NEW_SCAN_RESULTS
01-23 00:13:54.352 D/VoLTE IMSM( 1470): send CTRL_CMD_GET_SCAN (module/mdagent/volte_imsm_93/src/wireless.c:584)
01-23 00:13:54.352 D/OplusWifiCoexManager( 1748): uevent = {SUBSYSTEM=misc, MAJOR=10, SEQNUM=82185, ACTION=change, DEVNAME=wlan, Scan=Status:NORMAL,DBDC:DISABLE,Time:1156,Channel:1 2 3 4 5 6 7 8 9 10 11 12 13 36 40 44 48 149 153 157 161 165 ,Reason:OK, MINOR=30, DEVPATH=/devices/virtual/misc/wlan}
01-23 00:13:54.355 D/wpa_supplicant(12239): RTM_NEWLINK: ifi_index=34 ifname=wlan0 wext ifi_family=0 ifi_flags=0x11043 ([UP][RUNNING][LOWER_UP])
01-23 00:13:54.356 D/IpClient/wlan0( 2425): interfaceLinkStateChanged: ifindex 34 up
01-23 00:13:54.357 I/[BIP]   ( 1457):  [BIP NL] event newlink match dev 0, interface index 34
01-23 00:13:54.357 I/[BIP]   ( 1457):  [BIP NL] the link status of interface(index:0) changes to 1
01-23 00:13:54.369 D/CompatibilityChangeReporter( 1748): Compat change id reported: 171306433; UID 99910128; state: ENABLED
01-23 00:13:54.370 D/CompatibilityChangeReporter( 1748): Compat change id reported: 218533173; UID 99910128; state: ENABLED
01-23 00:13:54.372 I/ActivityScheduler(22573): nextTriggerTime: 140096490, in 120993ms, detectorType: 39, FULL_TYPE alarmWindowMillis: 30000
01-23 00:13:54.383 D/PasspointManager( 1748): ANQP entry not found for: 30:bd:13:f4:82:ce:<Airtel_Crypto bullrun>
01-23 00:13:54.384 I/FrewleTileCacheManagerV(22573): (REDACTED) Fetched %d AP models from cache
01-23 00:13:54.384 D/WifiNetworkSelector( 1748): wifiAssistantStateTraker ignore wifi switch
01-23 00:13:54.387 D/power@timer(  859): [mtkPowerTimer] visRead:0
01-23 00:13:54.387 I/FrewleTileCacheManagerV(22573): (REDACTED) Fetched %d AP models from cache
01-23 00:13:54.389 I/FrewleTileCacheManagerV(22573): (REDACTED) Fetched %d AP models from cache
01-23 00:13:54.390 I/FrewleTileCacheManagerV(22573): (REDACTED) Fetched %d AP models from cache
01-23 00:13:54.392 I/FrewleTileCacheManagerV(22573): (REDACTED) Fetched %d AP models from cache
01-23 00:13:54.413 I/mtkpower_client( 1748): perf_lock_rel, hdl:69335, tid:2280
01-23 00:13:54.414 I/mtkpower_client( 1748): perf_lock_acq, hdl:69335, dur:0, num:4, tid:2280
01-23 00:13:54.414 I/libPowerHal(  859): [perfLockRel] hdl:69335, idx:0
01-23 00:13:54.414 I/libPowerHal(  859): system_server: cpu_ctrl set cpu freq: -1 -1 -1 -1
01-23 00:13:54.414 I/libPowerHal(  859): [PD] system_server update cmd:1c3c000 param:1
01-23 00:13:54.414 I/libPowerHal(  859): [PD] (more) /proc/mcdi/state set +prefix:enable 1;
01-23 00:13:54.414 I/libPowerHal(  859): [PD] system_server update cmd:2004100 param:2
01-23 00:13:54.415 I/mtkpower_client( 1748): ret_hdl:69336
01-23 00:13:54.415 D/Osense-DecisionMaker( 1748): notifyDelayedSceneToPolicy
01-23 00:13:54.416 D/Osense-DecisionMaker( 1748): getCurrentSysStats, availmemMb: 2509
01-23 00:13:54.416 D/Osense-DecisionMaker( 1748): getCurrentSysStats, availmemMb: 2509
01-23 00:13:54.416 D/Osense-DecisionMaker( 1748): getCurrentSysStats, availmemMb: 2509
01-23 00:13:54.416 D/Osense-DecisionMaker( 1748): getCurrentSysStats, availmemMb: 2509
