01-23 00:13:54.439 V/SystemSensorManagerExtImpl(22573): RegisterListener lsm6dso ACCELEROMETER type:1 delay:20000us by com.google.android.location.collectionlib.SensorScanner$SensorEventListenerAdapter
01-23 00:13:54.439 D/SensorService( 1748): createSensorEventConnection, mCurrentOperatingMode = 0, requestedMode = 0
01-23 00:13:54.440 W/SensorService( 1748): SensorEventConnection sensor handle=1, package = com.google.android.location.collectionlib.SensorScanner$SensorEventListenerAdapter enable
01-23 00:13:54.440 E/SensorService( 1748): Required app com.google.android.location.collectionlib.SensorScanner$SensorEventListenerAdapter, uid 99910128, pid 22573
01-23 00:13:54.440 D/SensorServiceExtImpl( 1748): SensorServiceExtImpl oplusGeminiProximitySensor = 0
01-23 00:13:54.440 D/SensorServiceUtils( 1748): setSamplingPeriodNs sensorType = 1, samplingPeriodNs = 20000000
01-23 00:13:54.440 D/SensorServiceExtImpl( 1748): setSamplingPeriodNs SamplingPeriodNs =20000000
01-23 00:13:54.440 D/SensorServiceExtImpl( 1748): SensorServiceExtImpl oplusGeminiProximitySensor = 0
01-23 00:13:54.440 D/SensorService( 1748): SensorDevice::batch: ident=0xb400007894e3ed00, handle=0x00000001, flags=0, period_ns=20000000 timeout=0
01-23 00:13:54.440 D/SensorService( 1748): 	>>> curr_period=50000000 min_period=20000000 curr_timeout=0 min_timeout=0
01-23 00:13:54.440 D/SensorService( 1748): 	>>> actuating h/w BATCH 0x00000001 20000000 0
01-23 00:13:54.441 I/Accelerometer(  852): batch: handle:0, flag:0,samplingPeriodNs:20000000 maxBatchReportLatencyNs:0
01-23 00:13:54.442 D/SensorService( 1748): Calling batch handle==1 flags=0rate=20000000 timeout== 0
01-23 00:13:54.442 D/SensorService( 1748): 	>>> actuating h/w flush 1
01-23 00:13:54.442 I/Accelerometer(  852): flush, flushCnt:1
01-23 00:13:54.443 D/SensorService( 1748): Calling activate on 1
01-23 00:13:54.443 D/SensorService( 1748): SensorDevice::activate: ident=0xb400007894e3ed00, handle=0x00000001, enabled=1, count=5
01-23 00:13:54.443 D/SensorService( 1748): enable index=1
01-23 00:13:54.443 D/SensorService( 1748): info.numActiveClients() = 5, info.isActive = 1
01-23 00:13:54.443 D/SensorService( 1748): activateHardware = 0
01-23 00:13:54.445 I/Accelerometer(  852): flush complete, flushCnt:0
01-23 00:13:54.445 D/SensorService( 1748): flush complete event sensor==1 
01-23 00:13:54.445 D/SensorService( 1748): flush complete event sensor==1 
01-23 00:13:54.445 D/SensorService( 1748): flush complete event sensor==1 
01-23 00:13:54.446 D/SensorService( 1748): First flush event for sensor==1 
01-23 00:13:54.446 D/SensorService( 1748): flush complete event sensor==1 
01-23 00:13:54.446 D/SensorService( 1748): flush complete event sensor==1 
01-23 00:13:54.446 D/SensorService( 1748): flush complete event sensor==1 
01-23 00:13:54.446 D/SensorService( 1748): flush complete event sensor==1 
01-23 00:13:54.446 D/SensorService( 1748): flush complete event sensor==1 
01-23 00:13:54.446 D/SensorService( 1748): flush complete event sensor==1 
01-23 00:13:54.446 D/SensorService( 1748): flush complete event sensor==1 
01-23 00:13:54.446 D/SensorService( 1748): flush complete event sensor==1 
01-23 00:13:54.446 D/SensorService( 1748): flush complete event sensor==1 
01-23 00:13:54.446 D/SensorService( 1748): flush complete event sensor==1 
01-23 00:13:54.457 D/BoundBrokerSvc(22573): onRebind: Intent { act=com.google.android.gms.auth.aang.events.services.START dat=chimera-action:/... cmp=com.google.android.gms/.chimera.PersistentApiService }
01-23 00:13:54.511 D/OplusWindowManagerServiceEnhance( 1748): setInsetAnimationTid: pid 13976 tid 1350 enable false
01-23 00:13:54.549 D/AALLightSensor( 1193): oldLux=60 [SA:41 LA:35] newLux=60 (oriLux: 43)
01-23 00:13:54.590 I/TFLite-in-PlayServices(22573): Created interpreter.
01-23 00:13:54.667 I/hwcomposer(  843): [HWC] (0)fire a callback of refresh to SF[4]  
01-23 00:13:54.668 I/TFLite-in-PlayServices(22573): Created interpreter.
01-23 00:13:54.692 I/ReactNativeJS(13976): âœ… Model compliance-detector-compliance-model-v1 loaded successfully in 571.27ms
01-23 00:13:54.692 I/ReactNativeJS(13976): ðŸ”„ Loading model: feature-extractor-feature-extractor-v1
01-23 00:13:54.700 I/SemanticLocation(22573): (REDACTED) [Inferrer] %s%s
01-23 00:13:54.783 D/PowerManagerService( 1748): userActivityNoUpdateLocked: groupId=0, eventTime=102705702, event=2, flags=0x0, uid=1000
01-23 00:13:54.783 D/OGG_Detector( 1748): D:done mCurrStatus: 0
01-23 00:13:54.783 D/NoBackGesture( 2225): Start gesture: MotionEvent { action=ACTION_DOWN, actionButton=0, id[0]=0, x[0]=481.5, y[0]=1802.0, toolType[0]=TOOL_TYPE_FINGER, buttonState=0, classification=NONE, metaState=0, flags=0x0, edgeFlags=0x0, pointerCount=1, historySize=0, eventTime=102705702, downTime=102705702, deviceId=4, source=0x1002, displayId=0, eventId=196001544 }
01-23 00:13:54.783 D/NoBackGesture( 2225): Not in side gesture area
01-23 00:13:54.854 I/libPowerHal(  859): [perfLockRel] hdl:69337, idx:1
01-23 00:13:54.855 I/libPowerHal(  859): [PD] MTKPOWER_HINT_APP_TOUCH update cmd:3408600 param:0
01-23 00:13:54.857 W/TooltipLifecycleManager(12290): TooltipLifecycleManager.dismissTooltips():153 Tooltip with id SUGGESTION_VIEW_EDU_MINI_DIALOG not found in tooltipManager.
01-23 00:13:54.876 D/CursorFeedback(13976): getExtraCursorWidth
01-23 00:13:54.876 D/CursorFeedback(13976): getExtraLeftOffset
01-23 00:13:54.891 I/KeyboardModeUtils(12290): KeyboardModeUtils.getKeyboardBottomOffset():435 inch: 0.000000 ydpi: 409.016998 adjustKeyboardBottomByDisplaySize: false currentDensityDpi: 408 defaultDensityDpi: 408 keyboardBottomToScreenPx: 0 keyboardBottomToNavBarPx: -41 navBarHeight: 41
01-23 00:13:54.892 I/BaseKeyboardSizeHelper(12290): BaseKeyboardSizeHelper.calculateMaxKeyboardBodyHeight():73 leave 273 height for app when ime window height:2249, header height:112 and isFullscreenMode:false, so the max keyboard body height is:1864
01-23 00:13:54.892 I/BaseKeyboardSizeHelper(12290): BaseKeyboardSizeHelper.calculateMaxKeyboardBodyHeight():73 leave 273 height for app when ime window height:2249, header height:112 and isFullscreenMode:false, so the max keyboard body height is:1864
01-23 00:13:54.995 I/hwcomposer(  843): [HWC] (0)fire a callback of refresh to SF[4]  
01-23 00:13:55.017 D/OGG_Detector( 1748): D:done mCurrStatus: 0
01-23 00:13:55.018 D/PowerManagerService( 1748): userActivityNoUpdateLocked: groupId=0, eventTime=102705936, event=2, flags=0x0, uid=1000
01-23 00:13:55.018 D/NoBackGesture( 2225): Start gesture: MotionEvent { action=ACTION_DOWN, actionButton=0, id[0]=0, x[0]=283.75, y[0]=1835.0, toolType[0]=TOOL_TYPE_FINGER, buttonState=0, classification=NONE, metaState=0, flags=0x0, edgeFlags=0x0, pointerCount=1, historySize=0, eventTime=102705936, downTime=102705936, deviceId=4, source=0x1002, displayId=0, eventId=994152778 }
01-23 00:13:55.018 D/NoBackGesture( 2225): Not in side gesture area
01-23 00:13:55.097 I/libPowerHal(  859): [perfLockRel] hdl:69338, idx:1
01-23 00:13:55.097 I/libPowerHal(  859): [PD] MTKPOWER_HINT_APP_TOUCH update cmd:3408600 param:0
01-23 00:13:55.097 W/TooltipLifecycleManager(12290): TooltipLifecycleManager.dismissTooltips():153 Tooltip with id SUGGESTION_VIEW_EDU_MINI_DIALOG not found in tooltipManager.
01-23 00:13:55.107 D/CursorFeedback(13976): getExtraCursorWidth
01-23 00:13:55.107 D/CursorFeedback(13976): getExtraLeftOffset
01-23 00:13:55.193 D/NoBackGesture( 2225): Start gesture: MotionEvent { action=ACTION_DOWN, actionButton=0, id[0]=0, x[0]=231.75, y[0]=1965.75, toolType[0]=TOOL_TYPE_FINGER, buttonState=0, classification=NONE, metaState=0, flags=0x0, edgeFlags=0x0, pointerCount=1, historySize=0, eventTime=102706111, downTime=102706111, deviceId=4, source=0x1002, displayId=0, eventId=388159765 }
01-23 00:13:55.193 D/OGG_Detector( 1748): D:done mCurrStatus: 0
01-23 00:13:55.193 D/NoBackGesture( 2225): Not in side gesture area
01-23 00:13:55.193 D/PowerManagerService( 1748): userActivityNoUpdateLocked: groupId=0, eventTime=102706111, event=2, flags=0x0, uid=1000
01-23 00:13:55.215 I/hwcomposer(  843): [HWC] (0)fire a callback of refresh to SF[4]  
01-23 00:13:55.272 I/libPowerHal(  859): [perfLockRel] hdl:69339, idx:1
01-23 00:13:55.272 I/libPowerHal(  859): [PD] MTKPOWER_HINT_APP_TOUCH update cmd:3408600 param:0
01-23 00:13:55.274 W/TooltipLifecycleManager(12290): TooltipLifecycleManager.dismissTooltips():153 Tooltip with id SUGGESTION_VIEW_EDU_MINI_DIALOG not found in tooltipManager.
01-23 00:13:55.290 D/CursorFeedback(13976): getExtraCursorWidth
01-23 00:13:55.290 D/CursorFeedback(13976): getExtraLeftOffset
01-23 00:13:55.306 I/KeyboardModeUtils(12290): KeyboardModeUtils.getKeyboardBottomOffset():435 inch: 0.000000 ydpi: 409.016998 adjustKeyboardBottomByDisplaySize: false currentDensityDpi: 408 defaultDensityDpi: 408 keyboardBottomToScreenPx: 0 keyboardBottomToNavBarPx: -41 navBarHeight: 41
01-23 00:13:55.306 I/BaseKeyboardSizeHelper(12290): BaseKeyboardSizeHelper.calculateMaxKeyboardBodyHeight():73 leave 273 height for app when ime window height:2249, header height:112 and isFullscreenMode:false, so the max keyboard body height is:1864
01-23 00:13:55.306 I/BaseKeyboardSizeHelper(12290): BaseKeyboardSizeHelper.calculateMaxKeyboardBodyHeight():73 leave 273 height for app when ime window height:2249, header height:112 and isFullscreenMode:false, so the max keyboard body height is:1864
01-23 00:13:55.316 D/OGG_Detector( 1748): D:done mCurrStatus: 0
01-23 00:13:55.317 D/PowerManagerService( 1748): userActivityNoUpdateLocked: groupId=0, eventTime=102706235, event=2, flags=0x0, uid=1000
01-23 00:13:55.317 D/NoBackGesture( 2225): Start gesture: MotionEvent { action=ACTION_DOWN, actionButton=0, id[0]=0, x[0]=516.0, y[0]=1819.75, toolType[0]=TOOL_TYPE_FINGER, buttonState=0, classification=NONE, metaState=0, flags=0x0, edgeFlags=0x0, pointerCount=1, historySize=0, eventTime=102706235, downTime=102706235, deviceId=4, source=0x1002, displayId=0, eventId=372196763 }
01-23 00:13:55.317 D/NoBackGesture( 2225): Not in side gesture area
01-23 00:13:55.345 D/CompatibilityChangeReporter( 1748): Compat change id reported: 161252188; UID 10851; state: DISABLED
01-23 00:13:55.346 I/ActivityTaskManager( 1748): START u0 {flg=0x10000000 cmp=com.wholexale.app.staging/com.wholexale.app.MainActivity mCallingUid=2000} from uid 2000
01-23 00:13:55.347 I/mtkpower_client( 1748): perf_lock_rel, hdl:69336, tid:2280
01-23 00:13:55.347 I/mtkpower_client( 1748): perf_lock_acq, hdl:69336, dur:0, num:10, tid:2280
01-23 00:13:55.347 I/libPowerHal(  859): [perfLockRel] hdl:69336, idx:0
01-23 00:13:55.347 I/libPowerHal(  859): [PD] system_server update cmd:2004100 param:2
01-23 00:13:55.348 I/mtkpower_client( 1748): ret_hdl:69341
01-23 00:13:55.348 I/libPowerHal(  859): system_server: cpu_ctrl set cpu freq: 1275000 -1 2200000 -1
01-23 00:13:55.349 D/OplusZoomWindowRUSConfigManager( 1748): isSupportZoomModeWithPolicyLocked: target = com.wholexale.app.staging/com.wholexale.app.MainActivity
01-23 00:13:55.349 D/OplusZoomWindowRUSConfigManager( 1748): targetPkg = com.wholexale.app.staging
01-23 00:13:55.350 V/OplusZoomWindowManagerService( 1748): unSupportZoom: false ,callingPid: 1373 ,sourceStack: null
01-23 00:13:55.354 W/TooltipLifecycleManager(12290): TooltipLifecycleManager.dismissTooltips():153 Tooltip with id SUGGESTION_VIEW_EDU_MINI_DIALOG not found in tooltipManager.
01-23 00:13:55.356 I/libPowerHal(  859): [perfLockRel] hdl:69340, idx:1
01-23 00:13:55.356 I/libPowerHal(  859): [PD] MTKPOWER_HINT_APP_TOUCH update cmd:3408600 param:0
01-23 00:13:55.357 D/OplusUIFirst_FB( 1748): com.wholexale.app.staging activity event: []
01-23 00:13:55.357 D/OplusUIFirst_FB( 1748): List of ThreadOp: size=0 []
01-23 00:13:55.360 D/OplusFullScreenDisplayManager( 1748): adjustWindowParamsLw com.wholexale.app.staging, no change cutoutMode: 0
01-23 00:13:55.360 V/WindowManager( 1748): Relayout Window{446b7b8 u0 com.wholexale.app.staging/com.wholexale.app.MainActivity}: viewVisibility=0, oldvis=0, req=1080x2400
01-23 00:13:55.372 D/CursorFeedback(13976): getExtraCursorWidth
01-23 00:13:55.372 D/CursorFeedback(13976): getExtraLeftOffset
01-23 00:13:55.380 I/PowerHalWrapper( 1748): amsBoostStop AMS_BOOST_PACK_SWITCH:false, AMS_BOOST_ACT_SWITCH:false, AMS_BOOST_PROCESS_CREATE:false 
01-23 00:13:55.388 I/KeyboardModeUtils(12290): KeyboardModeUtils.getKeyboardBottomOffset():435 inch: 0.000000 ydpi: 409.016998 adjustKeyboardBottomByDisplaySize: false currentDensityDpi: 408 defaultDensityDpi: 408 keyboardBottomToScreenPx: 0 keyboardBottomToNavBarPx: -41 navBarHeight: 41
01-23 00:13:55.388 I/ReactNativeJS(13976): âœ… Model feature-extractor-feature-extractor-v1 loaded successfully in 695.53ms
01-23 00:13:55.388 I/BaseKeyboardSizeHelper(12290): BaseKeyboardSizeHelper.calculateMaxKeyboardBodyHeight():73 leave 273 height for app when ime window height:2249, header height:112 and isFullscreenMode:false, so the max keyboard body height is:1864
01-23 00:13:55.388 I/ReactNativeJS(13976): ðŸ”„ Loading model: similarity-matcher-similarity-model-v1
01-23 00:13:55.388 I/BaseKeyboardSizeHelper(12290): BaseKeyboardSizeHelper.calculateMaxKeyboardBodyHeight():73 leave 273 height for app when ime window height:2249, header height:112 and isFullscreenMode:false, so the max keyboard body height is:1864
01-23 00:13:55.388 I/ReactNativeJS(13976): âœ… Model similarity-matcher-similarity-model-v1 loaded successfully in 0.06ms
01-23 00:13:55.388 I/ReactNativeJS(13976): âš¡ Initializing Background Processor...
01-23 00:13:55.389 I/ReactNativeJS(13976): âš¡ Background processing started
01-23 00:13:55.389 I/ReactNativeJS(13976): âœ… Background Processor initialized successfully
01-23 00:13:55.389 I/ReactNativeJS(13976): âœ… AI Services initialized successfully
01-23 00:13:55.390 I/ReactNativeJS(13976): âœ… AI services initialized successfully
01-23 00:13:55.390 I/ReactNativeJS(13976): ðŸ”¥ AI service warmed up and ready
01-23 00:13:55.426 D/OplusFullScreenDisplayManager( 1748): adjustWindowParamsLw com.wholexale.app.staging, no change cutoutMode: 0
01-23 00:13:55.426 V/WindowManager( 1748): Relayout Window{446b7b8 u0 com.wholexale.app.staging/com.wholexale.app.MainActivity}: viewVisibility=0, oldvis=0, req=1080x2400
01-23 00:13:55.433 D/CursorFeedback(13976): getExtraCursorWidth
01-23 00:13:55.433 D/CursorFeedback(13976): getExtraLeftOffset
01-23 00:13:55.463 D/BoundBrokerSvc(22573): onRebind: Intent { act=com.google.android.gms.libs.gmscorelogger.service.START dat=chimera-action:/... cmp=com.google.android.gms/.chimera.PersistentDirectBootAwareApiService }
01-23 00:13:55.511 I/hwcomposer(  843): [HWC] (0)fire a callback of refresh to SF[4]  
01-23 00:13:55.849 I/mtkpower_client( 1748): perf_lock_rel, hdl:69341, tid:2280
01-23 00:13:55.849 I/mtkpower_client( 1748): perf_lock_acq, hdl:69341, dur:0, num:4, tid:2280
01-23 00:13:55.849 I/libPowerHal(  859): [perfLockRel] hdl:69341, idx:0
01-23 00:13:55.850 I/libPowerHal(  859): system_server: cpu_ctrl set cpu freq: -1 -1 -1 -1
01-23 00:13:55.850 I/libPowerHal(  859): [PD] system_server update cmd:1c3c000 param:1
01-23 00:13:55.850 I/libPowerHal(  859): [PD] (more) /proc/mcdi/state set +prefix:enable 1;
01-23 00:13:55.850 I/libPowerHal(  859): [PD] system_server update cmd:2004100 param:2
01-23 00:13:55.851 I/mtkpower_client( 1748): ret_hdl:69342
01-23 00:13:55.913 E/TaskPersister( 1748): File error accessing recents directory (directory doesn't exist?).
01-23 00:13:56.015 I/hwcomposer(  843): [HWC] (0)fire a callback of refresh to SF[4]  
01-23 00:13:56.511 I/hwcomposer(  843): [HWC] (0)fire a callback of refresh to SF[4]  
01-23 00:13:56.537 D/AppStateRecord( 1748): handleMessage: EVENT_FOREGROUND_APP_CHANGE
01-23 00:13:56.537 D/AppStateRecord( 1748): isFgAppInStuckList
01-23 00:13:56.537 D/AppStateRecord( 1748): getFgAppInStuckList: fgApp com.wholexale.app.staging
01-23 00:13:56.537 D/AppStateRecord( 1748): handleMessage: not fg stuck app, updateQoeEvent false
01-23 00:13:56.769 I/charon  (10534): 5958[JOB] [acquire_alarm_timer_wake_lock()  412] Acquire wake lock(fd:-1, result: 1, errno:9)
01-23 00:13:56.769 I/charon  (10534): 03[JOB] [schedule()  269] Job timer expiry(now:139977, event->time:139977), queuing job for execution
01-23 00:13:56.770 I/charon  (10534): 15[IKE] <pdn_1_33|33> [send_dpd()  933] sending DPD request
01-23 00:13:56.770 I/charon  (10534): 15[JOB] <pdn_1_33|33> [schedule_job_tv()  506] Put the job(expire at 140097) in heap position:1, next expired job:140097
01-23 00:13:56.771 I/charon  (10534): 15[IKE] <pdn_1_33|33> [wod_tcp_txrx()   72] Tx to WOD - len:23, data:[ipsecdpdintvl=***]
01-23 00:13:56.771 I/[epdg_wo]( 1504): [SKT] [wod_ipsec] accept client (fd: [7])
01-23 00:13:56.771 I/[epdg_wo]( 1504): [WOA] wo_msg_sensitive_print: [ipsecdpdintvl=1,33,120](22)
01-23 00:13:56.771 I/[epdg_wo]( 1504): [WOA] wo_msg_sensitive_print: [ipsecdpdintvl:ok](16)
01-23 00:13:56.771 D/[epdg_wo]( 1504): [DBG][PS1:8] Process message: [ipsecdpdintvl=](30)
01-23 00:13:56.772 I/[epdg_wo]( 1504): [WOA][PS1:8] wo_msg_sensitive_print: [+wodpdintvl:1,"IMS",1,120](25)
01-23 00:13:56.772 I/charon  (10534): 15[IKE] <pdn_1_33|33> [wod_tcp_txrx()  106] RX from WOD - len:17, data:[ipsecdpdintvl:***]
01-23 00:13:56.772 I/charon  (10534): 15[ENC] <pdn_1_33|33> [generate_message() 1737] generating INFORMATIONAL request 4 [ ]
01-23 00:13:56.773 I/charon  (10534): 15[KNL] <pdn_1_33|33> [get_interface_address()  702] ============================ ip: (null), scope:0
01-23 00:13:56.773 I/charon  (10534): 15[KNL] <pdn_1_33|33> [get_route() 1722] using (null) as address to reach (null)
01-23 00:13:56.773 I/charon  (10534): 15[NET] <pdn_1_33|33> [send_()  101] sending packet: from (null) to (null) (76 bytes)
01-23 00:13:56.773 I/charon  (10534): 15[JOB] <pdn_1_33|33> [schedule_job_tv()  506] Put the job(expire at 139979) in heap position:1, next expired job:139979
01-23 00:13:56.773 I/charon  (10534): 15[JOB] [release_alarm_timer_wake_lock()  391] Release wake lock(fd:-1, result: 1, errno:9)
01-23 00:13:56.818 I/charon  (10534): 11[NET] <pdn_1_33|33> [execute()   73] received packet: from (null) to (null) (76 bytes)
01-23 00:13:56.819 I/charon  (10534): 11[ENC] <pdn_1_33|33> [parse_body() 2654] parsed INFORMATIONAL response 4 [ ]
01-23 00:13:57.007 I/hwcomposer(  843): [HWC] (0)fire a callback of refresh to SF[4]  
01-23 00:13:57.147 D/OGG_Detector( 1748): D:done mCurrStatus: 0
01-23 00:13:57.147 D/PowerManagerService( 1748): userActivityNoUpdateLocked: groupId=0, eventTime=102708065, event=2, flags=0x0, uid=1000
01-23 00:13:57.148 D/NoBackGesture( 2225): Start gesture: MotionEvent { action=ACTION_DOWN, actionButton=0, id[0]=0, x[0]=583.0, y[0]=1688.0, toolType[0]=TOOL_TYPE_FINGER, buttonState=0, classification=NONE, metaState=0, flags=0x0, edgeFlags=0x0, pointerCount=1, historySize=0, eventTime=102708065, downTime=102708065, deviceId=4, source=0x1002, displayId=0, eventId=51601680 }
01-23 00:13:57.148 D/NoBackGesture( 2225): Not in side gesture area
01-23 00:13:57.203 I/libPowerHal(  859): [perfLockRel] hdl:69343, idx:1
01-23 00:13:57.204 I/libPowerHal(  859): [PD] MTKPOWER_HINT_APP_TOUCH update cmd:3408600 param:0
01-23 00:13:57.205 W/TooltipLifecycleManager(12290): TooltipLifecycleManager.dismissTooltips():153 Tooltip with id SUGGESTION_VIEW_EDU_MINI_DIALOG not found in tooltipManager.
01-23 00:13:57.224 D/CursorFeedback(13976): getExtraCursorWidth
01-23 00:13:57.224 D/CursorFeedback(13976): getExtraLeftOffset
01-23 00:13:57.240 I/KeyboardModeUtils(12290): KeyboardModeUtils.getKeyboardBottomOffset():435 inch: 0.000000 ydpi: 409.016998 adjustKeyboardBottomByDisplaySize: false currentDensityDpi: 408 defaultDensityDpi: 408 keyboardBottomToScreenPx: 0 keyboardBottomToNavBarPx: -41 navBarHeight: 41
01-23 00:13:57.241 I/BaseKeyboardSizeHelper(12290): BaseKeyboardSizeHelper.calculateMaxKeyboardBodyHeight():73 leave 273 height for app when ime window height:2249, header height:112 and isFullscreenMode:false, so the max keyboard body height is:1864
01-23 00:13:57.241 I/BaseKeyboardSizeHelper(12290): BaseKeyboardSizeHelper.calculateMaxKeyboardBodyHeight():73 leave 273 height for app when ime window height:2249, header height:112 and isFullscreenMode:false, so the max keyboard body height is:1864
01-23 00:13:57.242 D/OplusFullScreenDisplayManager( 1748): adjustWindowParamsLw com.wholexale.app.staging, no change cutoutMode: 0
01-23 00:13:57.242 V/WindowManager( 1748): Relayout Window{446b7b8 u0 com.wholexale.app.staging/com.wholexale.app.MainActivity}: viewVisibility=0, oldvis=0, req=1080x2400
01-23 00:13:57.250 D/CursorFeedback(13976): getExtraCursorWidth
01-23 00:13:57.250 D/CursorFeedback(13976): getExtraLeftOffset
01-23 00:13:57.331 I/hwcomposer(  843): [HWC] (0)fire a callback of refresh to SF[4]  
01-23 00:13:57.364 D/vendor.oplus.hardware.charger@1.0-service(  897): getChargerControl:
01-23 00:13:57.389 I/KeyboardModeUtils(12290): KeyboardModeUtils.getKeyboardBottomOffset():435 inch: 0.000000 ydpi: 409.016998 adjustKeyboardBottomByDisplaySize: false currentDensityDpi: 408 defaultDensityDpi: 408 keyboardBottomToScreenPx: 0 keyboardBottomToNavBarPx: -41 navBarHeight: 41
01-23 00:13:57.390 I/BaseKeyboardSizeHelper(12290): BaseKeyboardSizeHelper.calculateMaxKeyboardBodyHeight():73 leave 273 height for app when ime window height:2249, header height:112 and isFullscreenMode:false, so the max keyboard body height is:1864
01-23 00:13:57.390 I/BaseKeyboardSizeHelper(12290): BaseKeyboardSizeHelper.calculateMaxKeyboardBodyHeight():73 leave 273 height for app when ime window height:2249, header height:112 and isFullscreenMode:false, so the max keyboard body height is:1864
01-23 00:13:57.392 I/perfetto( 1022): ng_service_impl.cc:1894 FlushAndDisableTracing(11) done, success=1
01-23 00:13:57.392 I/perfetto( 1021):  probes_producer.cc:398 Producer stop (id=11)
01-23 00:13:57.393 I/perfetto( 1021):    ftrace_procfs.cc:342 disabled ftrace in /sys/kernel/tracing/
01-23 00:13:57.399 I/iopgp   ( 2654): kTraceEnded and trace_end_kind = kOutproto history_id = 1107
01-23 00:13:57.402 I/perfetto( 1022): ng_service_impl.cc:2430 Tracing session 11 ended, total sessions:0
01-23 00:13:57.403 E/iopgp   ( 2654): Perfetto TraceBuffer saved to file: data/misc/iopgp/com.wholexale.app.staging/1/perfetto_trace/com.wholexale.app.MainActivity/1769107437401690948perfetto_trace.pb
01-23 00:13:57.436 W/System.err( 1748): java.io.FileNotFoundException: /data/su_test: open failed: EACCES (Permission denied)
01-23 00:13:57.436 W/System.err( 1748): 	at libcore.io.IoBridge.open(IoBridge.java:574)
01-23 00:13:57.436 W/System.err( 1748): 	at java.io.FileOutputStream.<init>(FileOutputStream.java:259)
01-23 00:13:57.436 W/System.err( 1748): 	at java.io.FileOutputStream.<init>(FileOutputStream.java:147)
01-23 00:13:57.436 W/System.err( 1748): 	at com.android.server.oplus.heimdall.root.RootDetector.writeFile(RootDetector.java:179)
01-23 00:13:57.436 W/System.err( 1748): 	at com.android.server.oplus.heimdall.root.RootDetector.checkAccessRootData(RootDetector.java:152)
01-23 00:13:57.436 W/System.err( 1748): 	at com.android.server.oplus.heimdall.root.RootDetector.checkDeviceRootStatus(RootDetector.java:45)
01-23 00:13:57.436 W/System.err( 1748): 	at com.android.server.oplus.heimdall.HeimdallHandler.handleMessage(HeimdallHandler.java:43)
01-23 00:13:57.436 W/System.err( 1748): 	at android.os.Handler.dispatchMessage(Handler.java:106)
01-23 00:13:57.436 W/System.err( 1748): 	at android.os.Looper.loopOnce(Looper.java:240)
01-23 00:13:57.436 W/System.err( 1748): 	at android.os.Looper.loop(Looper.java:351)
01-23 00:13:57.436 W/System.err( 1748): 	at android.os.HandlerThread.run(HandlerThread.java:67)
01-23 00:13:57.436 W/System.err( 1748): 	at com.android.server.ServiceThread.run(ServiceThread.java:44)
01-23 00:13:57.436 W/System.err( 1748): Caused by: android.system.ErrnoException: open failed: EACCES (Permission denied)
01-23 00:13:57.436 W/System.err( 1748): 	at libcore.io.Linux.open(Native Method)
01-23 00:13:57.436 W/System.err( 1748): 	at libcore.io.ForwardingOs.open(ForwardingOs.java:574)
01-23 00:13:57.436 W/System.err( 1748): 	at libcore.io.BlockGuardOs.open(BlockGuardOs.java:274)
01-23 00:13:57.436 W/System.err( 1748): 	at libcore.io.IoBridge.open(IoBridge.java:560)
01-23 00:13:57.436 W/System.err( 1748): 	... 11 more
01-23 00:13:57.437 W/System.err( 1748): java.io.FileNotFoundException: /data/su_test: open failed: ENOENT (No such file or directory)
01-23 00:13:57.437 W/System.err( 1748): 	at libcore.io.IoBridge.open(IoBridge.java:574)
01-23 00:13:57.437 W/System.err( 1748): 	at java.io.FileInputStream.<init>(FileInputStream.java:179)
01-23 00:13:57.437 W/System.err( 1748): 	at com.android.server.oplus.heimdall.root.RootDetector.readFile(RootDetector.java:202)
01-23 00:13:57.437 W/System.err( 1748): 	at com.android.server.oplus.heimdall.root.RootDetector.checkAccessRootData(RootDetector.java:160)
01-23 00:13:57.437 W/System.err( 1748): 	at com.android.server.oplus.heimdall.root.RootDetector.checkDeviceRootStatus(RootDetector.java:45)
01-23 00:13:57.437 W/System.err( 1748): 	at com.android.server.oplus.heimdall.HeimdallHandler.handleMessage(HeimdallHandler.java:43)
01-23 00:13:57.437 W/System.err( 1748): 	at android.os.Handler.dispatchMessage(Handler.java:106)
01-23 00:13:57.437 W/System.err( 1748): 	at android.os.Looper.loopOnce(Looper.java:240)
01-23 00:13:57.437 W/System.err( 1748): 	at android.os.Looper.loop(Looper.java:351)
01-23 00:13:57.437 W/System.err( 1748): 	at android.os.HandlerThread.run(HandlerThread.java:67)
01-23 00:13:57.437 W/System.err( 1748): 	at com.android.server.ServiceThread.run(ServiceThread.java:44)
01-23 00:13:57.438 W/System.err( 1748): Caused by: android.system.ErrnoException: open failed: ENOENT (No such file or directory)
01-23 00:13:57.438 W/System.err( 1748): 	at libcore.io.Linux.open(Native Method)
01-23 00:13:57.438 W/System.err( 1748): 	at libcore.io.ForwardingOs.open(ForwardingOs.java:574)
01-23 00:13:57.438 W/System.err( 1748): 	at libcore.io.BlockGuardOs.open(BlockGuardOs.java:274)
01-23 00:13:57.438 W/System.err( 1748): 	at libcore.io.IoBridge.open(IoBridge.java:560)
01-23 00:13:57.438 W/System.err( 1748): 	... 10 more
01-23 00:13:57.466 W/HidlServiceHelper(32688): Failed to read virtual TLC buffer usage returns is NULLnull
01-23 00:13:57.483 I/hwcomposer(  843): [HWC] (0)fire a callback of refresh to SF[4]  
01-23 00:13:57.527 D/AppSwitchObserverHelper( 4587): packageName: com.wholexale.app.staging,com.android.launcher
01-23 00:13:57.558 E/Battery ( 4587): AppStats: Uid = 10125; pkgName = com.wholexale.app.staging; CpuFgTime = 0 ms; CpuBgTime = -943 ms.
01-23 00:13:57.558 E/Battery ( 4587): AppStats: Uid = 10125; pkgName = com.wholexale.app.staging; CpuKernelFgTime = 0 ms; CpuKernelBgTime = -310 ms.
01-23 00:13:57.558 E/Battery ( 4587): AppStats: Uid = 10125; pkgName = com.wholexale.app.staging; CpuUserFgTime = 0 ms ; CpuUserBgTime = -633 ms.
01-23 00:13:57.558 E/Battery ( 4587): AppStats: Uid = 10125; pkgName = com.wholexale.app.staging; CpuFgPower = 0.0 mAh.; CpuBgPower = -2.1604166666666666E-4 mAh.
01-23 00:13:57.558 E/Battery ( 4587): AppStats: Uid = 10125; pkgName = com.wholexale.app.staging; AlarmFgWakeupCount = 0; AlarmBgWakeupCount = 0
01-23 00:13:57.558 E/Battery ( 4587): AppStats: Uid = 10125; pkgName = com.wholexale.app.staging; JobFgCount = 0; JobBgCount = 0; JobFgTime = 0; JobBgTime = 0
01-23 00:13:57.558 E/Battery ( 4587): AppStats: Uid = 10125; pkgName = com.wholexale.app.staging; SyncFgCount = 0; SyncBgCount = 0; SyncFgTime = 0; SyncBgTime = 0
01-23 00:13:57.558 E/Battery ( 4587): AppStats: Uid = 10125; pkgName = com.wholexale.app.staging; WakeLockFgTime = 0 ms; WakeLockFgPower = 0.0 mAh.; WakeLockBgTime = 0 ms; WakeLockBgPower = 0.0 mAh.
01-23 00:13:57.558 E/Battery ( 4587): AppStats: Uid = 10125; pkgName = com.wholexale.app.staging; ScreenFgTime = 0 ms; ScreenFgPower = 0.0 mAh.
01-23 00:13:57.558 E/Battery ( 4587): AppStats: Uid = 10125; pkgName = com.wholexale.app.staging; FgWifiRxBytes = 0 Bytes; BgWifiRxBytes = 0 Bytes; FgWifiTxBytes = 0 Bytes; BgWifiTxBytes = 0 Bytes; FgWifiRxPackets = 0 ; BgWifiRxPackets = 0 ; FgWifiTxPackets = 0 ; BgWifiTxPackets = 0 ; FgWiFiScanTimeMs = 0 ; BgWiFiScanTimeMs = 0 ; FgWiFiBatchScanTimeMs = 0 ; BgWiFiBatchScanTimeMs = 0 
01-23 00:13:57.558 E/Battery ( 4587): AppStats: Uid = 10125; pkgName = com.wholexale.app.staging; FgWifiRxPacketsPower = 0.0 mAh; BgWifiRxPacketsPower = 0.0 mAh; FgWifiTxPacketsPower = 0.0 mAh; BgWifiTxPacketsPower = 0.0 mAh; FgWifiScanPower = 0.0 mAh; BgWifiScanPower = 0.0 mAh; FgWifiBatchScanPower = 0.0 mAh; BgWifiBatchScanPower = 0.0 mAh; FgWiFiTotalPower = 0.0 mAh; BgWiFiTotalPower = 0.0 mAh.
01-23 00:13:57.558 E/Battery ( 4587): AppStats: Uid = 10125; pkgName = com.wholexale.app.staging; FgMobileRxBytes = 0 Bytes; BgMobileRxBytes = 0 Bytes; FgMobileTxBytes = 0 Bytes; BgMobileTxBytes = 0 Bytes; FgMobileRxPackets = 0 ; BgMobileRxPackets = 0 ; FgMobileTxPackets = 0 ; BgMobileTxPackets = 0 ; FgMobileActiveCount = 0 ; BgMobileActiveCount = 0 ; FgMobileActiveTime = 0 ; BgMobileActiveTime = 0 
01-23 00:13:57.558 E/Battery ( 4587): AppStats: Uid = 10125; pkgName = com.wholexale.app.staging; FgMobileRxPacketsPower = 0.0 mAh; BgMobileRxPacketsPower = 0.0 mAh; FgMobileTxPacketsPower = 0.0 mAh; BgMobileTxPacketsPower = 0.0 mAh; FgMobileTotalPower = 0.0 mAh; BgMobileTotalPower = 0.0 mAh.
01-23 00:13:57.558 E/Battery ( 4587): AppStats: Uid = 10125; pkgName = com.wholexale.app.staging; FgGpsTime = 0 ms; BgGpsTime = 0 ms.
01-23 00:13:57.558 E/Battery ( 4587): AppStats: Uid = 10125; pkgName = com.wholexale.app.staging; FgGpsPower = 0.0 mAh; BgGpsPower = 0.0 mAh.
01-23 00:13:57.558 E/Battery ( 4587): AppStats: Uid = 10125; pkgName = com.wholexale.app.staging; FgSensorTime = 0 ms; BgSensorTime = 0 ms.
01-23 00:13:57.558 E/Battery ( 4587): AppStats: Uid = 10125; pkgName = com.wholexale.app.staging; FgSensorPower = 0.0 mAh; BgSensorPower = 0.0 mAh.
01-23 00:13:57.558 E/Battery ( 4587): AppStats: Uid = 10125; pkgName = com.wholexale.app.staging; FgCameraTime = 0 ms; BgCameraTime = 0 ms
01-23 00:13:57.558 E/Battery ( 4587): AppStats: Uid = 10125; pkgName = com.wholexale.app.staging; FgCameraPower = 0.0 mAh; BgCameraPower = 0.0 mAh
01-23 00:13:57.558 E/Battery ( 4587): AppStats: Uid = 10125; pkgName = com.wholexale.app.staging; FgFlashLightTime = 0 ms; BgFlashLightTime = 0 ms
01-23 00:13:57.558 E/Battery ( 4587): AppStats: Uid = 10125; pkgName = com.wholexale.app.staging; FgFlashLightPower = 0.0 mAh; BgFlashLightPower = 0.0 mAh
01-23 00:13:57.645 D/OGG_Detector( 1748): D:done mCurrStatus: 0
01-23 00:13:57.645 D/PowerManagerService( 1748): userActivityNoUpdateLocked: groupId=0, eventTime=102708562, event=2, flags=0x0, uid=1000
01-23 00:13:57.645 D/NoBackGesture( 2225): Start gesture: MotionEvent { action=ACTION_DOWN, actionButton=0, id[0]=0, x[0]=731.75, y[0]=1042.25, toolType[0]=TOOL_TYPE_FINGER, buttonState=0, classification=NONE, metaState=0, flags=0x0, edgeFlags=0x0, pointerCount=1, historySize=0, eventTime=102708562, downTime=102708562, deviceId=4, source=0x1002, displayId=0, eventId=962020415 }
01-23 00:13:57.646 D/NoBackGesture( 2225): Not in side gesture area
01-23 00:13:57.686 I/libPowerHal(  859): [perfLockRel] hdl:69344, idx:1
01-23 00:13:57.687 I/libPowerHal(  859): [PD] MTKPOWER_HINT_APP_TOUCH update cmd:3408600 param:0
01-23 00:13:57.707 D/InputMethodManagerService( 1748): isSecurity: attribute.packageName=com.wholexale.app.staging mCurMethodId=com.google.android.inputmethod.latin/com.android.inputmethod.latin.LatinIME
01-23 00:13:57.707 D/InputMethodManagerService( 1748): isSecurity= false (  enable=false needShow=true inBlackList=false isExist=true )
01-23 00:13:57.709 I/GoogleInputMethodService(12290): GoogleInputMethodService.onFinishInputView():1588 onFinishInputView(true)
01-23 00:13:57.709 I/GlobeKeyExtension(12290): GlobeKeyExtension.onDeactivate():144 
01-23 00:13:57.710 D/InputMethodManager(13976): showSoftInput() view=com.facebook.react.views.textinput.ReactEditText{d32e226 VFED..CL. .F.P..ID 132,3-891,149 #39 aid=1073741825} flags=0 reason=SHOW_SOFT_INPUT
01-23 00:13:57.710 W/TooltipLifecycleManager(12290): TooltipLifecycleManager.dismissTooltips():153 Tooltip with id SUGGESTION_VIEW_EDU_MINI_DIALOG not found in tooltipManager.
01-23 00:13:57.710 I/VoiceInputManagerWrapper(12290): VoiceInputManagerWrapper.shutdown():131 shutdown()
01-23 00:13:57.710 W/TooltipLifecycleManager(12290): TooltipLifecycleManager.dismissTooltips():153 Tooltip with id spell_check_add_to_dictionary not found in tooltipManager.
01-23 00:13:57.711 I/InputBundle(12290): InputBundle.consumeEvent():1037 Skip consuming an event as keyboard status is INACTIVE
01-23 00:13:57.711 D/CursorFeedback(13976): getExtraCursorWidth
01-23 00:13:57.711 D/CursorFeedback(13976): getExtraLeftOffset
01-23 00:13:57.712 I/AndroidIME(12290): AbstractIme.onDeactivate():213 LatinIme.onDeactivate()
01-23 00:13:57.712 W/RemoteInputConnectionImpl(13976): requestCursorAnchorInfo on inactive InputConnection
01-23 00:13:57.713 I/PrimesLoggerHolder(12290): FrameMetricServiceImpl.stopAsFuture():239 Measurement not found: OnConfigurationChanged
01-23 00:13:57.713 I/GoogleInputMethodService(12290): GoogleInputMethodService.onFinishInput():2099 
01-23 00:13:57.714 I/Module  (12290): DeviceLockedStatusModuleProvider$Module.updateDeviceLockedStatus():103 repeatCheckTimes = 0, locked = false
01-23 00:13:57.715 I/GoogleInputMethodService(12290): GoogleInputMethodService.onStartInput():1371 onStartInput(EditorInfo{EditorInfo{packageName=com.wholexale.app.staging, inputType=4081, inputTypeString=Password[CapSentences], enableLearning=false, autoCorrection=false, autoComplete=true, imeOptions=4000006, privateImeOptions=null, actionName=DONE, actionLabel=null, initialSelStart=0, initialSelEnd=0, initialCapsMode=2000, label=null, fieldId=57, fieldName=null, extras=Bundle[{android.support.text.emoji.emojiCompat_metadataVersion=11, android.support.text.emoji.emojiCompat_replaceAll=false, com.oplus.im.SCENES=0}], hintText=non-empty, hintLocales=[]}}, false)
01-23 00:13:57.716 I/Module  (12290): DeviceLockedStatusModuleProvider$Module.updateDeviceLockedStatus():103 repeatCheckTimes = 1, locked = false
01-23 00:13:57.716 I/OnDeviceWmrCalculator(12290): OnDeviceWmrCalculator.calculateWmr():94 WMR: 0.0000 (0 / 2)
01-23 00:13:57.716 I/HardKeyTracker(12290): HardKeyTracker.unregisterKeySequence():228 Unregister key sequence abgw{labelResId=0, callback=ojq@f996af0, lastModifier=0, keyCodes=[57, 57], actions=[1, 0]}
01-23 00:13:57.716 I/HardKeyTracker(12290): HardKeyTracker.unregisterKeySequence():228 Unregister key sequence abgw{labelResId=0, callback=ojq@887d869, lastModifier=0, keyCodes=[58, 58], actions=[1, 0]}
01-23 00:13:57.717 I/GoogleInputMethodService(12290): GoogleInputMethodService.onStartInputView():1459 onStartInputView(EditorInfo{EditorInfo{packageName=com.wholexale.app.staging, inputType=4081, inputTypeString=Password[CapSentences], enableLearning=false, autoCorrection=false, autoComplete=true, imeOptions=4000006, privateImeOptions=null, actionName=DONE, actionLabel=null, initialSelStart=0, initialSelEnd=0, initialCapsMode=2000, label=null, fieldId=57, fieldName=null, extras=Bundle[{android.support.text.emoji.emojiCompat_metadataVersion=11, android.support.text.emoji.emojiCompat_replaceAll=false, com.oplus.im.SCENES=0}], hintText=non-empty, hintLocales=[]}}, false)
01-23 00:13:57.717 W/ModuleManager(12290): ModuleManager.loadModule():573 Module abkd is not available
01-23 00:13:57.717 I/KeyboardHeightUtil(12290): KeyboardHeightUtil.getOemKeyboardHeightRatio():81 systemKeyboardHeightRatio:1.000000.
01-23 00:13:57.719 I/AndroidIME(12290): InputBundleManager.loadActiveInputBundleId():531 loadActiveInputBundleId: und-Latn-x-password, password
01-23 00:13:57.720 I/AndroidIME(12290): AbstractIme.onActivate():95 PasswordIme.onActivate() : EditorInfo = EditorInfo{packageName=com.wholexale.app.staging, inputType=4081, inputTypeString=Password[CapSentences], enableLearning=false, autoCorrection=false, autoComplete=true, imeOptions=4000006, privateImeOptions=null, actionName=DONE, actionLabel=null, initialSelStart=0, initialSelEnd=0, initialCapsMode=2000, label=null, fieldId=57, fieldName=null, extras=Bundle[{android.support.text.emoji.emojiCompat_metadataVersion=11, android.support.text.emoji.emojiCompat_replaceAll=false, com.oplus.im.SCENES=0}], hintText=non-empty, hintLocales=[]}, IncognitoMode = false, DeviceLocked = false
01-23 00:13:57.720 I/KeyboardWrapper(12290): KeyboardWrapper.activateKeyboard():582 activateKeyboard(): type=prime, status=INACTIVE, imeDef=zsv{stringId=password, language=und-Latn-x-password, languageTag=und-Latn-x-password, processedConditions={writing_helper_enable_by_word_revert=true, variant=qwerty, true=true, language=en-US, enable_number_row=true, device=phone, enable_number_row_in_password=true, enable_pk_simulator=false}, className=com.google.android.libraries.inputmethod.ime.password.PasswordIme, label=2132019328, keyEventInterpreter=null, inlineComposing=true, autoCapital=true, announceAutoSelectedCandidate=true, statusIcon=0, indicatorIcon=0, indicatorLabel=null, displayAppCompletions=false, extraValues=zsn{}, processors=zvh@611aaba, unacceptableMetaKeys=4098, languageSpecificSettings=0, asciiCapable=false, alwaysShowSuggestions=false, useAsciiPasswordKeyboard=false, keyboardGroupDef=zum@77e30b1, phenotypeFlagId=0, localizationLanguageTag=null, supportsInlineSuggestion=false}
01-23 00:13:57.720 I/KeyboardManager(12290): KeyboardManager.requestKeyboard():249 Creating keyboard prime, imeId=password, cacheKey=theme,!gsf,!pgsans,!pgsf,!use_system_font,BORDER,DYNAMIC_DARK_BRIGHT_KEY,FLAVOR_DPI=XXHDPI,KEYBOARD_WIDTH_CATEGORY=NORMAL,KEY_BORDER_SHAPE=1,LIGHT_THEME=false,PHYSICAL_DIAGONAL=6.205629,POPUP,SCREEN_SHORTEST_WIDTH=423,SCREEN_SHORTEST_WIDTH_NO_SCALE=423,SW400DP,XXHDPI,bottom4dp,bright_key_on_dynamic_color_dark_theme=true,enable_popup_on_keypress=true,keyboard_redesign_google_sans=true,non_linear_scale,noshadow,overlay_builtin_dynamic_color_dark_base.binarypb:gm3-dark-ff1c100f-ffffb4aa-f3a6645152bf6ebcfdaad69eee598866,silkpopup
01-23 00:13:57.721 I/KeyboardWrapper(12290): KeyboardWrapper.onKeyboardReady():224 onKeyboardReady(): type=prime(prime), kb=com.google.android.apps.inputmethod.latin.keyboard.LatinPasswordKeyboard@61d677
01-23 00:13:57.721 I/KeyboardWrapper(12290): KeyboardWrapper.doActivateKeyboard():612 doActivateKeyboard(): prime
01-23 00:13:57.731 I/BaseKeyboardSizeHelper(12290): BaseKeyboardSizeHelper.calculateMaxKeyboardBodyHeight():73 leave 273 height for app when ime window height:2249, header height:112 and isFullscreenMode:false, so the max keyboard body height is:1864
01-23 00:13:57.731 W/TooltipLifecycleManager(12290): TooltipLifecycleManager.dismissTooltips():153 Tooltip with id undo_access_point_promotion_banner not found in tooltipManager.
01-23 00:13:57.734 I/KeyboardModeUtils(12290): KeyboardModeUtils.getKeyboardBottomOffset():435 inch: 0.000000 ydpi: 409.016998 adjustKeyboardBottomByDisplaySize: false currentDensityDpi: 408 defaultDensityDpi: 408 keyboardBottomToScreenPx: 0 keyboardBottomToNavBarPx: -41 navBarHeight: 41
01-23 00:13:57.735 I/BaseKeyboardSizeHelper(12290): BaseKeyboardSizeHelper.calculateMaxKeyboardBodyHeight():73 leave 273 height for app when ime window height:2249, header height:112 and isFullscreenMode:false, so the max keyboard body height is:1864
01-23 00:13:57.735 I/BaseKeyboardSizeHelper(12290): BaseKeyboardSizeHelper.calculateMaxKeyboardBodyHeight():73 leave 273 height for app when ime window height:2249, header height:112 and isFullscreenMode:false, so the max keyboard body height is:1864
01-23 00:13:57.735 I/BaseKeyboardSizeHelper(12290): BaseKeyboardSizeHelper.calculateMaxKeyboardBodyHeight():73 leave 273 height for app when ime window height:2249, header height:112 and isFullscreenMode:false, so the max keyboard body height is:1864
01-23 00:13:57.735 I/BaseKeyboardSizeHelper(12290): BaseKeyboardSizeHelper.calculateMaxKeyboardBodyHeight():73 leave 273 height for app when ime window height:2249, header height:112 and isFullscreenMode:false, so the max keyboard body height is:1864
01-23 00:13:57.735 I/GlobeKeyExtension(12290): GlobeKeyExtension.getKeyboardInitialStates():175 
01-23 00:13:57.736 W/Keyboard(12290): Keyboard.getKeyboardViewHelper():604 null helper is returned: keyboardDef=zty{processedConditions={show_comma_key=true, enable_more_candidates_view_for_multilingual=false, layout_9key_split=false, enable_secondary_symbols=false, pref_enable_flick_symbols=false, language=en-US, deprecate_long_press_space_for_ime_picker=false, show_suggestion_strip=true, expressions=normal, android_software_xr_api_spatial=false, variant=qwerty, show_period_key=true, enable_number_row=true, device=phone, keyboard_mode=normal, show_secondary_digits=false, enable_pk_simulator=false, enable_preemptive_decode=true}, globalConditions={global_theme_key=theme,!gsf,!pgsans,!pgsf,!use_system_font,BORDER,DYNAMIC_DARK_BRIGHT_KEY,FLAVOR_DPI=XXHDPI,KEYBOARD_WIDTH_CATEGORY=NORMAL,KEY_BORDER_SHAPE=1,LIGHT_THEME=false,PHYSICAL_DIAGONAL=6.205629,POPUP,SCREEN_SHORTEST_WIDTH=423,SCREEN_SHORTEST_WIDTH_NO_SCALE=423,SW400DP,XXHDPI,bottom4dp,bright_key_on_dynamic_color_dark_theme=true,enable_popup_on_keypress=true,keyboard_redesign_google_sans=true,non_linear_scale,noshadow,overlay_builtin_dynamic_color_dark_base.binarypb:gm3-dark-ff1c100f-ffffb4aa-f3a6645152bf6ebcfdaad69eee598866,silkpopup, global_locale=en_US, global_density_dpi=408, global_orientation=1}, className=.latin.keyboard.LatinPasswordKeyboard, resourceIds=[#0x7f1705f9, #0x7f17088b, #0x7f1706b9], initialStates=0, keyboardViewDefs=[zuy{direction=null, id=#0x7f0b0225, isScalable=true, layoutId=#0x7f0e02af, type=BODY, touchable=true, defaultShow=true}, zuy{direction=null, id=#0x7f0b0225, isScalable=false, layoutId=#0x7f0e020b, type=FLOATING_CANDIDATES, touchable=false, defaultShow=false}, zuy{direction=LOCALE, id=#0x7f0b0225, isScalable=false, layoutId=#0x7f0e0511, type=HEADER, touchable=true, defaultShow=true}], persistentStates=0, persistentStatesPrefKey=null, popupBubbleLayoutId=#0x7f0e0601, recentKeyLayoutId=#0x0, recentKeyPopupLayoutId=#0x0, recentKeyType=null, rememberRecentKey=NONE, sessionStates=17592186044419}, type=WIDGET, helpersCreated={HEADER=yst@ca3b67e, BODY=yst@6c347df, FLOATING_CANDIDATES=yst@685bc2c}, context.getResources().getConfiguration(): {1.15 ??mcc??mnc [en_US,en_GB] ldltr sw423dp w423dp h898dp 408dpi nrml long port night finger -keyb/v/h -nav/h winConfig={ mBounds=Rect(0, 0 - 1080, 2400) mAppBounds=Rect(0, 110 - 1080, 2400) mMaxBounds=Rect(0, 0 - 1080, 2400) mDisplayRotation=ROTATION_0 mWindowingMode=fullscreen mDisplayWindowingMode=fullscreen mActivityType=undefined mAlwaysOnTop=undefined mRotation=ROTATION_0} s.1345 fontWeightAdjustment=0mThemeChanged= 0, mThemeChangedFlags= 0, mFlipFont= 0, mAccessibleChanged= -1, mUxIconConfig= 3468921665126662177, mMaterialColor= 0, mUserId= 0, mFontUserId= 0, mFontVariationSettings= 226, mFoldingAngle = -1.0, mIconPackName= , mDarkModeBackgroundMaxL= 0.0, mDarkModeDialogBgMaxL= 27.0, mDarkModeForegroundMinL= 100.0, mOplusConfigType= 1, mOplusChangedConfigs= 0, OpSans= 0, mFlag= 0}
01-23 00:13:57.736 I/BaseKeyboardSizeHelper(12290): BaseKeyboardSizeHelper.calculateMaxKeyboardBodyHeight():73 leave 273 height for app when ime window height:2249, header height:112 and isFullscreenMode:false, so the max keyboard body height is:1864
01-23 00:13:57.745 I/AndroidIME(12290): InputBundleManager.startInput():361 startInput() with zur[keyboardType=prime, payload=null]
01-23 00:13:57.745 I/GlobeKeyExtension(12290): GlobeKeyExtension.onActivate():120 
01-23 00:13:57.748 I/LanguagePromoExtension(12290): LanguagePromoExtension.checkDisplayPreconditions():171 Not show language promo: exceeds the max display times.
01-23 00:13:57.748 I/NewLanguagePromptExtension(12290): NewLanguagePromptExtension.onActivate():189 Not activated NewLanguagePromptExtension: not a normal text input box.
01-23 00:13:57.748 I/HardKeyTracker(12290): HardKeyTracker.unregisterKeySequence():228 Unregister key sequence abgw{labelResId=2132020511, callback=uml@66f4e95, lastModifier=2, keyCodes=[56], actions=[0]}
01-23 00:13:57.748 I/HardKeyTracker(12290): HardKeyTracker.registerKeySequence():177 Register key sequence abgw{labelResId=2132020511, callback=uml@36c1df6, lastModifier=2, keyCodes=[56], actions=[0]}
01-23 00:13:57.748 I/VoiceInputManagerWrapper(12290): VoiceInputManagerWrapper.cancelShutdown():109 cancelShutdown()
01-23 00:13:57.748 I/VoiceInputManagerWrapper(12290): VoiceInputManagerWrapper.syncLanguagePacks():121 syncLanguagePacks()
01-23 00:13:57.749 I/VoiceInputManager(12290): VoiceInputManager.onKeyboardActivated():1215 onKeyboardActivated() [UD]
01-23 00:13:57.749 I/SpeechFactory(12290): SpeechRecognitionFactory.maybeScheduleAutoPackDownloadForFallback():217 maybeScheduleAutoPackDownloadForFallback()
01-23 00:13:57.749 I/FallbackOnDeviceRecognitionProvider(12290): FallbackOnDeviceRecognitionProvider.maybeScheduleAutoPackDownload():213 maybeScheduleAutoPackDownload() for language tag en-US
01-23 00:13:57.749 I/PkModeUpdater(12290): PkModeUpdater.onActivate():74 onActivate false true
01-23 00:13:57.749 I/AccessoryInputModeManager(12290): AccessoryInputModeManager.onModeStarted():324 Accessory input mode started: null
01-23 00:13:57.749 I/SpeechPackManager(12290): SpeechPackManager.isPackAvailableToDownload():224 isPackAvailableToDownload() : LanguageTag = en-US : ManifestUrl = https://dl.google.com/android/voice/gboard/terse/superpacks-manifest-20210519.json
01-23 00:13:57.749 W/SupplementaryKeyboardsWrapper(12290): SupplementaryKeyboardsWrapper.deactivateKeyboard():162 keyboard accessory_candidates_consumer is not activated before!
01-23 00:13:57.750 I/FallbackOnDeviceRecognitionProvider(12290): FallbackOnDeviceRecognitionProvider$1.onSuccess():221 auto download packs.
01-23 00:13:57.750 I/SpeechPackManager(12290): SpeechPackManager.syncPacks():343 syncPacks()
01-23 00:13:57.750 I/SpeechPackManager(12290): SpeechPackManager.isPackAvailableOnDisk():205 isPackAvailableOnDisk() : LanguageTag = en-GB
01-23 00:13:57.750 I/SpeechPackManager(12290): SpeechPackManager.registerManifest():509 registerManifest() : https://dl.google.com/android/voice/gboard/terse/superpacks-manifest-20210519.json
01-23 00:13:57.750 I/SpeechPackManager(12290): SpeechPackManager.registerManifest():516 registerManifest() : Reusing hash 1327534105
01-23 00:13:57.751 I/KeyboardModeUtils(12290): KeyboardModeUtils.getKeyboardBottomOffset():435 inch: 0.000000 ydpi: 409.016998 adjustKeyboardBottomByDisplaySize: false currentDensityDpi: 408 defaultDensityDpi: 408 keyboardBottomToScreenPx: 0 keyboardBottomToNavBarPx: -41 navBarHeight: 41
01-23 00:13:57.751 I/SpeechPackSlicingStrategy(12290): SpeechPackSlicingStrategy.getSlices():52 getSlices() : ForceUpdates = false : LanguageTags = [en-US, en-GB]
01-23 00:13:57.752 I/BaseKeyboardSizeHelper(12290): BaseKeyboardSizeHelper.calculateMaxKeyboardBodyHeight():73 leave 273 height for app when ime window height:2249, header height:112 and isFullscreenMode:false, so the max keyboard body height is:1864
01-23 00:13:57.752 I/SpeechPackSlicingStrategy(12290): SpeechPackSlicingStrategy.getSlices():66 getSlices(): slicing result: {slices=[{gboard-small-speech-packs:en-US-small-rnnt, W:C:*:*, bg}, {gboard-small-speech-packs:en-GB-v201-f20, W:C:*:*, bg}], last batch=true, sync metadata=false}
01-23 00:13:57.752 I/BaseKeyboardSizeHelper(12290): BaseKeyboardSizeHelper.calculateMaxKeyboardBodyHeight():73 leave 273 height for app when ime window height:2249, header height:112 and isFullscreenMode:false, so the max keyboard body height is:1864
01-23 00:13:57.752 I/SP      (12290): Syncing gboard-small-speech-packs (1327534105) with slices: [{en-US-small-rnnt, W:C:*:*, bg}, {en-GB-v201-f20, W:C:*:*, bg}], metadata: false
01-23 00:13:57.752 I/BaseKeyboardSizeHelper(12290): BaseKeyboardSizeHelper.calculateMaxKeyboardBodyHeight():73 leave 273 height for app when ime window height:2249, header height:112 and isFullscreenMode:false, so the max keyboard body height is:1864
01-23 00:13:57.752 I/BaseKeyboardSizeHelper(12290): BaseKeyboardSizeHelper.calculateMaxKeyboardBodyHeight():73 leave 273 height for app when ime window height:2249, header height:112 and isFullscreenMode:false, so the max keyboard body height is:1864
01-23 00:13:57.752 W/ExtensionWrapper(12290): ExtensionWrapper.setExtensionViewVisibility():859 interface yzm is not activate
01-23 00:13:57.753 I/Module  (12290): DeviceLockedStatusModuleProvider$Module.updateDeviceLockedStatus():103 repeatCheckTimes = 1, locked = false
01-23 00:13:57.754 I/HardKeyTracker(12290): HardKeyTracker.unregisterKeySequence():228 Unregister key sequence abgw{labelResId=2132020511, callback=uml@dba9d98, lastModifier=2, keyCodes=[56], actions=[0]}
01-23 00:13:57.754 I/HardKeyTracker(12290): HardKeyTracker.registerKeySequence():177 Register key sequence abgw{labelResId=2132020511, callback=uml@36ebac9, lastModifier=2, keyCodes=[56], actions=[0]}
01-23 00:13:57.754 I/HardKeyTracker(12290): HardKeyTracker.unregisterKeySequence():228 Unregister key sequence abgw{labelResId=2132020515, callback=uml@26429d6, lastModifier=2, keyCodes=[48], actions=[0]}
01-23 00:13:57.754 I/HardKeyTracker(12290): HardKeyTracker.registerKeySequence():177 Register key sequence abgw{labelResId=2132020515, callback=uml@384f5ce, lastModifier=2, keyCodes=[48], actions=[0]}
01-23 00:13:57.755 I/HardKeyTracker(12290): HardKeyTracker.unregisterKeySequence():228 Unregister key sequence abgw{labelResId=2132020515, callback=uml@587fb44, lastModifier=2, keyCodes=[48], actions=[0]}
01-23 00:13:57.756 I/HardKeyTracker(12290): HardKeyTracker.registerKeySequence():177 Register key sequence abgw{labelResId=2132020515, callback=uml@dd59cef, lastModifier=2, keyCodes=[48], actions=[0]}
