01-22 19:09:58.612 V/ListServiceUtils(  961): checkInListByUid start module:allow-get-parameters uid:10342  time 85397113479us
01-22 19:09:58.612 D/MMListService( 1164): checkInListByUid end module:allow-get-parameters uid:10342 time 85397113688
01-22 19:09:58.612 V/ListServiceUtils(  961): checkInListByUid end module:allow-get-parameters uid:10342  time 85397113810us
01-22 19:09:58.612 D/ListServiceUtils(  961): checkInListByUid module:allow-get-parameters uid:10342 cost 330us return 1
01-22 19:09:58.613 D/CCodecBufferChannel(16548): [c2.mtk.vp9.decoder#768] flushed work; ignored.
01-22 19:09:58.613 D/CCodecBufferChannel(16548): [c2.mtk.vp9.decoder#768] Discard frames from previous generation.
01-22 19:09:58.613 D/PipelineWatcher(16548): onWorkDone: frameIndex not found (18446744073709551615); ignored
01-22 19:09:58.612 D/DiracDetectSceneService-v2.0( 3347): checkAndSetDirac : activeAudioPids = :16548
01-22 19:09:58.613 D/CCodecBufferChannel(16548): [c2.mtk.vp9.decoder#768] flushed work not feedInput.
01-22 19:09:58.613 D/DiracDetectSceneService-v2.0( 3347): +activePidList = [16548]
01-22 19:09:58.614 D/CCodecBufferChannel(16548): [c2.mtk.vp9.decoder#768] flushed work; ignored.
01-22 19:09:58.614 D/CCodecBufferChannel(16548): [c2.mtk.vp9.decoder#768] Discard frames from previous generation.
01-22 19:09:58.614 D/PipelineWatcher(16548): onWorkDone: frameIndex not found (18446744073709551615); ignored
01-22 19:09:58.614 D/CCodecBufferChannel(16548): [c2.mtk.vp9.decoder#768] flushed work not feedInput.
01-22 19:09:58.614 D/DiracDetectSceneService-v2.0( 3347): +activeAudioAppList = [com.google.android.youtube]
01-22 19:09:58.615 D/DiracDetectSceneService-v2.0( 3347): isInMusicAppList appName:com.google.android.youtube
01-22 19:09:58.615 D/DiracDetectSceneService-v2.0( 3347): isInVideoAppList appName:com.google.android.youtube
01-22 19:09:58.616 D/CCodecBufferChannel(16548): [c2.mtk.vp9.decoder#768] flushed work; ignored.
01-22 19:09:58.616 D/OplusDiracService( 3347): setDiracEffectInternal ++++ enable = true mode = MOVIE mSceneModeForUI:AUTO
01-22 19:09:58.616 D/CCodecBufferChannel(16548): [c2.mtk.vp9.decoder#768] Discard frames from previous generation.
01-22 19:09:58.616 D/PipelineWatcher(16548): onWorkDone: frameIndex not found (18446744073709551615); ignored
01-22 19:09:58.616 D/OplusDiracService( 3347): isHeadsetOn mWiredHeadsetOn:false mA2dpConnected:false
01-22 19:09:58.616 D/OplusDiracService( 3347): ignore this time setDiracEnalbe, enable = true mode = MOVIE mSceneModeForUI = AUTO
01-22 19:09:58.616 D/CCodecBufferChannel(16548): [c2.mtk.vp9.decoder#768] flushed work not feedInput.
01-22 19:09:58.617 D/CCodecBufferChannel(16548): [c2.mtk.vp9.decoder#768] flushed work; ignored.
01-22 19:09:58.617 D/CCodecBufferChannel(16548): [c2.mtk.vp9.decoder#768] Discard frames from previous generation.
01-22 19:09:58.617 D/PipelineWatcher(16548): onWorkDone: frameIndex not found (18446744073709551615); ignored
01-22 19:09:58.617 D/CCodecBufferChannel(16548): [c2.mtk.vp9.decoder#768] flushed work not feedInput.
01-22 19:09:58.617 D/CCodecBufferChannel(16548): [c2.mtk.vp9.decoder#768] flushed work; ignored.
01-22 19:09:58.617 D/CCodecBufferChannel(16548): [c2.mtk.vp9.decoder#768] Discard frames from previous generation.
01-22 19:09:58.617 D/PipelineWatcher(16548): onWorkDone: frameIndex not found (18446744073709551615); ignored
01-22 19:09:58.617 D/CCodecBufferChannel(16548): [c2.mtk.vp9.decoder#768] flushed work not feedInput.
01-22 19:09:58.617 W/YouTube (16548): TraceableOnGlobalLayoutListener.onGlobalLayout[kuy-RootView2] is called 950
01-22 19:09:58.618 D/CCodecBufferChannel(16548): [c2.mtk.vp9.decoder#768] flushed work; ignored.
01-22 19:09:58.618 D/CCodecBufferChannel(16548): [c2.mtk.vp9.decoder#768] Discard frames from previous generation.
01-22 19:09:58.618 D/PipelineWatcher(16548): onWorkDone: frameIndex not found (18446744073709551615); ignored
01-22 19:09:58.618 D/CCodecBufferChannel(16548): [c2.mtk.vp9.decoder#768] flushed work not feedInput.
01-22 19:09:58.619 D/CCodecBufferChannel(16548): [c2.mtk.vp9.decoder#768] flushed work; ignored.
01-22 19:09:58.619 D/CCodecBufferChannel(16548): [c2.mtk.vp9.decoder#768] Discard frames from previous generation.
01-22 19:09:58.619 D/PipelineWatcher(16548): onWorkDone: frameIndex not found (18446744073709551615); ignored
01-22 19:09:58.619 D/CCodecBufferChannel(16548): [c2.mtk.vp9.decoder#768] flushed work not feedInput.
01-22 19:09:58.619 D/CCodecBufferChannel(16548): [c2.mtk.vp9.decoder#768] flushed work; ignored.
01-22 19:09:58.619 D/CCodecBufferChannel(16548): [c2.mtk.vp9.decoder#768] Discard frames from previous generation.
01-22 19:09:58.619 D/PipelineWatcher(16548): onWorkDone: frameIndex not found (18446744073709551615); ignored
01-22 19:09:58.619 D/CCodecBufferChannel(16548): [c2.mtk.vp9.decoder#768] flushed work not feedInput.
01-22 19:09:58.620 D/CCodecBufferChannel(16548): [c2.mtk.vp9.decoder#768] flushed work; ignored.
01-22 19:09:58.620 D/CCodecBufferChannel(16548): [c2.mtk.vp9.decoder#768] Discard frames from previous generation.
01-22 19:09:58.620 D/PipelineWatcher(16548): onWorkDone: frameIndex not found (18446744073709551615); ignored
01-22 19:09:58.620 D/CCodecBufferChannel(16548): [c2.mtk.vp9.decoder#768] flushed work not feedInput.
01-22 19:09:58.622 D/CCodecBufferChannel(16548): [c2.mtk.vp9.decoder#768] flushed work; ignored.
01-22 19:09:58.622 D/CCodecBufferChannel(16548): [c2.mtk.vp9.decoder#768] Discard frames from previous generation.
01-22 19:09:58.622 D/PipelineWatcher(16548): onWorkDone: frameIndex not found (18446744073709551615); ignored
01-22 19:09:58.622 D/CCodecBufferChannel(16548): [c2.mtk.vp9.decoder#768] flushed work not feedInput.
01-22 19:09:58.622 D/CCodecBufferChannel(16548): [c2.mtk.vp9.decoder#768] flushed work; ignored.
01-22 19:09:58.622 D/CCodecBufferChannel(16548): [c2.mtk.vp9.decoder#768] Discard frames from previous generation.
01-22 19:09:58.622 D/PipelineWatcher(16548): onWorkDone: frameIndex not found (18446744073709551615); ignored
01-22 19:09:58.622 D/CCodecBufferChannel(16548): [c2.mtk.vp9.decoder#768] flushed work not feedInput.
01-22 19:09:58.622 D/CCodecBufferChannel(16548): [c2.mtk.vp9.decoder#768] flushed work; ignored.
01-22 19:09:58.622 D/CCodecBufferChannel(16548): [c2.mtk.vp9.decoder#768] Discard frames from previous generation.
01-22 19:09:58.622 D/PipelineWatcher(16548): onWorkDone: frameIndex not found (18446744073709551615); ignored
01-22 19:09:58.622 D/CCodecBufferChannel(16548): [c2.mtk.vp9.decoder#768] flushed work not feedInput.
01-22 19:09:58.622 D/CCodecBufferChannel(16548): [c2.mtk.vp9.decoder#768] flushed work; ignored.
01-22 19:09:58.622 D/CCodecBufferChannel(16548): [c2.mtk.vp9.decoder#768] Discard frames from previous generation.
01-22 19:09:58.622 D/PipelineWatcher(16548): onWorkDone: frameIndex not found (18446744073709551615); ignored
01-22 19:09:58.622 D/CCodecBufferChannel(16548): [c2.mtk.vp9.decoder#768] flushed work not feedInput.
01-22 19:09:58.632 D/CCodecBufferChannel(16548): [c2.mtk.vp9.decoder#768] flushed work; ignored.
01-22 19:09:58.632 D/CCodecBufferChannel(16548): [c2.mtk.vp9.decoder#768] Discard frames from previous generation.
01-22 19:09:58.632 D/PipelineWatcher(16548): onWorkDone: frameIndex not found (18446744073709551615); ignored
01-22 19:09:58.632 D/CCodecBufferChannel(16548): [c2.mtk.vp9.decoder#768] flushed work not feedInput.
01-22 19:09:58.633 D/CCodecBufferChannel(16548): [c2.mtk.vp9.decoder#768] flushed work; ignored.
01-22 19:09:58.633 D/CCodecBufferChannel(16548): [c2.mtk.vp9.decoder#768] Discard frames from previous generation.
01-22 19:09:58.633 D/PipelineWatcher(16548): onWorkDone: frameIndex not found (18446744073709551615); ignored
01-22 19:09:58.633 D/CCodecBufferChannel(16548): [c2.mtk.vp9.decoder#768] flushed work not feedInput.
01-22 19:09:58.633 D/CCodecBufferChannel(16548): [c2.mtk.vp9.decoder#768] flushed work; ignored.
01-22 19:09:58.633 D/CCodecBufferChannel(16548): [c2.mtk.vp9.decoder#768] Discard frames from previous generation.
01-22 19:09:58.633 D/PipelineWatcher(16548): onWorkDone: frameIndex not found (18446744073709551615); ignored
01-22 19:09:58.634 D/CCodecBufferChannel(16548): [c2.mtk.vp9.decoder#768] flushed work not feedInput.
01-22 19:09:58.635 D/CCodecBufferChannel(16548): [c2.mtk.vp9.decoder#768] flushed work; ignored.
01-22 19:09:58.635 D/CCodecBufferChannel(16548): [c2.mtk.vp9.decoder#768] Discard frames from previous generation.
01-22 19:09:58.635 D/PipelineWatcher(16548): onWorkDone: frameIndex not found (18446744073709551615); ignored
01-22 19:09:58.635 D/CCodecBufferChannel(16548): [c2.mtk.vp9.decoder#768] flushed work not feedInput.
01-22 19:09:58.636 D/CCodecBufferChannel(16548): [c2.mtk.vp9.decoder#768] flushed work; ignored.
01-22 19:09:58.636 D/CCodecBufferChannel(16548): [c2.mtk.vp9.decoder#768] Discard frames from previous generation.
01-22 19:09:58.636 D/PipelineWatcher(16548): onWorkDone: frameIndex not found (18446744073709551615); ignored
01-22 19:09:58.636 D/CCodecBufferChannel(16548): [c2.mtk.vp9.decoder#768] flushed work not feedInput.
01-22 19:09:58.641 E/audio_pcm_dump(  961): check_pcm_path : create path /data/persist_log fail 17
01-22 19:09:58.642 E/audio_pcm_dump(  961): check_pcm_path failed.
01-22 19:09:58.642 E/audio_pcm_dump(  961): check_pcm_path : create path /data/persist_log fail 17
01-22 19:09:58.642 E/audio_pcm_dump(  961): check_pcm_path failed.
01-22 19:09:58.643 V/ListServiceUtils(  961): checkInListByUid start module:closepa-blacklist uid:10141  time 85397144876us
01-22 19:09:58.643 V/ListServiceUtils(  961): checkInListByUid end module:closepa-blacklist uid:10141  time 85397145162us
01-22 19:09:58.643 D/ListServiceUtils(  961): checkInListByUid module:closepa-blacklist uid:10141 cost 285us return 0
01-22 19:09:58.648 D/CCodecBufferChannel(16548): [c2.mtk.vp9.decoder#768] flushed work; ignored.
01-22 19:09:58.648 D/CCodecBufferChannel(16548): [c2.mtk.vp9.decoder#768] Discard frames from previous generation.
01-22 19:09:58.648 D/PipelineWatcher(16548): onWorkDone: frameIndex not found (18446744073709551615); ignored
01-22 19:09:58.648 D/CCodecBufferChannel(16548): [c2.mtk.vp9.decoder#768] flushed work not feedInput.
01-22 19:09:58.653 D/ProcessCpuTrackerExtImpl( 1748): mContext is already set, return now! 
01-22 19:09:58.660 D/CCodecBufferChannel(16548): [c2.mtk.vp9.decoder#768] flushed work; ignored.
01-22 19:09:58.660 D/CCodecBufferChannel(16548): [c2.mtk.vp9.decoder#768] Discard frames from previous generation.
01-22 19:09:58.660 D/PipelineWatcher(16548): onWorkDone: frameIndex not found (18446744073709551615); ignored
01-22 19:09:58.660 D/CCodecBufferChannel(16548): [c2.mtk.vp9.decoder#768] flushed work not feedInput.
01-22 19:09:58.692 E/YT.mlplayer(16548): MedialibPlayerEvents[15].onProgressing(playbackStartSystemTimeMs=1769089198641)
01-22 19:09:58.699 E/YT.mlplayer(16548): MedialibPlayer.clearQueue()
01-22 19:09:58.700 E/YT.mlplayer(16548): MedialibPlayer.queueVideo(cpn=SFHSR5tXK4653bbl transitionPositionMs=-1 position=Position(positionMillis=-2) playerEvents=[90] videoId=scrubbed pauseOnLastFrame=true)
01-22 19:09:58.712 E/YT.mlplayer(16548): MedialibPlayerEvents[15].onMediaTimeRangeChange(beginTimeMs=0 endTimeMs=29674)
01-22 19:09:58.722 D/BufferPoolAccessor2.0(16548): bufferpool2 0xb40000796a636828 : 8(16752640 size) total buffers - 8(16752640 size) used buffers - 0/8 (recycle/alloc) - 10/3105 (fetch/transfer)
01-22 19:09:58.767 E/YT.mlplayer(16548): MedialibPlayerEvents[90].onFormatStreamChange(currentVideoFormat=0 currentAudioFormat=0 bestVideoFormat=0 trigger=null estimate=-1 source=0)
01-22 19:09:58.819 D/OplusScrollToTopManager(16548): postShowGuidePopupRunnable value = guide_popup_dismiss_by_user_value
01-22 19:09:58.854 E/horae   ( 3350): 0: back:36468,frame:34964,front:37577, 6, +(2423), 1 ,40000,36800,39000,39500
01-22 19:09:58.885 D/AtCmdParser( 2614): parserAtcmdUrc can not find parser for +EBARRING
01-22 19:09:58.891 W/YouTube (16548): Empty persistent device token received from InnerTube.
01-22 19:09:58.896 D/AtCmdParser( 2614): parserAtcmdUrc can not find parser for +ECCAUSE
01-22 19:09:58.896 D/AtCmdParser( 2614): parserAtcmdUrc can not find parser for +EREG
01-22 19:09:58.900 D/AtCmdParser( 2614): parserAtcmdUrc can not find parser for +EGREG
01-22 19:09:58.909 D/PhoneInterfaceManager( 2568): [PhoneIntfMgr] QueryTelephonyChecker-getDataNetworkTypeForSubscriber: packageName = com.android.phone, isGrant = true
01-22 19:09:58.910 D/PhoneInterfaceManager( 2568): [PhoneIntfMgr] QueryTelephonyChecker-getDataNetworkTypeForSubscriber: packageName = com.android.phone, isGrant = true
01-22 19:09:58.919 I/mtkpower_client( 1748): perf_lock_rel, hdl:59427, tid:2280
01-22 19:09:58.919 I/mtkpower_client( 1748): perf_lock_acq, hdl:59427, dur:0, num:4, tid:2280
01-22 19:09:58.920 I/libPowerHal(  859): [perfLockRel] hdl:59427, idx:0
01-22 19:09:58.920 I/libPowerHal(  859): system_server: cpu_ctrl set cpu freq: -1 -1 300000 -1
01-22 19:09:58.920 I/libPowerHal(  859): system_server: hard user limit set cpu freq: -1 -1 -1 -1
01-22 19:09:58.920 I/libPowerHal(  859): [PD] system_server update cmd:2004100 param:2
01-22 19:09:58.923 I/mtkpower_client( 1748): ret_hdl:59428
01-22 19:09:58.928 W/YouTube (16548): LoggingNode with node id: -1799817734 has node id set without YouTubeLoggingProperties
01-22 19:09:58.933 W/YouTube (16548): Empty persistent device token received from InnerTube.
01-22 19:09:58.935 D/OplusNecManager( 2568): broadcastServiceStateChanged slotId:0oos:true
01-22 19:09:58.950 D/OplusAtlasService( 3300): getAttributeByAppName module:oplus-getStreamMaxVolume packageName:com.truecaller
01-22 19:09:58.953 D/AudioManagerExtImpl( 7107): getStreamVolume normal, volume index=5
01-22 19:09:58.971 D/CCodecBufferChannel(16548): [c2.mtk.vp9.decoder#768] flushed work; ignored.
01-22 19:09:58.971 D/CCodecBufferChannel(16548): [c2.mtk.vp9.decoder#768] Discard frames from previous generation.
01-22 19:09:58.971 D/PipelineWatcher(16548): onWorkDone: frameIndex not found (18446744073709551615); ignored
01-22 19:09:58.971 D/CCodecBufferChannel(16548): [c2.mtk.vp9.decoder#768] flushed work not feedInput.
01-22 19:09:59.000 I/android.youtube(16548): Background young concurrent copying GC freed 15MB AllocSpace bytes, 383(13MB) LOS objects, 23% free, 77MB/101MB, paused 205us,143us total 130.692ms
01-22 19:09:59.004 D/CCodecBufferChannel(16548): [c2.mtk.vp9.decoder#768] flushed work; ignored.
01-22 19:09:59.004 D/CCodecBufferChannel(16548): [c2.mtk.vp9.decoder#768] Discard frames from previous generation.
01-22 19:09:59.004 D/PipelineWatcher(16548): onWorkDone: frameIndex not found (18446744073709551615); ignored
01-22 19:09:59.004 D/CCodecBufferChannel(16548): [c2.mtk.vp9.decoder#768] flushed work not feedInput.
01-22 19:09:59.014 D/CCodecBufferChannel(16548): [c2.mtk.vp9.decoder#768] flushed work; ignored.
01-22 19:09:59.014 D/CCodecBufferChannel(16548): [c2.mtk.vp9.decoder#768] Discard frames from previous generation.
01-22 19:09:59.014 D/PipelineWatcher(16548): onWorkDone: frameIndex not found (18446744073709551615); ignored
01-22 19:09:59.014 D/CCodecBufferChannel(16548): [c2.mtk.vp9.decoder#768] flushed work not feedInput.
01-22 19:09:59.025 D/CCodecBufferChannel(16548): [c2.mtk.vp9.decoder#768] flushed work; ignored.
01-22 19:09:59.026 D/CCodecBufferChannel(16548): [c2.mtk.vp9.decoder#768] Discard frames from previous generation.
01-22 19:09:59.026 D/PipelineWatcher(16548): onWorkDone: frameIndex not found (18446744073709551615); ignored
01-22 19:09:59.026 D/CCodecBufferChannel(16548): [c2.mtk.vp9.decoder#768] flushed work not feedInput.
01-22 19:09:59.037 D/CCodecBufferChannel(16548): [c2.mtk.vp9.decoder#768] flushed work; ignored.
01-22 19:09:59.037 D/CCodecBufferChannel(16548): [c2.mtk.vp9.decoder#768] Discard frames from previous generation.
01-22 19:09:59.037 D/PipelineWatcher(16548): onWorkDone: frameIndex not found (18446744073709551615); ignored
01-22 19:09:59.037 D/CCodecBufferChannel(16548): [c2.mtk.vp9.decoder#768] flushed work not feedInput.
01-22 19:09:59.060 D/CCodecBufferChannel(16548): [c2.mtk.vp9.decoder#768] flushed work; ignored.
01-22 19:09:59.060 D/CCodecBufferChannel(16548): [c2.mtk.vp9.decoder#768] Discard frames from previous generation.
01-22 19:09:59.060 D/PipelineWatcher(16548): onWorkDone: frameIndex not found (18446744073709551615); ignored
01-22 19:09:59.060 D/CCodecBufferChannel(16548): [c2.mtk.vp9.decoder#768] flushed work not feedInput.
01-22 19:09:59.071 D/CCodecBufferChannel(16548): [c2.mtk.vp9.decoder#768] flushed work; ignored.
01-22 19:09:59.071 D/CCodecBufferChannel(16548): [c2.mtk.vp9.decoder#768] Discard frames from previous generation.
01-22 19:09:59.071 D/PipelineWatcher(16548): onWorkDone: frameIndex not found (18446744073709551615); ignored
01-22 19:09:59.071 D/CCodecBufferChannel(16548): [c2.mtk.vp9.decoder#768] flushed work not feedInput.
01-22 19:09:59.082 D/CCodecBufferChannel(16548): [c2.mtk.vp9.decoder#768] flushed work; ignored.
01-22 19:09:59.082 D/CCodecBufferChannel(16548): [c2.mtk.vp9.decoder#768] Discard frames from previous generation.
01-22 19:09:59.082 D/PipelineWatcher(16548): onWorkDone: frameIndex not found (18446744073709551615); ignored
01-22 19:09:59.082 D/CCodecBufferChannel(16548): [c2.mtk.vp9.decoder#768] flushed work not feedInput.
01-22 19:09:59.094 D/CCodecBufferChannel(16548): [c2.mtk.vp9.decoder#768] flushed work; ignored.
01-22 19:09:59.094 D/CCodecBufferChannel(16548): [c2.mtk.vp9.decoder#768] Discard frames from previous generation.
01-22 19:09:59.094 D/PipelineWatcher(16548): onWorkDone: frameIndex not found (18446744073709551615); ignored
01-22 19:09:59.094 D/CCodecBufferChannel(16548): [c2.mtk.vp9.decoder#768] flushed work not feedInput.
01-22 19:09:59.106 D/CCodecBufferChannel(16548): [c2.mtk.vp9.decoder#768] flushed work; ignored.
01-22 19:09:59.106 D/CCodecBufferChannel(16548): [c2.mtk.vp9.decoder#768] Discard frames from previous generation.
01-22 19:09:59.106 D/PipelineWatcher(16548): onWorkDone: frameIndex not found (18446744073709551615); ignored
01-22 19:09:59.106 D/CCodecBufferChannel(16548): [c2.mtk.vp9.decoder#768] flushed work not feedInput.
01-22 19:09:59.112 D/OplusAtlasService( 3300): getAttributeByAppName module:oplus-getStreamMaxVolume packageName:com.truecaller
01-22 19:09:59.115 D/AudioManagerExtImpl( 7107): getStreamVolume normal, volume index=5
01-22 19:09:59.160 D/OplusAtlasService( 3300): getAttributeByAppName module:oplus-getStreamMaxVolume packageName:com.truecaller
01-22 19:09:59.162 D/AudioManagerExtImpl( 7107): getStreamVolume normal, volume index=5
01-22 19:09:59.164 D/OplusAtlasService( 3300): getAttributeByAppName module:oplus-getStreamMaxVolume packageName:com.truecaller
01-22 19:09:59.165 D/AudioManagerExtImpl( 7107): getStreamVolume too fast, volume index=5, package=com.truecaller
01-22 19:09:59.175 D/OplusAtlasService( 3300): getAttributeByAppName module:oplus-getStreamMaxVolume packageName:com.truecaller
01-22 19:09:59.175 D/AudioManagerExtImpl( 7107): getStreamVolume too fast, volume index=5, package=com.truecaller
01-22 19:09:59.182 D/OplusAtlasService( 3300): getAttributeByAppName module:oplus-getStreamMaxVolume packageName:com.truecaller
01-22 19:09:59.184 D/AudioManagerExtImpl( 7107): getStreamVolume normal, volume index=5
01-22 19:09:59.407 I/OplusFeedbackInfo(16548): 0xb400007a364b1e00 c2.mtk.vp9.decoder 1080x1920 inputFps=84 outputFps=226 renderFps=50, discardFps=16
01-22 19:09:59.437 D/CCodecBufferChannel(16548): [c2.mtk.vp9.decoder#768] flushed work; ignored.
01-22 19:09:59.437 D/CCodecBufferChannel(16548): [c2.mtk.vp9.decoder#768] Discard frames from previous generation.
01-22 19:09:59.437 D/PipelineWatcher(16548): onWorkDone: frameIndex not found (18446744073709551615); ignored
01-22 19:09:59.437 D/CCodecBufferChannel(16548): [c2.mtk.vp9.decoder#768] flushed work not feedInput.
01-22 19:09:59.471 D/CCodecBufferChannel(16548): [c2.mtk.vp9.decoder#768] flushed work; ignored.
01-22 19:09:59.471 D/CCodecBufferChannel(16548): [c2.mtk.vp9.decoder#768] Discard frames from previous generation.
01-22 19:09:59.471 D/PipelineWatcher(16548): onWorkDone: frameIndex not found (18446744073709551615); ignored
01-22 19:09:59.471 D/CCodecBufferChannel(16548): [c2.mtk.vp9.decoder#768] flushed work not feedInput.
01-22 19:09:59.479 D/AALLightSensor( 1193): oldLux=0 [SA:0 LA:0] newLux=0 (oriLux: 0)
01-22 19:09:59.483 D/CCodecBufferChannel(16548): [c2.mtk.vp9.decoder#768] flushed work; ignored.
01-22 19:09:59.483 D/CCodecBufferChannel(16548): [c2.mtk.vp9.decoder#768] Discard frames from previous generation.
01-22 19:09:59.483 D/PipelineWatcher(16548): onWorkDone: frameIndex not found (18446744073709551615); ignored
01-22 19:09:59.483 D/CCodecBufferChannel(16548): [c2.mtk.vp9.decoder#768] flushed work not feedInput.
01-22 19:09:59.494 D/CCodecBufferChannel(16548): [c2.mtk.vp9.decoder#768] flushed work; ignored.
01-22 19:09:59.494 D/CCodecBufferChannel(16548): [c2.mtk.vp9.decoder#768] Discard frames from previous generation.
01-22 19:09:59.494 D/PipelineWatcher(16548): onWorkDone: frameIndex not found (18446744073709551615); ignored
01-22 19:09:59.494 D/CCodecBufferChannel(16548): [c2.mtk.vp9.decoder#768] flushed work not feedInput.
01-22 19:09:59.505 D/CCodecBufferChannel(16548): [c2.mtk.vp9.decoder#768] flushed work; ignored.
01-22 19:09:59.505 D/CCodecBufferChannel(16548): [c2.mtk.vp9.decoder#768] Discard frames from previous generation.
01-22 19:09:59.505 D/PipelineWatcher(16548): onWorkDone: frameIndex not found (18446744073709551615); ignored
01-22 19:09:59.505 D/CCodecBufferChannel(16548): [c2.mtk.vp9.decoder#768] flushed work not feedInput.
01-22 19:09:59.532 D/CCodecBufferChannel(16548): [c2.mtk.vp9.decoder#768] flushed work; ignored.
01-22 19:09:59.532 D/CCodecBufferChannel(16548): [c2.mtk.vp9.decoder#768] Discard frames from previous generation.
01-22 19:09:59.532 D/PipelineWatcher(16548): onWorkDone: frameIndex not found (18446744073709551615); ignored
01-22 19:09:59.532 D/CCodecBufferChannel(16548): [c2.mtk.vp9.decoder#768] flushed work not feedInput.
01-22 19:09:59.541 D/CCodecBufferChannel(16548): [c2.mtk.vp9.decoder#768] flushed work; ignored.
01-22 19:09:59.541 D/CCodecBufferChannel(16548): [c2.mtk.vp9.decoder#768] Discard frames from previous generation.
01-22 19:09:59.541 D/PipelineWatcher(16548): onWorkDone: frameIndex not found (18446744073709551615); ignored
01-22 19:09:59.541 D/CCodecBufferChannel(16548): [c2.mtk.vp9.decoder#768] flushed work not feedInput.
01-22 19:09:59.551 D/CCodecBufferChannel(16548): [c2.mtk.vp9.decoder#768] flushed work; ignored.
01-22 19:09:59.551 D/CCodecBufferChannel(16548): [c2.mtk.vp9.decoder#768] Discard frames from previous generation.
01-22 19:09:59.551 D/PipelineWatcher(16548): onWorkDone: frameIndex not found (18446744073709551615); ignored
01-22 19:09:59.551 D/CCodecBufferChannel(16548): [c2.mtk.vp9.decoder#768] flushed work not feedInput.
01-22 19:09:59.562 D/CCodecBufferChannel(16548): [c2.mtk.vp9.decoder#768] flushed work; ignored.
01-22 19:09:59.562 D/CCodecBufferChannel(16548): [c2.mtk.vp9.decoder#768] Discard frames from previous generation.
01-22 19:09:59.562 D/PipelineWatcher(16548): onWorkDone: frameIndex not found (18446744073709551615); ignored
01-22 19:09:59.562 D/CCodecBufferChannel(16548): [c2.mtk.vp9.decoder#768] flushed work not feedInput.
01-22 19:09:59.573 D/CCodecBufferChannel(16548): [c2.mtk.vp9.decoder#768] flushed work; ignored.
01-22 19:09:59.573 D/CCodecBufferChannel(16548): [c2.mtk.vp9.decoder#768] Discard frames from previous generation.
01-22 19:09:59.573 D/PipelineWatcher(16548): onWorkDone: frameIndex not found (18446744073709551615); ignored
01-22 19:09:59.573 D/CCodecBufferChannel(16548): [c2.mtk.vp9.decoder#768] flushed work not feedInput.
01-22 19:09:59.585 D/OplusAtlas.OplusMessageHandler( 3300): handleMessage: Msg { when=-1ms what=0 target=com.oplus.atlas.OplusMessageHandler$MyHandler }
01-22 19:09:59.585 D/CCodecBufferChannel(16548): [c2.mtk.vp9.decoder#768] flushed work; ignored.
01-22 19:09:59.585 D/CCodecBufferChannel(16548): [c2.mtk.vp9.decoder#768] Discard frames from previous generation.
01-22 19:09:59.585 D/PipelineWatcher(16548): onWorkDone: frameIndex not found (18446744073709551615); ignored
01-22 19:09:59.585 D/CCodecBufferChannel(16548): [c2.mtk.vp9.decoder#768] flushed work not feedInput.
01-22 19:09:59.810 D/OplusTelephonyController( 2568): onSignalStrengthChanged: SignalStrength=SignalStrength:{mCdma=CellSignalStrengthCdma: cdmaDbm=2147483647 cdmaEcio=2147483647 evdoDbm=2147483647 evdoEcio=2147483647 evdoSnr=2147483647 level=0,mGsm=CellSignalStrengthGsm: rssi=2147483647 ber=2147483647 mTa=2147483647 mLevel=0,mWcdma=CellSignalStrengthWcdma: ss=2147483647 ber=2147483647 rscp=2147483647 ecno=2147483647 level=0,mTdscdma=CellSignalStrengthTdscdma: rssi=2147483647 ber=2147483647 rscp=2147483647 level=0,mLte=CellSignalStrengthLte: rssi=2147483647 rsrp=-102 rsrq=-10 rssnr=5 cqiTableIndex=2147483647 cqi=0 ta=0 level=3 parametersUseForLevel=0,mNr=CellSignalStrengthNr:{ csiRsrp = 2147483647 csiRsrq = 2147483647 csiCqiTableIndex = 2147483647 csiCqiReport = [] ssRsrp = 2147483647 ssRsrq = 2147483647 ssSinr = 2147483647 level = 0 parametersUseForLevel = 0 },primary=CellSignalStrengthLte}, phoneId=0, mMtkLevel=0, mMtkRsrpOnly=false, mMtkLteRsrpThreshold=null, mMtkLteRssnrThreshold=null
01-22 19:10:00.004 D/PhoneUsageTime( 4587): affairType:231
01-22 19:10:00.007 D/Utils   ( 4587): getLastChargeTime: 1769089140005
01-22 19:10:00.008 D/Utils   ( 4587): getLastChargeDurationTime: 677325
01-22 19:10:00.010 D/PhoneScreenOnTime( 4587): affairType:231
01-22 19:10:00.010 D/PackageManager( 1748): multi app -> resolveContentProvider change name=settings to user 0 providerInfo=ContentProviderInfo{name=settings className=com.android.providers.settings.SettingsProvider}
01-22 19:10:00.010 D/PackageManager( 1748): multi app -> resolveContentProvider change name=settings to user 0 providerInfo=ContentProviderInfo{name=settings className=com.android.providers.settings.SettingsProvider}
01-22 19:10:00.011 D/Utils   ( 4587): getLastScrChangeTime: 1769089140013
01-22 19:10:00.011 D/Utils   ( 4587): getScrOnSeconds: 685673
01-22 19:10:00.011 D/Utils   ( 4587): setLastScrChangeTime: 1769089200010
01-22 19:10:00.012 D/SingleClockView( 2225): updateTime,  24hfmt=false, h=7, m=10
01-22 19:10:00.012 D/Utils   ( 4587): setScrOnSeconds: 745670
01-22 19:10:00.014 D/PackageManager( 1748): multi app -> resolveContentProvider change name=settings to user 0 providerInfo=ContentProviderInfo{name=settings className=com.android.providers.settings.SettingsProvider}
01-22 19:10:00.015 D/PackageManager( 1748): multi app -> resolveContentProvider change name=settings to user 0 providerInfo=ContentProviderInfo{name=settings className=com.android.providers.settings.SettingsProvider}
01-22 19:10:00.017 D/PackageManager( 1748): multi app -> resolveContentProvider change name=settings to user 0 providerInfo=ContentProviderInfo{name=settings className=com.android.providers.settings.SettingsProvider}
01-22 19:10:00.017 D/PackageManager( 1748): multi app -> resolveContentProvider change name=settings to user 0 providerInfo=ContentProviderInfo{name=settings className=com.android.providers.settings.SettingsProvider}
01-22 19:10:00.019 E/OplusCustomizeRestrictionManagerService( 1748): isBiometricDisabled start
01-22 19:10:00.020 D/PackageManager( 1748): multi app -> resolveContentProvider change name=settings to user 0 providerInfo=ContentProviderInfo{name=settings className=com.android.providers.settings.SettingsProvider}
01-22 19:10:00.020 E/OplusCustomizeRestrictionManagerService( 1748): isBiometricDisabled start
01-22 19:10:00.021 D/PackageManager( 1748): multi app -> resolveContentProvider change name=settings to user 0 providerInfo=ContentProviderInfo{name=settings className=com.android.providers.settings.SettingsProvider}
01-22 19:10:00.293 D/CCodecBufferChannel(16548): [c2.mtk.vp9.decoder#768] DEBUG: elapsed: mInputMetEos 29, hasPendingOutputsInClient 0, n=1 [in=4 pipeline=0 out=25]
01-22 19:10:00.293 D/PipelineWatcher(16548): [0xb400007967c40a80] elapsed: mFramesInPipeline 8, n 29
01-22 19:10:00.408 I/OplusFeedbackInfo(16548): 0xb400007a364b1e00 c2.mtk.vp9.decoder 1080x1920 inputFps=61 outputFps=71 renderFps=60, discardFps=0
01-22 19:10:00.588 D/OplusAtlas.OplusMessageHandler( 3300): handleMessage: Msg { when=-2ms what=0 target=com.oplus.atlas.OplusMessageHandler$MyHandler }
01-22 19:10:00.628 D/CCodecBufferChannel(16548): [c2.mtk.vp9.decoder#768] flushed work; ignored.
01-22 19:10:00.629 D/CCodecBufferChannel(16548): [c2.mtk.vp9.decoder#768] Discard frames from previous generation.
01-22 19:10:00.629 D/PipelineWatcher(16548): onWorkDone: frameIndex not found (18446744073709551615); ignored
01-22 19:10:00.629 D/CCodecBufferChannel(16548): [c2.mtk.vp9.decoder#768] flushed work not feedInput.
01-22 19:10:00.672 D/CCodecBufferChannel(16548): [c2.mtk.vp9.decoder#768] flushed work; ignored.
01-22 19:10:00.672 D/CCodecBufferChannel(16548): [c2.mtk.vp9.decoder#768] Discard frames from previous generation.
01-22 19:10:00.672 D/PipelineWatcher(16548): onWorkDone: frameIndex not found (18446744073709551615); ignored
01-22 19:10:00.672 D/CCodecBufferChannel(16548): [c2.mtk.vp9.decoder#768] flushed work not feedInput.
01-22 19:10:00.683 D/CCodecBufferChannel(16548): [c2.mtk.vp9.decoder#768] flushed work; ignored.
01-22 19:10:00.683 D/CCodecBufferChannel(16548): [c2.mtk.vp9.decoder#768] Discard frames from previous generation.
01-22 19:10:00.683 D/PipelineWatcher(16548): onWorkDone: frameIndex not found (18446744073709551615); ignored
01-22 19:10:00.683 D/CCodecBufferChannel(16548): [c2.mtk.vp9.decoder#768] flushed work not feedInput.
01-22 19:10:00.696 D/CCodecBufferChannel(16548): [c2.mtk.vp9.decoder#768] flushed work; ignored.
01-22 19:10:00.696 D/CCodecBufferChannel(16548): [c2.mtk.vp9.decoder#768] Discard frames from previous generation.
01-22 19:10:00.696 D/PipelineWatcher(16548): onWorkDone: frameIndex not found (18446744073709551615); ignored
01-22 19:10:00.696 D/CCodecBufferChannel(16548): [c2.mtk.vp9.decoder#768] flushed work not feedInput.
01-22 19:10:00.707 D/CCodecBufferChannel(16548): [c2.mtk.vp9.decoder#768] flushed work; ignored.
01-22 19:10:00.707 D/CCodecBufferChannel(16548): [c2.mtk.vp9.decoder#768] Discard frames from previous generation.
01-22 19:10:00.707 D/PipelineWatcher(16548): onWorkDone: frameIndex not found (18446744073709551615); ignored
01-22 19:10:00.707 D/CCodecBufferChannel(16548): [c2.mtk.vp9.decoder#768] flushed work not feedInput.
01-22 19:10:00.719 D/CCodecBufferChannel(16548): [c2.mtk.vp9.decoder#768] flushed work; ignored.
01-22 19:10:00.719 D/CCodecBufferChannel(16548): [c2.mtk.vp9.decoder#768] Discard frames from previous generation.
01-22 19:10:00.719 D/PipelineWatcher(16548): onWorkDone: frameIndex not found (18446744073709551615); ignored
01-22 19:10:00.719 D/CCodecBufferChannel(16548): [c2.mtk.vp9.decoder#768] flushed work not feedInput.
01-22 19:10:00.730 D/CCodecBufferChannel(16548): [c2.mtk.vp9.decoder#768] flushed work; ignored.
01-22 19:10:00.730 D/CCodecBufferChannel(16548): [c2.mtk.vp9.decoder#768] Discard frames from previous generation.
01-22 19:10:00.730 D/PipelineWatcher(16548): onWorkDone: frameIndex not found (18446744073709551615); ignored
01-22 19:10:00.730 D/CCodecBufferChannel(16548): [c2.mtk.vp9.decoder#768] flushed work not feedInput.
01-22 19:10:00.741 D/CCodecBufferChannel(16548): [c2.mtk.vp9.decoder#768] flushed work; ignored.
01-22 19:10:00.741 D/CCodecBufferChannel(16548): [c2.mtk.vp9.decoder#768] Discard frames from previous generation.
01-22 19:10:00.741 D/PipelineWatcher(16548): onWorkDone: frameIndex not found (18446744073709551615); ignored
01-22 19:10:00.741 D/CCodecBufferChannel(16548): [c2.mtk.vp9.decoder#768] flushed work not feedInput.
01-22 19:10:00.764 D/CCodecBufferChannel(16548): [c2.mtk.vp9.decoder#768] flushed work; ignored.
01-22 19:10:00.764 D/CCodecBufferChannel(16548): [c2.mtk.vp9.decoder#768] Discard frames from previous generation.
01-22 19:10:00.764 D/PipelineWatcher(16548): onWorkDone: frameIndex not found (18446744073709551615); ignored
01-22 19:10:00.764 D/CCodecBufferChannel(16548): [c2.mtk.vp9.decoder#768] flushed work not feedInput.
01-22 19:10:00.776 D/CCodecBufferChannel(16548): [c2.mtk.vp9.decoder#768] flushed work; ignored.
01-22 19:10:00.776 D/CCodecBufferChannel(16548): [c2.mtk.vp9.decoder#768] Discard frames from previous generation.
01-22 19:10:00.776 D/PipelineWatcher(16548): onWorkDone: frameIndex not found (18446744073709551615); ignored
01-22 19:10:00.776 D/CCodecBufferChannel(16548): [c2.mtk.vp9.decoder#768] flushed work not feedInput.
01-22 19:10:00.800 D/CCodecBufferChannel(16548): [c2.mtk.vp9.decoder#768] flushed work; ignored.
01-22 19:10:00.800 D/CCodecBufferChannel(16548): [c2.mtk.vp9.decoder#768] Discard frames from previous generation.
01-22 19:10:00.800 D/PipelineWatcher(16548): onWorkDone: frameIndex not found (18446744073709551615); ignored
01-22 19:10:00.800 D/CCodecBufferChannel(16548): [c2.mtk.vp9.decoder#768] flushed work not feedInput.
01-22 19:10:00.811 D/CCodecBufferChannel(16548): [c2.mtk.vp9.decoder#768] flushed work; ignored.
01-22 19:10:00.811 D/CCodecBufferChannel(16548): [c2.mtk.vp9.decoder#768] Discard frames from previous generation.
01-22 19:10:00.811 D/PipelineWatcher(16548): onWorkDone: frameIndex not found (18446744073709551615); ignored
01-22 19:10:00.811 D/CCodecBufferChannel(16548): [c2.mtk.vp9.decoder#768] flushed work not feedInput.
01-22 19:10:00.822 D/CCodecBufferChannel(16548): [c2.mtk.vp9.decoder#768] flushed work; ignored.
01-22 19:10:00.822 D/CCodecBufferChannel(16548): [c2.mtk.vp9.decoder#768] Discard frames from previous generation.
01-22 19:10:00.823 D/PipelineWatcher(16548): onWorkDone: frameIndex not found (18446744073709551615); ignored
01-22 19:10:00.823 D/CCodecBufferChannel(16548): [c2.mtk.vp9.decoder#768] flushed work not feedInput.
01-22 19:10:00.845 D/CCodecBufferChannel(16548): [c2.mtk.vp9.decoder#768] flushed work; ignored.
01-22 19:10:00.845 D/CCodecBufferChannel(16548): [c2.mtk.vp9.decoder#768] Discard frames from previous generation.
01-22 19:10:00.845 D/PipelineWatcher(16548): onWorkDone: frameIndex not found (18446744073709551615); ignored
01-22 19:10:00.845 D/CCodecBufferChannel(16548): [c2.mtk.vp9.decoder#768] flushed work not feedInput.
01-22 19:10:00.857 D/CCodecBufferChannel(16548): [c2.mtk.vp9.decoder#768] flushed work; ignored.
01-22 19:10:00.857 D/CCodecBufferChannel(16548): [c2.mtk.vp9.decoder#768] Discard frames from previous generation.
01-22 19:10:00.857 D/PipelineWatcher(16548): onWorkDone: frameIndex not found (18446744073709551615); ignored
01-22 19:10:00.857 D/CCodecBufferChannel(16548): [c2.mtk.vp9.decoder#768] flushed work not feedInput.
01-22 19:10:00.879 D/CCodecBufferChannel(16548): [c2.mtk.vp9.decoder#768] flushed work; ignored.
01-22 19:10:00.879 D/CCodecBufferChannel(16548): [c2.mtk.vp9.decoder#768] Discard frames from previous generation.
01-22 19:10:00.879 D/PipelineWatcher(16548): onWorkDone: frameIndex not found (18446744073709551615); ignored
01-22 19:10:00.879 D/CCodecBufferChannel(16548): [c2.mtk.vp9.decoder#768] flushed work not feedInput.
01-22 19:10:00.890 D/CCodecBufferChannel(16548): [c2.mtk.vp9.decoder#768] flushed work; ignored.
01-22 19:10:00.890 D/CCodecBufferChannel(16548): [c2.mtk.vp9.decoder#768] Discard frames from previous generation.
01-22 19:10:00.890 D/PipelineWatcher(16548): onWorkDone: frameIndex not found (18446744073709551615); ignored
01-22 19:10:00.890 D/CCodecBufferChannel(16548): [c2.mtk.vp9.decoder#768] flushed work not feedInput.
01-22 19:10:00.913 D/CCodecBufferChannel(16548): [c2.mtk.vp9.decoder#768] flushed work; ignored.
01-22 19:10:00.913 D/CCodecBufferChannel(16548): [c2.mtk.vp9.decoder#768] Discard frames from previous generation.
01-22 19:10:00.913 D/PipelineWatcher(16548): onWorkDone: frameIndex not found (18446744073709551615); ignored
01-22 19:10:00.913 D/CCodecBufferChannel(16548): [c2.mtk.vp9.decoder#768] flushed work not feedInput.
01-22 19:10:00.923 D/CCodecBufferChannel(16548): [c2.mtk.vp9.decoder#768] flushed work; ignored.
01-22 19:10:00.923 D/CCodecBufferChannel(16548): [c2.mtk.vp9.decoder#768] Discard frames from previous generation.
01-22 19:10:00.923 D/PipelineWatcher(16548): onWorkDone: frameIndex not found (18446744073709551615); ignored
01-22 19:10:00.923 D/CCodecBufferChannel(16548): [c2.mtk.vp9.decoder#768] flushed work not feedInput.
01-22 19:10:00.946 D/CCodecBufferChannel(16548): [c2.mtk.vp9.decoder#768] flushed work; ignored.
01-22 19:10:00.946 D/CCodecBufferChannel(16548): [c2.mtk.vp9.decoder#768] Discard frames from previous generation.
01-22 19:10:00.946 D/PipelineWatcher(16548): onWorkDone: frameIndex not found (18446744073709551615); ignored
01-22 19:10:00.946 D/CCodecBufferChannel(16548): [c2.mtk.vp9.decoder#768] flushed work not feedInput.
01-22 19:10:00.968 D/CCodecBufferChannel(16548): [c2.mtk.vp9.decoder#768] flushed work; ignored.
01-22 19:10:00.968 D/CCodecBufferChannel(16548): [c2.mtk.vp9.decoder#768] Discard frames from previous generation.
01-22 19:10:00.968 D/PipelineWatcher(16548): onWorkDone: frameIndex not found (18446744073709551615); ignored
01-22 19:10:00.968 D/CCodecBufferChannel(16548): [c2.mtk.vp9.decoder#768] flushed work not feedInput.
01-22 19:10:00.986 E/YT.mlplayer(16548): MedialibPlayerEvents[15].onFormatStreamChange(currentVideoFormat=303  currentAudioFormat=251CggKA2RyYxIBMQ bestVideoFormat=0 trigger=null estimate=-1 source=0)
01-22 19:10:01.007 D/OplusAtlasService( 3300): getAttributeByAppName module:oplus-getStreamMaxVolume packageName:com.truecaller
01-22 19:10:01.008 D/AudioManagerExtImpl( 7107): getStreamVolume normal, volume index=5
01-22 19:10:01.168 D/OplusAtlasService( 3300): getAttributeByAppName module:oplus-getStreamMaxVolume packageName:com.truecaller
01-22 19:10:01.171 D/AudioManagerExtImpl( 7107): getStreamVolume normal, volume index=5
01-22 19:10:01.217 D/OplusAtlasService( 3300): getAttributeByAppName module:oplus-getStreamMaxVolume packageName:com.truecaller
01-22 19:10:01.219 D/AudioManagerExtImpl( 7107): getStreamVolume normal, volume index=5
01-22 19:10:01.220 D/OplusAtlasService( 3300): getAttributeByAppName module:oplus-getStreamMaxVolume packageName:com.truecaller
01-22 19:10:01.221 D/AudioManagerExtImpl( 7107): getStreamVolume too fast, volume index=5, package=com.truecaller
01-22 19:10:01.228 D/OplusAtlasService( 3300): getAttributeByAppName module:oplus-getStreamMaxVolume packageName:com.truecaller
01-22 19:10:01.229 D/AudioManagerExtImpl( 7107): getStreamVolume too fast, volume index=5, package=com.truecaller
01-22 19:10:01.237 D/OplusAtlasService( 3300): getAttributeByAppName module:oplus-getStreamMaxVolume packageName:com.truecaller
01-22 19:10:01.240 D/AudioManagerExtImpl( 7107): getStreamVolume normal, volume index=5
01-22 19:10:01.273 D/vendor.oplus.hardware.charger@1.0-service(  897): getChargerControl:
01-22 19:10:01.361 W/HidlServiceHelper(11138): Failed to read virtual TLC buffer usage returns is NULLnull
01-22 19:10:01.408 I/OplusFeedbackInfo(16548): 0xb400007a364b1e00 c2.mtk.vp9.decoder 1080x1920 inputFps=59 outputFps=80 renderFps=60, discardFps=0
01-22 19:10:01.468 D/BoundBrokerSvc(24720): onUnbind: Intent { act=com.google.android.gms.facs.internal.service.START dat=chimera-action:/... cmp=com.google.android.gms/.chimera.GmsInternalApiService }
01-22 19:10:01.547 D/CCodecBufferChannel(16548): [c2.mtk.vp9.decoder#768] flushed work; ignored.
01-22 19:10:01.547 D/CCodecBufferChannel(16548): [c2.mtk.vp9.decoder#768] Discard frames from previous generation.
01-22 19:10:01.547 D/PipelineWatcher(16548): onWorkDone: frameIndex not found (18446744073709551615); ignored
01-22 19:10:01.547 D/CCodecBufferChannel(16548): [c2.mtk.vp9.decoder#768] flushed work not feedInput.
01-22 19:10:01.560 D/CCodecBufferChannel(16548): [c2.mtk.vp9.decoder#768] flushed work; ignored.
01-22 19:10:01.560 D/CCodecBufferChannel(16548): [c2.mtk.vp9.decoder#768] Discard frames from previous generation.
01-22 19:10:01.560 D/PipelineWatcher(16548): onWorkDone: frameIndex not found (18446744073709551615); ignored
01-22 19:10:01.560 D/CCodecBufferChannel(16548): [c2.mtk.vp9.decoder#768] flushed work not feedInput.
01-22 19:10:01.571 D/CCodecBufferChannel(16548): [c2.mtk.vp9.decoder#768] flushed work; ignored.
01-22 19:10:01.571 D/CCodecBufferChannel(16548): [c2.mtk.vp9.decoder#768] Discard frames from previous generation.
01-22 19:10:01.571 D/PipelineWatcher(16548): onWorkDone: frameIndex not found (18446744073709551615); ignored
01-22 19:10:01.571 D/CCodecBufferChannel(16548): [c2.mtk.vp9.decoder#768] flushed work not feedInput.
01-22 19:10:01.583 D/CCodecBufferChannel(16548): [c2.mtk.vp9.decoder#768] flushed work; ignored.
01-22 19:10:01.583 D/CCodecBufferChannel(16548): [c2.mtk.vp9.decoder#768] Discard frames from previous generation.
01-22 19:10:01.583 D/PipelineWatcher(16548): onWorkDone: frameIndex not found (18446744073709551615); ignored
01-22 19:10:01.583 D/CCodecBufferChannel(16548): [c2.mtk.vp9.decoder#768] flushed work not feedInput.
01-22 19:10:01.590 D/OplusAtlas.OplusMessageHandler( 3300): handleMessage: Msg { when=-1ms what=0 target=com.oplus.atlas.OplusMessageHandler$MyHandler }
01-22 19:10:01.605 D/CCodecBufferChannel(16548): [c2.mtk.vp9.decoder#768] flushed work; ignored.
01-22 19:10:01.605 D/CCodecBufferChannel(16548): [c2.mtk.vp9.decoder#768] Discard frames from previous generation.
01-22 19:10:01.605 D/PipelineWatcher(16548): onWorkDone: frameIndex not found (18446744073709551615); ignored
01-22 19:10:01.606 D/CCodecBufferChannel(16548): [c2.mtk.vp9.decoder#768] flushed work not feedInput.
01-22 19:10:01.616 D/CCodecBufferChannel(16548): [c2.mtk.vp9.decoder#768] flushed work; ignored.
01-22 19:10:01.616 D/CCodecBufferChannel(16548): [c2.mtk.vp9.decoder#768] Discard frames from previous generation.
01-22 19:10:01.616 D/PipelineWatcher(16548): onWorkDone: frameIndex not found (18446744073709551615); ignored
01-22 19:10:01.616 D/CCodecBufferChannel(16548): [c2.mtk.vp9.decoder#768] flushed work not feedInput.
01-22 19:10:01.628 D/CCodecBufferChannel(16548): [c2.mtk.vp9.decoder#768] flushed work; ignored.
01-22 19:10:01.628 D/CCodecBufferChannel(16548): [c2.mtk.vp9.decoder#768] Discard frames from previous generation.
01-22 19:10:01.628 D/PipelineWatcher(16548): onWorkDone: frameIndex not found (18446744073709551615); ignored
01-22 19:10:01.628 D/CCodecBufferChannel(16548): [c2.mtk.vp9.decoder#768] flushed work not feedInput.
01-22 19:10:01.639 D/CCodecBufferChannel(16548): [c2.mtk.vp9.decoder#768] flushed work; ignored.
01-22 19:10:01.639 D/CCodecBufferChannel(16548): [c2.mtk.vp9.decoder#768] Discard frames from previous generation.
01-22 19:10:01.639 D/PipelineWatcher(16548): onWorkDone: frameIndex not found (18446744073709551615); ignored
01-22 19:10:01.639 D/CCodecBufferChannel(16548): [c2.mtk.vp9.decoder#768] flushed work not feedInput.
01-22 19:10:01.650 D/CCodecBufferChannel(16548): [c2.mtk.vp9.decoder#768] flushed work; ignored.
01-22 19:10:01.650 D/CCodecBufferChannel(16548): [c2.mtk.vp9.decoder#768] Discard frames from previous generation.
01-22 19:10:01.650 D/PipelineWatcher(16548): onWorkDone: frameIndex not found (18446744073709551615); ignored
01-22 19:10:01.650 D/CCodecBufferChannel(16548): [c2.mtk.vp9.decoder#768] flushed work not feedInput.
01-22 19:10:01.673 D/CCodecBufferChannel(16548): [c2.mtk.vp9.decoder#768] flushed work; ignored.
01-22 19:10:01.673 D/CCodecBufferChannel(16548): [c2.mtk.vp9.decoder#768] Discard frames from previous generation.
01-22 19:10:01.673 D/PipelineWatcher(16548): onWorkDone: frameIndex not found (18446744073709551615); ignored
01-22 19:10:01.674 D/CCodecBufferChannel(16548): [c2.mtk.vp9.decoder#768] flushed work not feedInput.
01-22 19:10:01.685 D/CCodecBufferChannel(16548): [c2.mtk.vp9.decoder#768] flushed work; ignored.
01-22 19:10:01.685 D/CCodecBufferChannel(16548): [c2.mtk.vp9.decoder#768] Discard frames from previous generation.
01-22 19:10:01.685 D/PipelineWatcher(16548): onWorkDone: frameIndex not found (18446744073709551615); ignored
01-22 19:10:01.685 D/CCodecBufferChannel(16548): [c2.mtk.vp9.decoder#768] flushed work not feedInput.
01-22 19:10:01.708 D/CCodecBufferChannel(16548): [c2.mtk.vp9.decoder#768] flushed work; ignored.
01-22 19:10:01.708 D/CCodecBufferChannel(16548): [c2.mtk.vp9.decoder#768] Discard frames from previous generation.
01-22 19:10:01.708 D/PipelineWatcher(16548): onWorkDone: frameIndex not found (18446744073709551615); ignored
01-22 19:10:01.708 D/CCodecBufferChannel(16548): [c2.mtk.vp9.decoder#768] flushed work not feedInput.
01-22 19:10:01.719 D/CCodecBufferChannel(16548): [c2.mtk.vp9.decoder#768] flushed work; ignored.
01-22 19:10:01.719 D/CCodecBufferChannel(16548): [c2.mtk.vp9.decoder#768] Discard frames from previous generation.
01-22 19:10:01.719 D/PipelineWatcher(16548): onWorkDone: frameIndex not found (18446744073709551615); ignored
01-22 19:10:01.719 D/CCodecBufferChannel(16548): [c2.mtk.vp9.decoder#768] flushed work not feedInput.
01-22 19:10:01.741 D/CCodecBufferChannel(16548): [c2.mtk.vp9.decoder#768] flushed work; ignored.
01-22 19:10:01.741 D/CCodecBufferChannel(16548): [c2.mtk.vp9.decoder#768] Discard frames from previous generation.
01-22 19:10:01.741 D/PipelineWatcher(16548): onWorkDone: frameIndex not found (18446744073709551615); ignored
01-22 19:10:01.741 D/CCodecBufferChannel(16548): [c2.mtk.vp9.decoder#768] flushed work not feedInput.
01-22 19:10:01.752 D/CCodecBufferChannel(16548): [c2.mtk.vp9.decoder#768] flushed work; ignored.
01-22 19:10:01.752 D/CCodecBufferChannel(16548): [c2.mtk.vp9.decoder#768] Discard frames from previous generation.
01-22 19:10:01.752 D/PipelineWatcher(16548): onWorkDone: frameIndex not found (18446744073709551615); ignored
01-22 19:10:01.752 D/CCodecBufferChannel(16548): [c2.mtk.vp9.decoder#768] flushed work not feedInput.
01-22 19:10:01.775 D/CCodecBufferChannel(16548): [c2.mtk.vp9.decoder#768] flushed work; ignored.
01-22 19:10:01.775 D/CCodecBufferChannel(16548): [c2.mtk.vp9.decoder#768] Discard frames from previous generation.
01-22 19:10:01.775 D/PipelineWatcher(16548): onWorkDone: frameIndex not found (18446744073709551615); ignored
01-22 19:10:01.775 D/CCodecBufferChannel(16548): [c2.mtk.vp9.decoder#768] flushed work not feedInput.
01-22 19:10:01.786 D/CCodecBufferChannel(16548): [c2.mtk.vp9.decoder#768] flushed work; ignored.
01-22 19:10:01.786 D/CCodecBufferChannel(16548): [c2.mtk.vp9.decoder#768] Discard frames from previous generation.
01-22 19:10:01.786 D/PipelineWatcher(16548): onWorkDone: frameIndex not found (18446744073709551615); ignored
01-22 19:10:01.787 D/CCodecBufferChannel(16548): [c2.mtk.vp9.decoder#768] flushed work not feedInput.
01-22 19:10:01.810 D/CCodecBufferChannel(16548): [c2.mtk.vp9.decoder#768] flushed work; ignored.
01-22 19:10:01.810 D/CCodecBufferChannel(16548): [c2.mtk.vp9.decoder#768] Discard frames from previous generation.
01-22 19:10:01.810 D/PipelineWatcher(16548): onWorkDone: frameIndex not found (18446744073709551615); ignored
01-22 19:10:01.810 D/CCodecBufferChannel(16548): [c2.mtk.vp9.decoder#768] flushed work not feedInput.
01-22 19:10:01.821 D/CCodecBufferChannel(16548): [c2.mtk.vp9.decoder#768] flushed work; ignored.
01-22 19:10:01.821 D/CCodecBufferChannel(16548): [c2.mtk.vp9.decoder#768] Discard frames from previous generation.
01-22 19:10:01.821 D/PipelineWatcher(16548): onWorkDone: frameIndex not found (18446744073709551615); ignored
01-22 19:10:01.821 D/CCodecBufferChannel(16548): [c2.mtk.vp9.decoder#768] flushed work not feedInput.
01-22 19:10:01.834 D/CCodecBufferChannel(16548): [c2.mtk.vp9.decoder#768] flushed work; ignored.
01-22 19:10:01.834 D/CCodecBufferChannel(16548): [c2.mtk.vp9.decoder#768] Discard frames from previous generation.
01-22 19:10:01.834 D/PipelineWatcher(16548): onWorkDone: frameIndex not found (18446744073709551615); ignored
01-22 19:10:01.834 D/CCodecBufferChannel(16548): [c2.mtk.vp9.decoder#768] flushed work not feedInput.
01-22 19:10:01.858 D/CCodecBufferChannel(16548): [c2.mtk.vp9.decoder#768] flushed work; ignored.
01-22 19:10:01.858 D/CCodecBufferChannel(16548): [c2.mtk.vp9.decoder#768] Discard frames from previous generation.
01-22 19:10:01.858 D/PipelineWatcher(16548): onWorkDone: frameIndex not found (18446744073709551615); ignored
01-22 19:10:01.858 D/CCodecBufferChannel(16548): [c2.mtk.vp9.decoder#768] flushed work not feedInput.
01-22 19:10:01.869 D/CCodecBufferChannel(16548): [c2.mtk.vp9.decoder#768] flushed work; ignored.
01-22 19:10:01.869 D/CCodecBufferChannel(16548): [c2.mtk.vp9.decoder#768] Discard frames from previous generation.
01-22 19:10:01.869 D/PipelineWatcher(16548): onWorkDone: frameIndex not found (18446744073709551615); ignored
01-22 19:10:01.870 D/CCodecBufferChannel(16548): [c2.mtk.vp9.decoder#768] flushed work not feedInput.
01-22 19:10:01.881 D/CCodecBufferChannel(16548): [c2.mtk.vp9.decoder#768] flushed work; ignored.
01-22 19:10:01.881 D/CCodecBufferChannel(16548): [c2.mtk.vp9.decoder#768] Discard frames from previous generation.
01-22 19:10:01.881 D/PipelineWatcher(16548): onWorkDone: frameIndex not found (18446744073709551615); ignored
01-22 19:10:01.881 D/CCodecBufferChannel(16548): [c2.mtk.vp9.decoder#768] flushed work not feedInput.
01-22 19:10:01.904 D/CCodecBufferChannel(16548): [c2.mtk.vp9.decoder#768] flushed work; ignored.
01-22 19:10:01.904 D/CCodecBufferChannel(16548): [c2.mtk.vp9.decoder#768] Discard frames from previous generation.
01-22 19:10:01.904 D/PipelineWatcher(16548): onWorkDone: frameIndex not found (18446744073709551615); ignored
01-22 19:10:01.904 D/CCodecBufferChannel(16548): [c2.mtk.vp9.decoder#768] flushed work not feedInput.
01-22 19:10:01.915 D/CCodecBufferChannel(16548): [c2.mtk.vp9.decoder#768] flushed work; ignored.
