02-03 20:41:38.758 V/StatusBar( 2210): onReceive: Intent { act=android.intent.action.CLOSE_SYSTEM_DIALOGS flg=0x50000010 (has extras) }
02-03 20:41:38.758 V/ShadeControllerImpl( 2210): NotificationShadeWindow: com.android.systemui.statusbar.phone.NotificationShadeWindowView{39b9082 I.E...... ......ID 0,0-1080,2400} canPanelBeCollapsed(): false
02-03 20:41:38.759 I/MainLooperBlockDetector( 5725): com.coloros.common.utils.RxSystemKeyEventMonitor$systemKeyEventReceiver$1.onReceive
02-03 20:41:38.759 I/MainLooperBlockDetector( 5725): checkMainLooperBlocked: detector not initialized
02-03 20:41:38.759 I/AstScreen.RxSystemKeyEventMonitor( 5725): HomeKey Receiver Reason = recentapps
02-03 20:41:38.763 D/OplusAppListInterceptManager( 1741): shouldFilterTask
02-03 20:41:38.763 D/OplusAppListInterceptManager( 1741): shouldFilterTask::packageName = com.android.settings
02-03 20:41:38.763 D/OplusSplitScreenManagerService( 1741): com.android.settings unSupportsSplitScreen by blockList or ForbidActivityList
02-03 20:41:38.763 D/OplusSplitScreenManagerService( 1741): com.android.settings unSupportsSplitScreen by blockList or ForbidActivityList
02-03 20:41:38.763 D/OplusAppListInterceptManager( 1741): shouldFilterTask
02-03 20:41:38.763 D/OplusAppListInterceptManager( 1741): shouldFilterTask::packageName = com.cricbuzz.android
02-03 20:41:38.763 D/OplusAppListInterceptManager( 1741): shouldFilterTask
02-03 20:41:38.763 D/OplusAppListInterceptManager( 1741): shouldFilterTask::packageName = com.twitter.android
02-03 20:41:38.764 D/OplusAppListInterceptManager( 1741): shouldFilterTask
02-03 20:41:38.764 D/OplusAppListInterceptManager( 1741): shouldFilterTask::packageName = com.google.android.gm
02-03 20:41:38.770 D/OplusAppListInterceptManager( 1741): shouldFilterTask
02-03 20:41:38.770 D/OplusAppListInterceptManager( 1741): shouldFilterTask::packageName = com.android.settings
02-03 20:41:38.770 D/OplusSplitScreenManagerService( 1741): com.android.settings unSupportsSplitScreen by blockList or ForbidActivityList
02-03 20:41:38.770 D/OplusSplitScreenManagerService( 1741): com.android.settings unSupportsSplitScreen by blockList or ForbidActivityList
02-03 20:41:38.770 D/OplusAppListInterceptManager( 1741): shouldFilterTask
02-03 20:41:38.770 D/OplusAppListInterceptManager( 1741): shouldFilterTask::packageName = com.cricbuzz.android
02-03 20:41:38.771 D/OplusAppListInterceptManager( 1741): shouldFilterTask
02-03 20:41:38.771 D/OplusAppListInterceptManager( 1741): shouldFilterTask::packageName = com.twitter.android
02-03 20:41:38.771 D/OplusAppListInterceptManager( 1741): shouldFilterTask
02-03 20:41:38.771 D/OplusAppListInterceptManager( 1741): shouldFilterTask::packageName = com.google.android.gm
02-03 20:41:38.775 D/OplusAppListInterceptManager( 1741): shouldFilterTask
02-03 20:41:38.775 D/OplusAppListInterceptManager( 1741): shouldFilterTask::packageName = com.android.settings
02-03 20:41:38.776 D/OplusSplitScreenManagerService( 1741): com.android.settings unSupportsSplitScreen by blockList or ForbidActivityList
02-03 20:41:38.776 D/OplusSplitScreenManagerService( 1741): com.android.settings unSupportsSplitScreen by blockList or ForbidActivityList
02-03 20:41:38.776 D/OplusAppListInterceptManager( 1741): shouldFilterTask
02-03 20:41:38.776 D/OplusAppListInterceptManager( 1741): shouldFilterTask::packageName = com.cricbuzz.android
02-03 20:41:38.776 D/OplusAppListInterceptManager( 1741): shouldFilterTask
02-03 20:41:38.776 D/OplusAppListInterceptManager( 1741): shouldFilterTask::packageName = com.twitter.android
02-03 20:41:38.776 D/OplusAppListInterceptManager( 1741): shouldFilterTask
02-03 20:41:38.776 D/OplusAppListInterceptManager( 1741): shouldFilterTask::packageName = com.google.android.gm
02-03 20:41:38.776 D/OplusAppListInterceptManager( 1741): shouldFilterTask
02-03 20:41:38.776 D/OplusAppListInterceptManager( 1741): shouldFilterTask::packageName = com.whatsapp
02-03 20:41:38.776 D/OplusAppListInterceptManager( 1741): shouldFilterTask
02-03 20:41:38.776 D/OplusAppListInterceptManager( 1741): shouldFilterTask::packageName = com.whatsapp
02-03 20:41:38.776 D/OplusAppListInterceptManager( 1741): shouldFilterTask
02-03 20:41:38.776 D/OplusAppListInterceptManager( 1741): shouldFilterTask::packageName = com.whatsapp.w4b
02-03 20:41:38.776 D/OplusAppListInterceptManager( 1741): shouldFilterTask
02-03 20:41:38.776 D/OplusAppListInterceptManager( 1741): shouldFilterTask::packageName = com.google.android.youtube
02-03 20:41:38.776 D/OplusAppListInterceptManager( 1741): shouldFilterTask
02-03 20:41:38.776 D/OplusAppListInterceptManager( 1741): shouldFilterTask::packageName = com.microsoft.bing
02-03 20:41:38.777 D/OplusAppListInterceptManager( 1741): shouldFilterTask
02-03 20:41:38.777 D/OplusAppListInterceptManager( 1741): shouldFilterTask::packageName = com.snapchat.android
02-03 20:41:38.777 D/OplusSplitScreenManagerService( 1741): com.snapchat.android unSupportsSplitScreen by blockList or ForbidActivityList
02-03 20:41:38.777 D/OplusAppListInterceptManager( 1741): shouldFilterTask
02-03 20:41:38.777 D/OplusAppListInterceptManager( 1741): shouldFilterTask::packageName = com.coloros.assistantscreen
02-03 20:41:38.777 D/OplusAppListInterceptManager( 1741): shouldFilterTask
02-03 20:41:38.777 D/OplusAppListInterceptManager( 1741): shouldFilterTask::packageName = com.truecaller
02-03 20:41:38.777 D/OplusAppListInterceptManager( 1741): shouldFilterTask
02-03 20:41:38.777 D/OplusAppListInterceptManager( 1741): shouldFilterTask::packageName = com.google.android.apps.messaging
02-03 20:41:38.777 I/Athena  ( 1741): SwipeUpClearAction: stop type is 1
02-03 20:41:38.780 D/OplusAppListInterceptManager( 1741): shouldFilterTask
02-03 20:41:38.780 D/OplusAppListInterceptManager( 1741): shouldFilterTask::packageName = com.android.settings
02-03 20:41:38.780 D/OplusSplitScreenManagerService( 1741): com.android.settings unSupportsSplitScreen by blockList or ForbidActivityList
02-03 20:41:38.780 D/OplusSplitScreenManagerService( 1741): com.android.settings unSupportsSplitScreen by blockList or ForbidActivityList
02-03 20:41:38.780 D/OplusAppListInterceptManager( 1741): shouldFilterTask
02-03 20:41:38.780 D/OplusAppListInterceptManager( 1741): shouldFilterTask::packageName = com.cricbuzz.android
02-03 20:41:38.792 W/JavaBinder( 1741): BinderProxy is being destroyed but the application did not call unlinkToDeath to unlink all of its death recipients beforehand.  Releasing leaked death recipient: l4.b$a
02-03 20:41:38.792 I/BpBinder( 1741): onLastStrongRef automatically unlinking death recipients: <uncached descriptor>
02-03 20:41:38.797 D/CameraDelegate( 1741): handleMessage:200
02-03 20:41:38.799 W/System  ( 1741): A resource failed to call HardwareBuffer.close. 
02-03 20:41:38.801 W/System  ( 1741): A resource failed to call release. 
02-03 20:41:38.817 D/AAL     ( 1200): onALIChanged: 77 -> 20
02-03 20:41:38.817 D/AALLightSensor( 1200): Notify lux = 20
02-03 20:41:38.875 I/mtkpower_client( 1741): perf_lock_rel, hdl:95079, tid:2265
02-03 20:41:38.876 I/mtkpower_client( 1741): perf_lock_acq, hdl:95079, dur:0, num:4, tid:2265
02-03 20:41:38.876 I/libPowerHal(  863): [perfLockRel] hdl:95079, idx:0
02-03 20:41:38.876 I/libPowerHal(  863): system_server: cpu_ctrl set cpu freq: -1 -1 -1 -1
02-03 20:41:38.876 I/libPowerHal(  863): [PD] system_server update cmd:1c3c000 param:1
02-03 20:41:38.876 I/libPowerHal(  863): [PD] (more) /proc/mcdi/state set +prefix:enable 1;
02-03 20:41:38.876 I/libPowerHal(  863): [PD] system_server update cmd:2004100 param:2
02-03 20:41:38.877 I/mtkpower_client( 1741): ret_hdl:95080
02-03 20:41:39.114 D/b/223498680( 2561): LRV onStateTransitionComplete setFreezeVisibility=false, finalState=Normal
02-03 20:41:39.114 D/OplusRecentsView( 2561): setVisibility: oplusCleanStorageFrameLayout?.visibility = INVISIBLE
02-03 20:41:39.221 I/mtkpower_client( 1741): perf_lock_rel, hdl:95080, tid:2265
02-03 20:41:39.222 D/NoBackGesture( 2210): Start gesture: MotionEvent { action=ACTION_DOWN, actionButton=0, id[0]=0, x[0]=949.75, y[0]=1140.25, toolType[0]=TOOL_TYPE_FINGER, buttonState=0, classification=NONE, metaState=0, flags=0x0, edgeFlags=0x0, pointerCount=1, historySize=0, eventTime=100456547, downTime=100456547, deviceId=4, source=0x1002, displayId=0, eventId=35018780 }
02-03 20:41:39.222 I/mtkpower_client( 1741): perf_lock_acq, hdl:95080, dur:0, num:10, tid:2265
02-03 20:41:39.222 I/mtkpower@impl(  863): [check_work_req] i:0, msg:1 hdl:95080, wait
02-03 20:41:39.222 D/NoBackGesture( 2210): Not in side gesture area
02-03 20:41:39.222 I/libPowerHal(  863): [perfLockRel] hdl:95080, idx:0
02-03 20:41:39.222 D/PowerManagerService( 1741): userActivityNoUpdateLocked: groupId=0, eventTime=100456547, event=2, flags=0x0, uid=1000
02-03 20:41:39.222 D/OGG_Detector( 1741): D:done mCurrStatus: 0
02-03 20:41:39.223 I/libPowerHal(  863): [PD] system_server update cmd:2004100 param:2
02-03 20:41:39.225 I/mtkpower_client( 1741): ret_hdl:95082
02-03 20:41:39.225 I/iopgp   ( 2637): Iopgp: TRANSACTION_IOPGP_ON_KEY_DOWN sequence_id = 55 pkg_name = com.wholexale.app.staging isProfile = 0
02-03 20:41:39.226 I/libPowerHal(  863): system_server: cpu_ctrl set cpu freq: 2000000 -1 1503000 -1
02-03 20:41:39.226 D/iopgp   ( 2637): cannot find a compiledtrace, need to start tracing on intentstart.
02-03 20:41:39.226 D/iopgp   ( 2637): Iopgp: Decide the action on keydown event done in 1ms.
02-03 20:41:39.292 I/libPowerHal(  863): [perfLockRel] hdl:95081, idx:1
02-03 20:41:39.292 I/libPowerHal(  863): [PD] MTKPOWER_HINT_APP_TOUCH update cmd:3408600 param:0
02-03 20:41:39.313 D/CompatibilityChangeReporter( 1741): Compat change id reported: 161252188; UID 10853; state: DISABLED
02-03 20:41:39.314 I/ActivityTaskManager( 1741): START u0 {act=android.intent.action.MAIN cat=[android.intent.category.LAUNCHER] flg=0x10200000 cmp=com.wholexale.app.staging/com.wholexale.app.MainActivity bnds=[859,1090][1065,1392] mCallingUid=10106} from uid 10106
02-03 20:41:39.314 D/MultiApp.CMAService( 1741): changeIntentIfNeed --- from launcher
02-03 20:41:39.314 I/mtkpower_client( 1741): perf_lock_rel, hdl:95082, tid:2265
02-03 20:41:39.315 I/mtkpower_client( 1741): perf_lock_acq, hdl:95082, dur:0, num:10, tid:2265
02-03 20:41:39.315 I/iopgp   ( 2637): Iopgp: TRANSACTION_IOPGP_ON_INTENT_STARTED sequence_id = 55 pkg_name = com.wholexale.app.staging class_name = com.wholexale.app.MainActivity
02-03 20:41:39.315 I/libPowerHal(  863): [perfLockRel] hdl:95082, idx:0
02-03 20:41:39.315 I/libPowerHal(  863): system_server: cpu_ctrl set cpu freq: -1 -1 -1 -1
02-03 20:41:39.315 I/libPowerHal(  863): [PD] system_server update cmd:1c3c000 param:1
02-03 20:41:39.315 I/libPowerHal(  863): [PD] (more) /proc/mcdi/state set +prefix:enable 1;
02-03 20:41:39.315 I/libPowerHal(  863): [PD] system_server update cmd:2004100 param:2
02-03 20:41:39.316 I/iopgp   ( 2637): Total traces exceed kMaxAppTraces limits, and number is 2
02-03 20:41:39.316 D/CompatibilityChangeReporter( 1741): Compat change id reported: 194480991; UID 10853; state: ENABLED
02-03 20:41:39.316 I/mtkpower_client( 1741): ret_hdl:95083
02-03 20:41:39.317 I/libPowerHal(  863): system_server: cpu_ctrl set cpu freq: 1275000 -1 2200000 -1
02-03 20:41:39.319 D/OplusZoomWindowManagerService( 1741): onConfigurationChanged rotation not changed - prevRotation: 0
02-03 20:41:39.321 I/OplusScreenSecurityMask( 1741): onStackAdded task = Task{9eaea0d #1560 type=standard ?? U=0 visible=false visibleRequested=false mode=fullscreen translucent=true sz=0} record = null displayId = 0
02-03 20:41:39.321 I/OplusScreenSecurityMask( 1741): onStackAdded task = Task{9eaea0d #1560 type=standard A=10853:com.wholexale.app.staging U=0 visible=false visibleRequested=false mode=fullscreen translucent=true sz=0} record = null displayId = 0
02-03 20:41:39.322 D/CompatibilityChangeReporter( 1741): Compat change id reported: 174042980; UID 10853; state: DISABLED
02-03 20:41:39.323 D/CompatibilityChangeReporter( 1741): Compat change id reported: 184838306; UID 10853; state: DISABLED
02-03 20:41:39.323 D/CompatibilityChangeReporter( 1741): Compat change id reported: 185004937; UID 10853; state: DISABLED
02-03 20:41:39.324 D/CompatibilityChangeReporter( 1741): Compat change id reported: 181136395; UID 10853; state: DISABLED
02-03 20:41:39.324 D/CompatibilityChangeReporter( 1741): Compat change id reported: 174042936; UID 10853; state: DISABLED
02-03 20:41:39.325 D/TaskFragmentExtImpl( 1741): add ActivityRecord{8a9a436 u0 com.wholexale.app.staging/com.wholexale.app.MainActivity} t1560} to mActivityRecordSum = Counter{ com.wholexale.app.staging/com.wholexale.app.MainActivity(1) }
02-03 20:41:39.327 I/mtkpower@impl(  863): [setMode] type:5, enabled:1
02-03 20:41:39.328 I/libPowerHal(  863): LAUNCH: cpu_ctrl set cpu freq: 2000000 -1 2200000 -1
02-03 20:41:39.328 D/ActivityTaskManager( 1741): getStartingWindowType: newTask=true, taskSwitch=true, processRunning=false, allowTaskSnapshot=true, activityCreated=false, snapshot=null, record:ActivityRecord{8a9a436 u0 com.wholexale.app.staging/com.wholexale.app.MainActivity} t1560}
02-03 20:41:39.328 D/CompatibilityChangeReporter( 1741): Compat change id reported: 205907456; UID 10853; state: ENABLED
02-03 20:41:39.329 V/OplusZoomWindowManagerService( 1741): windowMode: 0 ,stack: Task{9eaea0d #1560 type=standard A=10853:com.wholexale.app.staging U=0 visible=true visibleRequested=false mode=fullscreen translucent=true sz=1}
02-03 20:41:39.330 D/PhoneStartingWindowTypeAlgorithm( 2210): preferredStartingWindowType newTask=true, taskSwitch=true, processRunning=false, allowTaskSnapshot=true, activityCreated=false, isSolidColorSplashScreen=false, legacySplashScreen=false, activityDrawn=false, topIsHome=false
02-03 20:41:39.330 I/PowerHalWrapper( 1741): <amsBoostResume> last:com.android.launcher, next:com.wholexale.app.staging 
02-03 20:41:39.331 D/OplusUIFirst_FB( 1741): com.wholexale.app.staging activity event: []
02-03 20:41:39.331 D/OplusUIFirst_FB( 1741): List of ThreadOp: size=0 []
02-03 20:41:39.331 D/OplusUIFirst_FB( 1741): handleParaSwitch com.wholexale.app.staging null null 1
02-03 20:41:39.331 D/OplusShellStartingWindowManager( 2210): adjustSuggestedWindowType: skip no-system app and no-exception list app
02-03 20:41:39.331 I/mtkpower_client( 1741): perf_lock_rel, hdl:95083, tid:2265
02-03 20:41:39.332 I/mtkpower_client( 1741): perf_lock_acq, hdl:95083, dur:0, num:10, tid:2265
02-03 20:41:39.332 I/libPowerHal(  863): [perfLockRel] hdl:95083, idx:0
02-03 20:41:39.332 I/libPowerHal(  863): [PD] system_server update cmd:1c3c000 param:1
02-03 20:41:39.332 I/libPowerHal(  863): [PD] (more) /proc/mcdi/state set +prefix:enable 1;
02-03 20:41:39.332 I/SurfaceFlinger(  962): [SF client] NEW(0xb400007975610300) for (2210:com.android.systemui)
02-03 20:41:39.332 I/libPowerHal(  863): [PD] system_server update cmd:2004100 param:2
02-03 20:41:39.332 D/ShellStartingWindow( 2210): getWindowAttrs window attributes color: 0, replace icon: false
02-03 20:41:39.332 I/mtkpower_client( 1741): ret_hdl:95086
02-03 20:41:39.336 D/CompatibilityChangeReporter( 1741): Compat change id reported: 194833441; UID 10853; state: ENABLED
02-03 20:41:39.336 W/OplusSlideAnimOptHelper( 2210): initScrollOpt: not running in mainthread
02-03 20:41:39.336 D/OplusAlwaysAliveManager( 1741): process not running, cold launch: ActivityRecord{8a9a436 u0 com.wholexale.app.staging/com.wholexale.app.MainActivity} t1560}, processName: com.wholexale.app.staging
02-03 20:41:39.336 D/OplusUIFirst_FB( 1741): com.wholexale.app.staging activity event: []
02-03 20:41:39.336 D/OplusUIFirst_FB( 1741): List of ThreadOp: size=0 []
02-03 20:41:39.336 D/WindowManager( 2210): Add to mViews: android.widget.FrameLayout{f89e5f V.E...... ......I. 0,0-0,0},pkg= com.wholexale.app.staging
02-03 20:41:39.338 I/PowerHalWrapper( 1741): amsBoostProcessCreate package:com.wholexale.app.staging 
02-03 20:41:39.339 D/ShellStartingWindow( 2210): inconsize = 408
02-03 20:41:39.340 D/CompatibilityChangeReporter( 1741): Compat change id reported: 168419799; UID 10853; state: DISABLED
02-03 20:41:39.340 D/OplusFullScreenDisplayManager( 1741): adjustWindowParamsLw com.wholexale.app.staging, no change cutoutMode: 0
02-03 20:41:39.340 I/libPowerHal(  863): [perfLockRel] hdl:95042, idx:-1
02-03 20:41:39.340 D/CompatibilityChangeReporter( 1741): Compat change id reported: 135634846; UID 10853; state: DISABLED
02-03 20:41:39.340 D/CompatibilityChangeReporter( 1741): Compat change id reported: 177438394; UID 10853; state: DISABLED
02-03 20:41:39.340 D/CompatibilityChangeReporter( 1741): Compat change id reported: 135772972; UID 10853; state: DISABLED
02-03 20:41:39.340 D/CompatibilityChangeReporter( 1741): Compat change id reported: 135754954; UID 10853; state: ENABLED
02-03 20:41:39.341 D/CompatibilityChangeReporter( 1741): Compat change id reported: 143937733; UID 10853; state: ENABLED
02-03 20:41:39.342 I/WindowManager( 1741): addWindow: New client android.os.BinderProxy@7532e2f : window=Window{dd72c3c u0 Splash Screen com.wholexale.app.staging}
02-03 20:41:39.343 I/iopgp   ( 2637): Iopgp: TRANSACTION_IOPGP_ON_ACTIVITY_LAUNCHED sequence_id = 55
02-03 20:41:39.344 V/SensorManager( 1741): call sensorServiceCommonInterface name: setScreenShotDisable
02-03 20:41:39.344 D/SensorService( 1741): SensorService sensorServiceCommonInterface = setScreenShotDisable
02-03 20:41:39.344 D/SensorServiceExtImpl( 1741): sensorServiceCommonInterface funcName = setScreenShotDisable, flag = 0, status = 0
02-03 20:41:39.344 D/OplusUIFirst_FB( 1741): com.wholexale.app.staging activity event: []
02-03 20:41:39.344 D/OplusUIFirst_FB( 1741): List of ThreadOp: size=0 []
02-03 20:41:39.344 D/OplusUIFirst_FB( 1741): handleParaSwitch com.wholexale.app.staging null null 1
02-03 20:41:39.344 E/WindowManager( 1741): create RemoteAnimationController com.android.server.wm.RemoteAnimationController@7b1531a
02-03 20:41:39.344 I/OplusHansManager ( 1741): front pkg: com.wholexale.app.staging, uid: 10853, prev pkg: com.android.launcher, prev uid: 10106
02-03 20:41:39.344 D/OplusUIFirst_FB( 1741): com.wholexale.app.staging activity event: []
02-03 20:41:39.344 D/OplusUIFirst_FB( 1741): List of ThreadOp: size=0 []
02-03 20:41:39.344 D/OplusUIFirst_FB( 1741): handleParaSwitch com.wholexale.app.staging null null 1
02-03 20:41:39.344 I/OplusHansManager ( 1741): notifyAppGoForeground, uid=10853
02-03 20:41:39.345 I/OplusHansManager ( 1741): notifyAppGoBackground, uid=10106
02-03 20:41:39.345 V/SensorManager( 1741): call sensorServiceCommonInterface name: setScreenShotDisable
02-03 20:41:39.345 D/SensorService( 1741): SensorService sensorServiceCommonInterface = setScreenShotDisable
02-03 20:41:39.345 D/SensorServiceExtImpl( 1741): sensorServiceCommonInterface funcName = setScreenShotDisable, flag = 0, status = 0
02-03 20:41:39.345 D/ViewRootImplExtImpl( 2210): onDisplayChanged -1 for VRI android.view.ViewRootImpl@4320b98
02-03 20:41:39.346 I/ActivityManager( 1741): Start proc 24637:com.wholexale.app.staging/u0a853 for next-top-activity {com.wholexale.app.staging/com.wholexale.app.MainActivity}
02-03 20:41:39.347 V/SensorManager( 1741): call sensorServiceCommonInterface name: setScreenShotDisable
02-03 20:41:39.347 D/SensorService( 1741): SensorService sensorServiceCommonInterface = setScreenShotDisable
02-03 20:41:39.347 D/SensorServiceExtImpl( 1741): sensorServiceCommonInterface funcName = setScreenShotDisable, flag = 0, status = 0
02-03 20:41:39.347 I/Osense-DecisionMaker( 1741): notifySceneToAthenaPolicy: SCENE_APP_SWITCH, bundle: Bundle[{prevPkgName=com.android.launcher, curUid=10853, curPkgName=com.wholexale.app.staging, prevUid=10106}]
02-03 20:41:39.348 I/Osense-DecisionMaker( 1741): scene: SCENE_APP_SWITCH, excutingPolicy: freezer
02-03 20:41:39.348 D/Osense-DecisionMaker( 1741): invoke freezer policy,type: fast
02-03 20:41:39.349 I/OplusResourcePreloadManager( 1741): resume pkg: com.wholexale.app.staging, uid:10853, prev pkg: com.android.launcher, prev uid: 10106
02-03 20:41:39.352 I/PowerHalWrapper( 1741): amsBoostNotify pid:2561,activity:com.android.launcher.Launcher, package:com.android.launcher, mProcessCreatePackcom.wholexale.app.staging 
02-03 20:41:39.353 I/PowerHalWrapper( 1741): state: 0 
02-03 20:41:39.353 I/mtkpower_client( 1741): [Legacy][PowerHal_Wrap_notifyAppState] com.android.launcher/com.android.launcher.Launcher pid=2561 state:0
02-03 20:41:39.353 I/game_scn( 1741): collectForegroundAppList packName=com.android.launcher, actName=com.android.launcher.Launcher, pid=2561, uid=10106, state:PAUSED
02-03 20:41:39.353 I/PowerHalWrapper( 1741): amsBoostNotify AMS_BOOST_PROCESS_CREATE_BOOST:true 
02-03 20:41:39.353 D/CoreBackPreview( 1741): Window{dd72c3c u0 Splash Screen com.wholexale.app.staging}: Setting back callback OnBackInvokedCallbackInfo{mCallback=android.window.IOnBackInvokedCallback$Stub$Proxy@208d028, mPriority=0}
02-03 20:41:39.355 D/InputEventReceiver( 2210): Input log is disabled
02-03 20:41:39.355 D/OplusUIFirst_FB( 1741): com.wholexale.app.staging proc start: 10853 24637 false com.wholexale.app.staging
02-03 20:41:39.355 D/OplusUIFirst_FB( 1741): com.wholexale.app.staging start process: []
02-03 20:41:39.355 D/OplusUIFirst_FB( 1741): List of ThreadOp: size=0 []
02-03 20:41:39.356 D/OplusShellStartingWindowManager( 2210): handleSplashScreenView: normal third app or no-default
02-03 20:41:39.357 D/OplusFullScreenDisplayManager( 1741): adjustWindowParamsLw com.wholexale.app.staging, no change cutoutMode: 0
02-03 20:41:39.357 V/WindowManager( 1741): Relayout Window{dd72c3c u0 Splash Screen com.wholexale.app.staging}: viewVisibility=0, oldvis=0, req=1080x2400
02-03 20:41:39.358 I/BufferQueueDebug(  962): [Splash Screen com.wholexale.app.staging#37441](this:0xb40000793c14e9e8,id:-1,api:0,p:-1,c:-1) BufferQueue core=(962:/system/bin/surfaceflinger)
02-03 20:41:39.358 E/ale.app.staging(24637): Unknown bits set in runtime_flags: 0x40000000
02-03 20:41:39.359 I/ale.app.staging(24637): Using CollectorTypeCC GC.
02-03 20:41:39.362 D/OplusUIFirst_FB( 1741): com.google.android.googlequicksearchbox moveToBack 5675
02-03 20:41:39.363 D/OplusUIFirst_FB( 1741): com.coloros.assistantscreen moveToBack 5725
02-03 20:41:39.367 V/WindowManager( 1741): Changing focus from Window{43ad301 u0 com.android.launcher/com.android.launcher.Launcher} to null,diplayid=0
02-03 20:41:39.368 D/Theia.NoFocusWindow( 1741): FocusWindowErrorScene CheckFreezeScreen
02-03 20:41:39.370 D/[OSIE]  (  962): scltmLayer_name VRI[staging][Splash Screen com.wholexale.app.staging]
02-03 20:41:39.370 D/[OSIE]  (  962): IsSCLTMLayer=0 
02-03 20:41:39.370 D/BufferQueueConsumer( 2210): [](id:8a200000ade,api:0,p:-1,c:2210) connect: controlledByApp=false
02-03 20:41:39.370 E/IPCThreadState( 2210): attemptIncStrongHandle(276): Not supported
02-03 20:41:39.372 D/nativeloader(24637): Load libframework-connectivity-tiramisu-jni.so using APEX ns com_android_tethering for caller /apex/com.android.tethering/javalib/framework-connectivity-t.jar: ok
02-03 20:41:39.373 D/VRI[staging]( 2210): registerCallbacksForSync syncBuffer=false
02-03 20:41:39.374 E/IHansComunication( 4602): HANS printMessageBody: RCV message: type = 0,port = 86870,caller_pid = 1069,caller_uid = 1047,target_pid = 18572,target_uid = 10801,pkg_cmd = -1,rpc = android.hardware.ICameraServiceListener/5
02-03 20:41:39.374 E/IHansComunication( 4602): HANS printMessageBody: RCV message: type = 0,port = 86870,caller_pid = 1069,caller_uid = 1047,target_pid = 30705,target_uid = 10742,pkg_cmd = -1,rpc = android.hardware.ICameraServiceListener/5
02-03 20:41:39.374 E/IHansComunication( 4602): HANS printMessageBody: RCV message: type = 0,port = 86870,caller_pid = 1069,caller_uid = 1047,target_pid = 31255,target_uid = 10744,pkg_cmd = -1,rpc = android.hardware.ICameraServiceListener/5
02-03 20:41:39.374 E/IHansComunication( 4602): HANS printMessageBody: RCV message: type = 0,port = 86870,caller_pid = 1069,caller_uid = 1047,target_pid = 13289,target_uid = 10867,pkg_cmd = -1,rpc = android.hardware.ICameraServiceListener/5
02-03 20:41:39.374 E/IHansComunication( 4602): HANS printMessageBody: RCV message: type = 0,port = 86870,caller_pid = 1069,caller_uid = 1047,target_pid = 18572,target_uid = 10801,pkg_cmd = -1,rpc = android.hardware.ICameraServiceListener/5
02-03 20:41:39.374 E/IHansComunication( 4602): HANS printMessageBody: RCV message: type = 0,port = 86870,caller_pid = 1069,caller_uid = 1047,target_pid = 30705,target_uid = 10742,pkg_cmd = -1,rpc = android.hardware.ICameraServiceListener/5
02-03 20:41:39.374 E/IHansComunication( 4602): HANS printMessageBody: RCV message: type = 0,port = 86870,caller_pid = 1069,caller_uid = 1047,target_pid = 31255,target_uid = 10744,pkg_cmd = -1,rpc = android.hardware.ICameraServiceListener/5
02-03 20:41:39.374 E/IHansComunication( 4602): HANS printMessageBody: RCV message: type = 0,port = 86870,caller_pid = 1069,caller_uid = 1047,target_pid = 13289,target_uid = 10867,pkg_cmd = -1,rpc = android.hardware.ICameraServiceListener/5
02-03 20:41:39.376 I/OplusHansManager ( 1741): FastFreeze enter, freeze uids: [10139, 10156, 10601, 10742, 10744, 10801, 10867, 99910601]
02-03 20:41:39.377 I/OplusHansManager ( 1741): enter FastFreezer, frontApp: 10853, frozen uids: [10801, 10867, 10742, 10744, 10601, 10139, 10156, 99910601], important uids: [], reason: osense
02-03 20:41:39.378 I/OplusHansManager ( 1741): onUidActive() update stay time, uid=10853, pkgName=com.wholexale.app.staging, U stay=0
02-03 20:41:39.379 I/FocusResolver( 1741): updateFocusedWindow,  on display 0, reason: NO_WINDOW, result:   FocusedWindows: <none>
02-03 20:41:39.380 D/VRI[Launcher]( 2561): onFocusEvent false
02-03 20:41:39.382 I/OplusHansManager ( 1741): forceUnfreezeByPid pid= 30705 reason= unfreezeForKernel: AsyncBinder
02-03 20:41:39.387 D/BLASTBufferQueue( 2210): [VRI[staging][Splash Screen com.wholexale.app.staging]#2752](f:0,a:1) acquireNextBufferLocked size=1080x2400 mFrameNumber=1 applyTransaction=true mTimestamp=100456715638064(auto) mPendingTransactions.size=0 graphicBufferId=9491877750792 transform=0
02-03 20:41:39.388 D/VRI[staging]( 2210): Received frameCommittedCallback lastAttemptedDrawFrameNum=1 didProduceBuffer=true syncBuffer=false
02-03 20:41:39.389 I/OplusHansManager ( 1741): unfreeze uid: 10744 com.cricbuzz.android pids: [31255, 16233] reason: AsyncBinder scene: LcdOn|FastFreezer
02-03 20:41:39.389 W/Parcel  ( 2210): Expecting binder but got null!
02-03 20:41:39.389 D/VRI[staging]( 2210): draw finished.
02-03 20:41:39.389 D/WindowManager( 1741): finishDrawingWindow: Window{dd72c3c u0 Splash Screen com.wholexale.app.staging} mDrawState=DRAW_PENDING
02-03 20:41:39.390 I/OneTrace(24637): Mark active for pid=24637? true
02-03 20:41:39.390 D/cutils-dev(24637): otrace_set_tracing_enabled? true
02-03 20:41:39.390 D/cutils-dev(24637): properties changed in otrace_seq_number_changed!
02-03 20:41:39.390 I/OplusHansManager ( 1741): unfreeze uid: 10742 com.microsoft.bing pids: [30705] reason: AsyncBinder scene: LcdOn|FastFreezer
02-03 20:41:39.392 E/ale.app.staging(24637): Could not write anonymous vdex /system/framework/oat/arm64/mediatek-framework.vdex: Could not open /system/framework/oat/arm64/mediatek-framework.vdex for writing
02-03 20:41:39.392 I/OplusHansManager ( 1741): forceUnfreezeByPid pid= 31255 reason= unfreezeForKernel: AsyncBinder
02-03 20:41:39.392 D/OplusUIFirst_FB( 1741): com.wholexale.app.staging toForeOps: []
02-03 20:41:39.392 D/OplusUIFirst_FB( 1741): List of ThreadOp: size=0 []
02-03 20:41:39.393 D/BufferStateLayer(  962): Splash Screen com.wholexale.app.staging#37441 setBuffer frameId=1, bufferId=9491877750792 fenceId=865, w= 1080, h=2400
02-03 20:41:39.393 D/OplusLayer(  962): (37441,Splash Screen com.wholexale.app.staging#37441,com.android.systemui) setBuffer
02-03 20:41:39.396 D/OplusSplitScreenManagerService( 1741): isDragToSplitState mOplusSpiltScreenDnDUI is null, just return!
02-03 20:41:39.396 D/OplusSplitScreenManagerService( 1741): isDragToSplitState mOplusSpiltScreenDnDUI is null, just return!
02-03 20:41:39.396 D/OplusSplitScreenManagerService( 1741): isDragToSplitState mOplusSpiltScreenDnDUI is null, just return!
02-03 20:41:39.396 V/ShellTaskOrganizer( 2210): Task appeared taskId=1560
02-03 20:41:39.406 I/WindowStateExtImpl( 1741): onSurfaceShowChange show = true mPackageName = com.wholexale.app.staging parentPkgName = com.wholexale.app.staging
02-03 20:41:39.408 D/ActivityOptionsCompat( 2561): IRemoteAnimationRunner call onStart
02-03 20:41:39.409 D/RGBNormalizeServer( 1741): OplusRGBNormalize feature enabled ? false
02-03 20:41:39.410 D/Layer   (  962): reparent to null sequence=37433, seq[1], name=Surface(name=9a49e9b StatusBar)/@0x32ac83a - animation-leash of insets_animation#37433
02-03 20:41:39.410 E/SimulationInteractor( 2561): tryGetAnimationPainterInstance error:com.oplus.painteranimationpanel.api.AnimPainterInstance
02-03 20:41:39.410 D/Layer   (  962): reparent to null sequence=37434, seq[2], name=Surface(name=f376551 NavigationBar0)/@0x9151ceb - animation-leash of insets_animation#37434
02-03 20:41:39.410 D/IconConfigParser( 2561): parseConfig::icon config =: IconConfig = [ isForeign : true,theme : 2,iconSize : 5000,iconShape : 0,foregroundSize : 5600,artPlusOn : 0,iconRadius 36,darkModeIcon:1,localSpecial:false,iconThemeEnable:false ]
02-03 20:41:39.413 I/mtkpower_client( 1741): perf_lock_rel, hdl:95086, tid:2265
02-03 20:41:39.413 I/mtkpower_client( 1741): perf_lock_acq, hdl:95086, dur:0, num:12, tid:2265
02-03 20:41:39.413 I/libPowerHal(  863): [perfLockRel] hdl:95086, idx:0
02-03 20:41:39.413 I/libPowerHal(  863): [PD] system_server update cmd:1c3c000 param:1
02-03 20:41:39.413 I/libPowerHal(  863): [PD] (more) /proc/mcdi/state set +prefix:enable 1;
02-03 20:41:39.413 I/libPowerHal(  863): [PD] system_server update cmd:2004100 param:2
02-03 20:41:39.414 I/mtkpower_client( 1741): ret_hdl:95088
02-03 20:41:39.414 I/libPowerHal(  863): [setGPUFreq] system_server user set gpu freq min:17, max:-1
02-03 20:41:39.414 I/libPowerHal(  863): system_server: set gpu opp level: 17
02-03 20:41:39.415 I/libPowerHal(  863): system_server: set gpu opp level max: 0
02-03 20:41:39.415 I/libPowerHal(  863): [setGPUFreq] Soft min/max = (17, 0); Hard min/max = (29, 0)
02-03 20:41:39.415 I/libPowerHal(  863): [setGPUFreq] final min/max = (17, 0)
02-03 20:41:39.415 I/libPowerHal(  863): system_server: set gpu opp level: 17
02-03 20:41:39.415 I/libPowerHal(  863): system_server: set gpu opp level max: 0
02-03 20:41:39.417 D/OplusDexOptimizeManager( 1741): Do not in AppLaunchOptList!
02-03 20:41:39.418 I/OplusAppSwitchManagerService( 1741): appswitch hasProcess ActivityRecord{8a9a436 u0 com.wholexale.app.staging/com.wholexale.app.MainActivity} t1560}
02-03 20:41:39.418 I/OplusJoystickManager( 1741): handleApplicationSwitch deprecated!
02-03 20:41:39.419 I/OplusAppSwitchManagerService( 1741): appswitch hasProcess ActivityRecord{8a9a436 u0 com.wholexale.app.staging/com.wholexale.app.MainActivity} t1560}
02-03 20:41:39.419 I/PowerHalWrapper( 1741): amsBoostNotify pid:24637,activity:com.wholexale.app.MainActivity, package:com.wholexale.app.staging, mProcessCreatePackcom.wholexale.app.staging 
02-03 20:41:39.419 I/PowerHalWrapper( 1741): state: 1 
02-03 20:41:39.419 I/mtkpower_client( 1741): [Legacy][PowerHal_Wrap_notifyAppState] com.wholexale.app.staging/com.wholexale.app.MainActivity pid=24637 state:1
02-03 20:41:39.419 I/game_scn( 1741): collectForegroundAppList packName=com.wholexale.app.staging, actName=com.wholexale.app.MainActivity, pid=24637, uid=10853, state:RESUMED
02-03 20:41:39.419 I/PowerHalWrapper( 1741): amsBoostNotify AMS_BOOST_PROCESS_CREATE_BOOST:true 
02-03 20:41:39.419 I/libPowerHal(  863): [perfNotifyAppState] foreground:com.wholexale.app.staging, pid:24637, uid:10853
02-03 20:41:39.419 D/ActivityTaskManager( 1741): onWindowFocusChanged Task{9eaea0d #1560 type=standard A=10853:com.wholexale.app.staging U=0 visible=true visibleRequested=true mode=fullscreen translucent=false sz=1} would transfer to compact
02-03 20:41:39.419 D/OplusAppSwitchListener( 1741): Detect com.android.launcher switch to background
02-03 20:41:39.419 I/InputDispatcher( 1741): setFocusedApplication displayId=0 ActivityRecord{8a9a436 u0 com.wholexale.app.staging/com.wholexale.app.MainActivity} t1560}
02-03 20:41:39.419 D/OplusEapManager( 1741): mTargetExitName :com.android.launcher
02-03 20:41:39.419 E/UxUtility(  863): notifyAppState error = NULL
02-03 20:41:39.419 I/TouchUtility(  863): notifyAppState error = NULL
02-03 20:41:39.419 V/DCSEX-AppSwitchManager( 1741): OnAppSwitchObserver: onAppExit, resuming = com.wholexale.app.staging, target = com.android.launcher, is ResumingFirstStart =  true, is ResumingMultiApp =  false, extensionInfo =  Bundle[{taskId=1560, uid=10853}]
02-03 20:41:39.419 I/mtkpower@impl(  863): [notifyAppState] pc:1, com.android.launcher => com.wholexale.app.staging
02-03 20:41:39.419 D/VRR [OPlusFrontAppManager]( 1741): OnAppSwitchObserver: onAppExit , info.targetName = com.android.launcher
02-03 20:41:39.419 D/VRR [OPlusFrontAppManager]( 1741): packageName: null
02-03 20:41:39.420 D/DCSEX-AppLaunchEventRecorder( 1741): onAppSwitch from = com.android.launcher to = com.wholexale.app.staging
02-03 20:41:39.420 D/VRR [OPlusRefreshRateService]( 1741): handleFrontAppChange pkgName: null
02-03 20:41:39.420 D/VRR [OPlusExternalRefreshRateManager]( 1741): setFrontPackageName pkgName: null CurPkgName: com.android.launcher
02-03 20:41:39.421 I/mtkpower_client( 1741): perf_lock_rel, hdl:95088, tid:2265
02-03 20:41:39.421 I/mtkpower_client( 1741): perf_lock_acq, hdl:95088, dur:0, num:12, tid:2265
02-03 20:41:39.421 I/libPowerHal(  863): [perfLockRel] hdl:95088, idx:0
02-03 20:41:39.421 I/libPowerHal(  863): [unsetGPUFreq] current min:17, max:0; scn_gpu_min:17, scn_gpu_max:-1; scn_gpu_min(HL):-1, scn_gpu_max(HL):-1
02-03 20:41:39.421 I/libPowerHal(  863): system_server: set gpu opp level: 29
02-03 20:41:39.421 I/libPowerHal(  863): system_server: set gpu opp level max: 0
02-03 20:41:39.421 I/libPowerHal(  863): [setGPUFreq] Soft min/max = (29, 0); Hard min/max = (29, 0)
02-03 20:41:39.421 I/libPowerHal(  863): [setGPUFreq] final min/max = (29, 0)
02-03 20:41:39.421 I/libPowerHal(  863): system_server: set gpu opp level: 29
02-03 20:41:39.421 I/libPowerHal(  863): system_server: set gpu opp level max: 0
02-03 20:41:39.421 I/libPowerHal(  863): [PD] system_server update cmd:1c3c000 param:1
02-03 20:41:39.421 I/libPowerHal(  863): [PD] (more) /proc/mcdi/state set +prefix:enable 1;
02-03 20:41:39.421 I/libPowerHal(  863): [PD] system_server update cmd:2004100 param:2
02-03 20:41:39.422 D/OplusAppSwitchListener( 1741): Detect com.wholexale.app.staging switch to foreground
02-03 20:41:39.422 D/OplusEapManager( 1741): mTargetEnterName :com.wholexale.app.staging
02-03 20:41:39.422 D/OplusLatencyOptimizerManager( 1741): enter pkg: com.wholexale.app.staging isPrevBlackAppTop: false mIsBlackAppTop: false
02-03 20:41:39.422 D/OplusUIFirst_FB( 1741): com.wholexale.app.staging moveToTop:[]
02-03 20:41:39.422 D/OplusUIFirst_FB( 1741): List of ThreadOp: size=0 []
02-03 20:41:39.422 D/OplusUIFirst_FB( 1741): com.wholexale.app.staging boost hint: 24637
02-03 20:41:39.422 D/OplusUIFirst_FB( 1741): handleParaSwitch com.wholexale.app.staging null null 0
02-03 20:41:39.422 E/OplusThermalStats( 1741): Error getting package info: com.wholexale.app.staging
02-03 20:41:39.422 E/Athena  ( 1741): MemoryGuardAction: handleAppChange
02-03 20:41:39.423 V/DCSEX-AppSwitchManager( 1741): OnAppSwitchObserver: onAppEnter, launchedFrom =  com.android.launcher, target =  com.wholexale.app.staging, is firstStart =  true, is multiApp =  false, extensionInfo =  Bundle[{taskId=1560, pid=24637, uid=10853, versionCode=1}]
02-03 20:41:39.423 D/VRR [OPlusFrontAppManager]( 1741): OnAppSwitchObserver: onAppEnter , info.targetName = com.wholexale.app.staging
02-03 20:41:39.423 D/VRR [OPlusFrontAppManager]( 1741): packageName: com.wholexale.app.staging
02-03 20:41:39.423 D/VRR [OPlusRefreshRateService]( 1741): handleFrontAppChange pkgName: com.wholexale.app.staging
02-03 20:41:39.423 I/libPowerHal(  863): [setGPUFreq] system_server user set gpu freq min:17, max:-1
02-03 20:41:39.423 I/libPowerHal(  863): system_server: set gpu opp level: 17
02-03 20:41:39.423 D/VRR [OPlusExternalRefreshRateManager]( 1741): setFrontPackageName pkgName: com.wholexale.app.staging CurPkgName: null
02-03 20:41:39.423 I/libPowerHal(  863): system_server: set gpu opp level max: 0
02-03 20:41:39.423 I/libPowerHal(  863): [setGPUFreq] Soft min/max = (17, 0); Hard min/max = (29, 0)
02-03 20:41:39.423 I/mtkpower_client( 1741): ret_hdl:95089
02-03 20:41:39.423 I/libPowerHal(  863): [setGPUFreq] final min/max = (17, 0)
02-03 20:41:39.423 I/libPowerHal(  863): system_server: set gpu opp level: 17
02-03 20:41:39.423 I/libPowerHal(  863): system_server: set gpu opp level max: 0
02-03 20:41:39.424 D/CompatibilityChangeReporter(24637): Compat change id reported: 171979766; UID 10853; state: ENABLED
02-03 20:41:39.424 I/oplus.android.OplusFrameworkFactoryImpl(24637): get feature:IOplusAutoResolutionFeature
02-03 20:41:39.424 I/oplus.android.OplusFrameworkFactoryImpl(24637): getOplusAutoResolutionFeature
02-03 20:41:39.424 I/Athena  ( 2533): AthenaDynamicReceiver: pre_app:com.android.launcher, next_app:com.wholexale.app.staging(10853|24637)
02-03 20:41:39.424 W/Battery ( 6226): ThermalControlUtils: mForegroundPkg=com.wholexale.app.staging
02-03 20:41:39.425 D/VRR [OPlusRefreshRateService]( 1741):  setFrameRateTargetControl [ 0.0 , com.android.launcher , false , com.oplus.battery ]
02-03 20:41:39.425 D/VRR [OPlusRefreshRateService]( 1741):  setFrameRateTargetControl from [0, 1000, android.uid.system:1000]
02-03 20:41:39.425 D/SensorService( 1741): onUidStateChanged uid = 10853, state = UID_STATE_ACTIVE
02-03 20:41:39.426 D/OplusLayer(  962): ~Layer() sequence=37434, name=Surface(name=f376551 NavigationBar0)/@0x9151ceb - animation-leash of insets_animation#37434
02-03 20:41:39.426 D/OplusLayer(  962): ~Layer() sequence=37433, name=Surface(name=9a49e9b StatusBar)/@0x32ac83a - animation-leash of insets_animation#37433
02-03 20:41:39.427 D/ZoomAppController(23494): ignore onAppEnter: mCurrentZoomInfo is null
02-03 20:41:39.427 W/ContextImpl( 2533): Calling a method in the system process without a qualified user: android.app.ContextImpl.startService:1889 android.content.ContextWrapper.startService:827 u1.c.c:8 u1.c.a:4 y2.b.f:4 
02-03 20:41:39.429 I/OplusFeatureCache(24637): Milliseconds spent on init(): 5
02-03 20:41:39.430 W/Battery ( 6226): ThermalControllHandler: tempLevel=6,userMode=3,gameUserMode=-1,appType=-1,envTempType=1,appStates=[],appSwitchSafetyMode=false
02-03 20:41:39.430 D/CompactWindowAppManager(24637): initCompactApplicationInfo 
02-03 20:41:39.430 W/Battery ( 6226): ThermalControllerCenter: mSafetyState=10000
02-03 20:41:39.430 D/OplusUIFirst_FB( 1741): com.wholexale.app.staging toForeOps: []
02-03 20:41:39.431 D/OplusUIFirst_FB( 1741): List of ThreadOp: size=0 []
02-03 20:41:39.432 V/DeepThinker( 7781): ProcessManager: onForegroundActivitiesChanged pid:24637, uid:10853, foregroundActivities:true
02-03 20:41:39.432 D/OplusAtlas.OplusAtlasEventDispatch( 3289): setEvent:atlas_event_on_foreground_activities_changed info:pid:24637,uid:10853,hasForegroundActivities:1
02-03 20:41:39.432 D/OplusAtlas.OplusAudioScene( 3289): callback success event:atlas_event_on_foreground_activities_changed eventInfo:pid:24637,uid:10853,hasForegroundActivities:1
02-03 20:41:39.433 D/OplusAtlas.OplusMessageHandler( 3289): handleMessage: Msg { when=-1ms what=2 obj=com.oplus.atlas.OplusAtlasEvent@ccf392e target=com.oplus.atlas.OplusMessageHandler$MyHandler }
02-03 20:41:39.434 D/VRR [OPlusExternalRefreshRateManager]( 1741):  [FRTC] FrameRate : 0 com.android.launcher false com.oplus.battery 0 1000
02-03 20:41:39.434 D/VRR [OPlusSurfaceFlingerController]( 1741):  add frtc FrameRate : 0 com.android.launcher false com.oplus.battery
02-03 20:41:39.433 W/Battery ( 6226): ThermalControllHandler: tempGear=6,configItemName=common_config
02-03 20:41:39.435 I/VRR [FRTC](  962): setFrameRateTarget with [0, com.android.launcher, 0, com.oplus.battery, 1, 0, 1000]
02-03 20:41:39.435 W/VRR [FRTC](  962): invalid param { fps 0, proc_name com.android.launcher, strict_mode 0, description com.oplus.battery, proc_id 0, rate_status 0, backend Surface, version 1, pid 0, uid 1000, enable at 2026-02-03 20:41:39, disable waiting } for current status.
02-03 20:41:39.435 W/VRR [FRTC](  962): CurrentTarget size 0:
02-03 20:41:39.435 D/OplusBatteryServiceFeature( 1741): setSmartCoolDown: coolDown = 5, normalCoolDown = 5, pkgName = com.wholexale.app.staging
02-03 20:41:39.436 D/vendor.oplus.hardware.charger@1.0-service(  893): set cooldown:5,  normalCoolDown:5
02-03 20:41:39.437 W/Battery ( 6226): ThermalControllHandler: MSG_THERMAL_CONTROL_CATEGORY_CHANGED
02-03 20:41:39.438 V/SystemSensorManagerExtImpl( 4768): unRegisterListener by com.google.android.location.collectionlib.SensorScanner$SensorEventListenerAdapter
02-03 20:41:39.438 W/SensorService( 1741): SensorEventConnection sensor handle=1, package = com.google.android.location.collectionlib.SensorScanner$SensorEventListenerAdapter disable
02-03 20:41:39.438 W/libc    (24637): Access denied finding property "ro.odm.prev.product.name"
02-03 20:41:39.438 D/SensorService( 1741): SensorDevice::activate: ident=0xb4000072d214d080, handle=0x00000001, enabled=0, count=4
02-03 20:41:39.438 D/SensorService( 1741): disable index=1
02-03 20:41:39.438 D/SensorService( 1741): 	>>> actuating h/w batch 0x00000001 80000000 2000000000
02-03 20:41:39.438 I/Accelerometer(  852): batch: handle:0, flag:0,samplingPeriodNs:80000000 maxBatchReportLatencyNs:2000000000
02-03 20:41:39.439 D/LoadedApk(24637): mApplicationInfo overrideDisplayId:null
02-03 20:41:39.440 D/SensorService( 1741): activateHardware = 0
02-03 20:41:39.441 D/SensorService( 1741): ~SensorEventConnection(0xb4000072d214d080)
02-03 20:41:39.441 D/SensorService( 1741): 10 active sensors
02-03 20:41:39.441 D/SensorService( 1741): removing connection 0xb4000072d214d080 for sensor[0].handle=0x00000001
02-03 20:41:39.441 D/SensorService( 1741): removing connection 0xb4000072d214d080 for sensor[1].handle=0x00000004
02-03 20:41:39.441 D/SensorService( 1741): removing connection 0xb4000072d214d080 for sensor[2].handle=0x00000011
02-03 20:41:39.441 D/SensorService( 1741): removing connection 0xb4000072d214d080 for sensor[3].handle=0x00000013
02-03 20:41:39.441 D/SensorService( 1741): removing connection 0xb4000072d214d080 for sensor[4].handle=0x0000001b
02-03 20:41:39.441 D/SensorService( 1741): removing connection 0xb4000072d214d080 for sensor[5].handle=0x000003e9
02-03 20:41:39.441 D/SensorService( 1741): removing connection 0xb4000072d214d080 for sensor[6].handle=0x0100004f
02-03 20:41:39.441 D/SensorService( 1741): removing connection 0xb4000072d214d080 for sensor[7].handle=0x01000051
02-03 20:41:39.441 D/SensorService( 1741): removing connection 0xb4000072d214d080 for sensor[8].handle=0x01000053
02-03 20:41:39.441 D/SensorService( 1741): removing connection 0xb4000072d214d080 for sensor[9].handle=0x5f677276
02-03 20:41:39.442 D/nativeloader(24637): Configuring clns-4 for other apk /data/app/~~HzGM9HV9Pheia4obo_lGdw==/com.wholexale.app.staging-Rwy4wBgDyjPSgJELezHYDA==/base.apk. target_sdk_version=34, uses_libraries=, library_path=/data/app/~~HzGM9HV9Pheia4obo_lGdw==/com.wholexale.app.staging-Rwy4wBgDyjPSgJELezHYDA==/lib/arm64:/data/app/~~HzGM9HV9Pheia4obo_lGdw==/com.wholexale.app.staging-Rwy4wBgDyjPSgJELezHYDA==/base.apk!/lib/arm64-v8a, permitted_path=/data:/mnt/expand:/data/user/0/com.wholexale.app.staging
02-03 20:41:39.443 D/PhoneInterfaceManager( 2506): [PhoneIntfMgr] QueryTelephonyChecker-getDataNetworkTypeForSubscriber: packageName = com.android.phone, isGrant = true
02-03 20:41:39.445 I/bpas    ( 5675): onPause
02-03 20:41:39.446 D/PhoneInterfaceManager( 2506): [PhoneIntfMgr] QueryTelephonyChecker-getDataNetworkTypeForSubscriber: packageName = com.android.phone, isGrant = true
02-03 20:41:39.451 D/OplusAppListInterceptManager( 1741): shouldFilterTask
02-03 20:41:39.451 D/OplusAppListInterceptManager( 1741): shouldFilterTask::packageName = com.wholexale.app.staging
02-03 20:41:39.451 D/OplusAppListInterceptManager( 1741): shouldFilterTask
02-03 20:41:39.451 D/OplusAppListInterceptManager( 1741): shouldFilterTask::packageName = com.android.settings
02-03 20:41:39.451 D/OplusSplitScreenManagerService( 1741): com.android.settings unSupportsSplitScreen by blockList or ForbidActivityList
02-03 20:41:39.451 D/OplusSplitScreenManagerService( 1741): com.android.settings unSupportsSplitScreen by blockList or ForbidActivityList
02-03 20:41:39.451 D/nativeloader(24637): Load libframework-connectivity-jni.so using APEX ns com_android_tethering for caller /apex/com.android.tethering/javalib/framework-connectivity.jar: ok
02-03 20:41:39.453 V/GraphicsEnvironment(24637): ANGLE Developer option for 'com.wholexale.app.staging' set to: 'default'
02-03 20:41:39.453 V/GraphicsEnvironment(24637): ANGLE GameManagerService for com.wholexale.app.staging: false
02-03 20:41:39.453 V/GraphicsEnvironment(24637): Neither updatable production driver nor prerelease driver is supported.
02-03 20:41:39.456 D/NetworkSecurityConfig(24637): No Network Security Config specified, using platform default
02-03 20:41:39.456 D/NetworkSecurityConfig(24637): No Network Security Config specified, using platform default
02-03 20:41:39.456 D/CompatibilityChangeReporter(24637): Compat change id reported: 183155436; UID 10853; state: ENABLED
02-03 20:41:39.467 W/AppOps  ( 1741): Noting op not finished: uid 10128 pkg com.google.android.gms code 113 startTime of in progress event=1770129985562
02-03 20:41:39.468 D/nativeloader(24637): Load libSchedAssistJni.so using system ns (caller=/system/framework/oplus-framework.jar): ok
02-03 20:41:39.468 D/ExtensionsLoader(24637): createInstance(64bit) : createExtendedFactory
02-03 20:41:39.468 D/ExtensionsLoader(24637): Opened libSchedAssistExtImpl.so
02-03 20:41:39.469 E/ale.app.staging(24637): ofbOpen failed with error=No such file or directory
02-03 20:41:39.469 E/ale.app.staging(24637): sysOpen failed with error=No such file or directory
02-03 20:41:39.470 D/OplusGraphicsEvent(24637): OplusGraphicsEventListener create now!
02-03 20:41:39.470 D/OplusGraphicsEvent(24637): addEventListener success!
02-03 20:41:39.472 V/SoLoader(24637): Init System Loader delegate
02-03 20:41:39.473 W/AppOps  ( 1741): Noting op not finished: uid 10128 pkg com.google.android.gms code 113 startTime of in progress event=1770129985562
02-03 20:41:39.473 D/OplusActivityManager(24637): get AMS extension: android.os.BinderProxy@8e4e9de
02-03 20:41:39.477 I/DispPerfService(  962): updateLayerMask 9
02-03 20:41:39.478 D/OplusUIFirst_FB( 1741): com.google.android.googlequicksearchbox toForeOps: []
02-03 20:41:39.478 D/OplusUIFirst_FB( 1741): List of ThreadOp: size=0 []
02-03 20:41:39.479 D/nativeloader(24637): Load libpowerhalwrap_jni.so using system ns (caller=/system/framework/mediatek-framework.jar): ok
02-03 20:41:39.480 I/PowerHalWrapper(24637): PowerHalWrapper.getInstance 
02-03 20:41:39.480 I/PowerHalWrapper(24637): PowerHalWrapper.getInstance 
02-03 20:41:39.481 D/OplusUIFirst_FB( 1741): com.coloros.assistantscreen toForeOps: []
02-03 20:41:39.481 D/OplusUIFirst_FB( 1741): List of ThreadOp: size=0 []
02-03 20:41:39.481 I/MSYNC3-VariableRefreshRate(24637): Variable refreshrate is disabled
02-03 20:41:39.485 I/mtkpower_client( 1741): perf_lock_rel, hdl:95089, tid:2265
02-03 20:41:39.485 I/mtkpower_client( 1741): perf_lock_acq, hdl:95089, dur:0, num:12, tid:2265
02-03 20:41:39.485 I/libPowerHal(  863): [perfLockRel] hdl:95089, idx:0
02-03 20:41:39.486 I/libPowerHal(  863): [unsetGPUFreq] current min:17, max:0; scn_gpu_min:17, scn_gpu_max:-1; scn_gpu_min(HL):-1, scn_gpu_max(HL):-1
02-03 20:41:39.486 I/libPowerHal(  863): system_server: set gpu opp level: 29
02-03 20:41:39.486 I/libPowerHal(  863): system_server: set gpu opp level max: 0
02-03 20:41:39.486 I/libPowerHal(  863): [setGPUFreq] Soft min/max = (29, 0); Hard min/max = (29, 0)
02-03 20:41:39.486 I/libPowerHal(  863): [setGPUFreq] final min/max = (29, 0)
02-03 20:41:39.486 I/libPowerHal(  863): system_server: set gpu opp level: 29
02-03 20:41:39.486 I/libPowerHal(  863): system_server: set gpu opp level max: 0
02-03 20:41:39.486 I/libPowerHal(  863): [PD] system_server update cmd:1c3c000 param:1
02-03 20:41:39.486 I/libPowerHal(  863): [PD] (more) /proc/mcdi/state set +prefix:enable 1;
02-03 20:41:39.486 I/libPowerHal(  863): [PD] system_server update cmd:2004100 param:2
02-03 20:41:39.487 I/mtkpower_client( 1741): ret_hdl:95090
02-03 20:41:39.488 I/libPowerHal(  863): [setGPUFreq] system_server user set gpu freq min:17, max:-1
02-03 20:41:39.488 I/libPowerHal(  863): system_server: set gpu opp level: 17
02-03 20:41:39.488 I/libPowerHal(  863): system_server: set gpu opp level max: 0
02-03 20:41:39.488 I/libPowerHal(  863): [setGPUFreq] Soft min/max = (17, 0); Hard min/max = (29, 0)
02-03 20:41:39.488 I/libPowerHal(  863): [setGPUFreq] final min/max = (17, 0)
02-03 20:41:39.488 I/libPowerHal(  863): system_server: set gpu opp level: 17
02-03 20:41:39.488 I/libPowerHal(  863): system_server: set gpu opp level max: 0
02-03 20:41:39.488 E/IHansComunication( 4602): HANS printMessageBody: RCV message: type = 0,port = 86870,caller_pid = 1069,caller_uid = 1047,target_pid = 18572,target_uid = 10801,pkg_cmd = -1,rpc = android.hardware.ICameraServiceListener/5
02-03 20:41:39.488 W/AppOps  ( 1741): Noting op not finished: uid 10128 pkg com.google.android.gms code 113 startTime of in progress event=1770129985561
02-03 20:41:39.488 E/IHansComunication( 4602): HANS printMessageBody: RCV message: type = 0,port = 86870,caller_pid = 1069,caller_uid = 1047,target_pid = 13289,target_uid = 10867,pkg_cmd = -1,rpc = android.hardware.ICameraServiceListener/5
