02-03 21:07:14.137 W/TooltipLifecycleManager( 5757): TooltipLifecycleManager.dismissTooltips():153 Tooltip with id SUGGESTION_VIEW_EDU_MINI_DIALOG not found in tooltipManager.
02-03 21:07:14.154 D/CursorFeedback(25078): getExtraCursorWidth
02-03 21:07:14.154 D/CursorFeedback(25078): getExtraLeftOffset
02-03 21:07:14.187 D/OplusFullScreenDisplayManager( 1741): adjustWindowParamsLw com.wholexale.app.staging, no change cutoutMode: 0
02-03 21:07:14.187 V/WindowManager( 1741): Relayout Window{a72305 u0 com.wholexale.app.staging/com.wholexale.app.MainActivity}: viewVisibility=0, oldvis=0, req=1080x2400
02-03 21:07:14.247 D/OGG_Detector( 1741): D:done mCurrStatus: 0
02-03 21:07:14.248 D/PowerManagerService( 1741): userActivityNoUpdateLocked: groupId=0, eventTime=101991573, event=2, flags=0x0, uid=1000
02-03 21:07:14.248 D/NoBackGesture( 2210): Start gesture: MotionEvent { action=ACTION_DOWN, actionButton=0, id[0]=0, x[0]=331.25, y[0]=2004.25, toolType[0]=TOOL_TYPE_FINGER, buttonState=0, classification=NONE, metaState=0, flags=0x0, edgeFlags=0x0, pointerCount=1, historySize=0, eventTime=101991573, downTime=101991573, deviceId=4, source=0x1002, displayId=0, eventId=37667393 }
02-03 21:07:14.248 D/NoBackGesture( 2210): Not in side gesture area
02-03 21:07:14.326 I/libPowerHal(  863): [perfLockRel] hdl:97272, idx:1
02-03 21:07:14.327 I/libPowerHal(  863): [PD] MTKPOWER_HINT_APP_TOUCH update cmd:3408600 param:0
02-03 21:07:14.327 W/TooltipLifecycleManager( 5757): TooltipLifecycleManager.dismissTooltips():153 Tooltip with id SUGGESTION_VIEW_EDU_MINI_DIALOG not found in tooltipManager.
02-03 21:07:14.336 D/CursorFeedback(25078): getExtraCursorWidth
02-03 21:07:14.336 D/CursorFeedback(25078): getExtraLeftOffset
02-03 21:07:14.369 D/OplusFullScreenDisplayManager( 1741): adjustWindowParamsLw com.wholexale.app.staging, no change cutoutMode: 0
02-03 21:07:14.369 V/WindowManager( 1741): Relayout Window{a72305 u0 com.wholexale.app.staging/com.wholexale.app.MainActivity}: viewVisibility=0, oldvis=0, req=1080x2400
02-03 21:07:14.459 I/hwcomposer(  843): [HWC] (0)fire a callback of refresh to SF[4]  
02-03 21:07:14.522 D/OplusHecate(  962): pixels[282,120]=0xffffffff
02-03 21:07:14.562 D/OGG_Detector( 1741): D:done mCurrStatus: 0
02-03 21:07:14.562 D/PowerManagerService( 1741): userActivityNoUpdateLocked: groupId=0, eventTime=101991888, event=2, flags=0x0, uid=1000
02-03 21:07:14.562 D/NoBackGesture( 2210): Start gesture: MotionEvent { action=ACTION_DOWN, actionButton=0, id[0]=0, x[0]=69.5, y[0]=1739.0, toolType[0]=TOOL_TYPE_FINGER, buttonState=0, classification=NONE, metaState=0, flags=0x0, edgeFlags=0x0, pointerCount=1, historySize=0, eventTime=101991888, downTime=101991888, deviceId=4, source=0x1002, displayId=0, eventId=332866951 }
02-03 21:07:14.563 D/NoBackGesture( 2210): Not in side gesture area
02-03 21:07:14.615 D/OplusTelephonyController( 2506): onSignalStrengthChanged: SignalStrength=SignalStrength:{mCdma=CellSignalStrengthCdma: cdmaDbm=2147483647 cdmaEcio=2147483647 evdoDbm=2147483647 evdoEcio=2147483647 evdoSnr=2147483647 level=0,mGsm=CellSignalStrengthGsm: rssi=2147483647 ber=2147483647 mTa=2147483647 mLevel=0,mWcdma=CellSignalStrengthWcdma: ss=2147483647 ber=2147483647 rscp=2147483647 ecno=2147483647 level=0,mTdscdma=CellSignalStrengthTdscdma: rssi=2147483647 ber=2147483647 rscp=2147483647 level=0,mLte=CellSignalStrengthLte: rssi=2147483647 rsrp=-107 rsrq=2147483647 rssnr=2147483647 cqiTableIndex=2147483647 cqi=2147483647 ta=2147483647 level=1 parametersUseForLevel=0,mNr=CellSignalStrengthNr:{ csiRsrp = 2147483647 csiRsrq = 2147483647 csiCqiTableIndex = 2147483647 csiCqiReport = [] ssRsrp = 2147483647 ssRsrq = 2147483647 ssSinr = 2147483647 level = 0 parametersUseForLevel = 0 },primary=CellSignalStrengthLte}, phoneId=0, mMtkLevel=0, mMtkRsrpOnly=false, mMtkLteRsrpThreshold=null, mMtkLteRssnrThreshold=null
02-03 21:07:14.615 D/OplusTelephonyController( 2506): onSignalStrengthChanged: SignalStrength=SignalStrength:{mCdma=CellSignalStrengthCdma: cdmaDbm=2147483647 cdmaEcio=2147483647 evdoDbm=2147483647 evdoEcio=2147483647 evdoSnr=2147483647 level=0,mGsm=CellSignalStrengthGsm: rssi=2147483647 ber=2147483647 mTa=2147483647 mLevel=0,mWcdma=CellSignalStrengthWcdma: ss=2147483647 ber=2147483647 rscp=2147483647 ecno=2147483647 level=0,mTdscdma=CellSignalStrengthTdscdma: rssi=2147483647 ber=2147483647 rscp=2147483647 level=0,mLte=CellSignalStrengthLte: rssi=2147483647 rsrp=-107 rsrq=-11 rssnr=3 cqiTableIndex=2147483647 cqi=0 ta=0 level=3 parametersUseForLevel=0,mNr=CellSignalStrengthNr:{ csiRsrp = 2147483647 csiRsrq = 2147483647 csiCqiTableIndex = 2147483647 csiCqiReport = [] ssRsrp = 2147483647 ssRsrq = 2147483647 ssSinr = 2147483647 level = 0 parametersUseForLevel = 0 },primary=CellSignalStrengthLte}, phoneId=0, mMtkLevel=0, mMtkRsrpOnly=false, mMtkLteRsrpThreshold=null, mMtkLteRssnrThreshold=null
02-03 21:07:14.640 I/libPowerHal(  863): [perfLockRel] hdl:97273, idx:1
02-03 21:07:14.640 I/libPowerHal(  863): [PD] MTKPOWER_HINT_APP_TOUCH update cmd:3408600 param:0
02-03 21:07:14.641 W/TooltipLifecycleManager( 5757): TooltipLifecycleManager.dismissTooltips():153 Tooltip with id SUGGESTION_VIEW_EDU_MINI_DIALOG not found in tooltipManager.
02-03 21:07:14.650 D/CursorFeedback(25078): getExtraCursorWidth
02-03 21:07:14.650 D/CursorFeedback(25078): getExtraLeftOffset
02-03 21:07:14.683 D/OplusFullScreenDisplayManager( 1741): adjustWindowParamsLw com.wholexale.app.staging, no change cutoutMode: 0
02-03 21:07:14.683 V/WindowManager( 1741): Relayout Window{a72305 u0 com.wholexale.app.staging/com.wholexale.app.MainActivity}: viewVisibility=0, oldvis=0, req=1080x2400
02-03 21:07:14.767 I/hwcomposer(  843): [HWC] (0)fire a callback of refresh to SF[4]  
02-03 21:07:14.897 D/NoBackGesture( 2210): Start gesture: MotionEvent { action=ACTION_DOWN, actionButton=0, id[0]=0, x[0]=160.75, y[0]=1666.0, toolType[0]=TOOL_TYPE_FINGER, buttonState=0, classification=NONE, metaState=0, flags=0x0, edgeFlags=0x0, pointerCount=1, historySize=0, eventTime=101992224, downTime=101992224, deviceId=4, source=0x1002, displayId=0, eventId=301228595 }
02-03 21:07:14.897 D/NoBackGesture( 2210): Not in side gesture area
02-03 21:07:14.898 D/PowerManagerService( 1741): userActivityNoUpdateLocked: groupId=0, eventTime=101992224, event=2, flags=0x0, uid=1000
02-03 21:07:14.898 D/OGG_Detector( 1741): D:done mCurrStatus: 0
02-03 21:07:14.948 W/FinalizerDaemon(25078): type=1400 audit(0.0:7865): avc: denied { getopt } for path="/dev/socket/usap_pool_primary" scontext=u:r:untrusted_app:s0:c85,c259,c512,c768 tcontext=u:r:zygote:s0 tclass=unix_stream_socket permissive=0 app=com.wholexale.app.staging
02-03 21:07:14.969 I/libPowerHal(  863): [perfLockRel] hdl:97274, idx:1
02-03 21:07:14.969 I/libPowerHal(  863): [PD] MTKPOWER_HINT_APP_TOUCH update cmd:3408600 param:0
02-03 21:07:14.970 W/TooltipLifecycleManager( 5757): TooltipLifecycleManager.dismissTooltips():153 Tooltip with id SUGGESTION_VIEW_EDU_MINI_DIALOG not found in tooltipManager.
02-03 21:07:14.981 D/CursorFeedback(25078): getExtraCursorWidth
02-03 21:07:14.981 D/CursorFeedback(25078): getExtraLeftOffset
02-03 21:07:15.031 D/OplusFullScreenDisplayManager( 1741): adjustWindowParamsLw com.wholexale.app.staging, no change cutoutMode: 0
02-03 21:07:15.031 V/WindowManager( 1741): Relayout Window{a72305 u0 com.wholexale.app.staging/com.wholexale.app.MainActivity}: viewVisibility=0, oldvis=0, req=1080x2400
02-03 21:07:15.081 D/NoBackGesture( 2210): Start gesture: MotionEvent { action=ACTION_DOWN, actionButton=0, id[0]=0, x[0]=242.5, y[0]=1686.25, toolType[0]=TOOL_TYPE_FINGER, buttonState=0, classification=NONE, metaState=0, flags=0x0, edgeFlags=0x0, pointerCount=1, historySize=0, eventTime=101992407, downTime=101992407, deviceId=4, source=0x1002, displayId=0, eventId=891363157 }
02-03 21:07:15.081 D/NoBackGesture( 2210): Not in side gesture area
02-03 21:07:15.081 D/OGG_Detector( 1741): D:done mCurrStatus: 0
02-03 21:07:15.081 D/PowerManagerService( 1741): userActivityNoUpdateLocked: groupId=0, eventTime=101992407, event=2, flags=0x0, uid=1000
02-03 21:07:15.119 I/hwcomposer(  843): [HWC] (0)fire a callback of refresh to SF[4]  
02-03 21:07:15.130 I/libPowerHal(  863): [perfLockRel] hdl:97275, idx:1
02-03 21:07:15.131 I/libPowerHal(  863): [PD] MTKPOWER_HINT_APP_TOUCH update cmd:3408600 param:0
02-03 21:07:15.131 W/TooltipLifecycleManager( 5757): TooltipLifecycleManager.dismissTooltips():153 Tooltip with id SUGGESTION_VIEW_EDU_MINI_DIALOG not found in tooltipManager.
02-03 21:07:15.147 D/CursorFeedback(25078): getExtraCursorWidth
02-03 21:07:15.147 D/CursorFeedback(25078): getExtraLeftOffset
02-03 21:07:15.180 D/OplusFullScreenDisplayManager( 1741): adjustWindowParamsLw com.wholexale.app.staging, no change cutoutMode: 0
02-03 21:07:15.180 V/WindowManager( 1741): Relayout Window{a72305 u0 com.wholexale.app.staging/com.wholexale.app.MainActivity}: viewVisibility=0, oldvis=0, req=1080x2400
02-03 21:07:15.267 I/hwcomposer(  843): [HWC] (0)fire a callback of refresh to SF[4]  
02-03 21:07:15.524 I/charon  ( 4408): 05[JOB] [schedule()  269] Job timer expiry(now:126104, event->time:126104), queuing job for execution
02-03 21:07:15.688 D/NoBackGesture( 2210): Start gesture: MotionEvent { action=ACTION_DOWN, actionButton=0, id[0]=0, x[0]=999.5, y[0]=2267.75, toolType[0]=TOOL_TYPE_FINGER, buttonState=0, classification=NONE, metaState=0, flags=0x0, edgeFlags=0x0, pointerCount=1, historySize=0, eventTime=101993014, downTime=101993014, deviceId=4, source=0x1002, displayId=0, eventId=216052294 }
02-03 21:07:15.688 D/NoBackGesture( 2210): Not in side gesture area
02-03 21:07:15.688 D/OGG_Detector( 1741): D:done mCurrStatus: 0
02-03 21:07:15.688 D/PowerManagerService( 1741): userActivityNoUpdateLocked: groupId=0, eventTime=101993014, event=2, flags=0x0, uid=1000
02-03 21:07:15.711 V/SystemSensorManagerExtImpl( 4753): unRegisterListener by com.google.ccc.abuse.droidguard.events.b
02-03 21:07:15.711 W/SensorService( 1741): SensorEventConnection sensor handle=1600940398, package = com.google.ccc.abuse.droidguard.events.b disable
02-03 21:07:15.712 D/SensorService( 1741): SensorFusion::activate(mode=1, ident=0xb4000073db54b800, enabled=0)
02-03 21:07:15.712 D/SensorFusionExtImpl( 1741): isOplusSensorNeedActivate
02-03 21:07:15.712 D/SensorServiceUtils( 1741): isOplusSensorNeedActivate do nothing in isOplusSensorNeedActivate()
02-03 21:07:15.712 D/SensorService( 1741): SensorDevice::activate: ident=0xb4000073db54b800, handle=0x00000001, enabled=0, count=8
02-03 21:07:15.712 D/SensorService( 1741): disable index=6
02-03 21:07:15.712 D/SensorService( 1741): 	>>> actuating h/w batch 0x00000001 20000000 0
02-03 21:07:15.712 D/SensorService( 1741): activateHardware = 0
02-03 21:07:15.712 D/SensorService( 1741): SensorDevice::activate: ident=0xb4000073db54b800, handle=0x00000010, enabled=0, count=3
02-03 21:07:15.712 D/SensorService( 1741): disable index=2
02-03 21:07:15.712 D/SensorService( 1741): 	>>> actuating h/w batch 0x00000010 5000000 0
02-03 21:07:15.712 D/SensorService( 1741): activateHardware = 0
02-03 21:07:15.713 D/SensorServiceExtImpl( 1741): setLastEventStateForDisable reset the mRecentEvent handle = 1600940398
02-03 21:07:15.713 D/SensorServiceExtImpl( 1741): disable reset the lastEvent handle = 1600940398 in disable
02-03 21:07:15.713 D/SensorService( 1741): ~SensorEventConnection(0xb4000073db54b800)
02-03 21:07:15.713 D/SensorService( 1741): 11 active sensors
02-03 21:07:15.713 D/SensorService( 1741): removing connection 0xb4000073db54b800 for sensor[0].handle=0x00000001
02-03 21:07:15.713 D/SensorService( 1741): removing connection 0xb4000073db54b800 for sensor[1].handle=0x00000004
02-03 21:07:15.713 D/SensorService( 1741): removing connection 0xb4000073db54b800 for sensor[2].handle=0x00000011
02-03 21:07:15.713 D/SensorService( 1741): removing connection 0xb4000073db54b800 for sensor[3].handle=0x00000013
02-03 21:07:15.713 D/SensorService( 1741): removing connection 0xb4000073db54b800 for sensor[4].handle=0x0000001b
02-03 21:07:15.713 D/SensorService( 1741): removing connection 0xb4000073db54b800 for sensor[5].handle=0x000003e9
02-03 21:07:15.713 D/SensorService( 1741): removing connection 0xb4000073db54b800 for sensor[6].handle=0x0100004f
02-03 21:07:15.713 D/SensorService( 1741): removing connection 0xb4000073db54b800 for sensor[7].handle=0x01000051
02-03 21:07:15.713 D/SensorService( 1741): removing connection 0xb4000073db54b800 for sensor[8].handle=0x01000053
02-03 21:07:15.713 D/SensorService( 1741): removing connection 0xb4000073db54b800 for sensor[9].handle=0x5f677276
02-03 21:07:15.713 D/SensorService( 1741): removing connection 0xb4000073db54b800 for sensor[10].handle=0x5f726f76
02-03 21:07:15.722 V/SystemSensorManagerExtImpl( 4753): unRegisterListener by com.google.ccc.abuse.droidguard.events.b
02-03 21:07:15.722 W/SensorService( 1741): SensorEventConnection sensor handle=1601335158, package = com.google.ccc.abuse.droidguard.events.b disable
02-03 21:07:15.724 D/SensorService( 1741): SensorFusion::activate(mode=0, ident=0xb400007340673e00, enabled=0)
02-03 21:07:15.724 D/SensorFusionExtImpl( 1741): isOplusSensorNeedActivate
02-03 21:07:15.724 D/SensorServiceUtils( 1741): isOplusSensorNeedActivate do nothing in isOplusSensorNeedActivate()
02-03 21:07:15.724 D/SensorService( 1741): SensorDevice::activate: ident=0xb400007340673e00, handle=0x00000001, enabled=0, count=7
02-03 21:07:15.724 D/SensorService( 1741): disable index=4
02-03 21:07:15.724 D/SensorService( 1741): 	>>> actuating h/w batch 0x00000001 20000000 50000000
02-03 21:07:15.725 I/Accelerometer(  852): batch: handle:0, flag:0,samplingPeriodNs:20000000 maxBatchReportLatencyNs:50000000
02-03 21:07:15.726 D/SensorService( 1741): activateHardware = 0
02-03 21:07:15.726 D/SensorService( 1741): SensorDevice::activate: ident=0xb400007340673e00, handle=0x00000002, enabled=0, count=1
02-03 21:07:15.726 D/SensorService( 1741): disable index=0
02-03 21:07:15.726 D/SensorService( 1741): activateHardware = 1
02-03 21:07:15.726 D/SensorService( 1741): 	>>> actuating h/w activate handle=2 enabled=0
02-03 21:07:15.726 I/Magnetic(  852): enable: handle:1, en:0 
02-03 21:07:15.727 E/android.hardware.sensors@2.0-service.multihal-mediatek(  852): AKM AKH_SaveParameter fopen success
02-03 21:07:15.728 E/android.hardware.sensors@2.0-service.multihal-mediatek(  852): AKM AKH_SaveParameter fclose success
02-03 21:07:15.728 D/SensorService( 1741): SensorDevice::activate: ident=0xb400007340673e00, handle=0x00000010, enabled=0, count=2
02-03 21:07:15.728 D/SensorService( 1741): disable index=1
02-03 21:07:15.728 D/SensorService( 1741): 	>>> actuating h/w batch 0x00000010 5000000 0
02-03 21:07:15.728 D/SensorService( 1741): activateHardware = 0
02-03 21:07:15.728 D/SensorServiceExtImpl( 1741): setLastEventStateForDisable reset the mRecentEvent handle = 1601335158
02-03 21:07:15.728 D/SensorServiceExtImpl( 1741): disable reset the lastEvent handle = 1601335158 in disable
02-03 21:07:15.729 D/SensorService( 1741): ~SensorEventConnection(0xb400007340673e00)
02-03 21:07:15.729 D/SensorService( 1741): 10 active sensors
02-03 21:07:15.729 D/SensorService( 1741): removing connection 0xb400007340673e00 for sensor[0].handle=0x00000001
02-03 21:07:15.729 D/SensorService( 1741): removing connection 0xb400007340673e00 for sensor[1].handle=0x00000004
02-03 21:07:15.729 D/SensorService( 1741): removing connection 0xb400007340673e00 for sensor[2].handle=0x00000011
02-03 21:07:15.729 D/SensorService( 1741): removing connection 0xb400007340673e00 for sensor[3].handle=0x00000013
02-03 21:07:15.729 D/SensorService( 1741): removing connection 0xb400007340673e00 for sensor[4].handle=0x0000001b
02-03 21:07:15.729 D/SensorService( 1741): removing connection 0xb400007340673e00 for sensor[5].handle=0x000003e9
02-03 21:07:15.729 D/SensorService( 1741): removing connection 0xb400007340673e00 for sensor[6].handle=0x0100004f
02-03 21:07:15.729 D/SensorService( 1741): removing connection 0xb400007340673e00 for sensor[7].handle=0x01000051
02-03 21:07:15.729 D/SensorService( 1741): removing connection 0xb400007340673e00 for sensor[8].handle=0x01000053
02-03 21:07:15.730 D/SensorService( 1741): removing connection 0xb400007340673e00 for sensor[9].handle=0x5f677276
02-03 21:07:15.737 I/libPowerHal(  863): [perfLockRel] hdl:97276, idx:1
02-03 21:07:15.738 I/libPowerHal(  863): [PD] MTKPOWER_HINT_APP_TOUCH update cmd:3408600 param:0
02-03 21:07:15.743 I/GoogleInputMethodService( 5757): GoogleInputMethodService.onFinishInputView():1588 onFinishInputView(false)
02-03 21:07:15.743 I/GlobeKeyExtension( 5757): GlobeKeyExtension.onDeactivate():144 
02-03 21:07:15.743 W/TooltipLifecycleManager( 5757): TooltipLifecycleManager.dismissTooltips():153 Tooltip with id SUGGESTION_VIEW_EDU_MINI_DIALOG not found in tooltipManager.
02-03 21:07:15.744 I/VoiceInputManagerWrapper( 5757): VoiceInputManagerWrapper.shutdown():131 shutdown()
02-03 21:07:15.745 W/TooltipLifecycleManager( 5757): TooltipLifecycleManager.dismissTooltips():153 Tooltip with id spell_check_add_to_dictionary not found in tooltipManager.
02-03 21:07:15.746 I/AndroidIME( 5757): AbstractIme.onDeactivate():213 PasswordIme.onDeactivate()
02-03 21:07:15.746 D/OplusUIFirst_FB( 1741): com.google.android.inputmethod.latin moveToBack 5757
02-03 21:07:15.747 I/PrimesLoggerHolder( 5757): FrameMetricServiceImpl.stopAsFuture():239 Measurement not found: OnConfigurationChanged
02-03 21:07:15.748 W/TooltipLifecycleManager( 5757): TooltipLifecycleManager.dismissTooltips():153 Tooltip with id undo_access_point_promotion_banner not found in tooltipManager.
02-03 21:07:15.750 D/InputMethodManagerService( 1741): onHandleImeWindowVisibleStatus: vis = 0, needsToShowImeSwitcher = false
02-03 21:07:15.753 D/OplusWindowManagerServiceEnhance( 1741): setInsetAnimationTid: pid 25078 tid 7132 enable true
02-03 21:07:15.765 D/OplusFullScreenDisplayManager( 1741): adjustWindowParamsLw com.google.android.inputmethod.latin, no change cutoutMode: 0
02-03 21:07:15.765 V/WindowManager( 1741): Relayout Window{96ba97a u0 InputMethod}: viewVisibility=0, oldvis=0, req=1080x2290
02-03 21:07:15.770 V/WindowStateExtImpl( 1741): notifyWindowStateChange input show
02-03 21:07:15.774 I/KeyboardModeUtils( 5757): KeyboardModeUtils.getKeyboardBottomOffset():435 inch: 0.000000 ydpi: 409.016998 adjustKeyboardBottomByDisplaySize: false currentDensityDpi: 408 defaultDensityDpi: 408 keyboardBottomToScreenPx: 0 keyboardBottomToNavBarPx: -41 navBarHeight: 41
02-03 21:07:15.775 I/BaseKeyboardSizeHelper( 5757): BaseKeyboardSizeHelper.calculateMaxKeyboardBodyHeight():73 leave 273 height for app when ime window height:2249, header height:112 and isFullscreenMode:false, so the max keyboard body height is:1864
02-03 21:07:15.775 I/BaseKeyboardSizeHelper( 5757): BaseKeyboardSizeHelper.calculateMaxKeyboardBodyHeight():73 leave 273 height for app when ime window height:2249, header height:112 and isFullscreenMode:false, so the max keyboard body height is:1864
02-03 21:07:15.776 D/VRI[InputMethod]( 5757): registerCallbacksForSync syncBuffer=false
02-03 21:07:15.787 D/VRI[InputMethod]( 5757): Received frameCommittedCallback lastAttemptedDrawFrameNum=87 didProduceBuffer=true syncBuffer=false
02-03 21:07:15.787 D/VRI[InputMethod]( 5757): draw finished.
02-03 21:07:15.789 D/WindowManager( 1741): finishDrawingWindow: Window{96ba97a u0 InputMethod} mDrawState=HAS_DRAWN
02-03 21:07:15.841 D/InputMethodManagerService( 1741): onHandleImeWindowVisibleStatus: vis = 0, needsToShowImeSwitcher = false
02-03 21:07:15.906 D/AALLightSensor( 1200): oldLux=24 [SA:25 LA:23] newLux=24 (oriLux: 26)
02-03 21:07:15.974 D/OplusWindowManagerServiceEnhance( 1741): setInsetAnimationTid: pid 25078 tid 7132 enable false
02-03 21:07:15.976 D/OplusAtlasService( 3289): getAttributeByAppName module:oplus-getStreamMaxVolume packageName:com.cricbuzz.android
02-03 21:07:15.977 D/AudioManagerExtImpl(31255): getStreamVolume packageName=com.cricbuzz.android, index=6, streamType=3
02-03 21:07:15.978 I/DispPerfService(  962): updateLayerMask 0
02-03 21:07:15.982 D/OplusAtlasService( 3289): getAttributeByAppName module:oplus-getStreamMaxVolume packageName:com.cricbuzz.android
02-03 21:07:15.984 D/AudioManagerExtImpl(31255): getStreamVolume packageName=com.cricbuzz.android, index=6, streamType=3
02-03 21:07:16.047 I/hwcomposer(  843): [HWC] (0)fire a callback of refresh to SF[4]  
02-03 21:07:16.131 W/putmethod.latin( 5757): Reducing the number of considered missed Gc histogram windows from 153 to 100
02-03 21:07:16.141 W/SP      ( 5757): File ref is being finalized but wasn't closed, file: en-US-small-rnnt[920]
02-03 21:07:16.141 W/SP      ( 5757): File ref is being finalized but wasn't closed, file: en-GB-v201-f20[920]
02-03 21:07:16.141 W/SP      ( 5757): File ref is being finalized but wasn't closed, file: en-US-small-rnnt[920]
02-03 21:07:16.141 W/SP      ( 5757): File ref is being finalized but wasn't closed, file: en-GB-v201-f20[920]
02-03 21:07:16.142 W/SP      ( 5757): File ref is being finalized but wasn't closed, file: en-US-small-rnnt[920]
02-03 21:07:16.142 W/SP      ( 5757): File ref is being finalized but wasn't closed, file: en-GB-v201-f20[920]
02-03 21:07:16.325 D/OGG_Detector( 1741): D:done mCurrStatus: 0
02-03 21:07:16.326 D/NoBackGesture( 2210): Start gesture: MotionEvent { action=ACTION_DOWN, actionButton=0, id[0]=0, x[0]=780.25, y[0]=1569.25, toolType[0]=TOOL_TYPE_FINGER, buttonState=0, classification=NONE, metaState=0, flags=0x0, edgeFlags=0x0, pointerCount=1, historySize=0, eventTime=101993651, downTime=101993651, deviceId=4, source=0x1002, displayId=0, eventId=841646612 }
02-03 21:07:16.326 D/PowerManagerService( 1741): userActivityNoUpdateLocked: groupId=0, eventTime=101993651, event=2, flags=0x0, uid=1000
02-03 21:07:16.326 D/NoBackGesture( 2210): Not in side gesture area
02-03 21:07:16.381 I/libPowerHal(  863): [perfLockRel] hdl:97277, idx:1
02-03 21:07:16.381 I/libPowerHal(  863): [PD] MTKPOWER_HINT_APP_TOUCH update cmd:3408600 param:0
02-03 21:07:16.435 I/hwcomposer(  843): [HWC] (0)fire a callback of refresh to SF[4]  
02-03 21:07:16.440 W/unknown:ReactNative(25078): Attempt to set local data for view with unknown tag: -1
02-03 21:07:16.440 W/unknown:ReactNative(25078): Attempt to set local data for view with unknown tag: -1
02-03 21:07:16.477 I/oplus.android.OplusFrameworkFactoryImpl(25078): get feature:IOplusDynamicVsyncFeature
02-03 21:07:16.477 I/oplus.android.OplusFrameworkFactoryImpl(25078): get feature:IOplusDynamicVsyncFeature
02-03 21:07:16.478 I/oplus.android.OplusFrameworkFactoryImpl(25078): get feature:IOplusDynamicVsyncFeature
02-03 21:07:16.486 W/TooltipLifecycleManager( 5757): TooltipLifecycleManager.dismissTooltips():153 Tooltip with id undo_access_point_promotion_banner not found in tooltipManager.
02-03 21:07:16.493 V/WindowManager( 1741): Relayout Window{96ba97a u0 InputMethod}: viewVisibility=8, oldvis=0, req=1080x2290
02-03 21:07:16.502 D/BLASTBufferQueue( 5757): [VRI[InputMethod][InputMethod]#298](f:0,a:1) destructor()
02-03 21:07:16.502 D/BufferQueueConsumer( 5757): [VRI[InputMethod][InputMethod]#298(BLAST Consumer)298](id:167d0000012a,api:0,p:-1,c:5757) disconnect
02-03 21:07:16.505 D/Layer   (  962): reparent to null sequence=37928, seq[4], name=InputMethod#37928
02-03 21:07:16.506 I/BufferQueueDebug(  962): [InputMethod#37928](this:0xb400007964bc99e8,id:-1,api:0,p:-1,c:962) onDestructor()
02-03 21:07:16.506 D/OplusLayer(  962): ~Layer() sequence=37928, name=InputMethod#37928
02-03 21:07:16.512 D/nativeloader(25078): Load /data/app/~~k7PbpcsrrxRZNQuaNrCZTg==/com.wholexale.app.staging-aOMQv2C4D7abQ4bWqoV6PQ==/base.apk!/lib/arm64-v8a/libreactnativeblob.so using class loader ns clns-4 (caller=/data/app/~~k7PbpcsrrxRZNQuaNrCZTg==/com.wholexale.app.staging-aOMQv2C4D7abQ4bWqoV6PQ==/base.apk): ok
02-03 21:07:16.519 I/ReactNativeJS(25078): DEBUG: Starting category flow initialization...
02-03 21:07:16.520 I/ReactNativeJS(25078): 'DEBUG: Current user:', { id: 'user_123',
02-03 21:07:16.520 I/ReactNativeJS(25078):   email: 'test@example.com',
02-03 21:07:16.520 I/ReactNativeJS(25078):   name: 'John Doe',
02-03 21:07:16.520 I/ReactNativeJS(25078):   userType: 'buyer',
02-03 21:07:16.520 I/ReactNativeJS(25078):   phone: '+91 9876543210',
02-03 21:07:16.520 I/ReactNativeJS(25078):   location: { state: 'Maharashtra', city: 'Mumbai', pincode: '400001' },
02-03 21:07:16.520 I/ReactNativeJS(25078):   verificationStatus: 'verified',
02-03 21:07:16.520 I/ReactNativeJS(25078):   createdAt: '2026-02-03T15:37:16.388Z',
02-03 21:07:16.520 I/ReactNativeJS(25078):   lastLoginAt: '2026-02-03T15:37:16.388Z' }
02-03 21:07:16.520 I/ReactNativeJS(25078): 'DEBUG: Current isCategoryCompleted:', true
02-03 21:07:16.520 I/ReactNativeJS(25078): DEBUG: Loading category preference from storage...
02-03 21:07:16.520 I/oplus.android.OplusFrameworkFactoryImpl(25078): get feature:IOplusDynamicVsyncFeature
02-03 21:07:16.520 I/oplus.android.OplusFrameworkFactoryImpl(25078): get feature:IOplusDynamicVsyncFeature
02-03 21:07:16.520 I/oplus.android.OplusFrameworkFactoryImpl(25078): get feature:IOplusDynamicVsyncFeature
02-03 21:07:16.523 I/oplus.android.OplusFrameworkFactoryImpl(25078): get feature:IOplusDynamicVsyncFeature
02-03 21:07:16.523 I/oplus.android.OplusFrameworkFactoryImpl(25078): get feature:IOplusDynamicVsyncFeature
02-03 21:07:16.523 I/oplus.android.OplusFrameworkFactoryImpl(25078): get feature:IOplusDynamicVsyncFeature
02-03 21:07:16.532 I/WebViewFactory(25078): Loading com.google.android.webview version 144.0.7559.59 (code 755905933)
02-03 21:07:16.538 W/ale.app.staging(25078): Failed to find entry 'classes.dex': Entry not found
02-03 21:07:16.539 D/nativeloader(25078): Configuring clns-5 for other apk /data/app/~~lWK0mFHGFRxE97BuM1-pjQ==/com.google.android.trichromelibrary_755905933-9Q6w9c5YqiBYkQ3cXBMsnw==/base.apk. target_sdk_version=36, uses_libraries=ALL, library_path=/data/app/~~ba1rnxB7ZCj64Ci9hZIlHw==/com.google.android.webview-A4r6gGqLlkNEBwWxZjPAkw==/lib/arm64:/data/app/~~ba1rnxB7ZCj64Ci9hZIlHw==/com.google.android.webview-A4r6gGqLlkNEBwWxZjPAkw==/base.apk!/lib/arm64-v8a:/data/app/~~lWK0mFHGFRxE97BuM1-pjQ==/com.google.android.trichromelibrary_755905933-9Q6w9c5YqiBYkQ3cXBMsnw==/base.apk!/lib/arm64-v8a, permitted_path=/data:/mnt/expand
02-03 21:07:16.539 D/nativeloader(25078): Extending system_exposed_libraries: libapuwareapusys.mtk.so:libapuwareapusys_v2.mtk.so:libapuwarexrp.mtk.so:libapuwarexrp_v2.mtk.so:libapuwareutils.mtk.so:libapuwareutils_v2.mtk.so:libapuwarehmp.mtk.so:libmcv_runtime_usdk.mtk.so:libneuron_graph_delegate.mtk.so:libneuronusdk_adapter.mtk.so:libtflite_mtk.mtk.so:libarmnn_ndk.mtk.so:libcmdl_ndk.mtk.so:libnir_neon_driver_ndk.mtk.so:libmvpu_runtime.mtk.so:libmvpu_runtime_pub.mtk.so:libmvpu_engine_pub.mtk.so:libmvpu_pattern_pub.mtk.so:libmvpuop_mtk_cv.mtk.so:libmvpuop_mtk_nn.mtk.so:libteeservice_client.trustonic.so:libSloganJni.oplus.so:libsuperNight.oplus.so
02-03 21:07:16.543 D/nativeloader(25078): Configuring clns-6 for other apk /system_ext/framework/androidx.window.extensions.jar. target_sdk_version=36, uses_libraries=ALL, library_path=/data/app/~~ba1rnxB7ZCj64Ci9hZIlHw==/com.google.android.webview-A4r6gGqLlkNEBwWxZjPAkw==/lib/arm64:/data/app/~~ba1rnxB7ZCj64Ci9hZIlHw==/com.google.android.webview-A4r6gGqLlkNEBwWxZjPAkw==/base.apk!/lib/arm64-v8a:/data/app/~~lWK0mFHGFRxE97BuM1-pjQ==/com.google.android.trichromelibrary_755905933-9Q6w9c5YqiBYkQ3cXBMsnw==/base.apk!/lib/arm64-v8a, permitted_path=/data:/mnt/expand
02-03 21:07:16.543 D/nativeloader(25078): Extending system_exposed_libraries: libapuwareapusys.mtk.so:libapuwareapusys_v2.mtk.so:libapuwarexrp.mtk.so:libapuwarexrp_v2.mtk.so:libapuwareutils.mtk.so:libapuwareutils_v2.mtk.so:libapuwarehmp.mtk.so:libmcv_runtime_usdk.mtk.so:libneuron_graph_delegate.mtk.so:libneuronusdk_adapter.mtk.so:libtflite_mtk.mtk.so:libarmnn_ndk.mtk.so:libcmdl_ndk.mtk.so:libnir_neon_driver_ndk.mtk.so:libmvpu_runtime.mtk.so:libmvpu_runtime_pub.mtk.so:libmvpu_engine_pub.mtk.so:libmvpu_pattern_pub.mtk.so:libmvpuop_mtk_cv.mtk.so:libmvpuop_mtk_nn.mtk.so:libteeservice_client.trustonic.so:libSloganJni.oplus.so:libsuperNight.oplus.so
02-03 21:07:16.546 D/nativeloader(25078): Configuring clns-7 for other apk /data/app/~~ba1rnxB7ZCj64Ci9hZIlHw==/com.google.android.webview-A4r6gGqLlkNEBwWxZjPAkw==/base.apk. target_sdk_version=36, uses_libraries=, library_path=/data/app/~~ba1rnxB7ZCj64Ci9hZIlHw==/com.google.android.webview-A4r6gGqLlkNEBwWxZjPAkw==/lib/arm64:/data/app/~~ba1rnxB7ZCj64Ci9hZIlHw==/com.google.android.webview-A4r6gGqLlkNEBwWxZjPAkw==/base.apk!/lib/arm64-v8a:/data/app/~~lWK0mFHGFRxE97BuM1-pjQ==/com.google.android.trichromelibrary_755905933-9Q6w9c5YqiBYkQ3cXBMsnw==/base.apk!/lib/arm64-v8a, permitted_path=/data:/mnt/expand
02-03 21:07:16.566 I/cr_WVCFactoryProvider(25078): version=144.0.7559.59 (755905933) minSdkVersion=29 multiprocess=true packageId=127 splits=<none>
02-03 21:07:16.567 I/hwcomposer(  843): [HWC] (0)fire a callback of refresh to SF[4]  
02-03 21:07:16.571 D/nativeloader(25078): Load /data/app/~~lWK0mFHGFRxE97BuM1-pjQ==/com.google.android.trichromelibrary_755905933-9Q6w9c5YqiBYkQ3cXBMsnw==/base.apk!/lib/arm64-v8a/libmonochrome_64.so using class loader ns clns-7 (caller=/data/app/~~ba1rnxB7ZCj64Ci9hZIlHw==/com.google.android.webview-A4r6gGqLlkNEBwWxZjPAkw==/base.apk): ok
02-03 21:07:16.573 D/nativeloader(25078): Load /system/lib64/libwebviewchromium_plat_support.so using class loader ns clns-7 (caller=/data/app/~~ba1rnxB7ZCj64Ci9hZIlHw==/com.google.android.webview-A4r6gGqLlkNEBwWxZjPAkw==/base.apk): ok
02-03 21:07:16.584 I/cr_LibraryLoader(25078): Successfully loaded native library
02-03 21:07:16.585 I/cr_CachingUmaRecorder(25078): Flushed 16 samples from 16 histograms, 0 samples were dropped.
02-03 21:07:16.598 I/ReactNativeJS(25078): 'Retrieved category preference from AsyncStorage:', 'fashion-lifestyle'
02-03 21:07:16.612 I/ReactNativeJS(25078): 'DEBUG: Category preference loaded. Result:', { type: 'category/loadCategoryPreference/fulfilled',
02-03 21:07:16.612 I/ReactNativeJS(25078):   payload: 
02-03 21:07:16.612 I/ReactNativeJS(25078):    { categoryId: 'fashion-lifestyle',
02-03 21:07:16.612 I/ReactNativeJS(25078):      categoryDetails: 
02-03 21:07:16.612 I/ReactNativeJS(25078):       { id: 'fashion-lifestyle',
02-03 21:07:16.612 I/ReactNativeJS(25078):         name: 'Fashion & Lifestyle',
02-03 21:07:16.612 I/ReactNativeJS(25078):         icon: 'shopping-bag',
02-03 21:07:16.612 I/ReactNativeJS(25078):         color: '#E91E63',
02-03 21:07:16.612 I/ReactNativeJS(25078):         subCategories: 
02-03 21:07:16.612 I/ReactNativeJS(25078):          [ 'Clothing',
02-03 21:07:16.612 I/ReactNativeJS(25078):            'Footwear',
02-03 21:07:16.612 I/ReactNativeJS(25078):            'Accessories',
02-03 21:07:16.612 I/ReactNativeJS(25078):            'Beauty Products',
02-03 21:07:16.612 I/ReactNativeJS(25078):            'Jewelry',
02-03 21:07:16.612 I/ReactNativeJS(25078):            'Bags & Luggage' ] },
02-03 21:07:16.612 I/ReactNativeJS(25078):      isCompleted: true },
02-03 21:07:16.612 I/ReactNativeJS(25078):   meta: 
02-03 21:07:16.612 I/ReactNativeJS(25078):    { arg: undefined,
02-03 21:07:16.612 I/ReactNativeJS(25078):      requestId: 'oV47XDb49xz02Ih9c0dQs',
02-03 21:07:16.612 I/ReactNativeJS(25078):      requestStatus: 'fulfilled' } }
02-03 21:07:16.612 I/ReactNativeJS(25078): DEBUG: Checking if category selection should be shown...
02-03 21:07:16.613 I/ReactNativeJS(25078): 'DEBUG: Current user state:', { id: 'user_123',
02-03 21:07:16.613 I/ReactNativeJS(25078):   email: 'test@example.com',
02-03 21:07:16.613 I/ReactNativeJS(25078):   name: 'John Doe',
02-03 21:07:16.613 I/ReactNativeJS(25078):   userType: 'buyer',
02-03 21:07:16.613 I/ReactNativeJS(25078):   phone: '+91 9876543210',
02-03 21:07:16.613 I/ReactNativeJS(25078):   location: { state: 'Maharashtra', city: 'Mumbai', pincode: '400001' },
02-03 21:07:16.613 I/ReactNativeJS(25078):   verificationStatus: 'verified',
02-03 21:07:16.613 I/ReactNativeJS(25078):   createdAt: '2026-02-03T15:37:16.388Z',
02-03 21:07:16.613 I/ReactNativeJS(25078):   lastLoginAt: '2026-02-03T15:37:16.388Z' }
02-03 21:07:16.613 I/ReactNativeJS(25078): 'DEBUG: Current isCategoryCompleted:', true
02-03 21:07:16.613 I/ReactNativeJS(25078): 'DEBUG: isFirstTimeUser calculated as:', false
02-03 21:07:16.622 I/ReactNativeJS(25078): 'Retrieved category preference from AsyncStorage:', 'fashion-lifestyle'
02-03 21:07:16.623 I/ReactNativeJS(25078): 'DEBUG: Category flow check result:', { shouldShow: false,
02-03 21:07:16.623 I/ReactNativeJS(25078):   reason: 'setup_complete',
02-03 21:07:16.623 I/ReactNativeJS(25078):   user: true,
02-03 21:07:16.623 I/ReactNativeJS(25078):   isCategoryCompleted: true }
02-03 21:07:16.623 I/ReactNativeJS(25078): DEBUG: Updating Redux state with category selection decision...
02-03 21:07:16.623 D/CursorFeedback(25078): editorDetachFromWindow android.widget.Editor@b16078e
02-03 21:07:16.623 D/CursorFeedback(25078): editorDetachFromWindow android.widget.Editor@482abaf
02-03 21:07:16.624 I/ReactNativeJS(25078): DEBUG: Category flow initialization completed
02-03 21:07:16.626 I/ReactNative(25078): [GESTURE HANDLER] Tearing down gesture handler registered for root view com.facebook.react.ReactRootView{7e3f449 V.E...... ......ID 0,0-1080,2290 #b}
02-03 21:07:16.636 D/OplusFullScreenDisplayManager( 1741): adjustWindowParamsLw com.wholexale.app.staging, no change cutoutMode: 0
02-03 21:07:16.636 V/WindowManager( 1741): Relayout Window{a72305 u0 com.wholexale.app.staging/com.wholexale.app.MainActivity}: viewVisibility=0, oldvis=0, req=1080x2400
02-03 21:07:16.673 W/unknown:ReactNative(25078): Attempt to set local data for view with unknown tag: -1
02-03 21:07:16.673 W/unknown:ReactNative(25078): Attempt to set local data for view with unknown tag: -1
02-03 21:07:16.703 I/oplus.android.OplusFrameworkFactoryImpl(25078): get feature:IOplusDynamicVsyncFeature
02-03 21:07:16.703 I/oplus.android.OplusFrameworkFactoryImpl(25078): get feature:IOplusDynamicVsyncFeature
02-03 21:07:16.703 I/oplus.android.OplusFrameworkFactoryImpl(25078): get feature:IOplusDynamicVsyncFeature
02-03 21:07:16.707 I/hwcomposer(  843): [HWC] (0)fire a callback of refresh to SF[4]  
02-03 21:07:16.724 I/oplus.android.OplusFrameworkFactoryImpl(25078): get feature:IOplusDynamicVsyncFeature
02-03 21:07:16.724 I/oplus.android.OplusFrameworkFactoryImpl(25078): get feature:IOplusDynamicVsyncFeature
02-03 21:07:16.724 I/oplus.android.OplusFrameworkFactoryImpl(25078): get feature:IOplusDynamicVsyncFeature
02-03 21:07:16.725 D/OplusTelephonyController( 2506): onSignalStrengthChanged: SignalStrength=SignalStrength:{mCdma=CellSignalStrengthCdma: cdmaDbm=2147483647 cdmaEcio=2147483647 evdoDbm=2147483647 evdoEcio=2147483647 evdoSnr=2147483647 level=0,mGsm=CellSignalStrengthGsm: rssi=2147483647 ber=2147483647 mTa=2147483647 mLevel=0,mWcdma=CellSignalStrengthWcdma: ss=2147483647 ber=2147483647 rscp=2147483647 ecno=2147483647 level=0,mTdscdma=CellSignalStrengthTdscdma: rssi=2147483647 ber=2147483647 rscp=2147483647 level=0,mLte=CellSignalStrengthLte: rssi=2147483647 rsrp=-106 rsrq=-12 rssnr=7 cqiTableIndex=2147483647 cqi=0 ta=0 level=3 parametersUseForLevel=0,mNr=CellSignalStrengthNr:{ csiRsrp = 2147483647 csiRsrq = 2147483647 csiCqiTableIndex = 2147483647 csiCqiReport = [] ssRsrp = 2147483647 ssRsrq = 2147483647 ssSinr = 2147483647 level = 0 parametersUseForLevel = 0 },primary=CellSignalStrengthLte}, phoneId=0, mMtkLevel=0, mMtkRsrpOnly=false, mMtkLteRsrpThreshold=null, mMtkLteRssnrThreshold=null
02-03 21:07:16.735 I/oplus.android.OplusFrameworkFactoryImpl(25078): get feature:IOplusDynamicVsyncFeature
02-03 21:07:16.735 I/oplus.android.OplusFrameworkFactoryImpl(25078): get feature:IOplusDynamicVsyncFeature
02-03 21:07:16.735 I/oplus.android.OplusFrameworkFactoryImpl(25078): get feature:IOplusDynamicVsyncFeature
02-03 21:07:16.753 I/dxvd    ( 5870): (REDACTED) appOpsListener %s %s
02-03 21:07:16.754 I/dxvd    ( 5870): (REDACTED) Ignoring irrelevant audio permission changes for package %s
02-03 21:07:16.764 E/ReactNativeJS(25078): TypeError: Cannot read property 'numColumns' of undefined
02-03 21:07:16.764 E/ReactNativeJS(25078): 
02-03 21:07:16.764 E/ReactNativeJS(25078): This error is located at:
02-03 21:07:16.764 E/ReactNativeJS(25078):     in FlatList
02-03 21:07:16.764 E/ReactNativeJS(25078):     in RCTView
02-03 21:07:16.764 E/ReactNativeJS(25078):     in Unknown
02-03 21:07:16.764 E/ReactNativeJS(25078):     in RCTView
02-03 21:07:16.764 E/ReactNativeJS(25078):     in Unknown
02-03 21:07:16.764 E/ReactNativeJS(25078):     in RCTScrollView
02-03 21:07:16.764 E/ReactNativeJS(25078):     in ScrollView
02-03 21:07:16.764 E/ReactNativeJS(25078):     in ScrollView
02-03 21:07:16.764 E/ReactNativeJS(25078):     in RCTView
02-03 21:07:16.764 E/ReactNativeJS(25078):     in Unknown
02-03 21:07:16.764 E/ReactNativeJS(25078):     in HomeScreen
02-03 21:07:16.764 E/ReactNativeJS(25078):     in StaticContainer
02-03 21:07:16.764 E/ReactNativeJS(25078):     in EnsureSingleNavigator
02-03 21:07:16.764 E/ReactNativeJS(25078):     in SceneView
02-03 21:07:16.764 E/ReactNativeJS(25078):     in RCTView
02-03 21:07:16.764 E/ReactNativeJS(25078):     in Unknown
02-03 21:07:16.764 E/ReactNativeJS(25078):     in RCTView
02-03 21:07:16.764 E/ReactNativeJS(25078):     in Unknown
02-03 21:07:16.764 E/ReactNativeJS(25078):     in Background
02-03 21:07:16.764 E/ReactNativeJS(25078):     in Screen
02-03 21:07:16.764 E/ReactNativeJS(25078):     in RNSScreen
02-03 21:07:16.764 E/ReactNativeJS(25078):     in Unknown
02-03 21:07:16.764 E/ReactNativeJS(25078):     in Suspender
02-03 21:07:16.764 E/ReactNativeJS(25078):     in Suspense
02-03 21:07:16.764 E/ReactNativeJS(25078):     in Freeze
02-03 21:07:16.764 E/ReactNativeJS(25078):     in DelayedFreeze
02-03 21:07:16.764 E/ReactNativeJS(25078):     in InnerScreen
02-03 21:07:16.764 E/ReactNativeJS(25078):     in Screen
02-03 21:07:16.764 E/ReactNativeJS(25078):     in MaybeScreen
02-03 21:07:16.764 E/ReactNativeJS(25078):     in RNSScreenContainer
02-03 21:07:16.764 E/ReactNativeJS(25078):     in ScreenContainer
02-03 21:07:16.764 E/ReactNativeJS(25078):     in MaybeScreenContainer
02-03 21:07:16.764 E/ReactNativeJS(25078):     in RCTView
02-03 21:07:16.764 E/ReactNativeJS(25078):     in Unknown
02-03 21:07:16.764 E/ReactNativeJS(25078):     in SafeAreaProviderCompat
02-03 21:07:16.764 E/ReactNativeJS(25078):     in BottomTabView
02-03 21:07:16.764 E/ReactNativeJS(25078):     in PreventRemoveProvider
02-03 21:07:16.764 E/ReactNativeJS(25078):     in NavigationContent
02-03 21:07:16.764 E/ReactNativeJS(25078):     in Unknown
02-03 21:07:16.764 E/ReactNativeJS(25078):     in BottomTabNavigator
02-03 21:07:16.764 E/ReactNativeJS(25078):     in RCTView
02-03 21:07:16.764 E/ReactNativeJS(25078):     in Unknown
02-03 21:07:16.764 E/ReactNativeJS(25078):     in BuyerTabNavigator
02-03 21:07:16.764 E/ReactNativeJS(25078):     in StaticContainer
02-03 21:07:16.764 E/ReactNativeJS(25078):     in EnsureSingleNavigator
02-03 21:07:16.764 E/ReactNativeJS(25078):     in SceneView
02-03 21:07:16.764 E/ReactNativeJS(25078):     in RCTView
02-03 21:07:16.764 E/ReactNativeJS(25078):     in Unknown
02-03 21:07:16.764 E/ReactNativeJS(25078):     in RCTView
02-03 21:07:16.764 E/ReactNativeJS(25078):     in Unknown
02-03 21:07:16.764 E/ReactNativeJS(25078):     in RCTView
02-03 21:07:16.764 E/ReactNativeJS(25078):     in Unknown
02-03 21:07:16.764 E/ReactNativeJS(25078):     in CardSheet
02-03 21:07:16.764 E/ReactNativeJS(25078):     in RCTView
02-03 21:07:16.764 E/ReactNativeJS(25078):     in Unknown
02-03 21:07:16.764 E/ReactNativeJS(25078):     in Unknown
02-03 21:07:16.764 E/ReactNativeJS(25078):     in PanGestureHandler
02-03 21:07:16.764 E/ReactNativeJS(25078):     in PanGestureHandler
02-03 21:07:16.764 E/ReactNativeJS(25078):     in RCTView
02-03 21:07:16.764 E/ReactNativeJS(25078):     in Unknown
02-03 21:07:16.764 E/ReactNativeJS(25078):     in Unknown
02-03 21:07:16.764 E/ReactNativeJS(25078):     in RCTView
02-03 21:07:16.764 E/ReactNativeJS(25078):     in Unknown
02-03 21:07:16.764 E/ReactNativeJS(25078):     in Card
02-03 21:07:16.764 E/ReactNativeJS(25078):     in CardContainer
02-03 21:07:16.764 E/ReactNativeJS(25078):     in RNSScreen
02-03 21:07:16.764 E/ReactNativeJS(25078):     in Unknown
02-03 21:07:16.764 E/ReactNativeJS(25078):     in Suspender
02-03 21:07:16.764 E/ReactNativeJS(25078):     in Suspense
02-03 21:07:16.764 E/ReactNativeJS(25078):     in Freeze
02-03 21:07:16.764 E/ReactNativeJS(25078):     in DelayedFreeze
02-03 21:07:16.764 E/ReactNativeJS(25078):     in InnerScreen
02-03 21:07:16.764 E/ReactNativeJS(25078):     in Screen
02-03 21:07:16.764 E/ReactNativeJS(25078):     in MaybeScreen
02-03 21:07:16.764 E/ReactNativeJS(25078):     in RNSScreenContainer
02-03 21:07:16.764 E/ReactNativeJS(25078):     in ScreenContainer
02-03 21:07:16.764 E/ReactNativeJS(25078):     in MaybeScreenContainer
02-03 21:07:16.764 E/ReactNativeJS(25078):     in RCTView
02-03 21:07:16.764 E/ReactNativeJS(25078):     in Unknown
02-03 21:07:16.764 E/ReactNativeJS(25078):     in Background
02-03 21:07:16.764 E/ReactNativeJS(25078):     in CardStack
02-03 21:07:16.764 E/ReactNativeJS(25078):     in RNCSafeAreaProvider
02-03 21:07:16.764 E/ReactNativeJS(25078):     in SafeAreaProvider
02-03 21:07:16.764 E/ReactNativeJS(25078):     in SafeAreaProviderCompat
02-03 21:07:16.764 E/ReactNativeJS(25078):     in RNGestureHandlerRootView
02-03 21:07:16.764 E/ReactNativeJS(25078):     in GestureHandlerRootView
02-03 21:07:16.764 E/ReactNativeJS(25078):     in StackView
02-03 21:07:16.764 E/ReactNativeJS(25078):     in PreventRemoveProvider
02-03 21:07:16.764 E/ReactNativeJS(25078):     in NavigationContent
02-03 21:07:16.764 E/ReactNativeJS(25078):     in Unknown
02-03 21:07:16.764 E/ReactNativeJS(25078):     in StackNavigator
02-03 21:07:16.764 E/ReactNativeJS(25078):     in EnsureSingleNavigator
02-03 21:07:16.764 E/ReactNativeJS(25078):     in BaseNavigationContainer
02-03 21:07:16.764 E/ReactNativeJS(25078):     in ThemeProvider
02-03 21:07:16.764 E/ReactNativeJS(25078):     in NavigationContainerInner
02-03 21:07:16.764 E/ReactNativeJS(25078):     in AppInner
02-03 21:07:16.764 E/ReactNativeJS(25078):     in AppProvider
02-03 21:07:16.764 E/ReactNativeJS(25078):     in AIProvider
02-03 21:07:16.764 E/ReactNativeJS(25078):     in LocalizationProvider
02-03 21:07:16.764 E/ReactNativeJS(25078):     in PersistGate
02-03 21:07:16.764 E/ReactNativeJS(25078):     in Provider
02-03 21:07:16.764 E/ReactNativeJS(25078):     in ReduxProvider
02-03 21:07:16.764 E/ReactNativeJS(25078):     in App
02-03 21:07:16.764 E/ReactNativeJS(25078):     in RCTView
02-03 21:07:16.764 E/ReactNativeJS(25078):     in Unknown
02-03 21:07:16.764 E/ReactNativeJS(25078):     in RCTView
02-03 21:07:16.764 E/ReactNativeJS(25078):     in Unknown
02-03 21:07:16.764 E/ReactNativeJS(25078):     in AppContainer, js engine: hermes
02-03 21:07:16.770 E/unknown:ReactNative(25078): TypeError: Cannot read property 'numColumns' of undefined
02-03 21:07:16.770 E/unknown:ReactNative(25078): 
02-03 21:07:16.770 E/unknown:ReactNative(25078): This error is located at:
02-03 21:07:16.770 E/unknown:ReactNative(25078):     in FlatList
02-03 21:07:16.770 E/unknown:ReactNative(25078):     in RCTView
02-03 21:07:16.770 E/unknown:ReactNative(25078):     in Unknown
02-03 21:07:16.770 E/unknown:ReactNative(25078):     in RCTView
02-03 21:07:16.770 E/unknown:ReactNative(25078):     in Unknown
02-03 21:07:16.770 E/unknown:ReactNative(25078):     in RCTScrollView
02-03 21:07:16.770 E/unknown:ReactNative(25078):     in ScrollView
02-03 21:07:16.770 E/unknown:ReactNative(25078):     in ScrollView
02-03 21:07:16.770 E/unknown:ReactNative(25078):     in RCTView
02-03 21:07:16.770 E/unknown:ReactNative(25078):     in Unknown
02-03 21:07:16.770 E/unknown:ReactNative(25078):     in HomeScreen
02-03 21:07:16.770 E/unknown:ReactNative(25078):     in StaticContainer
02-03 21:07:16.770 E/unknown:ReactNative(25078):     in EnsureSingleNavigator
02-03 21:07:16.770 E/unknown:ReactNative(25078):     in SceneView
02-03 21:07:16.770 E/unknown:ReactNative(25078):     in RCTView
02-03 21:07:16.770 E/unknown:ReactNative(25078):     in Unknown
02-03 21:07:16.770 E/unknown:ReactNative(25078):     in RCTView
02-03 21:07:16.770 E/unknown:ReactNative(25078):     in Unknown
02-03 21:07:16.770 E/unknown:ReactNative(25078):     in Background
02-03 21:07:16.770 E/unknown:ReactNative(25078):     in Screen
02-03 21:07:16.770 E/unknown:ReactNative(25078):     in RNSScreen
02-03 21:07:16.770 E/unknown:ReactNative(25078):     in Unknown
02-03 21:07:16.770 E/unknown:ReactNative(25078):     in Suspender
02-03 21:07:16.770 E/unknown:ReactNative(25078):     in Suspense
02-03 21:07:16.770 E/unknown:ReactNative(25078):     in Freeze
02-03 21:07:16.770 E/unknown:ReactNative(25078):     in DelayedFreeze
02-03 21:07:16.770 E/unknown:ReactNative(25078):     in InnerScreen
02-03 21:07:16.770 E/unknown:ReactNative(25078):     in Screen
02-03 21:07:16.770 E/unknown:ReactNative(25078):     in MaybeScreen
02-03 21:07:16.770 E/unknown:ReactNative(25078):     in RNSScreenContainer
02-03 21:07:16.770 E/unknown:ReactNative(25078):     in ScreenContainer
02-03 21:07:16.770 E/unknown:ReactNative(25078):     in MaybeScreenContainer
02-03 21:07:16.770 E/unknown:ReactNative(25078):     in RCTView
02-03 21:07:16.770 E/unknown:ReactNative(25078):     in Unknown
02-03 21:07:16.770 E/unknown:ReactNative(25078):     in SafeAreaProviderCompat
02-03 21:07:16.770 E/unknown:ReactNative(25078):     in BottomTabView
02-03 21:07:16.770 E/unknown:ReactNative(25078):     in PreventRemoveProvider
02-03 21:07:16.770 E/unknown:ReactNative(25078):     in NavigationContent
02-03 21:07:16.770 E/unknown:ReactNative(25078):     in Unknown
02-03 21:07:16.770 E/unknown:ReactNative(25078):     in BottomTabNavigator
02-03 21:07:16.770 E/unknown:ReactNative(25078):     in RCTView
02-03 21:07:16.770 E/unknown:ReactNative(25078):     in Unknown
02-03 21:07:16.770 E/unknown:ReactNative(25078):     in BuyerTabNavigator
02-03 21:07:16.770 E/unknown:ReactNative(25078):     in StaticContainer
02-03 21:07:16.770 E/unknown:ReactNative(25078):     in EnsureSingleNavigator
02-03 21:07:16.770 E/unknown:ReactNative(25078):     in SceneView
02-03 21:07:16.770 E/unknown:ReactNative(25078):     in RCTView
02-03 21:07:16.770 E/unknown:ReactNative(25078):     in Unknown
02-03 21:07:16.770 E/unknown:ReactNative(25078):     in RCTView
02-03 21:07:16.770 E/unknown:ReactNative(25078):     in Unknown
02-03 21:07:16.770 E/unknown:ReactNative(25078):     in RCTView
02-03 21:07:16.770 E/unknown:ReactNative(25078):     in Unknown
02-03 21:07:16.770 E/unknown:ReactNative(25078):     in CardSheet
02-03 21:07:16.770 E/unknown:ReactNative(25078):     in RCTView
02-03 21:07:16.770 E/unknown:ReactNative(25078):     in Unknown
02-03 21:07:16.770 E/unknown:ReactNative(25078):     in Unknown
02-03 21:07:16.770 E/unknown:ReactNative(25078):     in PanGestureHandler
02-03 21:07:16.770 E/unknown:ReactNative(25078):     in PanGestureHandler
02-03 21:07:16.770 E/unknown:ReactNative(25078):     in RCTView
02-03 21:07:16.770 E/unknown:ReactNative(25078):     in Unknown
02-03 21:07:16.770 E/unknown:ReactNative(25078):     in Unknown
02-03 21:07:16.770 E/unknown:ReactNative(25078):     in RCTView
02-03 21:07:16.770 E/unknown:ReactNative(25078):     in Unknown
02-03 21:07:16.770 E/unknown:ReactNative(25078):     in Card
02-03 21:07:16.770 E/unknown:ReactNative(25078):     in CardContainer
02-03 21:07:16.770 E/unknown:ReactNative(25078):     in RNSScreen
02-03 21:07:16.770 E/unknown:ReactNative(25078):     in Unknown
02-03 21:07:16.770 E/unknown:ReactNative(25078):     in Suspender
02-03 21:07:16.770 E/unknown:ReactNative(25078):     in Suspense
02-03 21:07:16.770 E/unknown:ReactNative(25078):     in Freeze
02-03 21:07:16.770 E/unknown:ReactNative(25078):     in DelayedFreeze
02-03 21:07:16.770 E/unknown:ReactNative(25078):     in InnerScreen
02-03 21:07:16.770 E/unknown:ReactNative(25078):     in Screen
02-03 21:07:16.770 E/unknown:ReactNative(25078):     in MaybeScreen
02-03 21:07:16.770 E/unknown:ReactNative(25078):     in RNSScreenContainer
02-03 21:07:16.770 E/unknown:ReactNative(25078):     in ScreenContainer
02-03 21:07:16.770 E/unknown:ReactNative(25078):     in MaybeScreenContainer
02-03 21:07:16.770 E/unknown:ReactNative(25078):     in RCTView
02-03 21:07:16.770 E/unknown:ReactNative(25078):     in Unknown
02-03 21:07:16.770 E/unknown:ReactNative(25078):     in Background
02-03 21:07:16.770 E/unknown:ReactNative(25078):     in CardStack
02-03 21:07:16.770 E/unknown:ReactNative(25078):     in RNCSafeAreaProvider
02-03 21:07:16.770 E/unknown:ReactNative(25078):     in SafeAreaProvider
02-03 21:07:16.770 E/unknown:ReactNative(25078):     in SafeAreaProviderCompat
02-03 21:07:16.770 E/unknown:ReactNative(25078):     in RNGestureHandlerRootView
02-03 21:07:16.770 E/unknown:ReactNative(25078):     in GestureHandlerRootView
02-03 21:07:16.770 E/unknown:ReactNative(25078):     in StackView
02-03 21:07:16.770 E/unknown:ReactNative(25078):     in PreventRemoveProvider
02-03 21:07:16.770 E/unknown:ReactNative(25078):     in NavigationContent
02-03 21:07:16.770 E/unknown:ReactNative(25078):     in Unknown
02-03 21:07:16.770 E/unknown:ReactNative(25078):     in StackNavigator
02-03 21:07:16.770 E/unknown:ReactNative(25078):     in EnsureSingleNavigator
02-03 21:07:16.770 E/unknown:ReactNative(25078):     in BaseNavigationContainer
02-03 21:07:16.770 E/unknown:ReactNative(25078):     in ThemeProvider
02-03 21:07:16.770 E/unknown:ReactNative(25078):     in NavigationContainerInner
02-03 21:07:16.770 E/unknown:ReactNative(25078):     in AppInner
02-03 21:07:16.770 E/unknown:ReactNative(25078):     in AppProvider
02-03 21:07:16.770 E/unknown:ReactNative(25078):     in AIProvider
