02-03 21:30:20.415 W/BroadcastQueue( 1741): Permission Denial: receiving Intent { act=android.intent.action.SERVICE_STATE flg=0x1000010 (has extras) } to ProcessRecord{d1f4578 2210:com.android.systemui/u0a105} (pid=2210, uid=10105) requires android.permission.ACCESS_FINE_LOCATION due to sender android (uid 1001)
02-03 21:30:20.416 W/BroadcastQueue( 1741): Appop Denial: receiving Intent { act=android.intent.action.SERVICE_STATE flg=0x1000010 (has extras) } to ProcessRecord{e665375 1741:system/1000} (pid=1741, uid=1000) excludes appop android:read_phone_state due to sender android (uid 1001)
02-03 21:30:20.416 W/ContextImpl( 1741): Calling a method in the system process without a qualified user: android.app.ContextImpl.sendBroadcastMultiplePermissions:1288 android.content.Context.sendBroadcastMultiplePermissions:2281 com.android.server.TelephonyRegistry.broadcastServiceStateChanged:3160 com.android.server.TelephonyRegistry.notifyServiceStateForPhoneId:1665 com.android.internal.telephony.ITelephonyRegistry$Stub.onTransact:492 
02-03 21:30:20.416 W/BroadcastQueue( 1741): Appop Denial: receiving Intent { act=android.intent.action.SERVICE_STATE flg=0x1000010 (has extras) } to ProcessRecord{169bd7f 2506:com.android.phone/1001} (pid=2506, uid=1001) excludes appop android:read_phone_state due to sender android (uid 1001)
02-03 21:30:20.417 W/BroadcastQueue( 1741): Permission Denial: receiving Intent { act=android.intent.action.SERVICE_STATE flg=0x1000010 (has extras) } to com.google.android.cellbroadcastreceiver/com.android.cellbroadcastreceiver.CellBroadcastReceiver requires android.permission.ACCESS_FINE_LOCATION due to sender android (uid 1001)
02-03 21:30:20.419 W/ContextImpl( 1741): Calling a method in the system process without a qualified user: android.app.ContextImpl.sendBroadcastMultiplePermissions:1288 android.content.Context.sendBroadcastMultiplePermissions:2281 com.android.server.TelephonyRegistry.broadcastServiceStateChanged:3164 com.android.server.TelephonyRegistry.notifyServiceStateForPhoneId:1665 com.android.internal.telephony.ITelephonyRegistry$Stub.onTransact:492 
02-03 21:30:20.420 W/BroadcastQueue( 1741): Appop Denial: receiving Intent { act=android.intent.action.SERVICE_STATE flg=0x1000010 (has extras) } to ProcessRecord{e665375 1741:system/1000} (pid=1741, uid=1000) excludes appop android:fine_location due to sender android (uid 1001)
02-03 21:30:20.421 W/BroadcastQueue( 1741): Appop Denial: receiving Intent { act=android.intent.action.SERVICE_STATE flg=0x1000010 (has extras) } to ProcessRecord{169bd7f 2506:com.android.phone/1001} (pid=2506, uid=1001) excludes appop android:fine_location due to sender android (uid 1001)
02-03 21:30:20.422 W/BroadcastQueue( 1741): Permission Denial: receiving Intent { act=android.intent.action.SERVICE_STATE flg=0x1000010 (has extras) } to com.google.android.cellbroadcastreceiver/com.android.cellbroadcastreceiver.CellBroadcastReceiver requires android.permission.READ_PHONE_STATE due to sender android (uid 1001)
02-03 21:30:20.425 W/BroadcastQueue( 1741): Appop Denial: receiving Intent { act=android.intent.action.SERVICE_STATE flg=0x1000010 (has extras) } to ProcessRecord{d1f4578 2210:com.android.systemui/u0a105} (pid=2210, uid=10105) excludes appop android:read_phone_state due to sender android (uid 1001)
02-03 21:30:20.425 W/BroadcastQueue( 1741): Appop Denial: receiving Intent { act=android.intent.action.SERVICE_STATE flg=0x1000010 (has extras) } to ProcessRecord{e665375 1741:system/1000} (pid=1741, uid=1000) excludes appop android:read_phone_state due to sender android (uid 1001)
02-03 21:30:20.425 W/BroadcastQueue( 1741): Appop Denial: receiving Intent { act=android.intent.action.SERVICE_STATE flg=0x1000010 (has extras) } to ProcessRecord{169bd7f 2506:com.android.phone/1001} (pid=2506, uid=1001) excludes appop android:read_phone_state due to sender android (uid 1001)
02-03 21:30:20.480 D/OplusCustomizeRestrictionManagerService( 1741): ismmsreceiveDisabled null
02-03 21:30:20.481 E/OplusCustomizeRestrictionManagerService( 1741): getMobileDataMode error :s == null
02-03 21:30:21.065 D/PowerManagerService( 1741): userActivityNoUpdateLocked: groupId=0, eventTime=103378390, event=2, flags=0x0, uid=1000
02-03 21:30:21.165 D/PowerManagerService( 1741): userActivityNoUpdateLocked: groupId=0, eventTime=103378492, event=2, flags=0x0, uid=1000
02-03 21:30:21.266 D/PowerManagerService( 1741): userActivityNoUpdateLocked: groupId=0, eventTime=103378594, event=2, flags=0x0, uid=1000
02-03 21:30:21.517 D/PowerManagerService( 1741): userActivityNoUpdateLocked: groupId=0, eventTime=103378843, event=2, flags=0x0, uid=1000
02-03 21:30:21.992 D/PowerManagerService( 1741): userActivityNoUpdateLocked: groupId=0, eventTime=103379318, event=2, flags=0x0, uid=1000
02-03 21:30:22.269 D/PowerManagerService( 1741): userActivityNoUpdateLocked: groupId=0, eventTime=103379596, event=2, flags=0x0, uid=1000
02-03 21:30:22.878 W/ContextImpl( 1741): Calling a method in the system process without a qualified user: android.app.ContextImpl.sendBroadcastMultiplePermissions:1238 com.android.server.TelephonyRegistry.broadcastServiceStateChanged:3149 com.android.server.TelephonyRegistry.notifyServiceStateForPhoneId:1665 com.android.internal.telephony.ITelephonyRegistry$Stub.onTransact:492 android.os.Binder.execTransactInternal:1331 
02-03 21:30:22.880 W/BroadcastQueue( 1741): Permission Denial: receiving Intent { act=android.intent.action.SERVICE_STATE flg=0x1000010 (has extras) } to ProcessRecord{d1f4578 2210:com.android.systemui/u0a105} (pid=2210, uid=10105) requires android.permission.ACCESS_FINE_LOCATION due to sender android (uid 1001)
02-03 21:30:22.882 W/ContextImpl( 1741): Calling a method in the system process without a qualified user: android.app.ContextImpl.sendBroadcastMultiplePermissions:1288 android.content.Context.sendBroadcastMultiplePermissions:2281 com.android.server.TelephonyRegistry.broadcastServiceStateChanged:3153 com.android.server.TelephonyRegistry.notifyServiceStateForPhoneId:1665 com.android.internal.telephony.ITelephonyRegistry$Stub.onTransact:492 
02-03 21:30:22.883 W/BroadcastQueue( 1741): Permission Denial: receiving Intent { act=android.intent.action.SERVICE_STATE flg=0x1000010 (has extras) } to com.google.android.cellbroadcastreceiver/com.android.cellbroadcastreceiver.CellBroadcastReceiver requires android.permission.READ_PHONE_STATE due to sender android (uid 1001)
02-03 21:30:22.885 W/BroadcastQueue( 1741): Permission Denial: receiving Intent { act=android.intent.action.SERVICE_STATE flg=0x1000010 (has extras) } to ProcessRecord{d1f4578 2210:com.android.systemui/u0a105} (pid=2210, uid=10105) requires android.permission.ACCESS_FINE_LOCATION due to sender android (uid 1001)
02-03 21:30:22.885 W/BroadcastQueue( 1741): Appop Denial: receiving Intent { act=android.intent.action.SERVICE_STATE flg=0x1000010 (has extras) } to ProcessRecord{e665375 1741:system/1000} (pid=1741, uid=1000) excludes appop android:read_phone_state due to sender android (uid 1001)
02-03 21:30:22.886 W/BroadcastQueue( 1741): Appop Denial: receiving Intent { act=android.intent.action.SERVICE_STATE flg=0x1000010 (has extras) } to ProcessRecord{169bd7f 2506:com.android.phone/1001} (pid=2506, uid=1001) excludes appop android:read_phone_state due to sender android (uid 1001)
02-03 21:30:22.886 W/BroadcastQueue( 1741): Permission Denial: receiving Intent { act=android.intent.action.SERVICE_STATE flg=0x1000010 (has extras) } to com.google.android.cellbroadcastreceiver/com.android.cellbroadcastreceiver.CellBroadcastReceiver requires android.permission.ACCESS_FINE_LOCATION due to sender android (uid 1001)
02-03 21:30:22.888 W/ContextImpl( 1741): Calling a method in the system process without a qualified user: android.app.ContextImpl.sendBroadcastMultiplePermissions:1288 android.content.Context.sendBroadcastMultiplePermissions:2281 com.android.server.TelephonyRegistry.broadcastServiceStateChanged:3160 com.android.server.TelephonyRegistry.notifyServiceStateForPhoneId:1665 com.android.internal.telephony.ITelephonyRegistry$Stub.onTransact:492 
02-03 21:30:22.889 W/ContextImpl( 1741): Calling a method in the system process without a qualified user: android.app.ContextImpl.sendBroadcastMultiplePermissions:1288 android.content.Context.sendBroadcastMultiplePermissions:2281 com.android.server.TelephonyRegistry.broadcastServiceStateChanged:3164 com.android.server.TelephonyRegistry.notifyServiceStateForPhoneId:1665 com.android.internal.telephony.ITelephonyRegistry$Stub.onTransact:492 
02-03 21:30:22.890 W/BroadcastQueue( 1741): Appop Denial: receiving Intent { act=android.intent.action.SERVICE_STATE flg=0x1000010 (has extras) } to ProcessRecord{e665375 1741:system/1000} (pid=1741, uid=1000) excludes appop android:fine_location due to sender android (uid 1001)
02-03 21:30:22.891 W/BroadcastQueue( 1741): Appop Denial: receiving Intent { act=android.intent.action.SERVICE_STATE flg=0x1000010 (has extras) } to ProcessRecord{169bd7f 2506:com.android.phone/1001} (pid=2506, uid=1001) excludes appop android:fine_location due to sender android (uid 1001)
02-03 21:30:22.891 W/BroadcastQueue( 1741): Permission Denial: receiving Intent { act=android.intent.action.SERVICE_STATE flg=0x1000010 (has extras) } to com.google.android.cellbroadcastreceiver/com.android.cellbroadcastreceiver.CellBroadcastReceiver requires android.permission.READ_PHONE_STATE due to sender android (uid 1001)
02-03 21:30:22.894 W/BroadcastQueue( 1741): Appop Denial: receiving Intent { act=android.intent.action.SERVICE_STATE flg=0x1000010 (has extras) } to ProcessRecord{d1f4578 2210:com.android.systemui/u0a105} (pid=2210, uid=10105) excludes appop android:read_phone_state due to sender android (uid 1001)
02-03 21:30:22.894 W/BroadcastQueue( 1741): Appop Denial: receiving Intent { act=android.intent.action.SERVICE_STATE flg=0x1000010 (has extras) } to ProcessRecord{e665375 1741:system/1000} (pid=1741, uid=1000) excludes appop android:read_phone_state due to sender android (uid 1001)
02-03 21:30:22.894 W/BroadcastQueue( 1741): Appop Denial: receiving Intent { act=android.intent.action.SERVICE_STATE flg=0x1000010 (has extras) } to ProcessRecord{169bd7f 2506:com.android.phone/1001} (pid=2506, uid=1001) excludes appop android:read_phone_state due to sender android (uid 1001)
02-03 21:30:22.914 D/OplusCustomizeRestrictionManagerService( 1741): ismmsreceiveDisabled null
02-03 21:30:22.915 E/OplusCustomizeRestrictionManagerService( 1741): getMobileDataMode error :s == null
02-03 21:30:22.981 W/ContextImpl( 1741): Calling a method in the system process without a qualified user: android.app.ContextImpl.sendBroadcastMultiplePermissions:1238 com.android.server.TelephonyRegistry.broadcastServiceStateChanged:3149 com.android.server.TelephonyRegistry.notifyServiceStateForPhoneId:1665 com.android.internal.telephony.ITelephonyRegistry$Stub.onTransact:492 android.os.Binder.execTransactInternal:1331 
02-03 21:30:22.983 W/ContextImpl( 1741): Calling a method in the system process without a qualified user: android.app.ContextImpl.sendBroadcastMultiplePermissions:1288 android.content.Context.sendBroadcastMultiplePermissions:2281 com.android.server.TelephonyRegistry.broadcastServiceStateChanged:3153 com.android.server.TelephonyRegistry.notifyServiceStateForPhoneId:1665 com.android.internal.telephony.ITelephonyRegistry$Stub.onTransact:492 
02-03 21:30:22.983 W/BroadcastQueue( 1741): Permission Denial: receiving Intent { act=android.intent.action.SERVICE_STATE flg=0x1000010 (has extras) } to ProcessRecord{d1f4578 2210:com.android.systemui/u0a105} (pid=2210, uid=10105) requires android.permission.ACCESS_FINE_LOCATION due to sender android (uid 1001)
02-03 21:30:22.985 W/BroadcastQueue( 1741): Permission Denial: receiving Intent { act=android.intent.action.SERVICE_STATE flg=0x1000010 (has extras) } to com.google.android.cellbroadcastreceiver/com.android.cellbroadcastreceiver.CellBroadcastReceiver requires android.permission.READ_PHONE_STATE due to sender android (uid 1001)
02-03 21:30:22.986 W/BroadcastQueue( 1741): Permission Denial: receiving Intent { act=android.intent.action.SERVICE_STATE flg=0x1000010 (has extras) } to ProcessRecord{d1f4578 2210:com.android.systemui/u0a105} (pid=2210, uid=10105) requires android.permission.ACCESS_FINE_LOCATION due to sender android (uid 1001)
02-03 21:30:22.987 W/ContextImpl( 1741): Calling a method in the system process without a qualified user: android.app.ContextImpl.sendBroadcastMultiplePermissions:1288 android.content.Context.sendBroadcastMultiplePermissions:2281 com.android.server.TelephonyRegistry.broadcastServiceStateChanged:3160 com.android.server.TelephonyRegistry.notifyServiceStateForPhoneId:1665 com.android.internal.telephony.ITelephonyRegistry$Stub.onTransact:492 
02-03 21:30:22.988 W/BroadcastQueue( 1741): Appop Denial: receiving Intent { act=android.intent.action.SERVICE_STATE flg=0x1000010 (has extras) } to ProcessRecord{e665375 1741:system/1000} (pid=1741, uid=1000) excludes appop android:read_phone_state due to sender android (uid 1001)
02-03 21:30:22.988 W/BroadcastQueue( 1741): Appop Denial: receiving Intent { act=android.intent.action.SERVICE_STATE flg=0x1000010 (has extras) } to ProcessRecord{169bd7f 2506:com.android.phone/1001} (pid=2506, uid=1001) excludes appop android:read_phone_state due to sender android (uid 1001)
02-03 21:30:22.988 W/BroadcastQueue( 1741): Permission Denial: receiving Intent { act=android.intent.action.SERVICE_STATE flg=0x1000010 (has extras) } to com.google.android.cellbroadcastreceiver/com.android.cellbroadcastreceiver.CellBroadcastReceiver requires android.permission.ACCESS_FINE_LOCATION due to sender android (uid 1001)
02-03 21:30:22.990 W/ContextImpl( 1741): Calling a method in the system process without a qualified user: android.app.ContextImpl.sendBroadcastMultiplePermissions:1288 android.content.Context.sendBroadcastMultiplePermissions:2281 com.android.server.TelephonyRegistry.broadcastServiceStateChanged:3164 com.android.server.TelephonyRegistry.notifyServiceStateForPhoneId:1665 com.android.internal.telephony.ITelephonyRegistry$Stub.onTransact:492 
02-03 21:30:22.991 W/BroadcastQueue( 1741): Appop Denial: receiving Intent { act=android.intent.action.SERVICE_STATE flg=0x1000010 (has extras) } to ProcessRecord{e665375 1741:system/1000} (pid=1741, uid=1000) excludes appop android:fine_location due to sender android (uid 1001)
02-03 21:30:22.992 W/BroadcastQueue( 1741): Appop Denial: receiving Intent { act=android.intent.action.SERVICE_STATE flg=0x1000010 (has extras) } to ProcessRecord{169bd7f 2506:com.android.phone/1001} (pid=2506, uid=1001) excludes appop android:fine_location due to sender android (uid 1001)
02-03 21:30:22.992 W/BroadcastQueue( 1741): Permission Denial: receiving Intent { act=android.intent.action.SERVICE_STATE flg=0x1000010 (has extras) } to com.google.android.cellbroadcastreceiver/com.android.cellbroadcastreceiver.CellBroadcastReceiver requires android.permission.READ_PHONE_STATE due to sender android (uid 1001)
02-03 21:30:22.993 W/BroadcastQueue( 1741): Appop Denial: receiving Intent { act=android.intent.action.SERVICE_STATE flg=0x1000010 (has extras) } to ProcessRecord{d1f4578 2210:com.android.systemui/u0a105} (pid=2210, uid=10105) excludes appop android:read_phone_state due to sender android (uid 1001)
02-03 21:30:22.993 W/BroadcastQueue( 1741): Appop Denial: receiving Intent { act=android.intent.action.SERVICE_STATE flg=0x1000010 (has extras) } to ProcessRecord{e665375 1741:system/1000} (pid=1741, uid=1000) excludes appop android:read_phone_state due to sender android (uid 1001)
02-03 21:30:22.993 W/BroadcastQueue( 1741): Appop Denial: receiving Intent { act=android.intent.action.SERVICE_STATE flg=0x1000010 (has extras) } to ProcessRecord{169bd7f 2506:com.android.phone/1001} (pid=2506, uid=1001) excludes appop android:read_phone_state due to sender android (uid 1001)
02-03 21:30:23.030 D/OplusCustomizeRestrictionManagerService( 1741): ismmsreceiveDisabled null
02-03 21:30:23.031 E/OplusCustomizeRestrictionManagerService( 1741): getMobileDataMode error :s == null
02-03 21:30:25.641 W/ContextImpl( 1741): Calling a method in the system process without a qualified user: android.app.ContextImpl.sendBroadcast:1205 com.android.server.job.controllers.OplusCpuController.notifyHighCpuEventForApp:386 com.android.server.job.controllers.OplusCpuController.handleCpuUpdate:332 com.android.server.job.controllers.OplusCpuController.-$$Nest$mhandleCpuUpdate:0 com.android.server.job.controllers.OplusCpuController$CpuTrackerHandler.handleMessage:256 
02-03 21:30:29.211 D/PowerManagerService( 1741): userActivityNoUpdateLocked: groupId=0, eventTime=103386534, event=2, flags=0x0, uid=1000
02-03 21:30:29.307 D/PowerManagerService( 1741): userActivityNoUpdateLocked: groupId=0, eventTime=103386635, event=2, flags=0x0, uid=1000
02-03 21:30:30.428 D/PowerManagerService( 1741): userActivityNoUpdateLocked: groupId=0, eventTime=103387754, event=2, flags=0x0, uid=1000
02-03 21:30:30.529 D/PowerManagerService( 1741): userActivityNoUpdateLocked: groupId=0, eventTime=103387857, event=2, flags=0x0, uid=1000
02-03 21:30:30.631 D/PowerManagerService( 1741): userActivityNoUpdateLocked: groupId=0, eventTime=103387959, event=2, flags=0x0, uid=1000
02-03 21:30:30.734 D/PowerManagerService( 1741): userActivityNoUpdateLocked: groupId=0, eventTime=103388062, event=2, flags=0x0, uid=1000
02-03 21:30:30.836 D/PowerManagerService( 1741): userActivityNoUpdateLocked: groupId=0, eventTime=103388164, event=2, flags=0x0, uid=1000
02-03 21:30:30.870 D/OplusAppListInterceptManager( 1741): shouldFilterTask
02-03 21:30:30.870 D/OplusAppListInterceptManager( 1741): shouldFilterTask::packageName = com.google.android.youtube
02-03 21:30:30.870 D/OplusAppListInterceptManager( 1741): shouldFilterTask
02-03 21:30:30.870 D/OplusAppListInterceptManager( 1741): shouldFilterTask::packageName = com.wholexale.app.staging
02-03 21:30:30.870 D/OplusAppListInterceptManager( 1741): shouldFilterTask
02-03 21:30:30.870 D/OplusAppListInterceptManager( 1741): shouldFilterTask::packageName = com.company.userapp
02-03 21:30:30.871 D/OplusAppListInterceptManager( 1741): shouldFilterTask
02-03 21:30:30.871 D/OplusAppListInterceptManager( 1741): shouldFilterTask::packageName = com.twitter.android
02-03 21:30:30.871 D/OplusAppListInterceptManager( 1741): shouldFilterTask
02-03 21:30:30.871 D/OplusAppListInterceptManager( 1741): shouldFilterTask::packageName = com.cricbuzz.android
02-03 21:30:30.871 D/OplusAppListInterceptManager( 1741): shouldFilterTask
02-03 21:30:30.871 D/OplusAppListInterceptManager( 1741): shouldFilterTask::packageName = com.android.chrome
02-03 21:30:31.071 D/PowerManagerService( 1741): userActivityNoUpdateLocked: groupId=0, eventTime=103388398, event=2, flags=0x0, uid=1000
02-03 21:30:31.112 W/NetworkPolicy( 1741): shared quota unsupported; generating rule for each iface
02-03 21:30:31.116 V/OplusNPMS( 1741): getWarningNotification numWarningNotificaion10
02-03 21:30:31.116 V/OplusNPMS( 1741): getWarningNotification numWarningNotificaion10
02-03 21:30:31.116 V/OplusNPMS( 1741): getLimitNotificationState subID=6
02-03 21:30:31.117 V/OplusNPMS( 1741): getLimitNotificationState mSubidToIccId != null
02-03 21:30:31.218 D/PowerManagerService( 1741): userActivityNoUpdateLocked: groupId=0, eventTime=103388545, event=2, flags=0x0, uid=1000
02-03 21:30:31.357 D/PowerManagerService( 1741): userActivityNoUpdateLocked: groupId=0, eventTime=103388684, event=2, flags=0x0, uid=1000
02-03 21:30:32.293 D/PowerManagerService( 1741): userActivityNoUpdateLocked: groupId=0, eventTime=103389620, event=2, flags=0x0, uid=1000
02-03 21:30:33.229 D/PowerManagerService( 1741): userActivityNoUpdateLocked: groupId=0, eventTime=103390556, event=2, flags=0x0, uid=1000
02-03 21:30:33.960 D/PowerManagerService( 1741): userActivityNoUpdateLocked: groupId=0, eventTime=103391287, event=2, flags=0x0, uid=1000
02-03 21:30:35.722 D/OplusThermalStats( 1741): REPORT_UPDATE_CPU  ->  phoneTemp:380  preHeatThreshold:400
02-03 21:30:35.862 D/ProcessCpuTrackerExtImpl( 1741): mContext is already set, return now! 
02-03 21:30:37.141 D/PowerManagerService( 1741): userActivityNoUpdateLocked: groupId=0, eventTime=103394462, event=2, flags=0x0, uid=1000
02-03 21:30:37.236 D/PowerManagerService( 1741): userActivityNoUpdateLocked: groupId=0, eventTime=103394564, event=2, flags=0x0, uid=1000
02-03 21:30:37.339 D/PowerManagerService( 1741): userActivityNoUpdateLocked: groupId=0, eventTime=103394666, event=2, flags=0x0, uid=1000
02-03 21:30:37.551 D/PowerManagerService( 1741): userActivityNoUpdateLocked: groupId=0, eventTime=103394878, event=2, flags=0x0, uid=1000
02-03 21:30:37.786 D/PowerManagerService( 1741): userActivityNoUpdateLocked: groupId=0, eventTime=103395113, event=2, flags=0x0, uid=1000
02-03 21:30:37.932 D/PowerManagerService( 1741): userActivityNoUpdateLocked: groupId=0, eventTime=103395259, event=2, flags=0x0, uid=1000
02-03 21:30:38.034 D/PowerManagerService( 1741): userActivityNoUpdateLocked: groupId=0, eventTime=103395361, event=2, flags=0x0, uid=1000
02-03 21:30:38.253 D/PowerManagerService( 1741): userActivityNoUpdateLocked: groupId=0, eventTime=103395581, event=2, flags=0x0, uid=1000
02-03 21:30:38.356 D/PowerManagerService( 1741): userActivityNoUpdateLocked: groupId=0, eventTime=103395683, event=2, flags=0x0, uid=1000
02-03 21:30:38.459 D/PowerManagerService( 1741): userActivityNoUpdateLocked: groupId=0, eventTime=103395786, event=2, flags=0x0, uid=1000
02-03 21:30:38.619 D/PowerManagerService( 1741): userActivityNoUpdateLocked: groupId=0, eventTime=103395947, event=2, flags=0x0, uid=1000
02-03 21:30:38.971 D/PowerManagerService( 1741): userActivityNoUpdateLocked: groupId=0, eventTime=103396298, event=2, flags=0x0, uid=1000
02-03 21:30:39.220 D/PowerManagerService( 1741): userActivityNoUpdateLocked: groupId=0, eventTime=103396547, event=2, flags=0x0, uid=1000
02-03 21:30:39.477 I/Quality (26664): Skipped: false 1 cost 20.552052 refreshRate 16547193 bit true processName com.google.android.youtube
02-03 21:30:44.756 W/PackageManager( 1741): Verification with id 19 not found. It may be invalid or overridden by integrity verification
02-03 21:30:48.300 D/CompatibilityChangeReporter( 1741): Compat change id reported: 168419799; UID 10185; state: DISABLED
02-03 21:30:48.323 E/AlarmManager( 1741): Attempt to decrement existing alarm count 0 by 1 for uid 1000
02-03 21:30:48.331 I/DropBoxManagerService( 1741): add tag=system_server_wtf isTagEnabled=true flags=0x2
02-03 21:30:48.338 D/DropBoxManagerService( 1741): file :: /data/system/dropbox/system_server_wtf@1770134448332.txt
02-03 21:30:48.345 W/ContextImpl(27330): Calling a method in the system process without a qualified user: android.app.ContextImpl.bindService:1982 android.content.ContextWrapper.bindService:863 com.heytap.mcs.biz.statistics.agent.OBUSAgent.bindStatisticsApiService:8 com.heytap.mcs.biz.statistics.agent.OBUSAgent.upload:7 com.heytap.mcs.biz.statistics.agent.AgentManager.upload:3 
02-03 21:30:48.352 D/CompatibilityChangeReporter( 1741): Compat change id reported: 135634846; UID 10124; state: DISABLED
02-03 21:30:48.352 D/CompatibilityChangeReporter( 1741): Compat change id reported: 177438394; UID 10124; state: DISABLED
02-03 21:30:48.352 D/CompatibilityChangeReporter( 1741): Compat change id reported: 135772972; UID 10124; state: DISABLED
02-03 21:30:48.352 D/CompatibilityChangeReporter( 1741): Compat change id reported: 135754954; UID 10124; state: ENABLED
02-03 21:30:48.353 D/CompatibilityChangeReporter( 1741): Compat change id reported: 143937733; UID 10124; state: ENABLED
02-03 21:30:48.356 D/CompatibilityChangeReporter( 1741): Compat change id reported: 135634846; UID 1000; state: DISABLED
02-03 21:30:48.356 D/CompatibilityChangeReporter( 1741): Compat change id reported: 177438394; UID 1000; state: DISABLED
02-03 21:30:48.356 D/CompatibilityChangeReporter( 1741): Compat change id reported: 135772972; UID 1000; state: DISABLED
02-03 21:30:48.356 D/CompatibilityChangeReporter( 1741): Compat change id reported: 135754954; UID 1000; state: ENABLED
02-03 21:30:48.365 W/ContextImpl(27330): Calling a method in the system process without a qualified user: android.app.ContextImpl.bindService:1982 android.content.ContextWrapper.bindService:863 com.heytap.mcs.biz.message.g.b:8 com.heytap.mcs.biz.message.g.b:11 com.heytap.mcs.biz.message.g.j:1 
02-03 21:30:48.382 I/ActivityManager( 1741): Start proc 20627:com.google.android.partnersetup/u0a124 for service {com.google.android.partnersetup/com.google.android.partnersetup.InstalledAppJobService}
02-03 21:30:48.411 W/ActivityManager( 1741): Slow operation: 57ms so far, now at startProcess: returned from zygote!
02-03 21:30:48.411 W/ActivityManager( 1741): Slow operation: 57ms so far, now at startProcess: done updating battery stats
02-03 21:30:48.412 W/ActivityManager( 1741): Slow operation: 57ms so far, now at startProcess: building log message
02-03 21:30:48.412 I/ActivityManager( 1741): Start proc 20642:com.heytap.mcs.statistics/1000 for service {com.heytap.mcs/com.heytap.mcs.biz.statistics.service.StatisticsApiService}
02-03 21:30:48.412 W/ActivityManager( 1741): Slow operation: 58ms so far, now at startProcess: starting to update pids map
02-03 21:30:48.412 W/ActivityManager( 1741): Slow operation: 58ms so far, now at startProcess: done updating pids map
02-03 21:30:48.425 D/CompatibilityChangeReporter( 1741): Compat change id reported: 168419799; UID 10124; state: DISABLED
02-03 21:30:48.440 W/ActivityManager( 1741): Slow operation: 67ms so far, now at startProcess: returned from zygote!
02-03 21:30:48.440 W/ActivityManager( 1741): Slow operation: 68ms so far, now at startProcess: done updating battery stats
02-03 21:30:48.440 W/ActivityManager( 1741): Slow operation: 68ms so far, now at startProcess: building log message
02-03 21:30:48.440 I/ActivityManager( 1741): Start proc 20650:com.heytap.mcs.biz.message/1000 for service {com.heytap.mcs/com.heytap.mcs.biz.message.MessageDealService}
02-03 21:30:48.440 W/ActivityManager( 1741): Slow operation: 68ms so far, now at startProcess: starting to update pids map
02-03 21:30:48.441 W/ActivityManager( 1741): Slow operation: 69ms so far, now at startProcess: done updating pids map
02-03 21:30:48.557 D/CompatibilityChangeReporter( 1741): Compat change id reported: 194532703; UID 10124; state: ENABLED
02-03 21:30:48.645 W/JobScheduler( 1741): Job didn't exist in JobStore: #com.google.android.partnersetup/4096
02-03 21:30:48.661 W/ContextImpl(20650): Calling a method in the system process without a qualified user: android.app.ContextImpl.startService:1889 android.content.ContextWrapper.startService:827 com.heytap.mcs.biz.message.h.a:18 com.heytap.mcs.biz.message.h.a:6 com.heytap.mcs.base.task.a.b:6 
02-03 21:30:48.663 I/ActivityManager( 1741): Killing 15462:com.oplus.safecenter/1000 (adj 999): empty #21
02-03 21:30:48.723 I/ActivityManager( 1741): Process com.heytap.mcs.biz.message (pid 20650) has died: fg  SVC 
02-03 21:30:48.749 D/CompatibilityChangeReporter( 1741): Compat change id reported: 161145287; UID 1000; state: DISABLED
02-03 21:30:48.767 W/ActivityManager( 1741): Receiver with filter android.content.IntentFilter@f6b88d5 already registered for pid 20642, callerPackage is com.heytap.mcs
02-03 21:30:48.896 W/ContextImpl(20642): Calling a method in the system process without a qualified user: android.app.ContextImpl.bindService:1982 android.content.ContextWrapper.bindService:863 com.heytap.msp.ipc.client.BinderManager.getBinderSync:9 com.heytap.msp.ipc.client.CompatServiceClient.getBinder:3 com.heytap.msp.ipc.client.CompatServiceClient.callRemote:32 
02-03 21:30:48.902 W/ActivityManager( 1741): Receiver with filter android.content.IntentFilter@adc10d already registered for pid 20642, callerPackage is com.heytap.mcs
02-03 21:30:49.108 I/ActivityManager( 1741): Killing 5471:com.android.keychain/1000 (adj 999): empty #21
02-03 21:30:49.474 D/CompatibilityChangeReporter( 1741): Compat change id reported: 135634846; UID 10128; state: DISABLED
02-03 21:30:49.474 D/CompatibilityChangeReporter( 1741): Compat change id reported: 177438394; UID 10128; state: DISABLED
02-03 21:30:49.474 D/CompatibilityChangeReporter( 1741): Compat change id reported: 135772972; UID 10128; state: DISABLED
02-03 21:30:49.474 D/CompatibilityChangeReporter( 1741): Compat change id reported: 135754954; UID 10128; state: ENABLED
02-03 21:30:49.475 D/CompatibilityChangeReporter( 1741): Compat change id reported: 143937733; UID 10128; state: ENABLED
02-03 21:30:49.504 I/ActivityManager( 1741): Start proc 20763:com.google.process.gapps/u0a128 for content provider {com.google.android.gsf/com.google.android.gsf.settings.GoogleSettingsProvider}
02-03 21:30:49.731 D/CompatibilityChangeReporter( 1741): Compat change id reported: 201794303; UID 10128; state: ENABLED
02-03 21:30:49.901 D/CompatibilityChangeReporter( 1741): Compat change id reported: 168419799; UID 10140; state: DISABLED
02-03 21:30:50.337 W/BroadcastQueue( 1741): Background execution not allowed: receiving Intent { act=android.intent.action.DROPBOX_ENTRY_ADDED flg=0x10 (has extras) } to com.google.android.gms/.stats.service.DropBoxEntryAddedReceiver
02-03 21:30:50.337 W/BroadcastQueue( 1741): Background execution not allowed: receiving Intent { act=android.intent.action.DROPBOX_ENTRY_ADDED flg=0x10 (has extras) } to com.google.android.gms/.stats.service.DropBoxEntryAddedReceiver
02-03 21:30:50.575 D/CompatibilityChangeReporter( 1741): Compat change id reported: 161252188; UID 10128; state: DISABLED
02-03 21:30:52.156 W/NetworkPolicy( 1741): shared quota unsupported; generating rule for each iface
02-03 21:30:52.162 V/OplusNPMS( 1741): getWarningNotification numWarningNotificaion10
02-03 21:30:52.162 V/OplusNPMS( 1741): getWarningNotification numWarningNotificaion10
02-03 21:30:52.162 V/OplusNPMS( 1741): getLimitNotificationState subID=6
02-03 21:30:52.162 V/OplusNPMS( 1741): getLimitNotificationState mSubidToIccId != null
02-03 21:30:52.951 D/ProcessCpuTrackerExtImpl( 1741): mContext is already set, return now! 
02-03 21:30:53.699 D/CompatibilityChangeReporter( 1741): Compat change id reported: 151105954; UID 1000; state: ENABLED
02-03 21:30:53.701 E/AppOps  ( 1741): attributionTag  not declared in manifest of com.oplus.exsystemservice
02-03 21:30:53.703 E/AppOps  ( 1741): attributionTag  not declared in manifest of com.oplus.exsystemservice
02-03 21:30:53.818 W/ContextImpl(20642): Calling a method in the system process without a qualified user: android.app.ContextImpl.startService:1889 android.content.ContextWrapper.startService:827 com.heytap.mcs.biz.statistics.StaticProcessTrackStatusManager.exitCurrentProcess:11 com.heytap.mcs.biz.statistics.StaticProcessTrackStatusManager$1.handleMessage:3 android.os.Handler.dispatchMessage:102 
02-03 21:30:53.874 I/ActivityManager( 1741): Process com.heytap.mcs.statistics (pid 20642) has died: fg  SVC 
02-03 21:30:53.886 I/ActivityManager( 1741): Killing 15495:com.android.settings:background/1000 (adj 999): empty #21
02-03 21:30:55.562 D/CompatibilityChangeReporter( 1741): Compat change id reported: 161145287; UID 10124; state: DISABLED
02-03 21:30:58.976 I/keystore2(  628): keystore2::watchdog: Watchdog thread idle -> terminating. Have a great day.
02-03 21:31:00.015 E/OplusCustomizeRestrictionManagerService( 1741): isBiometricDisabled start
02-03 21:31:00.016 E/OplusCustomizeRestrictionManagerService( 1741): isBiometricDisabled start
02-03 21:31:04.761 D/PowerManagerService( 1741): userActivityNoUpdateLocked: groupId=0, eventTime=103422084, event=2, flags=0x0, uid=1000
02-03 21:31:04.903 D/PowerManagerService( 1741): userActivityNoUpdateLocked: groupId=0, eventTime=103422229, event=2, flags=0x0, uid=1000
02-03 21:31:05.051 I/Quality (26664): Skipped: false 8 cost 139.91417 refreshRate 16549727 bit true processName com.google.android.youtube
02-03 21:31:05.055 V/WindowManager( 1741): Relayout Window{4eb0794 u0 com.google.android.youtube/com.google.android.youtube.app.honeycomb.Shell$HomeActivity}: viewVisibility=0, oldvis=0, req=1080x2400
02-03 21:31:05.060 D/WindowManager( 1741): Releasing screen wakelock due to Window{4eb0794 u0 com.google.android.youtube/com.google.android.youtube.app.honeycomb.Shell$HomeActivity}
02-03 21:31:05.060 D/OplusAONSmartDim( 1741): onWakeLockReleaseLocked: lock=17688479, flags=0x2000000a, packageName=android, tag="WindowManager", ws=WorkSource{10141}, uid=1000, pid=1741
02-03 21:31:05.060 D/PowerManagerService( 1741): userActivityNoUpdateLocked: groupId=0, eventTime=103422389, event=0, flags=0x1, uid=1000
02-03 21:31:05.079 I/Quality (26664): Skipped: false 1 cost 19.258017 refreshRate 16549773 bit true processName com.google.android.youtube
02-03 21:31:05.191 D/CompatibilityChangeReporter( 1741): Compat change id reported: 157233955; UID 1000; state: ENABLED
02-03 21:31:05.492 I/Quality (26664): Skipped: false 2 cost 35.178646 refreshRate 16549909 bit true processName com.google.android.youtube
02-03 21:31:05.501 W/BatteryExternalStatsWorker( 1741): error reading Bluetooth stats: 11
02-03 21:31:05.957 I/Quality (26664): Skipped: false 5 cost 86.45852 refreshRate 16552475 bit true processName com.google.android.youtube
02-03 21:31:05.984 D/KernelCpuUidUserSysTimeReader( 1741): Removing uids 99241-99241
02-03 21:31:05.994 I/Quality (  962): SFJankCountInfo: 2397;0;0-0-0-0-0-0-0-0-0-0;1-0-0-0-0-0-0-0-0-0;2-0-0-0-0-0-0-0-0-0;3-0-0-0-0-0-0-0-0-0;4-0-0-0-0-0-0-0-0-0;5-0-0-0-0-0-0-0-0-0;6-0-0-0-0-0-0-0-0-0;7-0-0-0-0-0-0-0-0-0;8-0-0-0-0-0-0-0-0-0;9-0-0-0-0-0-0-0-0-0;
02-03 21:31:06.111 I/Quality (26664): JankCountInfo: com.google.android.youtube.app.honeycomb.Shell$HomeActivity basic:0-0-0 action:-1 data:0-0 type:2 stage:0-0-0 type:3 stage:0-0-0 type:4 stage:0-0-0 type:5 stage:0-0-0 action:0 data:0-0 type:2 stage:0-0-0 type:5 stage:0-0-0 action:1 data:0-0 type:2 stage:6-0-0 type:3 stage:1-0-0 type:4 stage:0-0-0 type:5 stage:0-0-0 action:2 data:0-8 type:2 stage:7-1-0 type:3 stage:1-0-0 type:4 stage:0-0-0 type:5 stage:1-0-0 action:6 data:0-2 type:2 stage:2-0-0 type:3 stage:0-0-0 type:4 stage:0-0-0 type:5 stage:0-0-0 type:6 stage:0-0-0 action:8 data:0-0 type:2 stage:16-1-0 type:3 stage:0-1-0 type:4 stage:3-1-0 type:5 stage:0-0-0
02-03 21:31:06.502 I/Quality (26664): ActivityThread: doFrame delay 545 com.google.android.youtube 26664
02-03 21:31:06.507 I/Quality (26664): Skipped: false 32 cost 537.2817 refreshRate 16550182 bit true processName com.google.android.youtube
02-03 21:31:06.545 I/Quality (26664): Skipped: false 1 cost 29.273983 refreshRate 16546870 bit true processName com.google.android.youtube
02-03 21:31:08.213 D/PowerManagerService( 1741): userActivityNoUpdateLocked: groupId=0, eventTime=103425537, event=2, flags=0x0, uid=1000
02-03 21:31:08.429 I/Quality (26664): Skipped: false 7 cost 125.17181 refreshRate 16551224 bit true processName com.google.android.youtube
02-03 21:31:08.434 V/WindowManager( 1741): Relayout Window{4eb0794 u0 com.google.android.youtube/com.google.android.youtube.app.honeycomb.Shell$HomeActivity}: viewVisibility=0, oldvis=0, req=1080x2400
02-03 21:31:08.438 D/WindowManager( 1741): Acquiring screen wakelock due to Window{4eb0794 u0 com.google.android.youtube/com.google.android.youtube.app.honeycomb.Shell$HomeActivity}
02-03 21:31:08.439 D/OplusAONSmartDim( 1741): onWakeLockAcquireLocked: lock=17688479, flags=0x2000000a, packageName=android, tag="WindowManager", ws=WorkSource{10141}, uid=1000, pid=1741
02-03 21:31:08.479 I/Quality (26664): Skipped: false 2 cost 43.17755 refreshRate 16554283 bit true processName com.google.android.youtube
02-03 21:31:08.649 I/Quality (26664): Skipped: false 1 cost 31.235928 refreshRate 16551415 bit true processName com.google.android.youtube
02-03 21:31:08.855 I/Quality (26664): Skipped: false 1 cost 22.317562 refreshRate 16550726 bit true processName com.google.android.youtube
02-03 21:31:08.951 I/Quality (26664): Skipped: false 1 cost 18.124163 refreshRate 16548467 bit true processName com.google.android.youtube
02-03 21:31:10.097 D/PowerManagerService( 1741): userActivityNoUpdateLocked: groupId=0, eventTime=103427423, event=2, flags=0x0, uid=1000
02-03 21:31:10.197 D/PowerManagerService( 1741): userActivityNoUpdateLocked: groupId=0, eventTime=103427525, event=2, flags=0x0, uid=1000
02-03 21:31:10.969 D/PowerManagerService( 1741): userActivityNoUpdateLocked: groupId=0, eventTime=103428295, event=2, flags=0x0, uid=1000
02-03 21:31:11.077 D/PowerManagerService( 1741): userActivityNoUpdateLocked: groupId=0, eventTime=103428405, event=2, flags=0x0, uid=1000
02-03 21:31:11.088 D/OplusAppListInterceptManager( 1741): shouldFilterTask
02-03 21:31:11.088 D/OplusAppListInterceptManager( 1741): shouldFilterTask::packageName = com.google.android.youtube
02-03 21:31:11.089 D/OplusAppListInterceptManager( 1741): shouldFilterTask
02-03 21:31:11.089 D/OplusAppListInterceptManager( 1741): shouldFilterTask::packageName = com.wholexale.app.staging
02-03 21:31:11.089 D/OplusAppListInterceptManager( 1741): shouldFilterTask
02-03 21:31:11.089 D/OplusAppListInterceptManager( 1741): shouldFilterTask::packageName = com.company.userapp
02-03 21:31:11.089 D/OplusAppListInterceptManager( 1741): shouldFilterTask
02-03 21:31:11.089 D/OplusAppListInterceptManager( 1741): shouldFilterTask::packageName = com.twitter.android
02-03 21:31:11.089 D/OplusAppListInterceptManager( 1741): shouldFilterTask
02-03 21:31:11.089 D/OplusAppListInterceptManager( 1741): shouldFilterTask::packageName = com.cricbuzz.android
02-03 21:31:11.089 D/OplusAppListInterceptManager( 1741): shouldFilterTask
02-03 21:31:11.089 D/OplusAppListInterceptManager( 1741): shouldFilterTask::packageName = com.android.chrome
02-03 21:31:11.180 D/PowerManagerService( 1741): userActivityNoUpdateLocked: groupId=0, eventTime=103428508, event=2, flags=0x0, uid=1000
02-03 21:31:11.731 D/PowerManagerService( 1741): userActivityNoUpdateLocked: groupId=0, eventTime=103429056, event=2, flags=0x0, uid=1000
02-03 21:31:11.831 D/PowerManagerService( 1741): userActivityNoUpdateLocked: groupId=0, eventTime=103429158, event=2, flags=0x0, uid=1000
02-03 21:31:11.996 I/Quality (26664): Skipped: false 1 cost 18.0695 refreshRate 16549731 bit true processName com.google.android.youtube
02-03 21:31:12.046 I/Quality (26664): Skipped: true 1 cost 18.375574 refreshRate 16548745 bit true processName com.google.android.youtube
02-03 21:31:12.396 D/PowerManagerService( 1741): userActivityNoUpdateLocked: groupId=0, eventTime=103429722, event=2, flags=0x0, uid=1000
02-03 21:31:12.498 D/PowerManagerService( 1741): userActivityNoUpdateLocked: groupId=0, eventTime=103429825, event=2, flags=0x0, uid=1000
02-03 21:31:12.536 I/Quality (26664): Skipped: false 1 cost 28.89238 refreshRate 16551344 bit true processName com.google.android.youtube
02-03 21:31:13.069 D/PowerManagerService( 1741): userActivityNoUpdateLocked: groupId=0, eventTime=103430395, event=2, flags=0x0, uid=1000
02-03 21:31:13.170 D/PowerManagerService( 1741): userActivityNoUpdateLocked: groupId=0, eventTime=103430497, event=2, flags=0x0, uid=1000
02-03 21:31:13.197 V/WindowManager( 1741): Relayout Window{4eb0794 u0 com.google.android.youtube/com.google.android.youtube.app.honeycomb.Shell$HomeActivity}: viewVisibility=0, oldvis=0, req=1080x2400
02-03 21:31:13.200 D/WindowManager( 1741): Releasing screen wakelock due to Window{4eb0794 u0 com.google.android.youtube/com.google.android.youtube.app.honeycomb.Shell$HomeActivity}
02-03 21:31:13.200 D/OplusAONSmartDim( 1741): onWakeLockReleaseLocked: lock=17688479, flags=0x2000000a, packageName=android, tag="WindowManager", ws=WorkSource{10141}, uid=1000, pid=1741
02-03 21:31:13.200 D/PowerManagerService( 1741): userActivityNoUpdateLocked: groupId=0, eventTime=103430529, event=0, flags=0x1, uid=1000
02-03 21:31:13.209 I/Quality (26664): Skipped: false 3 cost 56.290707 refreshRate 16550486 bit true processName com.google.android.youtube
02-03 21:31:14.197 D/PowerManagerService( 1741): userActivityNoUpdateLocked: groupId=0, eventTime=103431524, event=2, flags=0x0, uid=1000
02-03 21:31:14.294 W/NetworkPolicy( 1741): shared quota unsupported; generating rule for each iface
02-03 21:31:14.298 D/PowerManagerService( 1741): userActivityNoUpdateLocked: groupId=0, eventTime=103431626, event=2, flags=0x0, uid=1000
02-03 21:31:14.302 V/OplusNPMS( 1741): getWarningNotification numWarningNotificaion10
02-03 21:31:14.302 V/OplusNPMS( 1741): getWarningNotification numWarningNotificaion10
02-03 21:31:14.302 V/OplusNPMS( 1741): getLimitNotificationState subID=6
02-03 21:31:14.302 V/OplusNPMS( 1741): getLimitNotificationState mSubidToIccId != null
02-03 21:31:14.401 D/PowerManagerService( 1741): userActivityNoUpdateLocked: groupId=0, eventTime=103431729, event=2, flags=0x0, uid=1000
02-03 21:31:15.032 D/PowerManagerService( 1741): userActivityNoUpdateLocked: groupId=0, eventTime=103432358, event=2, flags=0x0, uid=1000
02-03 21:31:15.099 V/WindowManager( 1741): Relayout Window{4eb0794 u0 com.google.android.youtube/com.google.android.youtube.app.honeycomb.Shell$HomeActivity}: viewVisibility=0, oldvis=0, req=1080x2400
02-03 21:31:15.103 D/WindowManager( 1741): Acquiring screen wakelock due to Window{4eb0794 u0 com.google.android.youtube/com.google.android.youtube.app.honeycomb.Shell$HomeActivity}
02-03 21:31:15.103 D/OplusAONSmartDim( 1741): onWakeLockAcquireLocked: lock=17688479, flags=0x2000000a, packageName=android, tag="WindowManager", ws=WorkSource{10141}, uid=1000, pid=1741
02-03 21:31:15.143 I/Quality (26664): Skipped: false 3 cost 53.713455 refreshRate 16549756 bit true processName com.google.android.youtube
02-03 21:31:16.791 D/PowerManagerService( 1741): userActivityNoUpdateLocked: groupId=0, eventTime=103434114, event=2, flags=0x0, uid=1000
02-03 21:31:16.890 D/PowerManagerService( 1741): userActivityNoUpdateLocked: groupId=0, eventTime=103434216, event=2, flags=0x0, uid=1000
02-03 21:31:16.992 D/PowerManagerService( 1741): userActivityNoUpdateLocked: groupId=0, eventTime=103434319, event=2, flags=0x0, uid=1000
02-03 21:31:17.226 D/PowerManagerService( 1741): userActivityNoUpdateLocked: groupId=0, eventTime=103434553, event=2, flags=0x0, uid=1000
02-03 21:31:17.358 D/PowerManagerService( 1741): userActivityNoUpdateLocked: groupId=0, eventTime=103434685, event=2, flags=0x0, uid=1000
02-03 21:31:17.533 D/PowerManagerService( 1741): userActivityNoUpdateLocked: groupId=0, eventTime=103434860, event=2, flags=0x0, uid=1000
02-03 21:31:18.304 D/PowerManagerService( 1741): userActivityNoUpdateLocked: groupId=0, eventTime=103435630, event=2, flags=0x0, uid=1000
02-03 21:31:18.404 D/PowerManagerService( 1741): userActivityNoUpdateLocked: groupId=0, eventTime=103435732, event=2, flags=0x0, uid=1000
02-03 21:31:18.442 I/Quality (26664): Skipped: true 1 cost 25.903889 refreshRate 16558967 bit true processName com.google.android.youtube
02-03 21:31:18.600 I/Quality (26664): Skipped: false 1 cost 19.096724 refreshRate 16549806 bit true processName com.google.android.youtube
02-03 21:31:18.655 I/Quality (26664): Skipped: true 1 cost 24.328775 refreshRate 16547770 bit true processName com.google.android.youtube
02-03 21:31:19.463 W/NetworkPolicy( 1741): shared quota unsupported; generating rule for each iface
02-03 21:31:19.467 V/OplusNPMS( 1741): getWarningNotification numWarningNotificaion10
02-03 21:31:19.467 V/OplusNPMS( 1741): getWarningNotification numWarningNotificaion10
02-03 21:31:19.467 V/OplusNPMS( 1741): getLimitNotificationState subID=6
02-03 21:31:19.467 V/OplusNPMS( 1741): getLimitNotificationState mSubidToIccId != null
02-03 21:31:25.941 W/ContextImpl( 1741): Calling a method in the system process without a qualified user: android.app.ContextImpl.sendBroadcast:1205 com.android.server.job.controllers.OplusCpuController.notifyHighCpuEventForApp:386 com.android.server.job.controllers.OplusCpuController.handleCpuUpdate:332 com.android.server.job.controllers.OplusCpuController.-$$Nest$mhandleCpuUpdate:0 com.android.server.job.controllers.OplusCpuController$CpuTrackerHandler.handleMessage:256 
02-03 21:31:31.188 D/OplusAppListInterceptManager( 1741): shouldFilterTask
02-03 21:31:31.188 D/OplusAppListInterceptManager( 1741): shouldFilterTask::packageName = com.google.android.youtube
02-03 21:31:31.188 D/OplusAppListInterceptManager( 1741): shouldFilterTask
02-03 21:31:31.188 D/OplusAppListInterceptManager( 1741): shouldFilterTask::packageName = com.wholexale.app.staging
02-03 21:31:31.188 D/OplusAppListInterceptManager( 1741): shouldFilterTask
02-03 21:31:31.188 D/OplusAppListInterceptManager( 1741): shouldFilterTask::packageName = com.company.userapp
02-03 21:31:31.189 D/OplusAppListInterceptManager( 1741): shouldFilterTask
02-03 21:31:31.189 D/OplusAppListInterceptManager( 1741): shouldFilterTask::packageName = com.twitter.android
02-03 21:31:31.189 D/OplusAppListInterceptManager( 1741): shouldFilterTask
02-03 21:31:31.189 D/OplusAppListInterceptManager( 1741): shouldFilterTask::packageName = com.cricbuzz.android
02-03 21:31:31.189 D/OplusAppListInterceptManager( 1741): shouldFilterTask
02-03 21:31:31.189 D/OplusAppListInterceptManager( 1741): shouldFilterTask::packageName = com.android.chrome
02-03 21:31:32.256 W/NetworkPolicy( 1741): shared quota unsupported; generating rule for each iface
02-03 21:31:32.260 V/OplusNPMS( 1741): getWarningNotification numWarningNotificaion10
02-03 21:31:32.261 V/OplusNPMS( 1741): getWarningNotification numWarningNotificaion10
02-03 21:31:32.261 V/OplusNPMS( 1741): getLimitNotificationState subID=6
02-03 21:31:32.261 V/OplusNPMS( 1741): getLimitNotificationState mSubidToIccId != null
02-03 21:31:39.946 D/PowerManagerService( 1741): userActivityNoUpdateLocked: groupId=0, eventTime=103457266, event=2, flags=0x0, uid=1000
02-03 21:31:39.966 V/WindowManager( 1741): Relayout Window{cffdaf7 u0 ColorSideGestureRight}: viewVisibility=0, oldvis=8, req=98x2666
02-03 21:31:39.991 D/WindowManager( 1741): finishDrawingWindow: Window{cffdaf7 u0 ColorSideGestureRight} mDrawState=DRAW_PENDING
02-03 21:31:40.041 D/PowerManagerService( 1741): userActivityNoUpdateLocked: groupId=0, eventTime=103457369, event=2, flags=0x0, uid=1000
02-03 21:31:40.144 D/PowerManagerService( 1741): userActivityNoUpdateLocked: groupId=0, eventTime=103457471, event=2, flags=0x0, uid=1000
02-03 21:31:40.247 D/PowerManagerService( 1741): userActivityNoUpdateLocked: groupId=0, eventTime=103457574, event=2, flags=0x0, uid=1000
02-03 21:31:40.349 D/PowerManagerService( 1741): userActivityNoUpdateLocked: groupId=0, eventTime=103457677, event=2, flags=0x0, uid=1000
02-03 21:31:40.473 D/PowerManagerService( 1741): userActivityNoUpdateLocked: groupId=0, eventTime=103457801, event=2, flags=0x0, uid=1000
02-03 21:31:40.576 D/PowerManagerService( 1741): userActivityNoUpdateLocked: groupId=0, eventTime=103457903, event=2, flags=0x0, uid=1000
02-03 21:31:40.693 D/PowerManagerService( 1741): userActivityNoUpdateLocked: groupId=0, eventTime=103458020, event=2, flags=0x0, uid=1000
02-03 21:31:40.802 D/PowerManagerService( 1741): userActivityNoUpdateLocked: groupId=0, eventTime=103458130, event=2, flags=0x0, uid=1000
02-03 21:31:41.396 D/PowerManagerService( 1741): userActivityNoUpdateLocked: groupId=0, eventTime=103458724, event=2, flags=0x0, uid=1000
02-03 21:31:41.550 D/PowerManagerService( 1741): userActivityNoUpdateLocked: groupId=0, eventTime=103458877, event=2, flags=0x0, uid=1000
02-03 21:31:41.807 D/PowerManagerService( 1741): userActivityNoUpdateLocked: groupId=0, eventTime=103459133, event=2, flags=0x0, uid=1000
02-03 21:31:42.385 D/PowerManagerService( 1741): userActivityNoUpdateLocked: groupId=0, eventTime=103459712, event=2, flags=0x0, uid=1000
02-03 21:31:42.524 D/PowerManagerService( 1741): userActivityNoUpdateLocked: groupId=0, eventTime=103459851, event=2, flags=0x0, uid=1000
02-03 21:31:42.744 D/PowerManagerService( 1741): userActivityNoUpdateLocked: groupId=0, eventTime=103460071, event=2, flags=0x0, uid=1000
02-03 21:31:43.681 D/PowerManagerService( 1741): userActivityNoUpdateLocked: groupId=0, eventTime=103461008, event=2, flags=0x0, uid=1000
02-03 21:31:44.617 D/PowerManagerService( 1741): userActivityNoUpdateLocked: groupId=0, eventTime=103461945, event=2, flags=0x0, uid=1000
02-03 21:31:45.557 D/PowerManagerService( 1741): userActivityNoUpdateLocked: groupId=0, eventTime=103462882, event=2, flags=0x0, uid=1000
02-03 21:31:46.353 D/PowerManagerService( 1741): userActivityNoUpdateLocked: groupId=0, eventTime=103463679, event=2, flags=0x0, uid=1000
02-03 21:31:46.491 D/PowerManagerService( 1741): userActivityNoUpdateLocked: groupId=0, eventTime=103463818, event=2, flags=0x0, uid=1000
02-03 21:31:46.638 D/PowerManagerService( 1741): userActivityNoUpdateLocked: groupId=0, eventTime=103463965, event=2, flags=0x0, uid=1000
02-03 21:31:46.741 D/PowerManagerService( 1741): userActivityNoUpdateLocked: groupId=0, eventTime=103464068, event=2, flags=0x0, uid=1000
02-03 21:31:46.850 D/PowerManagerService( 1741): userActivityNoUpdateLocked: groupId=0, eventTime=103464177, event=2, flags=0x0, uid=1000
02-03 21:31:47.429 D/PowerManagerService( 1741): userActivityNoUpdateLocked: groupId=0, eventTime=103464756, event=2, flags=0x0, uid=1000
02-03 21:31:47.612 D/PowerManagerService( 1741): userActivityNoUpdateLocked: groupId=0, eventTime=103464939, event=2, flags=0x0, uid=1000
02-03 21:31:48.044 D/PowerManagerService( 1741): userActivityNoUpdateLocked: groupId=0, eventTime=103465371, event=2, flags=0x0, uid=1000
02-03 21:31:48.176 D/PowerManagerService( 1741): userActivityNoUpdateLocked: groupId=0, eventTime=103465503, event=2, flags=0x0, uid=1000
02-03 21:31:48.278 D/PowerManagerService( 1741): userActivityNoUpdateLocked: groupId=0, eventTime=103465605, event=2, flags=0x0, uid=1000
02-03 21:31:48.388 D/PowerManagerService( 1741): userActivityNoUpdateLocked: groupId=0, eventTime=103465715, event=2, flags=0x0, uid=1000
