02-03 21:08:34.988 D/OplusRecentsView( 2561): setVisibility: oplusCleanStorageFrameLayout?.visibility = INVISIBLE
02-03 21:08:34.988 D/OplusWallpaperServiceHelper( 2321): isNightMode is true
02-03 21:08:34.988 D/LockSettingsService( 1741): [getSeparateProfileChallengeEnabled] userId = 999
02-03 21:08:34.988 D/MultiStateCallback( 2561): [32336206] Adding [STATE_LAUNCHER_STARTED (2)] to [STATE_LAUNCHER_PRESENT, STATE_LAUNCHER_BIND_TO_SERVICE (9)]
02-03 21:08:34.988 D/BtGatt.ScanManager( 3260): uid 10128 isForeground true scanMode 1
02-03 21:08:34.989 I/OplusCustomScanStrategy( 3260): msg.what = 6
02-03 21:08:34.989 D/OplusAtlas.OplusAtlasEventDispatch( 3289): setEvent:atlas_event_on_foreground_activities_changed info:pid:2561,uid:10106,hasForegroundActivities:1
02-03 21:08:34.989 I/AutoHideController( 2210): suspendAutoHide: removeAutoHide
02-03 21:08:34.994 D/ActivityManagerWrapper( 2561): startRecentsActivity()--onAnimationStart()
02-03 21:08:34.995 D/OplusAtlas.OplusAudioScene( 3289): callback success event:atlas_event_on_foreground_activities_changed eventInfo:pid:2561,uid:10106,hasForegroundActivities:1
02-03 21:08:34.995 D/OplusAtlas.OplusMessageHandler( 3289): handleMessage: Msg { when=-1ms what=2 obj=com.oplus.atlas.OplusAtlasEvent@504f744 target=com.oplus.atlas.OplusMessageHandler$MyHandler }
02-03 21:08:34.996 D/MultiStateCallback( 2561): [216571531] Adding [STATE_RECENTS_ANIMATION_STARTED (8)] to [STATE_RECENTS_ANIMATION_INITIALIZED (4)]
02-03 21:08:34.997 D/MultiStateCallback( 2561): [32336206] Adding [STATE_APP_CONTROLLER_RECEIVED (16)] to [STATE_LAUNCHER_PRESENT, STATE_LAUNCHER_STARTED, STATE_LAUNCHER_BIND_TO_SERVICE (11)]
02-03 21:08:34.997 I/mtkpower_client( 1741): perf_lock_rel, hdl:97369, tid:2265
02-03 21:08:34.998 I/mtkpower_client( 1741): perf_lock_acq, hdl:97369, dur:0, num:12, tid:2265
02-03 21:08:34.998 I/libPowerHal(  863): [perfLockRel] hdl:97369, idx:0
02-03 21:08:34.998 I/libPowerHal(  863): [PD] system_server update cmd:2004100 param:2
02-03 21:08:34.999 I/OplusWallpaperServiceHelper( 2321): getDarkModeWallpaperWindowAlpha. nightMode = true
02-03 21:08:35.000 I/mtkpower_client( 1741): ret_hdl:97392
02-03 21:08:35.000 D/b/223498680( 2561): RAAF createStateElementAnimation onEnd
02-03 21:08:35.000 V/WindowManager( 1741): Relayout Window{313405c u0 com.android.wallpaper.livepicker.service.smoke.Smoke0WallpaperService}: viewVisibility=0, oldvis=0, req=-1x-1
02-03 21:08:35.001 I/libPowerHal(  863): [setGPUFreq] system_server user set gpu freq min:17, max:-1
02-03 21:08:35.001 I/libPowerHal(  863): system_server: set gpu opp level: 17
02-03 21:08:35.001 I/libPowerHal(  863): system_server: set gpu opp level max: 0
02-03 21:08:35.001 I/libPowerHal(  863): [setGPUFreq] Soft min/max = (17, 0); Hard min/max = (29, 0)
02-03 21:08:35.001 I/libPowerHal(  863): [setGPUFreq] final min/max = (17, 0)
02-03 21:08:35.001 I/libPowerHal(  863): system_server: set gpu opp level: 17
02-03 21:08:35.001 I/libPowerHal(  863): system_server: set gpu opp level max: 0
02-03 21:08:35.005 V/WindowManager( 1741): Relayout Window{79e5b u0 com.android.launcher/com.android.launcher.Launcher}: viewVisibility=0, oldvis=8, req=1080x2400
02-03 21:08:35.007 I/BufferQueueDebug(  962): [com.android.launcher/com.android.launcher.Launcher#38014](this:0xb40000790b16c9e8,id:-1,api:0,p:-1,c:-1) BufferQueue core=(962:/system/bin/surfaceflinger)
02-03 21:08:35.013 V/WindowManager( 1741): Relayout Window{43ad301 u0 com.android.launcher/com.android.launcher.Launcher}: viewVisibility=0, oldvis=8, req=1080x2400
02-03 21:08:35.013 D/WCGWindowSurfaceFactory( 2321): mIsSupportWCG false
02-03 21:08:35.013 I/BufferQueueDebug(  962): [com.android.launcher/com.android.launcher.Launcher#38015](this:0xb400007963bbf9e8,id:-1,api:0,p:-1,c:-1) BufferQueue core=(962:/system/bin/surfaceflinger)
02-03 21:08:35.019 D/[OSIE]  (  962): scltmLayer_name VRI[Launcher][com.android.launcher/com.android.launcher.Launcher]
02-03 21:08:35.019 D/[OSIE]  (  962): IsSCLTMLayer=0 
02-03 21:08:35.019 D/BufferQueueConsumer( 5675): [](id:162b00000271,api:0,p:-1,c:5675) connect: controlledByApp=false
02-03 21:08:35.019 E/IPCThreadState( 5675): attemptIncStrongHandle(72): Not supported
02-03 21:08:35.020 I/boun    ( 5675): (REDACTED) onApplyWindowInsets: systemWindowInsets=%s
02-03 21:08:35.021 I/boun    ( 5675): (REDACTED) onApplyWindowInsets: systemWindowInsets=%s
02-03 21:08:35.022 D/[OSIE]  (  962): scltmLayer_name VRI[Launcher][com.android.launcher/com.android.launcher.Launcher]
02-03 21:08:35.022 D/[OSIE]  (  962): IsSCLTMLayer=0 
02-03 21:08:35.022 D/BufferQueueConsumer( 2561): [](id:a01000002ab,api:0,p:-1,c:2561) connect: controlledByApp=false
02-03 21:08:35.022 E/IPCThreadState( 2561): attemptIncStrongHandle(166): Not supported
02-03 21:08:35.022 D/VRI[Launcher]( 5675): registerCallbacksForSync syncBuffer=false
02-03 21:08:35.023 D/skia    ( 2321): SkJpegCodec::onGetPixels +
02-03 21:08:35.023 D/OplusRecentsView( 2561): getLastViewIndex() :14
02-03 21:08:35.024 W/View    ( 2561): requestLayout() improperly called by android.widget.LinearLayout{bac76ad VFE...C.. ......ID 0,3-958,105 #7f0a00a2 app:id/animated_hint_layout} during layout: running second layout pass
02-03 21:08:35.025 D/VRI[Launcher]( 2561): registerCallbacksForSync syncBuffer=false
02-03 21:08:35.025 D/MultiStateCallback( 2561): [32336206] Adding [STATE_LAUNCHER_DRAWN (4)] to [STATE_LAUNCHER_PRESENT, STATE_LAUNCHER_STARTED, STATE_LAUNCHER_BIND_TO_SERVICE, STATE_APP_CONTROLLER_RECEIVED (27)]
02-03 21:08:35.030 I/WeatherS_WeatherServiceVersionUtils(24226): serviceVersionCode16013000
02-03 21:08:35.031 D/PhoneInterfaceManager( 2506): [PhoneIntfMgr] QueryTelephonyChecker-getDataNetworkTypeForSubscriber: packageName = com.android.phone, isGrant = true
02-03 21:08:35.031 D/PhoneInterfaceManager( 2506): [PhoneIntfMgr] QueryTelephonyChecker-getDataNetworkTypeForSubscriber: packageName = com.android.phone, isGrant = true
02-03 21:08:35.033 I/WeatherS_WeatherServiceVersionUtils(24226): serviceVersionCode16013000
02-03 21:08:35.034 D/BLASTBufferQueue( 2561): [VRI[Launcher][com.android.launcher/com.android.launcher.Launcher]#624](f:0,a:1) acquireNextBufferLocked size=1080x2400 mFrameNumber=1 applyTransaction=true mTimestamp=102072363101160(auto) mPendingTransactions.size=0 graphicBufferId=10999411250700 transform=0
02-03 21:08:35.034 D/VRI[Launcher]( 2561): Received frameCommittedCallback lastAttemptedDrawFrameNum=1 didProduceBuffer=true syncBuffer=false
02-03 21:08:35.035 D/BufferStateLayer(  962): com.android.launcher/com.android.launcher.Launcher#38015 setBuffer frameId=1, bufferId=10999411250700 fenceId=727, w= 1080, h=2400
02-03 21:08:35.035 D/OplusLayer(  962): (38015,com.android.launcher/com.android.launcher.Launcher#38015,com.android.launcher) setBuffer
02-03 21:08:35.035 D/VRI[Launcher]( 2561): draw finished.
02-03 21:08:35.036 D/WindowManager( 1741): finishDrawingWindow: Window{43ad301 u0 com.android.launcher/com.android.launcher.Launcher} mDrawState=DRAW_PENDING
02-03 21:08:35.036 D/DockIconView( 2561): updatePaintFilter: mBitmapShader = null,mul=204,alpha=1.0,mDimAlpha=0.0
02-03 21:08:35.036 D/DockIconView( 2561): updatePaintFilter: mBitmapShader = null,mul=204,alpha=1.0,mDimAlpha=0.0
02-03 21:08:35.036 D/DockIconView( 2561): updatePaintFilter: mBitmapShader = null,mul=204,alpha=1.0,mDimAlpha=0.0
02-03 21:08:35.036 D/DockIconView( 2561): updatePaintFilter: mBitmapShader = null,mul=204,alpha=1.0,mDimAlpha=0.0
02-03 21:08:35.036 D/DockIconView( 2561): updatePaintFilter: mBitmapShader = null,mul=204,alpha=1.0,mDimAlpha=0.0
02-03 21:08:35.036 D/DockIconView( 2561): updatePaintFilter: mBitmapShader = null,mul=204,alpha=1.0,mDimAlpha=0.0
02-03 21:08:35.036 D/DockIconView( 2561): updatePaintFilter: mBitmapShader = null,mul=204,alpha=1.0,mDimAlpha=0.0
02-03 21:08:35.036 D/DockIconView( 2561): updatePaintFilter: mBitmapShader = null,mul=204,alpha=1.0,mDimAlpha=0.0
02-03 21:08:35.036 D/DockIconView( 2561): updatePaintFilter: mBitmapShader = null,mul=204,alpha=1.0,mDimAlpha=0.0
02-03 21:08:35.036 D/DockIconView( 2561): updatePaintFilter: mBitmapShader = null,mul=204,alpha=1.0,mDimAlpha=0.0
02-03 21:08:35.036 D/DockIconView( 2561): updatePaintFilter: mBitmapShader = null,mul=204,alpha=1.0,mDimAlpha=0.0
02-03 21:08:35.036 D/DockIconView( 2561): onIconListVisibilityChanged: mTask = [id=1565 windowingMode=1 user=0 lastActiveTime=126170712, displayId=0] null,alpha=1.0,l=2580,t=0,r=2700,b=120
02-03 21:08:35.036 D/DockIconView( 2561): onIconListVisibilityChanged: mTask = [id=1546 windowingMode=1 user=0 lastActiveTime=126157781, displayId=0] null,alpha=1.0,l=2430,t=0,r=2550,b=120
02-03 21:08:35.036 D/DockIconView( 2561): onIconListVisibilityChanged: mTask = [id=1523 windowingMode=1 user=0 lastActiveTime=125942136, displayId=0] null,alpha=1.0,l=2280,t=0,r=2400,b=120
02-03 21:08:35.036 D/DockIconView( 2561): onIconListVisibilityChanged: mTask = [id=1534 windowingMode=1 user=0 lastActiveTime=125580689, displayId=0] null,alpha=1.0,l=2130,t=0,r=2250,b=120
02-03 21:08:35.036 D/DockIconView( 2561): onIconListVisibilityChanged: mTask = [id=1563 windowingMode=1 user=0 lastActiveTime=125000984, displayId=0] null,alpha=1.0,l=1980,t=0,r=2100,b=120
02-03 21:08:35.036 D/DockIconView( 2561): onIconListVisibilityChanged: mTask = [id=1520 windowingMode=1 user=0 lastActiveTime=124864095, displayId=0] null,alpha=1.0,l=1830,t=0,r=1950,b=120
02-03 21:08:35.036 D/DockIconView( 2561): onIconListVisibilityChanged: mTask = [id=1555 windowingMode=1 user=0 lastActiveTime=124459863, displayId=0] null,alpha=1.0,l=1680,t=0,r=1800,b=120
02-03 21:08:35.036 D/DockIconView( 2561): onIconListVisibilityChanged: mTask = [id=1554 windowingMode=1 user=0 lastActiveTime=124035918, displayId=0] null,alpha=1.0,l=1530,t=0,r=1650,b=120
02-03 21:08:35.036 D/DockIconView( 2561): onIconListVisibilityChanged: mTask = [id=1551 windowingMode=1 user=999 lastActiveTime=123894704, displayId=0] null,alpha=1.0,l=1380,t=0,r=1500,b=120
02-03 21:08:35.036 D/DockIconView( 2561): onIconListVisibilityChanged: mTask = [id=1544 windowingMode=1 user=0 lastActiveTime=123889323, displayId=0] null,alpha=1.0,l=1230,t=0,r=1350,b=120
02-03 21:08:35.036 D/DockIconView( 2561): onIconListVisibilityChanged: mTask = [id=1533 windowingMode=1 user=0 lastActiveTime=116160535, displayId=0] null,alpha=1.0,l=1080,t=0,r=1200,b=120
02-03 21:08:35.036 D/DockIconView( 2561): onIconListVisibilityChanged: mTask = [id=1516 windowingMode=1 user=0 lastActiveTime=115903446, displayId=0] null,alpha=1.0,l=930,t=0,r=1050,b=120
02-03 21:08:35.039 D/DockIconView( 2561): updatePaintFilter: mBitmapShader = null,mul=254,alpha=1.0,mDimAlpha=0.0
02-03 21:08:35.039 D/DockIconView( 2561): updatePaintFilter: mBitmapShader = null,mul=204,alpha=1.0,mDimAlpha=0.0
02-03 21:08:35.039 D/DockIconView( 2561): updatePaintFilter: mBitmapShader = null,mul=204,alpha=1.0,mDimAlpha=0.0
02-03 21:08:35.039 D/DockIconView( 2561): updatePaintFilter: mBitmapShader = null,mul=204,alpha=1.0,mDimAlpha=0.0
02-03 21:08:35.039 D/DockIconView( 2561): onIconListVisibilityChanged: mTask = [id=1532 windowingMode=1 user=0 lastActiveTime=115883266, displayId=-1] null,alpha=1.0,l=780,t=0,r=900,b=120
02-03 21:08:35.039 D/DockIconView( 2561): onIconListVisibilityChanged: mTask = [id=1531 windowingMode=1 user=0 lastActiveTime=113986995, displayId=0] null,alpha=1.0,l=630,t=0,r=750,b=120
02-03 21:08:35.039 D/DockIconView( 2561): onIconListVisibilityChanged: mTask = [id=1522 windowingMode=1 user=0 lastActiveTime=109205612, displayId=0] null,alpha=1.0,l=480,t=0,r=600,b=120
02-03 21:08:35.040 D/UxIconPackageManagerExt( 2561): UxIcon checkChooseIconsRootPath false
02-03 21:08:35.040 D/OplusRecentsView( 2561): getLastViewIndex() :14
02-03 21:08:35.041 D/DockIconView( 2561): onIconListVisibilityChanged: mTask = [id=1565 windowingMode=1 user=0 lastActiveTime=126170712, displayId=0] null,alpha=1.0,l=2580,t=0,r=2700,b=120
02-03 21:08:35.041 D/DockIconView( 2561): onIconListVisibilityChanged: mTask = [id=1546 windowingMode=1 user=0 lastActiveTime=126157781, displayId=0] null,alpha=1.0,l=2430,t=0,r=2550,b=120
02-03 21:08:35.041 D/DockIconView( 2561): onIconListVisibilityChanged: mTask = [id=1523 windowingMode=1 user=0 lastActiveTime=125942136, displayId=0] null,alpha=1.0,l=2280,t=0,r=2400,b=120
02-03 21:08:35.041 D/DockIconView( 2561): onIconListVisibilityChanged: mTask = [id=1534 windowingMode=1 user=0 lastActiveTime=125580689, displayId=0] null,alpha=1.0,l=2130,t=0,r=2250,b=120
02-03 21:08:35.041 D/DockIconView( 2561): updatePaintFilter: mBitmapShader = null,mul=204,alpha=1.0,mDimAlpha=0.0
02-03 21:08:35.041 D/DockIconView( 2561): updatePaintFilter: mBitmapShader = null,mul=204,alpha=1.0,mDimAlpha=0.0
02-03 21:08:35.041 D/DockIconView( 2561): updatePaintFilter: mBitmapShader = null,mul=204,alpha=1.0,mDimAlpha=0.0
02-03 21:08:35.041 D/DockIconView( 2561): updatePaintFilter: mBitmapShader = null,mul=204,alpha=1.0,mDimAlpha=0.0
02-03 21:08:35.043 I/WeatherS_WeatherServiceVersionUtils(24226): serviceVersionCode16013000
02-03 21:08:35.043 I/WeatherS_WeatherServiceVersionUtils(24226): serviceVersionCode16013000
02-03 21:08:35.043 I/WeatherS_WeatherServiceVersionUtils(24226): serviceVersionCode16013000
02-03 21:08:35.043 I/WeatherS_WeatherServiceVersionUtils(24226): serviceVersionCode16013000
02-03 21:08:35.044 D/BLASTBufferQueue( 5675): [VRI[Launcher][com.android.launcher/com.android.launcher.Launcher]#625](f:0,a:1) acquireNextBufferLocked size=1080x2400 mFrameNumber=1 applyTransaction=true mTimestamp=102072372838775(auto) mPendingTransactions.size=0 graphicBufferId=24373939407851 transform=0
02-03 21:08:35.044 D/VRI[Launcher]( 5675): Received frameCommittedCallback lastAttemptedDrawFrameNum=1 didProduceBuffer=true syncBuffer=false
02-03 21:08:35.045 D/VRI[Launcher]( 5675): draw finished.
02-03 21:08:35.045 D/WindowManager( 1741): finishDrawingWindow: Window{79e5b u0 com.android.launcher/com.android.launcher.Launcher} mDrawState=DRAW_PENDING
02-03 21:08:35.047 D/UxIconPackageManagerExt( 2561): UxIcon checkChooseIconsRootPath false
02-03 21:08:35.048 I/WeatherS_WeatherServiceVersionUtils(24226): serviceVersionCode16013000
02-03 21:08:35.048 I/WeatherS_WeatherServiceVersionUtils(24226): serviceVersionCode16013000
02-03 21:08:35.049 I/WeatherS_WeatherBaseDataTask(24226): Service has not started, bind update Service.
02-03 21:08:35.049 I/WeatherS_WeatherServiceManager(24226): bindUpdateService false
02-03 21:08:35.052 D/DockIconView( 2561): refresh: scale = 0.90909094,bm.width=132,icon.width=120,measureWidth=120
02-03 21:08:35.052 D/DockIconView( 2561): updatePaintFilter: mBitmapShader = android.graphics.BitmapShader@1a15dc8,mul=204,alpha=1.0,mDimAlpha=0.0
02-03 21:08:35.052 D/DockIconView( 2561): refresh: scale = 0.90909094,bm.width=132,icon.width=120,measureWidth=120
02-03 21:08:35.052 D/DockIconView( 2561): updatePaintFilter: mBitmapShader = android.graphics.BitmapShader@cf80e61,mul=204,alpha=1.0,mDimAlpha=0.0
02-03 21:08:35.052 D/DockIconView( 2561): refresh: scale = 0.90909094,bm.width=132,icon.width=120,measureWidth=120
02-03 21:08:35.052 D/DockIconView( 2561): updatePaintFilter: mBitmapShader = android.graphics.BitmapShader@a05dd86,mul=204,alpha=1.0,mDimAlpha=0.0
02-03 21:08:35.052 D/DockIconView( 2561): refresh: scale = 0.90909094,bm.width=132,icon.width=120,measureWidth=120
02-03 21:08:35.052 D/DockIconView( 2561): updatePaintFilter: mBitmapShader = android.graphics.BitmapShader@9a25647,mul=204,alpha=1.0,mDimAlpha=0.0
02-03 21:08:35.052 D/DockIconView( 2561): refresh: scale = 0.90909094,bm.width=132,icon.width=120,measureWidth=120
02-03 21:08:35.052 D/DockIconView( 2561): updatePaintFilter: mBitmapShader = android.graphics.BitmapShader@2528e74,mul=204,alpha=1.0,mDimAlpha=0.0
02-03 21:08:35.053 D/DockIconView( 2561): refresh: scale = 0.90909094,bm.width=132,icon.width=120,measureWidth=120
02-03 21:08:35.053 D/DockIconView( 2561): updatePaintFilter: mBitmapShader = android.graphics.BitmapShader@6462f9d,mul=204,alpha=1.0,mDimAlpha=0.0
02-03 21:08:35.053 D/DockIconView( 2561): refresh: scale = 0.90909094,bm.width=132,icon.width=120,measureWidth=120
02-03 21:08:35.053 D/DockIconView( 2561): updatePaintFilter: mBitmapShader = android.graphics.BitmapShader@ed24c12,mul=204,alpha=1.0,mDimAlpha=0.0
02-03 21:08:35.053 I/WindowStateExtImpl( 1741): onSurfaceShowChange show = true mPackageName = com.android.launcher parentPkgName = com.android.launcher
02-03 21:08:35.053 D/BufferStateLayer(  962): com.android.launcher/com.android.launcher.Launcher#38014 setBuffer frameId=1, bufferId=24373939407851 fenceId=775, w= 1080, h=2400
02-03 21:08:35.054 D/OplusLayer(  962): (38014,com.android.launcher/com.android.launcher.Launcher#38014,com.google.android.googlequicksearchbox:googleapp) setBuffer
02-03 21:08:35.060 D/MultiStateCallback( 2561): [32336206] Adding [STATE_GESTURE_STARTED (256)] to [STATE_LAUNCHER_PRESENT, STATE_LAUNCHER_STARTED, STATE_LAUNCHER_DRAWN, STATE_LAUNCHER_BIND_TO_SERVICE, STATE_APP_CONTROLLER_RECEIVED (31)]
02-03 21:08:35.060 D/PowerManagerService( 1741): userActivityNoUpdateLocked: groupId=0, eventTime=102072388, event=2, flags=0x0, uid=1000
02-03 21:08:35.061 D/b/223498680( 2561): RAAF createStateElementAnimation alpha=[0.0]
02-03 21:08:35.061 D/b/223498680( 2561): RAAF createStateElementAnimation onStart
02-03 21:08:35.061 I/LatencyTracker( 2561): ACTION_TOGGLE_RECENTS latency=68
02-03 21:08:35.062 W/OplusExSystemServiceHelper(24253): checkOplusExSystemService intent getComponent is null
02-03 21:08:35.063 D/OplusZoomWindowManagerService( 1741): hideZoomWindow, caller: 2561
02-03 21:08:35.066 I/WeatherS_WeatherBaseDataTask(24226): Service has not started, bind update Service.
02-03 21:08:35.066 I/WeatherS_WeatherServiceManager(24226): bindUpdateService false
02-03 21:08:35.067 I/WeatherS_WeatherServiceManager(24226): onServiceConnected
02-03 21:08:35.067 D/b/223498680( 2561): RAAF createStateElementAnimation onEnd
02-03 21:08:35.067 I/WeatherS_WeatherBaseDataTask(24226): executeRequest getLocationCityDataAndUpdateWeatherInfoIfNeeded
02-03 21:08:35.068 D/OplusRecentsView( 2561): getLastViewIndex() :14
02-03 21:08:35.071 E/OplusZoomWindowManagerService( 1741): hideZoomWindow fail, zoomStack null
02-03 21:08:35.071 I/WeatherS_WeatherServiceManager(24226): onServiceConnected
02-03 21:08:35.072 I/WeatherS_WeatherBaseDataTask(24226): executeRequest getResidentSecureSettingsData
02-03 21:08:35.072 E/WeatherS_PrivacyStatementExport(24253): isAgreed-1
02-03 21:08:35.073 E/WeatherS_PrivacyStatementExport(24253): isAgreed-1
02-03 21:08:35.075 I/WeatherS_WeatherCommonServiceProxy(24253): getResidentCity list size: 1
02-03 21:08:35.076 D/skia    ( 2321): SkJpegCodec::onGetPixels -
02-03 21:08:35.076 I/WeatherS_WeatherCommonServiceProxy(24253): resident data temp -> 39
02-03 21:08:35.077 V/StatusBar( 2210): onReceive: Intent { act=android.intent.action.CLOSE_SYSTEM_DIALOGS flg=0x50000010 (has extras) }
02-03 21:08:35.077 I/MainLooperBlockDetector( 5725): com.coloros.common.utils.RxSystemKeyEventMonitor$systemKeyEventReceiver$1.onReceive
02-03 21:08:35.077 I/MainLooperBlockDetector( 5725): checkMainLooperBlocked: detector not initialized
02-03 21:08:35.077 I/AstScreen.RxSystemKeyEventMonitor( 5725): HomeKey Receiver Reason = recentapps
02-03 21:08:35.077 V/ShadeControllerImpl( 2210): NotificationShadeWindow: com.android.systemui.statusbar.phone.NotificationShadeWindowView{39b9082 I.E...... ......ID 0,0-1080,2400} canPanelBeCollapsed(): false
02-03 21:08:35.079 E/WeatherS_WeatherCommonServiceProxy(24253): getLocationCityInfo
02-03 21:08:35.080 I/WeatherS_WeatherBaseDataTask(24226): after doRequestFromWeatherService getResidentSecureSettingsData result true
02-03 21:08:35.080 I/WeatherS_WeatherCommonServiceProxy(24253): getLocationCityAndUpdate id = 2 cityId:0
02-03 21:08:35.080 E/WeatherS_WeatherCommonServiceProxy(24253): getTimeZoneOfAttendCity
02-03 21:08:35.081 I/WeatherS_WeatherBaseDataTask(24226):  doRequestFromWeatherService getResidentSecureSettingsData response data true
02-03 21:08:35.082 I/WeatherS_WeatherServiceManager(24226): unBindUpdateService true
02-03 21:08:35.084 E/WeatherS_WeatherCommonServiceProxy(24253): getOneAttentCityWeatherInfoList
02-03 21:08:35.085 D/InputMethodManagerService( 1741): onHandleImeWindowVisibleStatus: vis = 0, needsToShowImeSwitcher = false
02-03 21:08:35.085 I/WeatherS_WeatherCommonServiceProxy(24253): parseWeatherToAttentWeatherInfo currentTemp: 75
02-03 21:08:35.086 I/WeatherS_SharedUtil(24253): tryCheckLocWeatherAndSend sLastSendResult is 202.
02-03 21:08:35.086 I/WeatherS_WeatherCommonServiceProxy(24253): getLocationCityAndUpdate  temp = 75 Partly cloudy 58
02-03 21:08:35.086 D/DockIconView( 2561): refresh: scale = 0.90909094,bm.width=132,icon.width=120,measureWidth=120
02-03 21:08:35.086 D/DockIconView( 2561): updatePaintFilter: mBitmapShader = android.graphics.BitmapShader@92a6a09,mul=254,alpha=1.0,mDimAlpha=0.0
02-03 21:08:35.086 D/DockIconView( 2561): refresh: scale = 0.90909094,bm.width=132,icon.width=120,measureWidth=120
02-03 21:08:35.086 D/DockIconView( 2561): updatePaintFilter: mBitmapShader = android.graphics.BitmapShader@f54140e,mul=204,alpha=1.0,mDimAlpha=0.0
02-03 21:08:35.087 E/WeatherS_WeatherCommonServiceProxy(24253): getLocationCityAndUpdate  needUpdateWeatherInfo = false, isCallFromWeatherApp = false
02-03 21:08:35.088 I/WeatherS_WeatherBaseDataTask(24226): after doRequestFromWeatherService getLocationCityDataAndUpdateWeatherInfoIfNeeded result true
02-03 21:08:35.088 I/FocusResolver( 1741): updateFocusedWindow,  on display 0, reason: Waiting for window because NOT_VISIBLE, result:   FocusedWindows: <none>
02-03 21:08:35.089 D/DockIconView( 2561): refresh: scale = 0.90909094,bm.width=132,icon.width=120,measureWidth=120
02-03 21:08:35.089 D/DockIconView( 2561): updatePaintFilter: mBitmapShader = android.graphics.BitmapShader@5bcfe2f,mul=204,alpha=1.0,mDimAlpha=0.0
02-03 21:08:35.089 D/DockIconView( 2561): refresh: scale = 0.90909094,bm.width=132,icon.width=120,measureWidth=120
02-03 21:08:35.089 D/DockIconView( 2561): updatePaintFilter: mBitmapShader = android.graphics.BitmapShader@e44bc3c,mul=204,alpha=1.0,mDimAlpha=0.0
02-03 21:08:35.089 I/FocusResolver( 1741): updateFocusedWindow, recents_animation_input_consumer on display 0, reason: Window became focusable. Previous reason: NOT_VISIBLE, result:   FocusedWindows:
02-03 21:08:35.089 I/FocusResolver( 1741):     displayId=0, name='recents_animation_input_consumer'
02-03 21:08:35.089 I/WeatherS_WeatherBaseDataTask(24226):  doRequestFromWeatherService getLocationCityDataAndUpdateWeatherInfoIfNeeded response data true
02-03 21:08:35.090 I/WeatherS_WeatherServiceManager(24226): unBindUpdateService true
02-03 21:08:35.090 D/VRI[MainActivity](26680): onFocusEvent false
02-03 21:08:35.092 V/WindowManager( 1741): Unknown focus tokens, dropping reportFocusChanged
02-03 21:08:35.105 I/DispPerfService(  962): updateLayerMask 9
02-03 21:08:35.162 D/PowerManagerService( 1741): userActivityNoUpdateLocked: groupId=0, eventTime=102072490, event=2, flags=0x0, uid=1000
02-03 21:08:35.166 D/b/223498680( 2561): RAAF createStateElementAnimation alpha=[1.0]
02-03 21:08:35.166 D/b/223498680( 2561): RAAF createStateElementAnimation onStart
02-03 21:08:35.265 D/PowerManagerService( 1741): userActivityNoUpdateLocked: groupId=0, eventTime=102072593, event=2, flags=0x0, uid=1000
02-03 21:08:35.330 I/libPowerHal(  863): [perfLockRel] hdl:97390, idx:1
02-03 21:08:35.330 I/libPowerHal(  863): [PD] MTKPOWER_HINT_APP_TOUCH update cmd:3408600 param:0
02-03 21:08:35.331 D/MultiStateCallback( 2561): [32336206] Adding [STATE_GESTURE_COMPLETED (1024)] to [STATE_LAUNCHER_PRESENT, STATE_LAUNCHER_STARTED, STATE_LAUNCHER_DRAWN, STATE_LAUNCHER_BIND_TO_SERVICE, STATE_APP_CONTROLLER_RECEIVED, STATE_GESTURE_STARTED (287)]
02-03 21:08:35.331 D/MultiStateCallback( 2561): [216571531] Adding [STATE_END_TARGET_SET (1)] to [STATE_RECENTS_ANIMATION_INITIALIZED, STATE_RECENTS_ANIMATION_STARTED (12)]
02-03 21:08:35.353 I/LatencyTracker( 1741): ACTION_START_RECENTS_ANIMATION latency=74
02-03 21:08:35.480 D/b/223498680( 2561): RAAF createStateElementAnimation onEnd
02-03 21:08:35.696 D/MultiStateCallback( 2561): [216571531] Adding [STATE_END_TARGET_ANIMATION_FINISHED (2)] to [STATE_END_TARGET_SET, STATE_RECENTS_ANIMATION_INITIALIZED, STATE_RECENTS_ANIMATION_STARTED (13)]
02-03 21:08:35.696 D/b/223498680( 2561): LRV onStateTransitionStart setFreezeVisibility=true, toState=Overview
02-03 21:08:35.697 D/b/223498680( 2561): LRV onStateTransitionComplete setFreezeVisibility=false, finalState=Overview
02-03 21:08:35.697 D/OplusRecentsView( 2561): getLastViewIndex() :14
02-03 21:08:35.698 D/MultiStateCallback( 2561): [216571531] Adding [STATE_RECENTS_SCROLLING_FINISHED (128)] to [STATE_END_TARGET_SET, STATE_END_TARGET_ANIMATION_FINISHED, STATE_RECENTS_ANIMATION_INITIALIZED, STATE_RECENTS_ANIMATION_STARTED (15)]
02-03 21:08:35.698 D/b/223498680( 2561): RAAF createStateElementAnimation alpha=[1.0]
02-03 21:08:35.698 D/b/223498680( 2561): RAAF createStateElementAnimation onStart
02-03 21:08:35.698 D/MultiStateCallback( 2561): [32336206] Adding [STATE_SCALED_CONTROLLER_RECENTS, STATE_CAPTURE_SCREENSHOT, STATE_SCREENSHOT_VIEW_SHOWN (10304)] to [STATE_LAUNCHER_PRESENT, STATE_LAUNCHER_STARTED, STATE_LAUNCHER_DRAWN, STATE_LAUNCHER_BIND_TO_SERVICE, STATE_APP_CONTROLLER_RECEIVED, STATE_GESTURE_STARTED, STATE_GESTURE_COMPLETED (1311)]
02-03 21:08:35.699 I/mtkpower_client( 1741): perf_lock_rel, hdl:97392, tid:2265
02-03 21:08:35.699 I/mtkpower_client( 1741): perf_lock_acq, hdl:97392, dur:0, num:4, tid:2265
02-03 21:08:35.699 I/libPowerHal(  863): [perfLockRel] hdl:97392, idx:0
02-03 21:08:35.699 I/libPowerHal(  863): [unsetGPUFreq] current min:17, max:0; scn_gpu_min:17, scn_gpu_max:-1; scn_gpu_min(HL):-1, scn_gpu_max(HL):-1
02-03 21:08:35.699 I/libPowerHal(  863): system_server: set gpu opp level: 29
02-03 21:08:35.700 I/libPowerHal(  863): system_server: set gpu opp level max: 0
02-03 21:08:35.700 I/libPowerHal(  863): [setGPUFreq] Soft min/max = (29, 0); Hard min/max = (29, 0)
02-03 21:08:35.700 I/libPowerHal(  863): [setGPUFreq] final min/max = (29, 0)
02-03 21:08:35.700 I/libPowerHal(  863): system_server: set gpu opp level: 29
02-03 21:08:35.700 I/libPowerHal(  863): system_server: set gpu opp level max: 0
02-03 21:08:35.700 I/libPowerHal(  863): [PD] system_server update cmd:1c3c000 param:1
02-03 21:08:35.700 I/libPowerHal(  863): [PD] (more) /proc/mcdi/state set +prefix:enable 1;
02-03 21:08:35.700 I/libPowerHal(  863): [PD] system_server update cmd:2004100 param:2
02-03 21:08:35.701 I/mtkpower_client( 1741): ret_hdl:97393
02-03 21:08:35.708 D/OplusLayer(  962): ~Layer() sequence=38016, name=Screenshot Parent#38016
02-03 21:08:35.712 D/b/223498680( 2561): RAAF createStateElementAnimation onEnd
02-03 21:08:35.713 D/TaskChangeNotificationControllerExtImpl( 1741): Skip pass Snapshot to listener:android.app.ITaskStackListener$Stub$Proxy@9e2d06d
02-03 21:08:35.770 D/OGG_Detector( 1741): D:done mCurrStatus: 0
02-03 21:08:35.770 D/PowerManagerService( 1741): userActivityNoUpdateLocked: groupId=0, eventTime=102073097, event=2, flags=0x0, uid=1000
02-03 21:08:35.770 D/NoBackGesture( 2210): Start gesture: MotionEvent { action=ACTION_DOWN, actionButton=0, id[0]=0, x[0]=79.5, y[0]=1554.75, toolType[0]=TOOL_TYPE_FINGER, buttonState=0, classification=NONE, metaState=0, flags=0x0, edgeFlags=0x0, pointerCount=1, historySize=0, eventTime=102073097, downTime=102073097, deviceId=4, source=0x1002, displayId=0, eventId=663815054 }
02-03 21:08:35.770 D/NoBackGesture( 2210): Not in side gesture area
02-03 21:08:35.770 D/MultiStateCallback( 2561): [216571531] Adding [STATE_END_TARGET_ANIMATION_FINISHED (2)] to [STATE_END_TARGET_SET, STATE_END_TARGET_ANIMATION_FINISHED, STATE_RECENTS_ANIMATION_INITIALIZED, STATE_RECENTS_ANIMATION_STARTED, STATE_RECENTS_SCROLLING_FINISHED (143)]
02-03 21:08:35.779 D/MultiStateCallback( 2561): [32336206] Adding [STATE_SCREENSHOT_CAPTURED (4096)] to [STATE_LAUNCHER_PRESENT, STATE_LAUNCHER_STARTED, STATE_LAUNCHER_DRAWN, STATE_LAUNCHER_BIND_TO_SERVICE, STATE_APP_CONTROLLER_RECEIVED, STATE_SCALED_CONTROLLER_RECENTS, STATE_GESTURE_STARTED, STATE_GESTURE_COMPLETED, STATE_CAPTURE_SCREENSHOT, STATE_SCREENSHOT_VIEW_SHOWN (11615)]
02-03 21:08:35.779 D/MultiStateCallback( 2561): [216571531] Adding [STATE_RECENTS_ANIMATION_FINISHED (32)] to [STATE_END_TARGET_SET, STATE_END_TARGET_ANIMATION_FINISHED, STATE_RECENTS_ANIMATION_INITIALIZED, STATE_RECENTS_ANIMATION_STARTED, STATE_RECENTS_SCROLLING_FINISHED (143)]
02-03 21:08:35.779 D/MultiStateCallback( 2561): [216571531] Adding [STATE_RECENTS_ANIMATION_ENDED (64)] to [STATE_END_TARGET_SET, STATE_END_TARGET_ANIMATION_FINISHED, STATE_RECENTS_ANIMATION_INITIALIZED, STATE_RECENTS_ANIMATION_STARTED, STATE_RECENTS_ANIMATION_FINISHED, STATE_RECENTS_SCROLLING_FINISHED (175)]
02-03 21:08:35.780 I/mtkpower@impl(  863): [setMode] type:5, enabled:0
02-03 21:08:35.780 I/libPowerHal(  863): [perfLockRel] hdl:97391, idx:3
02-03 21:08:35.781 I/libPowerHal(  863): LAUNCH: cpu_ctrl set cpu freq: -1 -1 -1 -1
02-03 21:08:35.781 I/libPowerHal(  863): [PD] LAUNCH update cmd:1000000, param:1
02-03 21:08:35.781 I/libPowerHal(  863): [PD] LAUNCH update cmd:1408300 param:40
02-03 21:08:35.782 I/libPowerHal(  863): [PD] LAUNCH update cmd:1000000 param:1
02-03 21:08:35.786 V/WindowManager( 1741): Changing focus from Window{44294a0 u0 com.wholexale.app.staging/com.wholexale.app.MainActivity} to Window{43ad301 u0 com.android.launcher/com.android.launcher.Launcher},diplayid=0
02-03 21:08:35.790 D/Theia.NoFocusWindow( 1741): FocusWindowErrorScene cancelCheckFreezeScreen
02-03 21:08:35.792 I/mtkpower_client( 1741): perf_lock_rel, hdl:97393, tid:2265
02-03 21:08:35.792 I/mtkpower_client( 1741): perf_lock_acq, hdl:97393, dur:0, num:10, tid:2265
02-03 21:08:35.792 I/libPowerHal(  863): [perfLockRel] hdl:97393, idx:0
02-03 21:08:35.792 I/libPowerHal(  863): [PD] system_server update cmd:2004100 param:2
02-03 21:08:35.793 I/PowerHalWrapper( 1741): <amsBoostResume> last:com.wholexale.app.staging, next:com.android.launcher 
02-03 21:08:35.793 I/OplusHansManager ( 1741): front pkg: com.android.launcher, uid: 10106, prev pkg: com.wholexale.app.staging, prev uid: 10853
02-03 21:08:35.794 I/OplusHansManager ( 1741): notifyAppGoForeground, uid=10106
02-03 21:08:35.794 I/OplusHansManager ( 1741): notifyAppGoBackground, uid=10853
02-03 21:08:35.794 D/OplusUIFirst_FB( 1741): com.android.launcher activity event: []
02-03 21:08:35.794 D/OplusUIFirst_FB( 1741): List of ThreadOp: size=0 []
02-03 21:08:35.794 D/OplusUIFirst_FB( 1741): handleParaSwitch com.android.launcher null null 1
02-03 21:08:35.794 I/mtkpower_client( 1741): ret_hdl:97395
02-03 21:08:35.794 I/OplusHansManager ( 1741): uid=10853, pkg=com.wholexale.app.staging enter SM
02-03 21:08:35.794 I/OplusHansManager ( 1741): uid=10853, pkg=com.wholexale.app.staging R enter(), D stay=20
02-03 21:08:35.794 I/libPowerHal(  863): system_server: cpu_ctrl set cpu freq: 2000000 -1 2200000 -1
02-03 21:08:35.794 I/Osense-DecisionMaker( 1741): notifySceneToAthenaPolicy: SCENE_LAUNCHER, bundle: Bundle[{prevPkgName=com.wholexale.app.staging, curUid=10106, curPkgName=com.android.launcher, prevUid=10853}]
02-03 21:08:35.794 D/Osense-DecisionMaker( 1741): getCurrentSysStats, availmemMb: 2006
02-03 21:08:35.795 I/OplusResourcePreloadManager( 1741): resume pkg: com.android.launcher, uid:10106, prev pkg: com.wholexale.app.staging, prev uid: 10853
02-03 21:08:35.795 D/Osense-DecisionMaker( 1741): getCurrentSysStats, availmemMb: 2006
02-03 21:08:35.795 D/Osense-DecisionMaker( 1741): getCurrentSysStats, availmemMb: 2006
02-03 21:08:35.795 D/Osense-DecisionMaker( 1741): getCurrentSysStats, availmemMb: 2006
02-03 21:08:35.796 W/System  ( 2561): A resource failed to call release. 
02-03 21:08:35.796 D/ActivityTaskManager( 1741): onWindowFocusChanged Task{1b1fe44 #6 type=home I=com.android.launcher/.Launcher U=0 rootTaskId=1 visible=true visibleRequested=true mode=fullscreen translucent=false sz=1} would transfer to compact
02-03 21:08:35.796 I/InputDispatcher( 1741): setFocusedApplication displayId=0 ActivityRecord{c0ace5a u0 com.android.launcher/.Launcher} t6}
02-03 21:08:35.796 W/System  ( 2561): A resource failed to call release. 
02-03 21:08:35.796 W/System  ( 2561): A resource failed to call release. 
02-03 21:08:35.797 I/mtkpower_client( 1741): perf_lock_rel, hdl:97395, tid:2265
02-03 21:08:35.798 I/mtkpower_client( 1741): perf_lock_acq, hdl:97395, dur:0, num:10, tid:2265
02-03 21:08:35.798 I/mtkpower@impl(  863): [check_work_req] i:2, msg:1 hdl:97395, wait
02-03 21:08:35.798 D/OplusLayer(  962): ~Layer() sequence=37997, name=Surface(name=WallpaperWindowToken{94e52a3 token=android.os.Binder@45c3e34})/@0x1de629b - animation-leash of window_animation#37997
02-03 21:08:35.798 D/OplusLayer(  962): ~Layer() sequence=37971, name=Surface(name=Task=1564)/@0xa4607a1 - animation-leash of app_transition#37971
02-03 21:08:35.798 D/OplusLayer(  962): ~Layer() sequence=37972, name=Surface(name=Task=6)/@0x9bbd6aa - animation-leash of app_transition#37972
02-03 21:08:35.798 I/libPowerHal(  863): [perfLockRel] hdl:97360, idx:2
02-03 21:08:35.798 I/libPowerHal(  863): [PD] MTKPOWER_HINT_EXT_LAUNCH update cmd:1000000, param:-1
02-03 21:08:35.799 I/libPowerHal(  863): [PD] MTKPOWER_HINT_EXT_LAUNCH update cmd:2020000 param:1
02-03 21:08:35.799 I/libPowerHal(  863): [PD] MTKPOWER_HINT_EXT_LAUNCH update cmd:1408300 param:0
02-03 21:08:35.799 I/libPowerHal(  863): [PD] MTKPOWER_HINT_EXT_LAUNCH update cmd:1000000 param:-1
02-03 21:08:35.800 D/TaskFragmentExtImpl( 1741): addColorModeOnResume resume=true pkg = com.android.launcher
02-03 21:08:35.801 I/libPowerHal(  863): [perfLockRel] hdl:97395, idx:0
02-03 21:08:35.801 I/libPowerHal(  863): [PD] system_server update cmd:1c3c000 param:1
02-03 21:08:35.801 I/libPowerHal(  863): [PD] (more) /proc/mcdi/state set +prefix:enable 1;
02-03 21:08:35.801 I/libPowerHal(  863): [PD] system_server update cmd:2004100 param:2
02-03 21:08:35.802 I/mtkpower_client( 1741): ret_hdl:97397
02-03 21:08:35.803 D/LauncherClient( 2561): getThreadPriority -10
02-03 21:08:35.803 I/bpas    ( 5675): onStart
02-03 21:08:35.806 I/bmyl    ( 5675): (REDACTED) [%s] onStart()
02-03 21:08:35.806 I/bnaq    ( 5675): Reloading theme data
02-03 21:08:35.808 I/bpas    ( 5675): onResume
02-03 21:08:35.808 E/OplusThermalStats( 1741): Error getting package info: com.android.launcher
02-03 21:08:35.808 V/OplusZoomWindowManagerService( 1741): onAnimationFinished:  r = ActivityRecord{b94d27b u0 com.wholexale.app.staging/com.wholexale.app.MainActivity} t1565}
02-03 21:08:35.809 D/VRI[MainActivity](26680): dispatchAppVisibility visible:false
02-03 21:08:35.809 I/OplusAppSwitchManagerService( 1741):  handleAppVisible , r = ActivityRecord{c0ace5a u0 com.android.launcher/.Launcher} t6}
02-03 21:08:35.818 I/OplusJoystickManager( 1741): handleApplicationSwitch deprecated!
02-03 21:08:35.819 I/PowerHalWrapper( 1741): amsBoostNotify pid:2561,activity:com.android.launcher.Launcher, package:com.android.launcher, mProcessCreatePackcom.wholexale.app.staging 
02-03 21:08:35.819 I/PowerHalWrapper( 1741): state: 1 
02-03 21:08:35.819 I/mtkpower_client( 1741): [Legacy][PowerHal_Wrap_notifyAppState] com.android.launcher/com.android.launcher.Launcher pid=2561 state:1
02-03 21:08:35.820 I/game_scn( 1741): collectForegroundAppList packName=com.android.launcher, actName=com.android.launcher.Launcher, pid=2561, uid=10106, state:RESUMED
02-03 21:08:35.820 I/PowerHalWrapper( 1741): amsBoostNotify AMS_BOOST_PROCESS_CREATE_BOOST:true 
02-03 21:08:35.820 I/libPowerHal(  863): [perfNotifyAppState] foreground:com.android.launcher, pid:2561, uid:10106
02-03 21:08:35.820 D/MultiStateCallback( 2561): [32336206] Adding [STATE_CURRENT_TASK_FINISHED (65536)] to [STATE_LAUNCHER_PRESENT, STATE_LAUNCHER_STARTED, STATE_LAUNCHER_DRAWN, STATE_LAUNCHER_BIND_TO_SERVICE, STATE_APP_CONTROLLER_RECEIVED, STATE_SCALED_CONTROLLER_RECENTS, STATE_GESTURE_STARTED, STATE_GESTURE_COMPLETED, STATE_CAPTURE_SCREENSHOT, STATE_SCREENSHOT_CAPTURED, STATE_SCREENSHOT_VIEW_SHOWN (15711)]
02-03 21:08:35.820 E/UxUtility(  863): notifyAppState error = NULL
02-03 21:08:35.820 I/TouchUtility(  863): notifyAppState error = NULL
02-03 21:08:35.820 I/mtkpower@impl(  863): [notifyAppState] pc:0, com.wholexale.app.staging => com.android.launcher
02-03 21:08:35.821 D/OplusAppSwitchListener( 1741): Detect com.wholexale.app.staging switch to background
02-03 21:08:35.821 D/OplusEapManager( 1741): mTargetExitName :com.wholexale.app.staging
02-03 21:08:35.821 V/DCSEX-AppSwitchManager( 1741): OnAppSwitchObserver: onAppExit, resuming = com.android.launcher, target = com.wholexale.app.staging, is ResumingFirstStart =  false, is ResumingMultiApp =  false, extensionInfo =  Bundle[{taskId=6, uid=10106}]
02-03 21:08:35.821 D/b/223498680( 2561): LRV onStateTransitionStart setFreezeVisibility=true, toState=Overview
02-03 21:08:35.821 D/b/223498680( 2561): LRV onStateTransitionComplete setFreezeVisibility=false, finalState=Overview
02-03 21:08:35.822 I/PowerHalWrapper( 1741): amsBoostNotify pid:26680,activity:com.wholexale.app.MainActivity, package:com.wholexale.app.staging, mProcessCreatePackcom.wholexale.app.staging 
02-03 21:08:35.822 D/DCSEX-AppLaunchEventRecorder( 1741): onAppSwitch from = com.wholexale.app.staging to = com.android.launcher
02-03 21:08:35.822 I/PowerHalWrapper( 1741): state: 0 
02-03 21:08:35.822 D/DCSEX-AppLaunchEventRecorder( 1741): recordExitApp = com.wholexale.app.staging
02-03 21:08:35.822 I/mtkpower_client( 1741): [Legacy][PowerHal_Wrap_notifyAppState] com.wholexale.app.staging/com.wholexale.app.MainActivity pid=26680 state:0
02-03 21:08:35.822 I/game_scn( 1741): collectForegroundAppList packName=com.wholexale.app.staging, actName=com.wholexale.app.MainActivity, pid=26680, uid=10853, state:PAUSED
02-03 21:08:35.822 I/PowerHalWrapper( 1741): amsBoostNotify AMS_BOOST_PROCESS_CREATE_BOOST:false 
02-03 21:08:35.822 I/PowerHalWrapper( 1741): amsBoostStop AMS_BOOST_PACK_SWITCH:true, AMS_BOOST_ACT_SWITCH:false, AMS_BOOST_PROCESS_CREATE:false 
02-03 21:08:35.823 D/MultiStateCallback( 2561): [32336206] Adding [STATE_HANDLER_INVALIDATED (128)] to [STATE_LAUNCHER_PRESENT, STATE_LAUNCHER_STARTED, STATE_LAUNCHER_DRAWN, STATE_LAUNCHER_BIND_TO_SERVICE, STATE_APP_CONTROLLER_RECEIVED, STATE_SCALED_CONTROLLER_RECENTS, STATE_GESTURE_STARTED, STATE_GESTURE_COMPLETED, STATE_CAPTURE_SCREENSHOT, STATE_SCREENSHOT_CAPTURED, STATE_SCREENSHOT_VIEW_SHOWN, STATE_CURRENT_TASK_FINISHED (81247)]
02-03 21:08:35.823 I/libPowerHal(  863): [perfLockRel] hdl:97396, idx:3
02-03 21:08:35.823 I/libPowerHal(  863): [PD] MTKPOWER_HINT_PACK_SWITCH update cmd:1000000, param:-1
02-03 21:08:35.823 E/OplusTrack-ApkInfoUtil( 1741): java.lang.NullPointerException: Attempt to invoke virtual method 'java.lang.Object android.os.Bundle.get(java.lang.String)' on a null object reference
02-03 21:08:35.823 W/System.err( 1741): java.lang.NullPointerException: Attempt to invoke virtual method 'java.lang.Object android.os.Bundle.get(java.lang.String)' on a null object reference
02-03 21:08:35.823 I/libPowerHal(  863): [PD] MTKPOWER_HINT_PACK_SWITCH update cmd:1408300 param:0
02-03 21:08:35.823 W/System.err( 1741): 	at t6.a.a(ApkInfoUtil.java:6)
02-03 21:08:35.823 W/System.err( 1741): 	at m6.b.<init>(TrackEvent.java:10)
02-03 21:08:35.823 W/System.err( 1741): 	at m6.a.<init>(CommonBean.java:1)
02-03 21:08:35.823 W/System.err( 1741): 	at k6.f.b(OplusTrack.java:1)
02-03 21:08:35.823 W/System.err( 1741): 	at q6.b$c.d(AppLaunchEventRecorder.java:9)
02-03 21:08:35.823 W/System.err( 1741): 	at q6.b$c.a(AppLaunchEventRecorder.java:7)
02-03 21:08:35.823 W/System.err( 1741): 	at q6.a.b(Unknown Source:2)
02-03 21:08:35.823 W/System.err( 1741): 	at n6.c.accept(Unknown Source:1)
02-03 21:08:35.823 W/System.err( 1741): 	at java.util.concurrent.CopyOnWriteArrayList.forEach(CopyOnWriteArrayList.java:895)
02-03 21:08:35.823 W/System.err( 1741): 	at n6.b.run(Unknown Source:1)
02-03 21:08:35.823 W/System.err( 1741): 	at java.util.concurrent.ThreadPoolExecutor.runWorker(ThreadPoolExecutor.java:1154)
02-03 21:08:35.823 W/System.err( 1741): 	at java.util.concurrent.ThreadPoolExecutor$Worker.run(ThreadPoolExecutor.java:652)
02-03 21:08:35.823 W/System.err( 1741): 	at java.lang.Thread.run(Thread.java:1563)
02-03 21:08:35.823 W/OplusTrack-TrackEvent( 1741): appId is empty
02-03 21:08:35.824 I/libPowerHal(  863): [PD] MTKPOWER_HINT_PACK_SWITCH update cmd:1000000 param:-1
02-03 21:08:35.824 D/VRR [OPlusFrontAppManager]( 1741): OnAppSwitchObserver: onAppExit , info.targetName = com.wholexale.app.staging
02-03 21:08:35.824 D/VRR [OPlusFrontAppManager]( 1741): packageName: null
02-03 21:08:35.825 D/VRR [OPlusRefreshRateService]( 1741): handleFrontAppChange pkgName: null
02-03 21:08:35.825 D/VRR [OPlusExternalRefreshRateManager]( 1741): setFrontPackageName pkgName: null CurPkgName: com.wholexale.app.staging
02-03 21:08:35.826 D/OplusAppSwitchListener( 1741): Detect com.android.launcher switch to foreground
02-03 21:08:35.826 D/OplusEapManager( 1741): mTargetEnterName :com.android.launcher
02-03 21:08:35.826 D/OplusLatencyOptimizerManager( 1741): enter pkg: com.android.launcher isPrevBlackAppTop: false mIsBlackAppTop: false
02-03 21:08:35.826 V/DCSEX-AppSwitchManager( 1741): OnAppSwitchObserver: onAppEnter, launchedFrom =  null, target =  com.android.launcher, is firstStart =  false, is multiApp =  false, extensionInfo =  Bundle[{taskId=6, pid=2561, uid=10106, versionCode=13000051}]
02-03 21:08:35.826 D/VRR [OPlusFrontAppManager]( 1741): OnAppSwitchObserver: onAppEnter , info.targetName = com.android.launcher
02-03 21:08:35.826 D/VRR [OPlusFrontAppManager]( 1741): packageName: com.android.launcher
02-03 21:08:35.827 D/VRR [OPlusRefreshRateService]( 1741): handleFrontAppChange pkgName: com.android.launcher
02-03 21:08:35.827 D/VRR [OPlusExternalRefreshRateManager]( 1741): setFrontPackageName pkgName: com.android.launcher CurPkgName: null
02-03 21:08:35.827 E/Athena  ( 1741): MemoryGuardAction: handleAppChange
02-03 21:08:35.827 I/Athena  ( 2533): AthenaDynamicReceiver: pre_app:com.wholexale.app.staging, next_app:com.android.launcher(10106|2561)
02-03 21:08:35.829 D/OplusRecentsView( 2561): getLastViewIndex() :14
02-03 21:08:35.829 W/Battery ( 6226): ThermalControlUtils: mForegroundPkg=com.android.launcher
02-03 21:08:35.831 D/VRR [OPlusRefreshRateService]( 1741):  setFrameRateTargetControl [ 0.0 , com.wholexale.app.staging , false , com.oplus.battery ]
02-03 21:08:35.831 D/VRR [OPlusRefreshRateService]( 1741):  setFrameRateTargetControl from [0, 1000, android.uid.system:1000]
02-03 21:08:35.831 D/VRR [OPlusExternalRefreshRateManager]( 1741):  [FRTC] FrameRate : 0 com.wholexale.app.staging false com.oplus.battery 0 1000
02-03 21:08:35.831 D/VRR [OPlusSurfaceFlingerController]( 1741):  add frtc FrameRate : 0 com.wholexale.app.staging false com.oplus.battery
02-03 21:08:35.831 I/VRR [FRTC](  962): setFrameRateTarget with [0, com.wholexale.app.staging, 0, com.oplus.battery, 1, 0, 1000]
02-03 21:08:35.831 W/VRR [FRTC](  962): invalid param { fps 0, proc_name com.wholexale.app.staging, strict_mode 0, description com.oplus.battery, proc_id 0, rate_status 0, backend Surface, version 1, pid 0, uid 1000, enable at 2026-02-03 21:08:35, disable waiting } for current status.
02-03 21:08:35.831 W/VRR [FRTC](  962): CurrentTarget size 0:
02-03 21:08:35.831 D/Layer   (  962): reparent to null sequence=38012, seq[105], name=Surface(name=Task=1565)/@0xa3b33d1 - animation-leash of recents_animation#38012
02-03 21:08:35.831 D/Layer   (  962): reparent to null sequence=38011, seq[1], name=Surface(name=Task=6)/@0x9bbd6aa - animation-leash of recents_animation#38011
02-03 21:08:35.831 D/Layer   (  962): reparent to null sequence=38013, seq[2], name=Surface(name=WallpaperWindowToken{94e52a3 token=android.os.Binder@45c3e34})/@0x1de629b - animation-leash of window_animation#38013
02-03 21:08:35.831 D/Layer   (  962): reparent to null sequence=38003, seq[1], name=Surface(name=9a49e9b StatusBar)/@0x32ac83a - animation-leash of insets_animation#38003
02-03 21:08:35.832 D/Layer   (  962): reparent to null sequence=38010, seq[2], name=Surface(name=f376551 NavigationBar0)/@0x9151ceb - animation-leash of insets_animation#38010
02-03 21:08:35.832 D/OplusLayer(  962): ~Layer() sequence=38013, name=Surface(name=WallpaperWindowToken{94e52a3 token=android.os.Binder@45c3e34})/@0x1de629b - animation-leash of window_animation#38013
02-03 21:08:35.832 D/OplusLayer(  962): ~Layer() sequence=38011, name=Surface(name=Task=6)/@0x9bbd6aa - animation-leash of recents_animation#38011
02-03 21:08:35.832 D/OplusLayer(  962): ~Layer() sequence=38003, name=Surface(name=9a49e9b StatusBar)/@0x32ac83a - animation-leash of insets_animation#38003
02-03 21:08:35.832 D/OplusLayer(  962): ~Layer() sequence=38010, name=Surface(name=f376551 NavigationBar0)/@0x9151ceb - animation-leash of insets_animation#38010
02-03 21:08:35.834 I/FocusResolver( 1741): updateFocusedWindow, 43ad301 com.android.launcher/com.android.launcher.Launcher on display 0, reason: setFocusedWindow, result:   FocusedWindows:
02-03 21:08:35.834 I/FocusResolver( 1741):     displayId=0, name='43ad301 com.android.launcher/com.android.launcher.Launcher'
02-03 21:08:35.834 D/VRI[Launcher]( 2561): onFocusEvent true
02-03 21:08:35.834 I/DispPerfService(  962): updateLayerMask 9
02-03 21:08:35.836 D/InputMethodManagerService( 1741): isSecurity: attribute.packageName=com.android.launcher mCurMethodId=com.google.android.inputmethod.latin/com.android.inputmethod.latin.LatinIME
02-03 21:08:35.836 D/InputMethodManagerService( 1741): isSecurity= false (  enable=false needShow=false inBlackList=false isExist=true )
02-03 21:08:35.838 W/Battery ( 6226): ThermalControllHandler: tempLevel=6,userMode=3,gameUserMode=-1,appType=-1,envTempType=1,appStates=[],appSwitchSafetyMode=false
02-03 21:08:35.839 W/Battery ( 6226): ThermalControllerCenter: mSafetyState=10000
02-03 21:08:35.842 V/WindowManager( 1741): Relayout Window{44294a0 u0 com.wholexale.app.staging/com.wholexale.app.MainActivity}: viewVisibility=8, oldvis=0, req=1080x2400
02-03 21:08:35.843 W/Battery ( 6226): ThermalControllHandler: tempGear=6,configItemName=common_config
02-03 21:08:35.848 D/OplusBatteryServiceFeature( 1741): setSmartCoolDown: coolDown = 5, normalCoolDown = 5, pkgName = com.android.launcher
02-03 21:08:35.848 D/vendor.oplus.hardware.charger@1.0-service(  893): set cooldown:5,  normalCoolDown:5
02-03 21:08:35.849 D/BLASTBufferQueue(26680): [VRI[MainActivity][com.wholexale.app.staging/com.wholexale.app.MainActivity]#0](f:0,a:1) destructor()
02-03 21:08:35.849 D/BufferQueueConsumer(26680): [VRI[MainActivity][com.wholexale.app.staging/com.wholexale.app.MainActivity]#0(BLAST Consumer)0](id:683800000000,api:0,p:-1,c:26680) disconnect
02-03 21:08:35.849 W/Battery ( 6226): ThermalControllHandler: MSG_THERMAL_CONTROL_CATEGORY_CHANGED
02-03 21:08:35.850 D/VRI[MainActivity](26680): setWindowStopped stopped:true
02-03 21:08:35.853 I/GoogleInputMethodService( 5757): GoogleInputMethodService.onFinishInput():2099 
02-03 21:08:35.857 W/libc    (10025): Access denied finding property "vendor.gsm.serial"
02-03 21:08:35.860 I/Module  ( 5757): DeviceLockedStatusModuleProvider$Module.updateDeviceLockedStatus():103 repeatCheckTimes = 0, locked = false
02-03 21:08:35.861 I/GoogleInputMethodService( 5757): GoogleInputMethodService.onStartInput():1371 onStartInput(EditorInfo{EditorInfo{packageName=com.android.launcher, input