01-22 20:28:01.958 D/BackgroundDexOptService( 1748): abortIdleOptimizationsByPluggedIn:2
01-22 20:28:01.960 D/installd( 1114): Found valid user 999
01-22 20:28:01.981 I/Athena  ( 2605): CommonAction: 0,2836,190,0,0,0,388,0,2503,2624,1130,1606
01-22 20:28:01.987 D/BackgroundDexOptService( 1748): abortIdleOptimizationsByPluggedIn:2
01-22 20:28:01.990 D/installd( 1114): Found valid user 999
01-22 20:28:02.024 D/BackgroundDexOptService( 1748): abortIdleOptimizationsByPluggedIn:2
01-22 20:28:02.026 D/installd( 1114): Found valid user 999
01-22 20:28:02.070 D/BackgroundDexOptService( 1748): abortIdleOptimizationsByPluggedIn:2
01-22 20:28:02.075 D/installd( 1114): Found valid user 999
01-22 20:28:02.103 D/OplusDexSceneManager( 1748): Starting attach context  for  com.android.externalstorage reason: bg-dexopt
01-22 20:28:02.104 D/OplusDexSceneManager( 1748): isTopAppFront =======com.android.launcher:false
01-22 20:28:02.104 D/OplusDexSceneManager( 1748): OplusDex Framework didnot works!
01-22 20:28:02.104 I/PackageDexOptimizer( 1748): Running dexopt (dexoptNeeded=3) on: /system/priv-app/ExternalStorageProvider/ExternalStorageProvider.apk pkg=com.android.externalstorage isa=arm64 dexoptFlags=boot_complete,profile_guided,idle_background_job targetFilter=speed-profile oatDir=null classLoaderContext=PCL[]{}
01-22 20:28:02.106 V/installd( 1114): DexInv: --- BEGIN '/system/priv-app/ExternalStorageProvider/ExternalStorageProvider.apk' ---
01-22 20:28:02.106 V/installd( 1114): Running /apex/com.android.art/bin/dex2oat32 in=ExternalStorageProvider.apk out=/data/dalvik-cache/arm64/system@priv-app@ExternalStorageProvider@ExternalStorageProvider.apk@classes.dex
01-22 20:28:02.106 W/InstalldExtImpl( 1114): now we in installdextimpl::modifyCpuSetInPrepareCompilerAndConfig
01-22 20:28:02.106 W/InstalldExtImpl( 1114): now we in installdextimpl::modifyThreadInPrepareCompilerAndConfig
01-22 20:28:02.114 W/InstalldExtImpl(20437): now we in installdextimpl::modifyCpuSetBeforeDexopt
01-22 20:28:02.151 W/dex2oat32(20437): Mismatch between instruction set variant of device (ISA: Arm64 Feature string: a53,crc,-lse,-fp16,-dotprod,-sve) and features returned by the hardware (ISA: Arm64 Feature string: a53,-crc,-lse,-fp16,-dotprod,-sve)
01-22 20:28:02.155 I/dex2oat32(20437): /apex/com.android.art/bin/dex2oat32 --input-vdex-fd=10 --output-vdex-fd=9 --profile-file-fd=12 --classpath-dir=/system/priv-app/ExternalStorageProvider --class-loader-context=PCL[]{} --compiler-filter=speed-profile --compilation-reason=bg-dexopt --max-image-block-size=524288 --resolve-startup-const-strings=true --generate-mini-debug-info
01-22 20:28:02.161 I/dex2oat32(20437): Using CollectorTypeCC GC.
01-22 20:28:02.368 I/dex2oat32(20437): Priority-to-niceness mapping: 19, 16, 13, 10, 0, -2, -4, -5, -6, -8
01-22 20:28:02.391 I/dex2oat32(20437): Explicit concurrent copying GC freed 191KB AllocSpace bytes, 0(0B) LOS objects, 99% free, 512B/24MB, paused 272us,22us total 9.407ms
01-22 20:28:02.429 I/dex2oat32(20437): dex2oat took 281.103ms (255.669ms cpu) (threads: 8) arena alloc=0B (0B) java alloc=512B (512B) native alloc=1725KB (1767256B) free=1346KB (1378472B)
01-22 20:28:02.444 W/InstalldExtImpl( 1114): now we in installdextimpl::collectInfoInRunDex2oat
01-22 20:28:02.453 V/InstalldExtImpl( 1114): record_dex2oat_info savedContent:time:1769093882444,pid:20437,alt:346,rea:bg-dexopt,flt:speed-profile,rlt:0,path:/system/priv-app/ExternalStorageProvider/ExternalStorageProvider.apk
01-22 20:28:02.453 V/installd( 1114): DexInv: --- END '/system/priv-app/ExternalStorageProvider/ExternalStorageProvider.apk' (success) ---
01-22 20:28:02.459 D/BackgroundDexOptService( 1748): abortIdleOptimizationsByPluggedIn:2
01-22 20:28:02.463 D/installd( 1114): Found valid user 999
01-22 20:28:02.582 D/BackgroundDexOptService( 1748): abortIdleOptimizationsByPluggedIn:2
01-22 20:28:02.586 D/installd( 1114): Found valid user 999
01-22 20:28:02.662 I/mtkpower@impl(  859): [powerd_req] TIMER_MSG_PERF_LOCK_TIMEOUT hdl:60047
01-22 20:28:02.663 I/libPowerHal(  859): [perfLockRel] hdl:60047, idx:6
01-22 20:28:02.663 I/libPowerHal(  859): [PD] MTKPOWER_HINT_EXT_LAUNCH update cmd:1000000, param:-1
01-22 20:28:02.663 I/libPowerHal(  859): [PD] MTKPOWER_HINT_EXT_LAUNCH update cmd:2020000 param:1
01-22 20:28:02.664 I/libPowerHal(  859): [PD] MTKPOWER_HINT_EXT_LAUNCH update cmd:1408300 param:0
01-22 20:28:02.666 I/libPowerHal(  859): [PD] MTKPOWER_HINT_EXT_LAUNCH update cmd:1000000 param:-1
01-22 20:28:02.698 D/BackgroundDexOptService( 1748): abortIdleOptimizationsByPluggedIn:2
01-22 20:28:02.701 D/installd( 1114): Found valid user 999
01-22 20:28:02.757 D/BackgroundDexOptService( 1748): abortIdleOptimizationsByPluggedIn:2
01-22 20:28:02.761 D/installd( 1114): Found valid user 999
01-22 20:28:02.848 D/BackgroundDexOptService( 1748): abortIdleOptimizationsByPluggedIn:2
01-22 20:28:02.850 D/installd( 1114): Found valid user 999
01-22 20:28:02.882 D/BackgroundDexOptService( 1748): abortIdleOptimizationsByPluggedIn:2
01-22 20:28:02.884 D/installd( 1114): Found valid user 999
01-22 20:28:02.921 D/BackgroundDexOptService( 1748): abortIdleOptimizationsByPluggedIn:2
01-22 20:28:02.923 D/installd( 1114): Found valid user 999
01-22 20:28:02.968 D/BackgroundDexOptService( 1748): abortIdleOptimizationsByPluggedIn:2
01-22 20:28:02.973 D/installd( 1114): Found valid user 999
01-22 20:28:03.004 D/BackgroundDexOptService( 1748): abortIdleOptimizationsByPluggedIn:2
01-22 20:28:03.008 D/installd( 1114): Found valid user 999
01-22 20:28:03.044 D/OplusDexSceneManager( 1748): Starting attach context  for  com.mediatek.engineermode reason: bg-dexopt
01-22 20:28:03.045 D/OplusDexSceneManager( 1748): isTopAppFront =======com.android.launcher:false
01-22 20:28:03.045 D/OplusDexSceneManager( 1748): OplusDex Framework didnot works!
01-22 20:28:03.045 I/PackageDexOptimizer( 1748): Running dexopt (dexoptNeeded=3) on: /system/priv-app/EngineerMode/EngineerMode.apk pkg=com.mediatek.engineermode isa=arm64 dexoptFlags=boot_complete,profile_guided,idle_background_job targetFilter=speed-profile oatDir=null classLoaderContext=PCL[]{}
01-22 20:28:03.048 V/installd( 1114): DexInv: --- BEGIN '/system/priv-app/EngineerMode/EngineerMode.apk' ---
01-22 20:28:03.048 V/installd( 1114): Running /apex/com.android.art/bin/dex2oat32 in=EngineerMode.apk out=/data/dalvik-cache/arm64/system@priv-app@EngineerMode@EngineerMode.apk@classes.dex
01-22 20:28:03.048 W/InstalldExtImpl( 1114): now we in installdextimpl::modifyCpuSetInPrepareCompilerAndConfig
01-22 20:28:03.048 W/InstalldExtImpl( 1114): now we in installdextimpl::modifyThreadInPrepareCompilerAndConfig
01-22 20:28:03.056 W/InstalldExtImpl(20457): now we in installdextimpl::modifyCpuSetBeforeDexopt
01-22 20:28:03.097 W/dex2oat32(20457): Mismatch between instruction set variant of device (ISA: Arm64 Feature string: a53,crc,-lse,-fp16,-dotprod,-sve) and features returned by the hardware (ISA: Arm64 Feature string: a53,-crc,-lse,-fp16,-dotprod,-sve)
01-22 20:28:03.102 I/dex2oat32(20457): /apex/com.android.art/bin/dex2oat32 --input-vdex-fd=10 --output-vdex-fd=9 --profile-file-fd=12 --classpath-dir=/system/priv-app/EngineerMode --class-loader-context=PCL[]{} --compiler-filter=speed-profile --compilation-reason=bg-dexopt --max-image-block-size=524288 --resolve-startup-const-strings=true --generate-mini-debug-info
01-22 20:28:03.123 I/dex2oat32(20457): Using CollectorTypeCC GC.
01-22 20:28:03.290 D/PhoneInterfaceManager( 2568): [PhoneIntfMgr] QueryTelephonyChecker-getDataNetworkTypeForSubscriber: packageName = com.android.phone, isGrant = true
01-22 20:28:03.290 D/PhoneInterfaceManager( 2568): [PhoneIntfMgr] QueryTelephonyChecker-getDataNetworkTypeForSubscriber: packageName = com.android.phone, isGrant = true
01-22 20:28:03.532 I/dex2oat32(20457): Priority-to-niceness mapping: 19, 16, 13, 10, 0, -2, -4, -5, -6, -8
01-22 20:28:03.573 I/dex2oat32(20457): Explicit concurrent copying GC freed 4890KB AllocSpace bytes, 0(0B) LOS objects, 99% free, 800B/24MB, paused 100us,31us total 13.324ms
01-22 20:28:03.625 I/dex2oat32(20457): dex2oat took 530.634ms (702.635ms cpu) (threads: 8) arena alloc=0B (0B) java alloc=800B (800B) native alloc=6212KB (6361152B) free=2491KB (2551744B)
01-22 20:28:03.649 W/InstalldExtImpl( 1114): now we in installdextimpl::collectInfoInRunDex2oat
01-22 20:28:03.659 V/InstalldExtImpl( 1114): record_dex2oat_info savedContent:time:1769093883649,pid:20457,alt:610,rea:bg-dexopt,flt:speed-profile,rlt:0,path:/system/priv-app/EngineerMode/EngineerMode.apk
01-22 20:28:03.660 V/installd( 1114): DexInv: --- END '/system/priv-app/EngineerMode/EngineerMode.apk' (success) ---
01-22 20:28:03.692 D/BackgroundDexOptService( 1748): abortIdleOptimizationsByPluggedIn:2
01-22 20:28:03.697 D/installd( 1114): Found valid user 999
01-22 20:28:03.703 I/Finsky:background(18539): [26500] Stats for Executor: bgExecutor urn@df72192[Running, pool size = 4, active threads = 0, queued tasks = 0, completed tasks = 22]
01-22 20:28:03.731 D/OplusDexSceneManager( 1748): Starting attach context  for  com.oplus.interconnectcollectkit reason: bg-dexopt
01-22 20:28:03.732 D/OplusDexSceneManager( 1748): isTopAppFront =======com.android.launcher:false
01-22 20:28:03.732 D/OplusDexSceneManager( 1748): OplusDex Framework didnot works!
01-22 20:28:03.732 I/PackageDexOptimizer( 1748): Running dexopt (dexoptNeeded=3) on: /product/app/InterconnectCollectKit/InterconnectCollectKit.apk pkg=com.oplus.interconnectcollectkit isa=arm64 dexoptFlags=boot_complete,profile_guided,idle_background_job,enable_hidden_api_checks targetFilter=speed-profile oatDir=null classLoaderContext=PCL[]{}
01-22 20:28:03.734 V/installd( 1114): DexInv: --- BEGIN '/product/app/InterconnectCollectKit/InterconnectCollectKit.apk' ---
01-22 20:28:03.734 V/installd( 1114): Running /apex/com.android.art/bin/dex2oat32 in=InterconnectCollectKit.apk out=/data/dalvik-cache/arm64/product@app@InterconnectCollectKit@InterconnectCollectKit.apk@classes.dex
01-22 20:28:03.735 W/InstalldExtImpl( 1114): now we in installdextimpl::modifyCpuSetInPrepareCompilerAndConfig
01-22 20:28:03.735 W/InstalldExtImpl( 1114): now we in installdextimpl::modifyThreadInPrepareCompilerAndConfig
01-22 20:28:03.739 I/Finsky:background(18539): [26500] Stats for Executor: LightweightExecutor urn@c5b91b6[Running, pool size = 4, active threads = 0, queued tasks = 0, completed tasks = 13]
01-22 20:28:03.743 W/InstalldExtImpl(20468): now we in installdextimpl::modifyCpuSetBeforeDexopt
01-22 20:28:03.794 W/dex2oat32(20468): Mismatch between instruction set variant of device (ISA: Arm64 Feature string: a53,crc,-lse,-fp16,-dotprod,-sve) and features returned by the hardware (ISA: Arm64 Feature string: a53,-crc,-lse,-fp16,-dotprod,-sve)
01-22 20:28:03.798 I/dex2oat32(20468): /apex/com.android.art/bin/dex2oat32 --input-vdex-fd=10 --output-vdex-fd=9 --profile-file-fd=12 --classpath-dir=/product/app/InterconnectCollectKit --class-loader-context=PCL[]{} --compiler-filter=speed-profile --compilation-reason=bg-dexopt --max-image-block-size=524288 --resolve-startup-const-strings=true --generate-mini-debug-info
01-22 20:28:03.810 I/dex2oat32(20468): Using CollectorTypeCC GC.
01-22 20:28:04.060 I/dex2oat32(20468): Priority-to-niceness mapping: 19, 16, 13, 10, 0, -2, -4, -5, -6, -8
01-22 20:28:04.087 I/dex2oat32(20468): Explicit concurrent copying GC freed 591KB AllocSpace bytes, 0(0B) LOS objects, 99% free, 512B/24MB, paused 85us,30us total 9.419ms
01-22 20:28:04.130 I/dex2oat32(20468): dex2oat took 339.823ms (337.645ms cpu) (threads: 8) arena alloc=0B (0B) java alloc=512B (512B) native alloc=2411KB (2469600B) free=1684KB (1724704B)
01-22 20:28:04.152 W/InstalldExtImpl( 1114): now we in installdextimpl::collectInfoInRunDex2oat
01-22 20:28:04.162 V/InstalldExtImpl( 1114): record_dex2oat_info savedContent:time:1769093884152,pid:20468,alt:427,rea:bg-dexopt,flt:speed-profile,rlt:0,path:/product/app/InterconnectCollectKit/InterconnectCollectKit.apk
01-22 20:28:04.163 V/installd( 1114): DexInv: --- END '/product/app/InterconnectCollectKit/InterconnectCollectKit.apk' (success) ---
01-22 20:28:04.170 D/BackgroundDexOptService( 1748): abortIdleOptimizationsByPluggedIn:2
01-22 20:28:04.175 D/installd( 1114): Found valid user 999
01-22 20:28:04.207 I/Finsky:background(18539): [26500] Stats for Executor: BlockingExecutor urn@c5bce9d[Running, pool size = 1, active threads = 0, queued tasks = 0, completed tasks = 17]
01-22 20:28:04.318 D/BackgroundDexOptService( 1748): abortIdleOptimizationsByPluggedIn:2
01-22 20:28:04.322 D/installd( 1114): Found valid user 999
01-22 20:28:04.364 D/BackgroundDexOptService( 1748): abortIdleOptimizationsByPluggedIn:2
01-22 20:28:04.367 D/installd( 1114): Found valid user 999
01-22 20:28:04.465 D/BackgroundDexOptService( 1748): abortIdleOptimizationsByPluggedIn:2
01-22 20:28:04.470 D/installd( 1114): Found valid user 999
01-22 20:28:04.506 D/BackgroundDexOptService( 1748): abortIdleOptimizationsByPluggedIn:2
01-22 20:28:04.510 D/installd( 1114): Found valid user 999
01-22 20:28:04.581 D/AALLightSensor( 1193): oldLux=0 [SA:0 LA:0] newLux=0 (oriLux: 0)
01-22 20:28:05.096 D/BackgroundDexOptService( 1748): abortIdleOptimizationsByPluggedIn:2
01-22 20:28:05.099 D/installd( 1114): Found valid user 999
01-22 20:28:05.198 D/BackgroundDexOptService( 1748): abortIdleOptimizationsByPluggedIn:2
01-22 20:28:05.202 D/installd( 1114): Found valid user 999
01-22 20:28:05.235 D/BackgroundDexOptService( 1748): abortIdleOptimizationsByPluggedIn:2
01-22 20:28:05.237 D/installd( 1114): Found valid user 999
01-22 20:28:05.332 D/vendor.oplus.hardware.charger@1.0-service(  897): getChargerControl:
01-22 20:28:05.487 W/HidlServiceHelper(19392): Failed to read virtual TLC buffer usage returns is NULLnull
01-22 20:28:05.525 D/BackgroundDexOptService( 1748): abortIdleOptimizationsByPluggedIn:2
01-22 20:28:05.527 D/installd( 1114): Found valid user 999
01-22 20:28:05.568 D/BackgroundDexOptService( 1748): abortIdleOptimizationsByPluggedIn:2
01-22 20:28:05.571 D/installd( 1114): Found valid user 999
01-22 20:28:05.700 D/BackgroundDexOptService( 1748): abortIdleOptimizationsByPluggedIn:2
01-22 20:28:05.785 I/system_server( 1748): Background young concurrent copying GC freed 16MB AllocSpace bytes, 11(460KB) LOS objects, 14% free, 102MB/119MB, paused 536us,363us total 102.536ms
01-22 20:28:05.817 D/BackgroundDexOptService( 1748): abortIdleOptimizationsByPluggedIn:2
01-22 20:28:05.820 D/installd( 1114): Found valid user 999
01-22 20:28:06.055 D/BackgroundDexOptService( 1748): abortIdleOptimizationsByPluggedIn:2
01-22 20:28:06.057 D/installd( 1114): Found valid user 999
01-22 20:28:06.136 D/BackgroundDexOptService( 1748): abortIdleOptimizationsByPluggedIn:2
01-22 20:28:06.138 D/installd( 1114): Found valid user 999
01-22 20:28:06.179 D/BackgroundDexOptService( 1748): abortIdleOptimizationsByPluggedIn:2
01-22 20:28:06.182 D/installd( 1114): Found valid user 999
01-22 20:28:06.274 I/FileCleaner(19392): Apply cleaner for dir:/data/user_de/0/com.oplus.onetrace/files/thermal_metrics
01-22 20:28:06.296 D/BackgroundDexOptService( 1748): abortIdleOptimizationsByPluggedIn:2
01-22 20:28:06.299 I/OplusHansManager ( 1748): uid=10817, pkg=com.indeed.android.jobsearch can transition from M to F
01-22 20:28:06.299 I/OplusHansManager ( 1748): uid=10817, pkg=com.indeed.android.jobsearch F enter(), M stay=10
01-22 20:28:06.299 D/installd( 1114): Found valid user 999
01-22 20:28:06.306 I/OplusHansManager ( 1748): freeze uid: 10817 com.indeed.android.jobsearch pids: [3249, 3593] IsolatedUid: [99251] scene: LcdOff
01-22 20:28:06.307 D/IHansComunication( 6221): HansComunication::addUid-- 10817, persistent--0
01-22 20:28:06.307 D/IHansComunication( 6221): HANS sendMessageToKernel: threadId = 516689218736, netLinkSetup = 1, type = PKG, targetUid = 10817, pkgCmd = ADD_ONE_UID
01-22 20:28:06.311 I/OplusHansManager ( 1748): uid=10744, pkg=com.cricbuzz.android can transition from M to F
01-22 20:28:06.311 I/OplusHansManager ( 1748): uid=10744, pkg=com.cricbuzz.android F enter(), M stay=10
01-22 20:28:06.319 I/OplusHansManager ( 1748): freeze uid: 10744 com.cricbuzz.android pids: [9694, 19174] IsolatedUid: [99275] scene: LcdOff
01-22 20:28:06.319 E/IHansComunication( 6221): HANS printMessageBody: RCV message: type = 0,port = 86870,caller_pid = 1089,caller_uid = 1047,target_pid = 3249,target_uid = 10817,pkg_cmd = -1,rpc = android.hardware.ICameraServiceListener/5
01-22 20:28:06.319 E/IHansComunication( 6221): HANS printMessageBody: RCV message: type = 0,port = 86870,caller_pid = 1089,caller_uid = 1047,target_pid = 9694,target_uid = 10744,pkg_cmd = -1,rpc = android.hardware.ICameraServiceListener/5
01-22 20:28:06.320 D/BoundBrokerSvc(20067): onRebind: Intent { act=com.google.android.gms.libs.gmscorelogger.service.START dat=chimera-action:/... cmp=com.google.android.gms/.chimera.PersistentDirectBootAwareApiService }
01-22 20:28:06.321 D/IHansComunication( 6221): HansComunication::addUid-- 10744, persistent--0
01-22 20:28:06.321 D/IHansComunication( 6221): HANS sendMessageToKernel: threadId = 516689218736, netLinkSetup = 1, type = PKG, targetUid = 10744, pkgCmd = ADD_ONE_UID
01-22 20:28:06.326 I/OplusHansManager ( 1748): unfreeze uid: 10817 com.indeed.android.jobsearch pids: [3249, 3593] reason: AsyncBinder scene: LcdOff
01-22 20:28:06.328 I/OplusHansManager ( 1748): uid=10817, pkg=com.indeed.android.jobsearch, transition from Frozen to Middle, reason=AsyncBinder
01-22 20:28:06.328 I/OplusHansManager ( 1748): uid=10817, pkg=com.indeed.android.jobsearch F exit(), F stay=0, reason=AsyncBinder
01-22 20:28:06.334 I/OplusHansManager ( 1748): unfreeze uid: 10744 com.cricbuzz.android pids: [9694, 19174] reason: AsyncBinder scene: LcdOff
01-22 20:28:06.337 I/OplusHansManager ( 1748): uid=10744, pkg=com.cricbuzz.android, transition from Frozen to Middle, reason=AsyncBinder
01-22 20:28:06.337 I/OplusHansManager ( 1748): uid=10744, pkg=com.cricbuzz.android F exit(), F stay=0, reason=AsyncBinder
01-22 20:28:06.404 D/BackgroundDexOptService( 1748): abortIdleOptimizationsByPluggedIn:2
01-22 20:28:06.431 D/BackgroundDexOptService( 1748): abortIdleOptimizationsByPluggedIn:2
01-22 20:28:06.434 D/installd( 1114): Found valid user 999
01-22 20:28:06.524 D/BackgroundDexOptService( 1748): abortIdleOptimizationsByPluggedIn:2
01-22 20:28:06.530 D/installd( 1114): Found valid user 999
01-22 20:28:06.705 D/BackgroundDexOptService( 1748): abortIdleOptimizationsByPluggedIn:2
01-22 20:28:06.708 D/installd( 1114): Found valid user 999
01-22 20:28:06.744 D/BackgroundDexOptService( 1748): abortIdleOptimizationsByPluggedIn:2
01-22 20:28:06.748 D/installd( 1114): Found valid user 999
01-22 20:28:06.784 D/BackgroundDexOptService( 1748): abortIdleOptimizationsByPluggedIn:2
01-22 20:28:06.789 D/installd( 1114): Found valid user 999
01-22 20:28:06.834 D/BackgroundDexOptService( 1748): abortIdleOptimizationsByPluggedIn:2
01-22 20:28:06.839 D/installd( 1114): Found valid user 999
01-22 20:28:06.973 D/BackgroundDexOptService( 1748): abortIdleOptimizationsByPluggedIn:2
01-22 20:28:06.977 D/installd( 1114): Found valid user 999
01-22 20:28:07.079 D/BackgroundDexOptService( 1748): abortIdleOptimizationsByPluggedIn:2
01-22 20:28:07.224 D/ScreenStatusProducer(25296): Current queue status: isIdle = true, isPolling = true
01-22 20:28:07.308 D/IHansComunication( 6221): HANS sendMessageToKernel: threadId = 516689218736, netLinkSetup = 1, type = FROZEN_TRANS, targetUid = 10817, pkgCmd = PKG_CMD_MAX
01-22 20:28:07.321 D/IHansComunication( 6221): HANS sendMessageToKernel: threadId = 516689218736, netLinkSetup = 1, type = FROZEN_TRANS, targetUid = 10744, pkgCmd = PKG_CMD_MAX
01-22 20:28:07.679 D/BackgroundDexOptService( 1748): abortIdleOptimizationsByPluggedIn:2
01-22 20:28:07.681 D/installd( 1114): Found valid user 999
01-22 20:28:07.828 D/BackgroundDexOptService( 1748): abortIdleOptimizationsByPluggedIn:2
01-22 20:28:07.830 D/installd( 1114): Found valid user 999
01-22 20:28:07.862 D/BackgroundDexOptService( 1748): abortIdleOptimizationsByPluggedIn:2
01-22 20:28:07.865 D/installd( 1114): Found valid user 999
01-22 20:28:07.921 D/BackgroundDexOptService( 1748): abortIdleOptimizationsByPluggedIn:2
01-22 20:28:07.926 D/installd( 1114): Found valid user 999
01-22 20:28:07.959 D/OplusDexSceneManager( 1748): Starting attach context  for  com.android.carrierconfig reason: bg-dexopt
01-22 20:28:07.960 D/OplusDexSceneManager( 1748): isTopAppFront =======com.android.launcher:false
01-22 20:28:07.960 D/OplusDexSceneManager( 1748): OplusDex Framework didnot works!
01-22 20:28:07.960 I/PackageDexOptimizer( 1748): Running dexopt (dexoptNeeded=3) on: /system_ext/priv-app/MtkCarrierConfig/MtkCarrierConfig.apk pkg=com.android.carrierconfig isa=arm64 dexoptFlags=boot_complete,profile_guided,idle_background_job targetFilter=speed-profile oatDir=null classLoaderContext=PCL[]{}
01-22 20:28:07.962 V/installd( 1114): DexInv: --- BEGIN '/system_ext/priv-app/MtkCarrierConfig/MtkCarrierConfig.apk' ---
01-22 20:28:07.962 V/installd( 1114): Running /apex/com.android.art/bin/dex2oat32 in=MtkCarrierConfig.apk out=/data/dalvik-cache/arm64/system_ext@priv-app@MtkCarrierConfig@MtkCarrierConfig.apk@classes.dex
01-22 20:28:07.962 W/InstalldExtImpl( 1114): now we in installdextimpl::modifyCpuSetInPrepareCompilerAndConfig
01-22 20:28:07.962 W/InstalldExtImpl( 1114): now we in installdextimpl::modifyThreadInPrepareCompilerAndConfig
01-22 20:28:07.971 W/InstalldExtImpl(20507): now we in installdextimpl::modifyCpuSetBeforeDexopt
01-22 20:28:08.020 W/dex2oat32(20507): Mismatch between instruction set variant of device (ISA: Arm64 Feature string: a53,crc,-lse,-fp16,-dotprod,-sve) and features returned by the hardware (ISA: Arm64 Feature string: a53,-crc,-lse,-fp16,-dotprod,-sve)
01-22 20:28:08.025 I/dex2oat32(20507): /apex/com.android.art/bin/dex2oat32 --input-vdex-fd=10 --output-vdex-fd=9 --profile-file-fd=12 --classpath-dir=/system_ext/priv-app/MtkCarrierConfig --class-loader-context=PCL[]{} --compiler-filter=speed-profile --compilation-reason=bg-dexopt --max-image-block-size=524288 --resolve-startup-const-strings=true --generate-mini-debug-info
01-22 20:28:08.033 I/dex2oat32(20507): Using CollectorTypeCC GC.
01-22 20:28:08.249 I/Athena  ( 2605): CommonAction: 21,2818,129,0,0,0,388,0,2521,2670,1142,1638
01-22 20:28:08.275 I/dex2oat32(20507): Priority-to-niceness mapping: 19, 16, 13, 10, 0, -2, -4, -5, -6, -8
01-22 20:28:08.300 I/dex2oat32(20507): Explicit concurrent copying GC freed 162KB AllocSpace bytes, 0(0B) LOS objects, 99% free, 496B/24MB, paused 87us,34us total 9.010ms
01-22 20:28:08.349 I/dex2oat32(20507): dex2oat took 332.102ms (308.669ms cpu) (threads: 8) arena alloc=0B (0B) java alloc=496B (496B) native alloc=1723KB (1765240B) free=1860KB (1904776B)
01-22 20:28:08.368 W/InstalldExtImpl( 1114): now we in installdextimpl::collectInfoInRunDex2oat
01-22 20:28:08.377 V/InstalldExtImpl( 1114): record_dex2oat_info savedContent:time:1769093888368,pid:20507,alt:415,rea:bg-dexopt,flt:speed-profile,rlt:0,path:/system_ext/priv-app/MtkCarrierConfig/MtkCarrierConfig.apk
01-22 20:28:08.379 V/installd( 1114): DexInv: --- END '/system_ext/priv-app/MtkCarrierConfig/MtkCarrierConfig.apk' (success) ---
01-22 20:28:08.409 D/BackgroundDexOptService( 1748): abortIdleOptimizationsByPluggedIn:2
01-22 20:28:08.416 D/installd( 1114): Found valid user 999
01-22 20:28:08.528 D/BackgroundDexOptService( 1748): abortIdleOptimizationsByPluggedIn:2
01-22 20:28:08.532 D/installd( 1114): Found valid user 999
01-22 20:28:08.586 D/BackgroundDexOptService( 1748): abortIdleOptimizationsByPluggedIn:2
01-22 20:28:08.588 E/installd( 1114): Failed to create profile /data/misc/profiles/ref/com.oplus.upgradeguide/primary.prof: No such file or directory
01-22 20:28:08.589 D/installd( 1114): Found valid user 999
01-22 20:28:08.680 I/thermal_repeater( 1170): [recvMdThermalInfo] ret=29, strLen=127,  1, 32767,,, 197, 32767, 9462
01-22 20:28:08.711 D/BackgroundDexOptService( 1748): abortIdleOptimizationsByPluggedIn:2
01-22 20:28:08.713 E/installd( 1114): Failed to create profile /data/misc/profiles/ref/com.google.android.sdksandbox/primary.prof: No such file or directory
01-22 20:28:08.713 D/installd( 1114): Found valid user 999
01-22 20:28:08.720 D/BackgroundDexOptService( 1748): abortIdleOptimizationsByPluggedIn:2
01-22 20:28:08.723 D/installd( 1114): Found valid user 999
01-22 20:28:08.767 D/BackgroundDexOptService( 1748): abortIdleOptimizationsByPluggedIn:2
01-22 20:28:08.770 D/installd( 1114): Found valid user 999
01-22 20:28:08.780 D/AALLightSensor( 1193): oldLux=0 [SA:0 LA:0] newLux=0 (oriLux: 0)
01-22 20:28:08.822 D/BackgroundDexOptService( 1748): abortIdleOptimizationsByPluggedIn:2
01-22 20:28:08.825 D/installd( 1114): Found valid user 999
01-22 20:28:08.935 D/BackgroundDexOptService( 1748): abortIdleOptimizationsByPluggedIn:2
01-22 20:28:08.939 D/installd( 1114): Found valid user 999
01-22 20:28:08.973 D/BackgroundDexOptService( 1748): abortIdleOptimizationsByPluggedIn:2
01-22 20:28:08.976 D/installd( 1114): Found valid user 999
01-22 20:28:09.083 D/BackgroundDexOptService( 1748): abortIdleOptimizationsByPluggedIn:2
01-22 20:28:09.087 D/installd( 1114): Found valid user 999
01-22 20:28:09.181 D/BackgroundDexOptService( 1748): abortIdleOptimizationsByPluggedIn:2
01-22 20:28:09.187 D/installd( 1114): Found valid user 999
01-22 20:28:09.230 D/BackgroundDexOptService( 1748): abortIdleOptimizationsByPluggedIn:2
