--------- beginning of main
01-22 19:03:08.263 D/ExtensionsLoader(13198): createInstance(64bit) : createExtendedFactory
01-22 19:03:08.265 D/ExtensionsLoader(13198): Opened libguiextimpl.so
01-22 19:03:08.326 D/AVStageUtils(13198): Opened liboplusavenhancements.so
01-22 19:03:08.326 D/AVStageUtils(13198): createInstance(64bit): createVendorAVUtils success!
01-22 19:03:08.326 D/OplusUtils(13198): OplusUtils [84]: 
01-22 19:03:08.330 D/AVMediaServiceFactory(13198): Opened liboplusavenhancements.so
01-22 19:03:08.330 D/AVMediaServiceFactory(13198): createInstance(64bit): createExtendedMediaServiceFactory success!
01-22 19:03:08.331 D/AVNuFactory(13198): Opened liboplusavenhancements.so
01-22 19:03:08.331 D/AVNuFactory(13198): createInstance(64bit): createExtendedNuFactory success!
01-22 19:03:08.331 D/AVStageFactory(13198): Opened liboplusavenhancements.so
01-22 19:03:08.331 D/AVStageFactory(13198): createInstance(64bit): createVendorAVFactory success!
01-22 19:03:08.331 D/AVStageUtils(13198): createInstance(64bit): createVendorAVUtils success!
01-22 19:03:08.331 D/OplusUtils(13198): OplusUtils [84]: 
01-22 19:03:08.332 D/AVStageFactory(13198): createInstance(64bit): createVendorAVFactory success!
01-22 19:03:08.332 D/AVStageUtils(13198): createInstance(64bit): createVendorAVUtils success!
01-22 19:03:08.332 D/OplusUtils(13198): OplusUtils [84]: 
01-22 19:03:08.332 D/AVMediaServiceFactory(13198): createInstance(64bit): createExtendedMediaServiceFactory success!
01-22 19:03:08.332 D/AVNuFactory(13198): createInstance(64bit): createExtendedNuFactory success!
01-22 19:03:08.332 D/AVStageFactory(13198): Opened liboplusavenhancements.so
01-22 19:03:08.332 D/AVStageFactory(13198): createInstance(64bit): createVendorAVFactory success!
01-22 19:03:08.332 D/AVStageUtils(13198): createInstance(64bit): createVendorAVUtils success!
01-22 19:03:08.332 D/OplusUtils(13198): OplusUtils [84]: 
01-22 19:03:08.337 E/app_process(13198): createInstance(64bit) : createExtendedFactory
01-22 19:03:08.338 E/app_process(13198): createInstance(64bit) : createExtendedFactory
01-22 19:03:08.339 E/app_process(13198): Opened libsensorextimpl.so
01-22 19:03:08.339 E/app_process(13198): Opened libsensorextimpl.so
01-22 19:03:08.340 E/app_process(13198): createInstance(64bit) : createExtendedFactory
01-22 19:03:08.345 E/app_process(13198): createInstance(64bit) : createExtendedFactory
01-22 19:03:08.345 E/app_process(13198): Opened libinputextensionsimpl.so
01-22 19:03:08.345 E/app_process(13198): Opened libinputextensionsimpl.so
01-22 19:03:08.348 D/AndroidRuntime(13198): >>>>>> START com.android.internal.os.RuntimeInit uid 2000 <<<<<<
01-22 19:03:08.357 I/AndroidRuntime(13198): Using default boot image
01-22 19:03:08.357 I/AndroidRuntime(13198): Leaving lock profiling enabled
01-22 19:03:08.362 I/app_process(13198): Using CollectorTypeCC GC.
01-22 19:03:08.363 I/perfetto( 1022): ng_service_impl.cc:1894 FlushAndDisableTracing(6) done, success=1
01-22 19:03:08.363 I/perfetto( 1021):  probes_producer.cc:398 Producer stop (id=6)
01-22 19:03:08.364 I/perfetto( 1021):    ftrace_procfs.cc:342 disabled ftrace in /sys/kernel/tracing/
--------- beginning of system
01-22 19:03:08.365 I/iopgp   ( 2654): kTraceEnded and trace_end_kind = kSkip history_id = 0
01-22 19:03:08.365 I/iopgp   ( 2654): skip out proto
01-22 19:03:08.366 I/perfetto( 1022): ng_service_impl.cc:2430 Tracing session 6 ended, total sessions:0
01-22 19:03:08.396 W/System.err( 1748): java.io.FileNotFoundException: /data/su_test: open failed: EACCES (Permission denied)
01-22 19:03:08.396 W/System.err( 1748): 	at libcore.io.IoBridge.open(IoBridge.java:574)
01-22 19:03:08.396 W/System.err( 1748): 	at java.io.FileOutputStream.<init>(FileOutputStream.java:259)
01-22 19:03:08.396 W/System.err( 1748): 	at java.io.FileOutputStream.<init>(FileOutputStream.java:147)
01-22 19:03:08.396 W/System.err( 1748): 	at com.android.server.oplus.heimdall.root.RootDetector.writeFile(RootDetector.java:179)
01-22 19:03:08.396 W/System.err( 1748): 	at com.android.server.oplus.heimdall.root.RootDetector.checkAccessRootData(RootDetector.java:152)
01-22 19:03:08.396 W/System.err( 1748): 	at com.android.server.oplus.heimdall.root.RootDetector.checkDeviceRootStatus(RootDetector.java:45)
01-22 19:03:08.396 W/System.err( 1748): 	at com.android.server.oplus.heimdall.HeimdallHandler.handleMessage(HeimdallHandler.java:43)
01-22 19:03:08.396 W/System.err( 1748): 	at android.os.Handler.dispatchMessage(Handler.java:106)
01-22 19:03:08.396 W/System.err( 1748): 	at android.os.Looper.loopOnce(Looper.java:240)
01-22 19:03:08.396 W/System.err( 1748): 	at android.os.Looper.loop(Looper.java:351)
01-22 19:03:08.396 W/System.err( 1748): 	at android.os.HandlerThread.run(HandlerThread.java:67)
01-22 19:03:08.396 W/System.err( 1748): 	at com.android.server.ServiceThread.run(ServiceThread.java:44)
01-22 19:03:08.396 W/System.err( 1748): Caused by: android.system.ErrnoException: open failed: EACCES (Permission denied)
01-22 19:03:08.396 W/System.err( 1748): 	at libcore.io.Linux.open(Native Method)
01-22 19:03:08.396 W/System.err( 1748): 	at libcore.io.ForwardingOs.open(ForwardingOs.java:574)
01-22 19:03:08.396 W/System.err( 1748): 	at libcore.io.BlockGuardOs.open(BlockGuardOs.java:274)
01-22 19:03:08.396 W/System.err( 1748): 	at libcore.io.IoBridge.open(IoBridge.java:560)
01-22 19:03:08.396 W/System.err( 1748): 	... 11 more
01-22 19:03:08.397 W/System.err( 1748): java.io.FileNotFoundException: /data/su_test: open failed: ENOENT (No such file or directory)
01-22 19:03:08.397 W/System.err( 1748): 	at libcore.io.IoBridge.open(IoBridge.java:574)
01-22 19:03:08.397 W/System.err( 1748): 	at java.io.FileInputStream.<init>(FileInputStream.java:179)
01-22 19:03:08.397 W/System.err( 1748): 	at com.android.server.oplus.heimdall.root.RootDetector.readFile(RootDetector.java:202)
01-22 19:03:08.397 W/System.err( 1748): 	at com.android.server.oplus.heimdall.root.RootDetector.checkAccessRootData(RootDetector.java:160)
01-22 19:03:08.397 W/System.err( 1748): 	at com.android.server.oplus.heimdall.root.RootDetector.checkDeviceRootStatus(RootDetector.java:45)
01-22 19:03:08.397 W/System.err( 1748): 	at com.android.server.oplus.heimdall.HeimdallHandler.handleMessage(HeimdallHandler.java:43)
01-22 19:03:08.397 W/System.err( 1748): 	at android.os.Handler.dispatchMessage(Handler.java:106)
01-22 19:03:08.397 W/System.err( 1748): 	at android.os.Looper.loopOnce(Looper.java:240)
01-22 19:03:08.397 W/System.err( 1748): 	at android.os.Looper.loop(Looper.java:351)
01-22 19:03:08.397 W/System.err( 1748): 	at android.os.HandlerThread.run(HandlerThread.java:67)
01-22 19:03:08.397 W/System.err( 1748): 	at com.android.server.ServiceThread.run(ServiceThread.java:44)
01-22 19:03:08.397 W/System.err( 1748): Caused by: android.system.ErrnoException: open failed: ENOENT (No such file or directory)
01-22 19:03:08.397 W/System.err( 1748): 	at libcore.io.Linux.open(Native Method)
01-22 19:03:08.397 W/System.err( 1748): 	at libcore.io.ForwardingOs.open(ForwardingOs.java:574)
01-22 19:03:08.397 W/System.err( 1748): 	at libcore.io.BlockGuardOs.open(BlockGuardOs.java:274)
01-22 19:03:08.397 W/System.err( 1748): 	at libcore.io.IoBridge.open(IoBridge.java:560)
01-22 19:03:08.397 W/System.err( 1748): 	... 10 more
01-22 19:03:08.517 D/nativeloader(13198): InitDefaultPublicLibraries for_preload=1: libandroid.so:libaaudio.so:libamidi.so:libbinder_ndk.so:libc.so:libcamera2ndk.so:libdl.so:libEGL.so:libGLESv1_CM.so:libGLESv2.so:libGLESv3.so:libicu.so:libicui18n.so:libicuuc.so:libjnigraphics.so:liblog.so:libmediandk.so:libm.so:libnativehelper.so:libnativewindow.so:libOpenMAXAL.so:libOpenSLES.so:libRS.so:libstdc++.so:libsync.so:libvulkan.so:libwebviewchromium_plat_support.so:libz.so
01-22 19:03:08.546 D/nativeloader(13198): Load libicu_jni.so using APEX ns com_android_art for caller /apex/com.android.art/javalib/core-oj.jar: ok
01-22 19:03:08.547 D/app_process(13198): Time zone APEX ICU file found: /apex/com.android.tzdata/etc/icu/icu_tzdata.dat
01-22 19:03:08.547 D/app_process(13198): I18n APEX ICU file found: /apex/com.android.i18n/etc/icu/icudt70l.dat
01-22 19:03:08.551 D/nativeloader(13198): Load libjavacore.so using APEX ns com_android_art for caller /apex/com.android.art/javalib/core-oj.jar: ok
01-22 19:03:08.555 D/nativeloader(13198): Load libopenjdk.so using APEX ns com_android_art for caller /apex/com.android.art/javalib/core-oj.jar: ok
01-22 19:03:08.560 I/app_process(13198): Priority-to-niceness mapping: 19, 16, 13, 10, 0, -2, -4, -5, -6, -8
01-22 19:03:08.573 D/ExtLoader(13198): DEFAULT_DEBUG_DUMMY=false, DEFAULT_DEBUG_CREATE=false
01-22 19:03:08.576 D/nativeloader(13198): Load libonetrace_jni.so using system ns (caller=/system/framework/oplus-framework.jar): ok
01-22 19:03:08.576 D/OplusTrace(13198): register_android_os_OplusTrace
01-22 19:03:08.630 D/nativeloader(13198): Load libframework-connectivity-tiramisu-jni.so using APEX ns com_android_tethering for caller /apex/com.android.tethering/javalib/framework-connectivity-t.jar: ok
01-22 19:03:08.631 D/AndroidRuntime(13198): Calling main entry com.android.commands.monkey.Monkey
01-22 19:03:08.632 W/Monkey  (13198): args: [-p, com.wholexale.app.staging, -c, android.intent.category.LAUNCHER, 1]
01-22 19:03:08.633 W/Monkey  (13198):  arg: "-p"
01-22 19:03:08.633 W/Monkey  (13198):  arg: "com.wholexale.app.staging"
01-22 19:03:08.633 W/Monkey  (13198):  arg: "-c"
01-22 19:03:08.633 W/Monkey  (13198):  arg: "android.intent.category.LAUNCHER"
01-22 19:03:08.633 W/Monkey  (13198):  arg: "1"
01-22 19:03:08.633 W/Monkey  (13198): data="com.wholexale.app.staging"
01-22 19:03:08.633 W/Monkey  (13198): data="android.intent.category.LAUNCHER"
01-22 19:03:08.671 D/CompatibilityChangeReporter( 1748): Compat change id reported: 161145287; UID 2000; state: DISABLED
01-22 19:03:08.673 W/BroadcastQueue( 1748): Skipping deliver [background] BroadcastRecord{a8afa5e u-1 android.net.conn.CONNECTIVITY_CHANGE} to ReceiverList{8296e3f 13198 (unknown name)/2000/u-1 remote:76088e0}: process gone or crashing
01-22 19:03:08.704 D/CompatibilityChangeReporter( 1748): Compat change id reported: 161252188; UID 10851; state: DISABLED
01-22 19:03:08.705 I/ActivityTaskManager( 1748): START u0 {act=android.intent.action.MAIN cat=[android.intent.category.LAUNCHER] flg=0x10200000 cmp=com.wholexale.app.staging/com.wholexale.app.MainActivity mCallingUid=2000} from uid 2000
01-22 19:03:08.706 I/mtkpower_client( 1748): perf_lock_rel, hdl:59258, tid:2280
01-22 19:03:08.706 I/mtkpower_client( 1748): perf_lock_acq, hdl:59258, dur:0, num:10, tid:2280
01-22 19:03:08.706 I/libPowerHal(  859): [perfLockRel] hdl:59258, idx:0
01-22 19:03:08.707 I/libPowerHal(  859): system_server: hard user limit set cpu freq: -1 -1 -1 -1
01-22 19:03:08.707 I/libPowerHal(  859): [PD] system_server update cmd:2004100 param:2
01-22 19:03:08.707 D/CompatibilityChangeReporter( 1748): Compat change id reported: 194480991; UID 10851; state: ENABLED
01-22 19:03:08.708 I/mtkpower_client( 1748): ret_hdl:59259
01-22 19:03:08.709 D/OplusZoomWindowManagerService( 1748): onConfigurationChanged rotation not changed - prevRotation: 0
01-22 19:03:08.711 I/OplusScreenSecurityMask( 1748): onStackAdded task = Task{e45f736 #11648 type=standard ?? U=0 visible=false visibleRequested=false mode=fullscreen translucent=true sz=0} record = null displayId = 0
01-22 19:03:08.711 I/OplusScreenSecurityMask( 1748): onStackAdded task = Task{e45f736 #11648 type=standard A=10851:com.wholexale.app.staging U=0 visible=false visibleRequested=false mode=fullscreen translucent=true sz=0} record = null displayId = 0
01-22 19:03:08.712 D/CompatibilityChangeReporter( 1748): Compat change id reported: 174042980; UID 10851; state: DISABLED
01-22 19:03:08.713 D/CompatibilityChangeReporter( 1748): Compat change id reported: 184838306; UID 10851; state: DISABLED
01-22 19:03:08.713 D/CompatibilityChangeReporter( 1748): Compat change id reported: 185004937; UID 10851; state: DISABLED
01-22 19:03:08.713 D/CompatibilityChangeReporter( 1748): Compat change id reported: 181136395; UID 10851; state: DISABLED
01-22 19:03:08.713 D/CompatibilityChangeReporter( 1748): Compat change id reported: 174042936; UID 10851; state: DISABLED
01-22 19:03:08.714 D/TaskFragmentExtImpl( 1748): add ActivityRecord{12a93f8 u0 com.wholexale.app.staging/com.wholexale.app.MainActivity} t11648} to mActivityRecordSum = Counter{ com.wholexale.app.staging/com.wholexale.app.MainActivity(1) }
01-22 19:03:08.715 I/mtkpower@impl(  859): [setMode] type:5, enabled:1
01-22 19:03:08.716 D/ActivityTaskManager( 1748): getStartingWindowType: newTask=true, taskSwitch=true, processRunning=false, allowTaskSnapshot=true, activityCreated=false, snapshot=null, record:ActivityRecord{12a93f8 u0 com.wholexale.app.staging/com.wholexale.app.MainActivity} t11648}
01-22 19:03:08.716 D/CompatibilityChangeReporter( 1748): Compat change id reported: 205907456; UID 10851; state: ENABLED
01-22 19:03:08.717 D/OplusZoomWindowRUSConfigManager( 1748): isSupportZoomModeWithPolicyLocked: target = com.wholexale.app.staging/com.wholexale.app.MainActivity
01-22 19:03:08.717 D/OplusZoomWindowRUSConfigManager( 1748): targetPkg = com.wholexale.app.staging
01-22 19:03:08.717 V/OplusZoomWindowManagerService( 1748): unSupportZoom: false ,callingPid: 13198 ,sourceStack: null
01-22 19:03:08.718 D/PhoneStartingWindowTypeAlgorithm( 2225): preferredStartingWindowType newTask=true, taskSwitch=true, processRunning=false, allowTaskSnapshot=true, activityCreated=false, isSolidColorSplashScreen=false, legacySplashScreen=false, activityDrawn=false, topIsHome=false
01-22 19:03:08.719 I/PowerHalWrapper( 1748): <amsBoostResume> last:com.android.launcher, next:com.wholexale.app.staging 
01-22 19:03:08.720 D/OplusUIFirst_FB( 1748): com.wholexale.app.staging activity event: []
01-22 19:03:08.720 D/OplusUIFirst_FB( 1748): List of ThreadOp: size=0 []
01-22 19:03:08.720 D/OplusUIFirst_FB( 1748): handleParaSwitch com.wholexale.app.staging null null 1
01-22 19:03:08.720 I/libPowerHal(  859): [perfLockRel] hdl:59257, idx:6
01-22 19:03:08.720 I/mtkpower_client( 1748): perf_lock_rel, hdl:59259, tid:2280
01-22 19:03:08.721 I/libPowerHal(  859): [perfLockRel] hdl:59259, idx:0
01-22 19:03:08.721 I/mtkpower_client( 1748): perf_lock_acq, hdl:59259, dur:0, num:10, tid:2280
01-22 19:03:08.721 I/libPowerHal(  859): [PD] system_server update cmd:1c3c000 param:1
01-22 19:03:08.721 I/libPowerHal(  859): [PD] (more) /proc/mcdi/state set +prefix:enable 1;
01-22 19:03:08.721 I/libPowerHal(  859): [PD] system_server update cmd:2004100 param:2
01-22 19:03:08.722 I/mtkpower_client( 1748): ret_hdl:59262
01-22 19:03:08.725 D/OplusShellStartingWindowManager( 2225): adjustSuggestedWindowType: skip no-system app and no-exception list app
01-22 19:03:08.725 D/CompatibilityChangeReporter( 1748): Compat change id reported: 194833441; UID 10851; state: ENABLED
01-22 19:03:08.725 D/OplusAlwaysAliveManager( 1748): process not running, cold launch: ActivityRecord{12a93f8 u0 com.wholexale.app.staging/com.wholexale.app.MainActivity} t11648}, processName: com.wholexale.app.staging
01-22 19:03:08.725 D/OplusUIFirst_FB( 1748): com.wholexale.app.staging activity event: []
01-22 19:03:08.725 D/OplusUIFirst_FB( 1748): List of ThreadOp: size=0 []
01-22 19:03:08.726 D/ShellStartingWindow( 2225): getWindowAttrs window attributes color: 0, replace icon: false
01-22 19:03:08.726 I/SurfaceFlinger(  966): [SF client] NEW(0xb400007052ea09c0) for (2225:com.android.systemui)
01-22 19:03:08.726 I/Monkey  (13198): Events injected: 1
01-22 19:03:08.727 I/PowerHalWrapper( 1748): amsBoostProcessCreate package:com.wholexale.app.staging 
01-22 19:03:08.727 W/OplusSlideAnimOptHelper( 2225): initScrollOpt: not running in mainthread
01-22 19:03:08.727 V/SensorManager( 1748): call sensorServiceCommonInterface name: setScreenShotDisable
01-22 19:03:08.727 D/SensorService( 1748): SensorService sensorServiceCommonInterface = setScreenShotDisable
01-22 19:03:08.728 D/SensorServiceExtImpl( 1748): sensorServiceCommonInterface funcName = setScreenShotDisable, flag = 0, status = 0
01-22 19:03:08.728 D/OplusUIFirst_FB( 1748): com.wholexale.app.staging activity event: []
01-22 19:03:08.728 D/OplusUIFirst_FB( 1748): List of ThreadOp: size=0 []
01-22 19:03:08.728 D/OplusUIFirst_FB( 1748): handleParaSwitch com.wholexale.app.staging null null 1
01-22 19:03:08.728 I/OplusHansManager ( 1748): front pkg: com.wholexale.app.staging, uid: 10851, prev pkg: com.android.launcher, prev uid: 10106
01-22 19:03:08.728 D/OplusUIFirst_FB( 1748): com.wholexale.app.staging activity event: []
01-22 19:03:08.728 D/WindowManager( 2225): Add to mViews: android.widget.FrameLayout{2e0ef9 V.E...... ......I. 0,0-0,0},pkg= com.wholexale.app.staging
01-22 19:03:08.728 D/OplusUIFirst_FB( 1748): List of ThreadOp: size=0 []
01-22 19:03:08.728 D/OplusUIFirst_FB( 1748): handleParaSwitch com.wholexale.app.staging null null 1
01-22 19:03:08.728 I/OplusHansManager ( 1748): notifyAppGoForeground, uid=10851
01-22 19:03:08.728 I/Osense-DecisionMaker( 1748): notifySceneToAthenaPolicy: SCENE_APP_SWITCH, bundle: Bundle[{prevPkgName=com.android.launcher, curUid=10851, curPkgName=com.wholexale.app.staging, prevUid=10106}]
01-22 19:03:08.728 I/OplusHansManager ( 1748): notifyAppGoBackground, uid=10106
01-22 19:03:08.728 V/SensorManager( 1748): call sensorServiceCommonInterface name: setScreenShotDisable
01-22 19:03:08.728 I/OplusResourcePreloadManager( 1748): resume pkg: com.wholexale.app.staging, uid:10851, prev pkg: com.android.launcher, prev uid: 10106
01-22 19:03:08.728 D/SensorService( 1748): SensorService sensorServiceCommonInterface = setScreenShotDisable
01-22 19:03:08.728 D/SensorServiceExtImpl( 1748): sensorServiceCommonInterface funcName = setScreenShotDisable, flag = 0, status = 0
01-22 19:03:08.728 I/Osense-DecisionMaker( 1748): scene: SCENE_APP_SWITCH, excutingPolicy: freezer
01-22 19:03:08.729 D/Osense-DecisionMaker( 1748): invoke freezer policy,type: fast
01-22 19:03:08.729 I/OplusHansManager ( 1748): Fast Freezer interval is less than 10000
01-22 19:03:08.729 I/libPowerHal(  859): [perfLockRel] hdl:59256, idx:1
01-22 19:03:08.729 V/SensorManager( 1748): call sensorServiceCommonInterface name: setScreenShotDisable
01-22 19:03:08.729 D/SensorService( 1748): SensorService sensorServiceCommonInterface = setScreenShotDisable
01-22 19:03:08.729 D/SensorServiceExtImpl( 1748): sensorServiceCommonInterface funcName = setScreenShotDisable, flag = 0, status = 0
01-22 19:03:08.733 D/ShellStartingWindow( 2225): inconsize = 408
01-22 19:03:08.733 I/PowerHalWrapper( 1748): amsBoostNotify pid:2623,activity:com.android.launcher.Launcher, package:com.android.launcher, mProcessCreatePackcom.wholexale.app.staging 
01-22 19:03:08.733 I/PowerHalWrapper( 1748): state: 0 
01-22 19:03:08.733 I/mtkpower_client( 1748): [Legacy][PowerHal_Wrap_notifyAppState] com.android.launcher/com.android.launcher.Launcher pid=2623 state:0
01-22 19:03:08.733 I/game_scn( 1748): collectForegroundAppList packName=com.android.launcher, actName=com.android.launcher.Launcher, pid=2623, uid=10106, state:PAUSED
01-22 19:03:08.733 I/PowerHalWrapper( 1748): amsBoostNotify AMS_BOOST_PROCESS_CREATE_BOOST:true 
01-22 19:03:08.738 D/CompatibilityChangeReporter( 1748): Compat change id reported: 135634846; UID 10851; state: DISABLED
01-22 19:03:08.738 D/CompatibilityChangeReporter( 1748): Compat change id reported: 177438394; UID 10851; state: DISABLED
01-22 19:03:08.738 D/CompatibilityChangeReporter( 1748): Compat change id reported: 135772972; UID 10851; state: DISABLED
01-22 19:03:08.738 D/CompatibilityChangeReporter( 1748): Compat change id reported: 135754954; UID 10851; state: ENABLED
01-22 19:03:08.739 D/CompatibilityChangeReporter( 1748): Compat change id reported: 143937733; UID 10851; state: ENABLED
01-22 19:03:08.742 D/CompatibilityChangeReporter( 1748): Compat change id reported: 168419799; UID 10851; state: DISABLED
01-22 19:03:08.742 D/OplusFullScreenDisplayManager( 1748): adjustWindowParamsLw com.wholexale.app.staging, no change cutoutMode: 0
01-22 19:03:08.744 I/ActivityManager( 1748): Start proc 10113:com.wholexale.app.staging/u0a851 for next-top-activity {com.wholexale.app.staging/com.wholexale.app.MainActivity}
01-22 19:03:08.745 I/WindowManager( 1748): addWindow: New client android.os.BinderProxy@55fb909 : window=Window{a18b70e u0 Splash Screen com.wholexale.app.staging}
01-22 19:03:08.747 D/ViewRootImplExtImpl( 2225): onDisplayChanged -1 for VRI android.view.ViewRootImpl@efe4bbb
01-22 19:03:08.749 D/InputEventReceiver( 2225): Input log is disabled
01-22 19:03:08.750 D/OplusShellStartingWindowManager( 2225): handleSplashScreenView: normal third app or no-default
01-22 19:03:08.754 E/ale.app.staging(10113): Unknown bits set in runtime_flags: 0x40000000
01-22 19:03:08.754 I/ale.app.staging(10113): Using CollectorTypeCC GC.
01-22 19:03:08.756 D/CoreBackPreview( 1748): Window{a18b70e u0 Splash Screen com.wholexale.app.staging}: Setting back callback OnBackInvokedCallbackInfo{mCallback=android.window.IOnBackInvokedCallback$Stub$Proxy@ad899e6, mPriority=0}
01-22 19:03:08.756 D/OplusFullScreenDisplayManager( 1748): adjustWindowParamsLw com.wholexale.app.staging, no change cutoutMode: 0
01-22 19:03:08.756 V/WindowManager( 1748): Relayout Window{a18b70e u0 Splash Screen com.wholexale.app.staging}: viewVisibility=0, oldvis=0, req=1080x2400
01-22 19:03:08.756 D/AudioManagerExtImpl(10620): getStreamVolume packageName=com.facebook.katana, index=0, streamType=1
01-22 19:03:08.756 D/AudioManagerExtImpl( 7107): getStreamVolume normal, volume index=5
01-22 19:03:08.757 D/AudioManagerExtImpl( 9694): getStreamVolume packageName=com.cricbuzz.android, index=5, streamType=3
01-22 19:03:08.757 I/BufferQueueDebug(  966): [Splash Screen com.wholexale.app.staging#24171](this:0xb400007020fd99e8,id:-1,api:0,p:-1,c:-1) BufferQueue core=(966:/system/bin/surfaceflinger)
01-22 19:03:08.757 D/OplusAtlasService( 3300): getAttributeByAppName module:oplus-getStreamMaxVolume packageName:com.truecaller
01-22 19:03:08.757 D/OplusAtlasService( 3300): getAttributeByAppName module:oplus-getStreamMaxVolume packageName:com.cricbuzz.android
01-22 19:03:08.759 D/AudioManagerExtImpl( 7107): getStreamVolume too fast, volume index=5, package=com.truecaller
01-22 19:03:08.759 D/OplusAtlasService( 3300): getAttributeByAppName module:oplus-getStreamMaxVolume packageName:com.truecaller
01-22 19:03:08.760 D/nativeloader(10113): Load libframework-connectivity-tiramisu-jni.so using APEX ns com_android_tethering for caller /apex/com.android.tethering/javalib/framework-connectivity-t.jar: ok
01-22 19:03:08.763 V/WindowManager( 1748): Changing focus from Window{578cf9b u0 com.android.launcher/com.android.launcher.Launcher} to null,diplayid=0
01-22 19:03:08.764 D/Theia.NoFocusWindow( 1748): FocusWindowErrorScene CheckFreezeScreen
01-22 19:03:08.766 D/[OSIE]  (  966): scltmLayer_name VRI[staging][Splash Screen com.wholexale.app.staging]
01-22 19:03:08.766 D/[OSIE]  (  966): IsSCLTMLayer=0 
01-22 19:03:08.766 D/BufferQueueConsumer( 2225): [](id:8b100000748,api:0,p:-1,c:2225) connect: controlledByApp=false
01-22 19:03:08.766 E/IPCThreadState( 2225): attemptIncStrongHandle(199): Not supported
01-22 19:03:08.767 I/OneTrace(10113): Mark active for pid=10113? true
01-22 19:03:08.767 D/cutils-dev(10113): otrace_set_tracing_enabled? true
01-22 19:03:08.768 D/cutils-dev(10113): properties changed in otrace_seq_number_changed!
01-22 19:03:08.769 E/ale.app.staging(10113): Could not write anonymous vdex /system/framework/oat/arm64/mediatek-framework.vdex: Could not open /system/framework/oat/arm64/mediatek-framework.vdex for writing
01-22 19:03:08.769 I/FocusResolver( 1748): updateFocusedWindow,  on display 0, reason: NO_WINDOW, result:   FocusedWindows: <none>
01-22 19:03:08.770 D/VRI[Launcher]( 2623): onFocusEvent false
01-22 19:03:08.774 D/OplusUIFirst_FB( 1748): com.wholexale.app.staging proc start: 10851 10113 false com.wholexale.app.staging
01-22 19:03:08.774 D/OplusUIFirst_FB( 1748): com.wholexale.app.staging start process: []
01-22 19:03:08.774 D/OplusUIFirst_FB( 1748): List of ThreadOp: size=0 []
01-22 19:03:08.775 I/Monkey  (13198): ## Network stats: elapsed time=51ms (0ms mobile, 0ms wifi, 51ms not connected)
01-22 19:03:08.775 D/OplusUIFirst_FB( 1748): com.wholexale.app.staging toForeOps: []
01-22 19:03:08.775 D/OplusUIFirst_FB( 1748): List of ThreadOp: size=0 []
01-22 19:03:08.776 D/VRI[staging]( 2225): registerCallbacksForSync syncBuffer=false
01-22 19:03:08.776 I/app_process(13198): System.exit called, status: 0
01-22 19:03:08.776 I/AndroidRuntime(13198): VM exiting with result code 0.
01-22 19:03:08.777 D/RGBNormalizeServer( 1748): OplusRGBNormalize feature enabled ? false
01-22 19:03:08.781 D/OplusDexOptimizeManager( 1748): Do not in AppLaunchOptList!
01-22 19:03:08.783 I/OplusAppSwitchManagerService( 1748): appswitch hasProcess ActivityRecord{12a93f8 u0 com.wholexale.app.staging/com.wholexale.app.MainActivity} t11648}
01-22 19:03:08.783 I/OplusJoystickManager( 1748): handleApplicationSwitch deprecated!
01-22 19:03:08.783 I/OplusAppSwitchManagerService( 1748): appswitch hasProcess ActivityRecord{12a93f8 u0 com.wholexale.app.staging/com.wholexale.app.MainActivity} t11648}
01-22 19:03:08.784 I/PowerHalWrapper( 1748): amsBoostNotify pid:10113,activity:com.wholexale.app.MainActivity, package:com.wholexale.app.staging, mProcessCreatePackcom.wholexale.app.staging 
01-22 19:03:08.784 I/PowerHalWrapper( 1748): state: 1 
01-22 19:03:08.784 I/libPowerHal(  859): [perfNotifyAppState] foreground:com.wholexale.app.staging, pid:10113, uid:10851
01-22 19:03:08.785 E/UxUtility(  859): notifyAppState error = NULL
01-22 19:03:08.785 I/TouchUtility(  859): notifyAppState error = NULL
01-22 19:03:08.785 I/mtkpower@impl(  859): [notifyAppState] pc:1, com.android.launcher => com.wholexale.app.staging
01-22 19:03:08.785 I/mtkpower_client( 1748): [Legacy][PowerHal_Wrap_notifyAppState] com.wholexale.app.staging/com.wholexale.app.MainActivity pid=10113 state:1
01-22 19:03:08.785 I/game_scn( 1748): collectForegroundAppList packName=com.wholexale.app.staging, actName=com.wholexale.app.MainActivity, pid=10113, uid=10851, state:RESUMED
01-22 19:03:08.785 I/PowerHalWrapper( 1748): amsBoostNotify AMS_BOOST_PROCESS_CREATE_BOOST:true 
01-22 19:03:08.786 D/ActivityTaskManager( 1748): onWindowFocusChanged Task{e45f736 #11648 type=standard A=10851:com.wholexale.app.staging U=0 visible=true visibleRequested=true mode=fullscreen translucent=false sz=1} would transfer to compact
01-22 19:03:08.786 I/InputDispatcher( 1748): setFocusedApplication displayId=0 ActivityRecord{12a93f8 u0 com.wholexale.app.staging/com.wholexale.app.MainActivity} t11648}
01-22 19:03:08.786 E/OplusThermalStats( 1748): Error getting package info: com.wholexale.app.staging
01-22 19:03:08.787 D/OplusAppSwitchListener( 1748): Detect com.android.launcher switch to background
01-22 19:03:08.787 D/OplusEapManager( 1748): mTargetExitName :com.android.launcher
01-22 19:03:08.788 I/mtkpower_client( 1748): perf_lock_rel, hdl:59262, tid:2280
01-22 19:03:08.788 I/mtkpower_client( 1748): perf_lock_acq, hdl:59262, dur:0, num:10, tid:2280
01-22 19:03:08.788 I/libPowerHal(  859): [perfLockRel] hdl:59262, idx:0
01-22 19:03:08.789 I/libPowerHal(  859): [PD] system_server update cmd:1c3c000 param:1
01-22 19:03:08.789 I/libPowerHal(  859): [PD] (more) /proc/mcdi/state set +prefix:enable 1;
01-22 19:03:08.789 I/libPowerHal(  859): [PD] system_server update cmd:2004100 param:2
01-22 19:03:08.789 D/BLASTBufferQueue( 2225): [VRI[staging][Splash Screen com.wholexale.app.staging]#1848](f:0,a:1) acquireNextBufferLocked size=1080x2400 mFrameNumber=1 applyTransaction=true mTimestamp=84987290125834(auto) mPendingTransactions.size=0 graphicBufferId=9556302251352 transform=0
01-22 19:03:08.789 D/VRI[staging]( 2225): Received frameCommittedCallback lastAttemptedDrawFrameNum=1 didProduceBuffer=true syncBuffer=false
01-22 19:03:08.789 V/DCSEX-AppSwitchManager( 1748): OnAppSwitchObserver: onAppExit, resuming = com.wholexale.app.staging, target = com.android.launcher, is ResumingFirstStart =  true, is ResumingMultiApp =  false, extensionInfo =  Bundle[{taskId=11648, uid=10851}]
01-22 19:03:08.789 D/VRR [OPlusFrontAppManager]( 1748): OnAppSwitchObserver: onAppExit , info.targetName = com.android.launcher
01-22 19:03:08.789 D/VRR [OPlusFrontAppManager]( 1748): packageName: null
01-22 19:03:08.790 W/Parcel  ( 2225): Expecting binder but got null!
01-22 19:03:08.790 D/VRI[staging]( 2225): draw finished.
01-22 19:03:08.790 D/OplusAppSwitchListener( 1748): Detect com.wholexale.app.staging switch to foreground
01-22 19:03:08.790 D/OplusEapManager( 1748): mTargetEnterName :com.wholexale.app.staging
01-22 19:03:08.790 D/OplusLatencyOptimizerManager( 1748): enter pkg: com.wholexale.app.staging isPrevBlackAppTop: false mIsBlackAppTop: false
01-22 19:03:08.790 V/DCSEX-AppSwitchManager( 1748): OnAppSwitchObserver: onAppEnter, launchedFrom =  com.android.shell, target =  com.wholexale.app.staging, is firstStart =  true, is multiApp =  false, extensionInfo =  Bundle[{taskId=11648, pid=10113, uid=10851, versionCode=1}]
01-22 19:03:08.790 D/VRR [OPlusFrontAppManager]( 1748): OnAppSwitchObserver: onAppEnter , info.targetName = com.wholexale.app.staging
01-22 19:03:08.790 D/VRR [OPlusFrontAppManager]( 1748): packageName: com.wholexale.app.staging
01-22 19:03:08.791 D/CompatibilityChangeReporter(10113): Compat change id reported: 171979766; UID 10851; state: ENABLED
01-22 19:03:08.791 E/Athena  ( 1748): MemoryGuardAction: handleAppChange
01-22 19:03:08.791 I/mtkpower_client( 1748): ret_hdl:59264
01-22 19:03:08.791 I/oplus.android.OplusFrameworkFactoryImpl(10113): get feature:IOplusAutoResolutionFeature
01-22 19:03:08.791 I/oplus.android.OplusFrameworkFactoryImpl(10113): getOplusAutoResolutionFeature
01-22 19:03:08.791 D/DCSEX-AppLaunchEventRecorder( 1748): onAppSwitch from = com.android.launcher to = com.wholexale.app.staging
01-22 19:03:08.792 D/OplusUIFirst_FB( 1748): com.wholexale.app.staging toForeOps: []
01-22 19:03:08.792 D/OplusUIFirst_FB( 1748): List of ThreadOp: size=0 []
01-22 19:03:08.792 D/VRR [OPlusRefreshRateService]( 1748): handleFrontAppChange pkgName: com.wholexale.app.staging
01-22 19:03:08.792 D/VRR [OPlusExternalRefreshRateManager]( 1748): setFrontPackageName pkgName: com.wholexale.app.staging CurPkgName: com.android.launcher
01-22 19:03:08.793 I/Athena  ( 2605): AthenaDynamicReceiver: pre_app:com.android.launcher, next_app:com.wholexale.app.staging(10851|10113)
01-22 19:03:08.794 D/WindowManager( 1748): finishDrawingWindow: Window{a18b70e u0 Splash Screen com.wholexale.app.staging} mDrawState=DRAW_PENDING
01-22 19:03:08.794 W/Battery ( 4587): ThermalControlUtils: mForegroundPkg=com.wholexale.app.staging
01-22 19:03:08.795 D/VRR [OPlusRefreshRateService]( 1748):  setFrameRateTargetControl [ 0.0 , com.android.launcher , false , com.oplus.battery ]
01-22 19:03:08.795 D/VRR [OPlusRefreshRateService]( 1748):  setFrameRateTargetControl from [0, 1000, android.uid.system:1000]
01-22 19:03:08.795 D/VRR [OPlusExternalRefreshRateManager]( 1748):  [FRTC] FrameRate : 0 com.android.launcher false com.oplus.battery 0 1000
01-22 19:03:08.795 D/SensorService( 1748): onUidStateChanged uid = 10851, state = UID_STATE_ACTIVE
01-22 19:03:08.795 W/ContextImpl( 2605): Calling a method in the system process without a qualified user: android.app.ContextImpl.startService:1889 android.content.ContextWrapper.startService:827 u1.c.c:8 u1.c.a:4 y2.b.f:4 
01-22 19:03:08.796 D/OplusUIFirst_FB( 1748): com.wholexale.app.staging moveToTop:[]
01-22 19:03:08.796 D/OplusUIFirst_FB( 1748): List of ThreadOp: size=0 []
01-22 19:03:08.796 D/OplusUIFirst_FB( 1748): com.wholexale.app.staging boost hint: 10113
01-22 19:03:08.796 D/OplusUIFirst_FB( 1748): handleParaSwitch com.wholexale.app.staging null null 0
01-22 19:03:08.796 D/VRR [OPlusSurfaceFlingerController]( 1748):  add frtc FrameRate : 0 com.android.launcher false com.oplus.battery
01-22 19:03:08.796 I/OplusFeatureCache(10113): Milliseconds spent on init(): 5
01-22 19:03:08.797 I/VRR [FRTC](  966): setFrameRateTarget with [0, com.android.launcher, 0, com.oplus.battery, 1, 0, 1000]
01-22 19:03:08.797 W/VRR [FRTC](  966): invalid param { fps 0, proc_name com.android.launcher, strict_mode 0, description com.oplus.battery, proc_id 0, rate_status 0, backend Surface, version 1, pid 0, uid 1000, enable at 2026-01-22 19:03:08, disable waiting } for current status.
01-22 19:03:08.797 W/VRR [FRTC](  966): CurrentTarget size 0:
01-22 19:03:08.797 D/CompactWindowAppManager(10113): initCompactApplicationInfo 
01-22 19:03:08.797 D/OplusUIFirst_FB( 1748): com.coloros.assistantscreen moveToBack 4044
01-22 19:03:08.799 D/OplusUIFirst_FB( 1748): com.google.android.googlequicksearchbox moveToBack 12190
01-22 19:03:08.799 D/BufferStateLayer(  966): Splash Screen com.wholexale.app.staging#24171 setBuffer frameId=1, bufferId=9556302251352 fenceId=821, w= 1080, h=2400
01-22 19:03:08.799 W/Battery ( 4587): ThermalControllHandler: tempLevel=7,userMode=3,gameUserMode=7,appType=-1,envTempType=1,appStates=[],appSwitchSafetyMode=false
01-22 19:03:08.800 D/OplusLayer(  966): (24171,Splash Screen com.wholexale.app.staging#24171,com.android.systemui) setBuffer
01-22 19:03:08.800 D/OplusAtlas.OplusAtlasEventDispatch( 3300): setEvent:atlas_event_on_foreground_activities_changed info:pid:10113,uid:10851,hasForegroundActivities:1
01-22 19:03:08.802 D/OplusAtlas.OplusAudioScene( 3300): callback success event:atlas_event_on_foreground_activities_changed eventInfo:pid:10113,uid:10851,hasForegroundActivities:1
01-22 19:03:08.803 I/OplusHansManager ( 1748): onUidActive() update stay time, uid=10851, pkgName=com.wholexale.app.staging, U stay=4
01-22 19:03:08.803 V/DeepThinker( 5470): ProcessManager: onForegroundActivitiesChanged pid:10113, uid:10851, foregroundActivities:true
01-22 19:03:08.803 D/OplusAtlas.OplusMessageHandler( 3300): handleMessage: Msg { when=-2ms what=2 obj=com.oplus.atlas.OplusAtlasEvent@3ffa5da target=com.oplus.atlas.OplusMessageHandler$MyHandler }
01-22 19:03:08.803 D/OplusUIFirst_FB( 1748): com.google.android.adservices.api moveToBack 8759
01-22 19:03:08.804 W/libc    (10113): Access denied finding property "ro.odm.prev.product.name"
01-22 19:03:08.805 D/LoadedApk(10113): mApplicationInfo overrideDisplayId:null
01-22 19:03:08.806 W/Battery ( 4587): ThermalControllerCenter: mSafetyState=10000
01-22 19:03:08.808 W/Battery ( 4587): ThermalControllHandler: tempGear=7,configItemName=common_config
01-22 19:03:08.809 I/ale.app.staging(10113): Failed to add image file: Failed to find OatDexFile for DexFile /data/app/~~_3U2ObYU1l6r-IubCFRFww==/com.wholexale.app.staging-K6dhLmoQr_4I6exMDAZpvw==/base.apk (canonical path /data/app/~~_3U2ObYU1l6r-IubCFRFww==/com.wholexale.app.staging-K6dhLmoQr_4I6exMDAZpvw==/base.apk) in OatFile /data/app/~~GBPK08fTAhfiY6r_n8-kLQ==/com.wholexale.app.staging-QlLxrq2gFoFhuNrJ1lAjpw==/oat/arm64/base.odex
01-22 19:03:08.810 D/OplusBatteryServiceFeature( 1748): setSmartCoolDown: coolDown = 3, normalCoolDown = 3, pkgName = com.wholexale.app.staging
01-22 19:03:08.810 D/vendor.oplus.hardware.charger@1.0-service(  897): set cooldown:3,  normalCoolDown:3
01-22 19:03:08.810 D/nativeloader(10113): Configuring clns-4 for other apk /data/app/~~GBPK08fTAhfiY6r_n8-kLQ==/com.wholexale.app.staging-QlLxrq2gFoFhuNrJ1lAjpw==/base.apk. target_sdk_version=34, uses_libraries=, library_path=/data/app/~~GBPK08fTAhfiY6r_n8-kLQ==/com.wholexale.app.staging-QlLxrq2gFoFhuNrJ1lAjpw==/lib/arm64:/data/app/~~GBPK08fTAhfiY6r_n8-kLQ==/com.wholexale.app.staging-QlLxrq2gFoFhuNrJ1lAjpw==/base.apk!/lib/arm64-v8a, permitted_path=/data:/mnt/expand:/data/user/0/com.wholexale.app.staging
01-22 19:03:08.811 W/Battery ( 4587): ThermalControllHandler: MSG_THERMAL_CONTROL_CATEGORY_CHANGED
01-22 19:03:08.813 V/ShellTaskOrganizer( 2225): Task appeared taskId=11648
01-22 19:03:08.816 I/DeepThinker( 5470): IntentManager: onIntentProduced 1
01-22 19:03:08.816 I/DeepThinker( 5470): IntentManager: dispatchIntents 1
01-22 19:03:08.818 D/nativeloader(10113): Load libframework-connectivity-jni.so using APEX ns com_android_tethering for caller /apex/com.android.tethering/javalib/framework-connectivity.jar: ok
01-22 19:03:08.819 I/DeepThinker( 5470): EventFountainDispatcher: dispatchSpecificIntents 1
01-22 19:03:08.819 I/DeepThinker( 5470): EventFountainDispatcher: dispatchSpecificIntents com.pantanal.action.APPS_LIST
01-22 19:03:08.820 V/GraphicsEnvironment(10113): ANGLE Developer option for 'com.wholexale.app.staging' set to: 'default'
01-22 19:03:08.821 V/GraphicsEnvironment(10113): ANGLE GameManagerService for com.wholexale.app.staging: false
01-22 19:03:08.821 V/GraphicsEnvironment(10113): Neither updatable production driver nor prerelease driver is supported.
01-22 19:03:08.823 D/NetworkSecurityConfig(10113): No Network Security Config specified, using platform default
01-22 19:03:08.824 D/NetworkSecurityConfig(10113): No Network Security Config specified, using platform default
01-22 19:03:08.824 D/CompatibilityChangeReporter(10113): Compat change id reported: 183155436; UID 10851; state: ENABLED
01-22 19:03:08.827 I/WindowStateExtImpl( 1748): onSurfaceShowChange show = true mPackageName = com.wholexale.app.staging parentPkgName = com.wholexale.app.staging
01-22 19:03:08.827 I/bpas    (12190): onPause
01-22 19:03:08.833 D/Layer   (  966): reparent to null sequence=24165, seq[1], name=Surface(name=36bcf5d StatusBar)/@0xe761cc2 - animation-leash of insets_animation#24165
01-22 19:03:08.833 D/Layer   (  966): reparent to null sequence=24166, seq[2], name=Surface(name=209d612 NavigationBar0)/@0x85ef509 - animation-leash of insets_animation#24166
01-22 19:03:08.833 D/OplusLayer(  966): ~Layer() sequence=24165, name=Surface(name=36bcf5d StatusBar)/@0xe761cc2 - animation-leash of insets_animation#24165
01-22 19:03:08.833 D/OplusLayer(  966): ~Layer() sequence=24166, name=Surface(name=209d612 NavigationBar0)/@0x85ef509 - animation-leash of insets_animation#24166
01-22 19:03:08.836 D/nativeloader(10113): Load libSchedAssistJni.so using system ns (caller=/system/framework/oplus-framework.jar): ok
01-22 19:03:08.836 D/ExtensionsLoader(10113): createInstance(64bit) : createExtendedFactory
01-22 19:03:08.836 D/ExtensionsLoader(10113): Opened libSchedAssistExtImpl.so
01-22 19:03:08.836 E/ale.app.staging(10113): ofbOpen failed with error=No such file or directory
01-22 19:03:08.836 E/ale.app.staging(10113): sysOpen failed with error=No such file or directory
01-22 19:03:08.838 D/OplusGraphicsEvent(10113): OplusGraphicsEventListener create now!
01-22 19:03:08.839 D/OplusGraphicsEvent(10113): addEventListener success!
01-22 19:03:08.839 D/PhoneInterfaceManager( 2568): [PhoneIntfMgr] QueryTelephonyChecker-getDataNetworkTypeForSubscriber: packageName = com.android.phone, isGrant = true
01-22 19:03:08.840 D/OplusAppListInterceptManager( 1748): shouldFilterTask
01-22 19:03:08.840 D/OplusAppListInterceptManager( 1748): shouldFilterTask::packageName = com.wholexale.app.staging
01-22 19:03:08.840 D/OplusAppListInterceptManager( 1748): shouldFilterTask
01-22 19:03:08.840 D/OplusAppListInterceptManager( 1748): shouldFilterTask::packageName = com.truecaller
01-22 19:03:08.841 D/PhoneInterfaceManager( 2568): [PhoneIntfMgr] QueryTelephonyChecker-getDataNetworkTypeForSubscriber: packageName = com.android.phone, isGrant = true
01-22 19:03:08.842 V/SoLoader(10113): Init System Loader delegate
01-22 19:03:08.843 D/OplusActivityManager(10113): get AMS extension: android.os.BinderProxy@a79f42e
01-22 19:03:08.845 I/mtkpower_client( 1748): perf_lock_rel, hdl:59264, tid:2280
01-22 19:03:08.846 I/mtkpower_client( 1748): perf_lock_acq, hdl:59264, dur:0, num:10, tid:2280
01-22 19:03:08.846 I/libPowerHal(  859): [perfLockRel] hdl:59264, idx:0
01-22 19:03:08.846 I/libPowerHal(  859): [PD] system_server update cmd:1c3c000 param:1
01-22 19:03:08.846 I/libPowerHal(  859): [PD] (more) /proc/mcdi/state set +prefix:enable 1;
01-22 19:03:08.846 I/libPowerHal(  859): [PD] system_server update cmd:2004100 param:2
01-22 19:03:08.847 I/mtkpower_client( 1748): ret_hdl:59265
01-22 19:03:08.848 D/OplusActivityManagerServiceEnhance( 1748): setGlThreads detect 10113 13229
01-22 19:03:08.850 D/libMEOW (10113): meow new tls: 0xb400007a3649cac0
01-22 19:03:08.851 D/libMEOW (10113): meow reload base cfg path: na
01-22 19:03:08.851 D/libMEOW (10113): meow reload overlay cfg path: na
01-22 19:03:08.851 I/DispPerfService(  966): updateLayerMask 9
01-22 19:03:08.853 E/QT      (10113): [QT]file does not exist
01-22 19:03:08.853 E/horae   ( 3350): 0: back:37133,frame:34917,front:38533, 7, +(3467), 1 ,42000,37150,39000,40000
01-22 19:03:08.854 D/libMEOW (10113): applied 1 plugins for [com.wholexale.app.staging]:
01-22 19:03:08.854 D/libMEOW (10113):   plugin 1: [libMEOW_gift.so]: 0xb400007a2a6c1780
01-22 19:03:08.855 D/libMEOW (10113): rebuild call chain: 0xb400007a364bd140
01-22 19:03:08.855 D/libMEOW (10113): meow delete tls: 0xb400007a3649cac0
01-22 19:03:08.874 I/oplus.android.OplusFrameworkFactoryImpl(10113): Unknow feature:IOplusTextViewRTLUtilForUG
01-22 19:03:08.878 W/unknown:ReactInstanceManagerBuilder(10113): You're not setting the JS Engine Resolution Algorithm. We'll try to load JSC first, and if it fails we'll fallback to Hermes
01-22 19:03:08.880 D/nativeloader(10113): Load libjscexecutor.so using class loader ns clns-4 (caller=/data/app/~~GBPK08fTAhfiY6r_n8-kLQ==/com.wholexale.app.staging-QlLxrq2gFoFhuNrJ1lAjpw==/base.apk): dlopen failed: library "libjscexecutor.so" not found
01-22 19:03:08.885 D/nativeloader(10113): Load /data/app/~~GBPK08fTAhfiY6r_n8-kLQ==/com.wholexale.app.staging-QlLxrq2gFoFhuNrJ1lAjpw==/base.apk!/lib/arm64-v8a/libhermes.so using class loader ns clns-4 (caller=/data/app/~~GBPK08fTAhfiY6r_n8-kLQ==/com.wholexale.app.staging-QlLxrq2gFoFhuNrJ1lAjpw==/base.apk): ok
01-22 19:03:08.893 D/nativeloader(10113): Load /data/app/~~GBPK08fTAhfiY6r_n8-kLQ==/com.wholexale.app.staging-QlLxrq2gFoFhuNrJ1lAjpw==/base.apk!/lib/arm64-v8a/libhermes_executor.so using class loader ns clns-4 (caller=/data/app/~~GBPK08fTAhfiY6r_n8-kLQ==/com.wholexale.app.staging-QlLxrq2gFoFhuNrJ1lAjpw==/base.apk): ok
01-22 19:03:08.897 D/nativeloader(10113): Load /data/app/~~GBPK08fTAhfiY6r_n8-kLQ==/com.wholexale.app.staging-QlLxrq2gFoFhuNrJ1lAjpw==/base.apk!/lib/arm64-v8a/libfbjni.so using class loader ns clns-4 (caller=/data/app/~~GBPK08fTAhfiY6r_n8-kLQ==/com.wholexale.app.staging-QlLxrq2gFoFhuNrJ1lAjpw==/base.apk): ok
01-22 19:03:08.912 D/nativeloader(10113): Load /data/app/~~GBPK08fTAhfiY6r_n8-kLQ==/com.wholexale.app.staging-QlLxrq2gFoFhuNrJ1lAjpw==/base.apk!/lib/arm64-v8a/libreactnativejni.so using class loader ns clns-4 (caller=/data/app/~~GBPK08fTAhfiY6r_n8-kLQ==/com.wholexale.app.staging-QlLxrq2gFoFhuNrJ1lAjpw==/base.apk): ok
01-22 19:03:08.922 D/nativeloader(10113): Load libpowerhalwrap_jni.so using system ns (caller=/system/framework/mediatek-framework.jar): ok
01-22 19:03:08.922 I/PowerHalWrapper(10113): PowerHalWrapper.getInstance 
01-22 19:03:08.922 I/PowerHalWrapper(10113): PowerHalWrapper.getInstance 
01-22 19:03:08.923 I/MSYNC3-VariableRefreshRate(10113): Variable refreshrate is disabled
01-22 19:03:08.923 D/OplusInputMethodUtil(10113): init sDebug to false, init sDebugIme to false, init sAlwaysOn to false
01-22 19:03:08.923 D/OplusInputMethodUtil(10113): updateDebugToClass InputMethodManager.DEBUG = false
01-22 19:03:08.923 D/OplusInputMethodUtil(10113): updateDebugToClass ImeFocusController.DEBUG = false
01-22 19:03:08.923 D/OplusInputMethodUtil(10113): updateDebugToClass BaseInputConnection.DEBUG = false
01-22 19:03:08.923 D/OplusInputMethodUtil(10113): updateDebugToClass ImeFocusController.sDebugIme = false
01-22 19:03:08.925 I/SurfaceFactory(10113): [static] sSurfaceFactory = com.mediatek.view.impl.SurfaceFactoryImpl@b4b07a1
01-22 19:03:08.925 I/SurfaceFlinger(  966): [SF client] NEW(0xb40000701f9faf00) for (10113:com.wholexale.app.staging)
01-22 19:03:08.927 W/unknown:ReactContext(10113): initializeMessageQueueThreads() is called.
01-22 19:03:08.928 D/WindowManager(10113): Add to mViews: DecorView@e1b1187[MainActivity],pkg= com.wholexale.app.staging
01-22 19:03:08.928 I/OplusSlideAnimOptHelper(10113): checkListMode: is blacklist mode = true
01-22 19:03:08.929 D/OplusSlideAnimOptHelper(10113): com.wholexale.app.staging scrollEffectOpt enable = true
01-22 19:03:08.930 D/ExtensionsLoader(10113): createInstance(64bit) : createExtendedFactory
01-22 19:03:08.933 D/ExtensionsLoader(10113): Opened libhwuiextimpl.so
01-22 19:03:08.933 D/ExtensionsLoader(10113): createInstance(64bit) : createExtendedFactory
01-22 19:03:08.933 D/ExtensionsLoader(10113): Opened libSchedAssistExtImpl.so
01-22 19:03:08.939 D/OplusFullScreenDisplayManager( 1748): adjustWindowParamsLw com.wholexale.app.staging, no change cutoutMode: 0
01-22 19:03:08.940 I/SurfaceFlinger(  966): [SF client] NEW(0xb40000701dca29c0) for (1748:system_server)
01-22 19:03:08.942 I/WindowManager( 1748): addWindow: New client android.os.BinderProxy@6522691 : window=Window{de0c9f6 u0 com.wholexale.app.staging/com.wholexale.app.MainActivity}
01-22 19:03:08.944 D/ViewRootImplExtImpl(10113): onDisplayChanged -1 for VRI android.view.ViewRootImpl@26c09d9
01-22 19:03:08.944 D/CoreBackPreview( 1748): Window{de0c9f6 u0 com.wholexale.app.staging/com.wholexale.app.MainActivity}: Setting back callback OnBackInvokedCallbackInfo{mCallback=android.window.IOnBackInvokedCallback$Stub$Proxy@838e864, mPriority=0}
01-22 19:03:08.944 D/libMEOW (10113): meow new tls: 0xb4000079bd0d9640
01-22 19:03:08.944 D/libMEOW (10113): applied 1 plugins for [com.wholexale.app.staging]:
01-22 19:03:08.945 D/libMEOW (10113):   plugin 1: [libMEOW_gift.so]: 0xb400007a2a6c1780
01-22 19:03:08.945 D/libMEOW (10113): rebuild call chain: 0xb4000079bd0e8fc0
01-22 19:03:08.945 D/InputEventReceiver(10113): Input log is disabled
01-22 19:03:08.947 I/Quality (10113): Skipped: false 1 cost 32.854076 refreshRate 16550723 bit true processName com.wholexale.app.staging
01-22 19:03:08.950 D/OplusFullScreenDisplayManager( 1748): adjustWindowParamsLw com.wholexale.app.staging, no change cutoutMode: 0
01-22 19:03:08.951 V/WindowManager( 1748): Relayout Window{de0c9f6 u0 com.wholexale.app.staging/com.wholexale.app.MainActivity}: viewVisibility=0, oldvis=4, req=1080x2400
01-22 19:03:08.951 I/BufferQueueDebug(  966): [com.wholexale.app.staging/com.wholexale.app.MainActivity#24178](this:0xb400007020ffe9e8,id:-1,api:0,p:-1,c:-1) BufferQueue core=(966:/system/bin/surfaceflinger)
01-22 19:03:08.958 V/WindowManager( 1748): Changing focus from null to Window{de0c9f6 u0 com.wholexale.app.staging/com.wholexale.app.MainActivity},diplayid=0
01-22 19:03:08.961 D/Theia.NoFocusWindow( 1748): FocusWindowErrorScene cancelCheckFreezeScreen
01-22 19:03:08.963 D/[OSIE]  (  966): scltmLayer_name VRI[MainActivity][com.wholexale.app.staging/com.wholexale.app.MainActivity]
01-22 19:03:08.963 D/[OSIE]  (  966): IsSCLTMLayer=0 
01-22 19:03:08.963 D/BufferQueueConsumer(10113): [](id:278100000000,api:0,p:-1,c:10113) connect: controlledByApp=false
01-22 19:03:08.965 D/ExtensionsLoader(10113): createInstance(64bit) : createExtendedFactory
01-22 19:03:08.965 D/ExtensionsLoader(10113): Opened libSchedAssistExtImpl.so
01-22 19:03:08.966 E/FBI     (10113): Can't load library: dlopen failed: library "libmagtsync.so" not found
01-22 19:03:08.967 V/ZoomWindowDecorView(10113): setLastReportedMergedConfiguration mZoomDisplayHeight: 2400 getDecorView.236654983
01-22 19:03:08.968 D/VRI[MainActivity](10113): registerCallbacksForSync syncBuffer=false
01-22 19:03:08.974 D/libMEOW (10113): meow new tls: 0xb4000079bd0f5640
01-22 19:03:08.974 D/libMEOW (10113): applied 1 plugins for [com.wholexale.app.staging]:
01-22 19:03:08.974 D/libMEOW (10113):   plugin 1: [libMEOW_gift.so]: 0xb400007a2a6c1780
01-22 19:03:08.974 D/libMEOW (10113): rebuild call chain: 0xb4000079bd104a00
01-22 19:03:08.976 W/unknown:ReactInstanceManagerBuilder(10113): You're not setting the JS Engine Resolution Algorithm. We'll try to load JSC first, and if it fails we'll fallback to Hermes
01-22 19:03:08.979 I/ale.app.staging(10113): Rejecting re-init on previously-failed class java.lang.Class<com.facebook.react.jscexecutor.JSCExecutor>: java.lang.UnsatisfiedLinkError: dlopen failed: library "libjscexecutor.so" not found
01-22 19:03:08.979 I/ale.app.staging(10113):   at void java.lang.Runtime.loadLibrary0(java.lang.ClassLoader, java.lang.Class, java.lang.String) (Runtime.java:1097)
01-22 19:03:08.979 I/ale.app.staging(10113):   at void java.lang.Runtime.loadLibrary0(java.lang.Class, java.lang.String) (Runtime.java:1019)
01-22 19:03:08.979 I/ale.app.staging(10113):   at void java.lang.System.loadLibrary(java.lang.String) (System.java:1765)
01-22 19:03:08.979 I/ale.app.staging(10113):   at boolean com.facebook.soloader.nativeloader.SystemDelegate.loadLibrary(java.lang.String, int) (SystemDelegate.java:24)
01-22 19:03:08.979 I/ale.app.staging(10113):   at boolean com.facebook.soloader.nativeloader.NativeLoader.loadLibrary(java.lang.String, int) (NativeLoader.java:52)
01-22 19:03:08.979 I/ale.app.staging(10113):   at boolean com.facebook.soloader.nativeloader.NativeLoader.loadLibrary(java.lang.String) (NativeLoader.java:30)
01-22 19:03:08.979 I/ale.app.staging(10113):   at boolean com.facebook.soloader.SoLoader.loadLibrary(java.lang.String) (SoLoader.java:869)
01-22 19:03:08.979 I/ale.app.staging(10113):   at void com.facebook.react.jscexecutor.JSCExecutor.loadLibrary() (JSCExecutor.java:24)
01-22 19:03:08.979 I/ale.app.staging(10113):   at void com.facebook.react.jscexecutor.JSCExecutor.<clinit>() (JSCExecutor.java:20)
01-22 19:03:08.979 I/ale.app.staging(10113):   at com.facebook.react.bridge.JavaScriptExecutorFactory com.facebook.react.ReactInstanceManagerBuilder.getDefaultJSExecutorFactory(java.lang.String, java.lang.String, android.content.Context) (ReactInstanceManagerBuilder.java:373)
