01-23 11:48:02.983 W/ActivityManager( 1748): Unable to start service Intent { act=com.google.android.gms.lockbox.service.START pkg=com.google.android.gms } U=0: not found
01-23 11:48:02.985 W/ActivityManager( 1748): Unbind failed: could not find connection for android.os.BinderProxy@6c18299
01-23 11:48:03.071 W/ContextImpl( 1748): Calling a method in the system process without a qualified user: android.app.ContextImpl.sendBroadcastMultiplePermissions:1238 com.android.server.TelephonyRegistry.broadcastServiceStateChanged:3149 com.android.server.TelephonyRegistry.notifyServiceStateForPhoneId:1665 com.android.internal.telephony.ITelephonyRegistry$Stub.onTransact:492 android.os.Binder.execTransactInternal:1331 
01-23 11:48:03.072 W/ContextImpl( 1748): Calling a method in the system process without a qualified user: android.app.ContextImpl.sendBroadcastMultiplePermissions:1288 android.content.Context.sendBroadcastMultiplePermissions:2281 com.android.server.TelephonyRegistry.broadcastServiceStateChanged:3153 com.android.server.TelephonyRegistry.notifyServiceStateForPhoneId:1665 com.android.internal.telephony.ITelephonyRegistry$Stub.onTransact:492 
01-23 11:48:03.072 W/BroadcastQueue( 1748): Permission Denial: receiving Intent { act=android.intent.action.SERVICE_STATE flg=0x1000010 (has extras) } to ProcessRecord{b3a2deb 2225:com.android.systemui/u0a105} (pid=2225, uid=10105) requires android.permission.ACCESS_FINE_LOCATION due to sender android (uid 1001)
01-23 11:48:03.074 W/BroadcastQueue( 1748): Permission Denial: receiving Intent { act=android.intent.action.SERVICE_STATE flg=0x1000010 (has extras) } to com.google.android.cellbroadcastreceiver/com.android.cellbroadcastreceiver.CellBroadcastReceiver requires android.permission.READ_PHONE_STATE due to sender android (uid 1001)
01-23 11:48:03.075 W/ContextImpl( 1748): Calling a method in the system process without a qualified user: android.app.ContextImpl.sendBroadcastMultiplePermissions:1288 android.content.Context.sendBroadcastMultiplePermissions:2281 com.android.server.TelephonyRegistry.broadcastServiceStateChanged:3160 com.android.server.TelephonyRegistry.notifyServiceStateForPhoneId:1665 com.android.internal.telephony.ITelephonyRegistry$Stub.onTransact:492 
01-23 11:48:03.078 W/BroadcastQueue( 1748): Permission Denial: receiving Intent { act=android.intent.action.SERVICE_STATE flg=0x1000010 (has extras) } to ProcessRecord{b3a2deb 2225:com.android.systemui/u0a105} (pid=2225, uid=10105) requires android.permission.ACCESS_FINE_LOCATION due to sender android (uid 1001)
01-23 11:48:03.078 W/BroadcastQueue( 1748): Appop Denial: receiving Intent { act=android.intent.action.SERVICE_STATE flg=0x1000010 (has extras) } to ProcessRecord{8e991c2 1748:system/1000} (pid=1748, uid=1000) excludes appop android:read_phone_state due to sender android (uid 1001)
01-23 11:48:03.079 W/BroadcastQueue( 1748): Appop Denial: receiving Intent { act=android.intent.action.SERVICE_STATE flg=0x1000010 (has extras) } to ProcessRecord{68c6ecd 2568:com.android.phone/1001} (pid=2568, uid=1001) excludes appop android:read_phone_state due to sender android (uid 1001)
01-23 11:48:03.079 W/BroadcastQueue( 1748): Permission Denial: receiving Intent { act=android.intent.action.SERVICE_STATE flg=0x1000010 (has extras) } to com.google.android.cellbroadcastreceiver/com.android.cellbroadcastreceiver.CellBroadcastReceiver requires android.permission.ACCESS_FINE_LOCATION due to sender android (uid 1001)
01-23 11:48:03.080 W/ContextImpl( 1748): Calling a method in the system process without a qualified user: android.app.ContextImpl.sendBroadcastMultiplePermissions:1288 android.content.Context.sendBroadcastMultiplePermissions:2281 com.android.server.TelephonyRegistry.broadcastServiceStateChanged:3164 com.android.server.TelephonyRegistry.notifyServiceStateForPhoneId:1665 com.android.internal.telephony.ITelephonyRegistry$Stub.onTransact:492 
01-23 11:48:03.081 W/BroadcastQueue( 1748): Appop Denial: receiving Intent { act=android.intent.action.SERVICE_STATE flg=0x1000010 (has extras) } to ProcessRecord{8e991c2 1748:system/1000} (pid=1748, uid=1000) excludes appop android:fine_location due to sender android (uid 1001)
01-23 11:48:03.081 W/BroadcastQueue( 1748): Appop Denial: receiving Intent { act=android.intent.action.SERVICE_STATE flg=0x1000010 (has extras) } to ProcessRecord{68c6ecd 2568:com.android.phone/1001} (pid=2568, uid=1001) excludes appop android:fine_location due to sender android (uid 1001)
01-23 11:48:03.082 W/BroadcastQueue( 1748): Permission Denial: receiving Intent { act=android.intent.action.SERVICE_STATE flg=0x1000010 (has extras) } to com.google.android.cellbroadcastreceiver/com.android.cellbroadcastreceiver.CellBroadcastReceiver requires android.permission.READ_PHONE_STATE due to sender android (uid 1001)
01-23 11:48:03.083 W/BroadcastQueue( 1748): Appop Denial: receiving Intent { act=android.intent.action.SERVICE_STATE flg=0x1000010 (has extras) } to ProcessRecord{b3a2deb 2225:com.android.systemui/u0a105} (pid=2225, uid=10105) excludes appop android:read_phone_state due to sender android (uid 1001)
01-23 11:48:03.083 W/BroadcastQueue( 1748): Appop Denial: receiving Intent { act=android.intent.action.SERVICE_STATE flg=0x1000010 (has extras) } to ProcessRecord{8e991c2 1748:system/1000} (pid=1748, uid=1000) excludes appop android:read_phone_state due to sender android (uid 1001)
01-23 11:48:03.083 W/BroadcastQueue( 1748): Appop Denial: receiving Intent { act=android.intent.action.SERVICE_STATE flg=0x1000010 (has extras) } to ProcessRecord{68c6ecd 2568:com.android.phone/1001} (pid=2568, uid=1001) excludes appop android:read_phone_state due to sender android (uid 1001)
01-23 11:48:03.153 D/CompatibilityChangeReporter( 1748): Compat change id reported: 201794303; UID 99910128; state: ENABLED
01-23 11:48:03.186 D/CompatibilityChangeReporter( 1748): Compat change id reported: 135634846; UID 10221; state: DISABLED
01-23 11:48:03.186 D/CompatibilityChangeReporter( 1748): Compat change id reported: 177438394; UID 10221; state: DISABLED
01-23 11:48:03.186 D/CompatibilityChangeReporter( 1748): Compat change id reported: 135772972; UID 10221; state: DISABLED
01-23 11:48:03.187 D/CompatibilityChangeReporter( 1748): Compat change id reported: 135754954; UID 10221; state: ENABLED
01-23 11:48:03.187 D/CompatibilityChangeReporter( 1748): Compat change id reported: 143937733; UID 10221; state: ENABLED
01-23 11:48:03.208 I/ActivityManager( 1748): Start proc 4689:com.coloros.phonemanager:push/u0a221 for service {com.coloros.phonemanager/com.oplus.phonemanager.push.service.RegisterService}
01-23 11:48:03.308 D/ActivityManager( 1748): multi app -> generateServiceInfo of [Intent { act=com.google.android.gms.lockbox.service.START pkg=com.google.android.gms }] for 99910128)
01-23 11:48:03.308 W/ActivityManager( 1748): Unable to start service Intent { act=com.google.android.gms.lockbox.service.START pkg=com.google.android.gms } U=0: not found
01-23 11:48:03.309 W/ActivityManager( 1748): Unbind failed: could not find connection for android.os.BinderProxy@fc8e40
01-23 11:48:03.445 W/ContextImpl( 3650): Calling a method in the system process without a qualified user: android.app.ContextImpl.startService:1889 android.content.ContextWrapper.startService:827 com.heytap.mcs.biz.statistics.StaticProcessTrackStatusManager.exitCurrentProcess:11 com.heytap.mcs.biz.statistics.StaticProcessTrackStatusManager$1.handleMessage:3 android.os.Handler.dispatchMessage:102 
01-23 11:48:03.453 W/DevicePolicyManager( 1748): Unknown user type: UserInfo{999:MultiApp:4001010}
01-23 11:48:03.453 W/DevicePolicyManager( 1748): Unknown user type: UserInfo{999:MultiApp:4001010}
01-23 11:48:03.453 W/DevicePolicyManager( 1748): Unknown user type: UserInfo{999:MultiApp:4001010}
01-23 11:48:03.453 W/DevicePolicyManager( 1748): Unknown user type: UserInfo{999:MultiApp:4001010}
01-23 11:48:03.453 W/DevicePolicyManager( 1748): Unknown user type: UserInfo{999:MultiApp:4001010}
01-23 11:48:03.453 W/DevicePolicyManager( 1748): Unknown user type: UserInfo{999:MultiApp:4001010}
01-23 11:48:03.453 W/DevicePolicyManager( 1748): Unknown user type: UserInfo{999:MultiApp:4001010}
01-23 11:48:03.454 W/DevicePolicyManager( 1748): Unknown user type: UserInfo{999:MultiApp:4001010}
01-23 11:48:03.454 W/DevicePolicyManager( 1748): Unknown user type: UserInfo{999:MultiApp:4001010}
01-23 11:48:03.454 W/DevicePolicyManager( 1748): Unknown user type: UserInfo{999:MultiApp:4001010}
01-23 11:48:03.454 W/DevicePolicyManager( 1748): Unknown user type: UserInfo{999:MultiApp:4001010}
01-23 11:48:03.454 W/DevicePolicyManager( 1748): Unknown user type: UserInfo{999:MultiApp:4001010}
01-23 11:48:03.462 W/ContextImpl( 4519): Calling a method in the system process without a qualified user: android.app.ContextImpl.startService:1889 android.content.ContextWrapper.startService:827 com.heytap.mcs.g.a.a:94 com.heytap.mcs.f.a.a:1 com.heytap.mcs.l.f.a:28 
01-23 11:48:03.476 I/ActivityManager( 1748): Process com.heytap.mcs.statistics (pid 3650) has died: vis BFGS
01-23 11:48:03.476 I/ActivityThread(22543): Removing dead content provider:android.content.ContentProviderProxy@6a61c8
01-23 11:48:03.542 W/ActivityManager( 1748): Receiver with filter android.content.IntentFilter@d88cc07 already registered for pid 4689, callerPackage is com.coloros.phonemanager
01-23 11:48:03.582 I/ActivityManager( 1748): Process com.coloros.phonemanager:push (pid 4689) has died: svc SVC 
01-23 11:48:04.705 D/CompatibilityChangeReporter( 1748): Compat change id reported: 183407956; UID 10128; state: ENABLED
01-23 11:48:05.173 D/CompatibilityChangeReporter( 1748): Compat change id reported: 135634846; UID 10221; state: DISABLED
01-23 11:48:05.174 D/CompatibilityChangeReporter( 1748): Compat change id reported: 177438394; UID 10221; state: DISABLED
01-23 11:48:05.175 D/CompatibilityChangeReporter( 1748): Compat change id reported: 135772972; UID 10221; state: DISABLED
01-23 11:48:05.175 D/CompatibilityChangeReporter( 1748): Compat change id reported: 135754954; UID 10221; state: ENABLED
01-23 11:48:05.177 D/CompatibilityChangeReporter( 1748): Compat change id reported: 143937733; UID 10221; state: ENABLED
01-23 11:48:05.202 I/ActivityManager( 1748): Start proc 4804:com.coloros.phonemanager:push/u0a221 for service {com.coloros.phonemanager/com.oplus.phonemanager.push.service.RegisterService}
01-23 11:48:05.471 W/DevicePolicyManager( 1748): Unknown user type: UserInfo{999:MultiApp:4001010}
01-23 11:48:05.471 W/DevicePolicyManager( 1748): Unknown user type: UserInfo{999:MultiApp:4001010}
01-23 11:48:05.471 W/DevicePolicyManager( 1748): Unknown user type: UserInfo{999:MultiApp:4001010}
01-23 11:48:05.471 W/DevicePolicyManager( 1748): Unknown user type: UserInfo{999:MultiApp:4001010}
01-23 11:48:05.471 W/DevicePolicyManager( 1748): Unknown user type: UserInfo{999:MultiApp:4001010}
01-23 11:48:05.472 W/DevicePolicyManager( 1748): Unknown user type: UserInfo{999:MultiApp:4001010}
01-23 11:48:05.472 W/DevicePolicyManager( 1748): Unknown user type: UserInfo{999:MultiApp:4001010}
01-23 11:48:05.472 W/DevicePolicyManager( 1748): Unknown user type: UserInfo{999:MultiApp:4001010}
01-23 11:48:05.472 W/DevicePolicyManager( 1748): Unknown user type: UserInfo{999:MultiApp:4001010}
01-23 11:48:05.472 W/DevicePolicyManager( 1748): Unknown user type: UserInfo{999:MultiApp:4001010}
01-23 11:48:05.472 W/DevicePolicyManager( 1748): Unknown user type: UserInfo{999:MultiApp:4001010}
01-23 11:48:05.473 W/DevicePolicyManager( 1748): Unknown user type: UserInfo{999:MultiApp:4001010}
01-23 11:48:05.473 W/DevicePolicyManager( 1748): Unknown user type: UserInfo{999:MultiApp:4001010}
01-23 11:48:05.473 W/DevicePolicyManager( 1748): Unknown user type: UserInfo{999:MultiApp:4001010}
01-23 11:48:05.474 W/DevicePolicyManager( 1748): Unknown user type: UserInfo{999:MultiApp:4001010}
01-23 11:48:05.474 W/DevicePolicyManager( 1748): Unknown user type: UserInfo{999:MultiApp:4001010}
01-23 11:48:05.474 W/DevicePolicyManager( 1748): Unknown user type: UserInfo{999:MultiApp:4001010}
01-23 11:48:05.474 W/DevicePolicyManager( 1748): Unknown user type: UserInfo{999:MultiApp:4001010}
01-23 11:48:05.474 W/DevicePolicyManager( 1748): Unknown user type: UserInfo{999:MultiApp:4001010}
01-23 11:48:05.474 W/DevicePolicyManager( 1748): Unknown user type: UserInfo{999:MultiApp:4001010}
01-23 11:48:05.475 W/DevicePolicyManager( 1748): Unknown user type: UserInfo{999:MultiApp:4001010}
01-23 11:48:05.475 W/DevicePolicyManager( 1748): Unknown user type: UserInfo{999:MultiApp:4001010}
01-23 11:48:05.475 W/DevicePolicyManager( 1748): Unknown user type: UserInfo{999:MultiApp:4001010}
01-23 11:48:05.475 W/DevicePolicyManager( 1748): Unknown user type: UserInfo{999:MultiApp:4001010}
01-23 11:48:05.481 W/ContextImpl( 4519): Calling a method in the system process without a qualified user: android.app.ContextImpl.startService:1889 android.content.ContextWrapper.startService:827 com.heytap.mcs.g.a.a:94 com.heytap.mcs.f.a.a:1 com.heytap.mcs.l.f.a:28 
01-23 11:48:05.554 I/ActivityManager( 1748): Process com.coloros.phonemanager:push (pid 4804) has died: svc SVC 
01-23 11:48:06.430 W/ActivityManager( 1748): Unable to start service Intent { act=com.google.android.gms.lockbox.service.START pkg=com.google.android.gms } U=0: not found
01-23 11:48:06.432 W/ActivityManager( 1748): Unbind failed: could not find connection for android.os.BinderProxy@ab317c6
01-23 11:48:06.506 W/ActivityManager( 1748): Unable to start service Intent { act=com.google.android.gms.lockbox.service.START pkg=com.google.android.gms } U=0: not found
01-23 11:48:06.507 W/ActivityManager( 1748): Unbind failed: could not find connection for android.os.BinderProxy@2e00bd9
01-23 11:48:06.579 D/CompatibilityChangeReporter( 1748): Compat change id reported: 201794303; UID 10128; state: ENABLED
01-23 11:48:06.682 W/ActivityManager( 1748): Unable to start service Intent { act=com.google.android.gms.lockbox.service.START pkg=com.google.android.gms } U=0: not found
01-23 11:48:06.682 W/ActivityManager( 1748): Unbind failed: could not find connection for android.os.BinderProxy@dd9f126
01-23 11:48:10.564 D/CompatibilityChangeReporter( 1748): Compat change id reported: 135634846; UID 10221; state: DISABLED
01-23 11:48:10.564 D/CompatibilityChangeReporter( 1748): Compat change id reported: 177438394; UID 10221; state: DISABLED
01-23 11:48:10.564 D/CompatibilityChangeReporter( 1748): Compat change id reported: 135772972; UID 10221; state: DISABLED
01-23 11:48:10.564 D/CompatibilityChangeReporter( 1748): Compat change id reported: 135754954; UID 10221; state: ENABLED
01-23 11:48:10.566 D/CompatibilityChangeReporter( 1748): Compat change id reported: 143937733; UID 10221; state: ENABLED
01-23 11:48:10.595 I/ActivityManager( 1748): Start proc 4919:com.coloros.phonemanager:push/u0a221 for service {com.coloros.phonemanager/com.oplus.phonemanager.push.service.RegisterService}
01-23 11:48:10.867 W/DevicePolicyManager( 1748): Unknown user type: UserInfo{999:MultiApp:4001010}
01-23 11:48:10.867 W/DevicePolicyManager( 1748): Unknown user type: UserInfo{999:MultiApp:4001010}
01-23 11:48:10.868 W/DevicePolicyManager( 1748): Unknown user type: UserInfo{999:MultiApp:4001010}
01-23 11:48:10.868 W/DevicePolicyManager( 1748): Unknown user type: UserInfo{999:MultiApp:4001010}
01-23 11:48:10.868 W/DevicePolicyManager( 1748): Unknown user type: UserInfo{999:MultiApp:4001010}
01-23 11:48:10.868 W/DevicePolicyManager( 1748): Unknown user type: UserInfo{999:MultiApp:4001010}
01-23 11:48:10.868 W/DevicePolicyManager( 1748): Unknown user type: UserInfo{999:MultiApp:4001010}
01-23 11:48:10.868 W/DevicePolicyManager( 1748): Unknown user type: UserInfo{999:MultiApp:4001010}
01-23 11:48:10.868 W/DevicePolicyManager( 1748): Unknown user type: UserInfo{999:MultiApp:4001010}
01-23 11:48:10.868 W/DevicePolicyManager( 1748): Unknown user type: UserInfo{999:MultiApp:4001010}
01-23 11:48:10.868 W/DevicePolicyManager( 1748): Unknown user type: UserInfo{999:MultiApp:4001010}
01-23 11:48:10.868 W/DevicePolicyManager( 1748): Unknown user type: UserInfo{999:MultiApp:4001010}
01-23 11:48:10.869 W/DevicePolicyManager( 1748): Unknown user type: UserInfo{999:MultiApp:4001010}
01-23 11:48:10.869 W/DevicePolicyManager( 1748): Unknown user type: UserInfo{999:MultiApp:4001010}
01-23 11:48:10.870 W/DevicePolicyManager( 1748): Unknown user type: UserInfo{999:MultiApp:4001010}
01-23 11:48:10.870 W/DevicePolicyManager( 1748): Unknown user type: UserInfo{999:MultiApp:4001010}
01-23 11:48:10.870 W/DevicePolicyManager( 1748): Unknown user type: UserInfo{999:MultiApp:4001010}
01-23 11:48:10.870 W/DevicePolicyManager( 1748): Unknown user type: UserInfo{999:MultiApp:4001010}
01-23 11:48:10.870 W/DevicePolicyManager( 1748): Unknown user type: UserInfo{999:MultiApp:4001010}
01-23 11:48:10.870 W/DevicePolicyManager( 1748): Unknown user type: UserInfo{999:MultiApp:4001010}
01-23 11:48:10.870 W/DevicePolicyManager( 1748): Unknown user type: UserInfo{999:MultiApp:4001010}
01-23 11:48:10.870 W/DevicePolicyManager( 1748): Unknown user type: UserInfo{999:MultiApp:4001010}
01-23 11:48:10.871 W/DevicePolicyManager( 1748): Unknown user type: UserInfo{999:MultiApp:4001010}
01-23 11:48:10.871 W/DevicePolicyManager( 1748): Unknown user type: UserInfo{999:MultiApp:4001010}
01-23 11:48:10.872 W/ContextImpl( 4519): Calling a method in the system process without a qualified user: android.app.ContextImpl.startService:1889 android.content.ContextWrapper.startService:827 com.heytap.mcs.g.a.a:94 com.heytap.mcs.f.a.a:1 com.heytap.mcs.l.f.a:28 
01-23 11:48:10.877 W/ActivityManager( 1748): Receiver with filter android.content.IntentFilter@3cba15b already registered for pid 4919, callerPackage is com.coloros.phonemanager
01-23 11:48:10.950 I/ActivityManager( 1748): Process com.coloros.phonemanager:push (pid 4919) has died: svc SVC 
01-23 11:48:10.952 E/FrameworkListener(  818): read() failed (Connection reset by peer)
01-23 11:48:12.572 I/ActivityManager( 1748): Waited long enough for: ServiceRecord{d47aed3 u0 com.android.mtp/.MtpService}
01-23 11:48:13.810 I/ActivityManager( 1748): Killing 30259:com.google.android.permissioncontroller/u999a236 (adj 999): empty #21
01-23 11:48:13.864 I/WallpaperManagerServiceExt( 1748): getFoldWallpaperInfo user=0 which=32 phyDisplay=1
01-23 11:48:13.864 I/WallpaperManagerServiceExt( 1748): getFoldWallpaperInfo user=0 which=16 phyDisplay=1
01-23 11:48:15.947 I/ActivityManager( 1748): Killing 31261:com.facebook.system/u0a206 (adj 999): empty #21
01-23 11:48:16.586 I/ActivityManager( 1748): Waited long enough for: ServiceRecord{3151499 u0 com.heytap.mcs/.biz.appservice.McsSdkService}
01-23 11:48:18.287 I/ActivityManager( 1748): Killing 31212:com.facebook.appmanager/u0a219 (adj 999): empty #21
01-23 11:48:25.789 W/AppOps  ( 1748): Noting op not finished: uid 10128 pkg com.google.android.gms code 113 startTime of in progress event=1769140518524
01-23 11:48:25.795 I/ActivityManager( 1748): Killing 12033:com.google.android.permissioncontroller/u0a236 (adj 999): empty #21
01-23 11:48:25.798 W/AppOps  ( 1748): Noting op not finished: uid 10128 pkg com.google.android.gms code 113 startTime of in progress event=1769140518524
01-23 11:48:25.806 W/AppOps  ( 1748): Noting op not finished: uid 10128 pkg com.google.android.gms code 113 startTime of in progress event=1769140518524
01-23 11:48:25.812 W/AppOps  ( 1748): Noting op not finished: uid 10128 pkg com.google.android.gms code 113 startTime of in progress event=1769140518524
01-23 11:48:25.831 W/AppOps  ( 1748): Noting op not finished: uid 10128 pkg com.google.android.gms code 113 startTime of in progress event=1769140518524
01-23 11:48:25.841 W/AppOps  ( 1748): Noting op not finished: uid 10128 pkg com.google.android.gms code 113 startTime of in progress event=1769140518524
01-23 11:48:25.855 I/ActivityManager( 1748): Killing 10037:com.google.android.apps.messaging/u0a227 (adj 999): empty #21
01-23 11:48:25.857 I/ActivityManager( 1748): Killing 31847:net.one97.paytm/u0a660 (adj 999): empty #22
01-23 11:48:25.878 W/AppOps  ( 1748): Noting op not finished: uid 10128 pkg com.google.android.gms code 113 startTime of in progress event=1769140518524
01-23 11:48:25.885 W/AppOps  ( 1748): Noting op not finished: uid 10128 pkg com.google.android.gms code 113 startTime of in progress event=1769140518524
01-23 11:48:29.998 I/Quality (  966): SFJankCountInfo: 544;0;0-0-0-0-0-0-0-0-0-0;1-0-0-0-0-0-0-0-0-0;2-0-0-0-0-0-0-0-0-0;3-0-0-0-0-0-0-0-0-0;4-0-0-0-0-0-0-0-0-0;5-0-0-0-0-0-0-0-0-0;6-0-0-0-0-0-0-0-0-0;7-0-0-0-0-0-0-0-0-0;8-0-0-0-0-0-0-0-0-0;9-0-0-0-0-0-0-0-0-0;
01-23 11:48:30.923 I/ActivityManager( 1748): Process com.heytap.mcs.appservice (pid 4519) has died: cch+25 CEM 
01-23 11:48:30.972 D/CompatibilityChangeReporter( 1748): Compat change id reported: 135634846; UID 10221; state: DISABLED
01-23 11:48:30.972 D/CompatibilityChangeReporter( 1748): Compat change id reported: 177438394; UID 10221; state: DISABLED
01-23 11:48:30.973 D/CompatibilityChangeReporter( 1748): Compat change id reported: 135772972; UID 10221; state: DISABLED
01-23 11:48:30.973 D/CompatibilityChangeReporter( 1748): Compat change id reported: 135754954; UID 10221; state: ENABLED
01-23 11:48:30.974 D/CompatibilityChangeReporter( 1748): Compat change id reported: 143937733; UID 10221; state: ENABLED
01-23 11:48:31.001 I/ActivityManager( 1748): Start proc 5050:com.coloros.phonemanager:push/u0a221 for service {com.coloros.phonemanager/com.oplus.phonemanager.push.service.RegisterService}
01-23 11:48:31.211 I/ActivityManager( 1748): Killing 29889:com.android.settings/1000 (adj 999): empty #21
01-23 11:48:31.219 D/CompatibilityChangeReporter( 1748): Compat change id reported: 135634846; UID 1000; state: DISABLED
01-23 11:48:31.220 D/CompatibilityChangeReporter( 1748): Compat change id reported: 177438394; UID 1000; state: DISABLED
01-23 11:48:31.220 D/CompatibilityChangeReporter( 1748): Compat change id reported: 135772972; UID 1000; state: DISABLED
01-23 11:48:31.220 D/CompatibilityChangeReporter( 1748): Compat change id reported: 135754954; UID 1000; state: ENABLED
01-23 11:48:31.241 I/ActivityManager( 1748): Start proc 5087:com.heytap.mcs.appservice/1000 for service {com.heytap.mcs/com.heytap.mcs.biz.appservice.McsSdkService}
01-23 11:48:31.292 D/CompatibilityChangeReporter( 1748): Compat change id reported: 161252188; UID 1000; state: DISABLED
01-23 11:48:31.294 W/ActivityManager( 1748): Receiver with filter android.content.IntentFilter@a08c3ff already registered for pid 5050, callerPackage is com.coloros.phonemanager
01-23 11:48:31.297 W/ActivityManager( 1748): Receiver with filter android.content.IntentFilter@cb9e015 already registered for pid 5050, callerPackage is com.coloros.phonemanager
01-23 11:48:31.361 W/ActivityManager( 1748): Receiver with filter android.content.IntentFilter@d4e9264 already registered for pid 5050, callerPackage is com.coloros.phonemanager
01-23 11:48:31.362 W/UriGrantsManagerService( 1748): For security reasons, the system cannot issue a Uri permission grant to content://com.heytap.mcs.cloudctrl.FILEPROVIDER/cloud_ctrl/cloud_ctrl/50351/TrackGlobalConfig3/15/69856843-2e59-42e0-9236-37872c8a8f38 [user 0]; use startActivityAsCaller() instead
01-23 11:48:31.386 W/ActivityManager( 1748): Receiver with filter android.content.IntentFilter@de71893 already registered for pid 5050, callerPackage is com.coloros.phonemanager
01-23 11:48:31.447 W/UriGrantsManagerService( 1748): For security reasons, the system cannot issue a Uri permission grant to content://com.heytap.mcs.cloudctrl.FILEPROVIDER/cloud_ctrl/cloud_ctrl/compass_143100/BUSINESS_143100_CONFIG/1/4ad3fa89-95bd-4877-a912-cac47b4bd88d [user 0]; use startActivityAsCaller() instead
01-23 11:48:31.448 W/UriGrantsManagerService( 1748): For security reasons, the system cannot issue a Uri permission grant to content://com.heytap.mcs.cloudctrl.FILEPROVIDER/cloud_ctrl/cloud_ctrl/compass_143100/BUSINESS_143100_CONFIG_FLEXIBLE/1/0f33cde2-c889-4f7f-b233-60fd3d00584f [user 0]; use startActivityAsCaller() instead
01-23 11:48:31.448 W/UriGrantsManagerService( 1748): For security reasons, the system cannot issue a Uri permission grant to content://com.heytap.mcs.cloudctrl.FILEPROVIDER/cloud_ctrl/cloud_ctrl/compass_143100/BUSINESS_143100_EventRule_V3/4/669328d2-d186-46c5-8f47-ca21452c785b [user 0]; use startActivityAsCaller() instead
01-23 11:48:31.487 W/UriGrantsManagerService( 1748): For security reasons, the system cannot issue a Uri permission grant to content://com.heytap.mcs.cloudctrl.FILEPROVIDER/cloud_ctrl/cloud_ctrl/compass_20092/BUSINESS_20092_CONFIG/1746/844be9c5-92f8-4247-9cbd-1ffd72a2b07a [user 0]; use startActivityAsCaller() instead
01-23 11:48:31.489 W/UriGrantsManagerService( 1748): For security reasons, the system cannot issue a Uri permission grant to content://com.heytap.mcs.cloudctrl.FILEPROVIDER/cloud_ctrl/cloud_ctrl/compass_20092/BUSINESS_20092_CONFIG_FLEXIBLE/1/c18db8e1-a41f-4465-a5c4-63189a4d8a00 [user 0]; use startActivityAsCaller() instead
01-23 11:48:31.490 W/UriGrantsManagerService( 1748): For security reasons, the system cannot issue a Uri permission grant to content://com.heytap.mcs.cloudctrl.FILEPROVIDER/cloud_ctrl/cloud_ctrl/compass_20092/BUSINESS_20092_EventRule_V3/17010/713f8397-e698-4a5b-8bfc-bf627b120db0 [user 0]; use startActivityAsCaller() instead
01-23 11:48:31.496 I/ActivityManager( 1748): Killing 9921:com.truecaller/u0a57 (adj 999): empty #21
01-23 11:48:31.568 W/DevicePolicyManager( 1748): Unknown user type: UserInfo{999:MultiApp:4001010}
01-23 11:48:31.568 W/DevicePolicyManager( 1748): Unknown user type: UserInfo{999:MultiApp:4001010}
01-23 11:48:31.568 W/DevicePolicyManager( 1748): Unknown user type: UserInfo{999:MultiApp:4001010}
01-23 11:48:31.568 W/DevicePolicyManager( 1748): Unknown user type: UserInfo{999:MultiApp:4001010}
01-23 11:48:31.569 W/DevicePolicyManager( 1748): Unknown user type: UserInfo{999:MultiApp:4001010}
01-23 11:48:31.569 W/DevicePolicyManager( 1748): Unknown user type: UserInfo{999:MultiApp:4001010}
01-23 11:48:31.569 W/DevicePolicyManager( 1748): Unknown user type: UserInfo{999:MultiApp:4001010}
01-23 11:48:31.569 W/DevicePolicyManager( 1748): Unknown user type: UserInfo{999:MultiApp:4001010}
01-23 11:48:31.569 W/DevicePolicyManager( 1748): Unknown user type: UserInfo{999:MultiApp:4001010}
01-23 11:48:31.569 W/DevicePolicyManager( 1748): Unknown user type: UserInfo{999:MultiApp:4001010}
01-23 11:48:31.569 W/DevicePolicyManager( 1748): Unknown user type: UserInfo{999:MultiApp:4001010}
01-23 11:48:31.570 W/DevicePolicyManager( 1748): Unknown user type: UserInfo{999:MultiApp:4001010}
01-23 11:48:31.574 W/ContextImpl( 5087): Calling a method in the system process without a qualified user: android.app.ContextImpl.startService:1889 android.content.ContextWrapper.startService:827 com.heytap.mcs.g.a.a:94 com.heytap.mcs.f.a.a:1 com.heytap.mcs.l.f.a:28 
01-23 11:48:31.574 W/DevicePolicyManager( 1748): Unknown user type: UserInfo{999:MultiApp:4001010}
01-23 11:48:31.574 W/DevicePolicyManager( 1748): Unknown user type: UserInfo{999:MultiApp:4001010}
01-23 11:48:31.575 W/DevicePolicyManager( 1748): Unknown user type: UserInfo{999:MultiApp:4001010}
01-23 11:48:31.575 W/DevicePolicyManager( 1748): Unknown user type: UserInfo{999:MultiApp:4001010}
01-23 11:48:31.575 W/DevicePolicyManager( 1748): Unknown user type: UserInfo{999:MultiApp:4001010}
01-23 11:48:31.575 W/DevicePolicyManager( 1748): Unknown user type: UserInfo{999:MultiApp:4001010}
01-23 11:48:31.575 W/DevicePolicyManager( 1748): Unknown user type: UserInfo{999:MultiApp:4001010}
01-23 11:48:31.575 W/DevicePolicyManager( 1748): Unknown user type: UserInfo{999:MultiApp:4001010}
01-23 11:48:31.575 W/DevicePolicyManager( 1748): Unknown user type: UserInfo{999:MultiApp:4001010}
01-23 11:48:31.575 W/DevicePolicyManager( 1748): Unknown user type: UserInfo{999:MultiApp:4001010}
01-23 11:48:31.576 W/DevicePolicyManager( 1748): Unknown user type: UserInfo{999:MultiApp:4001010}
01-23 11:48:31.576 W/DevicePolicyManager( 1748): Unknown user type: UserInfo{999:MultiApp:4001010}
01-23 11:48:31.644 I/ActivityManager( 1748): Process com.coloros.phonemanager:push (pid 5050) has died: svc SVC 
01-23 11:48:33.486 D/CompatibilityChangeReporter( 1748): Compat change id reported: 171306433; UID 99910128; state: ENABLED
01-23 11:48:33.487 D/CompatibilityChangeReporter( 1748): Compat change id reported: 218533173; UID 99910128; state: ENABLED
01-23 11:48:39.178 W/ActivityManager( 1748): Unable to start service Intent { act=com.google.android.gms.lockbox.service.START pkg=com.google.android.gms } U=0: not found
01-23 11:48:39.179 W/ActivityManager( 1748): Unbind failed: could not find connection for android.os.BinderProxy@1d4f92e
01-23 11:48:39.365 W/ActivityManager( 1748): Unable to start service Intent { act=com.google.android.gms.lockbox.service.START pkg=com.google.android.gms } U=0: not found
01-23 11:48:39.366 W/ActivityManager( 1748): Unbind failed: could not find connection for android.os.BinderProxy@ca32fb7
01-23 11:48:39.463 D/CompatibilityChangeReporter( 1748): Compat change id reported: 151105954; UID 1000; state: ENABLED
01-23 11:48:39.466 E/AppOps  ( 1748): attributionTag  not declared in manifest of com.oplus.exsystemservice
01-23 11:48:39.470 E/AppOps  ( 1748): attributionTag  not declared in manifest of com.oplus.exsystemservice
01-23 11:48:40.482 I/ActivityManager( 1748): Killing 2152:com.android.vending:background/u0a135 (adj 999): empty #21
01-23 11:48:40.484 I/ActivityManager( 1748): Killing 32594:com.google.android.gm/u0a144 (adj 965): empty #22
01-23 11:48:40.847 V/ActivityThread(  650): scheduleReceiver info = ActivityInfo{64a0b1a com.google.firebase.iid.FirebaseInstanceIdReceiver} intent = Intent { act=com.google.android.c2dm.intent.RECEIVE flg=0x1080010 pkg=com.facebook.katana cmp=com.facebook.katana/com.google.firebase.iid.FirebaseInstanceIdReceiver (has extras) } sync = true hasCode = 110987569
01-23 11:48:41.550 I/ActivityManager( 1748): com.android.vending is exempt from freezer
01-23 11:48:41.551 D/CompatibilityChangeReporter( 1748): Compat change id reported: 135634846; UID 10135; state: DISABLED
01-23 11:48:41.551 D/CompatibilityChangeReporter( 1748): Compat change id reported: 177438394; UID 10135; state: DISABLED
01-23 11:48:41.551 D/CompatibilityChangeReporter( 1748): Compat change id reported: 135772972; UID 10135; state: DISABLED
01-23 11:48:41.551 D/CompatibilityChangeReporter( 1748): Compat change id reported: 135754954; UID 10135; state: ENABLED
01-23 11:48:41.552 D/CompatibilityChangeReporter( 1748): Compat change id reported: 143937733; UID 10135; state: ENABLED
01-23 11:48:41.579 I/ActivityManager( 1748): Start proc 5219:com.android.vending:background/u0a135 for service {com.android.vending/com.google.android.finsky.multiusercoordinator.MultiUserCoordinatorService}
01-23 11:48:41.800 D/CompatibilityChangeReporter( 1748): Compat change id reported: 161145287; UID 10135; state: DISABLED
01-23 11:48:41.892 I/ActivityManager( 1748): Killing 1371:com.oppo.quicksearchbox/u0a134 (adj 955): empty #21
01-23 11:48:41.976 D/CompatibilityChangeReporter( 1748): Compat change id reported: 319212206; UID 10135; state: ENABLED
01-23 11:48:42.006 D/CompatibilityChangeReporter( 1748): Compat change id reported: 194532703; UID 10135; state: ENABLED
01-23 11:48:43.188 W/ContextImpl( 1748): Calling a method in the system process without a qualified user: android.app.ContextImpl.sendBroadcastMultiplePermissions:1238 com.android.server.TelephonyRegistry.broadcastServiceStateChanged:3149 com.android.server.TelephonyRegistry.notifyServiceStateForPhoneId:1665 com.android.internal.telephony.ITelephonyRegistry$Stub.onTransact:492 android.os.Binder.execTransactInternal:1331 
01-23 11:48:43.191 W/ContextImpl( 1748): Calling a method in the system process without a qualified user: android.app.ContextImpl.sendBroadcastMultiplePermissions:1288 android.content.Context.sendBroadcastMultiplePermissions:2281 com.android.server.TelephonyRegistry.broadcastServiceStateChanged:3153 com.android.server.TelephonyRegistry.notifyServiceStateForPhoneId:1665 com.android.internal.telephony.ITelephonyRegistry$Stub.onTransact:492 
01-23 11:48:43.192 W/NetworkPolicy( 1748): shared quota unsupported; generating rule for each iface
01-23 11:48:43.193 W/BroadcastQueue( 1748): Permission Denial: receiving Intent { act=android.intent.action.SERVICE_STATE flg=0x1000010 (has extras) } to ProcessRecord{b3a2deb 2225:com.android.systemui/u0a105} (pid=2225, uid=10105) requires android.permission.ACCESS_FINE_LOCATION due to sender android (uid 1001)
01-23 11:48:43.193 W/ContextImpl( 1748): Calling a method in the system process without a qualified user: android.app.ContextImpl.sendBroadcastMultiplePermissions:1288 android.content.Context.sendBroadcastMultiplePermissions:2281 com.android.server.TelephonyRegistry.broadcastServiceStateChanged:3160 com.android.server.TelephonyRegistry.notifyServiceStateForPhoneId:1665 com.android.internal.telephony.ITelephonyRegistry$Stub.onTransact:492 
01-23 11:48:43.196 W/BroadcastQueue( 1748): Permission Denial: receiving Intent { act=android.intent.action.SERVICE_STATE flg=0x1000010 (has extras) } to ProcessRecord{b3a2deb 2225:com.android.systemui/u0a105} (pid=2225, uid=10105) requires android.permission.ACCESS_FINE_LOCATION due to sender android (uid 1001)
01-23 11:48:43.197 W/BroadcastQueue( 1748): Appop Denial: receiving Intent { act=android.intent.action.SERVICE_STATE flg=0x1000010 (has extras) } to ProcessRecord{8e991c2 1748:system/1000} (pid=1748, uid=1000) excludes appop android:read_phone_state due to sender android (uid 1001)
01-23 11:48:43.197 W/BroadcastQueue( 1748): Appop Denial: receiving Intent { act=android.intent.action.SERVICE_STATE flg=0x1000010 (has extras) } to ProcessRecord{68c6ecd 2568:com.android.phone/1001} (pid=2568, uid=1001) excludes appop android:read_phone_state due to sender android (uid 1001)
01-23 11:48:43.198 W/BroadcastQueue( 1748): Permission Denial: receiving Intent { act=android.intent.action.SERVICE_STATE flg=0x1000010 (has extras) } to com.google.android.cellbroadcastreceiver/com.android.cellbroadcastreceiver.CellBroadcastReceiver requires android.permission.READ_PHONE_STATE due to sender android (uid 1001)
01-23 11:48:43.200 W/ContextImpl( 1748): Calling a method in the system process without a qualified user: android.app.ContextImpl.sendBroadcastMultiplePermissions:1288 android.content.Context.sendBroadcastMultiplePermissions:2281 com.android.server.TelephonyRegistry.broadcastServiceStateChanged:3164 com.android.server.TelephonyRegistry.notifyServiceStateForPhoneId:1665 com.android.internal.telephony.ITelephonyRegistry$Stub.onTransact:492 
01-23 11:48:43.200 V/OplusNPMS( 1748): getWarningNotification numWarningNotificaion10
01-23 11:48:43.200 V/OplusNPMS( 1748): getWarningNotification numWarningNotificaion10
01-23 11:48:43.200 V/OplusNPMS( 1748): getLimitNotificationState subID=6
01-23 11:48:43.200 V/OplusNPMS( 1748): getLimitNotificationState mSubidToIccId != null
01-23 11:48:43.201 W/BroadcastQueue( 1748): Appop Denial: receiving Intent { act=android.intent.action.SERVICE_STATE flg=0x1000010 (has extras) } to ProcessRecord{8e991c2 1748:system/1000} (pid=1748, uid=1000) excludes appop android:fine_location due to sender android (uid 1001)
01-23 11:48:43.202 W/BroadcastQueue( 1748): Appop Denial: receiving Intent { act=android.intent.action.SERVICE_STATE flg=0x1000010 (has extras) } to ProcessRecord{68c6ecd 2568:com.android.phone/1001} (pid=2568, uid=1001) excludes appop android:fine_location due to sender android (uid 1001)
01-23 11:48:43.202 W/BroadcastQueue( 1748): Permission Denial: receiving Intent { act=android.intent.action.SERVICE_STATE flg=0x1000010 (has extras) } to com.google.android.cellbroadcastreceiver/com.android.cellbroadcastreceiver.CellBroadcastReceiver requires android.permission.ACCESS_FINE_LOCATION due to sender android (uid 1001)
01-23 11:48:43.203 W/BroadcastQueue( 1748): Permission Denial: receiving Intent { act=android.intent.action.SERVICE_STATE flg=0x1000010 (has extras) } to com.google.android.cellbroadcastreceiver/com.android.cellbroadcastreceiver.CellBroadcastReceiver requires android.permission.READ_PHONE_STATE due to sender android (uid 1001)
01-23 11:48:43.205 W/BroadcastQueue( 1748): Appop Denial: receiving Intent { act=android.intent.action.SERVICE_STATE flg=0x1000010 (has extras) } to ProcessRecord{b3a2deb 2225:com.android.systemui/u0a105} (pid=2225, uid=10105) excludes appop android:read_phone_state due to sender android (uid 1001)
01-23 11:48:43.206 W/BroadcastQueue( 1748): Appop Denial: receiving Intent { act=android.intent.action.SERVICE_STATE flg=0x1000010 (has extras) } to ProcessRecord{8e991c2 1748:system/1000} (pid=1748, uid=1000) excludes appop android:read_phone_state due to sender android (uid 1001)
01-23 11:48:43.206 W/BroadcastQueue( 1748): Appop Denial: receiving Intent { act=android.intent.action.SERVICE_STATE flg=0x1000010 (has extras) } to ProcessRecord{68c6ecd 2568:com.android.phone/1001} (pid=2568, uid=1001) excludes appop android:read_phone_state due to sender android (uid 1001)
01-23 11:48:44.130 D/UsageStatsService( 1748): User[0] type=0 b=1769148962380 e=1769149124128 cb=1769064906582 ce=1769149120876 disk=0 all=3
01-23 11:48:45.679 D/UsageStatsService( 1748): User[999] type=0 b=1769148378280 e=1769149125678 cb=1769073226312 ce=1769149083223 disk=0 all=1
01-23 11:48:46.229 I/ActivityManager( 1748): Waited long enough for: ServiceRecord{31f0f1e u0 com.heytap.mcs/.biz.appservice.McsSdkService}
01-23 11:48:51.606 I/ActivityManager( 1748): Process com.heytap.mcs.appservice (pid 5087) has died: cch+15 CEM 
01-23 11:48:54.773 D/CompatibilityChangeReporter( 1748): Compat change id reported: 168419799; UID 10327; state: DISABLED
01-23 11:48:54.810 W/JobScheduler( 1748): Job didn't exist in JobStore: #com.google.android.youtube/19152
01-23 11:48:54.839 D/CompatibilityChangeReporter( 1748): Compat change id reported: 194532703; UID 10327; state: ENABLED
01-23 11:48:56.834 W/BatteryExternalStatsWorker( 1748): error reading Bluetooth stats: 11
01-23 11:49:00.018 E/OplusCustomizeRestrictionManagerService( 1748): isBiometricDisabled start
01-23 11:49:00.019 E/OplusCustomizeRestrictionManagerService( 1748): isBiometricDisabled start
01-23 11:49:02.944 D/PowerManagerService( 1748): userActivityNoUpdateLocked: groupId=0, eventTime=120784015, event=2, flags=0x0, uid=1000
01-23 11:49:02.996 I/VibratorManagerServiceExtImpl( 1748): cancelVibrate uid=1000, pid=1748, usageFilter=-15, token=201252634
01-23 11:49:02.998 V/WindowManager( 1748): Relayout Window{726b172 u0 NotificationShade}: viewVisibility=0, oldvis=4, req=1080x2400
01-23 11:49:03.012 V/WindowManager( 1748): Changing focus from Window{4b6aa39 u0 com.whatsapp/com.whatsapp.Conversation} to Window{726b172 u0 NotificationShade},diplayid=0
01-23 11:49:03.013 E/OplusCustomizeRestrictionManagerService( 1748): getMobileDataMode error :s == null
01-23 11:49:03.044 D/PowerManagerService( 1748): userActivityNoUpdateLocked: groupId=0, eventTime=120784117, event=2, flags=0x0, uid=1000
01-23 11:49:03.052 D/WindowManager( 1748): finishDrawingWindow: Window{726b172 u0 NotificationShade} mDrawState=DRAW_PENDING
01-23 11:49:03.054 D/OplusUserManagerServiceEnhance( 1748): getMultiSystemUserId  res = -10000
01-23 11:49:03.106 E/OplusCustomizeRestrictionManagerService( 1748): getMobileDataMode error :s == null
01-23 11:49:03.115 E/OplusCustomizeRestrictionManagerService( 1748): getMobileDataMode error :s == null
01-23 11:49:03.123 E/OplusCustomizeRestrictionManagerService( 1748): getMobileDataMode error :s == null
01-23 11:49:03.132 E/OplusCustomizeRestrictionManagerService( 1748): getMobileDataMode error :s == null
01-23 11:49:03.385 V/WindowManager( 1748): Relayout Window{726b172 u0 NotificationShade}: viewVisibility=0, oldvis=0, req=1080x2400
01-23 11:49:03.391 V/WindowManager( 1748): Changing focus from Window{726b172 u0 NotificationShade} to Window{4b6aa39 u0 com.whatsapp/com.whatsapp.Conversation},diplayid=0
01-23 11:49:03.420 V/WindowManager( 1748): Relayout Window{726b172 u0 NotificationShade}: viewVisibility=4, oldvis=0, req=1080x2400
01-23 11:49:03.434 D/InputMethodManagerService( 1748): isSecurity: attribute.packageName=com.whatsapp mCurMethodId=com.google.android.inputmethod.latin/com.android.inputmethod.latin.LatinIME
01-23 11:49:03.434 D/InputMethodManagerService( 1748): isSecurity= false (  enable=false needShow=false inBlackList=false isExist=true )
01-23 11:49:03.434 D/InputMethodManagerService( 1748): startInputOrWindowGainedFocus:  reset Secure =false
01-23 11:49:03.450 D/OplusFullScreenDisplayManager( 1748): adjustWindowParamsLw com.whatsapp, no change cutoutMode: 0
01-23 11:49:03.450 V/WindowManager( 1748): Relayout Window{4b6aa39 u0 com.whatsapp/com.whatsapp.Conversation}: viewVisibility=0, oldvis=0, req=1080x2400
01-23 11:49:03.710 D/PowerManagerService( 1748): userActivityNoUpdateLocked: groupId=0, eventTime=120784783, event=2, flags=0x0, uid=1000
01-23 11:49:03.806 I/VibratorManagerServiceExtImpl( 1748): cancelVibrate uid=1000, pid=1748, usageFilter=-15, token=201252634
01-23 11:49:03.808 V/WindowManager( 1748): Relayout Window{726b172 u0 NotificationShade}: viewVisibility=0, oldvis=4, req=1080x2400
01-23 11:49:03.812 D/PowerManagerService( 1748): userActivityNoUpdateLocked: groupId=0, eventTime=120784885, event=2, flags=0x0, uid=1000
01-23 11:49:03.819 E/OplusCustomizeRestrictionManagerService( 1748): getMobileDataMode error :s == null
01-23 11:49:03.821 V/WindowManager( 1748): Changing focus from Window{4b6aa39 u0 com.whatsapp/com.whatsapp.Conversation} to Window{726b172 u0 NotificationShade},diplayid=0
01-23 11:49:03.848 D/WindowManager( 1748): finishDrawingWindow: Window{726b172 u0 NotificationShade} mDrawState=DRAW_PENDING
01-23 11:49:03.849 D/OplusUserManagerServiceEnhance( 1748): getMultiSystemUserId  res = -10000
01-23 11:49:03.874 E/OplusCustomizeRestrictionManagerService( 1748): getMobileDataMode error :s == null
01-23 11:49:03.879 E/OplusCustomizeRestrictionManagerService( 1748): getMobileDataMode error :s == null
01-23 11:49:03.885 E/OplusCustomizeRestrictionManagerService( 1748): getMobileDataMode error :s == null
01-23 11:49:03.891 E/OplusCustomizeRestrictionManagerService( 1748): getMobileDataMode error :s == null
01-23 11:49:04.372 W/NotificationHistory( 1748): Attempted to add notif for locked/gone/disabled user 0
01-23 11:49:04.386 E/OplusCustomizeRestrictionManagerService( 1748): getMobileDataMode error :s == null
01-23 11:49:04.395 D/OplusUserManagerServiceEnhance( 1748): getMultiSystemUserId  res = -10000
01-23 11:49:04.409 E/OplusCustomizeRestrictionManagerService( 1748): getMobileDataMode error :s == null
01-23 11:49:04.415 E/OplusCustomizeRestrictionManagerService( 1748): getMobileDataMode error :s == null
01-23 11:49:04.421 E/OplusCustomizeRestrictionManagerService( 1748): getMobileDataMode error :s == null
01-23 11:49:04.424 W/ContextImpl(22543): Calling a method in the system process without a qualified user: android.app.ContextImpl.bindService:1982 android.content.ContextWrapper.bindService:863 com.heytap.mcs.biz.message.g.b:8 com.heytap.mcs.biz.message.g.b:11 com.heytap.mcs.biz.message.g.f:1 
01-23 11:49:04.427 E/OplusCustomizeRestrictionManagerService( 1748): getMobileDataMode error :s == null
01-23 11:49:04.427 D/CompatibilityChangeReporter( 1748): Compat change id reported: 135634846; UID 1000; state: DISABLED
01-23 11:49:04.427 D/CompatibilityChangeReporter( 1748): Compat change id reported: 177438394; UID 1000; state: DISABLED
01-23 11:49:04.427 D/CompatibilityChangeReporter( 1748): Compat change id reported: 135772972; UID 1000; state: DISABLED
01-23 11:49:04.427 D/CompatibilityChangeReporter( 1748): Compat change id reported: 135754954; UID 1000; state: ENABLED
01-23 11:49:04.445 I/ActivityManager( 1748): Start proc 5358:com.heytap.mcs.biz.message/1000 for service {com.heytap.mcs/com.heytap.mcs.biz.message.MessageDealService}
01-23 11:49:04.485 D/CompatibilityChangeReporter( 1748): Compat change id reported: 168419799; UID 1000; state: DISABLED
01-23 11:49:04.574 D/PowerManagerService( 1748): userActivityNoUpdateLocked: groupId=0, eventTime=120785646, event=2, flags=0x0, uid=1000
01-23 11:49:04.644 W/ContextImpl( 5358): Calling a method in the system process without a qualified user: android.app.ContextImpl.bindService:1982 android.content.ContextWrapper.bindService:863 com.google.android.gms.common.stats.a.d:4 com.google.android.gms.common.stats.a.a:1 a.a.a.li.g:62 
01-23 11:49:04.644 W/ContextImpl( 5358): Calling a method in the system process without a qualified user: android.app.ContextImpl.bindService:1982 android.content.ContextWrapper.bindService:863 com.google.android.gms.common.stats.a.d:4 com.google.android.gms.common.stats.a.a:1 a.a.a.li.g:62 
01-23 11:49:04.711 D/NotificationService( 1748): This application enqueue notifications is not need postDelayed
01-23 11:49:04.712 W/DevicePolicyManager( 1748): Unknown user type: UserInfo{999:MultiApp:4001010}
01-23 11:49:04.713 W/DevicePolicyManager( 1748): Unknown user type: UserInfo{999:MultiApp:4001010}
01-23 11:49:04.713 I/OplusStatusBarManagerServiceEnhance( 1748):  getTopIsFullscreen mTopIsFullscreen: false
01-23 11:49:04.724 W/NotificationHistory( 1748): Attempted to add notif for locked/gone/disabled user 0
01-23 11:49:04.738 D/CompatibilityChangeReporter( 1748): Compat change id reported: 135634846; UID 1000; state: DISABLED
01-23 11:49:04.738 D/CompatibilityChangeReporter( 1748): Compat change id reported: 177438394; UID 1000; state: DISABLED
01-23 11:49:04.738 D/CompatibilityChangeReporter( 1748): Compat change id reported: 135772972; UID 1000; state: DISABLED
01-23 11:49:04.738 D/CompatibilityChangeReporter( 1748): Compat change id reported: 135754954; UID 1000; state: ENABLED
01-23 11:49:04.763 I/ActivityManager( 1748): Start proc 5401:com.heytap.mcs.statistics/1000 for content provider {com.heytap.mcs/com.heytap.mcs.biz.statistics.provider.StatisticsContentProvider}
01-23 11:49:04.823 V/WindowOrientationListener( 1748): onSensorChanged mDesiredRotation = 4
01-23 11:49:04.920 W/ActivityManager( 1748): Receiver with filter android.content.IntentFilter@cab69c already registered for pid 2225, callerPackage is com.android.systemui
01-23 11:49:04.925 D/CompatibilityChangeReporter( 1748): Compat change id reported: 161145287; UID 1000; state: DISABLED
01-23 11:49:04.937 W/ActivityManager( 1748): Receiver with filter android.content.IntentFilter@41aa088 already registered for pid 5401, callerPackage is com.heytap.mcs
01-23 11:49:04.973 W/ActivityManager( 1748): Receiver with filter android.content.IntentFilter@d6ffa21 already registered for pid 5401, callerPackage is com.heytap.mcs
01-23 11:49:06.740 D/PowerManagerService( 1748): userActivityNoUpdateLocked: groupId=0, eventTime=120787810, event=2, flags=0x0, uid=1000
01-23 11:49:06.968 D/CompatibilityChangeReporter( 1748): Compat change id reported: 135634846; UID 10057; state: DISABLED
01-23 11:49:06.968 D/CompatibilityChangeReporter( 1748): Compat change id reported: 177438394; UID 10057; state: DISABLED
01-23 11:49:06.968 D/CompatibilityChangeReporter( 1748): Compat change id reported: 135772972; UID 10057; state: DISABLED
01-23 11:49:06.968 D/CompatibilityChangeReporter( 1748): Compat change id reported: 135754954; UID 10057; state: ENABLED
01-23 11:49:06.970 D/CompatibilityChangeReporter( 1748): Compat change id reported: 143937733; UID 10057; state: ENABLED
01-23 11:49:07.001 I/ActivityManager( 1748): Start proc 5460:com.truecaller/u0a57 for broadcast {com.truecaller/com.truecaller.notifications.AnalyticsNotificationReceiver}
01-23 11:49:07.022 V/WindowManager( 1748): Relayout Window{726b172 u0 NotificationShade}: viewVisibility=0, oldvis=0, req=1080x2400
01-23 11:49:07.028 V/WindowManager( 1748): Changing focus from Window{726b172 u0 NotificationShade} to Window{4b6aa39 u0 com.whatsapp/com.whatsapp.Conversation},diplayid=0
01-23 11:49:07.065 D/InputMethodManagerService( 1748): isSecurity: attribute.packageName=com.whatsapp mCurMethodId=com.google.android.inputmethod.latin/com.android.inputmethod.latin.LatinIME
01-23 11:49:07.065 D/InputMethodManagerService( 1748): isSecurity= false (  enable=false needShow=false inBlackList=false isExist=true )
01-23 11:49:07.065 D/InputMethodManagerService( 1748): startInputOrWindowGainedFocus:  reset Secure =false
01-23 11:49:07.072 D/OplusFullScreenDisplayManager( 1748): adjustWindowParamsLw com.whatsapp, no change cutoutMode: 0
01-23 11:49:07.072 V/WindowManager( 1748): Relayout Window{4b6aa39 u0 com.whatsapp/com.whatsapp.Conversation}: viewVisibility=0, oldvis=0, req=1080x2400
01-23 11:49:07.282 D/CompatibilityChangeReporter( 1748): Compat change id reported: 161145287; UID 10057; state: DISABLED
01-23 11:49:07.561 D/CompatibilityChangeReporter( 1748): Compat change id reported: 194532703; UID 10057; state: ENABLED
01-23 11:49:07.597 D/CompatibilityChangeReporter( 1748): Compat change id reported: 319212206; UID 10057; state: ENABLED
01-23 11:49:07.636 E/ResourcesImplExt( 5460): the AssetManager's apkAsset: ApkAssets{path=<empty> and /system/framework/framework-res.apk}
01-23 11:49:07.636 E/ResourcesImplExt( 5460): the AssetManager's apkAsset: ApkAssets{path=/my_bigball/overlay/GmsConfigOverlayASI_Infrastructure/GmsConfigOverlayASI_Infrastructure.apk}
01-23 11:49:07.636 E/ResourcesImplExt( 5460): the AssetManager's apkAsset: ApkAssets{path=/my_bigball/overlay/GmsConfigOverlayCommonEx/GmsConfigOverlayCommonEx.apk}
01-23 11:49:07.636 E/ResourcesImplExt( 5460): the AssetManager's apkAsset: ApkAssets{path=/my_bigball/overlay/GmsConfigOverlayComms/GmsConfigOverlayComms.apk}
01-23 11:49:07.636 E/ResourcesImplExt( 5460): the AssetManager's apkAsset: ApkAssets{path=/my_bigball/overlay/GmsConfigOverlayGSA/GmsConfigOverlayGSA.apk}
