--------- beginning of system
02-03 21:08:00.027 E/OplusCustomizeRestrictionManagerService( 1741): isBiometricDisabled start
02-03 21:08:00.028 E/OplusCustomizeRestrictionManagerService( 1741): isBiometricDisabled start
02-03 21:08:03.283 I/Quality (  962): SFJankCountInfo: 920;1;0-0-0-0-0-0-0-0-0-0;1-0-0-0-0-0-0-0-0-0;2-1-0-0-0-0-0-0-0-0;3-0-0-0-0-0-0-0-0-0;4-0-0-0-0-0-0-0-0-0;5-0-0-0-0-0-0-0-0-0;6-0-0-0-0-0-0-0-0-0;7-0-0-0-0-0-0-0-0-0;8-0-0-0-0-0-0-0-0-0;9-0-0-0-0-0-0-0-0-0;
02-03 21:08:04.697 I/Quality (26664): Skipped: false 1 cost 16.815279 refreshRate 16552017 bit true processName com.google.android.youtube
02-03 21:08:05.212 D/PowerManagerService( 1741): userActivityNoUpdateLocked: groupId=0, eventTime=102042533, event=2, flags=0x0, uid=1000
02-03 21:08:05.353 D/PowerManagerService( 1741): userActivityNoUpdateLocked: groupId=0, eventTime=102042680, event=2, flags=0x0, uid=1000
02-03 21:08:05.455 D/PowerManagerService( 1741): userActivityNoUpdateLocked: groupId=0, eventTime=102042782, event=2, flags=0x0, uid=1000
02-03 21:08:05.584 I/UsageStatsService( 1741): User[0] Flushing usage stats to disk
02-03 21:08:05.692 I/UsageStatsService( 1741): User[999] Flushing usage stats to disk
02-03 21:08:06.136 D/PowerManagerService( 1741): userActivityNoUpdateLocked: groupId=0, eventTime=102043463, event=2, flags=0x0, uid=1000
02-03 21:08:06.415 D/PowerManagerService( 1741): userActivityNoUpdateLocked: groupId=0, eventTime=102043742, event=2, flags=0x0, uid=1000
02-03 21:08:06.974 D/CompatibilityChangeReporter( 1741): Compat change id reported: 171306433; UID 10128; state: ENABLED
02-03 21:08:06.975 D/CompatibilityChangeReporter( 1741): Compat change id reported: 218533173; UID 10128; state: ENABLED
02-03 21:08:08.033 D/PowerManagerService( 1741): userActivityNoUpdateLocked: groupId=0, eventTime=102045359, event=2, flags=0x0, uid=1000
02-03 21:08:08.037 D/OplusZoomWindowRUSConfigManager( 1741): isSupportZoomModeWithPolicyLocked: target = com.google.android.youtube/.app.honeycomb.Shell$HomeActivity
02-03 21:08:08.037 D/OplusZoomWindowRUSConfigManager( 1741): targetPkg = com.google.android.youtube
02-03 21:08:08.037 I/OplusZoomWindowRUSConfigManager( 1741): target pkg is unsupport zoom window mode
02-03 21:08:08.041 D/OplusAppListInterceptManager( 1741): shouldFilterTask
02-03 21:08:08.041 D/OplusAppListInterceptManager( 1741): shouldFilterTask::packageName = com.google.android.youtube
02-03 21:08:08.041 D/OplusAppListInterceptManager( 1741): shouldFilterTask
02-03 21:08:08.041 D/OplusAppListInterceptManager( 1741): shouldFilterTask::packageName = com.wholexale.app.staging
02-03 21:08:08.041 D/OplusAppListInterceptManager( 1741): shouldFilterTask
02-03 21:08:08.041 D/OplusAppListInterceptManager( 1741): shouldFilterTask::packageName = com.cricbuzz.android
02-03 21:08:08.041 D/OplusAppListInterceptManager( 1741): shouldFilterTask
02-03 21:08:08.041 D/OplusAppListInterceptManager( 1741): shouldFilterTask::packageName = com.twitter.android
02-03 21:08:08.041 D/OplusAppListInterceptManager( 1741): shouldFilterTask
02-03 21:08:08.041 D/OplusAppListInterceptManager( 1741): shouldFilterTask::packageName = com.android.chrome
02-03 21:08:08.042 D/OplusAppListInterceptManager( 1741): shouldFilterTask
02-03 21:08:08.042 D/OplusAppListInterceptManager( 1741): shouldFilterTask::packageName = com.whatsapp
02-03 21:08:08.042 D/OplusAppListInterceptManager( 1741): shouldFilterTask
02-03 21:08:08.042 D/OplusAppListInterceptManager( 1741): shouldFilterTask::packageName = com.android.settings
02-03 21:08:08.042 D/OplusSplitScreenManagerService( 1741): com.android.settings unSupportsSplitScreen by blockList or ForbidActivityList
02-03 21:08:08.042 D/OplusSplitScreenManagerService( 1741): com.android.settings unSupportsSplitScreen by blockList or ForbidActivityList
02-03 21:08:08.042 D/OplusAppListInterceptManager( 1741): shouldFilterTask
02-03 21:08:08.042 D/OplusAppListInterceptManager( 1741): shouldFilterTask::packageName = com.google.android.gm
02-03 21:08:08.042 D/OplusAppListInterceptManager( 1741): shouldFilterTask
02-03 21:08:08.042 D/OplusAppListInterceptManager( 1741): shouldFilterTask::packageName = com.whatsapp
02-03 21:08:08.042 D/OplusAppListInterceptManager( 1741): shouldFilterTask
02-03 21:08:08.042 D/OplusAppListInterceptManager( 1741): shouldFilterTask::packageName = com.whatsapp.w4b
02-03 21:08:08.043 D/OplusAppListInterceptManager( 1741): shouldFilterTask
02-03 21:08:08.043 D/OplusAppListInterceptManager( 1741): shouldFilterTask::packageName = com.microsoft.bing
02-03 21:08:08.043 D/OplusAppListInterceptManager( 1741): shouldFilterTask
02-03 21:08:08.043 D/OplusAppListInterceptManager( 1741): shouldFilterTask::packageName = com.snapchat.android
02-03 21:08:08.043 D/OplusSplitScreenManagerService( 1741): com.snapchat.android unSupportsSplitScreen by blockList or ForbidActivityList
02-03 21:08:08.043 D/OplusAppListInterceptManager( 1741): shouldFilterTask
02-03 21:08:08.043 D/OplusAppListInterceptManager( 1741): shouldFilterTask::packageName = com.coloros.assistantscreen
02-03 21:08:08.043 D/OplusAppListInterceptManager( 1741): shouldFilterTask
02-03 21:08:08.043 D/OplusAppListInterceptManager( 1741): shouldFilterTask::packageName = com.truecaller
02-03 21:08:08.044 D/OplusAppListInterceptManager( 1741): shouldFilterTask
02-03 21:08:08.044 D/OplusAppListInterceptManager( 1741): shouldFilterTask::packageName = com.google.android.apps.messaging
02-03 21:08:08.054 D/OplusZoomWindowManagerService( 1741): hideZoomWindow, caller: 2561
02-03 21:08:08.055 D/LockSettingsService( 1741): [getSeparateProfileChallengeEnabled] userId = 999
02-03 21:08:08.057 I/ActivityManager( 1741): updateOomAdj start time is before than pendingPid added, don't delete it
02-03 21:08:08.064 V/WindowManager( 1741): Relayout Window{79e5b u0 com.android.launcher/com.android.launcher.Launcher}: viewVisibility=0, oldvis=8, req=1080x2400
02-03 21:08:08.074 D/InputMethodManagerService( 1741): onHandleImeWindowVisibleStatus: vis = 0, needsToShowImeSwitcher = false
02-03 21:08:08.075 E/OplusZoomWindowManagerService( 1741): hideZoomWindow fail, zoomStack null
02-03 21:08:08.075 V/WindowManager( 1741): Relayout Window{313405c u0 com.android.wallpaper.livepicker.service.smoke.Smoke0WallpaperService}: viewVisibility=0, oldvis=0, req=-1x-1
02-03 21:08:08.083 V/WindowManager( 1741): Relayout Window{43ad301 u0 com.android.launcher/com.android.launcher.Launcher}: viewVisibility=0, oldvis=8, req=1080x2400
02-03 21:08:08.092 D/WindowManager( 1741): finishDrawingWindow: Window{79e5b u0 com.android.launcher/com.android.launcher.Launcher} mDrawState=DRAW_PENDING
02-03 21:08:08.107 V/WindowManager( 1741): Unknown focus tokens, dropping reportFocusChanged
02-03 21:08:08.123 I/Quality ( 2561): Skipped: false 2 cost 34.153755 refreshRate 16550306 bit true processName com.android.launcher
02-03 21:08:08.123 D/WindowManager( 1741): finishDrawingWindow: Window{43ad301 u0 com.android.launcher/com.android.launcher.Launcher} mDrawState=DRAW_PENDING
02-03 21:08:08.133 I/WindowStateExtImpl( 1741): onSurfaceShowChange show = true mPackageName = com.android.launcher parentPkgName = com.android.launcher
02-03 21:08:08.641 D/TaskChangeNotificationControllerExtImpl( 1741): Skip pass Snapshot to listener:android.app.ITaskStackListener$Stub$Proxy@9e2d06d
02-03 21:08:08.643 D/OplusAppListInterceptManager( 1741): shouldFilterTask
02-03 21:08:08.643 D/OplusAppListInterceptManager( 1741): shouldFilterTask::packageName = com.google.android.youtube
02-03 21:08:08.644 D/OplusAppListInterceptManager( 1741): shouldFilterTask
02-03 21:08:08.644 D/OplusAppListInterceptManager( 1741): shouldFilterTask::packageName = com.wholexale.app.staging
02-03 21:08:08.644 D/OplusAppListInterceptManager( 1741): shouldFilterTask
02-03 21:08:08.644 D/OplusAppListInterceptManager( 1741): shouldFilterTask::packageName = com.cricbuzz.android
02-03 21:08:08.644 D/OplusAppListInterceptManager( 1741): shouldFilterTask
02-03 21:08:08.644 D/OplusAppListInterceptManager( 1741): shouldFilterTask::packageName = com.twitter.android
02-03 21:08:08.658 V/WindowManager( 1741): Changing focus from Window{4eb0794 u0 com.google.android.youtube/com.google.android.youtube.app.honeycomb.Shell$HomeActivity} to Window{43ad301 u0 com.android.launcher/com.android.launcher.Launcher},diplayid=0
02-03 21:08:08.664 D/ActivityTaskManager( 1741): onWindowFocusChanged Task{1b1fe44 #6 type=home I=com.android.launcher/.Launcher U=0 rootTaskId=1 visible=true visibleRequested=true mode=fullscreen translucent=false sz=1} would transfer to compact
02-03 21:08:08.675 V/OplusZoomWindowManagerService( 1741): onAnimationFinished:  r = ActivityRecord{7e09ea6 u0 com.google.android.youtube/.app.honeycomb.Shell$HomeActivity} t1546}
02-03 21:08:08.680 D/WindowManager( 1741): Releasing screen wakelock due to Window{4eb0794 u0 com.google.android.youtube/com.google.android.youtube.app.honeycomb.Shell$HomeActivity}
02-03 21:08:08.680 D/OplusAONSmartDim( 1741): onWakeLockReleaseLocked: lock=17688479, flags=0x2000000a, packageName=android, tag="WindowManager", ws=WorkSource{10141}, uid=1000, pid=1741
02-03 21:08:08.680 D/PowerManagerService( 1741): userActivityNoUpdateLocked: groupId=0, eventTime=102046009, event=0, flags=0x1, uid=1000
02-03 21:08:08.696 E/OplusThermalStats( 1741): Error getting package info: com.android.launcher
02-03 21:08:08.697 I/OplusJoystickManager( 1741): handleApplicationSwitch deprecated!
02-03 21:08:08.698 D/OplusFeatureReduceBrightness( 1741): OnAppSwitchObserver: onAppExit , info = OplusAppExitInfo = {  targetName = com.google.android.youtube hasResumingActivity = true resumingPackageName = com.android.launcher resumingActivityName = com.android.launcher.Launcher resumingWindowMode = 1 isResumingMultiApp = false isResumingFirstStart = false extension = Bundle[{taskId=6, uid=10106}]}
02-03 21:08:08.698 D/OplusAppSwitchListener( 1741): Detect com.google.android.youtube switch to background
02-03 21:08:08.698 D/OplusEapManager( 1741): mTargetExitName :com.google.android.youtube
02-03 21:08:08.699 I/OplusSmartBrightnessController( 1741): handleMessage MSG_POWER_BRIGHTNESS_CHANGED.
02-03 21:08:08.701 D/InputMethodManagerService( 1741): isSecurity: attribute.packageName=com.android.launcher mCurMethodId=com.google.android.inputmethod.latin/com.android.inputmethod.latin.LatinIME
02-03 21:08:08.701 D/InputMethodManagerService( 1741): isSecurity= false (  enable=false needShow=false inBlackList=false isExist=true )
02-03 21:08:08.701 D/ColorAutomaticBrightnessController( 1741): MSG_UPDATE_BRIGHTNESS
02-03 21:08:08.702 D/OplusDisplayPowerControllerExtImpl( 1741): original brightness:913 final brightness:913.0 scale:1.0 reason:1 darkLevel:0
02-03 21:08:08.703 D/VRR [OPlusRefreshRateService]( 1741): notifyBrightnessChange brightness: 913.0
02-03 21:08:08.705 D/VRR [OPlusFrontAppManager]( 1741): OnAppSwitchObserver: onAppExit , info.targetName = com.google.android.youtube
02-03 21:08:08.705 D/VRR [OPlusFrontAppManager]( 1741): packageName: null
02-03 21:08:08.705 D/VRR [OPlusRefreshRateService]( 1741): handleFrontAppChange pkgName: null
02-03 21:08:08.705 D/VRR [OPlusExternalRefreshRateManager]( 1741): setFrontPackageName pkgName: null CurPkgName: com.google.android.youtube
02-03 21:08:08.707 D/TaskFragmentExtImpl( 1741): addColorModeOnResume resume=true pkg = com.android.launcher
02-03 21:08:08.707 D/OplusAppSwitchListener( 1741): Detect com.android.launcher switch to foreground
02-03 21:08:08.708 D/OplusEapManager( 1741): mTargetEnterName :com.android.launcher
02-03 21:08:08.708 D/VRR [OPlusFrontAppManager]( 1741): OnAppSwitchObserver: onAppEnter , info.targetName = com.android.launcher
02-03 21:08:08.708 D/VRR [OPlusFrontAppManager]( 1741): packageName: com.android.launcher
02-03 21:08:08.708 D/VRR [OPlusRefreshRateService]( 1741): handleFrontAppChange pkgName: com.android.launcher
02-03 21:08:08.708 D/VRR [OPlusExternalRefreshRateManager]( 1741): setFrontPackageName pkgName: com.android.launcher CurPkgName: null
02-03 21:08:08.712 D/VRR [OPlusRefreshRateService]( 1741):  setFrameRateTargetControl [ 0.0 , com.google.android.youtube , false , com.oplus.battery ]
02-03 21:08:08.712 D/VRR [OPlusRefreshRateService]( 1741):  setFrameRateTargetControl from [0, 1000, android.uid.system:1000]
02-03 21:08:08.712 D/VRR [OPlusExternalRefreshRateManager]( 1741):  [FRTC] FrameRate : 0 com.google.android.youtube false com.oplus.battery 0 1000
02-03 21:08:08.715 I/OplusAppSwitchManagerService( 1741):  handleAppVisible , r = ActivityRecord{c0ace5a u0 com.android.launcher/.Launcher} t6}
02-03 21:08:08.718 D/VRR [OPlusSurfaceFlingerController]( 1741):  add frtc FrameRate : 0 com.google.android.youtube false com.oplus.battery
02-03 21:08:08.727 I/Quality ( 2561): Skipped: true 1 cost 25.411736 refreshRate 16550789 bit true processName com.android.launcher
02-03 21:08:08.735 D/OplusBatteryServiceFeature( 1741): setSmartCoolDown: coolDown = 5, normalCoolDown = 5, pkgName = com.android.launcher
02-03 21:08:08.741 D/OplusBatteryServiceFeature( 1741): setSmartCoolDown: coolDown = 5, normalCoolDown = 5, pkgName = com.android.launcher
02-03 21:08:08.744 D/InputMethodManagerService( 1741): onHandleImeWindowVisibleStatus: vis = 0, needsToShowImeSwitcher = false
02-03 21:08:08.812 D/OplusAppListInterceptManager( 1741): shouldFilterTask
02-03 21:08:08.812 D/OplusAppListInterceptManager( 1741): shouldFilterTask::packageName = com.google.android.youtube
02-03 21:08:08.812 D/OplusAppListInterceptManager( 1741): shouldFilterTask
02-03 21:08:08.812 D/OplusAppListInterceptManager( 1741): shouldFilterTask::packageName = com.wholexale.app.staging
02-03 21:08:08.834 V/WindowManager( 1741): Relayout Window{4eb0794 u0 com.google.android.youtube/com.google.android.youtube.app.honeycomb.Shell$HomeActivity}: viewVisibility=8, oldvis=0, req=1080x2400
02-03 21:08:08.864 W/PresentationStatsEventLogger( 1741): Shouldn't be logging AutofillPresentationEventReported again for same event
02-03 21:08:08.895 V/WindowManager( 1741): Relayout Window{4eb0794 u0 com.google.android.youtube/com.google.android.youtube.app.honeycomb.Shell$HomeActivity}: viewVisibility=8, oldvis=8, req=1080x2400
02-03 21:08:09.207 D/CameraDelegate( 1741): handleMessage:200
02-03 21:08:09.324 D/PowerManagerService( 1741): userActivityNoUpdateLocked: groupId=0, eventTime=102046649, event=2, flags=0x0, uid=1000
--------- beginning of main
02-03 21:08:09.378 I/libPowerHal(  863): [fpsgo_clear_video_pid_thread] 26664, 0xb400007b7fa0e720
02-03 21:08:09.378 E/libPowerHal(  863): Could not open '/sys/kernel/fpsgo/fstb/clear_video_pid'
02-03 21:08:09.378 E/libPowerHal(  863): error : 2, No such file or directory
02-03 21:08:09.379 I/libPowerHal(  863): [perfLockRel] hdl:97305, idx:1
02-03 21:08:09.379 D/C2MtkVdec(  845): [0xF0421228] clearClientPid: perfLockRel mFpsLockHandle 97305 pid 26664
02-03 21:08:09.379 V/C2MtkVdec(  845): Number of instances decreased to 0(c2.mtk.vp9.decoder)
02-03 21:08:09.379 I/libPowerHal(  863): [fpsgo_clear_video_pid_thread] 26664, 0xb400007b7fa0e720
02-03 21:08:09.379 E/libPowerHal(  863): Could not open '/sys/kernel/fpsgo/fstb/clear_video_pid'
02-03 21:08:09.379 E/libPowerHal(  863): error : 2, No such file or directory
02-03 21:08:09.379 I/libPowerHal(  863): [PD] c2@1.2-mediatek update ONESHOT cmd:2084100 param:26664
02-03 21:08:09.380 D/C2MtkVdec(  845): [0xF0421000] onRelease
02-03 21:08:09.380 D/C2MtkVdec(  845): [0xF0421000] mOnCancel
02-03 21:08:09.380 D/C2MtkVdec(  845): [0xF0421000] VCodec destroyed.
02-03 21:08:09.380 D/C2MtkVdec(  845): [0xF0421000] mBMLock lock by onRelease
02-03 21:08:09.380 D/C2MtkVdec(  845): [0xF0421000] ~C2MtkVdec
02-03 21:08:09.380 I/hw-BpHwBinder(26664): onLastStrongRef automatically unlinking death recipients
02-03 21:08:09.380 D/MediaCodec(26664): [0xb4000072efe39000] [c2.mtk.vp9.decoder] kWhatReleaseCompleted
02-03 21:08:09.380 D/MediaCodec(26664): [0xb4000072efe39000] setState: 0
02-03 21:08:09.380 D/MediaCodec(26664): [0xb4000072efe39000] [c2.mtk.vp9.decoder] disconnectFromSurface: mSurface 0xb40000725aa99000
02-03 21:08:09.380 D/SurfaceUtils(26664): disconnecting from surface 0xb40000725aa99010, reason disconnectFromSurface
02-03 21:08:09.383 D/C2MtkVdecExt(  845): [0xF042D010] ~ExtImpl
02-03 21:08:09.383 D/C2MtkBufferManager(  845): [0xEF5A3550] mFetchLock by cancelAllBuffers
02-03 21:08:09.383 D/C2MtkBufferManager(  845): [0xEF5A3550]   mBufferLock by cancelAllBuffers
02-03 21:08:09.385 D/MediaCodec(26664): flushMediametrics
02-03 21:08:09.386 D/MediaCodec(26664): [0xb4000072efe39000] ~MediaCodec
02-03 21:08:09.386 D/MediaCodec(26664): flushMediametrics
02-03 21:08:09.387 D/OplusCCodec(26664): ~OplusCCodec [145]: (0xb4000072baaaa440)
02-03 21:08:09.387 D/C2MtkBufferManager(  845): [0xEF5A3550] cancelAllBuffers, Free all Buffers Done!
02-03 21:08:09.387 D/C2MtkBufferManager(  845): [0xEF5A3550] ~C2MtkBufferManager
02-03 21:08:09.387 D/AtlasEventUploadUtils(26664): setEvent event:atlas_event_video_monitor_network_switch
02-03 21:08:09.388 D/C2MtkVdec(  845): [0xf2f6a710] removeInputMemoryUsageEntry: entryCount: 1, totalUsage: 16777216
02-03 21:08:09.388 D/C2MtkComponentStore(  845): onNumberOfVideoInstancesChanged: Decoder 1, Encoder 0
02-03 21:08:09.388 V/C2MtkVdec(  845): Number of instances for debug decreased to 0(c2.mtk.vp9.decoder)
02-03 21:08:09.388 D/C2MtkVdec(  845): [0xF2F6A710] VCodec destroyed.
02-03 21:08:09.388 D/OplusAtlas.OplusAtlasEventDispatch( 3289): setEvent:atlas_event_video_monitor_network_switch info:STOP,26664,Key,-5476376652560876544
02-03 21:08:09.388 D/OplusAtlasVideo( 3289): callback success event:atlas_event_video_monitor_network_switch eventInfo:STOP,26664,Key,-5476376652560876544
02-03 21:08:09.389 V/C2MtkVdec(  845): in DestroyCodec2Vp9Factory
02-03 21:08:09.389 V/C2MtkVdec(  845): in DestroyCodec2Vp9Factory
02-03 21:08:09.415 I/libPowerHal(  863): [perfLockRel] hdl:97326, idx:3
02-03 21:08:09.415 I/libPowerHal(  863): [PD] MTKPOWER_HINT_APP_TOUCH update cmd:3408600 param:0
02-03 21:08:09.438 D/CompatibilityChangeReporter( 1741): Compat change id reported: 161252188; UID 10853; state: DISABLED
02-03 21:08:09.439 I/ActivityTaskManager( 1741): START u0 {act=android.intent.action.MAIN cat=[android.intent.category.LAUNCHER] flg=0x10200000 cmp=com.wholexale.app.staging/com.wholexale.app.MainActivity bnds=[859,1091][1065,1393] mCallingUid=10106} from uid 10106
02-03 21:08:09.439 D/MultiApp.CMAService( 1741): changeIntentIfNeed --- from launcher
02-03 21:08:09.439 I/mtkpower_client( 1741): perf_lock_rel, hdl:97327, tid:2265
02-03 21:08:09.440 I/mtkpower_client( 1741): perf_lock_acq, hdl:97327, dur:0, num:10, tid:2265
02-03 21:08:09.440 I/libPowerHal(  863): [perfLockRel] hdl:97327, idx:0
02-03 21:08:09.440 I/libPowerHal(  863): system_server: cpu_ctrl set cpu freq: -1 -1 -1 -1
02-03 21:08:09.440 I/libPowerHal(  863): [PD] system_server update cmd:1c3c000 param:1
02-03 21:08:09.440 I/libPowerHal(  863): [PD] (more) /proc/mcdi/state set +prefix:enable 1;
02-03 21:08:09.440 I/libPowerHal(  863): [PD] system_server update cmd:2004100 param:2
02-03 21:08:09.441 D/CompatibilityChangeReporter( 1741): Compat change id reported: 194480991; UID 10853; state: ENABLED
02-03 21:08:09.441 I/mtkpower_client( 1741): ret_hdl:97328
02-03 21:08:09.442 I/libPowerHal(  863): system_server: cpu_ctrl set cpu freq: 1275000 -1 2200000 -1
02-03 21:08:09.442 V/OplusZoomWindowManagerService( 1741): windowMode: 0 ,stack: Task{8961342 #1564 type=standard A=10853:com.wholexale.app.staging U=0 visible=false visibleRequested=false mode=fullscreen translucent=true sz=1}
02-03 21:08:09.443 I/mtkpower@impl(  863): [setMode] type:5, enabled:1
02-03 21:08:09.444 I/libPowerHal(  863): LAUNCH: cpu_ctrl set cpu freq: 2000000 -1 2200000 -1
02-03 21:08:09.445 D/ActivityTaskManager( 1741): onWindowFocusChanged Task{8961342 #1564 type=standard A=10853:com.wholexale.app.staging U=0 visible=true visibleRequested=false mode=fullscreen translucent=true sz=1} would transfer to compact
02-03 21:08:09.445 I/InputDispatcher( 1741): setFocusedApplication displayId=0 ActivityRecord{c9b3551 u0 com.wholexale.app.staging/com.wholexale.app.MainActivity} t1564}
02-03 21:08:09.445 I/mtkpower_client( 1741): perf_lock_rel, hdl:97328, tid:2265
02-03 21:08:09.446 V/WindowManager( 1741): Changing focus from Window{43ad301 u0 com.android.launcher/com.android.launcher.Launcher} to null,diplayid=0
02-03 21:08:09.446 I/mtkpower_client( 1741): perf_lock_acq, hdl:97328, dur:0, num:10, tid:2265
02-03 21:08:09.446 I/libPowerHal(  863): [perfLockRel] hdl:97328, idx:0
02-03 21:08:09.446 I/libPowerHal(  863): [PD] system_server update cmd:1c3c000 param:1
02-03 21:08:09.446 I/libPowerHal(  863): [PD] (more) /proc/mcdi/state set +prefix:enable 1;
02-03 21:08:09.446 I/libPowerHal(  863): [PD] system_server update cmd:2004100 param:2
02-03 21:08:09.446 D/Theia.NoFocusWindow( 1741): FocusWindowErrorScene CheckFreezeScreen
02-03 21:08:09.447 I/mtkpower_client( 1741): ret_hdl:97330
02-03 21:08:09.447 I/mtkpower_client( 1741): perf_lock_rel, hdl:97330, tid:2265
02-03 21:08:09.447 I/mtkpower_client( 1741): perf_lock_acq, hdl:97330, dur:0, num:10, tid:2265
02-03 21:08:09.447 I/libPowerHal(  863): [perfLockRel] hdl:97330, idx:0
02-03 21:08:09.447 I/libPowerHal(  863): [PD] system_server update cmd:1c3c000 param:1
02-03 21:08:09.448 I/libPowerHal(  863): [PD] (more) /proc/mcdi/state set +prefix:enable 1;
02-03 21:08:09.448 I/libPowerHal(  863): [PD] system_server update cmd:2004100 param:2
02-03 21:08:09.448 D/ActivityTaskManager( 1741): getStartingWindowType: newTask=false, taskSwitch=true, processRunning=true, allowTaskSnapshot=true, activityCreated=true, snapshot=TaskSnapshot{ mId=1770133071119 mTopActivityComponent=com.wholexale.app.staging/com.wholexale.app.MainActivity mSnapshot=android.hardware.HardwareBuffer@e82abbe (1080x2400) mColorSpace=sRGB IEC61966-2.1 (id=0, model=RGB) mOrientation=1 mRotation=0 mTaskSize=Point(1080, 2400) mContentInsets=[0,110][0,0] mLetterboxInsets=[0,0][0,0] mIsLowResolution=false mIsRealSnapshot=true mWindowingMode=1 mAppearance=0 mIsTranslucent=false mHasImeSurface=false, record:ActivityRecord{c9b3551 u0 com.wholexale.app.staging/com.wholexale.app.MainActivity} t1564}
02-03 21:08:09.448 I/mtkpower_client( 1741): ret_hdl:97331
02-03 21:08:09.450 I/PowerHalWrapper( 1741): <amsBoostResume> last:com.android.launcher, next:com.wholexale.app.staging 
02-03 21:08:09.450 D/PhoneStartingWindowTypeAlgorithm( 2210): preferredStartingWindowType newTask=false, taskSwitch=true, processRunning=true, allowTaskSnapshot=true, activityCreated=true, isSolidColorSplashScreen=false, legacySplashScreen=false, activityDrawn=true, topIsHome=false
02-03 21:08:09.454 D/CompatibilityChangeReporter( 1741): Compat change id reported: 194833441; UID 10853; state: ENABLED
02-03 21:08:09.454 D/OplusUIFirst_FB( 1741): com.wholexale.app.staging activity event: []
02-03 21:08:09.454 D/OplusUIFirst_FB( 1741): List of ThreadOp: size=0 []
02-03 21:08:09.456 D/CompatibilityChangeReporter( 1741): Compat change id reported: 168419799; UID 10853; state: DISABLED
02-03 21:08:09.456 D/OplusFullScreenDisplayManager( 1741): adjustWindowParamsLw com.wholexale.app.staging, no change cutoutMode: 0
02-03 21:08:09.458 I/WindowManager( 1741): addWindow: New client android.os.BinderProxy@eb341f : window=Window{d00d36c u0 SnapshotStartingWindow for taskId=1564}
02-03 21:08:09.461 D/OplusFullScreenDisplayManager( 1741): adjustWindowParamsLw com.wholexale.app.staging, no change cutoutMode: 0
02-03 21:08:09.461 V/WindowManager( 1741): Relayout Window{d00d36c u0 SnapshotStartingWindow for taskId=1564}: viewVisibility=0, oldvis=8, req=-1x-1
02-03 21:08:09.462 I/BufferQueueDebug(  962): [SnapshotStartingWindow for taskId=1564#37970](this:0xb40000794c9fd9e8,id:-1,api:0,p:-1,c:-1) BufferQueue core=(962:/system/bin/surfaceflinger)
02-03 21:08:09.468 I/FocusResolver( 1741): updateFocusedWindow,  on display 0, reason: Waiting for window because NOT_FOCUSABLE, result:   FocusedWindows: <none>
02-03 21:08:09.468 V/SensorManager( 1741): call sensorServiceCommonInterface name: setScreenShotDisable
02-03 21:08:09.468 D/SensorService( 1741): SensorService sensorServiceCommonInterface = setScreenShotDisable
02-03 21:08:09.468 D/SensorServiceExtImpl( 1741): sensorServiceCommonInterface funcName = setScreenShotDisable, flag = 0, status = 0
02-03 21:08:09.468 D/OplusUIFirst_FB( 1741): com.wholexale.app.staging activity event: []
02-03 21:08:09.469 D/OplusUIFirst_FB( 1741): List of ThreadOp: size=0 []
02-03 21:08:09.469 D/OplusUIFirst_FB( 1741): handleParaSwitch com.wholexale.app.staging null null 1
02-03 21:08:09.469 E/WindowManager( 1741): create RemoteAnimationController com.android.server.wm.RemoteAnimationController@ab9c5ca
02-03 21:08:09.469 I/OplusHansManager ( 1741): front pkg: com.wholexale.app.staging, uid: 10853, prev pkg: com.android.launcher, prev uid: 10106
02-03 21:08:09.469 D/OplusUIFirst_FB( 1741): com.wholexale.app.staging activity event: []
02-03 21:08:09.469 D/OplusUIFirst_FB( 1741): List of ThreadOp: size=0 []
02-03 21:08:09.469 I/OplusHansManager ( 1741): notifyAppGoForeground, uid=10853
02-03 21:08:09.469 D/OplusUIFirst_FB( 1741): handleParaSwitch com.wholexale.app.staging null null 1
02-03 21:08:09.469 I/OplusHansManager ( 1741): notifyAppGoBackground, uid=10106
02-03 21:08:09.469 I/OplusHansManager ( 1741): uid=10853, pkg=com.wholexale.app.staging R exit SM
02-03 21:08:09.469 I/OplusHansManager ( 1741): uid=10853, pkg=com.wholexale.app.staging R exit(), R stay=18
02-03 21:08:09.470 W/ShellStartingWindow( 2210): create TaskSnapshotWindow snapshot frame:Rect(0, 0 - 1080, 2400), tmpFrames:Rect(0, 0 - 1080, 2400)
02-03 21:08:09.470 I/Osense-DecisionMaker( 1741): notifySceneToAthenaPolicy: SCENE_APP_SWITCH, bundle: Bundle[{prevPkgName=com.android.launcher, curUid=10853, curPkgName=com.wholexale.app.staging, prevUid=10106}]
02-03 21:08:09.470 I/OplusResourcePreloadManager( 1741): resume pkg: com.wholexale.app.staging, uid:10853, prev pkg: com.android.launcher, prev uid: 10106
02-03 21:08:09.470 D/VRI[MainActivity](25078): dispatchAppVisibility visible:true
02-03 21:08:09.470 I/Osense-DecisionMaker( 1741): scene: SCENE_APP_SWITCH, excutingPolicy: freezer
02-03 21:08:09.471 D/Osense-DecisionMaker( 1741): invoke freezer policy,type: fast
02-03 21:08:09.472 I/OplusJoystickManager( 1741): handleApplicationSwitch deprecated!
02-03 21:08:09.472 I/PowerHalWrapper( 1741): amsBoostNotify pid:25078,activity:com.wholexale.app.MainActivity, package:com.wholexale.app.staging, mProcessCreatePackcom.wholexale.app.staging 
02-03 21:08:09.472 I/PowerHalWrapper( 1741): state: 1 
02-03 21:08:09.472 D/OplusAppSwitchListener( 1741): Detect com.android.launcher switch to background
02-03 21:08:09.472 D/OplusEapManager( 1741): mTargetExitName :com.android.launcher
02-03 21:08:09.472 I/mtkpower_client( 1741): [Legacy][PowerHal_Wrap_notifyAppState] com.wholexale.app.staging/com.wholexale.app.MainActivity pid=25078 state:1
02-03 21:08:09.472 I/game_scn( 1741): collectForegroundAppList packName=com.wholexale.app.staging, actName=com.wholexale.app.MainActivity, pid=25078, uid=10853, state:RESUMED
02-03 21:08:09.472 I/PowerHalWrapper( 1741): amsBoostNotify AMS_BOOST_PROCESS_CREATE_BOOST:false 
02-03 21:08:09.472 I/libPowerHal(  863): [perfNotifyAppState] foreground:com.wholexale.app.staging, pid:25078, uid:10853
02-03 21:08:09.473 V/DCSEX-AppSwitchManager( 1741): OnAppSwitchObserver: onAppExit, resuming = com.wholexale.app.staging, target = com.android.launcher, is ResumingFirstStart =  false, is ResumingMultiApp =  false, extensionInfo =  Bundle[{taskId=1564, uid=10853}]
02-03 21:08:09.473 E/UxUtility(  863): notifyAppState error = NULL
02-03 21:08:09.473 I/TouchUtility(  863): notifyAppState error = NULL
02-03 21:08:09.473 D/VRR [OPlusFrontAppManager]( 1741): OnAppSwitchObserver: onAppExit , info.targetName = com.android.launcher
02-03 21:08:09.473 D/VRR [OPlusFrontAppManager]( 1741): packageName: null
02-03 21:08:09.473 D/VRR [OPlusRefreshRateService]( 1741): handleFrontAppChange pkgName: null
02-03 21:08:09.473 D/VRR [OPlusExternalRefreshRateManager]( 1741): setFrontPackageName pkgName: null CurPkgName: com.android.launcher
02-03 21:08:09.473 D/DCSEX-AppLaunchEventRecorder( 1741): onAppSwitch from = com.android.launcher to = com.wholexale.app.staging
02-03 21:08:09.474 I/mtkpower@impl(  863): [notifyAppState] pc:0, com.android.launcher => com.wholexale.app.staging
02-03 21:08:09.475 D/OplusAppSwitchListener( 1741): Detect com.wholexale.app.staging switch to foreground
02-03 21:08:09.475 D/OplusEapManager( 1741): mTargetEnterName :com.wholexale.app.staging
02-03 21:08:09.475 D/OplusLatencyOptimizerManager( 1741): enter pkg: com.wholexale.app.staging isPrevBlackAppTop: false mIsBlackAppTop: false
02-03 21:08:09.475 E/OplusThermalStats( 1741): Error getting package info: com.wholexale.app.staging
02-03 21:08:09.475 E/Athena  ( 1741): MemoryGuardAction: handleAppChange
02-03 21:08:09.475 V/DCSEX-AppSwitchManager( 1741): OnAppSwitchObserver: onAppEnter, launchedFrom =  com.android.shell, target =  com.wholexale.app.staging, is firstStart =  false, is multiApp =  false, extensionInfo =  Bundle[{taskId=1564, pid=25078, uid=10853, versionCode=1}]
02-03 21:08:09.475 D/VRR [OPlusFrontAppManager]( 1741): OnAppSwitchObserver: onAppEnter , info.targetName = com.wholexale.app.staging
02-03 21:08:09.475 D/VRR [OPlusFrontAppManager]( 1741): packageName: com.wholexale.app.staging
02-03 21:08:09.476 I/Athena  ( 2533): AthenaDynamicReceiver: pre_app:com.android.launcher, next_app:com.wholexale.app.staging(10853|25078)
02-03 21:08:09.477 D/TaskFragmentExtImpl( 1741): addColorModeOnResume resume=true pkg = com.wholexale.app.staging
02-03 21:08:09.478 D/VRR [OPlusRefreshRateService]( 1741): handleFrontAppChange pkgName: com.wholexale.app.staging
02-03 21:08:09.478 D/VRR [OPlusExternalRefreshRateManager]( 1741): setFrontPackageName pkgName: com.wholexale.app.staging CurPkgName: null
02-03 21:08:09.478 W/Battery ( 6226): ThermalControlUtils: mForegroundPkg=com.wholexale.app.staging
02-03 21:08:09.478 D/VRR [OPlusRefreshRateService]( 1741):  setFrameRateTargetControl [ 0.0 , com.android.launcher , false , com.oplus.battery ]
02-03 21:08:09.478 D/VRR [OPlusRefreshRateService]( 1741):  setFrameRateTargetControl from [0, 1000, android.uid.system:1000]
02-03 21:08:09.478 D/VRR [OPlusExternalRefreshRateManager]( 1741):  [FRTC] FrameRate : 0 com.android.launcher false com.oplus.battery 0 1000
02-03 21:08:09.478 D/VRR [OPlusSurfaceFlingerController]( 1741):  add frtc FrameRate : 0 com.android.launcher false com.oplus.battery
02-03 21:08:09.478 I/VRR [FRTC](  962): setFrameRateTarget with [0, com.android.launcher, 0, com.oplus.battery, 1, 0, 1000]
02-03 21:08:09.479 W/VRR [FRTC](  962): invalid param { fps 0, proc_name com.android.launcher, strict_mode 0, description com.oplus.battery, proc_id 0, rate_status 0, backend Surface, version 1, pid 0, uid 1000, enable at 2026-02-03 21:08:09, disable waiting } for current status.
02-03 21:08:09.479 W/VRR [FRTC](  962): CurrentTarget size 0:
02-03 21:08:09.479 D/VRI[MainActivity](25078): setWindowStopped stopped:false
02-03 21:08:09.482 I/PowerHalWrapper( 1741): amsBoostNotify pid:2561,activity:com.android.launcher.Launcher, package:com.android.launcher, mProcessCreatePackcom.wholexale.app.staging 
02-03 21:08:09.482 I/PowerHalWrapper( 1741): state: 0 
02-03 21:08:09.482 I/mtkpower_client( 1741): [Legacy][PowerHal_Wrap_notifyAppState] com.android.launcher/com.android.launcher.Launcher pid=2561 state:0
02-03 21:08:09.482 I/game_scn( 1741): collectForegroundAppList packName=com.android.launcher, actName=com.android.launcher.Launcher, pid=2561, uid=10106, state:PAUSED
02-03 21:08:09.482 I/PowerHalWrapper( 1741): amsBoostNotify AMS_BOOST_PROCESS_CREATE_BOOST:false 
02-03 21:08:09.482 D/VRI[Launcher]( 2561): onFocusEvent false
02-03 21:08:09.483 D/OplusLayer(  962): (37970,SnapshotStartingWindow for taskId=1564#37970,com.android.systemui) setBuffer
02-03 21:08:09.484 W/Battery ( 6226): ThermalControllHandler: tempLevel=6,userMode=3,gameUserMode=-1,appType=-1,envTempType=1,appStates=[],appSwitchSafetyMode=false
02-03 21:08:09.484 W/Battery ( 6226): ThermalControllerCenter: mSafetyState=10000
02-03 21:08:09.486 D/WindowManager( 1741): finishDrawingWindow: Window{d00d36c u0 SnapshotStartingWindow for taskId=1564} mDrawState=DRAW_PENDING
02-03 21:08:09.487 D/WindowManager( 1741): finishDrawingWindow: Window{d00d36c u0 SnapshotStartingWindow for taskId=1564} mDrawState=COMMIT_DRAW_PENDING
02-03 21:08:09.488 W/Battery ( 6226): ThermalControllHandler: tempGear=6,configItemName=common_config
02-03 21:08:09.489 D/OplusBatteryServiceFeature( 1741): setSmartCoolDown: coolDown = 5, normalCoolDown = 5, pkgName = com.wholexale.app.staging
02-03 21:08:09.490 D/vendor.oplus.hardware.charger@1.0-service(  893): set cooldown:5,  normalCoolDown:5
02-03 21:08:09.492 W/Battery ( 6226): ThermalControllHandler: MSG_THERMAL_CONTROL_CATEGORY_CHANGED
02-03 21:08:09.492 D/OplusSplitScreenManagerService( 1741): isDragToSplitState mOplusSpiltScreenDnDUI is null, just return!
02-03 21:08:09.492 D/OplusSplitScreenManagerService( 1741): isDragToSplitState mOplusSpiltScreenDnDUI is null, just return!
02-03 21:08:09.492 D/OplusSplitScreenManagerService( 1741): isDragToSplitState mOplusSpiltScreenDnDUI is null, just return!
02-03 21:08:09.505 I/WindowStateExtImpl( 1741): onSurfaceShowChange show = true mPackageName = com.wholexale.app.staging parentPkgName = com.wholexale.app.staging
02-03 21:08:09.507 D/ActivityOptionsCompat( 2561): IRemoteAnimationRunner call onStart
02-03 21:08:09.508 E/SimulationInteractor( 2561): tryGetAnimationPainterInstance error:com.oplus.painteranimationpanel.api.AnimPainterInstance
02-03 21:08:09.509 D/OplusFullScreenDisplayManager( 1741): adjustWindowParamsLw com.wholexale.app.staging, no change cutoutMode: 0
02-03 21:08:09.509 V/WindowManager( 1741): Relayout Window{a72305 u0 com.wholexale.app.staging/com.wholexale.app.MainActivity}: viewVisibility=0, oldvis=8, req=1080x2400
02-03 21:08:09.510 I/BufferQueueDebug(  962): [com.wholexale.app.staging/com.wholexale.app.MainActivity#37976](this:0xb400007963f949e8,id:-1,api:0,p:-1,c:-1) BufferQueue core=(962:/system/bin/surfaceflinger)
02-03 21:08:09.514 V/WindowManager( 1741): Changing focus from null to Window{a72305 u0 com.wholexale.app.staging/com.wholexale.app.MainActivity},diplayid=0
02-03 21:08:09.516 D/Layer   (  962): reparent to null sequence=37966, seq[1], name=Surface(name=9a49e9b StatusBar)/@0x32ac83a - animation-leash of insets_animation#37966
02-03 21:08:09.516 D/Layer   (  962): reparent to null sequence=37967, seq[2], name=Surface(name=f376551 NavigationBar0)/@0x9151ceb - animation-leash of insets_animation#37967
02-03 21:08:09.517 D/Theia.NoFocusWindow( 1741): FocusWindowErrorScene cancelCheckFreezeScreen
02-03 21:08:09.518 D/IconConfigParser( 2561): parseConfig::icon config =: IconConfig = [ isForeign : true,theme : 2,iconSize : 5000,iconShape : 0,foregroundSize : 5600,artPlusOn : 0,iconRadius ï¼š36,darkModeIcon:1,localSpecial:false,iconThemeEnable:false ]
02-03 21:08:09.519 D/OplusUIFirst_FB( 1741): com.wholexale.app.staging moveToTop:[]
02-03 21:08:09.519 D/OplusUIFirst_FB( 1741): List of ThreadOp: size=0 []
02-03 21:08:09.519 D/OplusUIFirst_FB( 1741): com.wholexale.app.staging boost hint: 25078
02-03 21:08:09.519 D/OplusUIFirst_FB( 1741): handleParaSwitch com.wholexale.app.staging null null 0
02-03 21:08:09.520 D/[OSIE]  (  962): scltmLayer_name VRI[MainActivity][com.wholexale.app.staging/com.wholexale.app.MainActivity]
02-03 21:08:09.521 D/[OSIE]  (  962): IsSCLTMLayer=0 
02-03 21:08:09.521 D/BufferQueueConsumer(25078): [](id:61f600000001,api:0,p:-1,c:25078) connect: controlledByApp=false
02-03 21:08:09.522 E/IPCThreadState(25078): attemptIncStrongHandle(54): Not supported
02-03 21:08:09.523 I/mtkpower_client( 1741): perf_lock_rel, hdl:97331, tid:2265
02-03 21:08:09.523 I/mtkpower_client( 1741): perf_lock_acq, hdl:97331, dur:0, num:12, tid:2265
02-03 21:08:09.523 I/libPowerHal(  863): [perfLockRel] hdl:97331, idx:0
02-03 21:08:09.523 I/libPowerHal(  863): [PD] system_server update cmd:1c3c000 param:1
02-03 21:08:09.523 I/libPowerHal(  863): [PD] (more) /proc/mcdi/state set +prefix:enable 1;
02-03 21:08:09.523 I/libPowerHal(  863): [PD] system_server update cmd:2004100 param:2
02-03 21:08:09.524 D/VRI[MainActivity](25078): registerCallbacksForSync syncBuffer=false
02-03 21:08:09.524 I/mtkpower_client( 1741): ret_hdl:97333
02-03 21:08:09.525 I/libPowerHal(  863): [setGPUFreq] system_server user set gpu freq min:17, max:-1
02-03 21:08:09.525 I/libPowerHal(  863): system_server: set gpu opp level: 17
02-03 21:08:09.526 D/OplusUIFirst_FB( 1741): com.wholexale.app.staging toForeOps: []
02-03 21:08:09.526 D/OplusUIFirst_FB( 1741): List of ThreadOp: size=0 []
02-03 21:08:09.526 I/libPowerHal(  863): system_server: set gpu opp level max: 0
02-03 21:08:09.526 I/libPowerHal(  863): [setGPUFreq] Soft min/max = (17, 0); Hard min/max = (29, 0)
02-03 21:08:09.526 I/libPowerHal(  863): [setGPUFreq] final min/max = (17, 0)
02-03 21:08:09.526 I/libPowerHal(  863): system_server: set gpu opp level: 17
02-03 21:08:09.526 I/libPowerHal(  863): system_server: set gpu opp level max: 0
02-03 21:08:09.527 D/OplusAtlas.OplusAtlasEventDispatch( 3289): setEvent:atlas_event_on_foreground_activities_changed info:pid:25078,uid:10853,hasForegroundActivities:1
02-03 21:08:09.527 D/OplusAtlas.OplusAudioScene( 3289): callback success event:atlas_event_on_foreground_activities_changed eventInfo:pid:25078,uid:10853,hasForegroundActivities:1
02-03 21:08:09.528 V/DeepThinker( 7781): ProcessManager: onForegroundActivitiesChanged pid:25078, uid:10853, foregroundActivities:true
02-03 21:08:09.528 D/OplusAtlas.OplusMessageHandler( 3289): handleMessage: Msg { when=-1ms what=2 obj=com.oplus.atlas.OplusAtlasEvent@3d8775 target=com.oplus.atlas.OplusMessageHandler$MyHandler }
02-03 21:08:09.529 D/OplusUIFirst_FB( 1741): com.google.android.googlequicksearchbox moveToBack 5675
02-03 21:08:09.531 D/BLASTBufferQueue(25078): [VRI[MainActivity][com.wholexale.app.staging/com.wholexale.app.MainActivity]#1](f:0,a:1) acquireNextBufferLocked size=1080x2400 mFrameNumber=1 applyTransaction=true mTimestamp=102046859518928(auto) mPendingTransactions.size=0 graphicBufferId=107709189849096 transform=0
02-03 21:08:09.531 D/VRI[MainActivity](25078): Received frameCommittedCallback lastAttemptedDrawFrameNum=1 didProduceBuffer=true syncBuffer=false
02-03 21:08:09.531 D/VRI[MainActivity](25078): draw finished.
02-03 21:08:09.532 I/Quality (25078): Skipped: true 1 cost 19.561283 refreshRate 16550450 bit true processName com.wholexale.app.staging
02-03 21:08:09.532 D/PhoneInterfaceManager( 2506): [PhoneIntfMgr] QueryTelephonyChecker-getDataNetworkTypeForSubscriber: packageName = com.android.phone, isGrant = true
02-03 21:08:09.532 D/PhoneInterfaceManager( 2506): [PhoneIntfMgr] QueryTelephonyChecker-getDataNetworkTypeForSubscriber: packageName = com.android.phone, isGrant = true
02-03 21:08:09.532 D/OplusUIFirst_FB( 1741): com.coloros.assistantscreen moveToBack 5725
02-03 21:08:09.533 D/WindowManager( 1741): finishDrawingWindow: Window{a72305 u0 com.wholexale.app.staging/com.wholexale.app.MainActivity} mDrawState=DRAW_PENDING
02-03 21:08:09.533 D/Layer   (  962): reparent to null sequence=37974, seq[1], name=Surface(name=9a49e9b StatusBar)/@0x32ac83a - animation-leash of insets_animation#37974
02-03 21:08:09.533 D/Layer   (  962): reparent to null sequence=37975, seq[2], name=Surface(name=f376551 NavigationBar0)/@0x9151ceb - animation-leash of insets_animation#37975
02-03 21:08:09.533 D/BufferStateLayer(  962): com.wholexale.app.staging/com.wholexale.app.MainActivity#37976 setBuffer frameId=1, bufferId=107709189849096 fenceId=585, w= 1080, h=2400
02-03 21:08:09.533 D/OplusLayer(  962): (37976,com.wholexale.app.staging/com.wholexale.app.MainActivity#37976,com.wholexale.app.staging) setBuffer
02-03 21:08:09.534 D/OplusLayer(  962): ~Layer() sequence=37966, name=Surface(name=9a49e9b StatusBar)/@0x32ac83a - animation-leash of insets_animation#37966
02-03 21:08:09.534 D/OplusLayer(  962): ~Layer() sequence=37967, name=Surface(name=f376551 NavigationBar0)/@0x9151ceb - animation-leash of insets_animation#37967
02-03 21:08:09.540 D/OplusStartingWindowManager( 1741): interceptRemoveStartingWindow: packageName=com.wholexale.app.staging, isSnapshot=true, startingSurfaceRunnable=null
02-03 21:08:09.540 D/OplusSplitScreenManagerService( 1741): notifyRemoveStartingWindow mOplusSpiltScreenDnDUI is null, just return!
02-03 21:08:09.543 I/PowerHalWrapper( 1741): amsBoostStop AMS_BOOST_PACK_SWITCH:true, AMS_BOOST_ACT_SWITCH:false, AMS_BOOST_PROCESS_CREATE:false 
02-03 21:08:09.544 I/libPowerHal(  863): [perfLockRel] hdl:97332, idx:2
02-03 21:08:09.544 I/mtkpower@impl(  863): [setMode] type:5, enabled:0
02-03 21:08:09.545 I/libPowerHal(  863): [perfLockRel] hdl:97329, idx:1
02-03 21:08:09.545 I/libPowerHal(  863): [PD] LAUNCH update cmd:1000000, param:-1
02-03 21:08:09.546 I/libPowerHal(  863): [PD] LAUNCH update cmd:1408300 param:0
02-03 21:08:09.546 D/OplusUIFirst_FB( 1741): com.google.android.googlequicksearchbox toForeOps: []
02-03 21:08:09.546 D/OplusUIFirst_FB( 1741): List of ThreadOp: size=0 []
02-03 21:08:09.550 I/libPowerHal(  863): [PD] LAUNCH update cmd:1000000 param:-1
02-03 21:08:09.553 D/OplusUIFirst_FB( 1741): com.coloros.assistantscreen toForeOps: []
02-03 21:08:09.553 D/OplusUIFirst_FB( 1741): List of ThreadOp: size=0 []
02-03 21:08:09.562 I/bpas    ( 5675): onPause
02-03 21:08:09.568 I/FocusResolver( 1741): updateFocusedWindow, a72305 com.wholexale.app.staging/com.wholexale.app.MainActivity on display 0, reason: Window became focusable. Previous reason: NOT_VISIBLE, result:   FocusedWindows:
02-03 21:08:09.568 I/FocusResolver( 1741):     displayId=0, name='a72305 com.wholexale.app.staging/com.wholexale.app.MainActivity'
02-03 21:08:09.568 I/DispPerfService(  962): updateLayerMask 9
02-03 21:08:09.568 D/VRI[MainActivity](25078): onFocusEvent true
02-03 21:08:09.570 I/mtkpower@impl(  863): [setMode] type:6, enabled:1
02-03 21:08:09.570 E/mtkpower@impl(  863): [setMode] unknown type
02-03 21:08:09.572 D/InputMethodManagerService( 1741): isSecurity: attribute.packageName=com.wholexale.app.staging mCurMethodId=com.google.android.inputmethod.latin/com.android.inputmethod.latin.LatinIME
02-03 21:08:09.572 D/InputMethodManagerService( 1741): isSecurity= false (  enable=false needShow=false inBlackList=false isExist=true )
02-03 21:08:09.574 I/GoogleInputMethodService( 5757): GoogleInputMethodService.onFinishInput():2099 
02-03 21:08:09.575 I/Module  ( 5757): DeviceLockedStatusModuleProvider$Module.updateDeviceLockedStatus():103 repeatCheckTimes = 0, locked = false
02-03 21:08:09.576 I/GoogleInputMethodService( 5757): GoogleInputMethodService.onStartInput():1371 onStartInput(EditorInfo{EditorInfo{packageName=com.wholexale.app.staging, inputType=0, inputTypeString=NULL, enableLearning=false, autoCorrection=false, autoComplete=false, imeOptions=0, privateImeOptions=null, actionName=UNSPECIFIED, actionLabel=null, initialSelStart=-1, initialSelEnd=-1, initialCapsMode=0, label=null, fieldId=-1, fieldName=null, extras=Bundle[{com.oplus.im.SCENES=0}], hintText=null, hintLocales=[]}}, false)
02-03 21:08:09.577 I/Module  ( 5757): DeviceLockedStatusModuleProvider$Module.updateDeviceLockedStatus():103 repeatCheckTimes = 1, locked = false
02-03 21:08:09.580 D/InputMethodManagerService( 1741): onHandleImeWindowVisibleStatus: vis = 0, needsToShowImeSwitcher = false
02-03 21:08:09.582 D/Layer   (  962): reparent to null sequence=37968, seq[3], name=Surface(name=96ba97a InputMethod)/@0x94551ff - animation-leash of insets_animation#37968
02-03 21:08:09.583 D/OplusLayer(  962): ~Layer() sequence=37968, name=Surface(name=96ba97a InputMethod)/@0x94551ff - animation-leash of insets_animation#37968
02-03 21:08:09.584 D/OplusAppListInterceptManager( 1741): shouldFilterTask
02-03 21:08:09.584 D/OplusAppListInterceptManager( 1741): shouldFilterTask::packageName = com.wholexale.app.staging
02-03 21:08:09.584 D/OplusAppListInterceptManager( 1741): shouldFilterTask
02-03 21:08:09.584 D/OplusAppListInterceptManager( 1741): shouldFilterTask::packageName = com.google.android.youtube
02-03 21:08:09.642 W/InputManager-JNI( 1741): Input channel object 'd00d36c SnapshotStartingWindow for taskId=1564 (client)' was disposed without first being removed with the input manager!
02-03 21:08:09.687 I/Quality ( 2561): JankCountInfo: com.android.launcher.Launcher basic:0-0-0 action:0 data:0-0 type:2 stage:0-1-0 type:3 stage:1-0-0 type:4 stage:0-0-0 action:1 data:0-0 type:2 stage:0-0-0 type:3 stage:0-0-0 type:4 stage:0-0-0 type:5 stage:0-0-0 action:2 data:0-0 type:2 stage:0-0-0 type:3 stage:0-0-0 type:4 stage:0-1-0 type:5 stage:0-0-0 type:6 stage:0-0-0 action:6 data:0-0 type:2 stage:2-0-0 type:3 stage:0-0-0 type:4 stage:0-0-0 type:5 stage:0-0-0 type:6 stage:0-0-0 action:8 data:0-0 type:2 stage:0-0-0 type:3 stage:0-0-0 type:5 stage:0-0-0
02-03 21:08:09.712 W/Battery ( 6226): ThermalControllHandler: MSG_THERMAL_CONTROL_STATUS_CHANGED,msg:10
02-03 21:08:09.715 W/Battery ( 6226): ThermalControllHandler: tempLevel=6,userMode=3,gameUserMode=-1,appType=-1,envTempType=1,appStates=[],appSwitchSafetyMode=false
02-03 21:08:09.715 W/Battery ( 6226): ThermalControllerCenter: mSafetyState=10000
02-03 21:08:09.716 W/Battery ( 6226): ThermalControllHandler: tempGear=6,configItemName=common_config
02-03 21:08:09.767 D/OplusAtlas.OplusMessageHandler( 3289): handleMessage: Msg { when=-1ms what=0 target=com.oplus.atlas.OplusMessageHandler$MyHandler }
02-03 21:08:09.770 D/SensorService( 1741): onUidStateChanged uid = 10135, state = UID_STATE_IDLE
02-03 21:08:09.780 I/mtkpower_client( 1741): perf_lock_rel, hdl:97333, tid:2265
02-03 21:08:09.780 V/OplusZoomWindowManagerService( 1741): onAnimationFinished:  r = ActivityRecord{c0ace5a u0 com.android.launcher/.Launcher} t6}
02-03 21:08:09.780 D/VRI[Launcher]( 2561): dispatchAppVisibility visible:false
02-03 21:08:09.780 I/mtkpower_client( 1741): perf_lock_acq, hdl:97333, dur:0, num:10, tid:2265
02-03 21:08:09.780 D/VRI[Launcher]( 5675): dispatchAppVisibility visible:false
02-03 21:08:09.780 I/libPowerHal(  863): [perfLockRel] hdl:97333, idx:0
02-03 21:08:09.780 I/libPowerHal(  863): system_server: cpu_ctrl set cpu freq: -1 -1 -1 -1
02-03 21:08:09.780 I/libPowerHal(  863): [unsetGPUFreq] current min:17, max:0; scn_gpu_min:17, scn_gpu_max:-1; scn_gpu_min(HL):-1, scn_gpu_max(HL):-1
02-03 21:08:09.781 I/libPowerHal(  863): system_server: set gpu opp level: 29
02-03 21:08:09.782 I/libPowerHal(  863): system_server: set gpu opp level max: 0
02-03 21:08:09.782 I/libPowerHal(  863): [setGPUFreq] Soft min/max = (29, 0); Hard min/max = (29, 0)
02-03 21:08:09.782 I/libPowerHal(  863): [setGPUFreq] final min/max = (29, 0)
02-03 21:08:09.782 I/libPowerHal(  863): system_server: set gpu opp level: 29
02-03 21:08:09.782 I/libPowerHal(  863): system_server: set gpu opp level max: 0
02-03 21:08:09.782 I/libPowerHal(  863): [PD] system_server update cmd:1c3c000 param:1
02-03 21:08:09.782 I/libPowerHal(  863): [PD] (more) /proc/mcdi/state set +prefix:enable 1;
02-03 21:08:09.782 I/libPowerHal(  863): [PD] system_server update cmd:2004100 param:2
02-03 21:08:09.782 V/OplusZoomWindowManagerService( 1741): onAnimationFinished:  r = ActivityRecord{c9b3551 u0 com.wholexale.app.staging/com.wholexale.app.MainActivity} t1564}
02-03 21:08:09.782 I/OplusAppSwitchManagerService( 1741):  handleAppVisible , r = ActivityRecord{c9b3551 u0 com.wholexale.app.staging/com.wholexale.app.MainActivity} t1564}
02-03 21:08:09.783 I/mtkpower_client( 1741): ret_hdl:97334
02-03 21:08:09.784 I/libPowerHal(  863): system_server: cpu_ctrl set cpu freq: 2000000 -1 2200000 -1
02-03 21:08:09.785 I/PowerHalWrapper( 1741): amsBoostNotify pid:2561,activity:com.android.launcher.Launcher, package:com.android.launcher, mProcessCreatePackcom.wholexale.app.staging 
02-03 21:08:09.786 I/PowerHalWrapper( 1741): state: 0 
02-03 21:08:09.786 I/mtkpower_client( 1741): [Legacy][PowerHal_Wrap_notifyAppState] com.android.launcher/com.android.launcher.Launcher pid=2561 state:0
02-03 21:08:09.786 I/game_scn( 1741): collectForegroundAppList packName=com.android.launcher, actName=com.android.launcher.Launcher, pid=2561, uid=10106, state:PAUSED
02-03 21:08:09.786 I/PowerHalWrapper( 1741): amsBoostNotify AMS_BOOST_PROCESS_CREATE_BOOST:false 
02-03 21:08:09.788 I/WindowStateExtImpl( 1741): onSurfaceShowChange show = false mPackageName = com.android.launcher parentPkgName = com.android.launcher
02-03 21:08:09.791 D/OplusUIFirst_FB( 1741): com.android.launcher moveToBack 2561
02-03 21:08:09.795 D/OplusUIFirst_FB( 1741): com.google.android.googlequicksearchbox moveToBack 5675
02-03 21:08:09.797 D/Layer   (  962): reparent to null sequence=37972, seq[18], name=Surface(name=Task=6)/@0x9bbd6aa - animation-leash of app_transition#37972
02-03 21:08:09.797 D/Layer   (  962): reparent to null sequence=37971, seq[70], name=Surface(name=Task=1564)/@0xa4607a1 - animation-leash of app_transition#37971
02-03 21:08:09.798 D/Layer   (  962): reparent to null sequence=37973, seq[2], name=Surface(name=WallpaperWindowToken{94e52a3 token=android.os.Binder@45c3e34})/@0x1de629b - animation-leash of window_animation#37973
02-03 21:08:09.799 D/OplusUIFirst_FB( 1741): com.coloros.assistantscreen moveToBack 5725
02-03 21:08:09.800 I/DispPerfService(  962): updateLayerMask 0
02-03 21:08:09.802 I/mtkpower@impl(  863): [setMode] type:6, enabled:0
02-03 21:08:09.802 E/mtkpower@impl(  863): [setMode] unknown type
02-03 21:08:09.806 V/WindowManager( 1741): Relayout Window{43ad301 u0 com.android.launcher/com.android.launcher.Launcher}: viewVisibility=8, oldvis=0, req=1080x2400
