01-23 12:05:47.699 I/libPowerHal(  859): [perfLockRel] hdl:76772, idx:1
01-23 12:05:47.700 I/libPowerHal(  859): [PD] MTKPOWER_HINT_APP_TOUCH update cmd:3408600 param:0
01-23 12:05:47.707 I/ReactNativeJS( 8534): DEBUG: Starting category selection process...
01-23 12:05:47.710 I/ReactNativeJS( 8534): 'DEBUG: Selected category:', { id: 'fashion-lifestyle',
01-23 12:05:47.710 I/ReactNativeJS( 8534):   name: 'Fashion & Lifestyle',
01-23 12:05:47.710 I/ReactNativeJS( 8534):   icon: 'shopping-bag',
01-23 12:05:47.710 I/ReactNativeJS( 8534):   color: '#E91E63',
01-23 12:05:47.710 I/ReactNativeJS( 8534):   subCategories: 
01-23 12:05:47.710 I/ReactNativeJS( 8534):    [ 'Clothing',
01-23 12:05:47.710 I/ReactNativeJS( 8534):      'Footwear',
01-23 12:05:47.710 I/ReactNativeJS( 8534):      'Accessories',
01-23 12:05:47.710 I/ReactNativeJS( 8534):      'Beauty Products',
01-23 12:05:47.710 I/ReactNativeJS( 8534):      'Jewelry',
01-23 12:05:47.710 I/ReactNativeJS( 8534):      'Bags & Luggage' ] }
01-23 12:05:47.712 I/ReactNativeJS( 8534): 'DEBUG: Navigation object:', { replace: [Function],
01-23 12:05:47.712 I/ReactNativeJS( 8534):   push: [Function],
01-23 12:05:47.712 I/ReactNativeJS( 8534):   pop: [Function],
01-23 12:05:47.712 I/ReactNativeJS( 8534):   popToTop: [Function],
01-23 12:05:47.712 I/ReactNativeJS( 8534):   goBack: [Function],
01-23 12:05:47.712 I/ReactNativeJS( 8534):   navigate: [Function],
01-23 12:05:47.712 I/ReactNativeJS( 8534):   reset: [Function],
01-23 12:05:47.712 I/ReactNativeJS( 8534):   setParams: [Function],
01-23 12:05:47.712 I/ReactNativeJS( 8534):   dispatch: [Function: dispatch],
01-23 12:05:47.712 I/ReactNativeJS( 8534):   isFocused: [Function: isFocused],
01-23 12:05:47.712 I/ReactNativeJS( 8534):   canGoBack: [Function: canGoBack],
01-23 12:05:47.712 I/ReactNativeJS( 8534):   getId: [Function: getId],
01-23 12:05:47.712 I/ReactNativeJS( 8534):   getParent: [Function: getParent],
01-23 12:05:47.712 I/ReactNativeJS( 8534):   getState: [Function],
01-23 12:05:47.712 I/ReactNativeJS( 8534):   addListener: [Function: addListener],
01-23 12:05:47.712 I/ReactNativeJS( 8534):   removeListener: [Function: removeListener],
01-23 12:05:47.712 I/ReactNativeJS( 8534):   setOptions: [Function: setOptions] }
01-23 12:05:47.713 I/ReactNativeJS( 8534): 'DEBUG: Route params:', undefined
01-23 12:05:47.713 I/ReactNativeJS( 8534): DEBUG: Saving to Redux store...
01-23 12:05:47.717 I/ReactNativeJS( 8534): DEBUG: Redux store updated successfully
01-23 12:05:47.717 I/ReactNativeJS( 8534): DEBUG: Saving to AsyncStorage...
01-23 12:05:47.795 I/ReactNativeJS( 8534): DEBUG: Starting category flow initialization...
01-23 12:05:47.796 I/ReactNativeJS( 8534): 'DEBUG: Current user:', { id: 'user_123',
01-23 12:05:47.796 I/ReactNativeJS( 8534):   email: 'test@example.com',
01-23 12:05:47.796 I/ReactNativeJS( 8534):   name: 'John Doe',
01-23 12:05:47.796 I/ReactNativeJS( 8534):   userType: 'buyer',
01-23 12:05:47.796 I/ReactNativeJS( 8534):   phone: '+91 9876543210',
01-23 12:05:47.796 I/ReactNativeJS( 8534):   location: { state: 'Maharashtra', city: 'Mumbai', pincode: '400001' },
01-23 12:05:47.796 I/ReactNativeJS( 8534):   verificationStatus: 'verified',
01-23 12:05:47.796 I/ReactNativeJS( 8534):   createdAt: '2026-01-23T06:34:46.702Z',
01-23 12:05:47.796 I/ReactNativeJS( 8534):   lastLoginAt: '2026-01-23T06:34:46.702Z' }
01-23 12:05:47.796 I/ReactNativeJS( 8534): 'DEBUG: Current isCategoryCompleted:', true
01-23 12:05:47.796 I/ReactNativeJS( 8534): DEBUG: Loading category preference from storage...
01-23 12:05:47.806 D/OplusFullScreenDisplayManager( 1748): adjustWindowParamsLw com.wholexale.app.staging, no change cutoutMode: 0
01-23 12:05:47.806 V/WindowManager( 1748): Relayout Window{119b6d1 u0 com.wholexale.app.staging/com.wholexale.app.MainActivity}: viewVisibility=0, oldvis=0, req=1080x2400
01-23 12:05:47.809 I/ReactNativeJS( 8534): 'Category preference saved to AsyncStorage:', 'fashion-lifestyle'
01-23 12:05:47.809 I/ReactNativeJS( 8534): DEBUG: AsyncStorage save completed
01-23 12:05:47.809 I/ReactNativeJS( 8534): DEBUG: Saving to backend...
01-23 12:05:47.810 I/ReactNativeJS( 8534): 'Retrieved category preference from AsyncStorage:', 'fashion-lifestyle'
01-23 12:05:47.822 I/ReactNative( 8534): [GESTURE HANDLER] Tearing down gesture handler registered for root view com.facebook.react.ReactRootView{9d67f9e V.E...... ......ID 0,0-1080,2290 #b}
01-23 12:05:47.823 I/ReactNativeJS( 8534): 'DEBUG: Category preference loaded. Result:', { type: 'category/loadCategoryPreference/fulfilled',
01-23 12:05:47.823 I/ReactNativeJS( 8534):   payload: 
01-23 12:05:47.823 I/ReactNativeJS( 8534):    { categoryId: 'fashion-lifestyle',
01-23 12:05:47.823 I/ReactNativeJS( 8534):      categoryDetails: 
01-23 12:05:47.823 I/ReactNativeJS( 8534):       { id: 'fashion-lifestyle',
01-23 12:05:47.823 I/ReactNativeJS( 8534):         name: 'Fashion & Lifestyle',
01-23 12:05:47.823 I/ReactNativeJS( 8534):         icon: 'shopping-bag',
01-23 12:05:47.823 I/ReactNativeJS( 8534):         color: '#E91E63',
01-23 12:05:47.823 I/ReactNativeJS( 8534):         subCategories: 
01-23 12:05:47.823 I/ReactNativeJS( 8534):          [ 'Clothing',
01-23 12:05:47.823 I/ReactNativeJS( 8534):            'Footwear',
01-23 12:05:47.823 I/ReactNativeJS( 8534):            'Accessories',
01-23 12:05:47.823 I/ReactNativeJS( 8534):            'Beauty Products',
01-23 12:05:47.823 I/ReactNativeJS( 8534):            'Jewelry',
01-23 12:05:47.823 I/ReactNativeJS( 8534):            'Bags & Luggage' ] },
01-23 12:05:47.823 I/ReactNativeJS( 8534):      isCompleted: false },
01-23 12:05:47.823 I/ReactNativeJS( 8534):   meta: 
01-23 12:05:47.823 I/ReactNativeJS( 8534):    { arg: undefined,
01-23 12:05:47.823 I/ReactNativeJS( 8534):      requestId: 'kZ9q6ygcmZuuY0M4Hs3Wd',
01-23 12:05:47.823 I/ReactNativeJS( 8534):      requestStatus: 'fulfilled' } }
01-23 12:05:47.823 I/ReactNativeJS( 8534): DEBUG: Checking if category selection should be shown...
01-23 12:05:47.823 I/ReactNativeJS( 8534): 'DEBUG: Current user state:', { id: 'user_123',
01-23 12:05:47.823 I/ReactNativeJS( 8534):   email: 'test@example.com',
01-23 12:05:47.823 I/ReactNativeJS( 8534):   name: 'John Doe',
01-23 12:05:47.823 I/ReactNativeJS( 8534):   userType: 'buyer',
01-23 12:05:47.823 I/ReactNativeJS( 8534):   phone: '+91 9876543210',
01-23 12:05:47.823 I/ReactNativeJS( 8534):   location: { state: 'Maharashtra', city: 'Mumbai', pincode: '400001' },
01-23 12:05:47.823 I/ReactNativeJS( 8534):   verificationStatus: 'verified',
01-23 12:05:47.823 I/ReactNativeJS( 8534):   createdAt: '2026-01-23T06:34:46.702Z',
01-23 12:05:47.823 I/ReactNativeJS( 8534):   lastLoginAt: '2026-01-23T06:34:46.702Z' }
01-23 12:05:47.823 I/ReactNativeJS( 8534): 'DEBUG: Current isCategoryCompleted:', true
01-23 12:05:47.823 I/ReactNativeJS( 8534): 'DEBUG: isFirstTimeUser calculated as:', false
01-23 12:05:47.823 I/ReactNativeJS( 8534): DEBUG: Starting category flow initialization...
01-23 12:05:47.824 I/ReactNativeJS( 8534): 'DEBUG: Current user:', { id: 'user_123',
01-23 12:05:47.824 I/ReactNativeJS( 8534):   email: 'test@example.com',
01-23 12:05:47.824 I/ReactNativeJS( 8534):   name: 'John Doe',
01-23 12:05:47.824 I/ReactNativeJS( 8534):   userType: 'buyer',
01-23 12:05:47.824 I/ReactNativeJS( 8534):   phone: '+91 9876543210',
01-23 12:05:47.824 I/ReactNativeJS( 8534):   location: { state: 'Maharashtra', city: 'Mumbai', pincode: '400001' },
01-23 12:05:47.824 I/ReactNativeJS( 8534):   verificationStatus: 'verified',
01-23 12:05:47.824 I/ReactNativeJS( 8534):   createdAt: '2026-01-23T06:34:46.702Z',
01-23 12:05:47.824 I/ReactNativeJS( 8534):   lastLoginAt: '2026-01-23T06:34:46.702Z' }
01-23 12:05:47.824 I/ReactNativeJS( 8534): 'DEBUG: Current isCategoryCompleted:', false
01-23 12:05:47.824 I/ReactNativeJS( 8534): DEBUG: Loading category preference from storage...
01-23 12:05:47.825 D/OplusFullScreenDisplayManager( 1748): adjustWindowParamsLw com.wholexale.app.staging, no change cutoutMode: 0
01-23 12:05:47.825 V/WindowManager( 1748): Relayout Window{119b6d1 u0 com.wholexale.app.staging/com.wholexale.app.MainActivity}: viewVisibility=0, oldvis=0, req=1080x2400
01-23 12:05:47.826 I/ReactNativeJS( 8534): 'Retrieved category preference from AsyncStorage:', 'fashion-lifestyle'
01-23 12:05:47.827 I/ReactNativeJS( 8534): 'Retrieved category preference from AsyncStorage:', 'fashion-lifestyle'
01-23 12:05:47.827 I/ReactNativeJS( 8534): 'DEBUG: Category flow check result:', { shouldShow: true,
01-23 12:05:47.827 I/ReactNativeJS( 8534):   reason: 'incomplete_setup',
01-23 12:05:47.827 I/ReactNativeJS( 8534):   user: true,
01-23 12:05:47.827 I/ReactNativeJS( 8534):   isCategoryCompleted: true }
01-23 12:05:47.827 I/ReactNativeJS( 8534): DEBUG: Updating Redux state with category selection decision...
01-23 12:05:47.827 I/ReactNativeJS( 8534): DEBUG: Category flow initialization completed
01-23 12:05:47.835 D/NetworkEvent( 2614): OplusNetworkEventCbProxy invoke.....onDnsEvent argslen:8
01-23 12:05:47.835 D/OplusFullScreenDisplayManager( 1748): adjustWindowParamsLw com.wholexale.app.staging, no change cutoutMode: 0
01-23 12:05:47.835 V/WindowManager( 1748): Relayout Window{119b6d1 u0 com.wholexale.app.staging/com.wholexale.app.MainActivity}: viewVisibility=0, oldvis=0, req=1080x2400
01-23 12:05:47.868 I/ReactNativeJS( 8534): 'DEBUG: Category preference loaded. Result:', { type: 'category/loadCategoryPreference/fulfilled',
01-23 12:05:47.868 I/ReactNativeJS( 8534):   payload: 
01-23 12:05:47.868 I/ReactNativeJS( 8534):    { categoryId: 'fashion-lifestyle',
01-23 12:05:47.868 I/ReactNativeJS( 8534):      categoryDetails: 
01-23 12:05:47.868 I/ReactNativeJS( 8534):       { id: 'fashion-lifestyle',
01-23 12:05:47.868 I/ReactNativeJS( 8534):         name: 'Fashion & Lifestyle',
01-23 12:05:47.868 I/ReactNativeJS( 8534):         icon: 'shopping-bag',
01-23 12:05:47.868 I/ReactNativeJS( 8534):         color: '#E91E63',
01-23 12:05:47.868 I/ReactNativeJS( 8534):         subCategories: 
01-23 12:05:47.868 I/ReactNativeJS( 8534):          [ 'Clothing',
01-23 12:05:47.868 I/ReactNativeJS( 8534):            'Footwear',
01-23 12:05:47.868 I/ReactNativeJS( 8534):            'Accessories',
01-23 12:05:47.868 I/ReactNativeJS( 8534):            'Beauty Products',
01-23 12:05:47.868 I/ReactNativeJS( 8534):            'Jewelry',
01-23 12:05:47.868 I/ReactNativeJS( 8534):            'Bags & Luggage' ] },
01-23 12:05:47.868 I/ReactNativeJS( 8534):      isCompleted: false },
01-23 12:05:47.868 I/ReactNativeJS( 8534):   meta: 
01-23 12:05:47.868 I/ReactNativeJS( 8534):    { arg: undefined,
01-23 12:05:47.868 I/ReactNativeJS( 8534):      requestId: 'CyZk5vlav4tuzLFu0OVyt',
01-23 12:05:47.868 I/ReactNativeJS( 8534):      requestStatus: 'fulfilled' } }
01-23 12:05:47.868 I/ReactNativeJS( 8534): DEBUG: Checking if category selection should be shown...
01-23 12:05:47.868 I/ReactNativeJS( 8534): 'DEBUG: Current user state:', { id: 'user_123',
01-23 12:05:47.868 I/ReactNativeJS( 8534):   email: 'test@example.com',
01-23 12:05:47.868 I/ReactNativeJS( 8534):   name: 'John Doe',
01-23 12:05:47.868 I/ReactNativeJS( 8534):   userType: 'buyer',
01-23 12:05:47.868 I/ReactNativeJS( 8534):   phone: '+91 9876543210',
01-23 12:05:47.868 I/ReactNativeJS( 8534):   location: { state: 'Maharashtra', city: 'Mumbai', pincode: '400001' },
01-23 12:05:47.868 I/ReactNativeJS( 8534):   verificationStatus: 'verified',
01-23 12:05:47.868 I/ReactNativeJS( 8534):   createdAt: '2026-01-23T06:34:46.702Z',
01-23 12:05:47.868 I/ReactNativeJS( 8534):   lastLoginAt: '2026-01-23T06:34:46.702Z' }
01-23 12:05:47.869 I/ReactNativeJS( 8534): 'DEBUG: Current isCategoryCompleted:', false
01-23 12:05:47.869 I/ReactNativeJS( 8534): 'DEBUG: isFirstTimeUser calculated as:', false
01-23 12:05:47.883 E/ReactNativeJS( 8534): 'Error saving category preference to backend:', [TypeError: Network request failed]
01-23 12:05:47.884 I/ReactNativeJS( 8534): DEBUG: Backend save completed
01-23 12:05:47.884 I/ReactNativeJS( 8534): DEBUG: Preparing navigation...
01-23 12:05:47.884 I/ReactNativeJS( 8534): DEBUG: First time selection - resetting navigation to BuyerMain
01-23 12:05:47.884 I/ReactNativeJS( 8534): DEBUG: Attempting navigation reset...
01-23 12:05:47.884 I/ReactNativeJS( 8534): DEBUG: Navigation reset successful
01-23 12:05:47.884 I/ReactNativeJS( 8534): DEBUG: handleContinue completed (success or failure)
01-23 12:05:47.886 E/unknown:ReactNative( 8534): console.error: Error saving category preference to backend: TypeError: Network request failed, js engine: hermes, stack:
01-23 12:05:47.886 E/unknown:ReactNative( 8534): _construct@1:154780
01-23 12:05:47.886 E/unknown:ReactNative( 8534): Wrapper@1:154429
01-23 12:05:47.886 E/unknown:ReactNative( 8534): _callSuper@1:152516
01-23 12:05:47.886 E/unknown:ReactNative( 8534): SyntheticError@1:153907
01-23 12:05:47.886 E/unknown:ReactNative( 8534): reactConsoleErrorHandler@1:153556
01-23 12:05:47.886 E/unknown:ReactNative( 8534): ?anon_0_@1:2399720
01-23 12:05:47.886 E/unknown:ReactNative( 8534): asyncGeneratorStep@1:491894
01-23 12:05:47.886 E/unknown:ReactNative( 8534): _throw@1:492214
01-23 12:05:47.886 E/unknown:ReactNative( 8534): tryCallOne@53:15
01-23 12:05:47.886 E/unknown:ReactNative( 8534): anonymous@139:26
01-23 12:05:47.886 E/unknown:ReactNative( 8534): anonymous@1:171643
01-23 12:05:47.886 E/unknown:ReactNative( 8534): _callTimer@1:170592
01-23 12:05:47.886 E/unknown:ReactNative( 8534): _callReactNativeMicrotasksPass@1:170756
01-23 12:05:47.886 E/unknown:ReactNative( 8534): callReactNativeMicrotasks@1:172726
01-23 12:05:47.886 E/unknown:ReactNative( 8534): __callReactNativeMicrotasks@1:58113
01-23 12:05:47.886 E/unknown:ReactNative( 8534): anonymous@1:57202
01-23 12:05:47.886 E/unknown:ReactNative( 8534): __guard@1:57954
01-23 12:05:47.886 E/unknown:ReactNative( 8534): flushedQueue@1:57113
01-23 12:05:47.886 E/unknown:ReactNative( 8534): callFunctionReturnFlushedQueue@1:56969
01-23 12:05:47.891 I/oplus.android.OplusFrameworkFactoryImpl( 8534): get feature:IOplusDynamicVsyncFeature
01-23 12:05:47.891 I/oplus.android.OplusFrameworkFactoryImpl( 8534): get feature:IOplusDynamicVsyncFeature
01-23 12:05:47.891 I/oplus.android.OplusFrameworkFactoryImpl( 8534): get feature:IOplusDynamicVsyncFeature
01-23 12:05:47.897 I/ReactNativeJS( 8534): 'Retrieved category preference from AsyncStorage:', 'fashion-lifestyle'
01-23 12:05:47.897 I/ReactNativeJS( 8534): 'DEBUG: Category flow check result:', { shouldShow: true,
01-23 12:05:47.897 I/ReactNativeJS( 8534):   reason: 'incomplete_setup',
01-23 12:05:47.897 I/ReactNativeJS( 8534):   user: true,
01-23 12:05:47.897 I/ReactNativeJS( 8534):   isCategoryCompleted: false }
01-23 12:05:47.897 I/ReactNativeJS( 8534): DEBUG: Updating Redux state with category selection decision...
01-23 12:05:47.897 I/ReactNativeJS( 8534): DEBUG: Category flow initialization completed
01-23 12:05:47.899 I/ReactNative( 8534): [GESTURE HANDLER] Initialize gesture handler for root view com.facebook.react.ReactRootView{9d67f9e V.E...... ......ID 0,0-1080,2290 #b}
01-23 12:05:47.915 D/OplusFullScreenDisplayManager( 1748): adjustWindowParamsLw com.wholexale.app.staging, no change cutoutMode: 0
01-23 12:05:47.916 V/WindowManager( 1748): Relayout Window{119b6d1 u0 com.wholexale.app.staging/com.wholexale.app.MainActivity}: viewVisibility=0, oldvis=0, req=1080x2400
01-23 12:05:47.917 I/hwcomposer(  843): [HWC] (0)fire a callback of refresh to SF[4]  
01-23 12:05:47.926 I/Quality ( 8534): Skipped: true 1 cost 26.37062 refreshRate 16553221 bit true processName com.wholexale.app.staging
01-23 12:05:48.041 I/hwcomposer(  843): [HWC] (0)fire a callback of refresh to SF[4]  
01-23 12:05:48.381 I/hwcomposer(  843): [HWC] (0)fire a callback of refresh to SF[4]  
01-23 12:05:48.440 I/OplusHansManager ( 1748): uid=10245, pkg=in.amazon.mShop.android.shopping can transition from M to F
01-23 12:05:48.440 I/OplusHansManager ( 1748): uid=10245, pkg=in.amazon.mShop.android.shopping F enter(), M stay=10
01-23 12:05:48.445 I/OplusHansManager ( 1748): freeze uid: 10245 in.amazon.mShop.android.shopping pids: [8302, 13278] scene: LcdOn
01-23 12:05:48.446 D/IHansComunication( 6221): HansComunication::addUid-- 10245, persistent--0
01-23 12:05:48.447 D/IHansComunication( 6221): HANS sendMessageToKernel: threadId = 516689218736, netLinkSetup = 1, type = PKG, targetUid = 10245, pkgCmd = ADD_ONE_UID
01-23 12:05:48.550 I/thermal_repeater( 1170): [recvMdThermalInfo] ret=26, strLen=127,  3, 40, -50, 197, 32767, 1
01-23 12:05:48.630 D/AALLightSensor( 1193): oldLux=0 [SA:0 LA:0] newLux=0 (oriLux: 0)
01-23 12:05:48.726 D/OGG_Detector( 1748): D:done mCurrStatus: 0
01-23 12:05:48.726 D/PowerManagerService( 1748): userActivityNoUpdateLocked: groupId=0, eventTime=121789797, event=2, flags=0x0, uid=1000
01-23 12:05:48.726 D/NoBackGesture( 2225): Start gesture: MotionEvent { action=ACTION_DOWN, actionButton=0, id[0]=0, x[0]=110.0, y[0]=999.5, toolType[0]=TOOL_TYPE_FINGER, buttonState=0, classification=NONE, metaState=0, flags=0x0, edgeFlags=0x0, pointerCount=1, historySize=0, eventTime=121789797, downTime=121789797, deviceId=4, source=0x1002, displayId=0, eventId=592492442 }
01-23 12:05:48.727 D/NoBackGesture( 2225): Not in side gesture area
01-23 12:05:48.826 I/libPowerHal(  859): [perfLockRel] hdl:76773, idx:1
01-23 12:05:48.826 I/hwcomposer(  843): [HWC] (0)fire a callback of refresh to SF[4]  
01-23 12:05:48.827 D/PowerManagerService( 1748): userActivityNoUpdateLocked: groupId=0, eventTime=121789899, event=2, flags=0x0, uid=1000
01-23 12:05:48.827 I/libPowerHal(  859): [PD] MTKPOWER_HINT_APP_TOUCH update cmd:3408600 param:0
01-23 12:05:48.883 D/OplusFullScreenDisplayManager( 1748): adjustWindowParamsLw com.wholexale.app.staging, no change cutoutMode: 0
01-23 12:05:48.883 V/WindowManager( 1748): Relayout Window{119b6d1 u0 com.wholexale.app.staging/com.wholexale.app.MainActivity}: viewVisibility=0, oldvis=0, req=1080x2400
01-23 12:05:48.953 D/OplusTelephonyController( 2568): onSignalStrengthChanged: SignalStrength=SignalStrength:{mCdma=CellSignalStrengthCdma: cdmaDbm=2147483647 cdmaEcio=2147483647 evdoDbm=2147483647 evdoEcio=2147483647 evdoSnr=2147483647 level=0,mGsm=CellSignalStrengthGsm: rssi=2147483647 ber=2147483647 mTa=2147483647 mLevel=0,mWcdma=CellSignalStrengthWcdma: ss=2147483647 ber=2147483647 rscp=2147483647 ecno=2147483647 level=0,mTdscdma=CellSignalStrengthTdscdma: rssi=2147483647 ber=2147483647 rscp=2147483647 level=0,mLte=CellSignalStrengthLte: rssi=2147483647 rsrp=-116 rsrq=-10 rssnr=7 cqiTableIndex=2147483647 cqi=0 ta=0 level=2 parametersUseForLevel=0,mNr=CellSignalStrengthNr:{ csiRsrp = 2147483647 csiRsrq = 2147483647 csiCqiTableIndex = 2147483647 csiCqiReport = [] ssRsrp = 2147483647 ssRsrq = 2147483647 ssSinr = 2147483647 level = 0 parametersUseForLevel = 0 },primary=CellSignalStrengthLte}, phoneId=0, mMtkLevel=0, mMtkRsrpOnly=false, mMtkLteRsrpThreshold=null, mMtkLteRssnrThreshold=null
