01-23 11:49:46.125 D/VRR [OPlusRefreshRateService]( 1748): notifyBrightnessChange brightness: 757.0
01-23 11:49:46.155 D/DisplayPowerState[0]( 1748): setColorFadeLevel: level=0.98429155
01-23 11:49:46.172 D/DisplayPowerState[0]( 1748): setColorFadeLevel: level=0.9343158
01-23 11:49:46.189 D/DisplayPowerState[0]( 1748): setColorFadeLevel: level=0.8535534
01-23 11:49:46.205 D/DisplayPowerState[0]( 1748): setColorFadeLevel: level=0.75452065
01-23 11:49:46.222 D/DisplayPowerState[0]( 1748): setColorFadeLevel: level=0.63193655
01-23 11:49:46.238 D/DisplayPowerState[0]( 1748): setColorFadeLevel: level=0.5078536
01-23 11:49:46.256 D/DisplayPowerState[0]( 1748): setColorFadeLevel: level=0.37565517
01-23 11:49:46.272 D/DisplayPowerState[0]( 1748): setColorFadeLevel: level=0.25912303
01-23 11:49:46.288 D/DisplayPowerState[0]( 1748): setColorFadeLevel: level=0.15204358
01-23 11:49:46.305 D/DisplayPowerState[0]( 1748): setColorFadeLevel: level=0.073679864
01-23 11:49:46.321 D/DisplayPowerState[0]( 1748): setColorFadeLevel: level=0.019853115
01-23 11:49:46.338 D/DisplayPowerState[0]( 1748): setColorFadeLevel: level=6.169081E-5
01-23 11:49:46.354 D/DisplayPowerState[0]( 1748): setColorFadeLevel: level=0.0
01-23 11:49:46.355 D/OplusDisplayPowerControllerExtImpl( 1748): RECORD: Animation finished when screen is off
01-23 11:49:46.355 D/OplusDisplayPowerControllerExtImpl( 1748): [onGoToSleepFinish]
01-23 11:49:46.361 D/DisplayPowerState[0]( 1748): updateRunnable run fadeLevle=0.0 state=ON brightness changed:757.0->-1.0
01-23 11:49:46.362 I/DisplayPowerController[0]( 1748): Blocking screen off
01-23 11:49:46.362 I/DisplayPowerController[0]( 1748): Unblocked screen off after 0 ms
01-23 11:49:46.362 D/VRR [OPlusRefreshRateService]( 1748): screenStateChange state: 1
01-23 11:49:46.362 D/OplusSmartBrightnessController( 1748): onScreenEvent, isScreenOn:false
01-23 11:49:46.362 D/OplusSmartBrightnessController( 1748): NeedResetSpline:false, NeedResetSplineByLargeChange:false
01-23 11:49:46.362 D/VRR [OPlusRefreshRateService]( 1748): handleScreenStateChange state: 1
01-23 11:49:46.363 I/OplusSmartBrightnessController( 1748): handleMessage MSG_NEXT_LUX_WILL_CHANGED.
01-23 11:49:46.367 D/DisplayPowerState[0]( 1748): setScreenState: state=1
01-23 11:49:46.367 D/BackLightStat( 1748): setScreenState: state changed:ON->OFF
01-23 11:49:46.371 D/OplusFeatureDCBacklight( 1748): notifySfRepaintEverything begin mCurrentDCMode:0brightness=-1threshold=260
01-23 11:49:46.452 D/ActivityTaskManager( 1748): Top Process State changed to PROCESS_STATE_TOP_SLEEPING
01-23 11:49:46.461 V/WindowManager( 1748): Changing focus from Window{578cf9b u0 com.android.launcher/com.android.launcher.Launcher} to null,diplayid=0
01-23 11:49:46.463 V/OplusZoomWindowManagerService( 1748): onAnimationFinished:  r = ActivityRecord{a1e8fdf u0 com.android.launcher/.Launcher} t6}
01-23 11:49:46.463 I/WindowStateExtImpl( 1748): onSurfaceShowChange show = false mPackageName = com.android.launcher parentPkgName = com.android.launcher
01-23 11:49:46.480 V/WindowManager( 1748): Relayout Window{64337ed u0 com.android.launcher/com.android.launcher.Launcher}: viewVisibility=8, oldvis=0, req=1080x2400
01-23 11:49:46.489 D/DisplayPowerController[0]( 1748): Brightness [-1.0] reason changing to: 'screen_off', previous reason: 'manual'. id=local:0
01-23 11:49:46.489 I/DisplayPowerController[0]( 1748): BrightnessEvent: disp=0, brt=-1.0, rcmdBrt=NaN, preBrt=NaN, lux=0.0, preLux=0.0, hbmMax=1.0, hbmMode=off, thrmMax=1.0, flags=, reason=screen_off
01-23 11:49:46.489 D/VRR [OPlusRefreshRateService]( 1748): notifyBrightnessChange brightness: -1.0
01-23 11:49:46.489 D/VRR [OPlusRefreshRateService]( 1748): brightness is negative, set to zero directly: -1.0
01-23 11:49:46.489 D/VRR [OPlusRefreshRateService]( 1748): notifyNitsChange nits: 0.0 discrete nits: 42.9708
01-23 11:49:46.489 D/DisplayPowerState[0]( 1748): updateRunnable run fadeLevle=0.0 state=OFF brightness changed:757.0->-1.0
01-23 11:49:46.489 D/DisplayPowerState[0]( 1748): Updating screen state: id=0, state=OFF, backlight=-1.0, sdrBacklight=-1.0
01-23 11:49:46.490 D/OplusSmartBrightnessController( 1748): requestDisplayState isFirstDisplay=true state=1 globalDisplayState=0x0
01-23 11:49:46.490 D/LocalDisplayAdapter( 1748): setDisplayState(id=0 isFirstDisplay=true state changed:ON->OFF) t-Name=PhotonicModulator
01-23 11:49:46.490 D/VRR [OPlusRefreshRateService]( 1748): handleBrightnessChange nits: 0.0
01-23 11:49:46.496 V/WindowManager( 1748): Relayout Window{578cf9b u0 com.android.launcher/com.android.launcher.Launcher}: viewVisibility=8, oldvis=0, req=1080x2400
01-23 11:49:46.504 I/DisplayDeviceRepository( 1748): Display device changed state: "Built-in Screen", OFF
01-23 11:49:46.512 D/DisplayManagerServiceExtImpl( 1748): scheduleTraversalLocked intraversal=false
01-23 11:49:46.512 I/DisplayManagerServiceExtImpl( 1748): handle logical display changed logicalDisplay=id=0,phase=1,stack=0,content=true,displayInfo{stack=0,type=1,id=0,uId=local:0,state=OFF,pkg=null}
01-23 11:49:46.512 D/DisplayManagerService( 1748): performTraversalInternal pendingTraversal
01-23 11:49:46.513 D/DisplayDevice( 1748): setLayerStackLocked id=local:0 token=android.os.BinderProxy@4c59fab stack=0->-1
01-23 11:49:46.522 D/CompatibilityChangeReporter( 1748): Compat change id reported: 168419799; UID 10185; state: DISABLED
01-23 11:49:46.531 E/OplusCustomizeRestrictionManagerService( 1748): isBiometricDisabled start
01-23 11:49:46.531 D/BiometricService( 1748): Sensor ID(4), oemStrength: 255, updatedStrength: 255, modality 8, state: 0, cookie: 0, sensorId 4, hasEnrollments: false cannot participate in Keystore operations
01-23 11:49:46.537 D/DisplayManagerService( 1748): Delivering display event: displayId=0, event=2
01-23 11:49:46.539 D/OplusDisplayStateMonitor( 1748): screenState: STATE_OFF  last screenState: STATE_ON
01-23 11:49:46.539 D/OplusDisplayStateMonitor( 1748): start stats due to screen off
01-23 11:49:46.541 D/DisplayManagerService( 1748): MSG_REQUEST_TRAVERSAL pendingCompleted=false
01-23 11:49:46.541 D/OplusVFXScreenEffectFeature( 1748): notifySFCompatWindowStateChange entered false
01-23 11:49:46.555 D/LockSettingsService( 1748): [getStrongAuthForUser]  userId = 0
01-23 11:49:46.556 V/WindowManager( 1748): Relayout Window{f9f6924 u0 OnScreenFingerprintDimLayer}: viewVisibility=0, oldvis=8, req=1080x2400
01-23 11:49:46.558 I/keystore2(  628): keystore2::authorization: on_lock_screen_event(LockScreenEvent(1), user_id=0, password.is_some()=false, unlocking_sids=Some([-6195664126623887148]))
01-23 11:49:46.558 I/keystore2(  628): keystore2::super_key: Locking screen bound for user 0 sids [-6195664126623887148]
01-23 11:49:46.584 I/StatusBarManagerService( 1748): disableLocked, what:1000000, pkg:com.android.systemui userId: 0 token:android.os.BinderProxy@4cce7a1 net1:1000000 net2:0
01-23 11:49:46.586 I/WallpaperManagerServiceExt( 1748): removeDisplayData. displayId = 0
01-23 11:49:46.601 D/InputMethodManagerService( 1748): onHandleImeWindowVisibleStatus: vis = 0, needsToShowImeSwitcher = false
01-23 11:49:46.601 V/WindowManager( 1748): Relayout Window{a1470d6 u0 OnScreenFingerprintPressedIcon}: viewVisibility=0, oldvis=8, req=193x193
01-23 11:49:46.602 V/UsbDeviceManager( 1748): onKeyguardStateChanged: isShowing:true secure:true user:0
01-23 11:49:46.616 I/vold    (  573): evict_sensitive_key: 1,sensitiveType=0
01-23 11:49:46.617 I/vold    (  573): evict_sensitive_key: 1
01-23 11:49:46.617 D/vold    (  573): Cannot find key for 0
01-23 11:49:46.617 D/vold    (  573): Cannot find key for 0
01-23 11:49:46.617 I/vold    (  573): evict_sensitive_key: 1,sensitiveType=1
01-23 11:49:46.617 I/vold    (  573): evict_sensitive_key: 1
01-23 11:49:46.617 E/OplusStorageManagerFeature( 1748): clear Ae Be key
01-23 11:49:46.620 E/keystore2(  628): keystore2::gc: Error trying to delete blob entry. In process_one_key: Trying to invalidate key.
01-23 11:49:46.620 E/keystore2(  628): 
01-23 11:49:46.620 E/keystore2(  628): Caused by:
01-23 11:49:46.620 E/keystore2(  628):     0: In invalidate key closure: Trying to invalidate key blob.
01-23 11:49:46.620 E/keystore2(  628):     1: Error::Km(ErrorCode(-100))
01-23 11:49:46.626 D/WindowManager( 1748): finishDrawingWindow: Window{a1470d6 u0 OnScreenFingerprintPressedIcon} mDrawState=DRAW_PENDING
01-23 11:49:46.629 D/WindowManager( 1748): finishDrawingWindow: Window{f9f6924 u0 OnScreenFingerprintDimLayer} mDrawState=DRAW_PENDING
01-23 11:49:46.637 E/OplusCustomizeRestrictionManagerService( 1748): isBiometricDisabled start
01-23 11:49:46.639 E/OplusCustomizeRestrictionManagerService( 1748): isBiometricDisabled start
01-23 11:49:46.639 E/OplusCustomizeRestrictionManagerService( 1748): isBiometricDisabled start
01-23 11:49:46.640 E/OplusCustomizeRestrictionManagerService( 1748): isBiometricDisabled start
01-23 11:49:46.642 D/OplusUserManagerServiceEnhance( 1748): getMultiSystemUserId  res = -10000
01-23 11:49:46.642 E/OplusCustomizeRestrictionManagerService( 1748): isBiometricDisabled start
01-23 11:49:46.643 E/OplusCustomizeRestrictionManagerService( 1748): isBiometricDisabled start
01-23 11:49:46.644 E/OplusCustomizeRestrictionManagerService( 1748): isBiometricDisabled start
01-23 11:49:46.645 E/OplusCustomizeRestrictionManagerService( 1748): isBiometricDisabled start
01-23 11:49:46.652 D/LockSettingsStorage( 1748): [readSyntheticPasswordState] userId = 0, handle = -5609770113145286263, name = pwd
01-23 11:49:46.659 E/OplusCustomizeRestrictionManagerService( 1748): isBiometricDisabled start
01-23 11:49:46.660 E/OplusCustomizeRestrictionManagerService( 1748): isBiometricDisabled start
01-23 11:49:46.660 E/OplusCustomizeRestrictionManagerService( 1748): isBiometricDisabled start
01-23 11:49:46.661 E/OplusCustomizeRestrictionManagerService( 1748): isBiometricDisabled start
01-23 11:49:46.662 E/OplusCustomizeRestrictionManagerService( 1748): isBiometricDisabled start
01-23 11:49:46.663 E/OplusCustomizeRestrictionManagerService( 1748): isBiometricDisabled start
01-23 11:49:46.667 V/ActivityManager( 1748): Has totaly same connectionRecord, just reuse it!
01-23 11:49:46.674 V/KeyguardStatusViewController( 2225): refresh statusview showing:true
01-23 11:49:46.683 D/PowerManagerService( 1748): userActivityNoUpdateLocked: groupId=0, eventTime=120827757, event=0, flags=0x0, uid=10105
01-23 11:49:46.685 D/LockSettingsService( 1748): [scheduleNonStrongBiometricIdleTimeout]  userId = 0
01-23 11:49:46.686 D/CompatibilityChangeReporter( 1748): Compat change id reported: 171306433; UID 1000; state: ENABLED
01-23 11:49:46.687 D/CompatibilityChangeReporter( 1748): Compat change id reported: 218533173; UID 1000; state: ENABLED
01-23 11:49:46.694 V/WindowManager( 1748): Relayout Window{726b172 u0 NotificationShade}: viewVisibility=0, oldvis=4, req=1080x2400
01-23 11:49:46.701 V/WindowManager( 1748): Changing focus from null to Window{726b172 u0 NotificationShade},diplayid=0
01-23 11:49:46.729 D/WindowManager( 1748): finishDrawingWindow: Window{726b172 u0 NotificationShade} mDrawState=DRAW_PENDING
01-23 11:49:46.745 D/LockSettingsService( 1748): [getSeparateProfileChallengeEnabled] userId = 999
01-23 11:49:46.749 W/DevicePolicyManager( 1748): Unknown user type: UserInfo{999:MultiApp:4001010}
01-23 11:49:46.759 W/DevicePolicyManager( 1748): Unknown user type: UserInfo{999:MultiApp:4001010}
01-23 11:49:46.779 D/OplusDisplayPanelFeature( 1748): getDisplayPanelFeatureValue +++, featureID:20
01-23 11:49:46.780 D/OplusDisplayPanelFeature( 1748): getDisplayPanelFeatureValue, ret = 0
01-23 11:49:46.780 I/OplusDisplayPanelFeature( 1748): [0]
01-23 11:49:46.780 D/OplusDisplayPanelFeature( 1748): getDisplayPanelFeatureValue ---, result = [0]
01-23 11:49:46.780 D/OplusSilentRebootManager( 1748): silence flags file value is :0
01-23 11:49:46.780 D/DisplayPowerState[0]( 1748): updateRunnable run fadeLevle=0.0 state=OFF brightness changed:757.0->-1.0
01-23 11:49:46.781 D/VRR [OPlusRefreshRateService]( 1748): notifyBrightnessChange brightness: -1.0
01-23 11:49:46.781 D/VRR [OPlusRefreshRateService]( 1748): brightness is negative, set to zero directly: -1.0
01-23 11:49:46.781 D/PowerManagerServiceExtImpl( 1748): aodEnable: true
01-23 11:49:46.782 I/DreamManagerService( 1748): Entering dreamland.
01-23 11:49:46.785 I/PowerManagerService( 1748): Dozing...
01-23 11:49:46.802 I/DreamController( 1748): Starting dream: name=ComponentInfo{com.android.systemui/com.android.systemui.doze.DozeService}, isPreviewMode=false, canDoze=true, userId=0
01-23 11:49:46.803 W/BroadcastQueue( 1748): Background execution not allowed: receiving Intent { act=android.intent.action.CLOSE_SYSTEM_DIALOGS flg=0x10 (has extras) } to com.rapido.passenger/bike.rapido.pip.receiver.ServiceActionsReceiver
01-23 11:49:46.823 V/WindowManager( 1748): Relayout Window{726b172 u0 NotificationShade}: viewVisibility=0, oldvis=0, req=1080x2400
01-23 11:49:46.856 V/WindowManager( 1748): Relayout Window{209d612 u0 NavigationBar0}: viewVisibility=0, oldvis=0, req=1080x112
01-23 11:49:46.863 D/OplusUserManagerServiceEnhance( 1748): getMultiSystemUserId  res = -10000
01-23 11:49:46.863 D/OplusUserManagerServiceEnhance( 1748): getMultiSystemUserId  res = -10000
01-23 11:49:46.879 E/ResourcesImplExt( 2225): the AssetManager's apkAsset: ApkAssets{path=<empty> and /system/framework/framework-res.apk}
01-23 11:49:46.879 E/ResourcesImplExt( 2225): the AssetManager's apkAsset: ApkAssets{path=/my_bigball/overlay/GmsConfigOverlayASI_Infrastructure/GmsConfigOverlayASI_Infrastructure.apk}
01-23 11:49:46.879 E/ResourcesImplExt( 2225): the AssetManager's apkAsset: ApkAssets{path=/my_bigball/overlay/GmsConfigOverlayCommonEx/GmsConfigOverlayCommonEx.apk}
01-23 11:49:46.879 E/ResourcesImplExt( 2225): the AssetManager's apkAsset: ApkAssets{path=/my_bigball/overlay/GmsConfigOverlayComms/GmsConfigOverlayComms.apk}
01-23 11:49:46.879 E/ResourcesImplExt( 2225): the AssetManager's apkAsset: ApkAssets{path=/my_bigball/overlay/GmsConfigOverlayGSA/GmsConfigOverlayGSA.apk}
01-23 11:49:46.879 E/ResourcesImplExt( 2225): the AssetManager's apkAsset: ApkAssets{path=/my_bigball/overlay/GmsConfigOverlayNoSafetyCenter/GmsConfigOverlayNoSafetyCenter.apk}
01-23 11:49:46.879 E/ResourcesImplExt( 2225): the AssetManager's apkAsset: ApkAssets{path=/product/overlay/CaptivePortalLoginFrameworkOverlay.apk}
01-23 11:49:46.880 E/ResourcesImplExt( 2225): the AssetManager's apkAsset: ApkAssets{path=/product/overlay/GoogleExtServicesConfigOverlay.apk}
01-23 11:49:46.880 E/ResourcesImplExt( 2225): the AssetManager's apkAsset: ApkAssets{path=/product/overlay/GooglePermissionControllerFrameworkOverlay.apk}
01-23 11:49:46.880 E/ResourcesImplExt( 2225): the AssetManager's apkAsset: ApkAssets{path=/product/overlay/ModuleMetadataGoogleOverlay.apk}
01-23 11:49:46.880 E/ResourcesImplExt( 2225): the AssetManager's apkAsset: ApkAssets{path=/product/overlay/framework-res__auto_generated_rro_product.apk}
01-23 11:49:46.880 E/ResourcesImplExt( 2225): the AssetManager's apkAsset: ApkAssets{path=/vendor/overlay/FrameworkResOverlay/FrameworkResOverlay.apk}
01-23 11:49:46.880 E/ResourcesImplExt( 2225): the AssetManager's apkAsset: ApkAssets{path=/my_bigball/overlay/OplusGmsConfigOverlayCommon/OplusGmsConfigOverlayCommon.apk}
01-23 11:49:46.880 E/ResourcesImplExt( 2225): the AssetManager's apkAsset: ApkAssets{path=/vendor/overlay/FrameworkResOverlayExt/FrameworkResOverlayExt.apk}
01-23 11:49:46.880 E/ResourcesImplExt( 2225): the AssetManager's apkAsset: ApkAssets{path=/product/overlay/android_framework_res_overlay.display.product.20291.apk}
01-23 11:49:46.880 E/ResourcesImplExt( 2225): the AssetManager's apkAsset: ApkAssets{path=/system_ext/overlay/framework_res_overlay_Network.apk}
01-23 11:49:46.880 E/ResourcesImplExt( 2225): the AssetManager's apkAsset: ApkAssets{path=/product/overlay/aon_framework_res_overlay.display.product.apk}
01-23 11:49:46.880 E/ResourcesImplExt( 2225): the AssetManager's apkAsset: ApkAssets{path=/system_ext/overlay/ConnectivityBaseOverlay.apk}
01-23 11:49:46.880 E/ResourcesImplExt( 2225): the AssetManager's apkAsset: ApkAssets{path=/system_ext/overlay/OplusFrameworkBluetoothResource.apk}
01-23 11:49:46.880 E/ResourcesImplExt( 2225): the AssetManager's apkAsset: ApkAssets{path=<empty> and /system/app/mediatek-res/mediatek-res.apk}
01-23 11:49:46.880 E/ResourcesImplExt( 2225): the AssetManager's apkAsset: ApkAssets{path=<empty> and /system_ext/framework/oplus-framework-res.apk}
01-23 11:49:46.880 E/ResourcesImplExt( 2225): the AssetManager's apkAsset: ApkAssets{path=/product/overlay/oplus_framework_res_overlay.display.product.20291.apk}
01-23 11:49:46.880 E/ResourcesImplExt( 2225): the AssetManager's apkAsset: ApkAssets{path=/product/overlay/oplus_framework_res_rro_oppo.apk}
01-23 11:49:46.880 E/ResourcesImplExt( 2225): the AssetManager's apkAsset: ApkAssets{path=<empty> and /data/app/~~ozOfPfLP8O0zPC2Dech1UQ==/com.heytap.pictorial-OSgUs13aeTxg30lyS7gvZA==/base.apk}
01-23 11:49:46.880 E/ResourcesImplExt( 2225): the AssetManager's apkAsset: ApkAssets{path=<empty> and /data/app/~~ozOfPfLP8O0zPC2Dech1UQ==/com.heytap.pictorial-OSgUs13aeTxg30lyS7gvZA==/split_feature_feedback.apk}
01-23 11:49:46.880 E/ResourcesImplExt( 2225): the AssetManager's apkAsset: ApkAssets{path=<empty> and /data/app/~~ozOfPfLP8O0zPC2Dech1UQ==/com.heytap.pictorial-OSgUs13aeTxg30lyS7gvZA==/split_feature_log.apk}
01-23 11:49:46.880 E/ResourcesImplExt( 2225): the AssetManager's apkAsset: ApkAssets{path=/product/overlay/NavigationBarModeGestural/NavigationBarModeGesturalOverlay.apk}
01-23 11:49:46.880 E/ResourcesImplExt( 2225): the AssetManager's apkAsset: ApkAssets{path=/data/resource-cache/com.android.systemui-neutral-rMiZ.frro}
01-23 11:49:46.880 E/ResourcesImplExt( 2225): the AssetManager's apkAsset: ApkAssets{path=/data/resource-cache/com.android.systemui-accent-lSQV.frro}
01-23 11:49:46.880 E/ResourcesImplExt( 2225): the AssetManager's apkAsset: ApkAssets{path=<empty> and /system/framework/framework-res.apk}
01-23 11:49:46.880 E/ResourcesImplExt( 2225): the AssetManager's apkAsset: ApkAssets{path=/my_bigball/overlay/GmsConfigOverlayASI_Infrastructure/GmsConfigOverlayASI_Infrastructure.apk}
01-23 11:49:46.880 E/ResourcesImplExt( 2225): the AssetManager's apkAsset: ApkAssets{path=/my_bigball/overlay/GmsConfigOverlayCommonEx/GmsConfigOverlayCommonEx.apk}
01-23 11:49:46.880 E/ResourcesImplExt( 2225): the AssetManager's apkAsset: ApkAssets{path=/my_bigball/overlay/GmsConfigOverlayComms/GmsConfigOverlayComms.apk}
01-23 11:49:46.880 E/ResourcesImplExt( 2225): the AssetManager's apkAsset: ApkAssets{path=/my_bigball/overlay/GmsConfigOverlayGSA/GmsConfigOverlayGSA.apk}
01-23 11:49:46.880 E/ResourcesImplExt( 2225): the AssetManager's apkAsset: ApkAssets{path=/my_bigball/overlay/GmsConfigOverlayNoSafetyCenter/GmsConfigOverlayNoSafetyCenter.apk}
01-23 11:49:46.880 E/ResourcesImplExt( 2225): the AssetManager's apkAsset: ApkAssets{path=/product/overlay/CaptivePortalLoginFrameworkOverlay.apk}
01-23 11:49:46.880 E/ResourcesImplExt( 2225): the AssetManager's apkAsset: ApkAssets{path=/product/overlay/GoogleExtServicesConfigOverlay.apk}
01-23 11:49:46.880 E/ResourcesImplExt( 2225): the AssetManager's apkAsset: ApkAssets{path=/product/overlay/GooglePermissionControllerFrameworkOverlay.apk}
01-23 11:49:46.880 E/ResourcesImplExt( 2225): the AssetManager's apkAsset: ApkAssets{path=/product/overlay/ModuleMetadataGoogleOverlay.apk}
01-23 11:49:46.880 E/ResourcesImplExt( 2225): the AssetManager's apkAsset: ApkAssets{path=/product/overlay/framework-res__auto_generated_rro_product.apk}
01-23 11:49:46.880 E/ResourcesImplExt( 2225): the AssetManager's apkAsset: ApkAssets{path=/vendor/overlay/FrameworkResOverlay/FrameworkResOverlay.apk}
01-23 11:49:46.880 E/ResourcesImplExt( 2225): the AssetManager's apkAsset: ApkAssets{path=/my_bigball/overlay/OplusGmsConfigOverlayCommon/OplusGmsConfigOverlayCommon.apk}
01-23 11:49:46.880 E/ResourcesImplExt( 2225): the AssetManager's apkAsset: ApkAssets{path=/vendor/overlay/FrameworkResOverlayExt/FrameworkResOverlayExt.apk}
01-23 11:49:46.880 E/ResourcesImplExt( 2225): the AssetManager's apkAsset: ApkAssets{path=/product/overlay/android_framework_res_overlay.display.product.20291.apk}
01-23 11:49:46.880 E/ResourcesImplExt( 2225): the AssetManager's apkAsset: ApkAssets{path=/system_ext/overlay/framework_res_overlay_Network.apk}
01-23 11:49:46.880 E/ResourcesImplExt( 2225): the AssetManager's apkAsset: ApkAssets{path=/product/overlay/aon_framework_res_overlay.display.product.apk}
01-23 11:49:46.881 E/ResourcesImplExt( 2225): the AssetManager's apkAsset: ApkAssets{path=/system_ext/overlay/ConnectivityBaseOverlay.apk}
01-23 11:49:46.881 E/ResourcesImplExt( 2225): the AssetManager's apkAsset: ApkAssets{path=/system_ext/overlay/OplusFrameworkBluetoothResource.apk}
01-23 11:49:46.881 E/ResourcesImplExt( 2225): the AssetManager's apkAsset: ApkAssets{path=<empty> and /system/app/mediatek-res/mediatek-res.apk}
01-23 11:49:46.881 E/ResourcesImplExt( 2225): the AssetManager's apkAsset: ApkAssets{path=<empty> and /system_ext/framework/oplus-framework-res.apk}
01-23 11:49:46.881 E/ResourcesImplExt( 2225): the AssetManager's apkAsset: ApkAssets{path=/product/overlay/oplus_framework_res_overlay.display.product.20291.apk}
01-23 11:49:46.881 E/ResourcesImplExt( 2225): the AssetManager's apkAsset: ApkAssets{path=/product/overlay/oplus_framework_res_rro_oppo.apk}
01-23 11:49:46.881 E/ResourcesImplExt( 2225): the AssetManager's apkAsset: ApkAssets{path=<empty> and /data/app/~~ozOfPfLP8O0zPC2Dech1UQ==/com.heytap.pictorial-OSgUs13aeTxg30lyS7gvZA==/base.apk}
01-23 11:49:46.881 E/ResourcesImplExt( 2225): the AssetManager's apkAsset: ApkAssets{path=<empty> and /data/app/~~ozOfPfLP8O0zPC2Dech1UQ==/com.heytap.pictorial-OSgUs13aeTxg30lyS7gvZA==/split_feature_feedback.apk}
01-23 11:49:46.881 E/ResourcesImplExt( 2225): the AssetManager's apkAsset: ApkAssets{path=<empty> and /data/app/~~ozOfPfLP8O0zPC2Dech1UQ==/com.heytap.pictorial-OSgUs13aeTxg30lyS7gvZA==/split_feature_log.apk}
01-23 11:49:46.881 E/ResourcesImplExt( 2225): the AssetManager's apkAsset: ApkAssets{path=/product/overlay/NavigationBarModeGestural/NavigationBarModeGesturalOverlay.apk}
01-23 11:49:46.881 E/ResourcesImplExt( 2225): the AssetManager's apkAsset: ApkAssets{path=/data/resource-cache/com.android.systemui-neutral-rMiZ.frro}
01-23 11:49:46.881 E/ResourcesImplExt( 2225): the AssetManager's apkAsset: ApkAssets{path=/data/resource-cache/com.android.systemui-accent-lSQV.frro}
01-23 11:49:46.883 E/ResourcesImplExt( 2225): the AssetManager's apkAsset: ApkAssets{path=<empty> and /system/framework/framework-res.apk}
01-23 11:49:46.883 E/ResourcesImplExt( 2225): the AssetManager's apkAsset: ApkAssets{path=/my_bigball/overlay/GmsConfigOverlayASI_Infrastructure/GmsConfigOverlayASI_Infrastructure.apk}
01-23 11:49:46.883 E/ResourcesImplExt( 2225): the AssetManager's apkAsset: ApkAssets{path=/my_bigball/overlay/GmsConfigOverlayCommonEx/GmsConfigOverlayCommonEx.apk}
01-23 11:49:46.883 E/ResourcesImplExt( 2225): the AssetManager's apkAsset: ApkAssets{path=/my_bigball/overlay/GmsConfigOverlayComms/GmsConfigOverlayComms.apk}
01-23 11:49:46.883 E/ResourcesImplExt( 2225): the AssetManager's apkAsset: ApkAssets{path=/my_bigball/overlay/GmsConfigOverlayGSA/GmsConfigOverlayGSA.apk}
01-23 11:49:46.883 E/ResourcesImplExt( 2225): the AssetManager's apkAsset: ApkAssets{path=/my_bigball/overlay/GmsConfigOverlayNoSafetyCenter/GmsConfigOverlayNoSafetyCenter.apk}
01-23 11:49:46.883 E/ResourcesImplExt( 2225): the AssetManager's apkAsset: ApkAssets{path=/product/overlay/CaptivePortalLoginFrameworkOverlay.apk}
01-23 11:49:46.883 E/ResourcesImplExt( 2225): the AssetManager's apkAsset: ApkAssets{path=/product/overlay/GoogleExtServicesConfigOverlay.apk}
01-23 11:49:46.883 E/ResourcesImplExt( 2225): the AssetManager's apkAsset: ApkAssets{path=/product/overlay/GooglePermissionControllerFrameworkOverlay.apk}
01-23 11:49:46.883 E/ResourcesImplExt( 2225): the AssetManager's apkAsset: ApkAssets{path=/product/overlay/ModuleMetadataGoogleOverlay.apk}
01-23 11:49:46.883 E/ResourcesImplExt( 2225): the AssetManager's apkAsset: ApkAssets{path=/product/overlay/framework-res__auto_generated_rro_product.apk}
01-23 11:49:46.883 E/ResourcesImplExt( 2225): the AssetManager's apkAsset: ApkAssets{path=/vendor/overlay/FrameworkResOverlay/FrameworkResOverlay.apk}
01-23 11:49:46.883 E/ResourcesImplExt( 2225): the AssetManager's apkAsset: ApkAssets{path=/my_bigball/overlay/OplusGmsConfigOverlayCommon/OplusGmsConfigOverlayCommon.apk}
01-23 11:49:46.883 E/ResourcesImplExt( 2225): the AssetManager's apkAsset: ApkAssets{path=/vendor/overlay/FrameworkResOverlayExt/FrameworkResOverlayExt.apk}
01-23 11:49:46.884 E/ResourcesImplExt( 2225): the AssetManager's apkAsset: ApkAssets{path=/product/overlay/android_framework_res_overlay.display.product.20291.apk}
01-23 11:49:46.884 E/ResourcesImplExt( 2225): the AssetManager's apkAsset: ApkAssets{path=/system_ext/overlay/framework_res_overlay_Network.apk}
01-23 11:49:46.884 E/ResourcesImplExt( 2225): the AssetManager's apkAsset: ApkAssets{path=/product/overlay/aon_framework_res_overlay.display.product.apk}
01-23 11:49:46.884 E/ResourcesImplExt( 2225): the AssetManager's apkAsset: ApkAssets{path=/system_ext/overlay/ConnectivityBaseOverlay.apk}
01-23 11:49:46.884 E/ResourcesImplExt( 2225): the AssetManager's apkAsset: ApkAssets{path=/system_ext/overlay/OplusFrameworkBluetoothResource.apk}
01-23 11:49:46.884 E/ResourcesImplExt( 2225): the AssetManager's apkAsset: ApkAssets{path=<empty> and /system/app/mediatek-res/mediatek-res.apk}
01-23 11:49:46.884 E/ResourcesImplExt( 2225): the AssetManager's apkAsset: ApkAssets{path=<empty> and /system_ext/framework/oplus-framework-res.apk}
01-23 11:49:46.884 E/ResourcesImplExt( 2225): the AssetManager's apkAsset: ApkAssets{path=/product/overlay/oplus_framework_res_overlay.display.product.20291.apk}
01-23 11:49:46.884 E/ResourcesImplExt( 2225): the AssetManager's apkAsset: ApkAssets{path=/product/overlay/oplus_framework_res_rro_oppo.apk}
01-23 11:49:46.884 E/ResourcesImplExt( 2225): the AssetManager's apkAsset: ApkAssets{path=<empty> and /data/app/~~ozOfPfLP8O0zPC2Dech1UQ==/com.heytap.pictorial-OSgUs13aeTxg30lyS7gvZA==/base.apk}
01-23 11:49:46.884 E/ResourcesImplExt( 2225): the AssetManager's apkAsset: ApkAssets{path=<empty> and /data/app/~~ozOfPfLP8O0zPC2Dech1UQ==/com.heytap.pictorial-OSgUs13aeTxg30lyS7gvZA==/split_feature_feedback.apk}
01-23 11:49:46.884 E/ResourcesImplExt( 2225): the AssetManager's apkAsset: ApkAssets{path=<empty> and /data/app/~~ozOfPfLP8O0zPC2Dech1UQ==/com.heytap.pictorial-OSgUs13aeTxg30lyS7gvZA==/split_feature_log.apk}
01-23 11:49:46.884 E/ResourcesImplExt( 2225): the AssetManager's apkAsset: ApkAssets{path=/product/overlay/NavigationBarModeGestural/NavigationBarModeGesturalOverlay.apk}
01-23 11:49:46.884 E/ResourcesImplExt( 2225): the AssetManager's apkAsset: ApkAssets{path=/data/resource-cache/com.android.systemui-neutral-rMiZ.frro}
01-23 11:49:46.884 E/ResourcesImplExt( 2225): the AssetManager's apkAsset: ApkAssets{path=/data/resource-cache/com.android.systemui-accent-lSQV.frro}
01-23 11:49:46.884 E/ResourcesImplExt( 2225): the AssetManager's apkAsset: ApkAssets{path=<empty> and /system/framework/framework-res.apk}
01-23 11:49:46.884 E/ResourcesImplExt( 2225): the AssetManager's apkAsset: ApkAssets{path=/my_bigball/overlay/GmsConfigOverlayASI_Infrastructure/GmsConfigOverlayASI_Infrastructure.apk}
01-23 11:49:46.884 E/ResourcesImplExt( 2225): the AssetManager's apkAsset: ApkAssets{path=/my_bigball/overlay/GmsConfigOverlayCommonEx/GmsConfigOverlayCommonEx.apk}
01-23 11:49:46.884 E/ResourcesImplExt( 2225): the AssetManager's apkAsset: ApkAssets{path=/my_bigball/overlay/GmsConfigOverlayComms/GmsConfigOverlayComms.apk}
01-23 11:49:46.884 E/ResourcesImplExt( 2225): the AssetManager's apkAsset: ApkAssets{path=/my_bigball/overlay/GmsConfigOverlayGSA/GmsConfigOverlayGSA.apk}
01-23 11:49:46.884 E/ResourcesImplExt( 2225): the AssetManager's apkAsset: ApkAssets{path=/my_bigball/overlay/GmsConfigOverlayNoSafetyCenter/GmsConfigOverlayNoSafetyCenter.apk}
01-23 11:49:46.884 E/ResourcesImplExt( 2225): the AssetManager's apkAsset: ApkAssets{path=/product/overlay/CaptivePortalLoginFrameworkOverlay.apk}
01-23 11:49:46.884 E/ResourcesImplExt( 2225): the AssetManager's apkAsset: ApkAssets{path=/product/overlay/GoogleExtServicesConfigOverlay.apk}
01-23 11:49:46.884 E/ResourcesImplExt( 2225): the AssetManager's apkAsset: ApkAssets{path=/product/overlay/GooglePermissionControllerFrameworkOverlay.apk}
01-23 11:49:46.884 E/ResourcesImplExt( 2225): the AssetManager's apkAsset: ApkAssets{path=/product/overlay/ModuleMetadataGoogleOverlay.apk}
01-23 11:49:46.884 E/ResourcesImplExt( 2225): the AssetManager's apkAsset: ApkAssets{path=/product/overlay/framework-res__auto_generated_rro_product.apk}
01-23 11:49:46.884 E/ResourcesImplExt( 2225): the AssetManager's apkAsset: ApkAssets{path=/vendor/overlay/FrameworkResOverlay/FrameworkResOverlay.apk}
01-23 11:49:46.884 E/ResourcesImplExt( 2225): the AssetManager's apkAsset: ApkAssets{path=/my_bigball/overlay/OplusGmsConfigOverlayCommon/OplusGmsConfigOverlayCommon.apk}
01-23 11:49:46.884 E/ResourcesImplExt( 2225): the AssetManager's apkAsset: ApkAssets{path=/vendor/overlay/FrameworkResOverlayExt/FrameworkResOverlayExt.apk}
01-23 11:49:46.884 E/ResourcesImplExt( 2225): the AssetManager's apkAsset: ApkAssets{path=/product/overlay/android_framework_res_overlay.display.product.20291.apk}
01-23 11:49:46.884 E/ResourcesImplExt( 2225): the AssetManager's apkAsset: ApkAssets{path=/system_ext/overlay/framework_res_overlay_Network.apk}
01-23 11:49:46.884 E/ResourcesImplExt( 2225): the AssetManager's apkAsset: ApkAssets{path=/product/overlay/aon_framework_res_overlay.display.product.apk}
01-23 11:49:46.884 E/ResourcesImplExt( 2225): the AssetManager's apkAsset: ApkAssets{path=/system_ext/overlay/ConnectivityBaseOverlay.apk}
01-23 11:49:46.884 E/ResourcesImplExt( 2225): the AssetManager's apkAsset: ApkAssets{path=/system_ext/overlay/OplusFrameworkBluetoothResource.apk}
01-23 11:49:46.884 E/ResourcesImplExt( 2225): the AssetManager's apkAsset: ApkAssets{path=<empty> and /system/app/mediatek-res/mediatek-res.apk}
01-23 11:49:46.884 E/ResourcesImplExt( 2225): the AssetManager's apkAsset: ApkAssets{path=<empty> and /system_ext/framework/oplus-framework-res.apk}
01-23 11:49:46.884 E/ResourcesImplExt( 2225): the AssetManager's apkAsset: ApkAssets{path=/product/overlay/oplus_framework_res_overlay.display.product.20291.apk}
01-23 11:49:46.884 E/ResourcesImplExt( 2225): the AssetManager's apkAsset: ApkAssets{path=/product/overlay/oplus_framework_res_rro_oppo.apk}
01-23 11:49:46.884 E/ResourcesImplExt( 2225): the AssetManager's apkAsset: ApkAssets{path=<empty> and /data/app/~~ozOfPfLP8O0zPC2Dech1UQ==/com.heytap.pictorial-OSgUs13aeTxg30lyS7gvZA==/base.apk}
01-23 11:49:46.884 E/ResourcesImplExt( 2225): the AssetManager's apkAsset: ApkAssets{path=<empty> and /data/app/~~ozOfPfLP8O0zPC2Dech1UQ==/com.heytap.pictorial-OSgUs13aeTxg30lyS7gvZA==/split_feature_feedback.apk}
01-23 11:49:46.884 E/ResourcesImplExt( 2225): the AssetManager's apkAsset: ApkAssets{path=<empty> and /data/app/~~ozOfPfLP8O0zPC2Dech1UQ==/com.heytap.pictorial-OSgUs13aeTxg30lyS7gvZA==/split_feature_log.apk}
01-23 11:49:46.884 E/ResourcesImplExt( 2225): the AssetManager's apkAsset: ApkAssets{path=/product/overlay/NavigationBarModeGestural/NavigationBarModeGesturalOverlay.apk}
01-23 11:49:46.884 E/ResourcesImplExt( 2225): the AssetManager's apkAsset: ApkAssets{path=/data/resource-cache/com.android.systemui-neutral-rMiZ.frro}
01-23 11:49:46.884 E/ResourcesImplExt( 2225): the AssetManager's apkAsset: ApkAssets{path=/data/resource-cache/com.android.systemui-accent-lSQV.frro}
01-23 11:49:46.885 W/OplusStorageManagerFeature( 1748): turn screenOff, maintPrepared:false
01-23 11:49:46.887 E/ResourcesImplExt( 2225): the AssetManager's apkAsset: ApkAssets{path=<empty> and /system/framework/framework-res.apk}
01-23 11:49:46.887 E/ResourcesImplExt( 2225): the AssetManager's apkAsset: ApkAssets{path=/my_bigball/overlay/GmsConfigOverlayASI_Infrastructure/GmsConfigOverlayASI_Infrastructure.apk}
01-23 11:49:46.887 E/ResourcesImplExt( 2225): the AssetManager's apkAsset: ApkAssets{path=/my_bigball/overlay/GmsConfigOverlayCommonEx/GmsConfigOverlayCommonEx.apk}
01-23 11:49:46.887 E/ResourcesImplExt( 2225): the AssetManager's apkAsset: ApkAssets{path=/my_bigball/overlay/GmsConfigOverlayComms/GmsConfigOverlayComms.apk}
01-23 11:49:46.887 E/ResourcesImplExt( 2225): the AssetManager's apkAsset: ApkAssets{path=/my_bigball/overlay/GmsConfigOverlayGSA/GmsConfigOverlayGSA.apk}
01-23 11:49:46.887 E/ResourcesImplExt( 2225): the AssetManager's apkAsset: ApkAssets{path=/my_bigball/overlay/GmsConfigOverlayNoSafetyCenter/GmsConfigOverlayNoSafetyCenter.apk}
01-23 11:49:46.887 E/ResourcesImplExt( 2225): the AssetManager's apkAsset: ApkAssets{path=/product/overlay/CaptivePortalLoginFrameworkOverlay.apk}
01-23 11:49:46.887 E/ResourcesImplExt( 2225): the AssetManager's apkAsset: ApkAssets{path=/product/overlay/GoogleExtServicesConfigOverlay.apk}
01-23 11:49:46.887 E/ResourcesImplExt( 2225): the AssetManager's apkAsset: ApkAssets{path=/product/overlay/GooglePermissionControllerFrameworkOverlay.apk}
01-23 11:49:46.887 E/ResourcesImplExt( 2225): the AssetManager's apkAsset: ApkAssets{path=/product/overlay/ModuleMetadataGoogleOverlay.apk}
01-23 11:49:46.887 E/ResourcesImplExt( 2225): the AssetManager's apkAsset: ApkAssets{path=/product/overlay/framework-res__auto_generated_rro_product.apk}
01-23 11:49:46.887 E/ResourcesImplExt( 2225): the AssetManager's apkAsset: ApkAssets{path=/vendor/overlay/FrameworkResOverlay/FrameworkResOverlay.apk}
01-23 11:49:46.887 E/ResourcesImplExt( 2225): the AssetManager's apkAsset: ApkAssets{path=/my_bigball/overlay/OplusGmsConfigOverlayCommon/OplusGmsConfigOverlayCommon.apk}
01-23 11:49:46.887 E/ResourcesImplExt( 2225): the AssetManager's apkAsset: ApkAssets{path=/vendor/overlay/FrameworkResOverlayExt/FrameworkResOverlayExt.apk}
01-23 11:49:46.887 E/ResourcesImplExt( 2225): the AssetManager's apkAsset: ApkAssets{path=/product/overlay/android_framework_res_overlay.display.product.20291.apk}
01-23 11:49:46.887 E/ResourcesImplExt( 2225): the AssetManager's apkAsset: ApkAssets{path=/system_ext/overlay/framework_res_overlay_Network.apk}
01-23 11:49:46.887 E/ResourcesImplExt( 2225): the AssetManager's apkAsset: ApkAssets{path=/product/overlay/aon_framework_res_overlay.display.product.apk}
01-23 11:49:46.887 E/ResourcesImplExt( 2225): the AssetManager's apkAsset: ApkAssets{path=/system_ext/overlay/ConnectivityBaseOverlay.apk}
01-23 11:49:46.887 E/ResourcesImplExt( 2225): the AssetManager's apkAsset: ApkAssets{path=/system_ext/overlay/OplusFrameworkBluetoothResource.apk}
01-23 11:49:46.887 E/ResourcesImplExt( 2225): the AssetManager's apkAsset: ApkAssets{path=<empty> and /system/app/mediatek-res/mediatek-res.apk}
01-23 11:49:46.887 E/ResourcesImplExt( 2225): the AssetManager's apkAsset: ApkAssets{path=<empty> and /system_ext/framework/oplus-framework-res.apk}
01-23 11:49:46.887 E/ResourcesImplExt( 2225): the AssetManager's apkAsset: ApkAssets{path=/product/overlay/oplus_framework_res_overlay.display.product.20291.apk}
01-23 11:49:46.887 E/ResourcesImplExt( 2225): the AssetManager's apkAsset: ApkAssets{path=/product/overlay/oplus_framework_res_rro_oppo.apk}
01-23 11:49:46.887 E/ResourcesImplExt( 2225): the AssetManager's apkAsset: ApkAssets{path=<empty> and /data/app/~~ozOfPfLP8O0zPC2Dech1UQ==/com.heytap.pictorial-OSgUs13aeTxg30lyS7gvZA==/base.apk}
01-23 11:49:46.887 E/ResourcesImplExt( 2225): the AssetManager's apkAsset: ApkAssets{path=<empty> and /data/app/~~ozOfPfLP8O0zPC2Dech1UQ==/com.heytap.pictorial-OSgUs13aeTxg30lyS7gvZA==/split_feature_feedback.apk}
01-23 11:49:46.887 E/ResourcesImplExt( 2225): the AssetManager's apkAsset: ApkAssets{path=<empty> and /data/app/~~ozOfPfLP8O0zPC2Dech1UQ==/com.heytap.pictorial-OSgUs13aeTxg30lyS7gvZA==/split_feature_log.apk}
01-23 11:49:46.887 E/ResourcesImplExt( 2225): the AssetManager's apkAsset: ApkAssets{path=/product/overlay/NavigationBarModeGestural/NavigationBarModeGesturalOverlay.apk}
01-23 11:49:46.887 E/ResourcesImplExt( 2225): the AssetManager's apkAsset: ApkAssets{path=/data/resource-cache/com.android.systemui-neutral-rMiZ.frro}
01-23 11:49:46.887 E/ResourcesImplExt( 2225): the AssetManager's apkAsset: ApkAssets{path=/data/resource-cache/com.android.systemui-accent-lSQV.frro}
01-23 11:49:46.888 E/ResourcesImplExt( 2225): the AssetManager's apkAsset: ApkAssets{path=<empty> and /system/framework/framework-res.apk}
01-23 11:49:46.888 E/ResourcesImplExt( 2225): the AssetManager's apkAsset: ApkAssets{path=/my_bigball/overlay/GmsConfigOverlayASI_Infrastructure/GmsConfigOverlayASI_Infrastructure.apk}
01-23 11:49:46.888 E/ResourcesImplExt( 2225): the AssetManager's apkAsset: ApkAssets{path=/my_bigball/overlay/GmsConfigOverlayCommonEx/GmsConfigOverlayCommonEx.apk}
01-23 11:49:46.888 E/ResourcesImplExt( 2225): the AssetManager's apkAsset: ApkAssets{path=/my_bigball/overlay/GmsConfigOverlayComms/GmsConfigOverlayComms.apk}
01-23 11:49:46.888 E/ResourcesImplExt( 2225): the AssetManager's apkAsset: ApkAssets{path=/my_bigball/overlay/GmsConfigOverlayGSA/GmsConfigOverlayGSA.apk}
01-23 11:49:46.888 E/ResourcesImplExt( 2225): the AssetManager's apkAsset: ApkAssets{path=/my_bigball/overlay/GmsConfigOverlayNoSafetyCenter/GmsConfigOverlayNoSafetyCenter.apk}
01-23 11:49:46.888 E/ResourcesImplExt( 2225): the AssetManager's apkAsset: ApkAssets{path=/product/overlay/CaptivePortalLoginFrameworkOverlay.apk}
01-23 11:49:46.888 E/ResourcesImplExt( 2225): the AssetManager's apkAsset: ApkAssets{path=/product/overlay/GoogleExtServicesConfigOverlay.apk}
01-23 11:49:46.888 E/ResourcesImplExt( 2225): the AssetManager's apkAsset: ApkAssets{path=/product/overlay/GooglePermissionControllerFrameworkOverlay.apk}
01-23 11:49:46.888 E/ResourcesImplExt( 2225): the AssetManager's apkAsset: ApkAssets{path=/product/overlay/ModuleMetadataGoogleOverlay.apk}
01-23 11:49:46.888 E/ResourcesImplExt( 2225): the AssetManager's apkAsset: ApkAssets{path=/product/overlay/framework-res__auto_generated_rro_product.apk}
01-23 11:49:46.888 E/ResourcesImplExt( 2225): the AssetManager's apkAsset: ApkAssets{path=/vendor/overlay/FrameworkResOverlay/FrameworkResOverlay.apk}
01-23 11:49:46.888 E/ResourcesImplExt( 2225): the AssetManager's apkAsset: ApkAssets{path=/my_bigball/overlay/OplusGmsConfigOverlayCommon/OplusGmsConfigOverlayCommon.apk}
01-23 11:49:46.888 E/ResourcesImplExt( 2225): the AssetManager's apkAsset: ApkAssets{path=/vendor/overlay/FrameworkResOverlayExt/FrameworkResOverlayExt.apk}
01-23 11:49:46.888 E/ResourcesImplExt( 2225): the AssetManager's apkAsset: ApkAssets{path=/product/overlay/android_framework_res_overlay.display.product.20291.apk}
01-23 11:49:46.888 E/ResourcesImplExt( 2225): the AssetManager's apkAsset: ApkAssets{path=/system_ext/overlay/framework_res_overlay_Network.apk}
01-23 11:49:46.888 E/ResourcesImplExt( 2225): the AssetManager's apkAsset: ApkAssets{path=/product/overlay/aon_framework_res_overlay.display.product.apk}
01-23 11:49:46.888 E/ResourcesImplExt( 2225): the AssetManager's apkAsset: ApkAssets{path=/system_ext/overlay/ConnectivityBaseOverlay.apk}
01-23 11:49:46.888 E/ResourcesImplExt( 2225): the AssetManager's apkAsset: ApkAssets{path=/system_ext/overlay/OplusFrameworkBluetoothResource.apk}
01-23 11:49:46.888 E/ResourcesImplExt( 2225): the AssetManager's apkAsset: ApkAssets{path=<empty> and /system/app/mediatek-res/mediatek-res.apk}
01-23 11:49:46.888 E/ResourcesImplExt( 2225): the AssetManager's apkAsset: ApkAssets{path=<empty> and /system_ext/framework/oplus-framework-res.apk}
01-23 11:49:46.888 E/ResourcesImplExt( 2225): the AssetManager's apkAsset: ApkAssets{path=/product/overlay/oplus_framework_res_overlay.display.product.20291.apk}
01-23 11:49:46.888 E/ResourcesImplExt( 2225): the AssetManager's apkAsset: ApkAssets{path=/product/overlay/oplus_framework_res_rro_oppo.apk}
01-23 11:49:46.888 E/ResourcesImplExt( 2225): the AssetManager's apkAsset: ApkAssets{path=<empty> and /data/app/~~ozOfPfLP8O0zPC2Dech1UQ==/com.heytap.pictorial-OSgUs13aeTxg30lyS7gvZA==/base.apk}
01-23 11:49:46.888 E/ResourcesImplExt( 2225): the AssetManager's apkAsset: ApkAssets{path=<empty> and /data/app/~~ozOfPfLP8O0zPC2Dech1UQ==/com.heytap.pictorial-OSgUs13aeTxg30lyS7gvZA==/split_feature_feedback.apk}
01-23 11:49:46.888 E/ResourcesImplExt( 2225): the AssetManager's apkAsset: ApkAssets{path=<empty> and /data/app/~~ozOfPfLP8O0zPC2Dech1UQ==/com.heytap.pictorial-OSgUs13aeTxg30lyS7gvZA==/split_feature_log.apk}
01-23 11:49:46.888 E/ResourcesImplExt( 2225): the AssetManager's apkAsset: ApkAssets{path=/product/overlay/NavigationBarModeGestural/NavigationBarModeGesturalOverlay.apk}
01-23 11:49:46.888 E/ResourcesImplExt( 2225): the AssetManager's apkAsset: ApkAssets{path=/data/resource-cache/com.android.systemui-neutral-rMiZ.frro}
01-23 11:49:46.888 E/ResourcesImplExt( 2225): the AssetManager's apkAsset: ApkAssets{path=/data/resource-cache/com.android.systemui-accent-lSQV.frro}
01-23 11:49:46.889 V/WindowManager( 1748): Relayout Window{726b172 u0 NotificationShade}: viewVisibility=0, oldvis=0, req=1080x2400
01-23 11:49:46.890 E/ResourcesImplExt( 2225): the AssetManager's apkAsset: ApkAssets{path=<empty> and /system/framework/framework-res.apk}
01-23 11:49:46.890 E/ResourcesImplExt( 2225): the AssetManager's apkAsset: ApkAssets{path=/my_bigball/overlay/GmsConfigOverlayASI_Infrastructure/GmsConfigOverlayASI_Infrastructure.apk}
01-23 11:49:46.890 E/ResourcesImplExt( 2225): the AssetManager's apkAsset: ApkAssets{path=/my_bigball/overlay/GmsConfigOverlayCommonEx/GmsConfigOverlayCommonEx.apk}
01-23 11:49:46.890 E/ResourcesImplExt( 2225): the AssetManager's apkAsset: ApkAssets{path=/my_bigball/overlay/GmsConfigOverlayComms/GmsConfigOverlayComms.apk}
01-23 11:49:46.890 E/ResourcesImplExt( 2225): the AssetManager's apkAsset: ApkAssets{path=/my_bigball/overlay/GmsConfigOverlayGSA/GmsConfigOverlayGSA.apk}
01-23 11:49:46.890 E/ResourcesImplExt( 2225): the AssetManager's apkAsset: ApkAssets{path=/my_bigball/overlay/GmsConfigOverlayNoSafetyCenter/GmsConfigOverlayNoSafetyCenter.apk}
01-23 11:49:46.890 E/ResourcesImplExt( 2225): the AssetManager's apkAsset: ApkAssets{path=/product/overlay/CaptivePortalLoginFrameworkOverlay.apk}
01-23 11:49:46.890 E/ResourcesImplExt( 2225): the AssetManager's apkAsset: ApkAssets{path=/product/overlay/GoogleExtServicesConfigOverlay.apk}
01-23 11:49:46.890 E/ResourcesImplExt( 2225): the AssetManager's apkAsset: ApkAssets{path=/product/overlay/GooglePermissionControllerFrameworkOverlay.apk}
01-23 11:49:46.890 E/ResourcesImplExt( 2225): the AssetManager's apkAsset: ApkAssets{path=/product/overlay/ModuleMetadataGoogleOverlay.apk}
01-23 11:49:46.890 I/OplusStorageManagerFeature( 1748): FsReserveSpace data partition fstype:ext4
01-23 11:49:46.890 E/ResourcesImplExt( 2225): the AssetManager's apkAsset: ApkAssets{path=/product/overlay/framework-res__auto_generated_rro_product.apk}
01-23 11:49:46.890 E/ResourcesImplExt( 2225): the AssetManager's apkAsset: ApkAssets{path=/vendor/overlay/FrameworkResOverlay/FrameworkResOverlay.apk}
01-23 11:49:46.890 I/OplusStorageManagerFeature( 1748): FsReserveSpace data device path:/dev/block/dm-48
01-23 11:49:46.890 E/ResourcesImplExt( 2225): the AssetManager's apkAsset: ApkAssets{path=/my_bigball/overlay/OplusGmsConfigOverlayCommon/OplusGmsConfigOverlayCommon.apk}
01-23 11:49:46.890 E/ResourcesImplExt( 2225): the AssetManager's apkAsset: ApkAssets{path=/vendor/overlay/FrameworkResOverlayExt/FrameworkResOverlayExt.apk}
01-23 11:49:46.890 E/ResourcesImplExt( 2225): the AssetManager's apkAsset: ApkAssets{path=/product/overlay/android_framework_res_overlay.display.product.20291.apk}
01-23 11:49:46.890 E/ResourcesImplExt( 2225): the AssetManager's apkAsset: ApkAssets{path=/system_ext/overlay/framework_res_overlay_Network.apk}
01-23 11:49:46.891 E/ResourcesImplExt( 2225): the AssetManager's apkAsset: ApkAssets{path=/product/overlay/aon_framework_res_overlay.display.product.apk}
01-23 11:49:46.891 E/ResourcesImplExt( 2225): the AssetManager's apkAsset: ApkAssets{path=/system_ext/overlay/ConnectivityBaseOverlay.apk}
01-23 11:49:46.891 E/ResourcesImplExt( 2225): the AssetManager's apkAsset: ApkAssets{path=/system_ext/overlay/OplusFrameworkBluetoothResource.apk}
01-23 11:49:46.891 E/ResourcesImplExt( 2225): the AssetManager's apkAsset: ApkAssets{path=<empty> and /system/app/mediatek-res/mediatek-res.apk}
01-23 11:49:46.891 E/ResourcesImplExt( 2225): the AssetManager's apkAsset: ApkAssets{path=<empty> and /system_ext/framework/oplus-framework-res.apk}
01-23 11:49:46.891 E/ResourcesImplExt( 2225): the AssetManager's apkAsset: ApkAssets{path=/product/overlay/oplus_framework_res_overlay.display.product.20291.apk}
01-23 11:49:46.891 E/ResourcesImplExt( 2225): the AssetManager's apkAsset: ApkAssets{path=/product/overlay/oplus_framework_res_rro_oppo.apk}
01-23 11:49:46.891 E/ResourcesImplExt( 2225): the AssetManager's apkAsset: ApkAssets{path=<empty> and /data/app/~~ozOfPfLP8O0zPC2Dech1UQ==/com.heytap.pictorial-OSgUs13aeTxg30lyS7gvZA==/base.apk}
01-23 11:49:46.891 E/ResourcesImplExt( 2225): the AssetManager's apkAsset: ApkAssets{path=<empty> and /data/app/~~ozOfPfLP8O0zPC2Dech1UQ==/com.heytap.pictorial-OSgUs13aeTxg30lyS7gvZA==/split_feature_feedback.apk}
01-23 11:49:46.891 E/ResourcesImplExt( 2225): the AssetManager's apkAsset: ApkAssets{path=<empty> and /data/app/~~ozOfPfLP8O0zPC2Dech1UQ==/com.heytap.pictorial-OSgUs13aeTxg30lyS7gvZA==/split_feature_log.apk}
01-23 11:49:46.891 E/ResourcesImplExt( 2225): the AssetManager's apkAsset: ApkAssets{path=/product/overlay/NavigationBarModeGestural/NavigationBarModeGesturalOverlay.apk}
01-23 11:49:46.891 E/ResourcesImplExt( 2225): the AssetManager's apkAsset: ApkAssets{path=/data/resource-cache/com.android.systemui-neutral-rMiZ.frro}
01-23 11:49:46.891 E/ResourcesImplExt( 2225): the AssetManager's apkAsset: ApkAssets{path=/data/resource-cache/com.android.systemui-accent-lSQV.frro}
01-23 11:49:46.891 E/ResourcesImplExt( 2225): the AssetManager's apkAsset: ApkAssets{path=<empty> and /system/framework/framework-res.apk}
01-23 11:49:46.891 E/ResourcesImplExt( 2225): the AssetManager's apkAsset: ApkAssets{path=/my_bigball/overlay/GmsConfigOverlayASI_Infrastructure/GmsConfigOverlayASI_Infrastructure.apk}
01-23 11:49:46.891 E/ResourcesImplExt( 2225): the AssetManager's apkAsset: ApkAssets{path=/my_bigball/overlay/GmsConfigOverlayCommonEx/GmsConfigOverlayCommonEx.apk}
01-23 11:49:46.891 E/ResourcesImplExt( 2225): the AssetManager's apkAsset: ApkAssets{path=/my_bigball/overlay/GmsConfigOverlayComms/GmsConfigOverlayComms.apk}
01-23 11:49:46.891 E/ResourcesImplExt( 2225): the AssetManager's apkAsset: ApkAssets{path=/my_bigball/overlay/GmsConfigOverlayGSA/GmsConfigOverlayGSA.apk}
01-23 11:49:46.891 E/ResourcesImplExt( 2225): the AssetManager's apkAsset: ApkAssets{path=/my_bigball/overlay/GmsConfigOverlayNoSafetyCenter/GmsConfigOverlayNoSafetyCenter.apk}
01-23 11:49:46.891 E/ResourcesImplExt( 2225): the AssetManager's apkAsset: ApkAssets{path=/product/overlay/CaptivePortalLoginFrameworkOverlay.apk}
01-23 11:49:46.891 E/ResourcesImplExt( 2225): the AssetManager's apkAsset: ApkAssets{path=/product/overlay/GoogleExtServicesConfigOverlay.apk}
01-23 11:49:46.891 E/ResourcesImplExt( 2225): the AssetManager's apkAsset: ApkAssets{path=/product/overlay/GooglePermissionControllerFrameworkOverlay.apk}
01-23 11:49:46.891 E/ResourcesImplExt( 2225): the AssetManager's apkAsset: ApkAssets{path=/product/overlay/ModuleMetadataGoogleOverlay.apk}
01-23 11:49:46.891 E/ResourcesImplExt( 2225): the AssetManager's apkAsset: ApkAssets{path=/product/overlay/framework-res__auto_generated_rro_product.apk}
01-23 11:49:46.891 E/ResourcesImplExt( 2225): the AssetManager's apkAsset: ApkAssets{path=/vendor/overlay/FrameworkResOverlay/FrameworkResOverlay.apk}
01-23 11:49:46.891 E/ResourcesImplExt( 2225): the AssetManager's apkAsset: ApkAssets{path=/my_bigball/overlay/OplusGmsConfigOverlayCommon/OplusGmsConfigOverlayCommon.apk}
01-23 11:49:46.891 E/ResourcesImplExt( 2225): the AssetManager's apkAsset: ApkAssets{path=/vendor/overlay/FrameworkResOverlayExt/FrameworkResOverlayExt.apk}
01-23 11:49:46.891 E/ResourcesImplExt( 2225): the AssetManager's apkAsset: ApkAssets{path=/product/overlay/android_framework_res_overlay.display.product.20291.apk}
01-23 11:49:46.891 E/ResourcesImplExt( 2225): the AssetManager's apkAsset: ApkAssets{path=/system_ext/overlay/framework_res_overlay_Network.apk}
01-23 11:49:46.891 E/ResourcesImplExt( 2225): the AssetManager's apkAsset: ApkAssets{path=/product/overlay/aon_framework_res_overlay.display.product.apk}
01-23 11:49:46.891 E/ResourcesImplExt( 2225): the AssetManager's apkAsset: ApkAssets{path=/system_ext/overlay/ConnectivityBaseOverlay.apk}
01-23 11:49:46.891 E/ResourcesImplExt( 2225): the AssetManager's apkAsset: ApkAssets{path=/system_ext/overlay/OplusFrameworkBluetoothResource.apk}
01-23 11:49:46.891 E/ResourcesImplExt( 2225): the AssetManager's apkAsset: ApkAssets{path=<empty> and /system/app/mediatek-res/mediatek-res.apk}
01-23 11:49:46.891 E/ResourcesImplExt( 2225): the AssetManager's apkAsset: ApkAssets{path=<empty> and /system_ext/framework/oplus-framework-res.apk}
01-23 11:49:46.891 E/ResourcesImplExt( 2225): the AssetManager's apkAsset: ApkAssets{path=/product/overlay/oplus_framework_res_overlay.display.product.20291.apk}
01-23 11:49:46.891 E/ResourcesImplExt( 2225): the AssetManager's apkAsset: ApkAssets{path=/product/overlay/oplus_framework_res_rro_oppo.apk}
01-23 11:49:46.891 E/ResourcesImplExt( 2225): the AssetManager's apkAsset: ApkAssets{path=<empty> and /data/app/~~ozOfPfLP8O0zPC2Dech1UQ==/com.heytap.pictorial-OSgUs13aeTxg30lyS7gvZA==/base.apk}
