01-22 19:09:52.767 D/CCodecBufferChannel(16548): [c2.mtk.vp9.decoder#768] flushed work; ignored.
01-22 19:09:52.767 D/CCodecBufferChannel(16548): [c2.mtk.vp9.decoder#768] Discard frames from previous generation.
01-22 19:09:52.767 D/PipelineWatcher(16548): onWorkDone: frameIndex not found (18446744073709551615); ignored
01-22 19:09:52.767 D/CCodecBufferChannel(16548): [c2.mtk.vp9.decoder#768] flushed work not feedInput.
01-22 19:09:52.783 D/OplusAtlasService( 3300): getAttributeByAppName module:oplus-getStreamMaxVolume packageName:com.truecaller
01-22 19:09:52.786 D/AudioManagerExtImpl( 7107): getStreamVolume normal, volume index=5
01-22 19:09:52.822 D/CCodecBufferChannel(16548): [c2.mtk.vp9.decoder#768] flushed work; ignored.
01-22 19:09:52.822 D/CCodecBufferChannel(16548): [c2.mtk.vp9.decoder#768] Discard frames from previous generation.
01-22 19:09:52.822 D/PipelineWatcher(16548): onWorkDone: frameIndex not found (18446744073709551615); ignored
01-22 19:09:52.822 D/CCodecBufferChannel(16548): [c2.mtk.vp9.decoder#768] flushed work not feedInput.
01-22 19:09:52.822 D/CCodecBufferChannel(16548): [c2.mtk.vp9.decoder#768] flushed work; ignored.
01-22 19:09:52.823 D/CCodecBufferChannel(16548): [c2.mtk.vp9.decoder#768] Discard frames from previous generation.
01-22 19:09:52.823 D/PipelineWatcher(16548): onWorkDone: frameIndex not found (18446744073709551615); ignored
01-22 19:09:52.823 D/CCodecBufferChannel(16548): [c2.mtk.vp9.decoder#768] flushed work not feedInput.
01-22 19:09:52.833 D/CCodecBufferChannel(16548): [c2.mtk.vp9.decoder#768] flushed work; ignored.
01-22 19:09:52.833 D/CCodecBufferChannel(16548): [c2.mtk.vp9.decoder#768] Discard frames from previous generation.
01-22 19:09:52.833 D/PipelineWatcher(16548): onWorkDone: frameIndex not found (18446744073709551615); ignored
01-22 19:09:52.833 D/CCodecBufferChannel(16548): [c2.mtk.vp9.decoder#768] flushed work not feedInput.
01-22 19:09:52.888 D/CCodecBufferChannel(16548): [c2.mtk.vp9.decoder#768] flushed work; ignored.
01-22 19:09:52.888 D/CCodecBufferChannel(16548): [c2.mtk.vp9.decoder#768] Discard frames from previous generation.
01-22 19:09:52.888 D/PipelineWatcher(16548): onWorkDone: frameIndex not found (18446744073709551615); ignored
01-22 19:09:52.888 D/CCodecBufferChannel(16548): [c2.mtk.vp9.decoder#768] flushed work not feedInput.
01-22 19:09:52.888 D/CCodecBufferChannel(16548): [c2.mtk.vp9.decoder#768] flushed work; ignored.
01-22 19:09:52.888 D/CCodecBufferChannel(16548): [c2.mtk.vp9.decoder#768] Discard frames from previous generation.
01-22 19:09:52.888 D/PipelineWatcher(16548): onWorkDone: frameIndex not found (18446744073709551615); ignored
01-22 19:09:52.888 D/CCodecBufferChannel(16548): [c2.mtk.vp9.decoder#768] flushed work not feedInput.
01-22 19:09:52.898 D/CCodecBufferChannel(16548): [c2.mtk.vp9.decoder#768] flushed work; ignored.
01-22 19:09:52.898 D/CCodecBufferChannel(16548): [c2.mtk.vp9.decoder#768] Discard frames from previous generation.
01-22 19:09:52.898 D/PipelineWatcher(16548): onWorkDone: frameIndex not found (18446744073709551615); ignored
01-22 19:09:52.899 D/CCodecBufferChannel(16548): [c2.mtk.vp9.decoder#768] flushed work not feedInput.
01-22 19:09:52.921 D/CCodecBufferChannel(16548): [c2.mtk.vp9.decoder#768] flushed work; ignored.
01-22 19:09:52.921 D/CCodecBufferChannel(16548): [c2.mtk.vp9.decoder#768] Discard frames from previous generation.
01-22 19:09:52.922 D/PipelineWatcher(16548): onWorkDone: frameIndex not found (18446744073709551615); ignored
01-22 19:09:52.922 D/CCodecBufferChannel(16548): [c2.mtk.vp9.decoder#768] flushed work not feedInput.
01-22 19:09:52.922 D/CCodecBufferChannel(16548): [c2.mtk.vp9.decoder#768] flushed work; ignored.
01-22 19:09:52.922 D/CCodecBufferChannel(16548): [c2.mtk.vp9.decoder#768] Discard frames from previous generation.
01-22 19:09:52.922 D/PipelineWatcher(16548): onWorkDone: frameIndex not found (18446744073709551615); ignored
01-22 19:09:52.922 D/CCodecBufferChannel(16548): [c2.mtk.vp9.decoder#768] flushed work not feedInput.
01-22 19:09:52.932 D/CCodecBufferChannel(16548): [c2.mtk.vp9.decoder#768] flushed work; ignored.
01-22 19:09:52.932 D/CCodecBufferChannel(16548): [c2.mtk.vp9.decoder#768] Discard frames from previous generation.
01-22 19:09:52.932 D/PipelineWatcher(16548): onWorkDone: frameIndex not found (18446744073709551615); ignored
01-22 19:09:52.932 D/CCodecBufferChannel(16548): [c2.mtk.vp9.decoder#768] flushed work not feedInput.
01-22 19:09:52.948 D/OplusAtlasService( 3300): getAttributeByAppName module:oplus-getStreamMaxVolume packageName:com.truecaller
01-22 19:09:52.950 D/AudioManagerExtImpl( 7107): getStreamVolume normal, volume index=5
01-22 19:09:52.989 D/CCodecBufferChannel(16548): [c2.mtk.vp9.decoder#768] flushed work; ignored.
01-22 19:09:52.989 D/CCodecBufferChannel(16548): [c2.mtk.vp9.decoder#768] Discard frames from previous generation.
01-22 19:09:52.989 D/PipelineWatcher(16548): onWorkDone: frameIndex not found (18446744073709551615); ignored
01-22 19:09:52.989 D/CCodecBufferChannel(16548): [c2.mtk.vp9.decoder#768] flushed work not feedInput.
01-22 19:09:52.989 D/CCodecBufferChannel(16548): [c2.mtk.vp9.decoder#768] flushed work; ignored.
01-22 19:09:52.989 D/CCodecBufferChannel(16548): [c2.mtk.vp9.decoder#768] Discard frames from previous generation.
01-22 19:09:52.989 D/PipelineWatcher(16548): onWorkDone: frameIndex not found (18446744073709551615); ignored
01-22 19:09:52.989 D/CCodecBufferChannel(16548): [c2.mtk.vp9.decoder#768] flushed work not feedInput.
01-22 19:09:52.996 D/OplusAtlasService( 3300): getAttributeByAppName module:oplus-getStreamMaxVolume packageName:com.truecaller
01-22 19:09:52.998 D/AudioManagerExtImpl( 7107): getStreamVolume normal, volume index=5
01-22 19:09:53.000 D/OplusAtlasService( 3300): getAttributeByAppName module:oplus-getStreamMaxVolume packageName:com.truecaller
01-22 19:09:53.000 D/CCodecBufferChannel(16548): [c2.mtk.vp9.decoder#768] flushed work; ignored.
01-22 19:09:53.000 D/CCodecBufferChannel(16548): [c2.mtk.vp9.decoder#768] Discard frames from previous generation.
01-22 19:09:53.000 D/PipelineWatcher(16548): onWorkDone: frameIndex not found (18446744073709551615); ignored
01-22 19:09:53.000 D/CCodecBufferChannel(16548): [c2.mtk.vp9.decoder#768] flushed work not feedInput.
01-22 19:09:53.001 D/AudioManagerExtImpl( 7107): getStreamVolume too fast, volume index=5, package=com.truecaller
01-22 19:09:53.008 D/OplusAtlasService( 3300): getAttributeByAppName module:oplus-getStreamMaxVolume packageName:com.truecaller
01-22 19:09:53.009 D/AudioManagerExtImpl( 7107): getStreamVolume too fast, volume index=5, package=com.truecaller
01-22 19:09:53.010 D/OplusAtlasService( 3300): getAttributeByAppName module:oplus-getStreamMaxVolume packageName:com.truecaller
01-22 19:09:53.011 D/AudioManagerExtImpl( 7107): getStreamVolume too fast, volume index=5, package=com.truecaller
01-22 19:09:53.031 D/OplusNPMS( 1748): queryBytesFromCache -1
01-22 19:09:53.043 D/OplusNPMS( 1748): addTrafficQueryToCache 0
01-22 19:09:53.043 D/OplusNPMS( 1748): queryBytesFromCache -1
01-22 19:09:53.046 D/OplusNPMS( 1748): addTrafficQueryToCache 13530956098
01-22 19:09:53.047 W/NetworkPolicy( 1748): shared quota unsupported; generating rule for each iface
01-22 19:09:53.047 D/OplusNPMS( 1748): queryBytesFromCache -1
01-22 19:09:53.048 D/OplusNPMS( 1748): addTrafficQueryToCache 0
01-22 19:09:53.048 D/OplusNPMS( 1748): queryBytesFromCache -1
01-22 19:09:53.049 D/OplusNPMS( 1748): addTrafficQueryToCache 0
01-22 19:09:53.050 D/OplusNPMS( 1748): queryBytesFromCache -1
01-22 19:09:53.050 D/OplusNPMS( 1748): addTrafficQueryToCache 0
01-22 19:09:53.050 D/OplusNPMS( 1748): queryBytesFromCache -1
01-22 19:09:53.051 D/OplusNPMS( 1748): addTrafficQueryToCache 0
01-22 19:09:53.051 D/OplusNPMS( 1748): queryBytesFromCache -1
01-22 19:09:53.051 D/OplusNPMS( 1748): addTrafficQueryToCache 0
01-22 19:09:53.052 V/OplusNPMS( 1748): getWarningNotification numWarningNotificaion10
01-22 19:09:53.052 V/OplusNPMS( 1748): getWarningNotification numWarningNotificaion10
01-22 19:09:53.052 V/OplusNPMS( 1748): getLimitNotificationState subID=6
01-22 19:09:53.052 V/OplusNPMS( 1748): getLimitNotificationState mSubidToIccId != null
01-22 19:09:53.056 D/CCodecBufferChannel(16548): [c2.mtk.vp9.decoder#768] flushed work; ignored.
01-22 19:09:53.056 D/CCodecBufferChannel(16548): [c2.mtk.vp9.decoder#768] Discard frames from previous generation.
01-22 19:09:53.056 D/PipelineWatcher(16548): onWorkDone: frameIndex not found (18446744073709551615); ignored
01-22 19:09:53.056 D/CCodecBufferChannel(16548): [c2.mtk.vp9.decoder#768] flushed work not feedInput.
01-22 19:09:53.057 D/CCodecBufferChannel(16548): [c2.mtk.vp9.decoder#768] flushed work; ignored.
01-22 19:09:53.057 D/CCodecBufferChannel(16548): [c2.mtk.vp9.decoder#768] Discard frames from previous generation.
01-22 19:09:53.057 D/PipelineWatcher(16548): onWorkDone: frameIndex not found (18446744073709551615); ignored
01-22 19:09:53.057 D/CCodecBufferChannel(16548): [c2.mtk.vp9.decoder#768] flushed work not feedInput.
01-22 19:09:53.068 D/CCodecBufferChannel(16548): [c2.mtk.vp9.decoder#768] flushed work; ignored.
01-22 19:09:53.068 D/CCodecBufferChannel(16548): [c2.mtk.vp9.decoder#768] Discard frames from previous generation.
01-22 19:09:53.068 D/PipelineWatcher(16548): onWorkDone: frameIndex not found (18446744073709551615); ignored
01-22 19:09:53.068 D/CCodecBufferChannel(16548): [c2.mtk.vp9.decoder#768] flushed work not feedInput.
01-22 19:09:53.090 D/CCodecBufferChannel(16548): [c2.mtk.vp9.decoder#768] flushed work; ignored.
01-22 19:09:53.090 D/CCodecBufferChannel(16548): [c2.mtk.vp9.decoder#768] Discard frames from previous generation.
01-22 19:09:53.090 D/PipelineWatcher(16548): onWorkDone: frameIndex not found (18446744073709551615); ignored
01-22 19:09:53.090 D/CCodecBufferChannel(16548): [c2.mtk.vp9.decoder#768] flushed work not feedInput.
01-22 19:09:53.090 D/CCodecBufferChannel(16548): [c2.mtk.vp9.decoder#768] flushed work; ignored.
01-22 19:09:53.090 D/CCodecBufferChannel(16548): [c2.mtk.vp9.decoder#768] Discard frames from previous generation.
01-22 19:09:53.090 D/PipelineWatcher(16548): onWorkDone: frameIndex not found (18446744073709551615); ignored
01-22 19:09:53.090 D/CCodecBufferChannel(16548): [c2.mtk.vp9.decoder#768] flushed work not feedInput.
01-22 19:09:53.101 D/CCodecBufferChannel(16548): [c2.mtk.vp9.decoder#768] flushed work; ignored.
01-22 19:09:53.101 D/CCodecBufferChannel(16548): [c2.mtk.vp9.decoder#768] Discard frames from previous generation.
01-22 19:09:53.101 D/PipelineWatcher(16548): onWorkDone: frameIndex not found (18446744073709551615); ignored
01-22 19:09:53.101 D/CCodecBufferChannel(16548): [c2.mtk.vp9.decoder#768] flushed work not feedInput.
01-22 19:09:53.155 D/CCodecBufferChannel(16548): [c2.mtk.vp9.decoder#768] flushed work; ignored.
01-22 19:09:53.155 D/CCodecBufferChannel(16548): [c2.mtk.vp9.decoder#768] Discard frames from previous generation.
01-22 19:09:53.155 D/PipelineWatcher(16548): onWorkDone: frameIndex not found (18446744073709551615); ignored
01-22 19:09:53.155 D/CCodecBufferChannel(16548): [c2.mtk.vp9.decoder#768] flushed work not feedInput.
01-22 19:09:53.156 D/CCodecBufferChannel(16548): [c2.mtk.vp9.decoder#768] flushed work; ignored.
01-22 19:09:53.156 D/CCodecBufferChannel(16548): [c2.mtk.vp9.decoder#768] Discard frames from previous generation.
01-22 19:09:53.156 D/PipelineWatcher(16548): onWorkDone: frameIndex not found (18446744073709551615); ignored
01-22 19:09:53.156 D/CCodecBufferChannel(16548): [c2.mtk.vp9.decoder#768] flushed work not feedInput.
01-22 19:09:53.167 D/CCodecBufferChannel(16548): [c2.mtk.vp9.decoder#768] flushed work; ignored.
01-22 19:09:53.167 D/CCodecBufferChannel(16548): [c2.mtk.vp9.decoder#768] Discard frames from previous generation.
01-22 19:09:53.167 D/PipelineWatcher(16548): onWorkDone: frameIndex not found (18446744073709551615); ignored
01-22 19:09:53.167 D/CCodecBufferChannel(16548): [c2.mtk.vp9.decoder#768] flushed work not feedInput.
01-22 19:09:53.221 D/CCodecBufferChannel(16548): [c2.mtk.vp9.decoder#768] flushed work; ignored.
01-22 19:09:53.221 D/CCodecBufferChannel(16548): [c2.mtk.vp9.decoder#768] Discard frames from previous generation.
01-22 19:09:53.221 D/PipelineWatcher(16548): onWorkDone: frameIndex not found (18446744073709551615); ignored
01-22 19:09:53.221 D/CCodecBufferChannel(16548): [c2.mtk.vp9.decoder#768] flushed work not feedInput.
01-22 19:09:53.222 D/CCodecBufferChannel(16548): [c2.mtk.vp9.decoder#768] flushed work; ignored.
01-22 19:09:53.222 D/CCodecBufferChannel(16548): [c2.mtk.vp9.decoder#768] Discard frames from previous generation.
01-22 19:09:53.222 D/PipelineWatcher(16548): onWorkDone: frameIndex not found (18446744073709551615); ignored
01-22 19:09:53.222 D/CCodecBufferChannel(16548): [c2.mtk.vp9.decoder#768] flushed work not feedInput.
01-22 19:09:53.232 D/CCodecBufferChannel(16548): [c2.mtk.vp9.decoder#768] flushed work; ignored.
01-22 19:09:53.232 D/CCodecBufferChannel(16548): [c2.mtk.vp9.decoder#768] Discard frames from previous generation.
01-22 19:09:53.232 D/PipelineWatcher(16548): onWorkDone: frameIndex not found (18446744073709551615); ignored
01-22 19:09:53.232 D/CCodecBufferChannel(16548): [c2.mtk.vp9.decoder#768] flushed work not feedInput.
01-22 19:09:53.255 D/CCodecBufferChannel(16548): [c2.mtk.vp9.decoder#768] flushed work; ignored.
01-22 19:09:53.255 D/CCodecBufferChannel(16548): [c2.mtk.vp9.decoder#768] Discard frames from previous generation.
01-22 19:09:53.255 D/PipelineWatcher(16548): onWorkDone: frameIndex not found (18446744073709551615); ignored
01-22 19:09:53.255 D/CCodecBufferChannel(16548): [c2.mtk.vp9.decoder#768] flushed work not feedInput.
01-22 19:09:53.255 D/CCodecBufferChannel(16548): [c2.mtk.vp9.decoder#768] flushed work; ignored.
01-22 19:09:53.255 D/CCodecBufferChannel(16548): [c2.mtk.vp9.decoder#768] Discard frames from previous generation.
01-22 19:09:53.255 D/PipelineWatcher(16548): onWorkDone: frameIndex not found (18446744073709551615); ignored
01-22 19:09:53.255 D/CCodecBufferChannel(16548): [c2.mtk.vp9.decoder#768] flushed work not feedInput.
01-22 19:09:53.267 D/CCodecBufferChannel(16548): [c2.mtk.vp9.decoder#768] flushed work; ignored.
01-22 19:09:53.267 D/CCodecBufferChannel(16548): [c2.mtk.vp9.decoder#768] Discard frames from previous generation.
01-22 19:09:53.267 D/PipelineWatcher(16548): onWorkDone: frameIndex not found (18446744073709551615); ignored
01-22 19:09:53.267 D/CCodecBufferChannel(16548): [c2.mtk.vp9.decoder#768] flushed work not feedInput.
01-22 19:09:53.332 D/CCodecBufferChannel(16548): [c2.mtk.vp9.decoder#768] flushed work; ignored.
01-22 19:09:53.332 D/CCodecBufferChannel(16548): [c2.mtk.vp9.decoder#768] Discard frames from previous generation.
01-22 19:09:53.332 D/PipelineWatcher(16548): onWorkDone: frameIndex not found (18446744073709551615); ignored
01-22 19:09:53.332 D/CCodecBufferChannel(16548): [c2.mtk.vp9.decoder#768] flushed work not feedInput.
01-22 19:09:53.332 D/CCodecBufferChannel(16548): [c2.mtk.vp9.decoder#768] flushed work; ignored.
01-22 19:09:53.332 D/CCodecBufferChannel(16548): [c2.mtk.vp9.decoder#768] Discard frames from previous generation.
01-22 19:09:53.332 D/PipelineWatcher(16548): onWorkDone: frameIndex not found (18446744073709551615); ignored
01-22 19:09:53.333 D/CCodecBufferChannel(16548): [c2.mtk.vp9.decoder#768] flushed work not feedInput.
01-22 19:09:53.343 D/CCodecBufferChannel(16548): [c2.mtk.vp9.decoder#768] flushed work; ignored.
01-22 19:09:53.343 D/CCodecBufferChannel(16548): [c2.mtk.vp9.decoder#768] Discard frames from previous generation.
01-22 19:09:53.343 D/PipelineWatcher(16548): onWorkDone: frameIndex not found (18446744073709551615); ignored
01-22 19:09:53.343 D/CCodecBufferChannel(16548): [c2.mtk.vp9.decoder#768] flushed work not feedInput.
01-22 19:09:53.401 I/OplusFeedbackInfo(16548): 0xb400007a364b1e00 c2.mtk.vp9.decoder 1080x1920 inputFps=29 outputFps=80 renderFps=30, discardFps=0
01-22 19:09:53.409 D/CCodecBufferChannel(16548): [c2.mtk.vp9.decoder#768] flushed work; ignored.
01-22 19:09:53.409 D/CCodecBufferChannel(16548): [c2.mtk.vp9.decoder#768] Discard frames from previous generation.
01-22 19:09:53.409 D/PipelineWatcher(16548): onWorkDone: frameIndex not found (18446744073709551615); ignored
01-22 19:09:53.409 D/CCodecBufferChannel(16548): [c2.mtk.vp9.decoder#768] flushed work not feedInput.
01-22 19:09:53.409 D/CCodecBufferChannel(16548): [c2.mtk.vp9.decoder#768] flushed work; ignored.
01-22 19:09:53.409 D/CCodecBufferChannel(16548): [c2.mtk.vp9.decoder#768] Discard frames from previous generation.
01-22 19:09:53.409 D/PipelineWatcher(16548): onWorkDone: frameIndex not found (18446744073709551615); ignored
01-22 19:09:53.409 D/CCodecBufferChannel(16548): [c2.mtk.vp9.decoder#768] flushed work not feedInput.
01-22 19:09:53.420 D/CCodecBufferChannel(16548): [c2.mtk.vp9.decoder#768] flushed work; ignored.
01-22 19:09:53.420 D/CCodecBufferChannel(16548): [c2.mtk.vp9.decoder#768] Discard frames from previous generation.
01-22 19:09:53.420 D/PipelineWatcher(16548): onWorkDone: frameIndex not found (18446744073709551615); ignored
01-22 19:09:53.420 D/CCodecBufferChannel(16548): [c2.mtk.vp9.decoder#768] flushed work not feedInput.
01-22 19:09:53.431 D/CCodecBufferChannel(16548): [c2.mtk.vp9.decoder#768] flushed work; ignored.
01-22 19:09:53.431 D/CCodecBufferChannel(16548): [c2.mtk.vp9.decoder#768] Discard frames from previous generation.
01-22 19:09:53.431 D/PipelineWatcher(16548): onWorkDone: frameIndex not found (18446744073709551615); ignored
01-22 19:09:53.431 D/CCodecBufferChannel(16548): [c2.mtk.vp9.decoder#768] flushed work not feedInput.
01-22 19:09:53.431 D/CCodecBufferChannel(16548): [c2.mtk.vp9.decoder#768] flushed work; ignored.
01-22 19:09:53.431 D/CCodecBufferChannel(16548): [c2.mtk.vp9.decoder#768] Discard frames from previous generation.
01-22 19:09:53.431 D/PipelineWatcher(16548): onWorkDone: frameIndex not found (18446744073709551615); ignored
01-22 19:09:53.431 D/CCodecBufferChannel(16548): [c2.mtk.vp9.decoder#768] flushed work not feedInput.
01-22 19:09:53.441 D/CCodecBufferChannel(16548): [c2.mtk.vp9.decoder#768] flushed work; ignored.
01-22 19:09:53.441 D/CCodecBufferChannel(16548): [c2.mtk.vp9.decoder#768] Discard frames from previous generation.
01-22 19:09:53.441 D/PipelineWatcher(16548): onWorkDone: frameIndex not found (18446744073709551615); ignored
01-22 19:09:53.442 D/CCodecBufferChannel(16548): [c2.mtk.vp9.decoder#768] flushed work not feedInput.
01-22 19:09:53.449 D/BufferPoolAccessor2.0(16548): bufferpool2 0xb40000796a636828 : 8(16752640 size) total buffers - 8(16752640 size) used buffers - 0/8 (recycle/alloc) - 10/2913 (fetch/transfer)
01-22 19:09:53.496 D/CCodecBufferChannel(16548): [c2.mtk.vp9.decoder#768] flushed work; ignored.
01-22 19:09:53.496 D/CCodecBufferChannel(16548): [c2.mtk.vp9.decoder#768] Discard frames from previous generation.
01-22 19:09:53.496 D/PipelineWatcher(16548): onWorkDone: frameIndex not found (18446744073709551615); ignored
01-22 19:09:53.496 D/CCodecBufferChannel(16548): [c2.mtk.vp9.decoder#768] flushed work not feedInput.
01-22 19:09:53.497 D/CCodecBufferChannel(16548): [c2.mtk.vp9.decoder#768] flushed work; ignored.
01-22 19:09:53.497 D/CCodecBufferChannel(16548): [c2.mtk.vp9.decoder#768] Discard frames from previous generation.
01-22 19:09:53.497 D/PipelineWatcher(16548): onWorkDone: frameIndex not found (18446744073709551615); ignored
01-22 19:09:53.497 D/CCodecBufferChannel(16548): [c2.mtk.vp9.decoder#768] flushed work not feedInput.
01-22 19:09:53.507 D/CCodecBufferChannel(16548): [c2.mtk.vp9.decoder#768] flushed work; ignored.
01-22 19:09:53.507 D/CCodecBufferChannel(16548): [c2.mtk.vp9.decoder#768] Discard frames from previous generation.
01-22 19:09:53.507 D/PipelineWatcher(16548): onWorkDone: frameIndex not found (18446744073709551615); ignored
01-22 19:09:53.507 D/CCodecBufferChannel(16548): [c2.mtk.vp9.decoder#768] flushed work not feedInput.
01-22 19:09:53.563 D/CCodecBufferChannel(16548): [c2.mtk.vp9.decoder#768] flushed work; ignored.
01-22 19:09:53.563 D/CCodecBufferChannel(16548): [c2.mtk.vp9.decoder#768] Discard frames from previous generation.
01-22 19:09:53.563 D/PipelineWatcher(16548): onWorkDone: frameIndex not found (18446744073709551615); ignored
01-22 19:09:53.563 D/CCodecBufferChannel(16548): [c2.mtk.vp9.decoder#768] flushed work not feedInput.
01-22 19:09:53.563 D/CCodecBufferChannel(16548): [c2.mtk.vp9.decoder#768] flushed work; ignored.
01-22 19:09:53.563 D/CCodecBufferChannel(16548): [c2.mtk.vp9.decoder#768] Discard frames from previous generation.
01-22 19:09:53.563 D/PipelineWatcher(16548): onWorkDone: frameIndex not found (18446744073709551615); ignored
01-22 19:09:53.563 D/CCodecBufferChannel(16548): [c2.mtk.vp9.decoder#768] flushed work not feedInput.
01-22 19:09:53.570 D/OplusAtlas.OplusMessageHandler( 3300): handleMessage: Msg { when=-1ms what=0 target=com.oplus.atlas.OplusMessageHandler$MyHandler }
01-22 19:09:53.574 D/CCodecBufferChannel(16548): [c2.mtk.vp9.decoder#768] flushed work; ignored.
01-22 19:09:53.574 D/CCodecBufferChannel(16548): [c2.mtk.vp9.decoder#768] Discard frames from previous generation.
01-22 19:09:53.574 D/PipelineWatcher(16548): onWorkDone: frameIndex not found (18446744073709551615); ignored
01-22 19:09:53.574 D/CCodecBufferChannel(16548): [c2.mtk.vp9.decoder#768] flushed work not feedInput.
01-22 19:09:53.597 D/CCodecBufferChannel(16548): [c2.mtk.vp9.decoder#768] flushed work; ignored.
01-22 19:09:53.597 D/CCodecBufferChannel(16548): [c2.mtk.vp9.decoder#768] Discard frames from previous generation.
01-22 19:09:53.597 D/PipelineWatcher(16548): onWorkDone: frameIndex not found (18446744073709551615); ignored
01-22 19:09:53.597 D/CCodecBufferChannel(16548): [c2.mtk.vp9.decoder#768] flushed work not feedInput.
01-22 19:09:53.597 D/CCodecBufferChannel(16548): [c2.mtk.vp9.decoder#768] flushed work; ignored.
01-22 19:09:53.597 D/CCodecBufferChannel(16548): [c2.mtk.vp9.decoder#768] Discard frames from previous generation.
01-22 19:09:53.597 D/PipelineWatcher(16548): onWorkDone: frameIndex not found (18446744073709551615); ignored
01-22 19:09:53.597 D/CCodecBufferChannel(16548): [c2.mtk.vp9.decoder#768] flushed work not feedInput.
01-22 19:09:53.607 D/CCodecBufferChannel(16548): [c2.mtk.vp9.decoder#768] flushed work; ignored.
01-22 19:09:53.607 D/CCodecBufferChannel(16548): [c2.mtk.vp9.decoder#768] Discard frames from previous generation.
01-22 19:09:53.607 D/PipelineWatcher(16548): onWorkDone: frameIndex not found (18446744073709551615); ignored
01-22 19:09:53.607 D/CCodecBufferChannel(16548): [c2.mtk.vp9.decoder#768] flushed work not feedInput.
01-22 19:09:53.641 D/CCodecBufferChannel(16548): [c2.mtk.vp9.decoder#768] DEBUG: elapsed: mInputMetEos 29, hasPendingOutputsInClient 0, n=1 [in=4 pipeline=0 out=25]
01-22 19:09:53.642 D/PipelineWatcher(16548): [0xb400007967c40a80] elapsed: mFramesInPipeline 8, n 29
01-22 19:09:53.663 D/CCodecBufferChannel(16548): [c2.mtk.vp9.decoder#768] flushed work; ignored.
01-22 19:09:53.663 D/CCodecBufferChannel(16548): [c2.mtk.vp9.decoder#768] Discard frames from previous generation.
01-22 19:09:53.663 D/PipelineWatcher(16548): onWorkDone: frameIndex not found (18446744073709551615); ignored
01-22 19:09:53.663 D/CCodecBufferChannel(16548): [c2.mtk.vp9.decoder#768] flushed work not feedInput.
01-22 19:09:53.664 D/CCodecBufferChannel(16548): [c2.mtk.vp9.decoder#768] flushed work; ignored.
01-22 19:09:53.664 D/CCodecBufferChannel(16548): [c2.mtk.vp9.decoder#768] Discard frames from previous generation.
01-22 19:09:53.664 D/PipelineWatcher(16548): onWorkDone: frameIndex not found (18446744073709551615); ignored
01-22 19:09:53.664 D/CCodecBufferChannel(16548): [c2.mtk.vp9.decoder#768] flushed work not feedInput.
01-22 19:09:53.674 D/CCodecBufferChannel(16548): [c2.mtk.vp9.decoder#768] flushed work; ignored.
01-22 19:09:53.674 D/CCodecBufferChannel(16548): [c2.mtk.vp9.decoder#768] Discard frames from previous generation.
01-22 19:09:53.674 D/PipelineWatcher(16548): onWorkDone: frameIndex not found (18446744073709551615); ignored
01-22 19:09:53.674 D/CCodecBufferChannel(16548): [c2.mtk.vp9.decoder#768] flushed work not feedInput.
01-22 19:09:53.729 D/CCodecBufferChannel(16548): [c2.mtk.vp9.decoder#768] flushed work; ignored.
01-22 19:09:53.729 D/CCodecBufferChannel(16548): [c2.mtk.vp9.decoder#768] Discard frames from previous generation.
01-22 19:09:53.729 D/PipelineWatcher(16548): onWorkDone: frameIndex not found (18446744073709551615); ignored
01-22 19:09:53.729 D/CCodecBufferChannel(16548): [c2.mtk.vp9.decoder#768] flushed work not feedInput.
01-22 19:09:53.729 D/CCodecBufferChannel(16548): [c2.mtk.vp9.decoder#768] flushed work; ignored.
01-22 19:09:53.729 D/CCodecBufferChannel(16548): [c2.mtk.vp9.decoder#768] Discard frames from previous generation.
01-22 19:09:53.729 D/PipelineWatcher(16548): onWorkDone: frameIndex not found (18446744073709551615); ignored
01-22 19:09:53.729 D/CCodecBufferChannel(16548): [c2.mtk.vp9.decoder#768] flushed work not feedInput.
01-22 19:09:53.740 D/CCodecBufferChannel(16548): [c2.mtk.vp9.decoder#768] flushed work; ignored.
01-22 19:09:53.740 D/CCodecBufferChannel(16548): [c2.mtk.vp9.decoder#768] Discard frames from previous generation.
01-22 19:09:53.740 D/PipelineWatcher(16548): onWorkDone: frameIndex not found (18446744073709551615); ignored
01-22 19:09:53.740 D/CCodecBufferChannel(16548): [c2.mtk.vp9.decoder#768] flushed work not feedInput.
01-22 19:09:53.774 D/CCodecBufferChannel(16548): [c2.mtk.vp9.decoder#768] flushed work; ignored.
01-22 19:09:53.774 D/CCodecBufferChannel(16548): [c2.mtk.vp9.decoder#768] Discard frames from previous generation.
01-22 19:09:53.774 D/PipelineWatcher(16548): onWorkDone: frameIndex not found (18446744073709551615); ignored
01-22 19:09:53.774 D/CCodecBufferChannel(16548): [c2.mtk.vp9.decoder#768] flushed work not feedInput.
01-22 19:09:53.774 D/CCodecBufferChannel(16548): [c2.mtk.vp9.decoder#768] flushed work; ignored.
01-22 19:09:53.774 D/CCodecBufferChannel(16548): [c2.mtk.vp9.decoder#768] Discard frames from previous generation.
01-22 19:09:53.774 D/PipelineWatcher(16548): onWorkDone: frameIndex not found (18446744073709551615); ignored
01-22 19:09:53.774 D/CCodecBufferChannel(16548): [c2.mtk.vp9.decoder#768] flushed work not feedInput.
01-22 19:09:53.785 D/CCodecBufferChannel(16548): [c2.mtk.vp9.decoder#768] flushed work; ignored.
01-22 19:09:53.785 D/CCodecBufferChannel(16548): [c2.mtk.vp9.decoder#768] Discard frames from previous generation.
01-22 19:09:53.785 D/PipelineWatcher(16548): onWorkDone: frameIndex not found (18446744073709551615); ignored
01-22 19:09:53.785 D/CCodecBufferChannel(16548): [c2.mtk.vp9.decoder#768] flushed work not feedInput.
01-22 19:09:53.829 D/CCodecBufferChannel(16548): [c2.mtk.vp9.decoder#768] flushed work; ignored.
01-22 19:09:53.829 D/CCodecBufferChannel(16548): [c2.mtk.vp9.decoder#768] Discard frames from previous generation.
01-22 19:09:53.829 D/PipelineWatcher(16548): onWorkDone: frameIndex not found (18446744073709551615); ignored
01-22 19:09:53.829 D/CCodecBufferChannel(16548): [c2.mtk.vp9.decoder#768] flushed work not feedInput.
01-22 19:09:53.829 D/CCodecBufferChannel(16548): [c2.mtk.vp9.decoder#768] flushed work; ignored.
01-22 19:09:53.829 D/CCodecBufferChannel(16548): [c2.mtk.vp9.decoder#768] Discard frames from previous generation.
01-22 19:09:53.830 D/PipelineWatcher(16548): onWorkDone: frameIndex not found (18446744073709551615); ignored
01-22 19:09:53.830 D/CCodecBufferChannel(16548): [c2.mtk.vp9.decoder#768] flushed work not feedInput.
01-22 19:09:53.840 D/CCodecBufferChannel(16548): [c2.mtk.vp9.decoder#768] flushed work; ignored.
01-22 19:09:53.840 D/CCodecBufferChannel(16548): [c2.mtk.vp9.decoder#768] Discard frames from previous generation.
01-22 19:09:53.840 D/PipelineWatcher(16548): onWorkDone: frameIndex not found (18446744073709551615); ignored
01-22 19:09:53.840 D/CCodecBufferChannel(16548): [c2.mtk.vp9.decoder#768] flushed work not feedInput.
01-22 19:09:53.875 W/Finsky  (27346): [2] STU: Failed to get storage stats for package 'com.google.android.media.swcodec' (1601: Error getting stats: android.content.pm.PackageManager.NameNotFoundException)
01-22 19:09:53.895 D/CCodecBufferChannel(16548): [c2.mtk.vp9.decoder#768] flushed work; ignored.
01-22 19:09:53.896 D/CCodecBufferChannel(16548): [c2.mtk.vp9.decoder#768] Discard frames from previous generation.
01-22 19:09:53.896 D/PipelineWatcher(16548): onWorkDone: frameIndex not found (18446744073709551615); ignored
01-22 19:09:53.896 D/CCodecBufferChannel(16548): [c2.mtk.vp9.decoder#768] flushed work not feedInput.
01-22 19:09:53.896 D/CCodecBufferChannel(16548): [c2.mtk.vp9.decoder#768] flushed work; ignored.
01-22 19:09:53.896 D/CCodecBufferChannel(16548): [c2.mtk.vp9.decoder#768] Discard frames from previous generation.
01-22 19:09:53.896 D/PipelineWatcher(16548): onWorkDone: frameIndex not found (18446744073709551615); ignored
01-22 19:09:53.896 D/CCodecBufferChannel(16548): [c2.mtk.vp9.decoder#768] flushed work not feedInput.
01-22 19:09:53.906 D/CCodecBufferChannel(16548): [c2.mtk.vp9.decoder#768] flushed work; ignored.
01-22 19:09:53.906 D/CCodecBufferChannel(16548): [c2.mtk.vp9.decoder#768] Discard frames from previous generation.
01-22 19:09:53.906 D/PipelineWatcher(16548): onWorkDone: frameIndex not found (18446744073709551615); ignored
01-22 19:09:53.906 D/CCodecBufferChannel(16548): [c2.mtk.vp9.decoder#768] flushed work not feedInput.
01-22 19:09:53.928 D/CCodecBufferChannel(16548): [c2.mtk.vp9.decoder#768] flushed work; ignored.
01-22 19:09:53.929 D/CCodecBufferChannel(16548): [c2.mtk.vp9.decoder#768] Discard frames from previous generation.
01-22 19:09:53.929 D/PipelineWatcher(16548): onWorkDone: frameIndex not found (18446744073709551615); ignored
01-22 19:09:53.929 D/CCodecBufferChannel(16548): [c2.mtk.vp9.decoder#768] flushed work not feedInput.
01-22 19:09:53.929 D/CCodecBufferChannel(16548): [c2.mtk.vp9.decoder#768] flushed work; ignored.
01-22 19:09:53.929 D/CCodecBufferChannel(16548): [c2.mtk.vp9.decoder#768] Discard frames from previous generation.
01-22 19:09:53.929 D/PipelineWatcher(16548): onWorkDone: frameIndex not found (18446744073709551615); ignored
01-22 19:09:53.929 D/CCodecBufferChannel(16548): [c2.mtk.vp9.decoder#768] flushed work not feedInput.
01-22 19:09:53.940 D/CCodecBufferChannel(16548): [c2.mtk.vp9.decoder#768] flushed work; ignored.
01-22 19:09:53.940 D/CCodecBufferChannel(16548): [c2.mtk.vp9.decoder#768] Discard frames from previous generation.
01-22 19:09:53.940 D/PipelineWatcher(16548): onWorkDone: frameIndex not found (18446744073709551615); ignored
01-22 19:09:53.940 D/CCodecBufferChannel(16548): [c2.mtk.vp9.decoder#768] flushed work not feedInput.
01-22 19:09:53.945 D/BoundBrokerSvc(24720): onUnbind: Intent { act=com.google.android.gms.safetynet.service.START pkg=com.google.android.gms }
01-22 19:09:53.996 D/CCodecBufferChannel(16548): [c2.mtk.vp9.decoder#768] flushed work; ignored.
01-22 19:09:53.996 D/CCodecBufferChannel(16548): [c2.mtk.vp9.decoder#768] Discard frames from previous generation.
01-22 19:09:53.996 D/PipelineWatcher(16548): onWorkDone: frameIndex not found (18446744073709551615); ignored
01-22 19:09:53.996 D/CCodecBufferChannel(16548): [c2.mtk.vp9.decoder#768] flushed work not feedInput.
01-22 19:09:53.996 D/CCodecBufferChannel(16548): [c2.mtk.vp9.decoder#768] flushed work; ignored.
01-22 19:09:53.996 D/CCodecBufferChannel(16548): [c2.mtk.vp9.decoder#768] Discard frames from previous generation.
01-22 19:09:53.996 D/PipelineWatcher(16548): onWorkDone: frameIndex not found (18446744073709551615); ignored
01-22 19:09:53.996 D/CCodecBufferChannel(16548): [c2.mtk.vp9.decoder#768] flushed work not feedInput.
01-22 19:09:54.007 D/CCodecBufferChannel(16548): [c2.mtk.vp9.decoder#768] flushed work; ignored.
01-22 19:09:54.007 D/CCodecBufferChannel(16548): [c2.mtk.vp9.decoder#768] Discard frames from previous generation.
01-22 19:09:54.007 D/PipelineWatcher(16548): onWorkDone: frameIndex not found (18446744073709551615); ignored
01-22 19:09:54.007 D/CCodecBufferChannel(16548): [c2.mtk.vp9.decoder#768] flushed work not feedInput.
01-22 19:09:54.032 E/FilePhenotypeFlags(15743): Config package com.google.android.gms.clearcut_client#com.coloros.phonemanager cannot use FILE backing without declarative registration. See go/phenotype-android-integration#phenotype for more information. This will lead to stale flags.
01-22 19:09:54.044 W/Finsky  (27346): [2] STU: Failed to get storage stats for package 'com.google.android.adbd' (1601: Error getting stats: android.content.pm.PackageManager.NameNotFoundException)
01-22 19:09:54.061 D/CCodecBufferChannel(16548): [c2.mtk.vp9.decoder#768] flushed work; ignored.
01-22 19:09:54.061 D/CCodecBufferChannel(16548): [c2.mtk.vp9.decoder#768] Discard frames from previous generation.
01-22 19:09:54.061 D/PipelineWatcher(16548): onWorkDone: frameIndex not found (18446744073709551615); ignored
01-22 19:09:54.061 D/CCodecBufferChannel(16548): [c2.mtk.vp9.decoder#768] flushed work not feedInput.
01-22 19:09:54.062 D/CCodecBufferChannel(16548): [c2.mtk.vp9.decoder#768] flushed work; ignored.
01-22 19:09:54.062 D/CCodecBufferChannel(16548): [c2.mtk.vp9.decoder#768] Discard frames from previous generation.
01-22 19:09:54.062 D/PipelineWatcher(16548): onWorkDone: frameIndex not found (18446744073709551615); ignored
01-22 19:09:54.062 D/CCodecBufferChannel(16548): [c2.mtk.vp9.decoder#768] flushed work not feedInput.
01-22 19:09:54.072 D/CCodecBufferChannel(16548): [c2.mtk.vp9.decoder#768] flushed work; ignored.
01-22 19:09:54.072 D/CCodecBufferChannel(16548): [c2.mtk.vp9.decoder#768] Discard frames from previous generation.
01-22 19:09:54.072 D/PipelineWatcher(16548): onWorkDone: frameIndex not found (18446744073709551615); ignored
01-22 19:09:54.072 D/CCodecBufferChannel(16548): [c2.mtk.vp9.decoder#768] flushed work not feedInput.
01-22 19:09:54.082 E/FilePhenotypeFlags(15743): Config package com.google.android.gms.clearcut_client#com.coloros.phonemanager cannot use FILE backing without declarative registration. See go/phenotype-android-integration#phenotype for more information. This will lead to stale flags.
01-22 19:09:54.082 E/FilePhenotypeFlags(15743): Config package com.google.android.gms.clearcut_client#com.coloros.phonemanager cannot use FILE backing without declarative registration. See go/phenotype-android-integration#phenotype for more information. This will lead to stale flags.
01-22 19:09:54.095 D/CCodecBufferChannel(16548): [c2.mtk.vp9.decoder#768] flushed work; ignored.
01-22 19:09:54.095 D/CCodecBufferChannel(16548): [c2.mtk.vp9.decoder#768] Discard frames from previous generation.
01-22 19:09:54.095 D/PipelineWatcher(16548): onWorkDone: frameIndex not found (18446744073709551615); ignored
01-22 19:09:54.095 D/CCodecBufferChannel(16548): [c2.mtk.vp9.decoder#768] flushed work not feedInput.
01-22 19:09:54.095 D/CCodecBufferChannel(16548): [c2.mtk.vp9.decoder#768] flushed work; ignored.
01-22 19:09:54.095 D/CCodecBufferChannel(16548): [c2.mtk.vp9.decoder#768] Discard frames from previous generation.
01-22 19:09:54.095 D/PipelineWatcher(16548): onWorkDone: frameIndex not found (18446744073709551615); ignored
01-22 19:09:54.095 D/CCodecBufferChannel(16548): [c2.mtk.vp9.decoder#768] flushed work not feedInput.
01-22 19:09:54.105 D/CCodecBufferChannel(16548): [c2.mtk.vp9.decoder#768] flushed work; ignored.
01-22 19:09:54.105 D/CCodecBufferChannel(16548): [c2.mtk.vp9.decoder#768] Discard frames from previous generation.
01-22 19:09:54.105 D/PipelineWatcher(16548): onWorkDone: frameIndex not found (18446744073709551615); ignored
01-22 19:09:54.106 D/CCodecBufferChannel(16548): [c2.mtk.vp9.decoder#768] flushed work not feedInput.
01-22 19:09:54.109 W/Finsky  (27346): [2] STU: Failed to get storage stats for package 'com.google.android.conscrypt' (1601: Error getting stats: android.content.pm.PackageManager.NameNotFoundException)
01-22 19:09:54.161 D/CCodecBufferChannel(16548): [c2.mtk.vp9.decoder#768] flushed work; ignored.
01-22 19:09:54.161 D/CCodecBufferChannel(16548): [c2.mtk.vp9.decoder#768] Discard frames from previous generation.
01-22 19:09:54.161 D/PipelineWatcher(16548): onWorkDone: frameIndex not found (18446744073709551615); ignored
01-22 19:09:54.161 D/CCodecBufferChannel(16548): [c2.mtk.vp9.decoder#768] flushed work not feedInput.
01-22 19:09:54.161 D/CCodecBufferChannel(16548): [c2.mtk.vp9.decoder#768] flushed work; ignored.
01-22 19:09:54.161 D/CCodecBufferChannel(16548): [c2.mtk.vp9.decoder#768] Discard frames from previous generation.
01-22 19:09:54.161 D/PipelineWatcher(16548): onWorkDone: frameIndex not found (18446744073709551615); ignored
01-22 19:09:54.161 D/CCodecBufferChannel(16548): [c2.mtk.vp9.decoder#768] flushed work not feedInput.
01-22 19:09:54.172 D/CCodecBufferChannel(16548): [c2.mtk.vp9.decoder#768] flushed work; ignored.
01-22 19:09:54.172 D/CCodecBufferChannel(16548): [c2.mtk.vp9.decoder#768] Discard frames from previous generation.
01-22 19:09:54.172 D/PipelineWatcher(16548): onWorkDone: frameIndex not found (18446744073709551615); ignored
01-22 19:09:54.172 D/CCodecBufferChannel(16548): [c2.mtk.vp9.decoder#768] flushed work not feedInput.
01-22 19:09:54.228 D/CCodecBufferChannel(16548): [c2.mtk.vp9.decoder#768] flushed work; ignored.
01-22 19:09:54.228 D/CCodecBufferChannel(16548): [c2.mtk.vp9.decoder#768] Discard frames from previous generation.
01-22 19:09:54.228 D/PipelineWatcher(16548): onWorkDone: frameIndex not found (18446744073709551615); ignored
01-22 19:09:54.228 D/CCodecBufferChannel(16548): [c2.mtk.vp9.decoder#768] flushed work not feedInput.
01-22 19:09:54.229 D/CCodecBufferChannel(16548): [c2.mtk.vp9.decoder#768] flushed work; ignored.
01-22 19:09:54.229 D/CCodecBufferChannel(16548): [c2.mtk.vp9.decoder#768] Discard frames from previous generation.
01-22 19:09:54.229 D/PipelineWatcher(16548): onWorkDone: frameIndex not found (18446744073709551615); ignored
01-22 19:09:54.229 D/CCodecBufferChannel(16548): [c2.mtk.vp9.decoder#768] flushed work not feedInput.
01-22 19:09:54.239 D/CCodecBufferChannel(16548): [c2.mtk.vp9.decoder#768] flushed work; ignored.
01-22 19:09:54.239 D/CCodecBufferChannel(16548): [c2.mtk.vp9.decoder#768] Discard frames from previous generation.
01-22 19:09:54.239 D/PipelineWatcher(16548): onWorkDone: frameIndex not found (18446744073709551615); ignored
01-22 19:09:54.240 D/CCodecBufferChannel(16548): [c2.mtk.vp9.decoder#768] flushed work not feedInput.
01-22 19:09:54.262 D/CCodecBufferChannel(16548): [c2.mtk.vp9.decoder#768] flushed work; ignored.
01-22 19:09:54.262 D/CCodecBufferChannel(16548): [c2.mtk.vp9.decoder#768] Discard frames from previous generation.
01-22 19:09:54.262 D/PipelineWatcher(16548): onWorkDone: frameIndex not found (18446744073709551615); ignored
01-22 19:09:54.262 D/CCodecBufferChannel(16548): [c2.mtk.vp9.decoder#768] flushed work not feedInput.
01-22 19:09:54.262 D/CCodecBufferChannel(16548): [c2.mtk.vp9.decoder#768] flushed work; ignored.
01-22 19:09:54.263 D/CCodecBufferChannel(16548): [c2.mtk.vp9.decoder#768] Discard frames from previous generation.
01-22 19:09:54.263 D/PipelineWatcher(16548): onWorkDone: frameIndex not found (18446744073709551615); ignored
01-22 19:09:54.263 D/CCodecBufferChannel(16548): [c2.mtk.vp9.decoder#768] flushed work not feedInput.
01-22 19:09:54.273 D/CCodecBufferChannel(16548): [c2.mtk.vp9.decoder#768] flushed work; ignored.
01-22 19:09:54.273 D/CCodecBufferChannel(16548): [c2.mtk.vp9.decoder#768] Discard frames from previous generation.
01-22 19:09:54.273 D/PipelineWatcher(16548): onWorkDone: frameIndex not found (18446744073709551615); ignored
01-22 19:09:54.273 D/CCodecBufferChannel(16548): [c2.mtk.vp9.decoder#768] flushed work not feedInput.
01-22 19:09:54.327 D/CCodecBufferChannel(16548): [c2.mtk.vp9.decoder#768] flushed work; ignored.
01-22 19:09:54.327 D/CCodecBufferChannel(16548): [c2.mtk.vp9.decoder#768] Discard frames from previous generation.
01-22 19:09:54.327 D/PipelineWatcher(16548): onWorkDone: frameIndex not found (18446744073709551615); ignored
01-22 19:09:54.327 D/CCodecBufferChannel(16548): [c2.mtk.vp9.decoder#768] flushed work not feedInput.
01-22 19:09:54.327 D/CCodecBufferChannel(16548): [c2.mtk.vp9.decoder#768] flushed work; ignored.
01-22 19:09:54.327 D/CCodecBufferChannel(16548): [c2.mtk.vp9.decoder#768] Discard frames from previous generation.
01-22 19:09:54.327 D/PipelineWatcher(16548): onWorkDone: frameIndex not found (18446744073709551615); ignored
01-22 19:09:54.327 D/CCodecBufferChannel(16548): [c2.mtk.vp9.decoder#768] flushed work not feedInput.
01-22 19:09:54.338 D/CCodecBufferChannel(16548): [c2.mtk.vp9.decoder#768] flushed work; ignored.
01-22 19:09:54.338 D/CCodecBufferChannel(16548): [c2.mtk.vp9.decoder#768] Discard frames from previous generation.
01-22 19:09:54.338 D/PipelineWatcher(16548): onWorkDone: frameIndex not found (18446744073709551615); ignored
01-22 19:09:54.338 D/CCodecBufferChannel(16548): [c2.mtk.vp9.decoder#768] flushed work not feedInput.
01-22 19:09:54.393 D/CCodecBufferChannel(16548): [c2.mtk.vp9.decoder#768] flushed work; ignored.
01-22 19:09:54.393 D/CCodecBufferChannel(16548): [c2.mtk.vp9.decoder#768] Discard frames from previous generation.
01-22 19:09:54.393 D/PipelineWatcher(16548): onWorkDone: frameIndex not found (18446744073709551615); ignored
01-22 19:09:54.393 D/CCodecBufferChannel(16548): [c2.mtk.vp9.decoder#768] flushed work not feedInput.
01-22 19:09:54.394 D/CCodecBufferChannel(16548): [c2.mtk.vp9.decoder#768] flushed work; ignored.
01-22 19:09:54.394 D/CCodecBufferChannel(16548): [c2.mtk.vp9.decoder#768] Discard frames from previous generation.
01-22 19:09:54.394 D/PipelineWatcher(16548): onWorkDone: frameIndex not found (18446744073709551615); ignored
01-22 19:09:54.394 D/CCodecBufferChannel(16548): [c2.mtk.vp9.decoder#768] flushed work not feedInput.
01-22 19:09:54.401 I/OplusFeedbackInfo(16548): 0xb400007a364b1e00 c2.mtk.vp9.decoder 1080x1920 inputFps=31 outputFps=87 renderFps=30, discardFps=0
01-22 19:09:54.404 D/CCodecBufferChannel(16548): [c2.mtk.vp9.decoder#768] flushed work; ignored.
01-22 19:09:54.404 D/CCodecBufferChannel(16548): [c2.mtk.vp9.decoder#768] Discard frames from previous generation.
01-22 19:09:54.404 D/PipelineWatcher(16548): onWorkDone: frameIndex not found (18446744073709551615); ignored
01-22 19:09:54.404 D/CCodecBufferChannel(16548): [c2.mtk.vp9.decoder#768] flushed work not feedInput.
01-22 19:09:54.427 D/CCodecBufferChannel(16548): [c2.mtk.vp9.decoder#768] flushed work; ignored.
01-22 19:09:54.427 D/CCodecBufferChannel(16548): [c2.mtk.vp9.decoder#768] Discard frames from previous generation.
01-22 19:09:54.427 D/PipelineWatcher(16548): onWorkDone: frameIndex not found (18446744073709551615); ignored
01-22 19:09:54.427 D/CCodecBufferChannel(16548): [c2.mtk.vp9.decoder#768] flushed work not feedInput.
01-22 19:09:54.427 D/CCodecBufferChannel(16548): [c2.mtk.vp9.decoder#768] flushed work; ignored.
01-22 19:09:54.427 D/CCodecBufferChannel(16548): [c2.mtk.vp9.decoder#768] Discard frames from previous generation.
01-22 19:09:54.427 D/PipelineWatcher(16548): onWorkDone: frameIndex not found (18446744073709551615); ignored
01-22 19:09:54.427 D/CCodecBufferChannel(16548): [c2.mtk.vp9.decoder#768] flushed work not feedInput.
01-22 19:09:54.438 D/CCodecBufferChannel(16548): [c2.mtk.vp9.decoder#768] flushed work; ignored.
01-22 19:09:54.438 D/CCodecBufferChannel(16548): [c2.mtk.vp9.decoder#768] Discard frames from previous generation.
01-22 19:09:54.438 D/PipelineWatcher(16548): onWorkDone: frameIndex not found (18446744073709551615); ignored
01-22 19:09:54.438 D/CCodecBufferChannel(16548): [c2.mtk.vp9.decoder#768] flushed work not feedInput.
01-22 19:09:54.492 D/CCodecBufferChannel(16548): [c2.mtk.vp9.decoder#768] flushed work; ignored.
01-22 19:09:54.493 D/CCodecBufferChannel(16548): [c2.mtk.vp9.decoder#768] Discard frames from previous generation.
01-22 19:09:54.493 D/PipelineWatcher(16548): onWorkDone: frameIndex not found (18446744073709551615); ignored
01-22 19:09:54.493 D/CCodecBufferChannel(16548): [c2.mtk.vp9.decoder#768] flushed work not feedInput.
01-22 19:09:54.493 D/CCodecBufferChannel(16548): [c2.mtk.vp9.decoder#768] flushed work; ignored.
01-22 19:09:54.493 D/CCodecBufferChannel(16548): [c2.mtk.vp9.decoder#768] Discard frames from previous generation.
01-22 19:09:54.493 D/PipelineWatcher(16548): onWorkDone: frameIndex not found (18446744073709551615); ignored
01-22 19:09:54.493 D/CCodecBufferChannel(16548): [c2.mtk.vp9.decoder#768] flushed work not feedInput.
01-22 19:09:54.503 D/CCodecBufferChannel(16548): [c2.mtk.vp9.decoder#768] flushed work; ignored.
01-22 19:09:54.503 D/CCodecBufferChannel(16548): [c2.mtk.vp9.decoder#768] Discard frames from previous generation.
01-22 19:09:54.503 D/PipelineWatcher(16548): onWorkDone: frameIndex not found (18446744073709551615); ignored
01-22 19:09:54.503 D/CCodecBufferChannel(16548): [c2.mtk.vp9.decoder#768] flushed work not feedInput.
01-22 19:09:54.557 D/CCodecBufferChannel(16548): [c2.mtk.vp9.decoder#768] flushed work; ignored.
01-22 19:09:54.557 D/CCodecBufferChannel(16548): [c2.mtk.vp9.decoder#768] Discard frames from previous generation.
01-22 19:09:54.557 D/PipelineWatcher(16548): onWorkDone: frameIndex not found (18446744073709551615); ignored
01-22 19:09:54.557 D/CCodecBufferChannel(16548): [c2.mtk.vp9.decoder#768] flushed work not feedInput.
01-22 19:09:54.557 D/CCodecBufferChannel(16548): [c2.mtk.vp9.decoder#768] flushed work; ignored.
01-22 19:09:54.557 D/CCodecBufferChannel(16548): [c2.mtk.vp9.decoder#768] Discard frames from previous generation.
01-22 19:09:54.557 D/PipelineWatcher(16548): onWorkDone: frameIndex not found (18446744073709551615); ignored
01-22 19:09:54.557 D/CCodecBufferChannel(16548): [c2.mtk.vp9.decoder#768] flushed work not feedInput.
01-22 19:09:54.567 D/CCodecBufferChannel(16548): [c2.mtk.vp9.decoder#768] flushed work; ignored.
01-22 19:09:54.567 D/CCodecBufferChannel(16548): [c2.mtk.vp9.decoder#768] Discard frames from previous generation.
01-22 19:09:54.567 D/PipelineWatcher(16548): onWorkDone: frameIndex not found (18446744073709551615); ignored
01-22 19:09:54.567 D/CCodecBufferChannel(16548): [c2.mtk.vp9.decoder#768] flushed work not feedInput.
01-22 19:09:54.573 D/OplusAtlas.OplusMessageHandler( 3300): handleMessage: Msg { when=-1ms what=0 target=com.oplus.atlas.OplusMessageHandler$MyHandler }
01-22 19:09:54.590 D/CCodecBufferChannel(16548): [c2.mtk.vp9.decoder#768] flushed work; ignored.
01-22 19:09:54.590 D/CCodecBufferChannel(16548): [c2.mtk.vp9.decoder#768] Discard frames from previous generation.
01-22 19:09:54.590 D/PipelineWatcher(16548): onWorkDone: frameIndex not found (18446744073709551615); ignored
01-22 19:09:54.590 D/CCodecBufferChannel(16548): [c2.mtk.vp9.decoder#768] flushed work not feedInput.
01-22 19:09:54.590 D/CCodecBufferChannel(16548): [c2.mtk.vp9.decoder#768] flushed work; ignored.
01-22 19:09:54.590 D/CCodecBufferChannel(16548): [c2.mtk.vp9.decoder#768] Discard frames from previous generation.
01-22 19:09:54.590 D/PipelineWatcher(16548): onWorkDone: frameIndex not found (18446744073709551615); ignored
01-22 19:09:54.590 D/CCodecBufferChannel(16548): [c2.mtk.vp9.decoder#768] flushed work not feedInput.
01-22 19:09:54.602 D/CCodecBufferChannel(16548): [c2.mtk.vp9.decoder#768] flushed work; ignored.
01-22 19:09:54.602 D/CCodecBufferChannel(16548): [c2.mtk.vp9.decoder#768] Discard frames from previous generation.
01-22 19:09:54.602 D/PipelineWatcher(16548): onWorkDone: frameIndex not found (18446744073709551615); ignored
01-22 19:09:54.602 D/CCodecBufferChannel(16548): [c2.mtk.vp9.decoder#768] flushed work not feedInput.
01-22 19:09:54.658 D/CCodecBufferChannel(16548): [c2.mtk.vp9.decoder#768] flushed work; ignored.
01-22 19:09:54.658 D/CCodecBufferChannel(16548): [c2.mtk.vp9.decoder#768] Discard frames from previous generation.
01-22 19:09:54.658 D/PipelineWatcher(16548): onWorkDone: frameIndex not found (18446744073709551615); ignored
01-22 19:09:54.658 D/CCodecBufferChannel(16548): [c2.mtk.vp9.decoder#768] flushed work not feedInput.
01-22 19:09:54.658 D/CCodecBufferChannel(16548): [c2.mtk.vp9.decoder#768] flushed work; ignored.
01-22 19:09:54.658 D/CCodecBufferChannel(16548): [c2.mtk.vp9.decoder#768] Discard frames from previous generation.
01-22 19:09:54.658 D/PipelineWatcher(16548): onWorkDone: frameIndex not found (18446744073709551615); ignored
01-22 19:09:54.658 D/CCodecBufferChannel(16548): [c2.mtk.vp9.decoder#768] flushed work not feedInput.
01-22 19:09:54.668 D/CCodecBufferChannel(16548): [c2.mtk.vp9.decoder#768] flushed work; ignored.
01-22 19:09:54.668 D/CCodecBufferChannel(16548): [c2.mtk.vp9.decoder#768] Discard frames from previous generation.
01-22 19:09:54.668 D/PipelineWatcher(16548): onWorkDone: frameIndex not found (18446744073709551615); ignored
01-22 19:09:54.668 D/CCodecBufferChannel(16548): [c2.mtk.vp9.decoder#768] flushed work not feedInput.
01-22 19:09:54.702 W/Finsky  (27346): [2] STU: Failed to get storage stats for package 'com.google.android.neuralnetworks' (1601: Error getting stats: android.content.pm.PackageManager.NameNotFoundException)
01-22 19:09:54.713 W/Finsky  (27346): [2] STU: Failed to get storage stats for package 'com.google.android.ipsec' (1601: Error getting stats: android.content.pm.PackageManager.NameNotFoundException)
01-22 19:09:54.723 D/CCodecBufferChannel(16548): [c2.mtk.vp9.decoder#768] flushed work; ignored.
01-22 19:09:54.723 D/CCodecBufferChannel(16548): [c2.mtk.vp9.decoder#768] Discard frames from previous generation.
01-22 19:09:54.723 D/PipelineWatcher(16548): onWorkDone: frameIndex not found (18446744073709551615); ignored
01-22 19:09:54.723 D/CCodecBufferChannel(16548): [c2.mtk.vp9.decoder#768] flushed work not feedInput.
01-22 19:09:54.723 D/CCodecBufferChannel(16548): [c2.mtk.vp9.decoder#768] flushed work; ignored.
