02-03 21:26:47.728 I/Quality (16146): Skipped: true 4 cost 75.64719 refreshRate 16550704 bit true processName com.wholexale.app.staging
02-03 21:26:47.769 I/Quality (16146): Skipped: true 2 cost 33.581722 refreshRate 16550777 bit true processName com.wholexale.app.staging
02-03 21:26:49.269 D/PowerManagerService( 1741): userActivityNoUpdateLocked: groupId=0, eventTime=103166593, event=2, flags=0x0, uid=1000
02-03 21:26:49.368 D/PowerManagerService( 1741): userActivityNoUpdateLocked: groupId=0, eventTime=103166696, event=2, flags=0x0, uid=1000
02-03 21:26:51.274 W/BatteryExternalStatsWorker( 1741): error reading Bluetooth stats: 11
02-03 21:26:51.670 D/PowerManagerService( 1741): userActivityNoUpdateLocked: groupId=0, eventTime=103168994, event=2, flags=0x0, uid=1000
02-03 21:26:51.769 D/PowerManagerService( 1741): userActivityNoUpdateLocked: groupId=0, eventTime=103169096, event=2, flags=0x0, uid=1000
02-03 21:26:51.879 D/PowerManagerService( 1741): userActivityNoUpdateLocked: groupId=0, eventTime=103169206, event=2, flags=0x0, uid=1000
02-03 21:26:52.427 D/PowerManagerService( 1741): userActivityNoUpdateLocked: groupId=0, eventTime=103169754, event=2, flags=0x0, uid=1000
02-03 21:26:52.529 D/PowerManagerService( 1741): userActivityNoUpdateLocked: groupId=0, eventTime=103169857, event=2, flags=0x0, uid=1000
02-03 21:26:52.632 D/PowerManagerService( 1741): userActivityNoUpdateLocked: groupId=0, eventTime=103169959, event=2, flags=0x0, uid=1000
02-03 21:26:52.734 D/PowerManagerService( 1741): userActivityNoUpdateLocked: groupId=0, eventTime=103170061, event=2, flags=0x0, uid=1000
02-03 21:26:52.836 D/PowerManagerService( 1741): userActivityNoUpdateLocked: groupId=0, eventTime=103170163, event=2, flags=0x0, uid=1000
02-03 21:26:53.700 D/CompatibilityChangeReporter( 1741): Compat change id reported: 151105954; UID 1000; state: ENABLED
02-03 21:26:53.703 E/AppOps  ( 1741): attributionTag  not declared in manifest of com.oplus.exsystemservice
02-03 21:26:53.708 E/AppOps  ( 1741): attributionTag  not declared in manifest of com.oplus.exsystemservice
02-03 21:26:53.847 D/PowerManagerService( 1741): userActivityNoUpdateLocked: groupId=0, eventTime=103171172, event=2, flags=0x0, uid=1000
02-03 21:26:55.860 D/PowerManagerService( 1741): userActivityNoUpdateLocked: groupId=0, eventTime=103173185, event=2, flags=0x0, uid=1000
02-03 21:26:55.958 D/PowerManagerService( 1741): userActivityNoUpdateLocked: groupId=0, eventTime=103173285, event=2, flags=0x0, uid=1000
02-03 21:26:56.060 D/PowerManagerService( 1741): userActivityNoUpdateLocked: groupId=0, eventTime=103173387, event=2, flags=0x0, uid=1000
02-03 21:26:56.514 D/PowerManagerService( 1741): userActivityNoUpdateLocked: groupId=0, eventTime=103173840, event=2, flags=0x0, uid=1000
02-03 21:26:57.129 D/PowerManagerService( 1741): userActivityNoUpdateLocked: groupId=0, eventTime=103174454, event=2, flags=0x0, uid=1000
02-03 21:26:57.229 D/PowerManagerService( 1741): userActivityNoUpdateLocked: groupId=0, eventTime=103174556, event=2, flags=0x0, uid=1000
02-03 21:26:57.771 D/PowerManagerService( 1741): userActivityNoUpdateLocked: groupId=0, eventTime=103175097, event=2, flags=0x0, uid=1000
02-03 21:26:57.872 D/PowerManagerService( 1741): userActivityNoUpdateLocked: groupId=0, eventTime=103175200, event=2, flags=0x0, uid=1000
02-03 21:26:58.605 D/PowerManagerService( 1741): userActivityNoUpdateLocked: groupId=0, eventTime=103175930, event=2, flags=0x0, uid=1000
02-03 21:26:58.706 D/PowerManagerService( 1741): userActivityNoUpdateLocked: groupId=0, eventTime=103176033, event=2, flags=0x0, uid=1000
02-03 21:26:59.204 D/PowerManagerService( 1741): userActivityNoUpdateLocked: groupId=0, eventTime=103176530, event=2, flags=0x0, uid=1000
02-03 21:26:59.305 D/PowerManagerService( 1741): userActivityNoUpdateLocked: groupId=0, eventTime=103176632, event=2, flags=0x0, uid=1000
02-03 21:26:59.832 D/PowerManagerService( 1741): userActivityNoUpdateLocked: groupId=0, eventTime=103177158, event=2, flags=0x0, uid=1000
02-03 21:26:59.934 D/PowerManagerService( 1741): userActivityNoUpdateLocked: groupId=0, eventTime=103177260, event=2, flags=0x0, uid=1000
02-03 21:27:00.014 E/OplusCustomizeRestrictionManagerService( 1741): isBiometricDisabled start
02-03 21:27:00.015 E/OplusCustomizeRestrictionManagerService( 1741): isBiometricDisabled start
02-03 21:27:00.526 D/PowerManagerService( 1741): userActivityNoUpdateLocked: groupId=0, eventTime=103177852, event=2, flags=0x0, uid=1000
02-03 21:27:00.627 D/PowerManagerService( 1741): userActivityNoUpdateLocked: groupId=0, eventTime=103177954, event=2, flags=0x0, uid=1000
02-03 21:27:01.083 D/PowerManagerService( 1741): userActivityNoUpdateLocked: groupId=0, eventTime=103178408, event=2, flags=0x0, uid=1000
02-03 21:27:01.182 D/PowerManagerService( 1741): userActivityNoUpdateLocked: groupId=0, eventTime=103178510, event=2, flags=0x0, uid=1000
02-03 21:27:01.885 D/PowerManagerService( 1741): userActivityNoUpdateLocked: groupId=0, eventTime=103179211, event=2, flags=0x0, uid=1000
02-03 21:27:01.987 D/PowerManagerService( 1741): userActivityNoUpdateLocked: groupId=0, eventTime=103179314, event=2, flags=0x0, uid=1000
02-03 21:27:02.412 D/PowerManagerService( 1741): userActivityNoUpdateLocked: groupId=0, eventTime=103179738, event=2, flags=0x0, uid=1000
02-03 21:27:03.112 D/PowerManagerService( 1741): userActivityNoUpdateLocked: groupId=0, eventTime=103180439, event=2, flags=0x0, uid=1000
02-03 21:27:03.330 E/AndroidRuntime(16146): FATAL EXCEPTION: mqt_native_modules
02-03 21:27:03.330 E/AndroidRuntime(16146): Process: com.wholexale.app.staging, PID: 16146
02-03 21:27:03.330 E/AndroidRuntime(16146): com.facebook.react.common.JavascriptException: TypeError: Cannot read property 'numColumns' of undefined
02-03 21:27:03.330 E/AndroidRuntime(16146): 
02-03 21:27:03.330 E/AndroidRuntime(16146): This error is located at:
02-03 21:27:03.330 E/AndroidRuntime(16146):     in FlatList
02-03 21:27:03.330 E/AndroidRuntime(16146):     in RCTView
02-03 21:27:03.330 E/AndroidRuntime(16146):     in Unknown
02-03 21:27:03.330 E/AndroidRuntime(16146):     in RCTView
02-03 21:27:03.330 E/AndroidRuntime(16146):     in Unknown
02-03 21:27:03.330 E/AndroidRuntime(16146):     in ChatList
02-03 21:27:03.330 E/AndroidRuntime(16146):     in StaticContainer
02-03 21:27:03.330 E/AndroidRuntime(16146):     in EnsureSingleNavigator
02-03 21:27:03.330 E/AndroidRuntime(16146):     in SceneView
02-03 21:27:03.330 E/AndroidRuntime(16146):     in RCTView
02-03 21:27:03.330 E/AndroidRuntime(16146):     in Unknown
02-03 21:27:03.330 E/AndroidRuntime(16146):     in RCTView
02-03 21:27:03.330 E/AndroidRuntime(16146):     in Unknown
02-03 21:27:03.330 E/AndroidRuntime(16146):     in RCTView
02-03 21:27:03.330 E/AndroidRuntime(16146):     in Unknown
02-03 21:27:03.330 E/AndroidRuntime(16146):     in CardSheet
02-03 21:27:03.330 E/AndroidRuntime(16146):     in RCTView
02-03 21:27:03.330 E/AndroidRuntime(16146):     in Unknown
02-03 21:27:03.330 E/AndroidRuntime(16146):     in Unknown
02-03 21:27:03.330 E/AndroidRuntime(16146):     in PanGestureHandler
02-03 21:27:03.330 E/AndroidRuntime(16146):     in PanGestureHandler
02-03 21:27:03.330 E/AndroidRuntime(16146):     in RCTView
02-03 21:27:03.330 E/AndroidRuntime(16146):     in Unknown
02-03 21:27:03.330 E/AndroidRuntime(16146):     in Unknown
02-03 21:27:03.330 E/AndroidRuntime(16146):     in RCTView
02-03 21:27:03.330 E/AndroidRuntime(16146):     in Unknown
02-03 21:27:03.330 E/AndroidRuntime(16146):     in Card
02-03 21:27:03.330 E/AndroidRuntime(16146):     in CardContainer
02-03 21:27:03.330 E/AndroidRuntime(16146):     in RNSScreen
02-03 21:27:03.330 E/AndroidRuntime(16146):     in Unknown
02-03 21:27:03.330 E/AndroidRuntime(16146):     in Suspender
02-03 21:27:03.330 E/AndroidRuntime(16146):     in Suspense
02-03 21:27:03.330 E/AndroidRuntime(16146):     in Freeze
02-03 21:27:03.330 E/AndroidRuntime(16146):     in DelayedFreeze
02-03 21:27:03.330 E/AndroidRuntime(16146):     in InnerScreen
02-03 21:27:03.330 E/AndroidRuntime(16146):     in Screen
02-03 21:27:03.330 E/AndroidRuntime(16146):     in MaybeScreen
02-03 21:27:03.330 E/AndroidRuntime(16146):     in RNSScreenContainer
02-03 21:27:03.330 E/AndroidRuntime(16146):     in ScreenContainer
02-03 21:27:03.330 E/AndroidRuntime(16146):     in MaybeScreenContainer
02-03 21:27:03.330 E/AndroidRuntime(16146):     in RCTView
02-03 21:27:03.330 E/AndroidRuntime(16146):     in Unknown
02-03 21:27:03.330 E/AndroidRuntime(16146):     in Background
02-03 21:27:03.330 E/AndroidRuntime(16146):     in CardStack
02-03 21:27:03.330 E/AndroidRuntime(16146):     in RNCSafeAreaProvider
02-03 21:27:03.330 E/AndroidRuntime(16146):     in SafeAreaProvider
02-03 21:27:03.330 E/AndroidRuntime(16146):     in SafeAreaProviderCompat
02-03 21:27:03.330 E/AndroidRuntime(16146):     in RNGestureHandlerRootView
02-03 21:27:03.330 E/AndroidRuntime(16146):     in GestureHandlerRootView
02-03 21:27:03.330 E/AndroidRuntime(16146):     in StackView
02-03 21:27:03.330 E/AndroidRuntime(16146):     in PreventRemoveProvider
02-03 21:27:03.330 E/AndroidRuntime(16146):     in NavigationContent
02-03 21:27:03.330 E/AndroidRuntime(16146):     in Unknown
02-03 21:27:03.330 E/AndroidRuntime(16146):     in StackNavigator
02-03 21:27:03.330 E/AndroidRuntime(16146):     in EnsureSingleNavigator
02-03 21:27:03.330 E/AndroidRuntime(16146):     in BaseNavigationContainer
02-03 21:27:03.330 E/AndroidRuntime(16146):     in ThemeProvider
02-03 21:27:03.330 E/AndroidRuntime(16146):     in NavigationContainerInner
02-03 21:27:03.330 E/AndroidRuntime(16146):     in AppInner
02-03 21:27:03.330 E/AndroidRuntime(16146):     in AppProvider
02-03 21:27:03.330 E/AndroidRuntime(16146):     in AIProvider
02-03 21:27:03.330 E/AndroidRuntime(16146):     in LocalizationProvider
02-03 21:27:03.330 E/AndroidRuntime(16146):     in PersistGate
02-03 21:27:03.330 E/AndroidRuntime(16146):     in Provider
02-03 21:27:03.330 E/AndroidRuntime(16146):     in ReduxProvider
02-03 21:27:03.330 E/AndroidRuntime(16146):     in App
02-03 21:27:03.330 E/AndroidRuntime(16146):     in RCTView
02-03 21:27:03.330 E/AndroidRuntime(16146):     in Unknown
02-03 21:27:03.330 E/AndroidRuntime(16146):     in RCTView
02-03 21:27:03.330 E/AndroidRuntime(16146):     in Unknown
02-03 21:27:03.330 E/AndroidRuntime(16146):     in AppContainer, js engine: hermes, stack:
02-03 21:27:03.330 E/AndroidRuntime(16146): _checkProps@1:451067
02-03 21:27:03.330 E/AndroidRuntime(16146): patchedCheckProps@1:38464
02-03 21:27:03.330 E/AndroidRuntime(16146): FlatList@1:449367
02-03 21:27:03.330 E/AndroidRuntime(16146): constructClassInstance@1:299422
02-03 21:27:03.330 E/AndroidRuntime(16146): updateClassComponent@1:314053
02-03 21:27:03.330 E/AndroidRuntime(16146): beginWork$1@1:347407
02-03 21:27:03.330 E/AndroidRuntime(16146): performUnitOfWork@1:334226
02-03 21:27:03.330 E/AndroidRuntime(16146): workLoopSync@1:334088
02-03 21:27:03.330 E/AndroidRuntime(16146): renderRootSync@1:333972
02-03 21:27:03.330 E/AndroidRuntime(16146): performSyncWorkOnRoot@1:331395
02-03 21:27:03.330 E/AndroidRuntime(16146): flushSyncCallbacks@1:295776
02-03 21:27:03.330 E/AndroidRuntime(16146): batchedUpdatesImpl@1:348201
02-03 21:27:03.330 E/AndroidRuntime(16146): batchedUpdates@1:288577
02-03 21:27:03.330 E/AndroidRuntime(16146): _receiveRootNodeIDEvent@1:288850
02-03 21:27:03.330 E/AndroidRuntime(16146): receiveTouches@1:342912
02-03 21:27:03.330 E/AndroidRuntime(16146): __callFunction@1:58648
02-03 21:27:03.330 E/AndroidRuntime(16146): anonymous@1:57000
02-03 21:27:03.330 E/AndroidRuntime(16146): __guard@1:57954
02-03 21:27:03.330 E/AndroidRuntime(16146): callFunctionReturnFlushedQueue@1:56958
02-03 21:27:03.330 E/AndroidRuntime(16146): 
02-03 21:27:03.330 E/AndroidRuntime(16146): 	at com.facebook.react.modules.core.ExceptionsManagerModule.reportException(ExceptionsManagerModule.java:65)
02-03 21:27:03.330 E/AndroidRuntime(16146): 	at java.lang.reflect.Method.invoke(Native Method)
02-03 21:27:03.330 E/AndroidRuntime(16146): 	at com.facebook.react.bridge.JavaMethodWrapper.invoke(JavaMethodWrapper.java:372)
02-03 21:27:03.330 E/AndroidRuntime(16146): 	at com.facebook.react.bridge.JavaModuleWrapper.invoke(JavaModuleWrapper.java:188)
02-03 21:27:03.330 E/AndroidRuntime(16146): 	at com.facebook.jni.NativeRunnable.run(Native Method)
02-03 21:27:03.330 E/AndroidRuntime(16146): 	at android.os.Handler.handleCallback(Handler.java:942)
02-03 21:27:03.330 E/AndroidRuntime(16146): 	at android.os.Handler.dispatchMessage(Handler.java:99)
02-03 21:27:03.330 E/AndroidRuntime(16146): 	at com.facebook.react.bridge.queue.MessageQueueThreadHandler.dispatchMessage(MessageQueueThreadHandler.java:27)
02-03 21:27:03.330 E/AndroidRuntime(16146): 	at android.os.Looper.loopOnce(Looper.java:240)
02-03 21:27:03.330 E/AndroidRuntime(16146): 	at android.os.Looper.loop(Looper.java:351)
02-03 21:27:03.330 E/AndroidRuntime(16146): 	at com.facebook.react.bridge.queue.MessageQueueThreadImpl$4.run(MessageQueueThreadImpl.java:228)
02-03 21:27:03.330 E/AndroidRuntime(16146): 	at java.lang.Thread.run(Thread.java:1563)
02-03 21:27:03.333 W/OplusEapManager handleErrorInfo sendEvent: ( 1741): com.wholexale.app.staging Crashed
02-03 21:27:03.337 I/DropBoxManagerService( 1741): add tag=data_app_crash isTagEnabled=true flags=0x2
02-03 21:27:03.340 W/OplusSelfProtectManager( 1741): pkg[com.oplus.crashbox] not in policy list
02-03 21:27:03.340 W/ActivityTaskManager( 1741):   Force finishing activity com.wholexale.app.staging/com.wholexale.app.MainActivity
02-03 21:27:03.341 D/DropBoxManagerService( 1741): file :: /data/system/dropbox/data_app_crash@1770134223337.txt
02-03 21:27:03.343 D/ActivityTaskManager( 1741): onWindowFocusChanged Task{1b1fe44 #6 type=home I=com.android.launcher/.Launcher U=0 rootTaskId=1 visible=true visibleRequested=false mode=fullscreen translucent=true sz=1} would transfer to compact
02-03 21:27:03.344 V/WindowManager( 1741): Changing focus from Window{e21d322 u0 com.wholexale.app.staging/com.wholexale.app.MainActivity} to null,diplayid=0
02-03 21:27:03.346 V/OplusZoomWindowManagerService( 1741): prepareZoomTransition: curStack=Task{ab3df57 #1568 type=standard A=10853:com.wholexale.app.staging U=0 visible=false visibleRequested=true mode=fullscreen translucent=true sz=1}   nextStackTask{dbb2faa #1 type=home ?? U=0 visible=true visibleRequested=false mode=fullscreen translucent=true sz=1}
02-03 21:27:03.383 I/OplusJoystickManager( 1741): handleApplicationSwitch deprecated!
02-03 21:27:03.384 D/OplusAppSwitchListener( 1741): Detect com.wholexale.app.staging switch to background
02-03 21:27:03.384 D/OplusEapManager( 1741): mTargetExitName :com.wholexale.app.staging
02-03 21:27:03.385 D/VRR [OPlusFrontAppManager]( 1741): OnAppSwitchObserver: onAppExit , info.targetName = com.wholexale.app.staging
02-03 21:27:03.385 D/VRR [OPlusFrontAppManager]( 1741): packageName: null
02-03 21:27:03.385 W/BroadcastQueue( 1741): Background execution not allowed: receiving Intent { act=android.intent.action.DROPBOX_ENTRY_ADDED flg=0x10 (has extras) } to com.google.android.gms/.stats.service.DropBoxEntryAddedReceiver
02-03 21:27:03.385 W/BroadcastQueue( 1741): Background execution not allowed: receiving Intent { act=android.intent.action.DROPBOX_ENTRY_ADDED flg=0x10 (has extras) } to com.google.android.gms/.stats.service.DropBoxEntryAddedReceiver
02-03 21:27:03.385 D/OplusAppSwitchListener( 1741): Detect com.android.launcher switch to foreground
02-03 21:27:03.386 D/OplusEapManager( 1741): mTargetEnterName :com.android.launcher
02-03 21:27:03.386 D/VRR [OPlusFrontAppManager]( 1741): OnAppSwitchObserver: onAppEnter , info.targetName = com.android.launcher
02-03 21:27:03.386 D/VRR [OPlusRefreshRateService]( 1741): handleFrontAppChange pkgName: null
02-03 21:27:03.386 D/VRR [OPlusFrontAppManager]( 1741): packageName: com.android.launcher
02-03 21:27:03.386 D/VRR [OPlusExternalRefreshRateManager]( 1741): setFrontPackageName pkgName: null CurPkgName: com.wholexale.app.staging
02-03 21:27:03.386 D/VRR [OPlusRefreshRateService]( 1741):  setFrameRateTargetControl [ 0.0 , com.wholexale.app.staging , false , com.oplus.battery ]
02-03 21:27:03.386 D/VRR [OPlusRefreshRateService]( 1741):  setFrameRateTargetControl from [0, 1000, android.uid.system:1000]
02-03 21:27:03.386 D/VRR [OPlusExternalRefreshRateManager]( 1741):  [FRTC] FrameRate : 0 com.wholexale.app.staging false com.oplus.battery 0 1000
02-03 21:27:03.386 D/VRR [OPlusRefreshRateService]( 1741): handleFrontAppChange pkgName: com.android.launcher
02-03 21:27:03.386 D/VRR [OPlusExternalRefreshRateManager]( 1741): setFrontPackageName pkgName: com.android.launcher CurPkgName: null
02-03 21:27:03.386 D/VRR [OPlusSurfaceFlingerController]( 1741):  add frtc FrameRate : 0 com.wholexale.app.staging false com.oplus.battery
02-03 21:27:03.391 D/TaskFragmentExtImpl( 1741): addColorModeOnResume resume=true pkg = com.android.launcher
02-03 21:27:03.397 D/OplusBatteryServiceFeature( 1741): setSmartCoolDown: coolDown = 3, normalCoolDown = 3, pkgName = com.android.launcher
02-03 21:27:03.405 V/WindowManager( 1741): Relayout Window{79e5b u0 com.android.launcher/com.android.launcher.Launcher}: viewVisibility=0, oldvis=8, req=1080x2400
02-03 21:27:03.415 V/WindowManager( 1741): Relayout Window{43ad301 u0 com.android.launcher/com.android.launcher.Launcher}: viewVisibility=0, oldvis=8, req=1080x2400
02-03 21:27:03.422 V/WindowManager( 1741): Changing focus from null to Window{43ad301 u0 com.android.launcher/com.android.launcher.Launcher},diplayid=0
02-03 21:27:03.459 D/WindowManager( 1741): finishDrawingWindow: Window{43ad301 u0 com.android.launcher/com.android.launcher.Launcher} mDrawState=DRAW_PENDING
02-03 21:27:03.468 V/WindowManager( 1741): Relayout Window{313405c u0 com.android.wallpaper.livepicker.service.smoke.Smoke0WallpaperService}: viewVisibility=0, oldvis=0, req=-1x-1
02-03 21:27:03.484 I/ActivityManager( 1741): Showing crash dialog for package com.wholexale.app.staging u0
02-03 21:27:03.484 W/ContentProviderHelper( 1741): Slow operation: 93ms so far, now at getContentProviderImpl: after updateLruProcess
02-03 21:27:03.484 W/ContentProviderHelper( 1741): Slow operation: 93ms so far, now at getContentProviderImpl: before updateOomAdj
02-03 21:27:03.484 E/OplusThermalStats( 1741): Error getting package info: com.android.launcher
02-03 21:27:03.487 D/WindowManager( 1741): finishDrawingWindow: Window{79e5b u0 com.android.launcher/com.android.launcher.Launcher} mDrawState=DRAW_PENDING
02-03 21:27:03.492 V/OplusZoomWindowManagerService( 1741): onAnimationFinished:  r = ActivityRecord{c5b8cf1 u0 com.wholexale.app.staging/com.wholexale.app.MainActivity} t1568 f}}
02-03 21:27:03.493 V/OplusZoomWindowManagerService( 1741): onAnimationFinished:  r = ActivityRecord{c0ace5a u0 com.android.launcher/.Launcher} t6}
02-03 21:27:03.493 I/OplusAppSwitchManagerService( 1741):  handleAppVisible , r = ActivityRecord{c0ace5a u0 com.android.launcher/.Launcher} t6}
02-03 21:27:03.493 I/OplusAppSwitchManagerService( 1741):  handleAppVisible , r = ActivityRecord{c0ace5a u0 com.android.launcher/.Launcher} t6}
02-03 21:27:03.503 W/ContentProviderHelper( 1741): Slow operation: 112ms so far, now at getContentProviderImpl: after updateOomAdj
02-03 21:27:03.503 W/ContentProviderHelper( 1741): Slow operation: 112ms so far, now at getContentProviderImpl: done!
02-03 21:27:03.522 I/WindowStateExtImpl( 1741): onSurfaceShowChange show = true mPackageName = com.android.launcher parentPkgName = com.android.launcher
02-03 21:27:03.524 V/WindowManager( 1741): Relayout Window{e21d322 u0 com.wholexale.app.staging/com.wholexale.app.MainActivity}: viewVisibility=8, oldvis=0, req=1080x2400
02-03 21:27:03.537 D/InputMethodManagerService( 1741): isSecurity: attribute.packageName=com.android.launcher mCurMethodId=com.google.android.inputmethod.latin/com.android.inputmethod.latin.LatinIME
02-03 21:27:03.537 D/InputMethodManagerService( 1741): isSecurity= false (  enable=false needShow=false inBlackList=false isExist=true )
02-03 21:27:03.554 D/InputMethodManagerService( 1741): onHandleImeWindowVisibleStatus: vis = 0, needsToShowImeSwitcher = false
02-03 21:27:03.554 W/Looper  ( 1741): Slow dispatch took 173ms android.ui h=com.android.server.am.ActivityManagerService$UiHandler c=null m=1
02-03 21:27:03.635 D/TaskChangeNotificationControllerExtImpl( 1741): Skip pass Snapshot to listener:android.app.ITaskStackListener$Stub$Proxy@9e2d06d
02-03 21:27:03.642 D/OplusAppListInterceptManager( 1741): shouldFilterTask
02-03 21:27:03.642 D/OplusAppListInterceptManager( 1741): shouldFilterTask::packageName = com.wholexale.app.staging
02-03 21:27:03.642 D/OplusAppListInterceptManager( 1741): shouldFilterTask
02-03 21:27:03.642 D/OplusAppListInterceptManager( 1741): shouldFilterTask::packageName = com.company.userapp
02-03 21:27:03.670 D/CoreBackPreview( 1741): Window{e21d322 u0 com.wholexale.app.staging/com.wholexale.app.MainActivity}: Setting back callback null
02-03 21:27:03.671 V/ZoomWindowDecorView(16146): removeZoomView
02-03 21:27:03.686 D/OplusMirageWindowManagerService( 1741): onTaskRemoved displayid:0 taskId:1568 callers:com.android.server.wm.MirageWindowManagerExtImpl.onTaskRemoved:47 com.android.server.wm.TaskDisplayArea.removeChildTask:398 com.android.server.wm.TaskDisplayArea.removeChild:387 com.android.server.wm.WindowContainer.removeImmediately:891 com.android.server.wm.TaskFragment.removeImmediately:2904 
02-03 21:27:03.686 I/OplusScreenSecurityMask( 1741): onStackRemoved task = Task{ab3df57 #1568 type=standard A=10853:com.wholexale.app.staging U=0 visible=false visibleRequested=false mode=fullscreen translucent=true sz=0} record = null displayId = 0
02-03 21:27:03.687 D/TaskFragmentExtImpl( 1741): remove ActivityRecord{c5b8cf1 u0 com.wholexale.app.staging/com.wholexale.app.MainActivity} t-1 f}} to mActivityRecordSum = Counter{ }
02-03 21:27:03.695 D/OplusAppListInterceptManager( 1741): shouldFilterTask
02-03 21:27:03.695 D/OplusAppListInterceptManager( 1741): shouldFilterTask::packageName = com.wholexale.app.staging
02-03 21:27:03.696 D/OplusAppListInterceptManager( 1741): shouldFilterTask
02-03 21:27:03.696 D/OplusAppListInterceptManager( 1741): shouldFilterTask::packageName = com.company.userapp
02-03 21:27:03.696 D/OplusAppListInterceptManager( 1741): shouldFilterTask
02-03 21:27:03.696 D/OplusAppListInterceptManager( 1741): shouldFilterTask::packageName = com.twitter.android
02-03 21:27:03.696 D/OplusAppListInterceptManager( 1741): shouldFilterTask
02-03 21:27:03.696 D/OplusAppListInterceptManager( 1741): shouldFilterTask::packageName = com.cricbuzz.android
02-03 21:27:03.701 I/AppWidgetServiceImpl( 1741): handleNotifyUpdateAppWidget,appWidgetId: 6,packageName:com.coloros.alarmclock
02-03 21:27:03.701 D/OplusAppListInterceptManager( 1741): shouldFilterTask
02-03 21:27:03.701 D/OplusAppListInterceptManager( 1741): shouldFilterTask::packageName = com.wholexale.app.staging
02-03 21:27:03.701 D/OplusAppListInterceptManager( 1741): shouldFilterTask
02-03 21:27:03.701 D/OplusAppListInterceptManager( 1741): shouldFilterTask::packageName = com.company.userapp
02-03 21:27:03.702 D/OplusAppListInterceptManager( 1741): shouldFilterTask
02-03 21:27:03.702 D/OplusAppListInterceptManager( 1741): shouldFilterTask::packageName = com.twitter.android
02-03 21:27:03.702 D/OplusAppListInterceptManager( 1741): shouldFilterTask
02-03 21:27:03.702 D/OplusAppListInterceptManager( 1741): shouldFilterTask::packageName = com.cricbuzz.android
02-03 21:27:03.705 D/OplusFullScreenDisplayManager( 1741): adjustWindowParamsLw: android, change system app cutoutMode: oplus always
02-03 21:27:03.705 I/OplusZoomWindowManagerService( 1741): addTapExcluedWindow win = Window{b008066 u0 Application Error: com.wholexale.app.staging}
02-03 21:27:03.708 V/WindowManager( 1741): Changing focus from Window{43ad301 u0 com.android.launcher/com.android.launcher.Launcher} to Window{b008066 u0 Application Error: com.wholexale.app.staging},diplayid=0
02-03 21:27:03.714 I/WindowManager( 1741): addWindow: New client android.view.OplusViewRootImplHooks$ColorW@d61cda8 : window=Window{b008066 u0 Application Error: com.wholexale.app.staging}
02-03 21:27:03.719 D/CoreBackPreview( 1741): Window{b008066 u0 Application Error: com.wholexale.app.staging}: Setting back callback OnBackInvokedCallbackInfo{mCallback=android.window.WindowOnBackInvokedDispatcher$OnBackInvokedCallbackWrapper@86ca1ec, mPriority=0}
02-03 21:27:03.724 W/Looper  ( 1741): Slow dispatch took 169ms android.ui h=com.android.server.am.ActivityManagerService$UiHandler c=com.android.server.am.ErrorDialogController$$ExternalSyntheticLambda3@d77f0d8 m=0
02-03 21:27:03.726 W/Looper  ( 1741): Slow delivery took 239ms android.ui h=com.android.server.am.ActivityManagerService$UiHandler c=null m=31
02-03 21:27:03.750 D/OplusFullScreenDisplayManager( 1741): adjustWindowParamsLw: android, change system app cutoutMode: oplus always
02-03 21:27:03.750 V/WindowManager( 1741): Relayout Window{b008066 u0 Application Error: com.wholexale.app.staging}: viewVisibility=0, oldvis=0, req=1080x536
02-03 21:27:03.765 V/ZoomWindowDecorView( 1741): setLastReportedMergedConfiguration mZoomDisplayHeight: 2400 getDecorView.257784659
02-03 21:27:03.842 W/Looper  ( 1741): Slow dispatch took 106ms android.ui h=android.view.Choreographer$FrameHandler c=android.view.Choreographer$FrameDisplayEventReceiver@9e518dd m=0
02-03 21:27:03.842 D/WindowManager( 1741): finishDrawingWindow: Window{b008066 u0 Application Error: com.wholexale.app.staging} mDrawState=DRAW_PENDING
02-03 21:27:03.854 D/WindowManager( 1741): finishDrawingWindow: Window{b008066 u0 Application Error: com.wholexale.app.staging} mDrawState=HAS_DRAWN
02-03 21:27:03.857 W/Looper  ( 1741): Drained
02-03 21:27:03.885 D/CameraDelegate( 1741): handleMessage:200
02-03 21:27:04.066 E/ActivityThread( 2175): Failed to find provider info for com.oplus.thirdkit
02-03 21:27:04.781 D/PowerManagerService( 1741): userActivityNoUpdateLocked: groupId=0, eventTime=103182105, event=2, flags=0x0, uid=1000
02-03 21:27:04.886 D/OplusInputMethodManagerInternal( 1741): get inputMethodManager extension: com.android.server.inputmethod.OplusInputMethodManagerService@f5702f4
02-03 21:27:04.887 D/PowerManagerService( 1741): userActivityNoUpdateLocked: groupId=0, eventTime=103182214, event=2, flags=0x0, uid=1000
02-03 21:27:04.892 D/CoreBackPreview( 1741): Window{b008066 u0 Application Error: com.wholexale.app.staging}: Setting back callback null
02-03 21:27:04.892 I/ActivityManager( 1741): Killing 16146:com.wholexale.app.staging/u0a853 (adj 900): crash
02-03 21:27:04.892 V/ZoomWindowDecorView( 1741): removeZoomView
02-03 21:27:04.906 I/Quality (  962): SFJankCountInfo: 1624;1;0-0-0-0-0-0-0-0-0-0;1-0-0-0-0-0-0-0-0-0;2-0-0-0-0-0-0-0-1-0;3-0-0-0-0-0-0-0-0-0;4-0-0-0-0-0-0-0-0-0;5-0-0-0-0-0-0-0-0-0;6-0-0-0-0-0-0-0-0-0;7-0-0-0-0-0-0-0-0-0;8-0-0-0-0-0-0-0-0-0;9-0-0-0-0-0-0-0-0-0;
02-03 21:27:04.906 V/WindowManager( 1741): Changing focus from Window{b008066 u0 Application Error: com.wholexale.app.staging EXITING} to Window{43ad301 u0 com.android.launcher/com.android.launcher.Launcher},diplayid=0
02-03 21:27:04.952 V/ActivityManager( 1741): Got obituary of 16146:com.wholexale.app.staging
02-03 21:27:04.953 D/DisplayManagerService( 1741): Display listener for pid 16146 died.
02-03 21:27:04.957 D/InputMethodManagerService( 1741): isSecurity: attribute.packageName=com.android.launcher mCurMethodId=com.google.android.inputmethod.latin/com.android.inputmethod.latin.LatinIME
02-03 21:27:04.957 D/InputMethodManagerService( 1741): isSecurity= false (  enable=false needShow=false inBlackList=false isExist=true )
02-03 21:27:05.034 I/OplusZoomWindowManagerService( 1741): removeTapExcluedWindow win = Window{b008066 u0 Application Error: com.wholexale.app.staging}
02-03 21:27:05.047 V/WindowManager( 1741): Unknown focus tokens, dropping reportFocusChanged
02-03 21:27:05.047 W/ActivityManager( 1741): setHasOverlayUi called on unknown pid: 16146
02-03 21:27:05.577 D/CompatibilityChangeReporter( 1741): Compat change id reported: 168419799; UID 10876; state: DISABLED
02-03 21:27:06.014 D/PowerManagerService( 1741): userActivityNoUpdateLocked: groupId=0, eventTime=103183340, event=2, flags=0x0, uid=1000
02-03 21:27:06.017 I/iopgp   ( 2637): Iopgp: TRANSACTION_IOPGP_ON_KEY_DOWN sequence_id = 63 pkg_name = com.wholexale.app.staging isProfile = 0
02-03 21:27:06.018 D/iopgp   ( 2637): cannot find a compiledtrace, need to start tracing on intentstart.
02-03 21:27:06.018 D/iopgp   ( 2637): Iopgp: Decide the action on keydown event done in 0ms.
02-03 21:27:06.113 I/iopgp   ( 2637): Iopgp: TRANSACTION_IOPGP_ON_INTENT_STARTED sequence_id = 63 pkg_name = com.wholexale.app.staging class_name = com.wholexale.app.MainActivity
02-03 21:27:06.113 D/CompatibilityChangeReporter( 1741): Compat change id reported: 161252188; UID 10853; state: DISABLED
02-03 21:27:06.113 I/iopgp   ( 2637): Total traces exceed kMaxAppTraces limits, and number is 2
02-03 21:27:06.114 I/ActivityTaskManager( 1741): START u0 {act=android.intent.action.MAIN cat=[android.intent.category.LAUNCHER] flg=0x10200000 cmp=com.wholexale.app.staging/com.wholexale.app.MainActivity bnds=[859,1091][1065,1393] mCallingUid=10106} from uid 10106
02-03 21:27:06.114 D/MultiApp.CMAService( 1741): changeIntentIfNeed --- from launcher
02-03 21:27:06.116 D/CompatibilityChangeReporter( 1741): Compat change id reported: 194480991; UID 10853; state: ENABLED
02-03 21:27:06.119 D/OplusZoomWindowManagerService( 1741): onConfigurationChanged rotation not changed - prevRotation: 0
02-03 21:27:06.121 I/OplusScreenSecurityMask( 1741): onStackAdded task = Task{e2c4340 #1569 type=standard ?? U=0 visible=false visibleRequested=false mode=fullscreen translucent=true sz=0} record = null displayId = 0
02-03 21:27:06.121 I/OplusScreenSecurityMask( 1741): onStackAdded task = Task{e2c4340 #1569 type=standard A=10853:com.wholexale.app.staging U=0 visible=false visibleRequested=false mode=fullscreen translucent=true sz=0} record = null displayId = 0
02-03 21:27:06.122 D/CompatibilityChangeReporter( 1741): Compat change id reported: 174042980; UID 10853; state: DISABLED
02-03 21:27:06.123 D/CompatibilityChangeReporter( 1741): Compat change id reported: 184838306; UID 10853; state: DISABLED
02-03 21:27:06.123 D/CompatibilityChangeReporter( 1741): Compat change id reported: 185004937; UID 10853; state: DISABLED
02-03 21:27:06.123 D/CompatibilityChangeReporter( 1741): Compat change id reported: 181136395; UID 10853; state: DISABLED
02-03 21:27:06.124 D/CompatibilityChangeReporter( 1741): Compat change id reported: 174042936; UID 10853; state: DISABLED
02-03 21:27:06.125 D/TaskFragmentExtImpl( 1741): add ActivityRecord{1dada72 u0 com.wholexale.app.staging/com.wholexale.app.MainActivity} t1569} to mActivityRecordSum = Counter{ com.wholexale.app.staging/com.wholexale.app.MainActivity(1) }
02-03 21:27:06.128 D/ActivityTaskManager( 1741): getStartingWindowType: newTask=true, taskSwitch=true, processRunning=false, allowTaskSnapshot=true, activityCreated=false, snapshot=null, record:ActivityRecord{1dada72 u0 com.wholexale.app.staging/com.wholexale.app.MainActivity} t1569}
02-03 21:27:06.129 D/CompatibilityChangeReporter( 1741): Compat change id reported: 205907456; UID 10853; state: ENABLED
02-03 21:27:06.129 V/OplusZoomWindowManagerService( 1741): windowMode: 0 ,stack: Task{e2c4340 #1569 type=standard A=10853:com.wholexale.app.staging U=0 visible=true visibleRequested=false mode=fullscreen translucent=true sz=1}
02-03 21:27:06.130 D/PhoneStartingWindowTypeAlgorithm( 2210): preferredStartingWindowType newTask=true, taskSwitch=true, processRunning=false, allowTaskSnapshot=true, activityCreated=false, isSolidColorSplashScreen=false, legacySplashScreen=false, activityDrawn=false, topIsHome=false
02-03 21:27:06.136 D/OplusShellStartingWindowManager( 2210): adjustSuggestedWindowType: skip no-system app and no-exception list app
02-03 21:27:06.137 D/ShellStartingWindow( 2210): getWindowAttrs window attributes color: 0, replace icon: false
02-03 21:27:06.137 D/CompatibilityChangeReporter( 1741): Compat change id reported: 194833441; UID 10853; state: ENABLED
02-03 21:27:06.142 E/WindowManager( 1741): create RemoteAnimationController com.android.server.wm.RemoteAnimationController@10745ca
02-03 21:27:06.145 D/ShellStartingWindow( 2210): inconsize = 408
02-03 21:27:06.148 D/CompatibilityChangeReporter( 1741): Compat change id reported: 135634846; UID 10853; state: DISABLED
02-03 21:27:06.148 D/CompatibilityChangeReporter( 1741): Compat change id reported: 177438394; UID 10853; state: DISABLED
02-03 21:27:06.148 D/CompatibilityChangeReporter( 1741): Compat change id reported: 135772972; UID 10853; state: DISABLED
02-03 21:27:06.148 D/CompatibilityChangeReporter( 1741): Compat change id reported: 135754954; UID 10853; state: ENABLED
02-03 21:27:06.149 D/CompatibilityChangeReporter( 1741): Compat change id reported: 143937733; UID 10853; state: ENABLED
02-03 21:27:06.151 I/iopgp   ( 2637): Iopgp: TRANSACTION_IOPGP_ON_ACTIVITY_LAUNCHED sequence_id = 63
02-03 21:27:06.153 D/CompatibilityChangeReporter( 1741): Compat change id reported: 168419799; UID 10853; state: DISABLED
02-03 21:27:06.153 D/OplusFullScreenDisplayManager( 1741): adjustWindowParamsLw com.wholexale.app.staging, no change cutoutMode: 0
02-03 21:27:06.155 I/WindowManager( 1741): addWindow: New client android.os.BinderProxy@da73a58 : window=Window{c0ad7b1 u0 Splash Screen com.wholexale.app.staging}
02-03 21:27:06.157 D/CoreBackPreview( 1741): Window{c0ad7b1 u0 Splash Screen com.wholexale.app.staging}: Setting back callback OnBackInvokedCallbackInfo{mCallback=android.window.IOnBackInvokedCallback$Stub$Proxy@443ded, mPriority=0}
02-03 21:27:06.159 D/OplusShellStartingWindowManager( 2210): handleSplashScreenView: normal third app or no-default
02-03 21:27:06.161 D/OplusFullScreenDisplayManager( 1741): adjustWindowParamsLw com.wholexale.app.staging, no change cutoutMode: 0
02-03 21:27:06.162 V/WindowManager( 1741): Relayout Window{c0ad7b1 u0 Splash Screen com.wholexale.app.staging}: viewVisibility=0, oldvis=0, req=1080x2400
02-03 21:27:06.168 I/ActivityManager( 1741): Start proc 17836:com.wholexale.app.staging/u0a853 for next-top-activity {com.wholexale.app.staging/com.wholexale.app.MainActivity}
02-03 21:27:06.168 V/WindowManager( 1741): Changing focus from Window{43ad301 u0 com.android.launcher/com.android.launcher.Launcher} to null,diplayid=0
02-03 21:27:06.196 D/ViewRootImplExtImpl( 2210): Block resize report for SplashScreen of systemui.
02-03 21:27:06.196 D/WindowManager( 1741): finishDrawingWindow: Window{c0ad7b1 u0 Splash Screen com.wholexale.app.staging} mDrawState=DRAW_PENDING
02-03 21:27:06.201 D/OplusSplitScreenManagerService( 1741): isDragToSplitState mOplusSpiltScreenDnDUI is null, just return!
02-03 21:27:06.201 D/OplusSplitScreenManagerService( 1741): isDragToSplitState mOplusSpiltScreenDnDUI is null, just return!
02-03 21:27:06.201 D/OplusSplitScreenManagerService( 1741): isDragToSplitState mOplusSpiltScreenDnDUI is null, just return!
02-03 21:27:06.215 I/WindowStateExtImpl( 1741): onSurfaceShowChange show = true mPackageName = com.wholexale.app.staging parentPkgName = com.wholexale.app.staging
02-03 21:27:06.228 D/OplusDexOptimizeManager( 1741): Do not in AppLaunchOptList!
02-03 21:27:06.230 I/OplusAppSwitchManagerService( 1741): appswitch hasProcess ActivityRecord{1dada72 u0 com.wholexale.app.staging/com.wholexale.app.MainActivity} t1569}
02-03 21:27:06.230 I/OplusJoystickManager( 1741): handleApplicationSwitch deprecated!
02-03 21:27:06.230 D/OplusAppSwitchListener( 1741): Detect com.android.launcher switch to background
02-03 21:27:06.230 D/OplusEapManager( 1741): mTargetExitName :com.android.launcher
02-03 21:27:06.230 I/OplusAppSwitchManagerService( 1741): appswitch hasProcess ActivityRecord{1dada72 u0 com.wholexale.app.staging/com.wholexale.app.MainActivity} t1569}
02-03 21:27:06.231 D/VRR [OPlusFrontAppManager]( 1741): OnAppSwitchObserver: onAppExit , info.targetName = com.android.launcher
02-03 21:27:06.231 D/VRR [OPlusFrontAppManager]( 1741): packageName: null
02-03 21:27:06.232 D/ActivityTaskManager( 1741): onWindowFocusChanged Task{e2c4340 #1569 type=standard A=10853:com.wholexale.app.staging U=0 visible=true visibleRequested=true mode=fullscreen translucent=false sz=1} would transfer to compact
02-03 21:27:06.232 D/VRR [OPlusRefreshRateService]( 1741): handleFrontAppChange pkgName: null
02-03 21:27:06.232 D/VRR [OPlusExternalRefreshRateManager]( 1741): setFrontPackageName pkgName: null CurPkgName: com.android.launcher
02-03 21:27:06.233 E/OplusThermalStats( 1741): Error getting package info: com.wholexale.app.staging
02-03 21:27:06.234 D/OplusAppSwitchListener( 1741): Detect com.wholexale.app.staging switch to foreground
02-03 21:27:06.235 D/OplusEapManager( 1741): mTargetEnterName :com.wholexale.app.staging
02-03 21:27:06.235 D/VRR [OPlusFrontAppManager]( 1741): OnAppSwitchObserver: onAppEnter , info.targetName = com.wholexale.app.staging
02-03 21:27:06.235 D/VRR [OPlusFrontAppManager]( 1741): packageName: com.wholexale.app.staging
02-03 21:27:06.235 D/VRR [OPlusRefreshRateService]( 1741): handleFrontAppChange pkgName: com.wholexale.app.staging
02-03 21:27:06.235 D/VRR [OPlusExternalRefreshRateManager]( 1741): setFrontPackageName pkgName: com.wholexale.app.staging CurPkgName: null
02-03 21:27:06.236 W/ContextImpl( 2533): Calling a method in the system process without a qualified user: android.app.ContextImpl.startService:1889 android.content.ContextWrapper.startService:827 u1.c.c:8 u1.c.a:4 y2.b.f:4 
02-03 21:27:06.241 D/VRR [OPlusRefreshRateService]( 1741):  setFrameRateTargetControl [ 0.0 , com.android.launcher , false , com.oplus.battery ]
02-03 21:27:06.241 D/VRR [OPlusRefreshRateService]( 1741):  setFrameRateTargetControl from [0, 1000, android.uid.system:1000]
02-03 21:27:06.241 D/VRR [OPlusExternalRefreshRateManager]( 1741):  [FRTC] FrameRate : 0 com.android.launcher false com.oplus.battery 0 1000
02-03 21:27:06.242 D/VRR [OPlusSurfaceFlingerController]( 1741):  add frtc FrameRate : 0 com.android.launcher false com.oplus.battery
02-03 21:27:06.249 D/OplusBatteryServiceFeature( 1741): setSmartCoolDown: coolDown = 3, normalCoolDown = 3, pkgName = com.wholexale.app.staging
02-03 21:27:06.252 D/OplusAppListInterceptManager( 1741): shouldFilterTask
02-03 21:27:06.252 D/OplusAppListInterceptManager( 1741): shouldFilterTask::packageName = com.wholexale.app.staging
02-03 21:27:06.252 D/OplusAppListInterceptManager( 1741): shouldFilterTask
02-03 21:27:06.252 D/OplusAppListInterceptManager( 1741): shouldFilterTask::packageName = com.company.userapp
02-03 21:27:06.294 D/OplusActivityManagerServiceEnhance( 1741): setGlThreads detect 17836 18210
02-03 21:27:06.357 D/OplusInputMethodUtil(17836): init sDebug to false, init sDebugIme to false, init sAlwaysOn to false
02-03 21:27:06.357 D/OplusInputMethodUtil(17836): updateDebugToClass InputMethodManager.DEBUG = false
02-03 21:27:06.357 D/OplusInputMethodUtil(17836): updateDebugToClass ImeFocusController.DEBUG = false
02-03 21:27:06.357 D/OplusInputMethodUtil(17836): updateDebugToClass BaseInputConnection.DEBUG = false
02-03 21:27:06.357 D/OplusInputMethodUtil(17836): updateDebugToClass ImeFocusController.sDebugIme = false
02-03 21:27:06.372 D/OplusFullScreenDisplayManager( 1741): adjustWindowParamsLw com.wholexale.app.staging, no change cutoutMode: 0
02-03 21:27:06.375 I/WindowManager( 1741): addWindow: New client android.os.BinderProxy@dd8cbe8 : window=Window{dfb201 u0 com.wholexale.app.staging/com.wholexale.app.MainActivity}
02-03 21:27:06.379 D/CoreBackPreview( 1741): Window{dfb201 u0 com.wholexale.app.staging/com.wholexale.app.MainActivity}: Setting back callback OnBackInvokedCallbackInfo{mCallback=android.window.IOnBackInvokedCallback$Stub$Proxy@752b2e7, mPriority=0}
02-03 21:27:06.382 I/Quality (17836): Skipped: false 1 cost 32.073383 refreshRate 16553877 bit true processName com.wholexale.app.staging
02-03 21:27:06.383 D/OplusFullScreenDisplayManager( 1741): adjustWindowParamsLw com.wholexale.app.staging, no change cutoutMode: 0
02-03 21:27:06.383 V/WindowManager( 1741): Relayout Window{dfb201 u0 com.wholexale.app.staging/com.wholexale.app.MainActivity}: viewVisibility=0, oldvis=4, req=1080x2400
02-03 21:27:06.389 V/WindowManager( 1741): Changing focus from null to Window{dfb201 u0 com.wholexale.app.staging/com.wholexale.app.MainActivity},diplayid=0
02-03 21:27:06.399 V/ZoomWindowDecorView(17836): setLastReportedMergedConfiguration mZoomDisplayHeight: 2400 getDecorView.264546678
02-03 21:27:06.455 D/WindowManager( 1741): finishDrawingWindow: Window{dfb201 u0 com.wholexale.app.staging/com.wholexale.app.MainActivity} mDrawState=DRAW_PENDING
02-03 21:27:06.463 D/OplusStartingWindowManager( 1741): interceptRemoveStartingWindow: packageName=com.wholexale.app.staging, isSnapshot=false, startingSurfaceRunnable=null
02-03 21:27:06.463 D/OplusSplitScreenManagerService( 1741): notifyRemoveStartingWindow mOplusSpiltScreenDnDUI is null, just return!
02-03 21:27:06.464 I/Quality ( 1741): LaunchTime2.0: com.wholexale.app.staging/com.wholexale.app.MainActivity 1 327
02-03 21:27:06.467 I/iopgp   ( 2637): Iopgp: TRANSACTION_IOPGP_ON_ACTIVITY_LAUNCH_FINISHED sequence_id = 63 timestamp_nanos = 127295580373410
02-03 21:27:06.478 D/InputMethodManagerService( 1741): isSecurity: attribute.packageName=com.wholexale.app.staging mCurMethodId=com.google.android.inputmethod.latin/com.android.inputmethod.latin.LatinIME
02-03 21:27:06.479 D/InputMethodManagerService( 1741): isSecurity= false (  enable=false needShow=false inBlackList=false isExist=true )
02-03 21:27:06.479 D/CompatibilityChangeReporter( 1741): Compat change id reported: 214016041; UID 10853; state: ENABLED
02-03 21:27:06.481 D/WindowManager( 1741): finishDrawingWindow: Window{dfb201 u0 com.wholexale.app.staging/com.wholexale.app.MainActivity} mDrawState=HAS_DRAWN
02-03 21:27:06.498 D/InputMethodManagerService( 1741): onHandleImeWindowVisibleStatus: vis = 0, needsToShowImeSwitcher = false
02-03 21:27:06.500 V/OplusZoomWindowManagerService( 1741): onAnimationFinished:  r = ActivityRecord{c0ace5a u0 com.android.launcher/.Launcher} t6}
02-03 21:27:06.503 V/OplusZoomWindowManagerService( 1741): onAnimationFinished:  r = ActivityRecord{1dada72 u0 com.wholexale.app.staging/com.wholexale.app.MainActivity} t1569}
02-03 21:27:06.503 I/OplusAppSwitchManagerService( 1741):  handleAppVisible , r = ActivityRecord{1dada72 u0 com.wholexale.app.staging/com.wholexale.app.MainActivity} t1569}
02-03 21:27:06.512 I/WindowStateExtImpl( 1741): onSurfaceShowChange show = false mPackageName = com.android.launcher parentPkgName = com.android.launcher
02-03 21:27:06.519 V/WindowManager( 1741): Relayout Window{79e5b u0 com.android.launcher/com.android.launcher.Launcher}: viewVisibility=8, oldvis=0, req=1080x2400
02-03 21:27:06.533 V/WindowManager( 1741): Relayout Window{43ad301 u0 com.android.launcher/com.android.launcher.Launcher}: viewVisibility=8, oldvis=0, req=1080x2400
02-03 21:27:06.719 E/OplusCustomizeRestrictionManager(17836): sInstance is null, start a new sInstance
02-03 21:27:06.728 D/OplusFullScreenDisplayManager( 1741): adjustWindowParamsLw com.wholexale.app.staging, no change cutoutMode: 0
02-03 21:27:06.729 V/WindowManager( 1741): Relayout Window{dfb201 u0 com.wholexale.app.staging/com.wholexale.app.MainActivity}: viewVisibility=0, oldvis=0, req=1080x2400
02-03 21:27:06.734 D/CameraDelegate( 1741): handleMessage:200
02-03 21:27:06.740 D/OplusFullScreenDisplayManager( 1741): adjustWindowParamsLw com.wholexale.app.staging, no change cutoutMode: 0
02-03 21:27:06.740 V/WindowManager( 1741): Relayout Window{dfb201 u0 com.wholexale.app.staging/com.wholexale.app.MainActivity}: viewVisibility=0, oldvis=0, req=1080x2400
02-03 21:27:06.838 D/OplusFullScreenDisplayManager( 1741): adjustWindowParamsLw com.wholexale.app.staging, no change cutoutMode: 0
02-03 21:27:06.838 V/WindowManager( 1741): Relayout Window{dfb201 u0 com.wholexale.app.staging/com.wholexale.app.MainActivity}: viewVisibility=0, oldvis=0, req=1080x2400
02-03 21:27:06.841 V/WindowManager( 1741): Relayout Window{c0ad7b1 u0 Splash Screen com.wholexale.app.staging}: viewVisibility=8, oldvis=0, req=1080x2400
02-03 21:27:06.848 V/ZoomWindowDecorView( 2210): removeZoomView
02-03 21:27:06.848 D/CoreBackPreview( 1741): Window{c0ad7b1 u0 Splash Screen com.wholexale.app.staging EXITING}: Setting back callback null
02-03 21:27:06.878 I/Quality (17836): Skipped: true 1 cost 27.191336 refreshRate 16549061 bit true processName com.wholexale.app.staging
02-03 21:27:07.020 I/WindowStateExtImpl( 1741): onSurfaceShowChange show = false mPackageName = com.wholexale.app.staging parentPkgName = com.wholexale.app.staging
02-03 21:27:07.637 D/PowerManagerService( 1741): userActivityNoUpdateLocked: groupId=0, eventTime=103184962, event=2, flags=0x0, uid=1000
02-03 21:27:07.691 E/TaskPersister( 1741): File error accessing recents directory (directory doesn't exist?).
02-03 21:27:07.714 D/OplusInputMethodManagerInternal(17836): get inputMethodManager extension: com.android.internal.view.IInputMethodManager$Stub$Proxy@37c08b8
02-03 21:27:08.323 D/PowerManagerService( 1741): userActivityNoUpdateLocked: groupId=0, eventTime=103185649, event=2, flags=0x0, uid=1000
02-03 21:27:08.996 D/PowerManagerService( 1741): userActivityNoUpdateLocked: groupId=0, eventTime=103186321, event=2, flags=0x0, uid=1000
02-03 21:27:09.123 D/InputMethodManagerService( 1741): isSecurity: attribute.packageName=com.wholexale.app.staging mCurMethodId=com.google.android.inputmethod.latin/com.android.inputmethod.latin.LatinIME
02-03 21:27:09.124 D/InputMethodManagerService( 1741): isSecurity= false (  enable=false needShow=false inBlackList=false isExist=true )
02-03 21:27:09.184 D/InputMethodManagerService( 1741): onHandleImeWindowVisibleStatus: vis = 9, needsToShowImeSwitcher = false
02-03 21:27:09.188 D/InputMethodManagerService( 1741): onHandleImeWindowVisibleStatus: vis = 9, needsToShowImeSwitcher = false
02-03 21:27:09.192 D/OplusFullScreenDisplayManager( 1741): adjustWindowParamsLw com.google.android.inputmethod.latin, no change cutoutMode: 0
02-03 21:27:09.193 V/WindowManager( 1741): Relayout Window{96ba97a u0 InputMethod}: viewVisibility=0, oldvis=8, req=1080x2290
02-03 21:27:09.232 D/WindowManager( 1741): finishDrawingWindow: Window{96ba97a u0 InputMethod} mDrawState=DRAW_PENDING
02-03 21:27:09.244 D/OplusActivityManagerServiceEnhance( 1741): setGlThreads detect 17836 18272
02-03 21:27:09.251 V/WindowStateExtImpl( 1741): notifyWindowStateChange input show
02-03 21:27:09.368 D/InputMethodManagerService( 1741): onHandleImeWindowVisibleStatus: vis = 3, needsToShowImeSwitcher = false
02-03 21:27:09.433 D/PowerManagerService( 1741): userActivityNoUpdateLocked: groupId=0, eventTime=103186760, event=2, flags=0x0, uid=1000
02-03 21:27:09.496 D/InputMethodManagerService( 1741): onHandleImeWindowVisibleStatus: vis = 3, needsToShowImeSwitcher = false
02-03 21:27:10.034 D/PowerManagerService( 1741): userActivityNoUpdateLocked: groupId=0, eventTime=103187359, event=2, flags=0x0, uid=1000
02-03 21:27:10.198 D/OplusFullScreenDisplayManager( 1741): adjustWindowParamsLw com.wholexale.app.staging, no change cutoutMode: 0
02-03 21:27:10.198 V/WindowManager( 1741): Relayout Window{dfb201 u0 com.wholexale.app.staging/com.wholexale.app.MainActivity}: viewVisibility=0, oldvis=0, req=1080x2400
02-03 21:27:10.222 D/PowerManagerService( 1741): userActivityNoUpdateLocked: groupId=0, eventTime=103187549, event=2, flags=0x0, uid=1000
02-03 21:27:10.346 D/OplusFullScreenDisplayManager( 1741): adjustWindowParamsLw com.wholexale.app.staging, no change cutoutMode: 0
02-03 21:27:10.346 V/WindowManager( 1741): Relayout Window{dfb201 u0 com.wholexale.app.staging/com.wholexale.app.MainActivity}: viewVisibility=0, oldvis=0, req=1080x2400
02-03 21:27:10.406 D/PowerManagerService( 1741): userActivityNoUpdateLocked: groupId=0, eventTime=103187732, event=2, flags=0x0, uid=1000
02-03 21:27:10.545 D/OplusFullScreenDisplayManager( 1741): adjustWindowParamsLw com.wholexale.app.staging, no change cutoutMode: 0
02-03 21:27:10.545 V/WindowManager( 1741): Relayout Window{dfb201 u0 com.wholexale.app.staging/com.wholexale.app.MainActivity}: viewVisibility=0, oldvis=0, req=1080x2400
02-03 21:27:10.903 D/PowerManagerService( 1741): userActivityNoUpdateLocked: groupId=0, eventTime=103188228, event=2, flags=0x0, uid=1000
02-03 21:27:11.008 D/OplusFullScreenDisplayManager( 1741): adjustWindowParamsLw com.wholexale.app.staging, no change cutoutMode: 0
02-03 21:27:11.008 V/WindowManager( 1741): Relayout Window{dfb201 u0 com.wholexale.app.staging/com.wholexale.app.MainActivity}: viewVisibility=0, oldvis=0, req=1080x2400
02-03 21:27:11.282 D/PowerManagerService( 1741): userActivityNoUpdateLocked: groupId=0, eventTime=103188608, event=2, flags=0x0, uid=1000
02-03 21:27:11.357 D/InputMethodManagerService( 1741): isSecurity: attribute.packageName=com.wholexale.app.staging mCurMethodId=com.google.android.inputmethod.latin/com.android.inputmethod.latin.LatinIME
02-03 21:27:11.357 D/InputMethodManagerService( 1741): isSecurity= false (  enable=false needShow=true inBlackList=false isExist=true )
02-03 21:27:11.422 D/InputMethodManagerService( 1741): onHandleImeWindowVisibleStatus: vis = 3, needsToShowImeSwitcher = false
02-03 21:27:11.428 D/InputMethodManagerService( 1741): onHandleImeWindowVisibleStatus: vis = 3, needsToShowImeSwitcher = false
02-03 21:27:11.429 D/OplusFullScreenDisplayManager( 1741): adjustWindowParamsLw com.google.android.inputmethod.latin, no change cutoutMode: 0
02-03 21:27:11.429 V/WindowManager( 1741): Relayout Window{96ba97a u0 InputMethod}: viewVisibility=0, oldvis=0, req=1080x2290
02-03 21:27:11.955 D/PowerManagerService( 1741): userActivityNoUpdateLocked: groupId=0, eventTime=103189280, event=2, flags=0x0, uid=1000
