01-23 00:39:13.407 I/mtkpower_client( 1748): perf_lock_rel, hdl:70629, tid:2280
01-23 00:39:13.407 I/libPowerHal(  859): system_server: cpu_ctrl set cpu freq: 1275000 -1 2200000 -1
01-23 00:39:13.408 D/ActivityTaskManager( 1748): getStartingWindowType: newTask=false, taskSwitch=true, processRunning=true, allowTaskSnapshot=false, activityCreated=true, snapshot=TaskSnapshot{ mId=1769108951583 mTopActivityComponent=com.wholexale.app.staging/com.wholexale.app.MainActivity mSnapshot=android.hardware.HardwareBuffer@b1d0c09 (1080x2400) mColorSpace=sRGB IEC61966-2.1 (id=0, model=RGB) mOrientation=1 mRotation=0 mTaskSize=Point(1080, 2400) mContentInsets=[0,110][0,0] mLetterboxInsets=[0,0][0,0] mIsLowResolution=false mIsRealSnapshot=true mWindowingMode=1 mAppearance=0 mIsTranslucent=false mHasImeSurface=false, record:ActivityRecord{f7acf56 u0 com.wholexale.app.staging/com.wholexale.app.MainActivity} t11666}
01-23 00:39:13.408 I/libPowerHal(  859): LAUNCH: cpu_ctrl set cpu freq: 2000000 -1 2200000 -1
01-23 00:39:13.410 I/libPowerHal(  859): [perfLockRel] hdl:70629, idx:0
01-23 00:39:13.410 I/mtkpower_client( 1748): perf_lock_acq, hdl:70629, dur:0, num:10, tid:2280
01-23 00:39:13.410 I/libPowerHal(  859): [PD] system_server update cmd:1c3c000 param:1
01-23 00:39:13.410 I/libPowerHal(  859): [PD] (more) /proc/mcdi/state set +prefix:enable 1;
01-23 00:39:13.410 I/libPowerHal(  859): [PD] system_server update cmd:2004100 param:2
01-23 00:39:13.410 I/PowerHalWrapper( 1748): <amsBoostResume> last:com.android.launcher, next:com.wholexale.app.staging 
01-23 00:39:13.411 I/mtkpower_client( 1748): ret_hdl:70631
01-23 00:39:13.412 I/mtkpower_client( 1748): perf_lock_rel, hdl:70631, tid:2280
01-23 00:39:13.412 I/mtkpower_client( 1748): perf_lock_acq, hdl:70631, dur:0, num:10, tid:2280
01-23 00:39:13.412 I/libPowerHal(  859): [perfLockRel] hdl:70631, idx:0
01-23 00:39:13.412 I/libPowerHal(  859): [PD] system_server update cmd:1c3c000 param:1
01-23 00:39:13.412 I/libPowerHal(  859): [PD] (more) /proc/mcdi/state set +prefix:enable 1;
01-23 00:39:13.412 I/libPowerHal(  859): [PD] system_server update cmd:2004100 param:2
01-23 00:39:13.413 I/mtkpower_client( 1748): ret_hdl:70633
01-23 00:39:13.414 D/CompatibilityChangeReporter( 1748): Compat change id reported: 194833441; UID 10851; state: ENABLED
01-23 00:39:13.414 D/OplusUIFirst_FB( 1748): com.wholexale.app.staging activity event: []
01-23 00:39:13.414 D/OplusUIFirst_FB( 1748): List of ThreadOp: size=0 []
01-23 00:39:13.418 V/SensorManager( 1748): call sensorServiceCommonInterface name: setScreenShotDisable
01-23 00:39:13.418 D/SensorService( 1748): SensorService sensorServiceCommonInterface = setScreenShotDisable
01-23 00:39:13.418 D/SensorServiceExtImpl( 1748): sensorServiceCommonInterface funcName = setScreenShotDisable, flag = 0, status = 0
01-23 00:39:13.418 D/OplusUIFirst_FB( 1748): com.wholexale.app.staging activity event: []
01-23 00:39:13.418 D/OplusUIFirst_FB( 1748): List of ThreadOp: size=0 []
01-23 00:39:13.418 D/OplusUIFirst_FB( 1748): handleParaSwitch com.wholexale.app.staging null null 1
01-23 00:39:13.418 I/OplusHansManager ( 1748): front pkg: com.wholexale.app.staging, uid: 10851, prev pkg: com.android.launcher, prev uid: 10106
01-23 00:39:13.418 D/OplusUIFirst_FB( 1748): com.wholexale.app.staging activity event: []
01-23 00:39:13.418 D/OplusUIFirst_FB( 1748): List of ThreadOp: size=0 []
01-23 00:39:13.418 D/OplusUIFirst_FB( 1748): handleParaSwitch com.wholexale.app.staging null null 1
01-23 00:39:13.419 I/OplusHansManager ( 1748): notifyAppGoForeground, uid=10851
01-23 00:39:13.419 I/Osense-DecisionMaker( 1748): notifySceneToAthenaPolicy: SCENE_APP_SWITCH, bundle: Bundle[{prevPkgName=com.android.launcher, curUid=10851, curPkgName=com.wholexale.app.staging, prevUid=10106}]
01-23 00:39:13.419 I/OplusHansManager ( 1748): notifyAppGoBackground, uid=10106
01-23 00:39:13.419 I/OplusHansManager ( 1748): uid=10851, pkg=com.wholexale.app.staging R exit SM
01-23 00:39:13.419 I/OplusHansManager ( 1748): uid=10851, pkg=com.wholexale.app.staging R exit(), R stay=1
01-23 00:39:13.419 I/Osense-DecisionMaker( 1748): scene: SCENE_APP_SWITCH, excutingPolicy: freezer
01-23 00:39:13.420 D/Osense-DecisionMaker( 1748): invoke freezer policy,type: fast
01-23 00:39:13.420 D/VRI[MainActivity]( 1321): dispatchAppVisibility visible:true
01-23 00:39:13.420 I/OplusResourcePreloadManager( 1748): resume pkg: com.wholexale.app.staging, uid:10851, prev pkg: com.android.launcher, prev uid: 10106
01-23 00:39:13.421 I/OplusJoystickManager( 1748): handleApplicationSwitch deprecated!
01-23 00:39:13.422 I/PowerHalWrapper( 1748): amsBoostNotify pid:1321,activity:com.wholexale.app.MainActivity, package:com.wholexale.app.staging, mProcessCreatePackcom.wholexale.app.staging 
01-23 00:39:13.422 I/PowerHalWrapper( 1748): state: 1 
01-23 00:39:13.422 I/mtkpower_client( 1748): [Legacy][PowerHal_Wrap_notifyAppState] com.wholexale.app.staging/com.wholexale.app.MainActivity pid=1321 state:1
01-23 00:39:13.422 I/game_scn( 1748): collectForegroundAppList packName=com.wholexale.app.staging, actName=com.wholexale.app.MainActivity, pid=1321, uid=10851, state:RESUMED
01-23 00:39:13.422 I/PowerHalWrapper( 1748): amsBoostNotify AMS_BOOST_PROCESS_CREATE_BOOST:false 
01-23 00:39:13.422 D/OplusAppSwitchListener( 1748): Detect com.android.launcher switch to background
01-23 00:39:13.422 D/OplusEapManager( 1748): mTargetExitName :com.android.launcher
01-23 00:39:13.423 V/DCSEX-AppSwitchManager( 1748): OnAppSwitchObserver: onAppExit, resuming = com.wholexale.app.staging, target = com.android.launcher, is ResumingFirstStart =  false, is ResumingMultiApp =  false, extensionInfo =  Bundle[{taskId=11666, uid=10851}]
01-23 00:39:13.423 D/VRR [OPlusFrontAppManager]( 1748): OnAppSwitchObserver: onAppExit , info.targetName = com.android.launcher
01-23 00:39:13.423 D/VRR [OPlusFrontAppManager]( 1748): packageName: null
01-23 00:39:13.423 I/libPowerHal(  859): [perfNotifyAppState] foreground:com.wholexale.app.staging, pid:1321, uid:10851
01-23 00:39:13.423 D/DCSEX-AppLaunchEventRecorder( 1748): onAppSwitch from = com.android.launcher to = com.wholexale.app.staging
01-23 00:39:13.423 D/OplusUIFirst_FB( 1748): com.wholexale.app.staging moveToTop:[]
01-23 00:39:13.423 D/OplusUIFirst_FB( 1748): List of ThreadOp: size=0 []
01-23 00:39:13.423 D/OplusUIFirst_FB( 1748): com.wholexale.app.staging boost hint: 1321
01-23 00:39:13.423 E/OplusThermalStats( 1748): Error getting package info: com.wholexale.app.staging
01-23 00:39:13.423 D/OplusUIFirst_FB( 1748): handleParaSwitch com.wholexale.app.staging null null 0
01-23 00:39:13.424 D/OplusUIFirst_FB( 1748): com.wholexale.app.staging toForeOps: []
01-23 00:39:13.424 D/OplusUIFirst_FB( 1748): List of ThreadOp: size=0 []
01-23 00:39:13.424 E/UxUtility(  859): notifyAppState error = NULL
01-23 00:39:13.424 I/TouchUtility(  859): notifyAppState error = NULL
01-23 00:39:13.425 D/OplusAtlas.OplusAtlasEventDispatch( 3300): setEvent:atlas_event_on_foreground_activities_changed info:pid:1321,uid:10851,hasForegroundActivities:1
01-23 00:39:13.426 D/OplusAtlas.OplusAudioScene( 3300): callback success event:atlas_event_on_foreground_activities_changed eventInfo:pid:1321,uid:10851,hasForegroundActivities:1
01-23 00:39:13.426 D/OplusAtlas.OplusMessageHandler( 3300): handleMessage: Msg { when=0 what=2 obj=com.oplus.atlas.OplusAtlasEvent@8bdf3cd target=com.oplus.atlas.OplusMessageHandler$MyHandler }
01-23 00:39:13.426 D/VRR [OPlusRefreshRateService]( 1748): handleFrontAppChange pkgName: null
01-23 00:39:13.426 D/VRR [OPlusExternalRefreshRateManager]( 1748): setFrontPackageName pkgName: null CurPkgName: com.android.launcher
01-23 00:39:13.426 I/mtkpower@impl(  859): [notifyAppState] pc:0, com.android.launcher => com.wholexale.app.staging
01-23 00:39:13.427 D/OplusUIFirst_FB( 1748): com.google.android.googlequicksearchbox moveToBack 12190
01-23 00:39:13.427 D/TaskFragmentExtImpl( 1748): addColorModeOnResume resume=true pkg = com.wholexale.app.staging
01-23 00:39:13.428 D/OplusUIFirst_FB( 1748): com.google.android.adservices.api moveToBack 8759
01-23 00:39:13.428 E/Athena  ( 1748): MemoryGuardAction: handleAppChange
01-23 00:39:13.428 V/DeepThinker( 5470): ProcessManager: onForegroundActivitiesChanged pid:1321, uid:10851, foregroundActivities:true
01-23 00:39:13.429 D/OplusUIFirst_FB( 1748): com.coloros.assistantscreen moveToBack 4044
01-23 00:39:13.430 D/OplusAppSwitchListener( 1748): Detect com.wholexale.app.staging switch to foreground
01-23 00:39:13.431 D/OplusEapManager( 1748): mTargetEnterName :com.wholexale.app.staging
01-23 00:39:13.431 D/OplusLatencyOptimizerManager( 1748): enter pkg: com.wholexale.app.staging isPrevBlackAppTop: false mIsBlackAppTop: false
01-23 00:39:13.431 V/DCSEX-AppSwitchManager( 1748): OnAppSwitchObserver: onAppEnter, launchedFrom =  com.android.launcher, target =  com.wholexale.app.staging, is firstStart =  false, is multiApp =  false, extensionInfo =  Bundle[{taskId=11666, pid=1321, uid=10851, versionCode=1}]
01-23 00:39:13.431 D/VRR [OPlusFrontAppManager]( 1748): OnAppSwitchObserver: onAppEnter , info.targetName = com.wholexale.app.staging
01-23 00:39:13.431 D/VRR [OPlusFrontAppManager]( 1748): packageName: com.wholexale.app.staging
01-23 00:39:13.431 D/VRR [OPlusRefreshRateService]( 1748): handleFrontAppChange pkgName: com.wholexale.app.staging
01-23 00:39:13.431 D/VRR [OPlusExternalRefreshRateManager]( 1748): setFrontPackageName pkgName: com.wholexale.app.staging CurPkgName: null
01-23 00:39:13.432 I/FocusResolver( 1748): updateFocusedWindow,  on display 0, reason: Waiting for window because NOT_FOCUSABLE, result:   FocusedWindows: <none>
01-23 00:39:13.433 I/Athena  ( 2605): AthenaDynamicReceiver: pre_app:com.android.launcher, next_app:com.wholexale.app.staging(10851|1321)
01-23 00:39:13.438 I/DeepThinker( 5470): IntentManager: onIntentProduced 1
01-23 00:39:13.438 I/DeepThinker( 5470): IntentManager: dispatchIntents 1
01-23 00:39:13.439 I/DeepThinker( 5470): EventFountainDispatcher: dispatchSpecificIntents 1
01-23 00:39:13.439 I/DeepThinker( 5470): EventFountainDispatcher: dispatchSpecificIntents com.pantanal.action.APPS_LIST
01-23 00:39:13.441 D/VRI[MainActivity]( 1321): setWindowStopped stopped:false
01-23 00:39:13.444 W/Battery ( 4587): ThermalControlUtils: mForegroundPkg=com.wholexale.app.staging
01-23 00:39:13.444 D/VRR [OPlusRefreshRateService]( 1748):  setFrameRateTargetControl [ 0.0 , com.android.launcher , false , com.oplus.battery ]
01-23 00:39:13.444 D/VRR [OPlusRefreshRateService]( 1748):  setFrameRateTargetControl from [0, 1000, android.uid.system:1000]
01-23 00:39:13.444 D/VRR [OPlusExternalRefreshRateManager]( 1748):  [FRTC] FrameRate : 0 com.android.launcher false com.oplus.battery 0 1000
01-23 00:39:13.444 D/VRR [OPlusSurfaceFlingerController]( 1748):  add frtc FrameRate : 0 com.android.launcher false com.oplus.battery
01-23 00:39:13.444 I/VRR [FRTC](  966): setFrameRateTarget with [0, com.android.launcher, 0, com.oplus.battery, 1, 0, 1000]
01-23 00:39:13.445 W/VRR [FRTC](  966): invalid param { fps 0, proc_name com.android.launcher, strict_mode 0, description com.oplus.battery, proc_id 0, rate_status 0, backend Surface, version 1, pid 0, uid 1000, enable at 2026-01-23 00:39:13, disable waiting } for current status.
01-23 00:39:13.445 W/VRR [FRTC](  966): CurrentTarget size 0:
01-23 00:39:13.445 I/PowerHalWrapper( 1748): amsBoostNotify pid:2623,activity:com.android.launcher.Launcher, package:com.android.launcher, mProcessCreatePackcom.wholexale.app.staging 
01-23 00:39:13.445 I/PowerHalWrapper( 1748): state: 0 
01-23 00:39:13.445 I/mtkpower_client( 1748): [Legacy][PowerHal_Wrap_notifyAppState] com.android.launcher/com.android.launcher.Launcher pid=2623 state:0
01-23 00:39:13.445 I/game_scn( 1748): collectForegroundAppList packName=com.android.launcher, actName=com.android.launcher.Launcher, pid=2623, uid=10106, state:PAUSED
01-23 00:39:13.445 I/PowerHalWrapper( 1748): amsBoostNotify AMS_BOOST_PROCESS_CREATE_BOOST:false 
01-23 00:39:13.446 D/VRI[Launcher]( 2623): onFocusEvent false
01-23 00:39:13.447 D/OplusFullScreenDisplayManager( 1748): adjustWindowParamsLw com.wholexale.app.staging, no change cutoutMode: 0
01-23 00:39:13.447 W/Battery ( 4587): ThermalControllHandler: tempLevel=7,userMode=3,gameUserMode=7,appType=-1,envTempType=1,appStates=[],appSwitchSafetyMode=false
01-23 00:39:13.447 V/WindowManager( 1748): Relayout Window{1f2ff52 u0 com.wholexale.app.staging/com.wholexale.app.MainActivity}: viewVisibility=0, oldvis=8, req=1080x2400
01-23 00:39:13.447 W/Battery ( 4587): ThermalControllerCenter: mSafetyState=10000
01-23 00:39:13.448 I/BufferQueueDebug(  966): [com.wholexale.app.staging/com.wholexale.app.MainActivity#27352](this:0xb4000070202ad9e8,id:-1,api:0,p:-1,c:-1) BufferQueue core=(966:/system/bin/surfaceflinger)
01-23 00:39:13.450 W/Battery ( 4587): ThermalControllHandler: tempGear=7,configItemName=common_config
01-23 00:39:13.451 D/OplusBatteryServiceFeature( 1748): setSmartCoolDown: coolDown = 3, normalCoolDown = 3, pkgName = com.wholexale.app.staging
01-23 00:39:13.453 D/vendor.oplus.hardware.charger@1.0-service(  897): set cooldown:3,  normalCoolDown:3
01-23 00:39:13.454 W/Battery ( 4587): ThermalControllHandler: MSG_THERMAL_CONTROL_CATEGORY_CHANGED
01-23 00:39:13.454 V/WindowManager( 1748): Changing focus from null to Window{1f2ff52 u0 com.wholexale.app.staging/com.wholexale.app.MainActivity},diplayid=0
01-23 00:39:13.457 D/Theia.NoFocusWindow( 1748): FocusWindowErrorScene cancelCheckFreezeScreen
01-23 00:39:13.459 D/[OSIE]  (  966): scltmLayer_name VRI[MainActivity][com.wholexale.app.staging/com.wholexale.app.MainActivity]
01-23 00:39:13.459 D/[OSIE]  (  966): IsSCLTMLayer=0 
01-23 00:39:13.459 D/BufferQueueConsumer( 1321): [](id:52900000002,api:0,p:-1,c:1321) connect: controlledByApp=false
01-23 00:39:13.459 E/IPCThreadState( 1321): attemptIncStrongHandle(52): Not supported
01-23 00:39:13.459 E/IPCThreadState( 1321): attemptIncStrongHandle(54): Not supported
01-23 00:39:13.461 D/VRI[MainActivity]( 1321): registerCallbacksForSync syncBuffer=false
01-23 00:39:13.463 D/Layer   (  966): reparent to null sequence=27344, seq[1], name=Surface(name=36bcf5d StatusBar)/@0xe761cc2 - animation-leash of insets_animation#27344
01-23 00:39:13.464 D/Layer   (  966): reparent to null sequence=27345, seq[2], name=Surface(name=209d612 NavigationBar0)/@0x85ef509 - animation-leash of insets_animation#27345
01-23 00:39:13.464 D/OplusLayer(  966): ~Layer() sequence=27344, name=Surface(name=36bcf5d StatusBar)/@0xe761cc2 - animation-leash of insets_animation#27344
01-23 00:39:13.464 D/OplusLayer(  966): ~Layer() sequence=27345, name=Surface(name=209d612 NavigationBar0)/@0x85ef509 - animation-leash of insets_animation#27345
01-23 00:39:13.467 D/BLASTBufferQueue( 1321): [VRI[MainActivity][com.wholexale.app.staging/com.wholexale.app.MainActivity]#2](f:0,a:1) acquireNextBufferLocked size=1080x2400 mFrameNumber=1 applyTransaction=true mTimestamp=104224388147827(auto) mPendingTransactions.size=0 graphicBufferId=5673651798032 transform=0
01-23 00:39:13.468 D/VRI[MainActivity]( 1321): Received frameCommittedCallback lastAttemptedDrawFrameNum=1 didProduceBuffer=true syncBuffer=false
01-23 00:39:13.468 D/VRI[MainActivity]( 1321): draw finished.
01-23 00:39:13.468 D/WindowManager( 1748): finishDrawingWindow: Window{1f2ff52 u0 com.wholexale.app.staging/com.wholexale.app.MainActivity} mDrawState=DRAW_PENDING
01-23 00:39:13.480 D/BufferStateLayer(  966): com.wholexale.app.staging/com.wholexale.app.MainActivity#27352 setBuffer frameId=1, bufferId=5673651798032 fenceId=888, w= 1080, h=2400
01-23 00:39:13.480 D/OplusLayer(  966): (27352,com.wholexale.app.staging/com.wholexale.app.MainActivity#27352,com.wholexale.app.staging) setBuffer
01-23 00:39:13.486 I/mtkpower@impl(  859): [setMode] type:5, enabled:0
01-23 00:39:13.486 I/libPowerHal(  859): [perfLockRel] hdl:70630, idx:1
01-23 00:39:13.487 I/PowerHalWrapper( 1748): amsBoostStop AMS_BOOST_PACK_SWITCH:true, AMS_BOOST_ACT_SWITCH:false, AMS_BOOST_PROCESS_CREATE:false 
01-23 00:39:13.487 I/libPowerHal(  859): [perfLockRel] hdl:70632, idx:2
01-23 00:39:13.487 I/libPowerHal(  859): [PD] MTKPOWER_HINT_PACK_SWITCH update cmd:1000000, param:-1
01-23 00:39:13.488 I/libPowerHal(  859): [PD] MTKPOWER_HINT_PACK_SWITCH update cmd:1408300 param:0
01-23 00:39:13.488 I/libPowerHal(  859): [PD] MTKPOWER_HINT_PACK_SWITCH update cmd:1000000 param:-1
01-23 00:39:13.515 I/DispPerfService(  966): updateLayerMask 9
01-23 00:39:13.515 I/FocusResolver( 1748): updateFocusedWindow, 1f2ff52 com.wholexale.app.staging/com.wholexale.app.MainActivity on display 0, reason: Window became focusable. Previous reason: NOT_VISIBLE, result:   FocusedWindows:
01-23 00:39:13.515 I/FocusResolver( 1748):     displayId=0, name='1f2ff52 com.wholexale.app.staging/com.wholexale.app.MainActivity'
01-23 00:39:13.515 D/VRI[MainActivity]( 1321): onFocusEvent true
01-23 00:39:13.516 D/InputMethodManagerService( 1748): isSecurity: attribute.packageName=com.wholexale.app.staging mCurMethodId=com.google.android.inputmethod.latin/com.android.inputmethod.latin.LatinIME
01-23 00:39:13.517 D/InputMethodManagerService( 1748): isSecurity= false (  enable=false needShow=false inBlackList=false isExist=true )
01-23 00:39:13.517 I/bpas    (12190): onPause
01-23 00:39:13.519 I/GoogleInputMethodService(12290): GoogleInputMethodService.onFinishInput():2099 
01-23 00:39:13.520 I/Module  (12290): DeviceLockedStatusModuleProvider$Module.updateDeviceLockedStatus():103 repeatCheckTimes = 0, locked = false
01-23 00:39:13.521 I/GoogleInputMethodService(12290): GoogleInputMethodService.onStartInput():1371 onStartInput(EditorInfo{EditorInfo{packageName=com.wholexale.app.staging, inputType=0, inputTypeString=NULL, enableLearning=false, autoCorrection=false, autoComplete=false, imeOptions=0, privateImeOptions=null, actionName=UNSPECIFIED, actionLabel=null, initialSelStart=-1, initialSelEnd=-1, initialCapsMode=0, label=null, fieldId=-1, fieldName=null, extras=Bundle[{com.oplus.im.SCENES=0}], hintText=null, hintLocales=[]}}, false)
01-23 00:39:13.521 I/Module  (12290): DeviceLockedStatusModuleProvider$Module.updateDeviceLockedStatus():103 repeatCheckTimes = 1, locked = false
01-23 00:39:13.525 D/InputMethodManagerService( 1748): onHandleImeWindowVisibleStatus: vis = 0, needsToShowImeSwitcher = false
01-23 00:39:13.530 D/Layer   (  966): reparent to null sequence=27351, seq[3], name=Surface(name=48c0b3 InputMethod)/@0xce4cde9 - animation-leash of insets_animation#27351
01-23 00:39:13.530 D/OplusLayer(  966): ~Layer() sequence=27351, name=Surface(name=48c0b3 InputMethod)/@0xce4cde9 - animation-leash of insets_animation#27351
01-23 00:39:13.546 D/OplusAppListInterceptManager( 1748): shouldFilterTask
01-23 00:39:13.546 D/OplusAppListInterceptManager( 1748): shouldFilterTask::packageName = com.wholexale.app.staging
01-23 00:39:13.547 D/OplusAppListInterceptManager( 1748): shouldFilterTask
01-23 00:39:13.547 D/OplusAppListInterceptManager( 1748): shouldFilterTask::packageName = com.twitter.android
01-23 00:39:13.661 V/bt_stack( 3256): [VERBOSE1:btm_ble_gap.cc(2613)] btm_ble_process_adv_addr: bda=55:**:**:**:b5:95 addr_type=1
01-23 00:39:13.661 I/bt_btm  ( 3256): LogMsg: btm_ble_process_adv_pkt: pkt_data_len: 25
01-23 00:39:13.661 V/bt_stack( 3256): [VERBOSE1:btm_ble_gap.cc(2613)] btm_ble_process_adv_addr: bda=55:**:**:**:b5:95 addr_type=1
01-23 00:39:13.661 I/bt_btm  ( 3256): LogMsg: btm_ble_process_adv_pkt: pkt_data_len: 0
01-23 00:39:13.661 I/bt_btif ( 3256): LogMsg: bta_dm_observe_results_cb
01-23 00:39:13.661 I/bt_btif ( 3256): LogMsg: btif_ble_scanner_update_COD 55:dd:e6:6b:b5:95 cod is 0x000000
01-23 00:39:13.661 I/bt_btif ( 3256): LogMsg: btif_ble_scanner_update_COD cod in config 0x001f00, status=0
01-23 00:39:13.661 I/bt_btif ( 3256): LogMsg: btif_ble_scanner_update_COD invalid cod 0x0, use cod 0x1f00 in config
01-23 00:39:13.661 I/bt_btif ( 3256): LogMsg: bta_scan_results_cb_impl : type 0 channel 0
01-23 00:39:13.661 I/bt_btif ( 3256): LogMsg: bta_scan_results_cb_impl: HAL bt_gatt_callbacks->scanner->scan_result_cb
01-23 00:39:13.661 D/BtGatt.GattService( 3256): onScanResult() - eventType=0x1b, addressType=1, address=55:DD:E6:6B:B5:95, primaryPhy=1, secondaryPhy=0, advertisingSid=0xff, txPower=127, rssi=-66, periodicAdvInt=0x0, originalAddress=55:DD:E6:6B:B5:95, type=0, channel=0
01-23 00:39:13.664 I/NearbyDiscovery(20067): (REDACTED) BloomFilterAdvManager: Detected bloom filter but too far away, ignoring. %sm, %s
01-23 00:39:13.664 I/NearbyDiscovery(22573): (REDACTED) BloomFilterAdvManager: Detected bloom filter but too far away, ignoring. %sm, %s
01-23 00:39:13.729 D/ScreenStatusProducer(25296): Current queue status: isIdle = true, isPolling = true
01-23 00:39:13.762 D/VRI[Launcher](12190): dispatchAppVisibility visible:false
01-23 00:39:13.762 V/OplusZoomWindowManagerService( 1748): onAnimationFinished:  r = ActivityRecord{a1e8fdf u0 com.android.launcher/.Launcher} t6}
01-23 00:39:13.762 D/VRI[Launcher]( 2623): dispatchAppVisibility visible:false
01-23 00:39:13.764 I/PowerHalWrapper( 1748): amsBoostNotify pid:2623,activity:com.android.launcher.Launcher, package:com.android.launcher, mProcessCreatePackcom.wholexale.app.staging 
01-23 00:39:13.764 I/PowerHalWrapper( 1748): state: 0 
01-23 00:39:13.764 I/mtkpower_client( 1748): [Legacy][PowerHal_Wrap_notifyAppState] com.android.launcher/com.android.launcher.Launcher pid=2623 state:0
01-23 00:39:13.764 I/game_scn( 1748): collectForegroundAppList packName=com.android.launcher, actName=com.android.launcher.Launcher, pid=2623, uid=10106, state:PAUSED
01-23 00:39:13.764 I/PowerHalWrapper( 1748): amsBoostNotify AMS_BOOST_PROCESS_CREATE_BOOST:false 
01-23 00:39:13.765 V/OplusZoomWindowManagerService( 1748): onAnimationFinished:  r = ActivityRecord{f7acf56 u0 com.wholexale.app.staging/com.wholexale.app.MainActivity} t11666}
01-23 00:39:13.766 I/OplusAppSwitchManagerService( 1748):  handleAppVisible , r = ActivityRecord{f7acf56 u0 com.wholexale.app.staging/com.wholexale.app.MainActivity} t11666}
01-23 00:39:13.768 D/OplusUIFirst_FB( 1748): com.android.launcher moveToBack 2623
01-23 00:39:13.770 I/WindowStateExtImpl( 1748): onSurfaceShowChange show = false mPackageName = com.android.launcher parentPkgName = com.android.launcher
01-23 00:39:13.777 D/BtGatt.ScanManager( 3256): uid 10128 isForeground true scanMode 1
01-23 00:39:13.777 I/OplusCustomScanStrategy( 3256): msg.what = 6
01-23 00:39:13.778 D/Layer   (  966): reparent to null sequence=27356, seq[19], name=Surface(name=Task=6)/@0xbb6404 - animation-leash of app_transition#27356
01-23 00:39:13.778 D/Layer   (  966): reparent to null sequence=27355, seq[49], name=Surface(name=Task=11666)/@0xae1e253 - animation-leash of app_transition#27355
01-23 00:39:13.778 D/OplusLayer(  966): ~Layer() sequence=27356, name=Surface(name=Task=6)/@0xbb6404 - animation-leash of app_transition#27356
01-23 00:39:13.778 D/OplusLayer(  966): ~Layer() sequence=27355, name=Surface(name=Task=11666)/@0xae1e253 - animation-leash of app_transition#27355
01-23 00:39:13.782 I/DispPerfService(  966): updateLayerMask 0
01-23 00:39:13.785 V/WindowManager( 1748): Relayout Window{64337ed u0 com.android.launcher/com.android.launcher.Launcher}: viewVisibility=8, oldvis=0, req=1080x2400
01-23 00:39:13.790 V/WindowManager( 1748): Relayout Window{578cf9b u0 com.android.launcher/com.android.launcher.Launcher}: viewVisibility=8, oldvis=0, req=1080x2400
01-23 00:39:13.791 D/BLASTBufferQueue(12190): [VRI[Launcher][com.android.launcher/com.android.launcher.Launcher]#114](f:0,a:1) destructor()
01-23 00:39:13.792 D/BufferQueueConsumer(12190): [VRI[Launcher][com.android.launcher/com.android.launcher.Launcher]#114(BLAST Consumer)114](id:2f9e00000072,api:0,p:-1,c:12190) disconnect
01-23 00:39:13.796 D/BLASTBufferQueue( 2623): [VRI[Launcher][com.android.launcher/com.android.launcher.Launcher]#611](f:0,a:1) destructor()
01-23 00:39:13.796 D/BufferQueueConsumer( 2623): [VRI[Launcher][com.android.launcher/com.android.launcher.Launcher]#611(BLAST Consumer)611](id:a3f0000028d,api:0,p:-1,c:2623) disconnect
01-23 00:39:13.798 D/VRI[Launcher]( 2623): setWindowStopped stopped:true
01-23 00:39:13.802 I/bpas    (12190): onStop
01-23 00:39:13.811 D/Layer   (  966): reparent to null sequence=27346, seq[6], name=com.android.launcher/com.android.launcher.Launcher#27346
01-23 00:39:13.811 D/Layer   (  966): reparent to null sequence=27343, seq[6], name=com.android.launcher/com.android.launcher.Launcher#27343
01-23 00:39:13.811 I/BufferQueueDebug(  966): [com.android.launcher/com.android.launcher.Launcher#27346](this:0xb40000701de1e9e8,id:-1,api:0,p:-1,c:966) onDestructor()
01-23 00:39:13.812 D/OplusLayer(  966): ~Layer() sequence=27346, name=com.android.launcher/com.android.launcher.Launcher#27346
01-23 00:39:13.813 V/DeepThinker( 5470): ProcessManager: onForegroundActivitiesChanged pid:2623, uid:10106, foregroundActivities:false
01-23 00:39:13.813 D/OplusAtlas.OplusAtlasEventDispatch( 3300): setEvent:atlas_event_on_foreground_activities_changed info:pid:2623,uid:10106,hasForegroundActivities:0
01-23 00:39:13.813 D/OplusAtlas.OplusAudioScene( 3300): callback success event:atlas_event_on_foreground_activities_changed eventInfo:pid:2623,uid:10106,hasForegroundActivities:0
01-23 00:39:13.814 D/OplusAtlas.OplusMessageHandler( 3300): handleMessage: Msg { when=0 what=2 obj=com.oplus.atlas.OplusAtlasEvent@6b77482 target=com.oplus.atlas.OplusMessageHandler$MyHandler }
01-23 00:39:13.828 I/BufferQueueDebug(  966): [com.android.launcher/com.android.launcher.Launcher#27343](this:0xb40000701deee9e8,id:-1,api:0,p:-1,c:966) onDestructor()
01-23 00:39:13.828 D/OplusLayer(  966): ~Layer() sequence=27343, name=com.android.launcher/com.android.launcher.Launcher#27343
01-23 00:39:13.864 D/OplusAtlasService( 3300): getAttributeByAppName module:oplus-getStreamMaxVolume packageName:com.cricbuzz.android
01-23 00:39:13.865 D/AudioManagerExtImpl(20117): getStreamVolume packageName=com.cricbuzz.android, index=2, streamType=3
01-23 00:39:13.871 D/OplusAtlasService( 3300): getAttributeByAppName module:oplus-getStreamMaxVolume packageName:com.cricbuzz.android
01-23 00:39:13.872 D/AudioManagerExtImpl(20117): getStreamVolume packageName=com.cricbuzz.android, index=2, streamType=3
01-23 00:39:13.903 I/hwcomposer(  843): [HWC] (0)fire a callback of refresh to SF[4]  
01-23 00:39:13.931 D/CameraDelegate( 1748): handleMessage:200
01-23 00:39:14.014 I/mtkpower_client( 1748): perf_lock_rel, hdl:70633, tid:2280
01-23 00:39:14.014 I/mtkpower_client( 1748): perf_lock_acq, hdl:70633, dur:0, num:6, tid:2280
01-23 00:39:14.014 I/libPowerHal(  859): [perfLockRel] hdl:70633, idx:0
01-23 00:39:14.015 I/libPowerHal(  859): system_server: cpu_ctrl set cpu freq: -1 -1 -1 -1
01-23 00:39:14.015 I/libPowerHal(  859): [PD] system_server update cmd:1c3c000 param:1
01-23 00:39:14.015 I/libPowerHal(  859): [PD] (more) /proc/mcdi/state set +prefix:enable 1;
01-23 00:39:14.015 I/libPowerHal(  859): [PD] system_server update cmd:2004100 param:2
01-23 00:39:14.016 I/mtkpower_client( 1748): ret_hdl:70634
01-23 00:39:14.016 I/libPowerHal(  859): system_server: hard user limit set cpu freq: -1 -1 -1 1933000
01-23 00:39:14.304 V/bt_stack( 3256): [VERBOSE1:btm_ble_gap.cc(2613)] btm_ble_process_adv_addr: bda=55:**:**:**:b5:95 addr_type=1
01-23 00:39:14.304 I/bt_btm  ( 3256): LogMsg: btm_ble_process_adv_pkt: pkt_data_len: 25
01-23 00:39:14.305 V/bt_stack( 3256): [VERBOSE1:btm_ble_gap.cc(2613)] btm_ble_process_adv_addr: bda=55:**:**:**:b5:95 addr_type=1
01-23 00:39:14.305 I/bt_btm  ( 3256): LogMsg: btm_ble_process_adv_pkt: pkt_data_len: 0
01-23 00:39:14.305 I/bt_btif ( 3256): LogMsg: bta_dm_observe_results_cb
01-23 00:39:14.305 I/bt_btif ( 3256): LogMsg: btif_ble_scanner_update_COD 55:dd:e6:6b:b5:95 cod is 0x000000
01-23 00:39:14.305 I/bt_btif ( 3256): LogMsg: btif_ble_scanner_update_COD cod in config 0x001f00, status=0
01-23 00:39:14.305 I/bt_btif ( 3256): LogMsg: btif_ble_scanner_update_COD invalid cod 0x0, use cod 0x1f00 in config
01-23 00:39:14.305 I/bt_btif ( 3256): LogMsg: bta_scan_results_cb_impl : type 0 channel 0
01-23 00:39:14.305 I/bt_btif ( 3256): LogMsg: bta_scan_results_cb_impl: HAL bt_gatt_callbacks->scanner->scan_result_cb
01-23 00:39:14.306 D/BtGatt.GattService( 3256): onScanResult() - eventType=0x1b, addressType=1, address=55:DD:E6:6B:B5:95, primaryPhy=1, secondaryPhy=0, advertisingSid=0xff, txPower=127, rssi=-63, periodicAdvInt=0x0, originalAddress=55:DD:E6:6B:B5:95, type=0, channel=0
01-23 00:39:14.310 I/NearbyDiscovery(22573): (REDACTED) BloomFilterAdvManager: Detected bloom filter but too far away, ignoring. %sm, %s
01-23 00:39:14.310 I/NearbyDiscovery(20067): (REDACTED) BloomFilterAdvManager: Detected bloom filter but too far away, ignoring. %sm, %s
01-23 00:39:15.117 V/bt_stack( 3256): [VERBOSE1:btm_ble_gap.cc(2613)] btm_ble_process_adv_addr: bda=55:**:**:**:b5:95 addr_type=1
01-23 00:39:15.117 I/bt_btm  ( 3256): LogMsg: btm_ble_process_adv_pkt: pkt_data_len: 25
01-23 00:39:15.117 V/bt_stack( 3256): [VERBOSE1:btm_ble_gap.cc(2613)] btm_ble_process_adv_addr: bda=55:**:**:**:b5:95 addr_type=1
01-23 00:39:15.117 I/bt_btm  ( 3256): LogMsg: btm_ble_process_adv_pkt: pkt_data_len: 0
01-23 00:39:15.117 I/bt_btif ( 3256): LogMsg: bta_dm_observe_results_cb
01-23 00:39:15.117 I/bt_btif ( 3256): LogMsg: btif_ble_scanner_update_COD 55:dd:e6:6b:b5:95 cod is 0x000000
01-23 00:39:15.117 I/bt_btif ( 3256): LogMsg: btif_ble_scanner_update_COD cod in config 0x001f00, status=0
01-23 00:39:15.117 I/bt_btif ( 3256): LogMsg: btif_ble_scanner_update_COD invalid cod 0x0, use cod 0x1f00 in config
01-23 00:39:15.118 I/bt_btif ( 3256): LogMsg: bta_scan_results_cb_impl : type 0 channel 0
01-23 00:39:15.118 I/bt_btif ( 3256): LogMsg: bta_scan_results_cb_impl: HAL bt_gatt_callbacks->scanner->scan_result_cb
01-23 00:39:15.118 D/BtGatt.GattService( 3256): onScanResult() - eventType=0x1b, addressType=1, address=55:DD:E6:6B:B5:95, primaryPhy=1, secondaryPhy=0, advertisingSid=0xff, txPower=127, rssi=-69, periodicAdvInt=0x0, originalAddress=55:DD:E6:6B:B5:95, type=0, channel=0
01-23 00:39:15.122 I/NearbyDiscovery(22573): (REDACTED) BloomFilterAdvManager: Detected bloom filter but too far away, ignoring. %sm, %s
01-23 00:39:15.123 I/NearbyDiscovery(20067): (REDACTED) BloomFilterAdvManager: Detected bloom filter but too far away, ignoring. %sm, %s
01-23 00:39:15.247 D/vendor.oplus.hardware.charger@1.0-service(  897): getChargerControl:
01-23 00:39:15.253 W/HidlServiceHelper( 8826): Failed to read virtual TLC buffer usage returns is NULLnull
01-23 00:39:15.420 D/Osense-DecisionMaker( 1748): notifyDelayedSceneToPolicy
01-23 00:39:15.421 D/Osense-DecisionMaker( 1748): getCurrentSysStats, availmemMb: 2437
01-23 00:39:15.421 D/Osense-DecisionMaker( 1748): getCurrentSysStats, availmemMb: 2437
01-23 00:39:15.421 D/Osense-DecisionMaker( 1748): getCurrentSysStats, availmemMb: 2437
01-23 00:39:15.421 D/Osense-DecisionMaker( 1748): getCurrentSysStats, availmemMb: 2437
01-23 00:39:15.438 I/OplusHansManager ( 1748): uid=10744, pkg=com.cricbuzz.android can transition from M to F
01-23 00:39:15.438 I/OplusHansManager ( 1748): uid=10744, pkg=com.cricbuzz.android F enter(), M stay=10
01-23 00:39:15.448 I/OplusHansManager ( 1748): freeze uid: 10744 com.cricbuzz.android pids: [20117, 2556] IsolatedUid: [99338] scene: LcdOn
01-23 00:39:15.450 D/IHansComunication( 6221): HansComunication::addUid-- 10744, persistent--0
01-23 00:39:15.450 D/IHansComunication( 6221): HANS sendMessageToKernel: threadId = 516689218736, netLinkSetup = 1, type = PKG, targetUid = 10744, pkgCmd = ADD_ONE_UID
01-23 00:39:15.452 D/VRR [OTI](  966): handleIdle from 0 to 1
01-23 00:39:15.452 D/VRR [OTI-HW](  966): isStateReady 0
01-23 00:39:15.453 D/VRR [OTI-HW](  966): rate range: min {id=0, hwcId=0, resolution=1080x2400, refreshRate=60.00 Hz, dpi=409.02x409.02, group=0} cur {id=0, hwcId=0, resolution=1080x2400, refreshRate=60.00 Hz, dpi=409.02x409.02, group=0} max {id=0, hwcId=0, resolution=1080x2400, refreshRate=60.00 Hz, dpi=409.02x409.02, group=0}
01-23 00:39:15.453 D/VRR [OTI-HW](  966): keep rate.
01-23 00:39:15.772 V/bt_stack( 3256): [VERBOSE1:btm_ble_gap.cc(2613)] btm_ble_process_adv_addr: bda=55:**:**:**:b5:95 addr_type=1
01-23 00:39:15.772 I/bt_btm  ( 3256): LogMsg: btm_ble_process_adv_pkt: pkt_data_len: 25
01-23 00:39:15.772 V/bt_stack( 3256): [VERBOSE1:btm_ble_gap.cc(2613)] btm_ble_process_adv_addr: bda=55:**:**:**:b5:95 addr_type=1
01-23 00:39:15.772 I/bt_btm  ( 3256): LogMsg: btm_ble_process_adv_pkt: pkt_data_len: 0
01-23 00:39:15.772 I/bt_btif ( 3256): LogMsg: bta_dm_observe_results_cb
01-23 00:39:15.772 I/bt_btif ( 3256): LogMsg: btif_ble_scanner_update_COD 55:dd:e6:6b:b5:95 cod is 0x000000
01-23 00:39:15.772 I/bt_btif ( 3256): LogMsg: btif_ble_scanner_update_COD cod in config 0x001f00, status=0
01-23 00:39:15.772 I/bt_btif ( 3256): LogMsg: btif_ble_scanner_update_COD invalid cod 0x0, use cod 0x1f00 in config
01-23 00:39:15.772 I/bt_btif ( 3256): LogMsg: bta_scan_results_cb_impl : type 0 channel 0
01-23 00:39:15.773 I/bt_btif ( 3256): LogMsg: bta_scan_results_cb_impl: HAL bt_gatt_callbacks->scanner->scan_result_cb
01-23 00:39:15.773 D/BtGatt.GattService( 3256): onScanResult() - eventType=0x1b, addressType=1, address=55:DD:E6:6B:B5:95, primaryPhy=1, secondaryPhy=0, advertisingSid=0xff, txPower=127, rssi=-62, periodicAdvInt=0x0, originalAddress=55:DD:E6:6B:B5:95, type=0, channel=0
01-23 00:39:15.777 I/NearbyDiscovery(22573): (REDACTED) BloomFilterAdvManager: Detected bloom filter but too far away, ignoring. %sm, %s
01-23 00:39:15.778 I/NearbyDiscovery(20067): (REDACTED) BloomFilterAdvManager: Detected bloom filter but too far away, ignoring. %sm, %s
01-23 00:39:15.952 I/Channel.Server[1000037].assistantscreen.ChannelServerProvider(11979): call, method=[pullCommand], clientName=[com.oplus.weather.quickcard.WeatherQuickCardWidgetGpProvider], resultCallBackId=[null]
01-23 00:39:15.955 D/DataChannel.ClientProxy.WeatherQuickCardWidgetGpProvider(11953): pullAndRunCommand commandList = []
01-23 00:39:15.955 D/DataChannel.ClientProxy.WeatherQuickCardWidgetGpProvider(11953): processCommandList: distinct processCommands = []
01-23 00:39:15.955 D/DataChannel.ClientProxy.WeatherQuickCardWidgetGpProvider(11953): processCommandList: detail processCommands = []
01-23 00:39:15.955 D/DataChannel.ClientProxy.WeatherSeedlingCardWidgetProvider(11953): tryRegisterContentObserver
01-23 00:39:15.959 I/CardService[1006152].CardServiceServerProviderProxy(11979): call: method = pullCommand, callingPackageName = *om.co*oros.*eathe*2, callingPid = 11953
01-23 00:39:15.959 I/Channel.Server[1000037].assistantscreen.ChannelServerProvider(11979): call, method=[pullCommand], clientName=[com.oplus.weather.seedlingcard.WeatherSeedlingCardWidgetProvider], resultCallBackId=[null]
01-23 00:39:15.960 D/DataChannel.ClientProxy.WeatherSeedlingCardWidgetProvider(11953): pullAndRunCommand commandList = []
01-23 00:39:15.960 D/DataChannel.ClientProxy.WeatherSeedlingCardWidgetProvider(11953): processCommandList: distinct processCommands = []
01-23 00:39:15.961 D/DataChannel.ClientProxy.WeatherSeedlingCardWidgetProvider(11953): processCommandList: detail processCommands = []
01-23 00:39:15.961 D/DataChannel.ClientProxy.WeatherQuickCardWidgetProvider(11953): tryRegisterContentObserver
01-23 00:39:15.964 I/CardService[1006152].CardServiceServerProviderProxy(11979): call: method = pullCommand, callingPackageName = *om.co*oros.*eathe*2, callingPid = 11953
01-23 00:39:15.965 I/Channel.Server[1000037].assistantscreen.ChannelServerProvider(11979): call, method=[pullCommand], clientName=[com.oplus.weather.quickcard.WeatherQuickCardWidgetProvider], resultCallBackId=[null]
01-23 00:39:15.967 D/DataChannel.ClientProxy.WeatherQuickCardWidgetProvider(11953): pullAndRunCommand commandList = [Command(methodType=2, callbackId=card:2&200001&0, params=[B@1adf53e)]
01-23 00:39:15.967 D/DataChannel.ClientProxy.WeatherQuickCardWidgetProvider(11953): processCommandList: distinct processCommands = [Command(methodType=2, callbackId=card:2&200001&0, params=[B@1adf53e)]
01-23 00:39:15.967 D/DataChannel.ClientProxy.WeatherQuickCardWidgetProvider(11953): processCommandList: detail processCommands = [ActionIdentify(type=2, cardId=card:2&200001&0, hostId=, action=)]
01-23 00:39:15.971 D/Weather_WeatherQuickCardWidgetProvider(11953): onCardsObserve
01-23 00:39:15.976 I/Weather_WeatherQuickCardWidgetProviderDelegate(11953): onCardsObserve widgetCodes size 1 context com.coloros.weather2 com.oplus.weather.WeatherApplication@ec0aa71
01-23 00:39:15.979 D/Weather_SPCardCityStorageImpl(11953): getCardSize size 2
01-23 00:39:15.979 D/Weather_LanguageCodeUtils(11953): getLocale locale toLanguageTag: en-US
01-23 00:39:15.980 I/Weather_CardCityBean(11953): parseToBean cardCode 2&200002&0 languageCode en-US lastUpdateTime 0 displayCityType 1 isLocationCity false displayCode 1 seedlingCardId null cityId -1
01-23 00:39:15.980 I/Weather_SPCardCityStorageImpl(11953): getAllCard key 2&200002&0
01-23 00:39:15.980 D/Weather_LanguageCodeUtils(11953): getLocale locale toLanguageTag: en-US
01-23 00:39:15.980 I/Weather_CardCityBean(11953): parseToBean cardCode 2&200001&0 languageCode en-US lastUpdateTime 0 displayCityType 1 isLocationCity false displayCode 1 seedlingCardId null cityId -1
01-23 00:39:15.980 I/Weather_SPCardCityStorageImpl(11953): getAllCard key 2&200001&0
01-23 00:39:15.980 I/Weather_SPCardCityStorageImpl(11953): getAllCard all card size 2
01-23 00:39:16.152 D/AALLightSensor( 1193): oldLux=5 [SA:1 LA:2] newLux=5 (oriLux: 0)
01-23 00:39:16.218 I/OplusHansManager ( 1748): unfreeze uid: 10711 com.openai.chatgpt pids: [6179] reason: Broadcast scene: LcdOn
01-23 00:39:16.219 I/OplusHansManager ( 1748): uid=10711, pkg=com.openai.chatgpt, transition from Frozen to Middle, reason=Broadcast
01-23 00:39:16.219 I/OplusHansManager ( 1748): uid=10711, pkg=com.openai.chatgpt F exit(), F stay=20, reason=Broadcast
01-23 00:39:16.222 D/vendor.oplus.hardware.charger@1.0-service(  897): getChargerControl:
01-23 00:39:16.328 E/IHansComunication( 6221): HANS printMessageBody: RCV message: type = 0,port = 86870,caller_pid = 1089,caller_uid = 1047,target_pid = 20117,target_uid = 10744,pkg_cmd = -1,rpc = android.hardware.ICameraServiceListener/5
01-23 00:39:16.328 E/IHansComunication( 6221): HANS printMessageBody: RCV message: type = 0,port = 86870,caller_pid = 1089,caller_uid = 1047,target_pid = 20117,target_uid = 10744,pkg_cmd = -1,rpc = android.hardware.ICameraServiceListener/5
01-23 00:39:16.329 I/Choreographer(20117): Skipped 53 frames!  The application may be doing too much work on its main thread.
01-23 00:39:16.333 I/OplusHansManager ( 1748): unfreeze uid: 10744 com.cricbuzz.android pids: [20117, 2556] reason: AsyncBinder scene: LcdOn
01-23 00:39:16.334 I/OplusHansManager ( 1748): uid=10744, pkg=com.cricbuzz.android, transition from Frozen to Middle, reason=AsyncBinder
01-23 00:39:16.334 I/OplusHansManager ( 1748): uid=10744, pkg=com.cricbuzz.android F exit(), F stay=0, reason=AsyncBinder
01-23 00:39:16.335 I/OplusHansManager ( 1748): forceUnfreezeByPid pid= 20117 reason= unfreezeForKernel: AsyncBinder
01-23 00:39:16.365 D/OplusAtlasService( 3300): getAttributeByAppName module:oplus-getStreamMaxVolume packageName:com.cricbuzz.android
01-23 00:39:16.367 D/AudioManagerExtImpl(20117): getStreamVolume packageName=com.cricbuzz.android, index=2, streamType=3
01-23 00:39:16.368 D/OplusAtlasService( 3300): getAttributeByAppName module:oplus-getStreamMaxVolume packageName:com.cricbuzz.android
01-23 00:39:16.369 D/AudioManagerExtImpl(20117): getStreamVolume packageName=com.cricbuzz.android, index=2, streamType=3
01-23 00:39:16.427 E/TaskPersister( 1748): File error accessing recents directory (directory doesn't exist?).
01-23 00:39:16.450 D/IHansComunication( 6221): HANS sendMessageToKernel: threadId = 516689218736, netLinkSetup = 1, type = FROZEN_TRANS, targetUid = 10744, pkgCmd = PKG_CMD_MAX
01-23 00:39:16.505 I/Athena  ( 2605): CommonAction: 21,2434,122,0,0,0,358,0,2884,2131,1042,1206
01-23 00:39:16.568 V/bt_stack( 3256): [VERBOSE1:btm_ble_gap.cc(2613)] btm_ble_process_adv_addr: bda=55:**:**:**:b5:95 addr_type=1
01-23 00:39:16.569 I/bt_btm  ( 3256): LogMsg: btm_ble_process_adv_pkt: pkt_data_len: 25
01-23 00:39:16.569 V/bt_stack( 3256): [VERBOSE1:btm_ble_gap.cc(2613)] btm_ble_process_adv_addr: bda=55:**:**:**:b5:95 addr_type=1
01-23 00:39:16.569 I/bt_btm  ( 3256): LogMsg: btm_ble_process_adv_pkt: pkt_data_len: 0
01-23 00:39:16.569 I/bt_btif ( 3256): LogMsg: bta_dm_observe_results_cb
01-23 00:39:16.569 I/bt_btif ( 3256): LogMsg: btif_ble_scanner_update_COD 55:dd:e6:6b:b5:95 cod is 0x000000
01-23 00:39:16.569 I/bt_btif ( 3256): LogMsg: btif_ble_scanner_update_COD cod in config 0x001f00, status=0
01-23 00:39:16.569 I/bt_btif ( 3256): LogMsg: btif_ble_scanner_update_COD invalid cod 0x0, use cod 0x1f00 in config
01-23 00:39:16.570 I/bt_btif ( 3256): LogMsg: bta_scan_results_cb_impl : type 0 channel 0
01-23 00:39:16.570 I/bt_btif ( 3256): LogMsg: bta_scan_results_cb_impl: HAL bt_gatt_callbacks->scanner->scan_result_cb
01-23 00:39:16.570 D/BtGatt.GattService( 3256): onScanResult() - eventType=0x1b, addressType=1, address=55:DD:E6:6B:B5:95, primaryPhy=1, secondaryPhy=0, advertisingSid=0xff, txPower=127, rssi=-62, periodicAdvInt=0x0, originalAddress=55:DD:E6:6B:B5:95, type=0, channel=0
01-23 00:39:16.574 I/NearbyDiscovery(22573): (REDACTED) BloomFilterAdvManager: Detected bloom filter but too far away, ignoring. %sm, %s
01-23 00:39:16.574 I/NearbyDiscovery(20067): (REDACTED) BloomFilterAdvManager: Detected bloom filter but too far away, ignoring. %sm, %s
01-23 00:39:17.505 I/Athena  ( 2605): CommonAction: 0,2437,115,0,0,0,358,0,2881,2141,1044,1215
01-23 00:39:17.613 D/AES     ( 1748): AEEIOCTL_GET/SET_SF_STATE IOCTL,cmd= 1074294797, lParam=0. 
01-23 00:39:17.613 D/AES     ( 1748): AEEIOCTL_RT_MON_Kick IOCTL,cmd= 2147774474, lParam=300. 
01-23 00:39:17.957 E/Situation(  852): processEvent, handle:26, flush_action:0
01-23 00:39:17.957 E/Situation(  852): orientation state = 4 
01-23 00:39:17.958 V/WindowOrientationListener( 1748): onSensorChanged mDesiredRotation = 4
01-23 00:39:18.023 V/bt_stack( 3256): [VERBOSE1:btm_ble_gap.cc(2613)] btm_ble_process_adv_addr: bda=55:**:**:**:b5:95 addr_type=1
01-23 00:39:18.023 I/bt_btm  ( 3256): LogMsg: btm_ble_process_adv_pkt: pkt_data_len: 25
01-23 00:39:18.023 V/bt_stack( 3256): [VERBOSE1:btm_ble_gap.cc(2613)] btm_ble_process_adv_addr: bda=55:**:**:**:b5:95 addr_type=1
01-23 00:39:18.023 I/bt_btm  ( 3256): LogMsg: btm_ble_process_adv_pkt: pkt_data_len: 0
01-23 00:39:18.023 I/bt_btif ( 3256): LogMsg: bta_dm_observe_results_cb
01-23 00:39:18.023 I/bt_btif ( 3256): LogMsg: btif_ble_scanner_update_COD 55:dd:e6:6b:b5:95 cod is 0x000000
01-23 00:39:18.023 I/bt_btif ( 3256): LogMsg: btif_ble_scanner_update_COD cod in config 0x001f00, status=0
01-23 00:39:18.023 I/bt_btif ( 3256): LogMsg: btif_ble_scanner_update_COD invalid cod 0x0, use cod 0x1f00 in config
01-23 00:39:18.023 I/bt_btif ( 3256): LogMsg: bta_scan_results_cb_impl : type 0 channel 0
01-23 00:39:18.023 I/bt_btif ( 3256): LogMsg: bta_scan_results_cb_impl: HAL bt_gatt_callbacks->scanner->scan_result_cb
01-23 00:39:18.024 D/BtGatt.GattService( 3256): onScanResult() - eventType=0x1b, addressType=1, address=55:DD:E6:6B:B5:95, primaryPhy=1, secondaryPhy=0, advertisingSid=0xff, txPower=127, rssi=-62, periodicAdvInt=0x0, originalAddress=55:DD:E6:6B:B5:95, type=0, channel=0
01-23 00:39:18.028 I/NearbyDiscovery(22573): (REDACTED) BloomFilterAdvManager: Detected bloom filter but too far away, ignoring. %sm, %s
01-23 00:39:18.029 I/NearbyDiscovery(20067): (REDACTED) BloomFilterAdvManager: Detected bloom filter but too far away, ignoring. %sm, %s
01-23 00:39:18.143 I/hwcomposer(  843): [HWC] (0)fire a callback of refresh to SF[4]  
01-23 00:39:18.251 D/AppDelegatorImpl(12076): execute onAppIdle
01-23 00:39:18.425 D/OplusAtlasService( 3300): getAttributeByAppName module:oplus-getStreamMaxVolume packageName:com.cricbuzz.android
01-23 00:39:18.428 D/AudioManagerExtImpl(20117): getStreamVolume packageName=com.cricbuzz.android, index=2, streamType=3
01-23 00:39:18.430 D/OplusAtlasService( 3300): getAttributeByAppName module:oplus-getStreamMaxVolume packageName:com.cricbuzz.android
01-23 00:39:18.432 D/AudioManagerExtImpl(20117): getStreamVolume packageName=com.cricbuzz.android, index=2, streamType=3
01-23 00:39:18.459 D/AppSwitchObserverHelper( 4587): packageName: com.wholexale.app.staging,com.android.launcher
01-23 00:39:18.546 E/Battery ( 4587): AppStats: Uid = 10125; pkgName = com.wholexale.app.staging; CpuFgTime = 0 ms; CpuBgTime = -2395 ms.
01-23 00:39:18.546 E/Battery ( 4587): AppStats: Uid = 10125; pkgName = com.wholexale.app.staging; CpuKernelFgTime = 0 ms; CpuKernelBgTime = -799 ms.
01-23 00:39:18.546 E/Battery ( 4587): AppStats: Uid = 10125; pkgName = com.wholexale.app.staging; CpuUserFgTime = 0 ms ; CpuUserBgTime = -1596 ms.
01-23 00:39:18.546 E/Battery ( 4587): AppStats: Uid = 10125; pkgName = com.wholexale.app.staging; CpuFgPower = 0.0 mAh.; CpuBgPower = -5.454166666666666E-4 mAh.
01-23 00:39:18.546 E/Battery ( 4587): AppStats: Uid = 10125; pkgName = com.wholexale.app.staging; AlarmFgWakeupCount = 0; AlarmBgWakeupCount = 0
01-23 00:39:18.546 E/Battery ( 4587): AppStats: Uid = 10125; pkgName = com.wholexale.app.staging; JobFgCount = 0; JobBgCount = 0; JobFgTime = 0; JobBgTime = 0
01-23 00:39:18.546 E/Battery ( 4587): AppStats: Uid = 10125; pkgName = com.wholexale.app.staging; SyncFgCount = 0; SyncBgCount = 0; SyncFgTime = 0; SyncBgTime = 0
01-23 00:39:18.546 E/Battery ( 4587): AppStats: Uid = 10125; pkgName = com.wholexale.app.staging; WakeLockFgTime = 0 ms; WakeLockFgPower = 0.0 mAh.; WakeLockBgTime = 0 ms; WakeLockBgPower = 0.0 mAh.
01-23 00:39:18.546 E/Battery ( 4587): AppStats: Uid = 10125; pkgName = com.wholexale.app.staging; ScreenFgTime = 0 ms; ScreenFgPower = 0.0 mAh.
01-23 00:39:18.546 E/Battery ( 4587): AppStats: Uid = 10125; pkgName = com.wholexale.app.staging; FgWifiRxBytes = 0 Bytes; BgWifiRxBytes = 0 Bytes; FgWifiTxBytes = 0 Bytes; BgWifiTxBytes = 0 Bytes; FgWifiRxPackets = 0 ; BgWifiRxPackets = 0 ; FgWifiTxPackets = 0 ; BgWifiTxPackets = 0 ; FgWiFiScanTimeMs = 0 ; BgWiFiScanTimeMs = 0 ; FgWiFiBatchScanTimeMs = 0 ; BgWiFiBatchScanTimeMs = 0 
01-23 00:39:18.546 E/Battery ( 4587): AppStats: Uid = 10125; pkgName = com.wholexale.app.staging; FgWifiRxPacketsPower = 0.0 mAh; BgWifiRxPacketsPower = 0.0 mAh; FgWifiTxPacketsPower = 0.0 mAh; BgWifiTxPacketsPower = 0.0 mAh; FgWifiScanPower = 0.0 mAh; BgWifiScanPower = 0.0 mAh; FgWifiBatchScanPower = 0.0 mAh; BgWifiBatchScanPower = 0.0 mAh; FgWiFiTotalPower = 0.0 mAh; BgWiFiTotalPower = 0.0 mAh.
01-23 00:39:18.546 E/Battery ( 4587): AppStats: Uid = 10125; pkgName = com.wholexale.app.staging; FgMobileRxBytes = 0 Bytes; BgMobileRxBytes = 0 Bytes; FgMobileTxBytes = 0 Bytes; BgMobileTxBytes = 0 Bytes; FgMobileRxPackets = 0 ; BgMobileRxPackets = 0 ; FgMobileTxPackets = 0 ; BgMobileTxPackets = 0 ; FgMobileActiveCount = 0 ; BgMobileActiveCount = 0 ; FgMobileActiveTime = 0 ; BgMobileActiveTime = 0 
01-23 00:39:18.547 E/Battery ( 4587): AppStats: Uid = 10125; pkgName = com.wholexale.app.staging; FgMobileRxPacketsPower = 0.0 mAh; BgMobileRxPacketsPower = 0.0 mAh; FgMobileTxPacketsPower = 0.0 mAh; BgMobileTxPacketsPower = 0.0 mAh; FgMobileTotalPower = 0.0 mAh; BgMobileTotalPower = 0.0 mAh.
01-23 00:39:18.547 E/Battery ( 4587): AppStats: Uid = 10125; pkgName = com.wholexale.app.staging; FgGpsTime = 0 ms; BgGpsTime = 0 ms.
01-23 00:39:18.547 E/Battery ( 4587): AppStats: Uid = 10125; pkgName = com.wholexale.app.staging; FgGpsPower = 0.0 mAh; BgGpsPower = 0.0 mAh.
01-23 00:39:18.547 E/Battery ( 4587): AppStats: Uid = 10125; pkgName = com.wholexale.app.staging; FgSensorTime = 0 ms; BgSensorTime = 0 ms.
01-23 00:39:18.547 E/Battery ( 4587): AppStats: Uid = 10125; pkgName = com.wholexale.app.staging; FgSensorPower = 0.0 mAh; BgSensorPower = 0.0 mAh.
01-23 00:39:18.547 E/Battery ( 4587): AppStats: Uid = 10125; pkgName = com.wholexale.app.staging; FgCameraTime = 0 ms; BgCameraTime = 0 ms
01-23 00:39:18.547 E/Battery ( 4587): AppStats: Uid = 10125; pkgName = com.wholexale.app.staging; FgCameraPower = 0.0 mAh; BgCameraPower = 0.0 mAh
01-23 00:39:18.547 E/Battery ( 4587): AppStats: Uid = 10125; pkgName = com.wholexale.app.staging; FgFlashLightTime = 0 ms; BgFlashLightTime = 0 ms
01-23 00:39:18.547 E/Battery ( 4587): AppStats: Uid = 10125; pkgName = com.wholexale.app.staging; FgFlashLightPower = 0.0 mAh; BgFlashLightPower = 0.0 mAh
01-23 00:39:18.549 E/WiseLight(  852): Light=574.000000, del_time=25.000000, light_c=15.000000
01-23 00:39:18.655 D/ProfileInstaller(11953): Skipping profile installation for com.coloros.weather2
01-23 00:39:18.674 V/bt_stack( 3256): [VERBOSE1:btm_ble_gap.cc(2613)] btm_ble_process_adv_addr: bda=55:**:**:**:b5:95 addr_type=1
01-23 00:39:18.674 I/bt_btm  ( 3256): LogMsg: btm_ble_process_adv_pkt: pkt_data_len: 25
01-23 00:39:18.674 V/bt_stack( 3256): [VERBOSE1:btm_ble_gap.cc(2613)] btm_ble_process_adv_addr: bda=55:**:**:**:b5:95 addr_type=1
01-23 00:39:18.674 I/bt_btm  ( 3256): LogMsg: btm_ble_process_adv_pkt: pkt_data_len: 0
01-23 00:39:18.674 I/bt_btif ( 3256): LogMsg: bta_dm_observe_results_cb
01-23 00:39:18.674 I/bt_btif ( 3256): LogMsg: btif_ble_scanner_update_COD 55:dd:e6:6b:b5:95 cod is 0x000000
01-23 00:39:18.674 I/bt_btif ( 3256): LogMsg: btif_ble_scanner_update_COD cod in config 0x001f00, status=0
01-23 00:39:18.674 I/bt_btif ( 3256): LogMsg: btif_ble_scanner_update_COD invalid cod 0x0, use cod 0x1f00 in config
01-23 00:39:18.675 I/bt_btif ( 3256): LogMsg: bta_scan_results_cb_impl : type 0 channel 0
01-23 00:39:18.675 I/bt_btif ( 3256): LogMsg: bta_scan_results_cb_impl: HAL bt_gatt_callbacks->scanner->scan_result_cb
