02-03 21:19:42.849 D/OplusZoomWindowRUSConfigManager( 1741): isSupportZoomModeWithPolicyLocked: target = com.twitter.android/com.twitter.app.gallery.GalleryActivity
02-03 21:19:42.849 D/OplusZoomWindowRUSConfigManager( 1741): targetPkg = com.twitter.android
02-03 21:19:42.849 V/OplusZoomWindowManagerService( 1741): unSupportZoom: false ,callingPid: 13289 ,sourceStack: Task{873b27c #1534 type=standard A=10867:com.twitter.android U=0 visible=true visibleRequested=true mode=fullscreen translucent=false sz=2}
02-03 21:19:42.857 I/Quality (13289): Skipped: false 2 cost 34.283306 refreshRate 16556308 bit true processName com.twitter.android
02-03 21:19:42.869 W/ActivityTaskManager( 1741): Tried to set launchTime (0) < mLastActivityLaunchTime (102701366)
02-03 21:19:42.873 D/OplusDexOptimizeManager( 1741): basepath == oldPackagePath!
02-03 21:19:42.877 V/WindowManager( 1741): Changing focus from Window{94c85a9 u0 com.twitter.android/com.twitter.app.main.MainActivity} to null,diplayid=0
02-03 21:19:43.149 D/OplusFullScreenDisplayManager( 1741): adjustWindowParamsLw com.twitter.android, no change cutoutMode: 3
02-03 21:19:43.151 I/WindowManager( 1741): addWindow: New client android.os.BinderProxy@425000c : window=Window{f0cdd55 u0 com.twitter.android/com.twitter.app.gallery.GalleryActivity}
02-03 21:19:43.153 D/CoreBackPreview( 1741): Window{f0cdd55 u0 com.twitter.android/com.twitter.app.gallery.GalleryActivity}: Setting back callback OnBackInvokedCallbackInfo{mCallback=android.window.IOnBackInvokedCallback$Stub$Proxy@712005b, mPriority=0}
02-03 21:19:43.155 I/Quality (13289): Skipped: false 0 cost 15.0588455 refreshRate 16666667 bit true processName com.twitter.android
02-03 21:19:43.168 D/OplusFullScreenDisplayManager( 1741): adjustWindowParamsLw com.twitter.android, no change cutoutMode: 3
02-03 21:19:43.168 V/WindowManager( 1741): Relayout Window{f0cdd55 u0 com.twitter.android/com.twitter.app.gallery.GalleryActivity}: viewVisibility=0, oldvis=4, req=1080x2400
02-03 21:19:43.174 V/WindowManager( 1741): Changing focus from null to Window{f0cdd55 u0 com.twitter.android/com.twitter.app.gallery.GalleryActivity},diplayid=0
02-03 21:19:43.181 V/ZoomWindowDecorView(13289): setLastReportedMergedConfiguration mZoomDisplayHeight: 2400 getDecorView.63330022
02-03 21:19:43.200 I/Quality (13289): Skipped: false 1 cost 30.084656 refreshRate 16554037 bit true processName com.twitter.android
02-03 21:19:43.220 D/WindowManager( 1741): finishDrawingWindow: Window{f0cdd55 u0 com.twitter.android/com.twitter.app.gallery.GalleryActivity} mDrawState=DRAW_PENDING
02-03 21:19:43.224 V/OplusZoomWindowManagerService( 1741): onAnimationFinished:  r = ActivityRecord{ba4f0e5 u0 com.twitter.android/com.twitter.app.gallery.GalleryActivity} t1534}
02-03 21:19:43.224 I/OplusAppSwitchManagerService( 1741):  handleAppVisible , r = ActivityRecord{ba4f0e5 u0 com.twitter.android/com.twitter.app.gallery.GalleryActivity} t1534}
02-03 21:19:43.224 I/OplusAppSwitchManagerService( 1741):  handleAppVisible , r = ActivityRecord{ba4f0e5 u0 com.twitter.android/com.twitter.app.gallery.GalleryActivity} t1534}
02-03 21:19:43.225 I/Quality ( 1741): LaunchTime2.0: com.twitter.android/com.twitter.app.gallery.GalleryActivity 2 368
02-03 21:19:43.225 I/Quality (13289): Skipped: false 1 cost 22.185467 refreshRate 16553240 bit true processName com.twitter.android
02-03 21:19:43.248 D/WindowManager( 1741): finishDrawingWindow: Window{f0cdd55 u0 com.twitter.android/com.twitter.app.gallery.GalleryActivity} mDrawState=HAS_DRAWN
02-03 21:19:43.260 D/InputMethodManagerService( 1741): isSecurity: attribute.packageName=com.twitter.android mCurMethodId=com.google.android.inputmethod.latin/com.android.inputmethod.latin.LatinIME
02-03 21:19:43.261 D/InputMethodManagerService( 1741): isSecurity= false (  enable=false needShow=false inBlackList=false isExist=true )
02-03 21:19:43.284 D/InputMethodManagerService( 1741): onHandleImeWindowVisibleStatus: vis = 0, needsToShowImeSwitcher = false
02-03 21:19:43.539 D/OplusFullScreenDisplayManager( 1741): adjustWindowParamsLw com.twitter.android, no change cutoutMode: 3
02-03 21:19:43.539 V/WindowManager( 1741): Relayout Window{f0cdd55 u0 com.twitter.android/com.twitter.app.gallery.GalleryActivity}: viewVisibility=0, oldvis=0, req=1080x2400
02-03 21:19:43.574 I/Quality (13289): Skipped: false 1 cost 23.734451 refreshRate 16551150 bit true processName com.twitter.android
02-03 21:19:43.578 D/OplusFullScreenDisplayManager( 1741): adjustWindowParamsLw com.twitter.android, no change cutoutMode: 3
02-03 21:19:43.579 V/WindowManager( 1741): Relayout Window{f0cdd55 u0 com.twitter.android/com.twitter.app.gallery.GalleryActivity}: viewVisibility=0, oldvis=0, req=1080x2400
02-03 21:19:43.606 I/Quality (13289): Skipped: false 1 cost 22.37936 refreshRate 16551598 bit true processName com.twitter.android
02-03 21:19:44.230 I/Quality (13289): Skipped: true 1 cost 17.407663 refreshRate 16551420 bit true processName com.twitter.android
02-03 21:19:44.284 D/PowerManagerService( 1741): userActivityNoUpdateLocked: groupId=0, eventTime=102741611, event=2, flags=0x0, uid=1000
02-03 21:19:44.313 V/WindowManager( 1741): Relayout Window{9e06207 u0 ColorSideGestureLeft}: viewVisibility=0, oldvis=8, req=98x2666
02-03 21:19:44.334 D/WindowManager( 1741): finishDrawingWindow: Window{9e06207 u0 ColorSideGestureLeft} mDrawState=DRAW_PENDING
02-03 21:19:44.386 D/PowerManagerService( 1741): userActivityNoUpdateLocked: groupId=0, eventTime=102741714, event=2, flags=0x0, uid=1000
02-03 21:19:44.452 E/OplusCustomizeRestrictionManagerService( 1741): isBackButtonDisabled start
02-03 21:19:44.453 I/OplusJoystickManager( 1741): read game pad state for game manager -> false
02-03 21:19:44.453 W/OplusJoystickManager( 1741): mInterceptGamepadKey is false
02-03 21:19:44.453 D/PowerManagerService( 1741): userActivityNoUpdateLocked: groupId=0, eventTime=102741781, event=1, flags=0x0, uid=1000
02-03 21:19:44.453 I/OplusJoystickManager( 1741): read game pad state for game manager -> false
02-03 21:19:44.453 W/OplusJoystickManager( 1741): mInterceptGamepadKey is false
02-03 21:19:44.466 D/OplusFullScreenDisplayManager( 1741): adjustWindowParamsLw com.twitter.android, no change cutoutMode: 3
02-03 21:19:44.466 V/WindowManager( 1741): Relayout Window{f0cdd55 u0 com.twitter.android/com.twitter.app.gallery.GalleryActivity}: viewVisibility=0, oldvis=0, req=1080x2400
02-03 21:19:44.679 V/WindowManager( 1741): Relayout Window{9e06207 u0 ColorSideGestureLeft}: viewVisibility=8, oldvis=0, req=98x2666
02-03 21:19:44.814 V/WindowManager( 1741): Changing focus from Window{f0cdd55 u0 com.twitter.android/com.twitter.app.gallery.GalleryActivity} to Window{94c85a9 u0 com.twitter.android/com.twitter.app.main.MainActivity},diplayid=0
02-03 21:19:44.821 D/TaskFragmentExtImpl( 1741): addColorModeOnResume resume=true pkg = com.twitter.android
02-03 21:19:44.825 V/OplusZoomWindowManagerService( 1741): onAnimationFinished:  r = ActivityRecord{ba4f0e5 u0 com.twitter.android/com.twitter.app.gallery.GalleryActivity} t1534 f}}
02-03 21:19:44.826 I/OplusAppSwitchManagerService( 1741):  handleAppVisible , r = ActivityRecord{6b04cc8 u0 com.twitter.android/com.twitter.app.main.MainActivity} t1534}
02-03 21:19:44.859 D/CoreBackPreview( 1741): Window{f0cdd55 u0 com.twitter.android/com.twitter.app.gallery.GalleryActivity}: Setting back callback null
02-03 21:19:44.860 V/ZoomWindowDecorView(13289): removeZoomView
02-03 21:19:44.871 I/Quality (13289): Skipped: false 1 cost 29.646183 refreshRate 16550036 bit true processName com.twitter.android
02-03 21:19:44.872 D/TaskFragmentExtImpl( 1741): remove ActivityRecord{ba4f0e5 u0 com.twitter.android/com.twitter.app.gallery.GalleryActivity} t-1 f}} to mActivityRecordSum = Counter{ com.twitter.android/com.twitter.app.main.MainActivity(1) }
02-03 21:19:44.874 D/OplusFullScreenDisplayManager( 1741): adjustWindowParamsLw com.twitter.android, no change cutoutMode: 3
02-03 21:19:44.874 V/WindowManager( 1741): Relayout Window{94c85a9 u0 com.twitter.android/com.twitter.app.main.MainActivity}: viewVisibility=0, oldvis=0, req=1080x2400
02-03 21:19:44.889 D/InputMethodManagerService( 1741): isSecurity: attribute.packageName=com.twitter.android mCurMethodId=com.google.android.inputmethod.latin/com.android.inputmethod.latin.LatinIME
02-03 21:19:44.889 D/InputMethodManagerService( 1741): isSecurity= false (  enable=false needShow=false inBlackList=false isExist=true )
02-03 21:19:44.913 D/InputMethodManagerService( 1741): onHandleImeWindowVisibleStatus: vis = 0, needsToShowImeSwitcher = false
02-03 21:19:44.950 D/PowerManagerService( 1741): userActivityNoUpdateLocked: groupId=0, eventTime=102742277, event=2, flags=0x0, uid=1000
02-03 21:19:45.052 D/PowerManagerService( 1741): userActivityNoUpdateLocked: groupId=0, eventTime=102742380, event=2, flags=0x0, uid=1000
02-03 21:19:45.448 D/PowerManagerService( 1741): userActivityNoUpdateLocked: groupId=0, eventTime=102742775, event=2, flags=0x0, uid=1000
02-03 21:19:45.639 D/PowerManagerService( 1741): userActivityNoUpdateLocked: groupId=0, eventTime=102742966, event=2, flags=0x0, uid=1000
02-03 21:19:45.740 D/PowerManagerService( 1741): userActivityNoUpdateLocked: groupId=0, eventTime=102743068, event=2, flags=0x0, uid=1000
02-03 21:19:45.842 D/PowerManagerService( 1741): userActivityNoUpdateLocked: groupId=0, eventTime=102743170, event=2, flags=0x0, uid=1000
02-03 21:19:45.945 D/PowerManagerService( 1741): userActivityNoUpdateLocked: groupId=0, eventTime=102743273, event=2, flags=0x0, uid=1000
02-03 21:19:46.048 D/PowerManagerService( 1741): userActivityNoUpdateLocked: groupId=0, eventTime=102743375, event=2, flags=0x0, uid=1000
02-03 21:19:46.150 D/PowerManagerService( 1741): userActivityNoUpdateLocked: groupId=0, eventTime=102743478, event=2, flags=0x0, uid=1000
02-03 21:19:46.296 D/PowerManagerService( 1741): userActivityNoUpdateLocked: groupId=0, eventTime=102743624, event=2, flags=0x0, uid=1000
02-03 21:19:46.358 E/TaskPersister( 1741): File error accessing recents directory (directory doesn't exist?).
02-03 21:19:46.398 D/PowerManagerService( 1741): userActivityNoUpdateLocked: groupId=0, eventTime=102743726, event=2, flags=0x0, uid=1000
02-03 21:19:46.501 D/PowerManagerService( 1741): userActivityNoUpdateLocked: groupId=0, eventTime=102743829, event=2, flags=0x0, uid=1000
02-03 21:19:46.831 D/PowerManagerService( 1741): userActivityNoUpdateLocked: groupId=0, eventTime=102744157, event=2, flags=0x0, uid=1000
02-03 21:19:46.947 D/PowerManagerService( 1741): userActivityNoUpdateLocked: groupId=0, eventTime=102744275, event=2, flags=0x0, uid=1000
02-03 21:19:47.049 D/PowerManagerService( 1741): userActivityNoUpdateLocked: groupId=0, eventTime=102744377, event=2, flags=0x0, uid=1000
02-03 21:19:47.152 D/PowerManagerService( 1741): userActivityNoUpdateLocked: groupId=0, eventTime=102744479, event=2, flags=0x0, uid=1000
02-03 21:19:47.254 D/PowerManagerService( 1741): userActivityNoUpdateLocked: groupId=0, eventTime=102744582, event=2, flags=0x0, uid=1000
02-03 21:19:47.356 D/PowerManagerService( 1741): userActivityNoUpdateLocked: groupId=0, eventTime=102744684, event=2, flags=0x0, uid=1000
02-03 21:19:47.488 D/PowerManagerService( 1741): userActivityNoUpdateLocked: groupId=0, eventTime=102744816, event=2, flags=0x0, uid=1000
02-03 21:19:47.590 D/PowerManagerService( 1741): userActivityNoUpdateLocked: groupId=0, eventTime=102744918, event=2, flags=0x0, uid=1000
02-03 21:19:47.595 I/Quality (13289): JankCountInfo: com.twitter.app.main.MainActivity basic:0-0-0 action:-1 data:0-2 type:2 stage:5-1-0 type:3 stage:2-0-0 action:1 data:0-0 type:2 stage:0-1-0 action:2 data:0-0 type:2 stage:2-1-0 type:3 stage:0-0-0 action:6 data:0-2 type:2 stage:1-0-0 type:4 stage:2-0-0 action:8 data:0-0 type:2 stage:1-2-0 type:3 stage:0-0-0
02-03 21:19:47.949 D/PowerManagerService( 1741): userActivityNoUpdateLocked: groupId=0, eventTime=102745276, event=2, flags=0x0, uid=1000
02-03 21:19:48.051 D/PowerManagerService( 1741): userActivityNoUpdateLocked: groupId=0, eventTime=102745379, event=2, flags=0x0, uid=1000
02-03 21:19:48.243 D/PowerManagerService( 1741): userActivityNoUpdateLocked: groupId=0, eventTime=102745570, event=2, flags=0x0, uid=1000
02-03 21:19:48.455 D/PowerManagerService( 1741): userActivityNoUpdateLocked: groupId=0, eventTime=102745783, event=2, flags=0x0, uid=1000
02-03 21:19:48.886 D/PowerManagerService( 1741): userActivityNoUpdateLocked: groupId=0, eventTime=102746214, event=2, flags=0x0, uid=1000
02-03 21:19:50.003 D/UsageStatsService( 1741): User[0] type=0 b=1770133603102 e=1770133790000 cb=1770102026338 ce=1770133784879 disk=0 all=48
02-03 21:19:51.083 D/UsageStatsService( 1741): User[999] type=0 b=1770130825711 e=1770133791083 cb=1770111406734 ce=1770133085583 disk=0 all=1
02-03 21:19:53.701 E/AppOps  ( 1741): attributionTag  not declared in manifest of com.oplus.exsystemservice
02-03 21:19:53.704 E/AppOps  ( 1741): attributionTag  not declared in manifest of com.oplus.exsystemservice
02-03 21:19:54.424 D/OplusBatteryServiceFeature( 1741): setSmartCoolDown: coolDown = 3, normalCoolDown = 3, pkgName = com.twitter.android
02-03 21:19:54.429 D/VRR [OPlusRefreshRateService]( 1741):  setFrameRateTargetControl [ 0.0 , com.twitter.android , false , com.oplus.battery ]
02-03 21:19:54.429 D/VRR [OPlusRefreshRateService]( 1741):  setFrameRateTargetControl from [0, 1000, android.uid.system:1000]
02-03 21:19:54.429 D/VRR [OPlusExternalRefreshRateManager]( 1741):  [FRTC] FrameRate : 0 com.twitter.android false com.oplus.battery 0 1000
02-03 21:19:54.430 D/VRR [OPlusSurfaceFlingerController]( 1741):  add frtc FrameRate : 0 com.twitter.android false com.oplus.battery
02-03 21:19:55.715 D/PowerManagerService( 1741): userActivityNoUpdateLocked: groupId=0, eventTime=102753034, event=2, flags=0x0, uid=1000
02-03 21:19:55.810 D/PowerManagerService( 1741): userActivityNoUpdateLocked: groupId=0, eventTime=102753137, event=2, flags=0x0, uid=1000
02-03 21:19:55.912 D/PowerManagerService( 1741): userActivityNoUpdateLocked: groupId=0, eventTime=102753240, event=2, flags=0x0, uid=1000
02-03 21:19:56.235 D/PowerManagerService( 1741): userActivityNoUpdateLocked: groupId=0, eventTime=102753562, event=2, flags=0x0, uid=1000
02-03 21:19:56.337 D/PowerManagerService( 1741): userActivityNoUpdateLocked: groupId=0, eventTime=102753665, event=2, flags=0x0, uid=1000
02-03 21:19:56.439 D/PowerManagerService( 1741): userActivityNoUpdateLocked: groupId=0, eventTime=102753767, event=2, flags=0x0, uid=1000
02-03 21:19:56.542 D/PowerManagerService( 1741): userActivityNoUpdateLocked: groupId=0, eventTime=102753870, event=2, flags=0x0, uid=1000
02-03 21:19:56.645 D/PowerManagerService( 1741): userActivityNoUpdateLocked: groupId=0, eventTime=102753972, event=2, flags=0x0, uid=1000
02-03 21:19:56.747 D/PowerManagerService( 1741): userActivityNoUpdateLocked: groupId=0, eventTime=102754075, event=2, flags=0x0, uid=1000
02-03 21:19:56.850 D/PowerManagerService( 1741): userActivityNoUpdateLocked: groupId=0, eventTime=102754177, event=2, flags=0x0, uid=1000
02-03 21:19:56.952 D/PowerManagerService( 1741): userActivityNoUpdateLocked: groupId=0, eventTime=102754280, event=2, flags=0x0, uid=1000
02-03 21:19:57.267 D/PowerManagerService( 1741): userActivityNoUpdateLocked: groupId=0, eventTime=102754594, event=2, flags=0x0, uid=1000
02-03 21:19:57.471 D/PowerManagerService( 1741): userActivityNoUpdateLocked: groupId=0, eventTime=102754799, event=2, flags=0x0, uid=1000
02-03 21:19:58.570 D/PowerManagerService( 1741): userActivityNoUpdateLocked: groupId=0, eventTime=102755896, event=2, flags=0x0, uid=1000
02-03 21:19:58.577 D/OplusZoomWindowRUSConfigManager( 1741): isSupportZoomModeWithPolicyLocked: target = com.twitter.android/.StartActivity
02-03 21:19:58.577 D/OplusZoomWindowRUSConfigManager( 1741): targetPkg = com.twitter.android
02-03 21:19:58.578 D/OplusZoomWindowRUSConfigManager( 1741): isSupportZoomModeWithPolicyLocked: target = com.twitter.android/com.twitter.app.main.MainActivity
02-03 21:19:58.578 D/OplusZoomWindowRUSConfigManager( 1741): targetPkg = com.twitter.android
02-03 21:19:58.584 D/OplusAppListInterceptManager( 1741): shouldFilterTask
02-03 21:19:58.584 D/OplusAppListInterceptManager( 1741): shouldFilterTask::packageName = com.twitter.android
02-03 21:19:58.584 D/OplusAppListInterceptManager( 1741): shouldFilterTask
02-03 21:19:58.584 D/OplusAppListInterceptManager( 1741): shouldFilterTask::packageName = com.cricbuzz.android
02-03 21:19:58.585 D/OplusAppListInterceptManager( 1741): shouldFilterTask
02-03 21:19:58.585 D/OplusAppListInterceptManager( 1741): shouldFilterTask::packageName = com.google.android.youtube
02-03 21:19:58.585 D/OplusAppListInterceptManager( 1741): shouldFilterTask
02-03 21:19:58.585 D/OplusAppListInterceptManager( 1741): shouldFilterTask::packageName = com.wholexale.app.staging
02-03 21:19:58.585 D/OplusAppListInterceptManager( 1741): shouldFilterTask
02-03 21:19:58.585 D/OplusAppListInterceptManager( 1741): shouldFilterTask::packageName = com.android.chrome
02-03 21:19:58.585 D/OplusAppListInterceptManager( 1741): shouldFilterTask
02-03 21:19:58.585 D/OplusAppListInterceptManager( 1741): shouldFilterTask::packageName = com.whatsapp
02-03 21:19:58.585 D/OplusAppListInterceptManager( 1741): shouldFilterTask
02-03 21:19:58.585 D/OplusAppListInterceptManager( 1741): shouldFilterTask::packageName = com.android.settings
02-03 21:19:58.585 D/OplusSplitScreenManagerService( 1741): com.android.settings unSupportsSplitScreen by blockList or ForbidActivityList
02-03 21:19:58.585 D/OplusSplitScreenManagerService( 1741): com.android.settings unSupportsSplitScreen by blockList or ForbidActivityList
02-03 21:19:58.585 D/OplusAppListInterceptManager( 1741): shouldFilterTask
02-03 21:19:58.585 D/OplusAppListInterceptManager( 1741): shouldFilterTask::packageName = com.google.android.gm
02-03 21:19:58.585 D/OplusAppListInterceptManager( 1741): shouldFilterTask
02-03 21:19:58.585 D/OplusAppListInterceptManager( 1741): shouldFilterTask::packageName = com.whatsapp
02-03 21:19:58.585 D/OplusAppListInterceptManager( 1741): shouldFilterTask
02-03 21:19:58.585 D/OplusAppListInterceptManager( 1741): shouldFilterTask::packageName = com.whatsapp.w4b
02-03 21:19:58.585 D/OplusAppListInterceptManager( 1741): shouldFilterTask
02-03 21:19:58.586 D/OplusAppListInterceptManager( 1741): shouldFilterTask::packageName = com.microsoft.bing
02-03 21:19:58.586 D/OplusAppListInterceptManager( 1741): shouldFilterTask
02-03 21:19:58.586 D/OplusAppListInterceptManager( 1741): shouldFilterTask::packageName = com.snapchat.android
02-03 21:19:58.586 D/OplusSplitScreenManagerService( 1741): com.snapchat.android unSupportsSplitScreen by blockList or ForbidActivityList
02-03 21:19:58.586 D/OplusAppListInterceptManager( 1741): shouldFilterTask
02-03 21:19:58.586 D/OplusAppListInterceptManager( 1741): shouldFilterTask::packageName = com.coloros.assistantscreen
02-03 21:19:58.586 D/OplusAppListInterceptManager( 1741): shouldFilterTask
02-03 21:19:58.586 D/OplusAppListInterceptManager( 1741): shouldFilterTask::packageName = com.truecaller
02-03 21:19:58.586 D/OplusAppListInterceptManager( 1741): shouldFilterTask
02-03 21:19:58.586 D/OplusAppListInterceptManager( 1741): shouldFilterTask::packageName = com.google.android.apps.messaging
02-03 21:19:58.603 D/LockSettingsService( 1741): [getSeparateProfileChallengeEnabled] userId = 999
02-03 21:19:58.625 V/WindowManager( 1741): Relayout Window{313405c u0 com.android.wallpaper.livepicker.service.smoke.Smoke0WallpaperService}: viewVisibility=0, oldvis=0, req=-1x-1
02-03 21:19:58.628 I/ActivityManager( 1741): updateOomAdj start time is before than pendingPid added, don't delete it
02-03 21:19:58.654 V/WindowManager( 1741): Relayout Window{43ad301 u0 com.android.launcher/com.android.launcher.Launcher}: viewVisibility=0, oldvis=8, req=1080x2400
02-03 21:19:58.661 V/WindowManager( 1741): Relayout Window{79e5b u0 com.android.launcher/com.android.launcher.Launcher}: viewVisibility=0, oldvis=8, req=1080x2400
02-03 21:19:58.671 D/PowerManagerService( 1741): userActivityNoUpdateLocked: groupId=0, eventTime=102755999, event=2, flags=0x0, uid=1000
02-03 21:19:58.691 D/OplusZoomWindowManagerService( 1741): hideZoomWindow, caller: 2561
02-03 21:19:58.691 D/WindowManager( 1741): finishDrawingWindow: Window{43ad301 u0 com.android.launcher/com.android.launcher.Launcher} mDrawState=DRAW_PENDING
02-03 21:19:58.693 E/OplusZoomWindowManagerService( 1741): hideZoomWindow fail, zoomStack null
02-03 21:19:58.701 D/WindowManager( 1741): finishDrawingWindow: Window{79e5b u0 com.android.launcher/com.android.launcher.Launcher} mDrawState=DRAW_PENDING
02-03 21:19:58.710 I/WindowStateExtImpl( 1741): onSurfaceShowChange show = true mPackageName = com.android.launcher parentPkgName = com.android.launcher
02-03 21:19:58.726 D/InputMethodManagerService( 1741): onHandleImeWindowVisibleStatus: vis = 0, needsToShowImeSwitcher = false
02-03 21:19:59.274 D/TaskChangeNotificationControllerExtImpl( 1741): Skip pass Snapshot to listener:android.app.ITaskStackListener$Stub$Proxy@9e2d06d
02-03 21:19:59.281 V/WindowManager( 1741): Changing focus from Window{94c85a9 u0 com.twitter.android/com.twitter.app.main.MainActivity} to Window{43ad301 u0 com.android.launcher/com.android.launcher.Launcher},diplayid=0
02-03 21:19:59.291 D/ActivityTaskManager( 1741): onWindowFocusChanged Task{1b1fe44 #6 type=home I=com.android.launcher/.Launcher U=0 rootTaskId=1 visible=true visibleRequested=true mode=fullscreen translucent=false sz=1} would transfer to compact
02-03 21:19:59.311 D/TaskFragmentExtImpl( 1741): addColorModeOnResume resume=true pkg = com.android.launcher
02-03 21:19:59.320 V/OplusZoomWindowManagerService( 1741): onAnimationFinished:  r = ActivityRecord{6b04cc8 u0 com.twitter.android/com.twitter.app.main.MainActivity} t1534}
02-03 21:19:59.321 I/OplusAppSwitchManagerService( 1741):  handleAppVisible , r = ActivityRecord{c0ace5a u0 com.android.launcher/.Launcher} t6}
02-03 21:19:59.323 E/OplusThermalStats( 1741): Error getting package info: com.android.launcher
02-03 21:19:59.329 D/OplusAppListInterceptManager( 1741): shouldFilterTask
02-03 21:19:59.329 D/OplusAppListInterceptManager( 1741): shouldFilterTask::packageName = com.twitter.android
02-03 21:19:59.329 D/OplusAppListInterceptManager( 1741): shouldFilterTask
02-03 21:19:59.329 D/OplusAppListInterceptManager( 1741): shouldFilterTask::packageName = com.cricbuzz.android
02-03 21:19:59.329 D/OplusAppListInterceptManager( 1741): shouldFilterTask
02-03 21:19:59.329 D/OplusAppListInterceptManager( 1741): shouldFilterTask::packageName = com.google.android.youtube
02-03 21:19:59.329 D/OplusAppListInterceptManager( 1741): shouldFilterTask
02-03 21:19:59.329 D/OplusAppListInterceptManager( 1741): shouldFilterTask::packageName = com.wholexale.app.staging
02-03 21:19:59.333 I/OplusJoystickManager( 1741): handleApplicationSwitch deprecated!
02-03 21:19:59.333 D/OplusAppSwitchListener( 1741): Detect com.twitter.android switch to background
02-03 21:19:59.333 D/OplusEapManager( 1741): mTargetExitName :com.twitter.android
02-03 21:19:59.334 D/VRR [OPlusFrontAppManager]( 1741): OnAppSwitchObserver: onAppExit , info.targetName = com.twitter.android
02-03 21:19:59.334 D/VRR [OPlusFrontAppManager]( 1741): packageName: null
02-03 21:19:59.335 D/OplusAppSwitchListener( 1741): Detect com.android.launcher switch to foreground
02-03 21:19:59.335 D/OplusEapManager( 1741): mTargetEnterName :com.android.launcher
02-03 21:19:59.335 D/VRR [OPlusRefreshRateService]( 1741): handleFrontAppChange pkgName: null
02-03 21:19:59.335 D/VRR [OPlusExternalRefreshRateManager]( 1741): setFrontPackageName pkgName: null CurPkgName: com.twitter.android
02-03 21:19:59.336 D/VRR [OPlusFrontAppManager]( 1741): OnAppSwitchObserver: onAppEnter , info.targetName = com.android.launcher
02-03 21:19:59.336 D/VRR [OPlusFrontAppManager]( 1741): packageName: com.android.launcher
02-03 21:19:59.336 D/VRR [OPlusRefreshRateService]( 1741): handleFrontAppChange pkgName: com.android.launcher
02-03 21:19:59.336 D/VRR [OPlusExternalRefreshRateManager]( 1741): setFrontPackageName pkgName: com.android.launcher CurPkgName: null
02-03 21:19:59.340 D/VRR [OPlusRefreshRateService]( 1741):  setFrameRateTargetControl [ 0.0 , com.twitter.android , false , com.oplus.battery ]
02-03 21:19:59.340 D/VRR [OPlusRefreshRateService]( 1741):  setFrameRateTargetControl from [0, 1000, android.uid.system:1000]
02-03 21:19:59.340 D/VRR [OPlusExternalRefreshRateManager]( 1741):  [FRTC] FrameRate : 0 com.twitter.android false com.oplus.battery 0 1000
02-03 21:19:59.340 D/VRR [OPlusSurfaceFlingerController]( 1741):  add frtc FrameRate : 0 com.twitter.android false com.oplus.battery
02-03 21:19:59.355 D/InputMethodManagerService( 1741): isSecurity: attribute.packageName=com.android.launcher mCurMethodId=com.google.android.inputmethod.latin/com.android.inputmethod.latin.LatinIME
02-03 21:19:59.355 D/InputMethodManagerService( 1741): isSecurity= false (  enable=false needShow=false inBlackList=false isExist=true )
02-03 21:19:59.364 D/OplusBatteryServiceFeature( 1741): setSmartCoolDown: coolDown = 5, normalCoolDown = 5, pkgName = com.android.launcher
02-03 21:19:59.368 D/OplusBatteryServiceFeature( 1741): setSmartCoolDown: coolDown = 5, normalCoolDown = 5, pkgName = com.android.launcher
02-03 21:19:59.387 I/Quality ( 2561): Skipped: true 1 cost 31.040102 refreshRate 16551397 bit true processName com.android.launcher
02-03 21:19:59.398 D/PowerManagerService( 1741): userActivityNoUpdateLocked: groupId=0, eventTime=102756725, event=2, flags=0x0, uid=1000
02-03 21:19:59.421 D/InputMethodManagerService( 1741): onHandleImeWindowVisibleStatus: vis = 0, needsToShowImeSwitcher = false
02-03 21:19:59.469 D/OplusAppListInterceptManager( 1741): shouldFilterTask
02-03 21:19:59.469 D/OplusAppListInterceptManager( 1741): shouldFilterTask::packageName = com.twitter.android
02-03 21:19:59.469 D/OplusAppListInterceptManager( 1741): shouldFilterTask
02-03 21:19:59.469 D/OplusAppListInterceptManager( 1741): shouldFilterTask::packageName = com.cricbuzz.android
02-03 21:19:59.511 I/ActivityTaskManager( 1741): START u0 {act=android.intent.action.MAIN cat=[android.intent.category.LAUNCHER] flg=0x10200000 cmp=com.cricbuzz.android/.lithium.app.view.activity.NyitoActivity bnds=[859,789][1065,1091] mCallingUid=10106} from uid 10106
02-03 21:19:59.511 D/MultiApp.CMAService( 1741): changeIntentIfNeed --- from launcher
02-03 21:19:59.515 V/OplusZoomWindowManagerService( 1741): windowMode: 0 ,stack: Task{b16009c #1523 type=standard A=10744:com.cricbuzz.android U=0 visible=false visibleRequested=false mode=fullscreen translucent=true sz=2}
02-03 21:19:59.517 D/ActivityTaskManager( 1741): onWindowFocusChanged Task{b16009c #1523 type=standard A=10744:com.cricbuzz.android U=0 visible=true visibleRequested=false mode=fullscreen translucent=true sz=2} would transfer to compact
02-03 21:19:59.518 V/WindowManager( 1741): Changing focus from Window{43ad301 u0 com.android.launcher/com.android.launcher.Launcher} to null,diplayid=0
02-03 21:19:59.521 D/ActivityTaskManager( 1741): getStartingWindowType: newTask=false, taskSwitch=true, processRunning=true, allowTaskSnapshot=true, activityCreated=true, snapshot=TaskSnapshot{ mId=1770133735295 mTopActivityComponent=com.cricbuzz.android/.lithium.app.view.activity.MatchCenterActivity mSnapshot=android.hardware.HardwareBuffer@ade19bd (1080x2400) mColorSpace=sRGB IEC61966-2.1 (id=0, model=RGB) mOrientation=1 mRotation=0 mTaskSize=Point(1080, 2400) mContentInsets=[0,110][0,0] mLetterboxInsets=[0,0][0,0] mIsLowResolution=false mIsRealSnapshot=true mWindowingMode=1 mAppearance=0 mIsTranslucent=false mHasImeSurface=false, record:ActivityRecord{1a1dc4 u0 com.cricbuzz.android/.lithium.app.view.activity.MatchCenterActivity} t1523}
02-03 21:19:59.531 D/PhoneStartingWindowTypeAlgorithm( 2210): preferredStartingWindowType newTask=false, taskSwitch=true, processRunning=true, allowTaskSnapshot=true, activityCreated=true, isSolidColorSplashScreen=false, legacySplashScreen=false, activityDrawn=true, topIsHome=false
02-03 21:19:59.533 D/OplusFullScreenDisplayManager( 1741): adjustWindowParamsLw com.cricbuzz.android, no change cutoutMode: 0
02-03 21:19:59.534 I/Quality ( 2561): Skipped: false 1 cost 28.27064 refreshRate 16565024 bit true processName com.android.launcher
02-03 21:19:59.538 I/WindowManager( 1741): addWindow: New client android.os.BinderProxy@e5794b9 : window=Window{ab0e0fe u0 SnapshotStartingWindow for taskId=1523}
02-03 21:19:59.542 D/OplusFullScreenDisplayManager( 1741): adjustWindowParamsLw com.cricbuzz.android, no change cutoutMode: 0
02-03 21:19:59.542 V/WindowManager( 1741): Relayout Window{ab0e0fe u0 SnapshotStartingWindow for taskId=1523}: viewVisibility=0, oldvis=8, req=-1x-1
02-03 21:19:59.548 W/ShellStartingWindow( 2210): create TaskSnapshotWindow snapshot frame:Rect(0, 0 - 1080, 2400), tmpFrames:Rect(0, 0 - 1080, 2400)
02-03 21:19:59.550 E/WindowManager( 1741): create RemoteAnimationController com.android.server.wm.RemoteAnimationController@a7d2aac
02-03 21:19:59.552 I/OplusJoystickManager( 1741): handleApplicationSwitch deprecated!
02-03 21:19:59.552 D/OplusAppSwitchListener( 1741): Detect com.android.launcher switch to background
02-03 21:19:59.552 D/OplusEapManager( 1741): mTargetExitName :com.android.launcher
02-03 21:19:59.552 D/VRR [OPlusFrontAppManager]( 1741): OnAppSwitchObserver: onAppExit , info.targetName = com.android.launcher
02-03 21:19:59.552 D/VRR [OPlusFrontAppManager]( 1741): packageName: null
02-03 21:19:59.553 D/OplusAppSwitchListener( 1741): Detect com.cricbuzz.android switch to foreground
02-03 21:19:59.553 D/OplusEapManager( 1741): mTargetEnterName :com.cricbuzz.android
02-03 21:19:59.554 D/VRR [OPlusFrontAppManager]( 1741): OnAppSwitchObserver: onAppEnter , info.targetName = com.cricbuzz.android
02-03 21:19:59.554 D/VRR [OPlusFrontAppManager]( 1741): packageName: com.cricbuzz.android
02-03 21:19:59.554 D/VRR [OPlusRefreshRateService]( 1741):  setFrameRateTargetControl [ 0.0 , com.android.launcher , false , com.oplus.battery ]
02-03 21:19:59.554 D/VRR [OPlusRefreshRateService]( 1741):  setFrameRateTargetControl from [0, 1000, android.uid.system:1000]
02-03 21:19:59.554 D/VRR [OPlusExternalRefreshRateManager]( 1741):  [FRTC] FrameRate : 0 com.android.launcher false com.oplus.battery 0 1000
02-03 21:19:59.556 D/TaskFragmentExtImpl( 1741): addColorModeOnResume resume=true pkg = com.cricbuzz.android
02-03 21:19:59.556 D/VRR [OPlusRefreshRateService]( 1741): handleFrontAppChange pkgName: com.cricbuzz.android
02-03 21:19:59.556 D/VRR [OPlusExternalRefreshRateManager]( 1741): setFrontPackageName pkgName: com.cricbuzz.android CurPkgName: com.android.launcher
02-03 21:19:59.556 D/VRR [OPlusSurfaceFlingerController]( 1741):  add frtc FrameRate : 0 com.android.launcher false com.oplus.battery
02-03 21:19:59.556 D/OplusBatteryServiceFeature( 1741): setSmartCoolDown: coolDown = 5, normalCoolDown = 5, pkgName = com.cricbuzz.android
02-03 21:19:59.560 E/OplusThermalStats( 1741): Error getting package info: com.cricbuzz.android
02-03 21:19:59.561 D/WindowManager( 1741): finishDrawingWindow: Window{ab0e0fe u0 SnapshotStartingWindow for taskId=1523} mDrawState=DRAW_PENDING
02-03 21:19:59.562 D/WindowManager( 1741): finishDrawingWindow: Window{ab0e0fe u0 SnapshotStartingWindow for taskId=1523} mDrawState=COMMIT_DRAW_PENDING
02-03 21:19:59.586 D/OplusSplitScreenManagerService( 1741): isDragToSplitState mOplusSpiltScreenDnDUI is null, just return!
02-03 21:19:59.586 D/OplusSplitScreenManagerService( 1741): isDragToSplitState mOplusSpiltScreenDnDUI is null, just return!
02-03 21:19:59.586 D/OplusSplitScreenManagerService( 1741): isDragToSplitState mOplusSpiltScreenDnDUI is null, just return!
02-03 21:19:59.602 I/WindowStateExtImpl( 1741): onSurfaceShowChange show = true mPackageName = com.cricbuzz.android parentPkgName = com.cricbuzz.android
02-03 21:19:59.608 V/WindowManager( 1741): Relayout Window{94c85a9 u0 com.twitter.android/com.twitter.app.main.MainActivity}: viewVisibility=8, oldvis=0, req=1080x2400
02-03 21:19:59.647 I/Quality (31255): Skipped: false 0 cost 11.1736145 refreshRate 16545083 bit true processName com.cricbuzz.android
02-03 21:19:59.652 D/OplusFullScreenDisplayManager( 1741): adjustWindowParamsLw com.cricbuzz.android, no change cutoutMode: 0
02-03 21:19:59.652 V/WindowManager( 1741): Relayout Window{a5d1dc7 u0 com.cricbuzz.android/com.cricbuzz.android.lithium.app.view.activity.MatchCenterActivity}: viewVisibility=0, oldvis=8, req=1080x2400
02-03 21:19:59.657 V/WindowManager( 1741): Changing focus from null to Window{a5d1dc7 u0 com.cricbuzz.android/com.cricbuzz.android.lithium.app.view.activity.MatchCenterActivity},diplayid=0
02-03 21:19:59.708 D/OplusAppListInterceptManager( 1741): shouldFilterTask
02-03 21:19:59.708 D/OplusAppListInterceptManager( 1741): shouldFilterTask::packageName = com.cricbuzz.android
02-03 21:19:59.708 D/OplusAppListInterceptManager( 1741): shouldFilterTask
02-03 21:19:59.708 D/OplusAppListInterceptManager( 1741): shouldFilterTask::packageName = com.twitter.android
02-03 21:19:59.734 D/WindowManager( 1741): finishDrawingWindow: Window{a5d1dc7 u0 com.cricbuzz.android/com.cricbuzz.android.lithium.app.view.activity.MatchCenterActivity} mDrawState=DRAW_PENDING
02-03 21:19:59.743 D/OplusStartingWindowManager( 1741): interceptRemoveStartingWindow: packageName=com.cricbuzz.android, isSnapshot=true, startingSurfaceRunnable=null
02-03 21:19:59.743 D/OplusSplitScreenManagerService( 1741): notifyRemoveStartingWindow mOplusSpiltScreenDnDUI is null, just return!
02-03 21:19:59.746 I/Quality (31255): Skipped: false 5 cost 92.3238 refreshRate 16529828 bit true processName com.cricbuzz.android
02-03 21:19:59.837 I/Quality (31255): Skipped: false 4 cost 67.40682 refreshRate 16548699 bit true processName com.cricbuzz.android
02-03 21:19:59.856 D/InputMethodManagerService( 1741): isSecurity: attribute.packageName=com.cricbuzz.android mCurMethodId=com.google.android.inputmethod.latin/com.android.inputmethod.latin.LatinIME
02-03 21:19:59.856 D/InputMethodManagerService( 1741): isSecurity= false (  enable=false needShow=false inBlackList=false isExist=true )
02-03 21:19:59.872 I/Quality (31255): Skipped: false 1 cost 19.460323 refreshRate 16560219 bit true processName com.cricbuzz.android
02-03 21:19:59.873 V/OplusZoomWindowManagerService( 1741): onAnimationFinished:  r = ActivityRecord{c0ace5a u0 com.android.launcher/.Launcher} t6}
02-03 21:19:59.878 D/InputMethodManagerService( 1741): onHandleImeWindowVisibleStatus: vis = 0, needsToShowImeSwitcher = false
02-03 21:19:59.878 V/OplusZoomWindowManagerService( 1741): onAnimationFinished:  r = ActivityRecord{1a1dc4 u0 com.cricbuzz.android/.lithium.app.view.activity.MatchCenterActivity} t1523}
02-03 21:19:59.879 I/OplusAppSwitchManagerService( 1741):  handleAppVisible , r = ActivityRecord{1a1dc4 u0 com.cricbuzz.android/.lithium.app.view.activity.MatchCenterActivity} t1523}
02-03 21:19:59.882 I/WindowStateExtImpl( 1741): onSurfaceShowChange show = false mPackageName = com.android.launcher parentPkgName = com.android.launcher
02-03 21:19:59.899 V/WindowManager( 1741): Relayout Window{79e5b u0 com.android.launcher/com.android.launcher.Launcher}: viewVisibility=8, oldvis=0, req=1080x2400
02-03 21:19:59.903 V/WindowManager( 1741): Relayout Window{43ad301 u0 com.android.launcher/com.android.launcher.Launcher}: viewVisibility=8, oldvis=0, req=1080x2400
02-03 21:19:59.998 D/UsageStatsService( 1741): User[0] type=0 b=1770131999997 e=1770133799997 cb=1770102026338 ce=1770133799982 disk=0 all=162
02-03 21:20:00.001 D/UsageStatsService( 1741): User[0] type=0 b=1770132000001 e=1770133800001 cb=1770102026338 ce=1770133799982 disk=0 all=162
02-03 21:20:00.015 E/OplusCustomizeRestrictionManagerService( 1741): isBiometricDisabled start
02-03 21:20:00.019 E/OplusCustomizeRestrictionManagerService( 1741): isBiometricDisabled start
02-03 21:20:00.025 I/WindowStateExtImpl( 1741): onSurfaceShowChange show = false mPackageName = com.cricbuzz.android parentPkgName = com.cricbuzz.android
02-03 21:20:00.054 D/CameraDelegate( 1741): handleMessage:200
02-03 21:20:00.067 D/UsageStatsService( 1741): User[0] type=0 b=1770133681972 e=1770133800061 cb=1770102026338 ce=1770133799982 disk=0 all=44
02-03 21:20:01.244 D/PowerManagerService( 1741): userActivityNoUpdateLocked: groupId=0, eventTime=102758567, event=2, flags=0x0, uid=1000
02-03 21:20:01.715 D/UsageStatsService( 1741): User[0] type=0 b=1770132001713 e=1770133801713 cb=1770102026338 ce=1770133799982 disk=0 all=162
02-03 21:20:01.912 I/Quality (31255): JankCountInfo: com.cricbuzz.android.lithium.app.view.activity.MatchCenterActivity basic:0-0-0 action:-1 data:0-1 type:2 stage:2-1-0 type:3 stage:0-1-0 action:0 data:0-0 type:2 stage:1-0-0 action:1 data:0-0 type:2 stage:0-1-0 action:2 data:0-1 type:2 stage:1-0-0 action:6 data:0-2 type:2 stage:1-2-0 action:8 data:0-0 type:2 stage:4-1-0
02-03 21:20:02.017 D/UsageStatsService( 1741): User[0] type=0 b=1770132002016 e=1770133802016 cb=1770102026338 ce=1770133799982 disk=0 all=162
02-03 21:20:02.071 I/Quality (31255): Skipped: false 1 cost 17.597816 refreshRate 16549501 bit true processName com.cricbuzz.android
02-03 21:20:02.136 D/UsageStatsService( 1741): User[0] type=0 b=1770132002134 e=1770133802134 cb=1770102026338 ce=1770133799982 disk=0 all=162
02-03 21:20:02.343 D/UsageStatsService( 1741): User[0] type=0 b=1770132002342 e=1770133802342 cb=1770102026338 ce=1770133799982 disk=0 all=162
02-03 21:20:02.395 D/ActivityThread(13289): do gfx trim 40 success
02-03 21:20:02.559 E/TaskPersister( 1741): File error accessing recents directory (directory doesn't exist?).
02-03 21:20:03.090 I/Quality (31255): Skipped: true 1 cost 27.01008 refreshRate 16549173 bit true processName com.cricbuzz.android
02-03 21:20:03.532 I/Quality (31255): Skipped: true 1 cost 22.306902 refreshRate 16666667 bit true processName com.cricbuzz.android
02-03 21:20:03.864 I/Quality (  962): SFJankCountInfo: 1667;0;0-0-0-0-0-0-0-0-0-0;1-0-0-0-0-0-0-0-0-0;2-0-0-0-0-0-0-0-0-0;3-0-0-0-0-0-0-0-0-0;4-0-0-0-0-0-0-0-0-0;5-0-0-0-0-0-0-0-0-0;6-0-0-0-0-0-0-0-0-0;7-0-0-0-0-0-0-0-0-0;8-0-0-0-0-0-0-0-0-0;9-0-0-0-0-0-0-0-0-0;
02-03 21:20:04.125 I/Quality (31255): Skipped: true 1 cost 18.988165 refreshRate 16551872 bit true processName com.cricbuzz.android
02-03 21:20:05.103 I/Quality (31255): Skipped: true 1 cost 20.379807 refreshRate 16548601 bit true processName com.cricbuzz.android
02-03 21:20:05.136 I/Quality (31255): Skipped: true 1 cost 20.045391 refreshRate 16548366 bit true processName com.cricbuzz.android
02-03 21:20:05.335 I/Quality (31255): Skipped: true 1 cost 20.648859 refreshRate 16553099 bit true processName com.cricbuzz.android
02-03 21:20:05.534 I/Quality (31255): Skipped: true 1 cost 20.570374 refreshRate 16551745 bit true processName com.cricbuzz.android
02-03 21:20:05.561 D/PowerManagerService( 1741): userActivityNoUpdateLocked: groupId=0, eventTime=102762881, event=2, flags=0x0, uid=1000
02-03 21:20:05.668 D/PowerManagerService( 1741): userActivityNoUpdateLocked: groupId=0, eventTime=102762995, event=2, flags=0x0, uid=1000
02-03 21:20:05.710 D/OplusThermalStats( 1741): REPORT_UPDATE_CPU  ->  phoneTemp:380  preHeatThreshold:400
02-03 21:20:05.717 D/OplusFullScreenDisplayManager( 1741): adjustWindowParamsLw com.cricbuzz.android, no change cutoutMode: 0
02-03 21:20:05.722 V/WindowManager( 1741): Changing focus from Window{a5d1dc7 u0 com.cricbuzz.android/com.cricbuzz.android.lithium.app.view.activity.MatchCenterActivity} to Window{7b1916d u0 com.cricbuzz.android/com.cricbuzz.android.lithium.app.view.activity.MatchCenterActivity},diplayid=0
02-03 21:20:05.728 I/WindowManager( 1741): addWindow: New client android.os.BinderProxy@3ca1584 : window=Window{7b1916d u0 com.cricbuzz.android/com.cricbuzz.android.lithium.app.view.activity.MatchCenterActivity}
02-03 21:20:05.731 D/CoreBackPreview( 1741): Window{7b1916d u0 com.cricbuzz.android/com.cricbuzz.android.lithium.app.view.activity.MatchCenterActivity}: Setting back callback OnBackInvokedCallbackInfo{mCallback=android.window.IOnBackInvokedCallback$Stub$Proxy@6ed9a8f, mPriority=0}
02-03 21:20:05.735 I/Quality (31255): Skipped: false 3 cost 56.21177 refreshRate 16548056 bit true processName com.cricbuzz.android
02-03 21:20:05.765 D/OplusFullScreenDisplayManager( 1741): adjustWindowParamsLw com.cricbuzz.android, no change cutoutMode: 0
02-03 21:20:05.765 V/WindowManager( 1741): Relayout Window{7b1916d u0 com.cricbuzz.android/com.cricbuzz.android.lithium.app.view.activity.MatchCenterActivity}: viewVisibility=0, oldvis=0, req=816x794
02-03 21:20:05.781 V/ZoomWindowDecorView(31255): setLastReportedMergedConfiguration mZoomDisplayHeight: 2400 getDecorView.186815728
02-03 21:20:05.806 D/WindowManager( 1741): finishDrawingWindow: Window{7b1916d u0 com.cricbuzz.android/com.cricbuzz.android.lithium.app.view.activity.MatchCenterActivity} mDrawState=DRAW_PENDING
02-03 21:20:05.808 I/Quality (31255): Skipped: false 3 cost 63.16542 refreshRate 16547077 bit true processName com.cricbuzz.android
02-03 21:20:05.838 D/WindowManager( 1741): finishDrawingWindow: Window{7b1916d u0 com.cricbuzz.android/com.cricbuzz.android.lithium.app.view.activity.MatchCenterActivity} mDrawState=HAS_DRAWN
02-03 21:20:05.843 D/ProcessCpuTrackerExtImpl( 1741): mContext is already set, return now! 
02-03 21:20:05.851 D/OplusThermalStats( 1741): AnalizyPosition reach max limit, mAnalizyPosition=400 res=0
02-03 21:20:05.869 D/InputMethodManagerService( 1741): isSecurity: attribute.packageName=com.cricbuzz.android mCurMethodId=com.google.android.inputmethod.latin/com.android.inputmethod.latin.LatinIME
02-03 21:20:05.869 D/InputMethodManagerService( 1741): isSecurity= false (  enable=false needShow=false inBlackList=false isExist=true )
02-03 21:20:05.876 D/InputMethodManagerService( 1741): onHandleImeWindowVisibleStatus: vis = 0, needsToShowImeSwitcher = false
02-03 21:20:07.303 D/PowerManagerService( 1741): userActivityNoUpdateLocked: groupId=0, eventTime=102764627, event=2, flags=0x0, uid=1000
02-03 21:20:07.370 D/CoreBackPreview( 1741): Window{7b1916d u0 com.cricbuzz.android/com.cricbuzz.android.lithium.app.view.activity.MatchCenterActivity}: Setting back callback null
02-03 21:20:07.370 V/ZoomWindowDecorView(31255): removeZoomView
02-03 21:20:07.381 V/WindowManager( 1741): Changing focus from Window{7b1916d u0 com.cricbuzz.android/com.cricbuzz.android.lithium.app.view.activity.MatchCenterActivity EXITING} to Window{a5d1dc7 u0 com.cricbuzz.android/com.cricbuzz.android.lithium.app.view.activity.MatchCenterActivity},diplayid=0
02-03 21:20:07.420 V/WindowManager( 1741): Unknown focus tokens, dropping reportFocusChanged
02-03 21:20:07.423 I/ActivityTaskManager( 1741): START u0 {cmp=com.cricbuzz.android/.lithium.app.view.activity.MatchCenterActivity (has extras) mCallingUid=10744} from uid 10744
02-03 21:20:07.426 D/OplusZoomWindowRUSConfigManager( 1741): isSupportZoomModeWithPolicyLocked: target = com.cricbuzz.android/.lithium.app.view.activity.MatchCenterActivity
02-03 21:20:07.426 D/OplusZoomWindowRUSConfigManager( 1741): targetPkg = com.cricbuzz.android
02-03 21:20:07.426 I/OplusZoomWindowRUSConfigManager( 1741): target pkg is unsupport zoom window mode
02-03 21:20:07.427 V/OplusZoomWindowManagerService( 1741): unSupportZoom: true ,callingPid: 31255 ,sourceStack: Task{b16009c #1523 type=standard A=10744:com.cricbuzz.android U=0 visible=true visibleRequested=false mode=fullscreen translucent=true sz=2}
02-03 21:20:07.427 V/WindowManager( 1741): Changing focus from Window{a5d1dc7 u0 com.cricbuzz.android/com.cricbuzz.android.lithium.app.view.activity.MatchCenterActivity} to null,diplayid=0
02-03 21:20:07.430 D/TaskFragmentExtImpl( 1741): add ActivityRecord{bfe8dac u0 com.cricbuzz.android/.lithium.app.view.activity.MatchCenterActivity} t1523} to mActivityRecordSum = Counter{ com.cricbuzz.android/.lithium.app.view.activity.NyitoActivity(1) com.cricbuzz.android/.lithium.app.view.activity.MatchCenterActivity(2) }
02-03 21:20:07.431 D/ActivityTaskManager( 1741): getStartingWindowType: newTask=false, taskSwitch=false, processRunning=true, allowTaskSnapshot=true, activityCreated=false, snapshot=TaskSnapshot{ mId=1770133735295 mTopActivityComponent=com.cricbuzz.android/.lithium.app.view.activity.MatchCenterActivity mSnapshot=android.hardware.HardwareBuffer@ade19bd (1080x2400) mColorSpace=sRGB IEC61966-2.1 (id=0, model=RGB) mOrientation=1 mRotation=0 mTaskSize=Point(1080, 2400) mContentInsets=[0,110][0,0] mLetterboxInsets=[0,0][0,0] mIsLowResolution=false mIsRealSnapshot=true mWindowingMode=1 mAppearance=0 mIsTranslucent=false mHasImeSurface=false, record:ActivityRecord{bfe8dac u0 com.cricbuzz.android/.lithium.app.view.activity.MatchCenterActivity} t1523}
02-03 21:20:07.431 D/OplusZoomWindowRUSConfigManager( 1741): isSupportZoomModeWithPolicyLocked: target = com.cricbuzz.android/.lithium.app.view.activity.MatchCenterActivity
02-03 21:20:07.431 D/OplusZoomWindowRUSConfigManager( 1741): targetPkg = com.cricbuzz.android
02-03 21:20:07.432 I/OplusZoomWindowRUSConfigManager( 1741): target pkg is unsupport zoom window mode
02-03 21:20:07.432 V/OplusZoomWindowManagerService( 1741): unSupportZoom: true ,callingPid: 31255 ,sourceStack: Task{b16009c #1523 type=standard A=10744:com.cricbuzz.android U=0 visible=true visibleRequested=false mode=fullscreen translucent=false sz=3}
02-03 21:20:07.437 I/Quality (31255): Skipped: true 4 cost 70.729454 refreshRate 16554570 bit true processName com.cricbuzz.android
02-03 21:20:07.445 W/ActivityTaskManager( 1741): Tried to set launchTime (0) < mLastActivityLaunchTime (102679528)
02-03 21:20:07.452 D/OplusDexOptimizeManager( 1741): basepath == oldPackagePath!
02-03 21:20:07.513 D/OplusFullScreenDisplayManager( 1741): adjustWindowParamsLw com.cricbuzz.android, no change cutoutMode: 0
02-03 21:20:07.515 I/WindowManager( 1741): addWindow: New client android.os.BinderProxy@ccb910 : window=Window{9eddc09 u0 com.cricbuzz.android/com.cricbuzz.android.lithium.app.view.activity.MatchCenterActivity}
02-03 21:20:07.516 D/CoreBackPreview( 1741): Window{9eddc09 u0 com.cricbuzz.android/com.cricbuzz.android.lithium.app.view.activity.MatchCenterActivity}: Setting back callback OnBackInvokedCallbackInfo{mCallback=android.window.IOnBackInvokedCallback$Stub$Proxy@c7ac02f, mPriority=0}
02-03 21:20:07.518 I/Quality (31255): Skipped: false 0 cost 10.70023 refreshRate 16666667 bit true processName com.cricbuzz.android
02-03 21:20:07.522 D/OplusFullScreenDisplayManager( 1741): adjustWindowParamsLw com.cricbuzz.android, no change cutoutMode: 0
02-03 21:20:07.522 V/WindowManager( 1741): Relayout Window{9eddc09 u0 com.cricbuzz.android/com.cricbuzz.android.lithium.app.view.activity.MatchCenterActivity}: viewVisibility=0, oldvis=4, req=1080x2400
02-03 21:20:07.530 V/WindowManager( 1741): Changing focus from null to Window{9eddc09 u0 com.cricbuzz.android/com.cricbuzz.android.lithium.app.view.activity.MatchCenterActivity},diplayid=0
02-03 21:20:07.535 V/ZoomWindowDecorView(31255): setL