02-03 21:46:32.032 I/BufferQueueDebug(  962): [com.wholexale.app.staging/com.wholexale.app.MainActivity#39222](this:0xb40000797530e9e8,id:-1,api:0,p:-1,c:962) onDestructor()
02-03 21:46:32.032 D/OplusLayer(  962): ~Layer() sequence=39222, name=com.wholexale.app.staging/com.wholexale.app.MainActivity#39222
02-03 21:46:32.033 D/OplusLayer(  962): ~Layer() sequence=39226, name=Surface(name=96ba97a InputMethod)/@0x94551ff - animation-leash of insets_animation#39226
02-03 21:46:32.033 D/OplusLayer(  962): ~Layer() sequence=39212, name=ActivityRecord{72a852a u0 com.wholexale.app.staging/com.wholexale.app.MainActivity}#39212
02-03 21:46:32.033 D/OplusLayer(  962): ~Layer() sequence=39220, name=a29af1b ActivityRecordInputSink com.wholexale.app.staging/com.wholexale.app.MainActivity#39220
02-03 21:46:32.035 I/DispPerfService(  962): updateLayerMask 9
02-03 21:46:32.035 I/FocusResolver( 1741): updateFocusedWindow, 43ad301 com.android.launcher/com.android.launcher.Launcher on display 0, reason: Window became focusable. Previous reason: NOT_VISIBLE, result:   FocusedWindows:
02-03 21:46:32.035 I/FocusResolver( 1741):     displayId=0, name='43ad301 com.android.launcher/com.android.launcher.Launcher'
02-03 21:46:32.036 D/VRI[Launcher]( 2561): onFocusEvent true
02-03 21:46:32.039 D/InputMethodManagerService( 1741): isSecurity: attribute.packageName=com.android.launcher mCurMethodId=com.google.android.inputmethod.latin/com.android.inputmethod.latin.LatinIME
02-03 21:46:32.039 D/InputMethodManagerService( 1741): isSecurity= false (  enable=false needShow=false inBlackList=false isExist=true )
02-03 21:46:32.051 W/ActivityManager( 1741): setHasOverlayUi called on unknown pid: 28219
02-03 21:46:32.052 D/WCGWindowSurfaceFactory( 2321): mIsSupportWCG false
02-03 21:46:32.053 I/GoogleInputMethodService( 5757): GoogleInputMethodService.onFinishInput():2099 
02-03 21:46:32.055 D/OplusAppListInterceptManager( 1741): shouldFilterTask
02-03 21:46:32.055 D/OplusAppListInterceptManager( 1741): shouldFilterTask::packageName = com.wholexale.app.staging
02-03 21:46:32.055 D/OplusAppListInterceptManager( 1741): shouldFilterTask
02-03 21:46:32.055 D/OplusAppListInterceptManager( 1741): shouldFilterTask::packageName = com.cricbuzz.android
02-03 21:46:32.055 I/Module  ( 5757): DeviceLockedStatusModuleProvider$Module.updateDeviceLockedStatus():103 repeatCheckTimes = 0, locked = false
02-03 21:46:32.056 D/OplusAppListInterceptManager( 1741): shouldFilterTask
02-03 21:46:32.056 D/OplusAppListInterceptManager( 1741): shouldFilterTask::packageName = com.google.android.youtube
02-03 21:46:32.056 D/OplusAppListInterceptManager( 1741): shouldFilterTask
02-03 21:46:32.056 D/OplusAppListInterceptManager( 1741): shouldFilterTask::packageName = com.android.chrome
02-03 21:46:32.056 I/GoogleInputMethodService( 5757): GoogleInputMethodService.onStartInput():1371 onStartInput(EditorInfo{EditorInfo{packageName=com.android.launcher, inputType=0, inputTypeString=NULL, enableLearning=false, autoCorrection=false, autoComplete=false, imeOptions=0, privateImeOptions=null, actionName=UNSPECIFIED, actionLabel=null, initialSelStart=-1, initialSelEnd=-1, initialCapsMode=0, label=null, fieldId=-1, fieldName=null, extras=Bundle[{com.oplus.im.SCENES=0}], hintText=null, hintLocales=[]}}, false)
02-03 21:46:32.059 D/skia    ( 2321): SkJpegCodec::onGetPixels +
02-03 21:46:32.068 D/OplusAppListInterceptManager( 1741): shouldFilterTask
02-03 21:46:32.068 D/OplusAppListInterceptManager( 1741): shouldFilterTask::packageName = com.wholexale.app.staging
02-03 21:46:32.068 D/OplusAppListInterceptManager( 1741): shouldFilterTask
02-03 21:46:32.068 D/OplusAppListInterceptManager( 1741): shouldFilterTask::packageName = com.cricbuzz.android
02-03 21:46:32.069 D/OplusAppListInterceptManager( 1741): shouldFilterTask
02-03 21:46:32.069 D/OplusAppListInterceptManager( 1741): shouldFilterTask::packageName = com.google.android.youtube
02-03 21:46:32.069 D/OplusAppListInterceptManager( 1741): shouldFilterTask
02-03 21:46:32.069 D/OplusAppListInterceptManager( 1741): shouldFilterTask::packageName = com.android.chrome
02-03 21:46:32.069 I/Module  ( 5757): DeviceLockedStatusModuleProvider$Module.updateDeviceLockedStatus():103 repeatCheckTimes = 1, locked = false
02-03 21:46:32.070 D/InputMethodManagerService( 1741): onHandleImeWindowVisibleStatus: vis = 0, needsToShowImeSwitcher = false
02-03 21:46:32.080 I/WeatherS_WeatherServiceVersionUtils(24226): serviceVersionCode16013000
02-03 21:46:32.081 D/Layer   (  962): reparent to null sequence=39248, seq[2], name=Surface(name=96ba97a InputMethod)/@0x94551ff - animation-leash of insets_animation#39248
02-03 21:46:32.093 I/WeatherS_WeatherServiceVersionUtils(24226): serviceVersionCode16013000
02-03 21:46:32.095 I/exsystemservice( 2175): Background young concurrent copying GC freed 10222KB AllocSpace bytes, 0(0B) LOS objects, 73% free, 3900KB/14MB, paused 6.057ms,25us total 28.651ms
02-03 21:46:32.100 I/WeatherS_WeatherServiceVersionUtils(24226): serviceVersionCode16013000
02-03 21:46:32.101 I/WeatherS_WeatherServiceVersionUtils(24226): serviceVersionCode16013000
02-03 21:46:32.101 I/WeatherS_WeatherServiceVersionUtils(24226): serviceVersionCode16013000
02-03 21:46:32.101 I/WeatherS_WeatherServiceVersionUtils(24226): serviceVersionCode16013000
02-03 21:46:32.105 I/WeatherS_WeatherServiceVersionUtils(24226): serviceVersionCode16013000
02-03 21:46:32.105 I/WeatherS_WeatherServiceVersionUtils(24226): serviceVersionCode16013000
02-03 21:46:32.105 I/WeatherS_WeatherBaseDataTask(24226): Service has not started, bind update Service.
02-03 21:46:32.105 I/WeatherS_WeatherServiceManager(24226): bindUpdateService false
02-03 21:46:32.116 W/OplusExSystemServiceHelper(24253): checkOplusExSystemService intent getComponent is null
02-03 21:46:32.119 I/WeatherS_WeatherBaseDataTask(24226): Service has not started, bind update Service.
02-03 21:46:32.119 I/WeatherS_WeatherServiceManager(24226): bindUpdateService false
02-03 21:46:32.121 I/WeatherS_WeatherServiceManager(24226): onServiceConnected
02-03 21:46:32.121 I/WeatherS_WeatherBaseDataTask(24226): executeRequest getLocationCityDataAndUpdateWeatherInfoIfNeeded
02-03 21:46:32.123 E/IHansComunication( 4602): HANS printMessageBody: RCV message: type = 3,port = 86870,caller_pid = 1,caller_uid = 0,target_pid = 28882,target_uid = 1000,pkg_cmd = -1,rpc = signal/-1
02-03 21:46:32.124 D/skia    ( 2321): SkJpegCodec::onGetPixels -
02-03 21:46:32.125 E/WeatherS_PrivacyStatementExport(24253): isAgreed-1
02-03 21:46:32.126 I/WeatherS_WeatherServiceManager(24226): onServiceConnected
02-03 21:46:32.126 I/WeatherS_WeatherBaseDataTask(24226): executeRequest getResidentSecureSettingsData
02-03 21:46:32.126 E/WeatherS_PrivacyStatementExport(24253): isAgreed-1
02-03 21:46:32.128 I/WeatherS_WeatherCommonServiceProxy(24253): getResidentCity list size: 1
02-03 21:46:32.128 E/WeatherS_WeatherCommonServiceProxy(24253): getLocationCityInfo
02-03 21:46:32.129 I/WeatherS_WeatherCommonServiceProxy(24253): resident data temp -> 39
02-03 21:46:32.132 I/WeatherS_WeatherCommonServiceProxy(24253): getLocationCityAndUpdate id = 2 cityId:0
02-03 21:46:32.132 E/WeatherS_WeatherCommonServiceProxy(24253): getTimeZoneOfAttendCity
02-03 21:46:32.133 I/WeatherS_WeatherBaseDataTask(24226): after doRequestFromWeatherService getResidentSecureSettingsData result true
02-03 21:46:32.133 E/WeatherS_WeatherCommonServiceProxy(24253): getOneAttentCityWeatherInfoList
02-03 21:46:32.134 I/WeatherS_WeatherBaseDataTask(24226):  doRequestFromWeatherService getResidentSecureSettingsData response data true
02-03 21:46:32.134 I/WeatherS_WeatherServiceManager(24226): unBindUpdateService true
02-03 21:46:32.134 I/WeatherS_WeatherCommonServiceProxy(24253): parseWeatherToAttentWeatherInfo currentTemp: 75
02-03 21:46:32.135 I/WeatherS_SharedUtil(24253): tryCheckLocWeatherAndSend sLastSendResult is 202.
02-03 21:46:32.138 I/WeatherS_WeatherCommonServiceProxy(24253): getLocationCityAndUpdate  temp = 75 Partly cloudy 58
02-03 21:46:32.139 E/WeatherS_WeatherCommonServiceProxy(24253): getLocationCityAndUpdate  needUpdateWeatherInfo = false, isCallFromWeatherApp = false
02-03 21:46:32.140 I/WeatherS_WeatherBaseDataTask(24226): after doRequestFromWeatherService getLocationCityDataAndUpdateWeatherInfoIfNeeded result true
02-03 21:46:32.141 I/WeatherS_WeatherBaseDataTask(24226):  doRequestFromWeatherService getLocationCityDataAndUpdateWeatherInfoIfNeeded response data true
02-03 21:46:32.141 I/WeatherS_WeatherServiceManager(24226): unBindUpdateService true
02-03 21:46:32.409 D/CameraDelegate( 1741): handleMessage:200
02-03 21:46:32.445 I/mtkpower_client( 1741): perf_lock_rel, hdl:101695, tid:2265
02-03 21:46:32.446 I/mtkpower_client( 1741): perf_lock_acq, hdl:101695, dur:0, num:4, tid:2265
02-03 21:46:32.446 I/libPowerHal(  863): [perfLockRel] hdl:101695, idx:0
02-03 21:46:32.446 I/libPowerHal(  863): system_server: cpu_ctrl set cpu freq: -1 -1 -1 -1
02-03 21:46:32.446 I/libPowerHal(  863): [PD] system_server update cmd:1c3c000 param:1
02-03 21:46:32.446 I/libPowerHal(  863): [PD] (more) /proc/mcdi/state set +prefix:enable 1;
02-03 21:46:32.446 I/libPowerHal(  863): [PD] system_server update cmd:2004100 param:2
02-03 21:46:32.447 I/mtkpower_client( 1741): ret_hdl:101696
02-03 21:46:32.487 E/ActivityThread( 2175): Failed to find provider info for com.oplus.thirdkit
02-03 21:46:32.487 E/AbnormalAppMonitorController( 2175): callProvider errorUnknown authority com.oplus.thirdkit
02-03 21:46:32.660 I/mtkpower_client( 1741): perf_lock_rel, hdl:101696, tid:2265
02-03 21:46:32.661 D/OGG_Detector( 1741): D:done mCurrStatus: 0
02-03 21:46:32.661 D/NoBackGesture( 2210): Start gesture: MotionEvent { action=ACTION_DOWN, actionButton=0, id[0]=0, x[0]=1015.75, y[0]=1157.5, toolType[0]=TOOL_TYPE_FINGER, buttonState=0, classification=NONE, metaState=0, flags=0x0, edgeFlags=0x0, pointerCount=1, historySize=0, eventTime=104349987, downTime=104349987, deviceId=4, source=0x1002, displayId=0, eventId=813733006 }
02-03 21:46:32.661 D/NoBackGesture( 2210): Not in side gesture area
02-03 21:46:32.661 D/PowerManagerService( 1741): userActivityNoUpdateLocked: groupId=0, eventTime=104349987, event=2, flags=0x0, uid=1000
02-03 21:46:32.661 D/OplusSystemUINavigationGesture( 2561): [GESTURE_BUTTON] swipe from 1
02-03 21:46:32.661 I/mtkpower_client( 1741): perf_lock_acq, hdl:101696, dur:0, num:10, tid:2265
02-03 21:46:32.662 I/mtkpower@impl(  863): [check_work_req] i:0, msg:1 hdl:101696, wait
02-03 21:46:32.662 I/libPowerHal(  863): [perfLockRel] hdl:101696, idx:0
02-03 21:46:32.663 I/libPowerHal(  863): [PD] system_server update cmd:2004100 param:2
02-03 21:46:32.663 E/horae   ( 3350): 0: back:35767,frame:34669,front:36567, 6, +(1433), 1 ,38000,37100,38000,38300
02-03 21:46:32.664 I/mtkpower_client( 1741): ret_hdl:101698
02-03 21:46:32.664 I/iopgp   ( 2637): Iopgp: TRANSACTION_IOPGP_ON_KEY_DOWN sequence_id = 74 pkg_name = com.wholexale.app.staging isProfile = 0
02-03 21:46:32.664 I/libPowerHal(  863): system_server: cpu_ctrl set cpu freq: 2000000 -1 1503000 -1
02-03 21:46:32.665 D/iopgp   ( 2637): cannot find a compiledtrace, need to start tracing on intentstart.
02-03 21:46:32.665 D/iopgp   ( 2637): Iopgp: Decide the action on keydown event done in 0ms.
02-03 21:46:32.724 I/libPowerHal(  863): [perfLockRel] hdl:101697, idx:1
02-03 21:46:32.724 I/libPowerHal(  863): [PD] MTKPOWER_HINT_APP_TOUCH update cmd:3408600 param:0
02-03 21:46:32.745 I/iopgp   ( 2637): Iopgp: TRANSACTION_IOPGP_ON_INTENT_STARTED sequence_id = 74 pkg_name = com.wholexale.app.staging class_name = com.wholexale.app.MainActivity
02-03 21:46:32.746 D/CompatibilityChangeReporter( 1741): Compat change id reported: 161252188; UID 10853; state: DISABLED
02-03 21:46:32.746 I/iopgp   ( 2637): Total traces exceed kMaxAppTraces limits, and number is 2
02-03 21:46:32.747 I/ActivityTaskManager( 1741): START u0 {act=android.intent.action.MAIN cat=[android.intent.category.LAUNCHER] flg=0x10200000 cmp=com.wholexale.app.staging/com.wholexale.app.MainActivity bnds=[856,1086][1062,1388] mCallingUid=10106} from uid 10106
02-03 21:46:32.747 D/MultiApp.CMAService( 1741): changeIntentIfNeed --- from launcher
02-03 21:46:32.747 I/mtkpower_client( 1741): perf_lock_rel, hdl:101698, tid:2265
02-03 21:46:32.747 I/mtkpower_client( 1741): perf_lock_acq, hdl:101698, dur:0, num:10, tid:2265
02-03 21:46:32.747 I/mtkpower@impl(  863): [check_work_req] i:0, msg:1 hdl:101698, wait
02-03 21:46:32.748 I/libPowerHal(  863): [perfLockRel] hdl:101698, idx:0
02-03 21:46:32.748 I/libPowerHal(  863): system_server: cpu_ctrl set cpu freq: -1 -1 -1 -1
02-03 21:46:32.748 I/libPowerHal(  863): [PD] system_server update cmd:1c3c000 param:1
02-03 21:46:32.748 I/libPowerHal(  863): [PD] (more) /proc/mcdi/state set +prefix:enable 1;
02-03 21:46:32.748 I/libPowerHal(  863): [PD] system_server update cmd:2004100 param:2
02-03 21:46:32.749 D/CompatibilityChangeReporter( 1741): Compat change id reported: 194480991; UID 10853; state: ENABLED
02-03 21:46:32.750 I/mtkpower_client( 1741): ret_hdl:101699
02-03 21:46:32.750 I/libPowerHal(  863): system_server: cpu_ctrl set cpu freq: 1275000 -1 2200000 -1
02-03 21:46:32.751 D/OplusZoomWindowManagerService( 1741): onConfigurationChanged rotation not changed - prevRotation: 0
02-03 21:46:32.753 I/OplusScreenSecurityMask( 1741): onStackAdded task = Task{ad77f7a #1579 type=standard ?? U=0 visible=false visibleRequested=false mode=fullscreen translucent=true sz=0} record = null displayId = 0
02-03 21:46:32.754 I/OplusScreenSecurityMask( 1741): onStackAdded task = Task{ad77f7a #1579 type=standard A=10853:com.wholexale.app.staging U=0 visible=false visibleRequested=false mode=fullscreen translucent=true sz=0} record = null displayId = 0
02-03 21:46:32.755 D/CompatibilityChangeReporter( 1741): Compat change id reported: 174042980; UID 10853; state: DISABLED
02-03 21:46:32.755 D/CompatibilityChangeReporter( 1741): Compat change id reported: 184838306; UID 10853; state: DISABLED
02-03 21:46:32.756 D/CompatibilityChangeReporter( 1741): Compat change id reported: 185004937; UID 10853; state: DISABLED
02-03 21:46:32.756 D/CompatibilityChangeReporter( 1741): Compat change id reported: 181136395; UID 10853; state: DISABLED
02-03 21:46:32.756 D/CompatibilityChangeReporter( 1741): Compat change id reported: 174042936; UID 10853; state: DISABLED
02-03 21:46:32.758 D/TaskFragmentExtImpl( 1741): add ActivityRecord{986a99c u0 com.wholexale.app.staging/com.wholexale.app.MainActivity} t1579} to mActivityRecordSum = Counter{ com.wholexale.app.staging/com.wholexale.app.MainActivity(1) }
02-03 21:46:32.760 I/mtkpower@impl(  863): [setMode] type:5, enabled:1
02-03 21:46:32.760 I/libPowerHal(  863): LAUNCH: cpu_ctrl set cpu freq: 2000000 -1 2200000 -1
02-03 21:46:32.761 D/ActivityTaskManager( 1741): getStartingWindowType: newTask=true, taskSwitch=true, processRunning=false, allowTaskSnapshot=true, activityCreated=false, snapshot=null, record:ActivityRecord{986a99c u0 com.wholexale.app.staging/com.wholexale.app.MainActivity} t1579}
02-03 21:46:32.761 D/CompatibilityChangeReporter( 1741): Compat change id reported: 205907456; UID 10853; state: ENABLED
02-03 21:46:32.762 V/OplusZoomWindowManagerService( 1741): windowMode: 0 ,stack: Task{ad77f7a #1579 type=standard A=10853:com.wholexale.app.staging U=0 visible=true visibleRequested=false mode=fullscreen translucent=true sz=1}
02-03 21:46:32.762 D/PhoneStartingWindowTypeAlgorithm( 2210): preferredStartingWindowType newTask=true, taskSwitch=true, processRunning=false, allowTaskSnapshot=true, activityCreated=false, isSolidColorSplashScreen=false, legacySplashScreen=false, activityDrawn=false, topIsHome=false
02-03 21:46:32.763 I/PowerHalWrapper( 1741): <amsBoostResume> last:com.android.launcher, next:com.wholexale.app.staging 
02-03 21:46:32.764 I/libPowerHal(  863): [perfLockRel] hdl:101645, idx:2
02-03 21:46:32.764 D/OplusUIFirst_FB( 1741): com.wholexale.app.staging activity event: []
02-03 21:46:32.764 D/OplusUIFirst_FB( 1741): List of ThreadOp: size=0 []
02-03 21:46:32.764 D/OplusUIFirst_FB( 1741): handleParaSwitch com.wholexale.app.staging null null 1
02-03 21:46:32.764 I/libPowerHal(  863): [PD] MTKPOWER_HINT_EXT_LAUNCH update cmd:2020000 param:1
02-03 21:46:32.764 D/OplusShellStartingWindowManager( 2210): adjustSuggestedWindowType: skip no-system app and no-exception list app
02-03 21:46:32.764 I/mtkpower_client( 1741): perf_lock_rel, hdl:101699, tid:2265
02-03 21:46:32.765 I/SurfaceFlinger(  962): [SF client] NEW(0xb4000079756f44c0) for (2210:com.android.systemui)
02-03 21:46:32.765 D/ShellStartingWindow( 2210): getWindowAttrs window attributes color: 0, replace icon: false
02-03 21:46:32.766 W/OplusSlideAnimOptHelper( 2210): initScrollOpt: not running in mainthread
02-03 21:46:32.766 I/libPowerHal(  863): [perfLockRel] hdl:101699, idx:0
02-03 21:46:32.766 I/mtkpower_client( 1741): perf_lock_acq, hdl:101699, dur:0, num:10, tid:2265
02-03 21:46:32.766 I/libPowerHal(  863): [PD] system_server update cmd:1c3c000 param:1
02-03 21:46:32.766 I/libPowerHal(  863): [PD] (more) /proc/mcdi/state set +prefix:enable 1;
02-03 21:46:32.766 I/libPowerHal(  863): [PD] system_server update cmd:2004100 param:2
02-03 21:46:32.767 D/WindowManager( 2210): Add to mViews: android.widget.FrameLayout{c4ddb3e V.E...... ......I. 0,0-0,0},pkg= com.wholexale.app.staging
02-03 21:46:32.767 I/mtkpower_client( 1741): ret_hdl:101702
02-03 21:46:32.769 D/ShellStartingWindow( 2210): inconsize = 408
02-03 21:46:32.769 D/CompatibilityChangeReporter( 1741): Compat change id reported: 194833441; UID 10853; state: ENABLED
02-03 21:46:32.769 D/OplusAlwaysAliveManager( 1741): process not running, cold launch: ActivityRecord{986a99c u0 com.wholexale.app.staging/com.wholexale.app.MainActivity} t1579}, processName: com.wholexale.app.staging
02-03 21:46:32.769 D/OplusUIFirst_FB( 1741): com.wholexale.app.staging activity event: []
02-03 21:46:32.769 D/OplusUIFirst_FB( 1741): List of ThreadOp: size=0 []
02-03 21:46:32.772 D/CompatibilityChangeReporter( 1741): Compat change id reported: 168419799; UID 10853; state: DISABLED
02-03 21:46:32.773 D/OplusFullScreenDisplayManager( 1741): adjustWindowParamsLw com.wholexale.app.staging, no change cutoutMode: 0
02-03 21:46:32.775 I/WindowManager( 1741): addWindow: New client android.os.BinderProxy@8984707 : window=Window{4e49034 u0 Splash Screen com.wholexale.app.staging}
02-03 21:46:32.777 D/ViewRootImplExtImpl( 2210): onDisplayChanged -1 for VRI android.view.ViewRootImpl@ddf44bb
02-03 21:46:32.778 D/CoreBackPreview( 1741): Window{4e49034 u0 Splash Screen com.wholexale.app.staging}: Setting back callback OnBackInvokedCallbackInfo{mCallback=android.window.IOnBackInvokedCallback$Stub$Proxy@fe84ca3, mPriority=0}
02-03 21:46:32.779 I/PowerHalWrapper( 1741): amsBoostProcessCreate package:com.wholexale.app.staging 
02-03 21:46:32.779 D/InputEventReceiver( 2210): Input log is disabled
02-03 21:46:32.779 V/SensorManager( 1741): call sensorServiceCommonInterface name: setScreenShotDisable
02-03 21:46:32.779 D/SensorService( 1741): SensorService sensorServiceCommonInterface = setScreenShotDisable
02-03 21:46:32.779 D/SensorServiceExtImpl( 1741): sensorServiceCommonInterface funcName = setScreenShotDisable, flag = 0, status = 0
02-03 21:46:32.779 D/OplusUIFirst_FB( 1741): com.wholexale.app.staging activity event: []
02-03 21:46:32.779 D/OplusUIFirst_FB( 1741): List of ThreadOp: size=0 []
02-03 21:46:32.779 D/OplusUIFirst_FB( 1741): handleParaSwitch com.wholexale.app.staging null null 1
02-03 21:46:32.779 E/WindowManager( 1741): create RemoteAnimationController com.android.server.wm.RemoteAnimationController@6547ba0
02-03 21:46:32.779 I/OplusHansManager ( 1741): front pkg: com.wholexale.app.staging, uid: 10853, prev pkg: com.android.launcher, prev uid: 10106
02-03 21:46:32.780 D/OplusUIFirst_FB( 1741): com.wholexale.app.staging activity event: []
02-03 21:46:32.780 D/OplusUIFirst_FB( 1741): List of ThreadOp: size=0 []
02-03 21:46:32.780 D/OplusUIFirst_FB( 1741): handleParaSwitch com.wholexale.app.staging null null 1
02-03 21:46:32.780 I/Osense-DecisionMaker( 1741): notifySceneToAthenaPolicy: SCENE_APP_SWITCH, bundle: Bundle[{prevPkgName=com.android.launcher, curUid=10853, curPkgName=com.wholexale.app.staging, prevUid=10106}]
02-03 21:46:32.780 V/SensorManager( 1741): call sensorServiceCommonInterface name: setScreenShotDisable
02-03 21:46:32.780 I/OplusResourcePreloadManager( 1741): resume pkg: com.wholexale.app.staging, uid:10853, prev pkg: com.android.launcher, prev uid: 10106
02-03 21:46:32.780 I/OplusHansManager ( 1741): notifyAppGoForeground, uid=10853
02-03 21:46:32.780 D/SensorService( 1741): SensorService sensorServiceCommonInterface = setScreenShotDisable
02-03 21:46:32.780 D/SensorServiceExtImpl( 1741): sensorServiceCommonInterface funcName = setScreenShotDisable, flag = 0, status = 0
02-03 21:46:32.780 I/OplusHansManager ( 1741): notifyAppGoBackground, uid=10106
02-03 21:46:32.780 I/Osense-DecisionMaker( 1741): scene: SCENE_APP_SWITCH, excutingPolicy: freezer
02-03 21:46:32.780 D/OplusShellStartingWindowManager( 2210): handleSplashScreenView: normal third app or no-default
02-03 21:46:32.780 D/Osense-DecisionMaker( 1741): invoke freezer policy,type: fast
02-03 21:46:32.781 V/SensorManager( 1741): call sensorServiceCommonInterface name: setScreenShotDisable
02-03 21:46:32.781 D/SensorService( 1741): SensorService sensorServiceCommonInterface = setScreenShotDisable
02-03 21:46:32.781 D/SensorServiceExtImpl( 1741): sensorServiceCommonInterface funcName = setScreenShotDisable, flag = 0, status = 0
02-03 21:46:32.781 I/libPowerHal(  863): [perfLockRel] hdl:101644, idx:-1
02-03 21:46:32.785 I/PowerHalWrapper( 1741): amsBoostNotify pid:2561,activity:com.android.launcher.Launcher, package:com.android.launcher, mProcessCreatePackcom.wholexale.app.staging 
02-03 21:46:32.785 I/PowerHalWrapper( 1741): state: 0 
02-03 21:46:32.786 I/mtkpower_client( 1741): [Legacy][PowerHal_Wrap_notifyAppState] com.android.launcher/com.android.launcher.Launcher pid=2561 state:0
02-03 21:46:32.786 I/game_scn( 1741): collectForegroundAppList packName=com.android.launcher, actName=com.android.launcher.Launcher, pid=2561, uid=10106, state:PAUSED
02-03 21:46:32.786 I/PowerHalWrapper( 1741): amsBoostNotify AMS_BOOST_PROCESS_CREATE_BOOST:true 
02-03 21:46:32.786 D/CompatibilityChangeReporter( 1741): Compat change id reported: 135634846; UID 10853; state: DISABLED
02-03 21:46:32.786 D/CompatibilityChangeReporter( 1741): Compat change id reported: 177438394; UID 10853; state: DISABLED
02-03 21:46:32.786 D/CompatibilityChangeReporter( 1741): Compat change id reported: 135772972; UID 10853; state: DISABLED
02-03 21:46:32.786 D/CompatibilityChangeReporter( 1741): Compat change id reported: 135754954; UID 10853; state: ENABLED
02-03 21:46:32.787 D/OplusFullScreenDisplayManager( 1741): adjustWindowParamsLw com.wholexale.app.staging, no change cutoutMode: 0
02-03 21:46:32.787 V/WindowManager( 1741): Relayout Window{4e49034 u0 Splash Screen com.wholexale.app.staging}: viewVisibility=0, oldvis=0, req=1080x2400
02-03 21:46:32.787 D/CompatibilityChangeReporter( 1741): Compat change id reported: 143937733; UID 10853; state: ENABLED
02-03 21:46:32.788 I/BufferQueueDebug(  962): [Splash Screen com.wholexale.app.staging#39254](this:0xb400007963de49e8,id:-1,api:0,p:-1,c:-1) BufferQueue core=(962:/system/bin/surfaceflinger)
02-03 21:46:32.791 I/ActivityManager( 1741): Start proc 28394:com.wholexale.app.staging/u0a853 for next-top-activity {com.wholexale.app.staging/com.wholexale.app.MainActivity}
02-03 21:46:32.804 E/ale.app.staging(28394): Unknown bits set in runtime_flags: 0x40000000
02-03 21:46:32.804 I/ale.app.staging(28394): Using CollectorTypeCC GC.
02-03 21:46:32.804 V/WindowManager( 1741): Changing focus from Window{43ad301 u0 com.android.launcher/com.android.launcher.Launcher} to null,diplayid=0
02-03 21:46:32.805 D/Theia.NoFocusWindow( 1741): FocusWindowErrorScene CheckFreezeScreen
02-03 21:46:32.807 D/OplusUIFirst_FB( 1741): com.wholexale.app.staging proc start: 10853 28394 false com.wholexale.app.staging
02-03 21:46:32.807 D/OplusUIFirst_FB( 1741): com.wholexale.app.staging start process: []
02-03 21:46:32.807 D/OplusUIFirst_FB( 1741): List of ThreadOp: size=0 []
02-03 21:46:32.807 D/[OSIE]  (  962): scltmLayer_name VRI[staging][Splash Screen com.wholexale.app.staging]
02-03 21:46:32.808 D/[OSIE]  (  962): IsSCLTMLayer=0 
02-03 21:46:32.808 D/BufferQueueConsumer( 2210): [](id:8a200000b22,api:0,p:-1,c:2210) connect: controlledByApp=false
02-03 21:46:32.808 E/IPCThreadState( 2210): attemptIncStrongHandle(276): Not supported
02-03 21:46:32.812 I/iopgp   ( 2637): Iopgp: TRANSACTION_IOPGP_ON_ACTIVITY_LAUNCHED sequence_id = 74
02-03 21:46:32.812 I/FocusResolver( 1741): updateFocusedWindow,  on display 0, reason: NO_WINDOW, result:   FocusedWindows: <none>
02-03 21:46:32.812 D/VRI[staging]( 2210): registerCallbacksForSync syncBuffer=false
02-03 21:46:32.813 D/VRI[Launcher]( 2561): onFocusEvent false
02-03 21:46:32.814 I/OplusHansManager ( 1741): FastFreeze enter, freeze uids: [10139, 10156, 10601, 10614, 10742, 10744, 10801, 10867, 99910601]
02-03 21:46:32.815 I/OplusHansManager ( 1741): enter FastFreezer, frontApp: 10853, frozen uids: [10801, 10867, 10614, 10742, 10744, 10601, 10139, 10156, 99910601], important uids: [], reason: osense
02-03 21:46:32.815 D/nativeloader(28394): Load libframework-connectivity-tiramisu-jni.so using APEX ns com_android_tethering for caller /apex/com.android.tethering/javalib/framework-connectivity-t.jar: ok
02-03 21:46:32.822 D/OplusUIFirst_FB( 1741): com.google.android.googlequicksearchbox moveToBack 5675
02-03 21:46:32.825 D/OplusUIFirst_FB( 1741): com.coloros.assistantscreen moveToBack 5725
02-03 21:46:32.829 D/BLASTBufferQueue( 2210): [VRI[staging][Splash Screen com.wholexale.app.staging]#2820](f:0,a:1) acquireNextBufferLocked size=1080x2400 mFrameNumber=1 applyTransaction=true mTimestamp=104350158023142(auto) mPendingTransactions.size=0 graphicBufferId=9491877751500 transform=0
02-03 21:46:32.829 D/VRI[staging]( 2210): Received frameCommittedCallback lastAttemptedDrawFrameNum=1 didProduceBuffer=true syncBuffer=false
02-03 21:46:32.830 W/Parcel  ( 2210): Expecting binder but got null!
02-03 21:46:32.830 D/VRI[staging]( 2210): draw finished.
02-03 21:46:32.831 D/WindowManager( 1741): finishDrawingWindow: Window{4e49034 u0 Splash Screen com.wholexale.app.staging} mDrawState=DRAW_PENDING
02-03 21:46:32.831 I/OneTrace(28394): Mark active for pid=28394? true
02-03 21:46:32.831 D/cutils-dev(28394): otrace_set_tracing_enabled? true
02-03 21:46:32.831 I/OplusHansManager ( 1741): onUidActive() update stay time, uid=10853, pkgName=com.wholexale.app.staging, U stay=21
02-03 21:46:32.832 D/cutils-dev(28394): properties changed in otrace_seq_number_changed!
02-03 21:46:32.833 E/ale.app.staging(28394): Could not write anonymous vdex /system/framework/oat/arm64/mediatek-framework.vdex: Could not open /system/framework/oat/arm64/mediatek-framework.vdex for writing
02-03 21:46:32.834 D/OplusUIFirst_FB( 1741): com.wholexale.app.staging toForeOps: []
02-03 21:46:32.834 D/OplusUIFirst_FB( 1741): List of ThreadOp: size=0 []
02-03 21:46:32.835 E/IHansComunication( 4602): HANS printMessageBody: RCV message: type = 0,port = 86870,caller_pid = 1069,caller_uid = 1047,target_pid = 18572,target_uid = 10801,pkg_cmd = -1,rpc = android.hardware.ICameraServiceListener/5
02-03 21:46:32.835 E/IHansComunication( 4602): HANS printMessageBody: RCV message: type = 0,port = 86870,caller_pid = 1069,caller_uid = 1047,target_pid = 30705,target_uid = 10742,pkg_cmd = -1,rpc = android.hardware.ICameraServiceListener/5
02-03 21:46:32.835 E/IHansComunication( 4602): HANS printMessageBody: RCV message: type = 0,port = 86870,caller_pid = 1069,caller_uid = 1047,target_pid = 31255,target_uid = 10744,pkg_cmd = -1,rpc = android.hardware.ICameraServiceListener/5
02-03 21:46:32.835 E/IHansComunication( 4602): HANS printMessageBody: RCV message: type = 0,port = 86870,caller_pid = 1069,caller_uid = 1047,target_pid = 13289,target_uid = 10867,pkg_cmd = -1,rpc = android.hardware.ICameraServiceListener/5
02-03 21:46:32.835 E/IHansComunication( 4602): HANS printMessageBody: RCV message: type = 0,port = 86870,caller_pid = 1069,caller_uid = 1047,target_pid = 18572,target_uid = 10801,pkg_cmd = -1,rpc = android.hardware.ICameraServiceListener/5
02-03 21:46:32.836 E/IHansComunication( 4602): HANS printMessageBody: RCV message: type = 0,port = 86870,caller_pid = 1069,caller_uid = 1047,target_pid = 30705,target_uid = 10742,pkg_cmd = -1,rpc = android.hardware.ICameraServiceListener/5
02-03 21:46:32.836 E/IHansComunication( 4602): HANS printMessageBody: RCV message: type = 0,port = 86870,caller_pid = 1069,caller_uid = 1047,target_pid = 31255,target_uid = 10744,pkg_cmd = -1,rpc = android.hardware.ICameraServiceListener/5
02-03 21:46:32.836 E/IHansComunication( 4602): HANS printMessageBody: RCV message: type = 0,port = 86870,caller_pid = 1069,caller_uid = 1047,target_pid = 13289,target_uid = 10867,pkg_cmd = -1,rpc = android.hardware.ICameraServiceListener/5
02-03 21:46:32.836 D/OplusSplitScreenManagerService( 1741): isDragToSplitState mOplusSpiltScreenDnDUI is null, just return!
02-03 21:46:32.836 D/OplusSplitScreenManagerService( 1741): isDragToSplitState mOplusSpiltScreenDnDUI is null, just return!
02-03 21:46:32.836 D/OplusSplitScreenManagerService( 1741): isDragToSplitState mOplusSpiltScreenDnDUI is null, just return!
02-03 21:46:32.837 I/OplusHansManager ( 1741): unfreeze uid: 10742 com.microsoft.bing pids: [30705] reason: AsyncBinder scene: LcdOn|FastFreezer
02-03 21:46:32.838 E/IHansComunication( 4602): HANS printMessageBody: RCV message: type = 0,port = 86870,caller_pid = 1069,caller_uid = 1047,target_pid = 18572,target_uid = 10801,pkg_cmd = -1,rpc = android.hardware.ICameraServiceListener/5
02-03 21:46:32.838 E/IHansComunication( 4602): HANS printMessageBody: RCV message: type = 0,port = 86870,caller_pid = 1069,caller_uid = 1047,target_pid = 31255,target_uid = 10744,pkg_cmd = -1,rpc = android.hardware.ICameraServiceListener/5
02-03 21:46:32.838 E/IHansComunication( 4602): HANS printMessageBody: RCV message: type = 0,port = 86870,caller_pid = 1069,caller_uid = 1047,target_pid = 13289,target_uid = 10867,pkg_cmd = -1,rpc = android.hardware.ICameraServiceListener/5
02-03 21:46:32.838 E/IHansComunication( 4602): HANS printMessageBody: RCV message: type = 0,port = 86870,caller_pid = 1069,caller_uid = 1047,target_pid = 18572,target_uid = 10801,pkg_cmd = -1,rpc = android.hardware.ICameraServiceListener/5
02-03 21:46:32.838 E/IHansComunication( 4602): HANS printMessageBody: RCV message: type = 0,port = 86870,caller_pid = 1069,caller_uid = 1047,target_pid = 31255,target_uid = 10744,pkg_cmd = -1,rpc = android.hardware.ICameraServiceListener/5
02-03 21:46:32.838 E/IHansComunication( 4602): HANS printMessageBody: RCV message: type = 0,port = 86870,caller_pid = 1069,caller_uid = 1047,target_pid = 13289,target_uid = 10867,pkg_cmd = -1,rpc = android.hardware.ICameraServiceListener/5
02-03 21:46:32.839 V/ShellTaskOrganizer( 2210): Task appeared taskId=1579
02-03 21:46:32.841 I/OplusHansManager ( 1741): unfreeze uid: 10744 com.cricbuzz.android pids: [31255, 16233] reason: AsyncBinder scene: LcdOn|FastFreezer
02-03 21:46:32.842 I/OplusHansManager ( 1741): forceUnfreezeByPid pid= 30705 reason= unfreezeForKernel: AsyncBinder
02-03 21:46:32.842 D/BufferStateLayer(  962): Splash Screen com.wholexale.app.staging#39254 setBuffer frameId=1, bufferId=9491877751500 fenceId=941, w= 1080, h=2400
02-03 21:46:32.842 I/OplusHansManager ( 1741): forceUnfreezeByPid pid= 31255 reason= unfreezeForKernel: AsyncBinder
02-03 21:46:32.843 D/OplusLayer(  962): (39254,Splash Screen com.wholexale.app.staging#39254,com.android.systemui) setBuffer
02-03 21:46:32.843 I/OplusHansManager ( 1741): forceUnfreezeByPid pid= 31255 reason= unfreezeForKernel: AsyncBinder
02-03 21:46:32.844 I/OplusHansManager ( 1741): forceUnfreezeByPid pid= 31255 reason= unfreezeForKernel: AsyncBinder
02-03 21:46:32.851 I/WindowStateExtImpl( 1741): onSurfaceShowChange show = true mPackageName = com.wholexale.app.staging parentPkgName = com.wholexale.app.staging
02-03 21:46:32.853 D/ActivityOptionsCompat( 2561): IRemoteAnimationRunner call onStart
02-03 21:46:32.855 E/SimulationInteractor( 2561): tryGetAnimationPainterInstance error:com.oplus.painteranimationpanel.api.AnimPainterInstance
02-03 21:46:32.855 D/RGBNormalizeServer( 1741): OplusRGBNormalize feature enabled ? false
02-03 21:46:32.856 D/IconConfigParser( 2561): parseConfig::icon config =: IconConfig = [ isForeign : true,theme : 2,iconSize : 5000,iconShape : 0,foregroundSize : 5600,artPlusOn : 0,iconRadius 36,darkModeIcon:1,localSpecial:false,iconThemeEnable:false ]
02-03 21:46:32.858 I/mtkpower_client( 1741): perf_lock_rel, hdl:101702, tid:2265
02-03 21:46:32.859 D/Layer   (  962): reparent to null sequence=39246, seq[1], name=Surface(name=9a49e9b StatusBar)/@0x32ac83a - animation-leash of insets_animation#39246
02-03 21:46:32.859 I/mtkpower_client( 1741): perf_lock_acq, hdl:101702, dur:0, num:12, tid:2265
02-03 21:46:32.859 D/Layer   (  962): reparent to null sequence=39247, seq[2], name=Surface(name=f376551 NavigationBar0)/@0x9151ceb - animation-leash of insets_animation#39247
02-03 21:46:32.859 I/libPowerHal(  863): [perfLockRel] hdl:101702, idx:0
02-03 21:46:32.859 I/libPowerHal(  863): [PD] system_server update cmd:1c3c000 param:1
02-03 21:46:32.859 D/OplusLayer(  962): ~Layer() sequence=39246, name=Surface(name=9a49e9b StatusBar)/@0x32ac83a - animation-leash of insets_animation#39246
02-03 21:46:32.859 I/libPowerHal(  863): [PD] (more) /proc/mcdi/state set +prefix:enable 1;
02-03 21:46:32.859 D/OplusLayer(  962): ~Layer() sequence=39247, name=Surface(name=f376551 NavigationBar0)/@0x9151ceb - animation-leash of insets_animation#39247
02-03 21:46:32.859 I/libPowerHal(  863): [PD] system_server update cmd:2004100 param:2
02-03 21:46:32.860 I/mtkpower_client( 1741): ret_hdl:101704
02-03 21:46:32.860 I/libPowerHal(  863): [setGPUFreq] system_server user set gpu freq min:17, max:-1
02-03 21:46:32.860 I/libPowerHal(  863): system_server: set gpu opp level: 17
02-03 21:46:32.861 D/OplusDexOptimizeManager( 1741): Do not in AppLaunchOptList!
02-03 21:46:32.861 I/libPowerHal(  863): system_server: set gpu opp level max: 0
02-03 21:46:32.861 I/libPowerHal(  863): [setGPUFreq] Soft min/max = (17, 0); Hard min/max = (29, 0)
02-03 21:46:32.861 I/libPowerHal(  863): [setGPUFreq] final min/max = (17, 0)
02-03 21:46:32.861 I/libPowerHal(  863): system_server: set gpu opp level: 17
02-03 21:46:32.861 I/libPowerHal(  863): system_server: set gpu opp level max: 0
02-03 21:46:32.863 I/OplusAppSwitchManagerService( 1741): appswitch hasProcess ActivityRecord{986a99c u0 com.wholexale.app.staging/com.wholexale.app.MainActivity} t1579}
02-03 21:46:32.863 I/OplusJoystickManager( 1741): handleApplicationSwitch deprecated!
02-03 21:46:32.863 D/OplusAppSwitchListener( 1741): Detect com.android.launcher switch to background
02-03 21:46:32.863 I/OplusAppSwitchManagerService( 1741): appswitch hasProcess ActivityRecord{986a99c u0 com.wholexale.app.staging/com.wholexale.app.MainActivity} t1579}
02-03 21:46:32.863 D/OplusEapManager( 1741): mTargetExitName :com.android.launcher
02-03 21:46:32.864 I/PowerHalWrapper( 1741): amsBoostNotify pid:28394,activity:com.wholexale.app.MainActivity, package:com.wholexale.app.staging, mProcessCreatePackcom.wholexale.app.staging 
02-03 21:46:32.864 I/PowerHalWrapper( 1741): state: 1 
02-03 21:46:32.864 I/mtkpower_client( 1741): [Legacy][PowerHal_Wrap_notifyAppState] com.wholexale.app.staging/com.wholexale.app.MainActivity pid=28394 state:1
02-03 21:46:32.864 I/game_scn( 1741): collectForegroundAppList packName=com.wholexale.app.staging, actName=com.wholexale.app.MainActivity, pid=28394, uid=10853, state:RESUMED
02-03 21:46:32.864 I/PowerHalWrapper( 1741): amsBoostNotify AMS_BOOST_PROCESS_CREATE_BOOST:true 
02-03 21:46:32.864 D/ActivityTaskManager( 1741): onWindowFocusChanged Task{ad77f7a #1579 type=standard A=10853:com.wholexale.app.staging U=0 visible=true visibleRequested=true mode=fullscreen translucent=false sz=1} would transfer to compact
02-03 21:46:32.864 I/libPowerHal(  863): [perfNotifyAppState] foreground:com.wholexale.app.staging, pid:28394, uid:10853
02-03 21:46:32.864 I/InputDispatcher( 1741): setFocusedApplication displayId=0 ActivityRecord{986a99c u0 com.wholexale.app.staging/com.wholexale.app.MainActivity} t1579}
02-03 21:46:32.864 E/UxUtility(  863): notifyAppState error = NULL
02-03 21:46:32.864 I/TouchUtility(  863): notifyAppState error = NULL
02-03 21:46:32.864 I/mtkpower@impl(  863): [notifyAppState] pc:1, com.android.launcher => com.wholexale.app.staging
02-03 21:46:32.865 V/DCSEX-AppSwitchManager( 1741): OnAppSwitchObserver: onAppExit, resuming = com.wholexale.app.staging, target = com.android.launcher, is ResumingFirstStart =  true, is ResumingMultiApp =  false, extensionInfo =  Bundle[{taskId=1579, uid=10853}]
02-03 21:46:32.865 D/DCSEX-AppLaunchEventRecorder( 1741): onAppSwitch from = com.android.launcher to = com.wholexale.app.staging
02-03 21:46:32.865 I/mtkpower_client( 1741): perf_lock_rel, hdl:101704, tid:2265
02-03 21:46:32.865 I/mtkpower_client( 1741): perf_lock_acq, hdl:101704, dur:0, num:12, tid:2265
02-03 21:46:32.865 D/VRR [OPlusFrontAppManager]( 1741): OnAppSwitchObserver: onAppExit , info.targetName = com.android.launcher
02-03 21:46:32.865 D/VRR [OPlusFrontAppManager]( 1741): packageName: null
02-03 21:46:32.866 I/libPowerHal(  863): [perfLockRel] hdl:101704, idx:0
02-03 21:46:32.866 I/libPowerHal(  863): [unsetGPUFreq] current min:17, max:0; scn_gpu_min:17, scn_gpu_max:-1; scn_gpu_min(HL):-1, scn_gpu_max(HL):-1
02-03 21:46:32.866 I/libPowerHal(  863): system_server: set gpu opp level: 29
02-03 21:46:32.866 I/libPowerHal(  863): system_server: set gpu opp level max: 0
02-03 21:46:32.866 I/libPowerHal(  863): [setGPUFreq] Soft min/max = (29, 0); Hard min/max = (29, 0)
02-03 21:46:32.866 I/libPowerHal(  863): [setGPUFreq] final min/max = (29, 0)
02-03 21:46:32.866 D/VRR [OPlusRefreshRateService]( 1741): handleFrontAppChange pkgName: null
02-03 21:46:32.866 I/libPowerHal(  863): system_server: set gpu opp level: 29
02-03 21:46:32.866 I/libPowerHal(  863): system_server: set gpu opp level max: 0
02-03 21:46:32.866 D/VRR [OPlusExternalRefreshRateManager]( 1741): setFrontPackageName pkgName: null CurPkgName: com.android.launcher
02-03 21:46:32.866 I/libPowerHal(  863): [PD] system_server update cmd:1c3c000 param:1
02-03 21:46:32.866 I/libPowerHal(  863): [PD] (more) /proc/mcdi/state set +prefix:enable 1;
02-03 21:46:32.867 E/Athena  ( 1741): MemoryGuardAction: handleAppChange
02-03 21:46:32.867 W/Battery ( 6226): ThermalControlUtils: mForegroundPkg=com.wholexale.app.staging
02-03 21:46:32.868 I/libPowerHal(  863): [PD] system_server update cmd:2004100 param:2
02-03 21:46:32.868 D/VRR [OPlusRefreshRateService]( 1741):  setFrameRateTargetControl [ 0.0 , com.android.launcher , false , com.oplus.battery ]
02-03 21:46:32.868 D/VRR [OPlusRefreshRateService]( 1741):  setFrameRateTargetControl from [0, 1000, android.uid.system:1000]
02-03 21:46:32.868 D/VRR [OPlusExternalRefreshRateManager]( 1741):  [FRTC] FrameRate : 0 com.android.launcher false com.oplus.battery 0 1000
02-03 21:46:32.868 D/VRR [OPlusSurfaceFlingerController]( 1741):  add frtc FrameRate : 0 com.android.launcher false com.oplus.battery
02-03 21:46:32.868 I/mtkpower_client( 1741): ret_hdl:101705
02-03 21:46:32.869 I/VRR [FRTC](  962): setFrameRateTarget with [0, com.android.launcher, 0, com.oplus.battery, 1, 0, 1000]
02-03 21:46:32.869 W/VRR [FRTC](  962): invalid param { fps 0, proc_name com.android.launcher, strict_mode 0, description com.oplus.battery, proc_id 0, rate_status 0, backend Surface, version 1, pid 0, uid 1000, enable at 2026-02-03 21:46:32, disable waiting } for current status.
02-03 21:46:32.869 W/VRR [FRTC](  962): CurrentTarget size 0:
02-03 21:46:32.869 I/libPowerHal(  863): [setGPUFreq] system_server user set gpu freq min:17, max:-1
02-03 21:46:32.869 I/libPowerHal(  863): system_server: set gpu opp level: 17
02-03 21:46:32.869 I/libPowerHal(  863): system_server: set gpu opp level max: 0
02-03 21:46:32.869 I/libPowerHal(  863): [setGPUFreq] Soft min/max = (17, 0); Hard min/max = (29, 0)
02-03 21:46:32.869 I/libPowerHal(  863): [setGPUFreq] final min/max = (17, 0)
02-03 21:46:32.869 I/libPowerHal(  863): system_server: set gpu opp level: 17
02-03 21:46:32.869 I/libPowerHal(  863): system_server: set gpu opp level max: 0
02-03 21:46:32.869 D/CompatibilityChangeReporter(28394): Compat change id reported: 171979766; UID 10853; state: ENABLED
02-03 21:46:32.869 I/oplus.android.OplusFrameworkFactoryImpl(28394): get feature:IOplusAutoResolutionFeature
02-03 21:46:32.869 I/oplus.android.OplusFrameworkFactoryImpl(28394): getOplusAutoResolutionFeature
02-03 21:46:32.870 E/OplusThermalStats( 1741): Error getting package info: com.wholexale.app.staging
02-03 21:46:32.870 D/OplusUIFirst_FB( 1741): com.wholexale.app.staging moveToTop:[]
02-03 21:46:32.870 D/OplusUIFirst_FB( 1741): List of ThreadOp: size=0 []
02-03 21:46:32.870 D/OplusUIFirst_FB( 1741): com.wholexale.app.staging boost hint: 28394
02-03 21:46:32.870 D/OplusUIFirst_FB( 1741): handleParaSwitch com.wholexale.app.staging null null 0
02-03 21:46:32.870 W/Battery ( 6226): ThermalControllHandler: tempLevel=6,userMode=3,gameUserMode=-1,appType=-1,envTempType=1,appStates=[],appSwitchSafetyMode=false
02-03 21:46:32.871 D/OplusUIFirst_FB( 1741): com.wholexale.app.staging toForeOps: []
02-03 21:46:32.871 D/OplusUIFirst_FB( 1741): List of ThreadOp: size=0 []
02-03 21:46:32.872 W/Battery ( 6226): ThermalControllerCenter: mSafetyState=10000
02-03 21:46:32.872 D/SensorService( 1741): onUidStateChanged uid = 10853, state = UID_STATE_ACTIVE
02-03 21:46:32.873 W/Battery ( 6226): ThermalControllHandler: tempGear=6,configItemName=common_config
02-03 21:46:32.874 D/OplusBatteryServiceFeature( 1741): setSmartCoolDown: coolDown = 5, normalCoolDown = 5, pkgName = com.wholexale.app.staging
02-03 21:46:32.875 I/OplusFeatureCache(28394): Milliseconds spent on init(): 6
02-03 21:46:32.875 D/OplusAtlas.OplusAtlasEventDispatch( 3289): setEvent:atlas_event_on_foreground_activities_changed info:pid:28394,uid:10853,hasForegroundActivities:1
02-03 21:46:32.875 D/vendor.oplus.hardware.charger@1.0-service(  893): set cooldown:5,  normalCoolDown:5
02-03 21:46:32.876 D/OplusAtlas.OplusAudioScene( 3289): callback success event:atlas_event_on_foreground_activities_changed eventInfo:pid:28394,uid:10853,hasForegroundActivities:1
02-03 21:46:32.877 D/OplusAtlas.OplusMessageHandler( 3289): handleMessage: Msg { when=0 what=2 obj=com.oplus.atlas.OplusAtlasEvent@4354ff6 target=com.oplus.atlas.OplusMessageHandler$MyHandler }
02-03 21:46:32.877 V/DeepThinker( 7781): ProcessManager: onForegroundActivitiesChanged pid:28394, uid:10853, foregroundActivities:true
02-03 21:46:32.878 D/CompactWindowAppManager(28394): initCompactApplicationInfo 
02-03 21:46:32.880 I/bpas    ( 5675): onPause
02-03 21:46:32.880 W/Battery ( 6226): ThermalControllHandler: MSG_THERMAL_CONTROL_CATEGORY_CHANGED
02-03 21:46:32.883 D/OplusAppSwitchListener( 1741): Detect com.wholexale.app.staging switch to foreground
02-03 21:46:32.884 D/OplusEapManager( 1741): mTargetEnterName :com.wholexale.app.staging
02-03 21:46:32.884 D/OplusLatencyOptimizerManager( 1741): enter pkg: com.wholexale.app.staging isPrevBlackAppTop: false mIsBlackAppTop: false
02-03 21:46:32.884 V/DCSEX-AppSwitchManager( 1741): OnAppSwitchObserver: onAppEnter, launchedFrom =  com.android.launcher, target =  com.wholexale.app.staging, is firstStart =  true, is multiApp =  false, extensionInfo =  Bundle[{taskId=1579, pid=28394, uid=10853, versionCode=1}]
02-03 21:46:32.884 D/VRR [OPlusFrontAppManager]( 1741): OnAppSwitchObserver: onAppEnter , info.targetName = com.wholexale.app.staging
02-03 21:46:32.884 D/VRR [OPlusFrontAppManager]( 1741): packageName: com.wholexale.app.staging
02-03 21:46:32.884 D/VRR [OPlusRefreshRateService]( 1741): handleFrontAppChange pkgName: com.wholexale.app.staging
02-03 21:46:32.884 D/VRR [OPlusExternalRefreshRateManager]( 1741): setFrontPackageName pkgName: com.wholexale.app.staging CurPkgName: null
02-03 21:46:32.884 D/PhoneInterfaceManager( 2506): [PhoneIntfMgr] QueryTelephonyChecker-getDataNetworkTypeForSubscriber: packageName = com.android.phone, isGrant = true
02-03 21:46:32.884 I/Athena  ( 2533): AthenaDynamicReceiver: pre_app:com.android.launcher, next_app:com.wholexale.app.staging(10853|28394)
02-03 21:46:32.884 W/libc    (28394): Access denied finding property "ro.odm.prev.product.name"
02-03 21:46:32.884 W/ContextImpl( 2533): Calling a method in the system process without a qualified user: android.app.ContextImpl.startService:1889 android.content.ContextWrapper.startService:827 u1.c.c:8 u1.c.a:4 y2.b.f:4 
02-03 21:46:32.885 D/OplusAppListInterceptManager( 1741): shouldFilterTask
02-03 21:46:32.885 D/OplusAppListInterceptManager( 1741): shouldFilterTask::packageName = com.wholexale.app.staging
02-03 21:46:32.885 D/OplusAppListInterceptManager( 1741): shouldFilterTask
02-03 21:46:32.885 D/OplusAppListInterceptManager( 1741): shouldFilterTask::packageName = com.cricbuzz.android
02-03 21:46:32.885 D/LoadedApk(28394): mApplicationInfo overrideDisplayId:null
02-03 21:46:32.887 D/PhoneInterfaceManager( 2506): [PhoneIntfMgr] QueryTelephonyChecker-getDataNetworkTypeForSubscriber: packageName = com.android.phone, isGrant = true
02-03 21:46:32.888 D/nativeloader(28394): Configuring clns-4 for other apk /data/app/~~RuRMpNdZvg5olVoDwP-g8w==/com.wholexale.app.staging-YsxkLUi2EHhgTElYPMi-fw==/base.apk. target_sdk_version=34, uses_libraries=, library_path=/data/app/~~RuRMpNdZvg5olVoDwP-g8w==/com.wholexale.app.staging-YsxkLUi2EHhgTElYPMi-fw==/lib/arm64:/data/app/~~RuRMpNdZvg5olVoDwP-g8w==/com.wholexale.app.staging-YsxkLUi2EHhgTElYPMi-fw==/base.apk!/lib/arm64-v8a, permitted_path=/data:/mnt/expand:/data/user/0/com.wholexale.app.staging
02-03 21:46:32.896 D/nativeloader(28394): Load libframework-connectivity-jni.so using APEX ns com_android_tethering for caller /apex/com.android.tethering/javalib/framework-connectivity.jar: ok
02-03 21:46:32.898 V/GraphicsEnvironment(28394): ANGLE Developer option for 'com.wholexale.app.staging' set to: 'default'
02-03 21:46:32.898 V/GraphicsEnvironment(28394): ANGLE GameManagerService for com.wholexale.app.staging: false
02-03 21:46:32.898 V/GraphicsEnvironment(28394): Neither updatable production driver nor prerelease driver is supported.
02-03 21:46:32.900 D/NetworkSecurityConfig(28394): No Network Security Config specified, using platform default
02-03 21:46:32.900 D/NetworkSecurityConfig(28394): No Network Security Config specified, using platform default
02-03 21:46:32.901 D/CompatibilityChangeReporter(28394): Compat change id reported: 183155436; UID 10853; state: ENABLED
02-03 21:46:32.910 I/DispPerfService(  962): updateLayerMask 9
02-03 21:46:32.910 D/nativeloader(28394): Load libSchedAssistJni.so using system ns (caller=/system/framework/oplus-framework.jar): ok
02-03 21:46:32.911 D/ExtensionsLoader(28394): createInstance(64bit) : createExtendedFactory
02-03 21:46:32.911 D/ExtensionsLoader(28394): Opened libSchedAssistExtImpl.so
02-03 21:46:32.911 E/ale.app.staging(28394): ofbOpen failed with error=No such file or directory
02-03 21:46:32.911 E/ale.app.staging(28394): sysOpen failed with error=No such file or directory
02-03 21:46:32.914 D/OplusGraphicsEvent(28394): OplusGraphicsEventListener create now!
02-03 21:46:32.915 D/OplusGraphicsEvent(28394): addEventListener success!
02-03 21:46:32.917 V/SoLoader(28394): Init System Loader delegate
02-03 21:46:32.917 D/OplusActivityManager(28394): get AMS extension: android.os.BinderProxy@8e4e9de
02-03 21:46:32.919 I/mtkpower_client( 1741): perf_lock_rel, hdl:101705, tid:2265
02-03 21:46:32.920 I/mtkpower_client( 1741): perf_lock_acq, hdl:101705, dur:0, num:12, tid:2265
02-03 21:46:32.920 I/libPowerHal(  863): [perfLockRel] hdl:101705, idx:0
02-03 21:46:32.920 I/libPowerHal(  863): [unsetGPUFreq] current min:17, max:0; scn_gpu_min:17, scn_gpu_max:-1; scn_gpu_min(HL):-1, scn_gpu_max(HL):-1
02-03 21:46:32.920 I/libPowerHal(  863): system_server: set gpu opp level: 29
02-03 21:46:32.920 I/libPowerHal(  863): system_server: set gpu opp level max: 0
02-03 21:46:32.920 I/libPowerHal(  863): [setGPUFreq] Soft min/max = (29, 0); Hard min/max = (29, 0)
02-03 21:46:32.920 I/libPowerHal(  863): [setGPUFreq] final min/max = (29, 0)
02-03 21:46:32.920 I/libPowerHal(  863): system_server: set gpu opp level: 29
02-03 21:46:32.920 I/libPowerHal(  863): system_server: set gpu opp level max: 0
02-03 21:46:32.920 I/libPowerHal(  863): [PD] system_server update cmd:1c3c000 param:1
02-03 21:46:32.920 I/libPowerHal(  863): [PD] (more) /proc/mcdi/state set +prefix:enable 1;
02-03 21:46:32.920 I/libPowerHal(  863): [PD] system_server update cmd:2004100 param:2
02-03 21:46:32.921 I/mtkpower_client( 1741): ret_hdl:101706
02-03 21:46:32.921 I/libPowerHal(  863): [setGPUFreq] system_server user set gpu freq min:17, max:-1
02-03 21:46:32.921 I/libPowerHal(  863): system_server: set gpu opp level: 17
02-03 21:46:32.921 I/libPowerHal(  863): system_server: set gpu opp level max: 0
02-03 21:46:32.921 I/libPowerHal(  863): [setGPUFreq] Soft min/max = (17, 0); Hard min/max = (29, 0)
02-03 21:46:32.921 I/libPowerHal(  863): [setGPUFreq] final min/max = (17, 0)
02-03 21:46:32.921 I/libPowerHal(  863): system_server: set gpu opp level: 17
02-03 21:46:32.921 I/libPowerHal(  863): system_server: set gpu opp level max: 0
02-03 21:46:32.922 D/OplusActivityManagerServiceEnhance( 1741): setGlThreads detect 28394 28928
02-03 21:46:32.925 D/libMEOW (28394): meow new tls: 0xb4000073d969bb40
02-03 21:46:32.925 D/libMEOW (28394): meow reload base cfg path: na
02-03 21:46:32.925 D/libMEOW (28394): meow reload overlay cfg path: na
