02-03 21:27:47.652 V/GraphicsEnvironment(18450): ANGLE GameManagerService for com.wholexale.app.staging: false
02-03 21:27:47.653 V/GraphicsEnvironment(18450): Neither updatable production driver nor prerelease driver is supported.
02-03 21:27:47.655 D/NetworkSecurityConfig(18450): No Network Security Config specified, using platform default
02-03 21:27:47.655 D/NetworkSecurityConfig(18450): No Network Security Config specified, using platform default
02-03 21:27:47.656 D/CompatibilityChangeReporter(18450): Compat change id reported: 183155436; UID 10853; state: ENABLED
02-03 21:27:47.665 D/nativeloader(18450): Load libSchedAssistJni.so using system ns (caller=/system/framework/oplus-framework.jar): ok
02-03 21:27:47.665 D/ExtensionsLoader(18450): createInstance(64bit) : createExtendedFactory
02-03 21:27:47.665 D/ExtensionsLoader(18450): Opened libSchedAssistExtImpl.so
02-03 21:27:47.665 E/ale.app.staging(18450): ofbOpen failed with error=No such file or directory
02-03 21:27:47.665 E/ale.app.staging(18450): sysOpen failed with error=No such file or directory
02-03 21:27:47.667 D/OplusGraphicsEvent(18450): OplusGraphicsEventListener create now!
02-03 21:27:47.668 D/OplusGraphicsEvent(18450): addEventListener success!
02-03 21:27:47.669 I/DispPerfService(  962): updateLayerMask 9
02-03 21:27:47.670 V/SoLoader(18450): Init System Loader delegate
02-03 21:27:47.671 D/OplusActivityManager(18450): get AMS extension: android.os.BinderProxy@8e4e9de
02-03 21:27:47.674 I/mtkpower_client( 1741): perf_lock_rel, hdl:100088, tid:2265
02-03 21:27:47.674 I/mtkpower_client( 1741): perf_lock_acq, hdl:100088, dur:0, num:12, tid:2265
02-03 21:27:47.675 I/libPowerHal(  863): [perfLockRel] hdl:100088, idx:2
02-03 21:27:47.675 I/libPowerHal(  863): [unsetGPUFreq] current min:17, max:0; scn_gpu_min:17, scn_gpu_max:-1; scn_gpu_min(HL):-1, scn_gpu_max(HL):-1
02-03 21:27:47.675 I/libPowerHal(  863): system_server: set gpu opp level: 29
02-03 21:27:47.675 I/libPowerHal(  863): system_server: set gpu opp level max: 0
02-03 21:27:47.675 I/libPowerHal(  863): [setGPUFreq] Soft min/max = (29, 0); Hard min/max = (29, 0)
02-03 21:27:47.675 I/libPowerHal(  863): [setGPUFreq] final min/max = (29, 0)
02-03 21:27:47.675 I/libPowerHal(  863): system_server: set gpu opp level: 29
02-03 21:27:47.675 I/libPowerHal(  863): system_server: set gpu opp level max: 0
02-03 21:27:47.675 I/libPowerHal(  863): [PD] system_server update cmd:1c3c000 param:1
02-03 21:27:47.675 I/libPowerHal(  863): [PD] (more) /proc/mcdi/state set +prefix:enable 1;
02-03 21:27:47.675 I/libPowerHal(  863): [PD] system_server update cmd:2004100 param:2
02-03 21:27:47.676 I/mtkpower_client( 1741): ret_hdl:100089
02-03 21:27:47.676 D/OplusActivityManagerServiceEnhance( 1741): setGlThreads detect 18450 18759
02-03 21:27:47.676 I/libPowerHal(  863): [setGPUFreq] system_server user set gpu freq min:17, max:-1
02-03 21:27:47.676 I/libPowerHal(  863): system_server: set gpu opp level: 17
02-03 21:27:47.676 I/libPowerHal(  863): system_server: set gpu opp level max: 0
02-03 21:27:47.676 I/libPowerHal(  863): [setGPUFreq] Soft min/max = (17, 0); Hard min/max = (29, 0)
02-03 21:27:47.676 I/libPowerHal(  863): [setGPUFreq] final min/max = (17, 0)
02-03 21:27:47.676 I/libPowerHal(  863): system_server: set gpu opp level: 17
02-03 21:27:47.676 I/libPowerHal(  863): system_server: set gpu opp level max: 0
02-03 21:27:47.677 D/libMEOW (18450): meow new tls: 0xb4000073d9684b40
02-03 21:27:47.677 D/libMEOW (18450): meow reload base cfg path: na
02-03 21:27:47.677 D/libMEOW (18450): meow reload overlay cfg path: na
02-03 21:27:47.679 E/QT      (18450): [QT]file does not exist
02-03 21:27:47.680 D/libMEOW (18450): applied 1 plugins for [com.wholexale.app.staging]:
02-03 21:27:47.680 D/libMEOW (18450):   plugin 1: [libMEOW_gift.so]: 0xb4000073d0ac5880
02-03 21:27:47.680 D/libMEOW (18450): rebuild call chain: 0xb4000073d969cf40
02-03 21:27:47.680 D/libMEOW (18450): meow delete tls: 0xb4000073d9684b40
02-03 21:27:47.701 I/oplus.android.OplusFrameworkFactoryImpl(18450): Unknow feature:IOplusTextViewRTLUtilForUG
02-03 21:27:47.719 D/nativeloader(18450): Load /data/app/~~EL7D2L-pmbIQ183hi2rFmA==/com.wholexale.app.staging-jlzeLgiYq_ep_1GnWj5-Kg==/base.apk!/lib/arm64-v8a/libhermes.so using class loader ns clns-4 (caller=/data/app/~~EL7D2L-pmbIQ183hi2rFmA==/com.wholexale.app.staging-jlzeLgiYq_ep_1GnWj5-Kg==/base.apk): ok
02-03 21:27:47.729 D/nativeloader(18450): Load /data/app/~~EL7D2L-pmbIQ183hi2rFmA==/com.wholexale.app.staging-jlzeLgiYq_ep_1GnWj5-Kg==/base.apk!/lib/arm64-v8a/libhermes_executor.so using class loader ns clns-4 (caller=/data/app/~~EL7D2L-pmbIQ183hi2rFmA==/com.wholexale.app.staging-jlzeLgiYq_ep_1GnWj5-Kg==/base.apk): ok
02-03 21:27:47.732 D/nativeloader(18450): Load libpowerhalwrap_jni.so using system ns (caller=/system/framework/mediatek-framework.jar): ok
02-03 21:27:47.733 I/PowerHalWrapper(18450): PowerHalWrapper.getInstance 
02-03 21:27:47.733 I/PowerHalWrapper(18450): PowerHalWrapper.getInstance 
02-03 21:27:47.734 I/MSYNC3-VariableRefreshRate(18450): Variable refreshrate is disabled
02-03 21:27:47.734 D/OplusInputMethodUtil(18450): init sDebug to false, init sDebugIme to false, init sAlwaysOn to false
02-03 21:27:47.734 D/OplusInputMethodUtil(18450): updateDebugToClass InputMethodManager.DEBUG = false
02-03 21:27:47.734 D/OplusInputMethodUtil(18450): updateDebugToClass ImeFocusController.DEBUG = false
02-03 21:27:47.734 D/OplusInputMethodUtil(18450): updateDebugToClass BaseInputConnection.DEBUG = false
02-03 21:27:47.734 D/OplusInputMethodUtil(18450): updateDebugToClass ImeFocusController.sDebugIme = false
02-03 21:27:47.734 D/nativeloader(18450): Load /data/app/~~EL7D2L-pmbIQ183hi2rFmA==/com.wholexale.app.staging-jlzeLgiYq_ep_1GnWj5-Kg==/base.apk!/lib/arm64-v8a/libfbjni.so using class loader ns clns-4 (caller=/data/app/~~EL7D2L-pmbIQ183hi2rFmA==/com.wholexale.app.staging-jlzeLgiYq_ep_1GnWj5-Kg==/base.apk): ok
02-03 21:27:47.738 I/SurfaceFactory(18450): [static] sSurfaceFactory = com.mediatek.view.impl.SurfaceFactoryImpl@a06a49e
02-03 21:27:47.739 I/SurfaceFlinger(  962): [SF client] NEW(0xb400007963e144c0) for (18450:com.wholexale.app.staging)
02-03 21:27:47.741 D/WindowManager(18450): Add to mViews: DecorView@ea409b[MainActivity],pkg= com.wholexale.app.staging
02-03 21:27:47.741 I/OplusSlideAnimOptHelper(18450): checkListMode: is blacklist mode = true
02-03 21:27:47.742 D/OplusSlideAnimOptHelper(18450): com.wholexale.app.staging scrollEffectOpt enable = true
02-03 21:27:47.743 D/ExtensionsLoader(18450): createInstance(64bit) : createExtendedFactory
02-03 21:27:47.744 D/ExtensionsLoader(18450): Opened libhwuiextimpl.so
02-03 21:27:47.745 D/ExtensionsLoader(18450): createInstance(64bit) : createExtendedFactory
02-03 21:27:47.745 D/ExtensionsLoader(18450): Opened libSchedAssistExtImpl.so
02-03 21:27:47.749 D/OplusFullScreenDisplayManager( 1741): adjustWindowParamsLw com.wholexale.app.staging, no change cutoutMode: 0
02-03 21:27:47.750 I/SurfaceFlinger(  962): [SF client] NEW(0xb400007963f14200) for (1741:system_server)
02-03 21:27:47.752 D/nativeloader(18450): Load /data/app/~~EL7D2L-pmbIQ183hi2rFmA==/com.wholexale.app.staging-jlzeLgiYq_ep_1GnWj5-Kg==/base.apk!/lib/arm64-v8a/libreactnativejni.so using class loader ns clns-4 (caller=/data/app/~~EL7D2L-pmbIQ183hi2rFmA==/com.wholexale.app.staging-jlzeLgiYq_ep_1GnWj5-Kg==/base.apk): ok
02-03 21:27:47.753 I/WindowManager( 1741): addWindow: New client android.os.BinderProxy@7cbfbdd : window=Window{285c352 u0 com.wholexale.app.staging/com.wholexale.app.MainActivity}
02-03 21:27:47.756 D/ViewRootImplExtImpl(18450): onDisplayChanged -1 for VRI android.view.ViewRootImpl@1670a50
02-03 21:27:47.756 D/CoreBackPreview( 1741): Window{285c352 u0 com.wholexale.app.staging/com.wholexale.app.MainActivity}: Setting back callback OnBackInvokedCallbackInfo{mCallback=android.window.IOnBackInvokedCallback$Stub$Proxy@21c8720, mPriority=0}
02-03 21:27:47.757 D/libMEOW (18450): meow new tls: 0xb4000073da1b6e40
02-03 21:27:47.757 D/libMEOW (18450): applied 1 plugins for [com.wholexale.app.staging]:
02-03 21:27:47.757 D/libMEOW (18450):   plugin 1: [libMEOW_gift.so]: 0xb4000073d0ac5880
02-03 21:27:47.757 D/libMEOW (18450): rebuild call chain: 0xb400007366ce1400
02-03 21:27:47.758 D/InputEventReceiver(18450): Input log is disabled
02-03 21:27:47.759 I/Quality (18450): Skipped: false 2 cost 33.23323 refreshRate 16546582 bit true processName com.wholexale.app.staging
02-03 21:27:47.760 D/OplusFullScreenDisplayManager( 1741): adjustWindowParamsLw com.wholexale.app.staging, no change cutoutMode: 0
02-03 21:27:47.761 V/WindowManager( 1741): Relayout Window{285c352 u0 com.wholexale.app.staging/com.wholexale.app.MainActivity}: viewVisibility=0, oldvis=4, req=1080x2400
02-03 21:27:47.761 I/BufferQueueDebug(  962): [com.wholexale.app.staging/com.wholexale.app.MainActivity#38724](this:0xb400007963d6c9e8,id:-1,api:0,p:-1,c:-1) BufferQueue core=(962:/system/bin/surfaceflinger)
02-03 21:27:47.766 W/unknown:ReactContext(18450): initializeMessageQueueThreads() is called.
02-03 21:27:47.767 V/WindowManager( 1741): Changing focus from null to Window{285c352 u0 com.wholexale.app.staging/com.wholexale.app.MainActivity},diplayid=0
02-03 21:27:47.771 D/Theia.NoFocusWindow( 1741): FocusWindowErrorScene cancelCheckFreezeScreen
02-03 21:27:47.774 D/[OSIE]  (  962): scltmLayer_name VRI[MainActivity][com.wholexale.app.staging/com.wholexale.app.MainActivity]
02-03 21:27:47.774 D/[OSIE]  (  962): IsSCLTMLayer=0 
02-03 21:27:47.775 D/BufferQueueConsumer(18450): [](id:481200000000,api:0,p:-1,c:18450) connect: controlledByApp=false
02-03 21:27:47.776 D/ExtensionsLoader(18450): createInstance(64bit) : createExtendedFactory
02-03 21:27:47.776 D/ExtensionsLoader(18450): Opened libSchedAssistExtImpl.so
02-03 21:27:47.777 E/FBI     (18450): Can't load library: dlopen failed: library "libmagtsync.so" not found
02-03 21:27:47.778 V/ZoomWindowDecorView(18450): setLastReportedMergedConfiguration mZoomDisplayHeight: 2400 getDecorView.15351963
02-03 21:27:47.779 D/VRI[MainActivity](18450): registerCallbacksForSync syncBuffer=false
02-03 21:27:47.780 D/libMEOW (18450): meow new tls: 0xb400007366cf5580
02-03 21:27:47.781 D/libMEOW (18450): applied 1 plugins for [com.wholexale.app.staging]:
02-03 21:27:47.781 D/libMEOW (18450):   plugin 1: [libMEOW_gift.so]: 0xb4000073d0ac5880
02-03 21:27:47.781 D/libMEOW (18450): rebuild call chain: 0xb400007366d04900
02-03 21:27:47.784 D/Layer   (  962): reparent to null sequence=38720, seq[1], name=Surface(name=9a49e9b StatusBar)/@0x32ac83a - animation-leash of insets_animation#38720
02-03 21:27:47.784 D/Layer   (  962): reparent to null sequence=38721, seq[2], name=Surface(name=f376551 NavigationBar0)/@0x9151ceb - animation-leash of insets_animation#38721
02-03 21:27:47.784 D/OplusLayer(  962): ~Layer() sequence=38720, name=Surface(name=9a49e9b StatusBar)/@0x32ac83a - animation-leash of insets_animation#38720
02-03 21:27:47.784 D/OplusLayer(  962): ~Layer() sequence=38721, name=Surface(name=f376551 NavigationBar0)/@0x9151ceb - animation-leash of insets_animation#38721
02-03 21:27:47.789 I/hwservicemanager(  563): getTransport: Cannot find entry android.hardware.configstore@1.0::ISurfaceFlingerConfigs/default in either framework or device VINTF manifest.
02-03 21:27:47.789 E/Battery ( 6226): a: getAISleepDuration: predictResult is null.
02-03 21:27:47.791 E/IHansComunication( 4602): HANS printMessageBody: RCV message: type = 0,port = 86870,caller_pid = 1741,caller_uid = 1000,target_pid = 7242,target_uid = 10601,pkg_cmd = -1,rpc = android.app.IApplicationThread/14
02-03 21:27:47.796 I/OplusHansManager ( 1741): unfreeze uid: 10349 com.jio.myjio pids: [10583] reason: Broadcast scene: LcdOn|FastFreezer
02-03 21:27:47.798 E/IHansComunication( 4602): HANS printMessageBody: RCV message: type = 0,port = 86870,caller_pid = 1741,caller_uid = 1000,target_pid = 21990,target_uid = 10156,pkg_cmd = -1,rpc = android.app.IApplicationThread/14
02-03 21:27:47.802 E/HWComposer(  962): getSupportedContentTypes: getSupportedContentTypes failed for display 0: Unsupported (8)
02-03 21:27:47.804 E/IHansComunication( 4602): HANS printMessageBody: RCV message: type = 0,port = 86870,caller_pid = 1741,caller_uid = 1000,target_pid = 25886,target_uid = 10614,pkg_cmd = -1,rpc = android.app.IApplicationThread/14
02-03 21:27:47.807 E/IHansComunication( 4602): HANS printMessageBody: RCV message: type = 0,port = 86870,caller_pid = 1741,caller_uid = 1000,target_pid = 25886,target_uid = 10614,pkg_cmd = -1,rpc = android.app.IApplicationThread/14
02-03 21:27:47.810 I/servicemanager(  562): Could not find android.hardware.graphics.allocator.IAllocator/default in the VINTF manifest.
02-03 21:27:47.810 D/vendor.oplus.hardware.charger@1.0-service(  893): getChargerControl:
02-03 21:27:47.813 E/ion     (18450): ioctl c0044901 failed with code -1: Invalid argument
02-03 21:27:47.826 D/BLASTBufferQueue(18450): [VRI[MainActivity][com.wholexale.app.staging/com.wholexale.app.MainActivity]#0](f:0,a:1) acquireNextBufferLocked size=1080x2400 mFrameNumber=1 applyTransaction=true mTimestamp=103225154725536(auto) mPendingTransactions.size=0 graphicBufferId=79242146611200 transform=0
02-03 21:27:47.826 D/VRI[MainActivity](18450): Received frameCommittedCallback lastAttemptedDrawFrameNum=1 didProduceBuffer=true syncBuffer=false
02-03 21:27:47.828 W/Parcel  (18450): Expecting binder but got null!
02-03 21:27:47.828 D/VRI[MainActivity](18450): draw finished.
02-03 21:27:47.829 D/WindowManager( 1741): finishDrawingWindow: Window{285c352 u0 com.wholexale.app.staging/com.wholexale.app.MainActivity} mDrawState=DRAW_PENDING
02-03 21:27:47.831 D/VRI[MainActivity](18450): registerCallbacksForSync syncBuffer=false
02-03 21:27:47.832 D/VRI[MainActivity](18450): Received frameCommittedCallback lastAttemptedDrawFrameNum=2 didProduceBuffer=false syncBuffer=false
02-03 21:27:47.832 D/VRI[MainActivity](18450): draw finished.
02-03 21:27:47.833 I/ClientCache(  962): add: Cache owner=0xb400007963e55500
02-03 21:27:47.833 D/BufferStateLayer(  962): com.wholexale.app.staging/com.wholexale.app.MainActivity#38724 setBuffer frameId=1, bufferId=79242146611200 fenceId=1045, w= 1080, h=2400
02-03 21:27:47.833 D/OplusLayer(  962): (38724,com.wholexale.app.staging/com.wholexale.app.MainActivity#38724,com.wholexale.app.staging) setBuffer
02-03 21:27:47.838 D/OplusStartingWindowManager( 1741): interceptRemoveStartingWindow: packageName=com.wholexale.app.staging, isSnapshot=false, startingSurfaceRunnable=null
02-03 21:27:47.838 D/OplusSplitScreenManagerService( 1741): notifyRemoveStartingWindow mOplusSpiltScreenDnDUI is null, just return!
02-03 21:27:47.839 I/Quality ( 1741): LaunchTime2.0: com.wholexale.app.staging/com.wholexale.app.MainActivity 1 310
02-03 21:27:47.841 W/unknown:ViewManagerPropertyUpdater(18450): Could not find generated setter for class com.facebook.react.views.drawer.ReactDrawerLayoutManager
02-03 21:27:47.842 D/WindowManager( 1741): finishDrawingWindow: Window{285c352 u0 com.wholexale.app.staging/com.wholexale.app.MainActivity} mDrawState=HAS_DRAWN
02-03 21:27:47.844 I/ActivityTaskManager( 1741): Displayed com.wholexale.app.staging/com.wholexale.app.MainActivity: +333ms
02-03 21:27:47.844 W/unknown:ViewManagerPropertyUpdater(18450): Could not find generated setter for class com.facebook.react.uimanager.LayoutShadowNode
02-03 21:27:47.846 W/unknown:ViewManagerPropertyUpdater(18450): Could not find generated setter for class com.facebook.react.views.scroll.ReactHorizontalScrollViewManager
02-03 21:27:47.846 I/mtkpower@impl(  863): [setMode] type:5, enabled:0
02-03 21:27:47.846 I/libPowerHal(  863): [perfLockRel] hdl:100083, idx:1
02-03 21:27:47.847 I/PowerHalWrapper( 1741): amsBoostStop AMS_BOOST_PACK_SWITCH:true, AMS_BOOST_ACT_SWITCH:false, AMS_BOOST_PROCESS_CREATE:true 
02-03 21:27:47.848 I/mtkpower@impl(  863): [mtkPowerHint] hint:21, hold:6000, ext:30, ext_hold:35000
02-03 21:27:47.848 W/unknown:ViewManagerPropertyUpdater(18450): Could not find generated setter for class com.facebook.react.views.scroll.ReactHorizontalScrollContainerViewManager
02-03 21:27:47.848 I/libPowerHal(  863): [perfLockRel] hdl:100084, idx:0
02-03 21:27:47.849 I/iopgp   ( 2637): Iopgp: TRANSACTION_IOPGP_ON_ACTIVITY_LAUNCH_FINISHED sequence_id = 66 timestamp_nanos = 127336955631182
02-03 21:27:47.850 W/unknown:ViewManagerPropertyUpdater(18450): Could not find generated setter for class com.facebook.react.views.progressbar.ReactProgressBarViewManager
02-03 21:27:47.852 I/DispPerfService(  962): updateLayerMask 9
02-03 21:27:47.852 I/libPowerHal(  863): [perfLockRel] hdl:100086, idx:5
02-03 21:27:47.852 I/FocusResolver( 1741): updateFocusedWindow, 285c352 com.wholexale.app.staging/com.wholexale.app.MainActivity on display 0, reason: Window became focusable. Previous reason: NOT_VISIBLE, result:   FocusedWindows:
02-03 21:27:47.852 I/FocusResolver( 1741):     displayId=0, name='285c352 com.wholexale.app.staging/com.wholexale.app.MainActivity'
02-03 21:27:47.853 W/unknown:ViewManagerPropertyUpdater(18450): Could not find generated setter for class com.facebook.react.views.progressbar.ProgressBarShadowNode
02-03 21:27:47.853 D/VRI[MainActivity](18450): onFocusEvent true
02-03 21:27:47.854 D/OplusUIFirst_FB( 1741): com.wholexale.app.staging moveToTop:[]
02-03 21:27:47.854 D/OplusUIFirst_FB( 1741): List of ThreadOp: size=0 []
02-03 21:27:47.854 D/OplusUIFirst_FB( 1741): com.wholexale.app.staging boost hint: 18450
02-03 21:27:47.854 D/OplusUIFirst_FB( 1741): handleParaSwitch com.wholexale.app.staging null null 0
02-03 21:27:47.854 D/InputMethodManagerService( 1741): isSecurity: attribute.packageName=com.wholexale.app.staging mCurMethodId=com.google.android.inputmethod.latin/com.android.inputmethod.latin.LatinIME
02-03 21:27:47.854 D/InputMethodManagerService( 1741): isSecurity= false (  enable=false needShow=false inBlackList=false isExist=true )
02-03 21:27:47.855 D/OplusUIFirst_FB( 1741): com.google.android.googlequicksearchbox toForeOps: []
02-03 21:27:47.855 D/OplusUIFirst_FB( 1741): List of ThreadOp: size=0 []
02-03 21:27:47.856 W/unknown:ViewManagerPropertyUpdater(18450): Could not find generated setter for class com.facebook.react.views.scroll.ReactScrollViewManager
02-03 21:27:47.857 D/OplusUIFirst_FB( 1741): com.coloros.assistantscreen toForeOps: []
02-03 21:27:47.857 D/OplusUIFirst_FB( 1741): List of ThreadOp: size=0 []
02-03 21:27:47.858 W/unknown:ViewManagerPropertyUpdater(18450): Could not find generated setter for class com.facebook.react.views.switchview.ReactSwitchManager
02-03 21:27:47.859 D/CompatibilityChangeReporter( 1741): Compat change id reported: 214016041; UID 10853; state: ENABLED
02-03 21:27:47.859 W/unknown:ViewManagerPropertyUpdater(18450): Could not find generated setter for class com.facebook.react.views.switchview.ReactSwitchManager$ReactSwitchShadowNode
02-03 21:27:47.860 W/unknown:ViewManagerPropertyUpdater(18450): Could not find generated setter for class com.facebook.react.views.swiperefresh.SwipeRefreshLayoutManager
02-03 21:27:47.862 W/unknown:ViewManagerPropertyUpdater(18450): Could not find generated setter for class com.facebook.react.views.text.frescosupport.FrescoBasedReactTextInlineImageViewManager
02-03 21:27:47.862 W/unknown:ViewManagerPropertyUpdater(18450): Could not find generated setter for class com.facebook.react.views.text.frescosupport.FrescoBasedReactTextInlineImageShadowNode
02-03 21:27:47.863 D/InputEventReceiver( 5757): Input log is disabled
02-03 21:27:47.863 W/unknown:ViewManagerPropertyUpdater(18450): Could not find generated setter for class com.facebook.react.views.image.ReactImageManager
02-03 21:27:47.869 I/GoogleInputMethodService( 5757): GoogleInputMethodService.onFinishInput():2099 
02-03 21:27:47.869 I/Module  ( 5757): DeviceLockedStatusModuleProvider$Module.updateDeviceLockedStatus():103 repeatCheckTimes = 0, locked = false
02-03 21:27:47.871 I/GoogleInputMethodService( 5757): GoogleInputMethodService.onStartInput():1371 onStartInput(EditorInfo{EditorInfo{packageName=com.wholexale.app.staging, inputType=0, inputTypeString=NULL, enableLearning=false, autoCorrection=false, autoComplete=false, imeOptions=0, privateImeOptions=null, actionName=UNSPECIFIED, actionLabel=null, initialSelStart=-1, initialSelEnd=-1, initialCapsMode=0, label=null, fieldId=-1, fieldName=null, extras=Bundle[{com.oplus.im.SCENES=0}], hintText=null, hintLocales=[]}}, false)
02-03 21:27:47.871 W/unknown:ViewManagerPropertyUpdater(18450): Could not find generated setter for class com.facebook.react.views.modal.ReactModalHostManager
02-03 21:27:47.872 I/Module  ( 5757): DeviceLockedStatusModuleProvider$Module.updateDeviceLockedStatus():103 repeatCheckTimes = 1, locked = false
02-03 21:27:47.872 W/unknown:ViewManagerPropertyUpdater(18450): Could not find generated setter for class com.facebook.react.views.modal.ModalHostShadowNode
02-03 21:27:47.873 W/unknown:ViewManagerPropertyUpdater(18450): Could not find generated setter for class com.facebook.react.views.text.ReactRawTextManager
02-03 21:27:47.875 W/unknown:ViewManagerPropertyUpdater(18450): Could not find generated setter for class com.facebook.react.views.text.ReactRawTextShadowNode
02-03 21:27:47.876 D/InputMethodManagerService( 1741): onHandleImeWindowVisibleStatus: vis = 0, needsToShowImeSwitcher = false
02-03 21:27:47.876 W/unknown:ViewManagerPropertyUpdater(18450): Could not find generated setter for class com.facebook.react.views.textinput.ReactTextInputManager
02-03 21:27:47.879 W/unknown:ViewManagerPropertyUpdater(18450): Could not find generated setter for class com.facebook.react.views.textinput.ReactTextInputShadowNode
02-03 21:27:47.880 W/unknown:ViewManagerPropertyUpdater(18450): Could not find generated setter for class com.facebook.react.views.text.ReactTextViewManager
02-03 21:27:47.880 W/unknown:ViewManagerPropertyUpdater(18450): Could not find generated setter for class com.facebook.react.views.text.ReactTextShadowNode
02-03 21:27:47.881 W/unknown:ViewManagerPropertyUpdater(18450): Could not find generated setter for class com.facebook.react.views.view.ReactViewManager
02-03 21:27:47.881 I/mtkpower_client( 1741): perf_lock_rel, hdl:100089, tid:2265
02-03 21:27:47.881 I/mtkpower_client( 1741): perf_lock_acq, hdl:100089, dur:0, num:10, tid:2265
02-03 21:27:47.882 I/libPowerHal(  863): [perfLockRel] hdl:100089, idx:2
02-03 21:27:47.882 I/libPowerHal(  863): [unsetGPUFreq] current min:17, max:0; scn_gpu_min:17, scn_gpu_max:-1; scn_gpu_min(HL):-1, scn_gpu_max(HL):-1
02-03 21:27:47.882 I/libPowerHal(  863): system_server: set gpu opp level: 29
02-03 21:27:47.882 I/libPowerHal(  863): system_server: set gpu opp level max: 0
02-03 21:27:47.882 I/libPowerHal(  863): [setGPUFreq] Soft min/max = (29, 0); Hard min/max = (29, 0)
02-03 21:27:47.882 I/libPowerHal(  863): [setGPUFreq] final min/max = (29, 0)
02-03 21:27:47.882 I/libPowerHal(  863): system_server: set gpu opp level: 29
02-03 21:27:47.882 I/libPowerHal(  863): system_server: set gpu opp level max: 0
02-03 21:27:47.882 D/VRI[Launcher]( 5675): dispatchAppVisibility visible:false
02-03 21:27:47.882 V/OplusZoomWindowManagerService( 1741): onAnimationFinished:  r = ActivityRecord{c0ace5a u0 com.android.launcher/.Launcher} t6}
02-03 21:27:47.882 D/VRI[Launcher]( 2561): dispatchAppVisibility visible:false
02-03 21:27:47.882 I/libPowerHal(  863): [PD] system_server update cmd:1c3c000 param:1
02-03 21:27:47.882 I/libPowerHal(  863): [PD] (more) /proc/mcdi/state set +prefix:enable 1;
02-03 21:27:47.882 I/libPowerHal(  863): [PD] system_server update cmd:2004100 param:2
02-03 21:27:47.883 D/Layer   (  962): reparent to null sequence=38712, seq[3], name=Surface(name=96ba97a InputMethod)/@0x94551ff - animation-leash of insets_animation#38712
02-03 21:27:47.883 I/mtkpower_client( 1741): ret_hdl:100092
02-03 21:27:47.884 D/OplusLayer(  962): ~Layer() sequence=38712, name=Surface(name=96ba97a InputMethod)/@0x94551ff - animation-leash of insets_animation#38712
02-03 21:27:47.886 W/unknown:ViewManagerPropertyUpdater(18450): Could not find generated setter for class com.facebook.react.views.text.ReactVirtualTextViewManager
02-03 21:27:47.886 V/OplusZoomWindowManagerService( 1741): onAnimationFinished:  r = ActivityRecord{c9a772e u0 com.wholexale.app.staging/com.wholexale.app.MainActivity} t1572}
02-03 21:27:47.886 I/OplusAppSwitchManagerService( 1741):  handleAppVisible , r = ActivityRecord{c9a772e u0 com.wholexale.app.staging/com.wholexale.app.MainActivity} t1572}
02-03 21:27:47.886 W/unknown:ViewManagerPropertyUpdater(18450): Could not find generated setter for class com.facebook.react.views.text.ReactVirtualTextShadowNode
02-03 21:27:47.886 W/unknown:ViewManagerPropertyUpdater(18450): Could not find generated setter for class com.facebook.react.views.unimplementedview.ReactUnimplementedViewManager
02-03 21:27:47.888 W/AlarmManager( 2368): Unrecognized alarm listener com.android.networkstack.android.net.ip.IpClientLinkObserver$Dhcp6PdPreferredPrefixAlarmListener@fe04061
02-03 21:27:47.888 W/unknown:ViewManagerPropertyUpdater(18450): Could not find generated setter for class com.swmansion.gesturehandler.react.RNGestureHandlerRootViewManager
02-03 21:27:47.889 I/WindowStateExtImpl( 1741): onSurfaceShowChange show = false mPackageName = com.android.launcher parentPkgName = com.android.launcher
02-03 21:27:47.889 W/unknown:ViewManagerPropertyUpdater(18450): Could not find generated setter for class com.swmansion.gesturehandler.react.RNGestureHandlerButtonViewManager
02-03 21:27:47.890 I/[BIP]   ( 1487):  [BIP NL] event newaddr match dev 0
02-03 21:27:47.890 I/[BIP]   ( 1487):  [BIP NL] IPv6: *:*:*:*:*:*:*:*
02-03 21:27:47.890 I/[BIP]   ( 1487):  [BIP NL] addr state is 3, ipv4=*.*.*.*, ipv6=*:*:*:*:*:*:*:*
02-03 21:27:47.890 I/[BIP]   ( 1487):  [BIP NL] event newaddr match dev 0
02-03 21:27:47.890 I/[BIP]   ( 1487):  [BIP NL] IPv6: *:*:*:*:*:*:*:*
02-03 21:27:47.890 I/[BIP]   ( 1487):  [BIP NL] addr state is 3, ipv4=*.*.*.*, ipv6=*:*:*:*:*:*:*:*
02-03 21:27:47.891 W/unknown:ViewManagerPropertyUpdater(18450): Could not find generated setter for class com.BV.LinearGradient.LinearGradientManager
02-03 21:27:47.892 I/PowerHalWrapper( 1741): amsBoostNotify pid:2561,activity:com.android.launcher.Launcher, package:com.android.launcher, mProcessCreatePackcom.wholexale.app.staging 
02-03 21:27:47.892 I/PowerHalWrapper( 1741): state: 0 
02-03 21:27:47.892 I/mtkpower_client( 1741): [Legacy][PowerHal_Wrap_notifyAppState] com.android.launcher/com.android.launcher.Launcher pid=2561 state:0
02-03 21:27:47.892 I/game_scn( 1741): collectForegroundAppList packName=com.android.launcher, actName=com.android.launcher.Launcher, pid=2561, uid=10106, state:PAUSED
02-03 21:27:47.892 I/PowerHalWrapper( 1741): amsBoostNotify AMS_BOOST_PROCESS_CREATE_BOOST:true 
02-03 21:27:47.892 W/unknown:ViewManagerPropertyUpdater(18450): Could not find generated setter for class com.th3rdwave.safeareacontext.SafeAreaProviderManager
02-03 21:27:47.893 W/unknown:ViewManagerPropertyUpdater(18450): Could not find generated setter for class com.th3rdwave.safeareacontext.SafeAreaViewManager
02-03 21:27:47.894 W/unknown:ViewManagerPropertyUpdater(18450): Could not find generated setter for class com.th3rdwave.safeareacontext.SafeAreaViewShadowNode
02-03 21:27:47.894 W/unknown:ViewManagerPropertyUpdater(18450): Could not find generated setter for class com.swmansion.rnscreens.ScreenContainerViewManager
02-03 21:27:47.895 W/unknown:ViewManagerPropertyUpdater(18450): Could not find generated setter for class com.swmansion.rnscreens.ScreenViewManager
02-03 21:27:47.898 W/unknown:ViewManagerPropertyUpdater(18450): Could not find generated setter for class com.swmansion.rnscreens.ScreenStackViewManager
02-03 21:27:47.899 W/unknown:ViewManagerPropertyUpdater(18450): Could not find generated setter for class com.swmansion.rnscreens.ScreenStackHeaderConfigViewManager
02-03 21:27:47.899 D/Layer   (  962): reparent to null sequence=38718, seq[18], name=Surface(name=Task=6)/@0x9bbd6aa - animation-leash of app_transition#38718
02-03 21:27:47.900 D/Layer   (  962): reparent to null sequence=38717, seq[70], name=Surface(name=Task=1572)/@0xf3215b7 - animation-leash of app_transition#38717
02-03 21:27:47.900 D/Layer   (  962): reparent to null sequence=38719, seq[2], name=Surface(name=WallpaperWindowToken{94e52a3 token=android.os.Binder@45c3e34})/@0x1de629b - animation-leash of window_animation#38719
02-03 21:27:47.903 I/DispPerfService(  962): updateLayerMask 0
02-03 21:27:47.904 W/unknown:ViewManagerPropertyUpdater(18450): Could not find generated setter for class com.swmansion.rnscreens.ScreenStackHeaderSubviewManager
02-03 21:27:47.905 V/WindowManager( 1741): Relayout Window{79e5b u0 com.android.launcher/com.android.launcher.Launcher}: viewVisibility=8, oldvis=0, req=1080x2400
02-03 21:27:47.906 W/unknown:ViewManagerPropertyUpdater(18450): Could not find generated setter for class com.swmansion.rnscreens.SearchBarManager
02-03 21:27:47.906 D/OplusUIFirst_FB( 1741): com.android.launcher moveToBack 2561
02-03 21:27:47.907 W/unknown:ViewManagerPropertyUpdater(18450): Could not find generated setter for class com.horcrux.svg.RenderableViewManager$DefsViewManager
02-03 21:27:47.909 W/unknown:ViewManagerPropertyUpdater(18450): Could not find generated setter for class com.horcrux.svg.VirtualViewManager$RenderableShadowNode
02-03 21:27:47.909 W/unknown:ViewManagerPropertyUpdater(18450): Could not find generated setter for class com.horcrux.svg.RenderableViewManager$MarkerManager
02-03 21:27:47.911 D/BLASTBufferQueue( 5675): [VRI[Launcher][com.android.launcher/com.android.launcher.Launcher]#643](f:0,a:1) destructor()
02-03 21:27:47.911 D/BufferQueueConsumer( 5675): [VRI[Launcher][com.android.launcher/com.android.launcher.Launcher]#643(BLAST Consumer)643](id:162b00000283,api:0,p:-1,c:5675) disconnect
02-03 21:27:47.913 W/unknown:ViewManagerPropertyUpdater(18450): Could not find generated setter for class com.horcrux.svg.RenderableViewManager$ForeignObjectManager
02-03 21:27:47.913 V/WindowManager( 1741): Relayout Window{43ad301 u0 com.android.launcher/com.android.launcher.Launcher}: viewVisibility=8, oldvis=0, req=1080x2400
02-03 21:27:47.914 W/unknown:ViewManagerPropertyUpdater(18450): Could not find generated setter for class com.horcrux.svg.RenderableViewManager$EllipseViewManager
02-03 21:27:47.916 W/unknown:ViewManagerPropertyUpdater(18450): Could not find generated setter for class com.horcrux.svg.RenderableViewManager$LineViewManager
02-03 21:27:47.918 W/unknown:ViewManagerPropertyUpdater(18450): Could not find generated setter for class com.horcrux.svg.RenderableViewManager$LinearGradientManager
02-03 21:27:47.918 D/OplusUIFirst_FB( 1741): com.google.android.googlequicksearchbox moveToBack 5675
02-03 21:27:47.919 D/BLASTBufferQueue( 2561): [VRI[Launcher][com.android.launcher/com.android.launcher.Launcher]#642](f:0,a:1) destructor()
02-03 21:27:47.920 D/BufferQueueConsumer( 2561): [VRI[Launcher][com.android.launcher/com.android.launcher.Launcher]#642(BLAST Consumer)642](id:a01000002bd,api:0,p:-1,c:2561) disconnect
02-03 21:27:47.921 D/VRI[Launcher]( 2561): setWindowStopped stopped:true
02-03 21:27:47.924 W/unknown:ViewManagerPropertyUpdater(18450): Could not find generated setter for class com.horcrux.svg.RenderableViewManager$GroupViewManager
02-03 21:27:47.925 D/OplusUIFirst_FB( 1741): com.coloros.assistantscreen moveToBack 5725
02-03 21:27:47.925 W/unknown:ViewManagerPropertyUpdater(18450): Could not find generated setter for class com.horcrux.svg.RenderableViewManager$TextViewManager
02-03 21:27:47.926 I/bpas    ( 5675): onStop
02-03 21:27:47.927 W/unknown:ViewManagerPropertyUpdater(18450): Could not find generated setter for class com.horcrux.svg.RenderableViewManager$ImageViewManager
02-03 21:27:47.929 W/unknown:ViewManagerPropertyUpdater(18450): Could not find generated setter for class com.horcrux.svg.RenderableViewManager$ClipPathViewManager
02-03 21:27:47.935 W/unknown:ViewManagerPropertyUpdater(18450): Could not find generated setter for class com.horcrux.svg.RenderableViewManager$RadialGradientManager
02-03 21:27:47.937 W/unknown:ViewManagerPropertyUpdater(18450): Could not find generated setter for class com.horcrux.svg.RenderableViewManager$MaskManager
02-03 21:27:47.939 W/unknown:ViewManagerPropertyUpdater(18450): Could not find generated setter for class com.horcrux.svg.RenderableViewManager$SymbolManager
02-03 21:27:47.939 V/DeepThinker( 7781): ProcessManager: onForegroundActivitiesChanged pid:2561, uid:10106, foregroundActivities:false
02-03 21:27:47.939 D/OplusAtlas.OplusAtlasEventDispatch( 3289): setEvent:atlas_event_on_foreground_activities_changed info:pid:2561,uid:10106,hasForegroundActivities:0
02-03 21:27:47.940 E/IHansComunication( 4602): HANS printMessageBody: RCV message: type = 0,port = 86870,caller_pid = 1069,caller_uid = 1047,target_pid = 18572,target_uid = 10801,pkg_cmd = -1,rpc = android.hardware.ICameraServiceListener/5
02-03 21:27:47.940 E/IHansComunication( 4602): HANS printMessageBody: RCV message: type = 0,port = 86870,caller_pid = 1069,caller_uid = 1047,target_pid = 13289,target_uid = 10867,pkg_cmd = -1,rpc = android.hardware.ICameraServiceListener/5
02-03 21:27:47.940 E/IHansComunication( 4602): HANS printMessageBody: RCV message: type = 0,port = 86870,caller_pid = 1069,caller_uid = 1047,target_pid = 18572,target_uid = 10801,pkg_cmd = -1,rpc = android.hardware.ICameraServiceListener/5
02-03 21:27:47.940 E/IHansComunication( 4602): HANS printMessageBody: RCV message: type = 0,port = 86870,caller_pid = 1069,caller_uid = 1047,target_pid = 13289,target_uid = 10867,pkg_cmd = -1,rpc = android.hardware.ICameraServiceListener/5
02-03 21:27:47.940 E/IHansComunication( 4602): HANS printMessageBody: RCV message: type = 0,port = 86870,caller_pid = 1069,caller_uid = 1047,target_pid = 18572,target_uid = 10801,pkg_cmd = -1,rpc = android.hardware.ICameraServiceListener/5
02-03 21:27:47.940 E/IHansComunication( 4602): HANS printMessageBody: RCV message: type = 0,port = 86870,caller_pid = 1069,caller_uid = 1047,target_pid = 13289,target_uid = 10867,pkg_cmd = -1,rpc = android.hardware.ICameraServiceListener/5
02-03 21:27:47.940 E/IHansComunication( 4602): HANS printMessageBody: RCV message: type = 0,port = 86870,caller_pid = 1069,caller_uid = 1047,target_pid = 18572,target_uid = 10801,pkg_cmd = -1,rpc = android.hardware.ICameraServiceListener/5
02-03 21:27:47.940 E/IHansComunication( 4602): HANS printMessageBody: RCV message: type = 0,port = 86870,caller_pid = 1069,caller_uid = 1047,target_pid = 13289,target_uid = 10867,pkg_cmd = -1,rpc = android.hardware.ICameraServiceListener/5
02-03 21:27:47.940 E/IHansComunication( 4602): HANS printMessageBody: RCV message: type = 0,port = 86870,caller_pid = 1069,caller_uid = 1047,target_pid = 18572,target_uid = 10801,pkg_cmd = -1,rpc = android.hardware.ICameraServiceListener/5
02-03 21:27:47.940 E/IHansComunication( 4602): HANS printMessageBody: RCV message: type = 0,port = 86870,caller_pid = 1069,caller_uid = 1047,target_pid = 13289,target_uid = 10867,pkg_cmd = -1,rpc = android.hardware.ICameraServiceListener/5
02-03 21:27:47.940 D/OplusAtlas.OplusAudioScene( 3289): callback success event:atlas_event_on_foreground_activities_changed eventInfo:pid:2561,uid:10106,hasForegroundActivities:0
02-03 21:27:47.940 W/unknown:ViewManagerPropertyUpdater(18450): Could not find generated setter for class com.horcrux.svg.RenderableViewManager$PatternManager
02-03 21:27:47.941 D/OplusAtlas.OplusMessageHandler( 3289): handleMessage: Msg { when=0 what=2 obj=com.oplus.atlas.OplusAtlasEvent@2d216f8 target=com.oplus.atlas.OplusMessageHandler$MyHandler }
02-03 21:27:47.942 E/IHansComunication( 4602): HANS printMessageBody: RCV message: type = 0,port = 86870,caller_pid = 1069,caller_uid = 1047,target_pid = 18572,target_uid = 10801,pkg_cmd = -1,rpc = android.hardware.ICameraServiceListener/5
02-03 21:27:47.942 D/BtGatt.ScanManager( 3260): uid 10128 isForeground true scanMode 1
02-03 21:27:47.942 W/unknown:ViewManagerPropertyUpdater(18450): Could not find generated setter for class com.horcrux.svg.RenderableViewManager$RectViewManager
02-03 21:27:47.942 E/IHansComunication( 4602): HANS printMessageBody: RCV message: type = 0,port = 86870,caller_pid = 1069,caller_uid = 1047,target_pid = 13289,target_uid = 10867,pkg_cmd = -1,rpc = android.hardware.ICameraServiceListener/5
02-03 21:27:47.942 I/OplusCustomScanStrategy( 3260): msg.what = 6
02-03 21:27:47.942 E/IHansComunication( 4602): HANS printMessageBody: RCV message: type = 0,port = 86870,caller_pid = 1069,caller_uid = 1047,target_pid = 18572,target_uid = 10801,pkg_cmd = -1,rpc = android.hardware.ICameraServiceListener/5
02-03 21:27:47.942 E/IHansComunication( 4602): HANS printMessageBody: RCV message: type = 0,port = 86870,caller_pid = 1069,caller_uid = 1047,target_pid = 13289,target_uid = 10867,pkg_cmd = -1,rpc = android.hardware.ICameraServiceListener/5
02-03 21:27:47.943 W/unknown:ViewManagerPropertyUpdater(18450): Could not find generated setter for class com.horcrux.svg.RenderableViewManager$TextPathViewManager
02-03 21:27:47.945 W/unknown:ViewManagerPropertyUpdater(18450): Could not find generated setter for class com.horcrux.svg.SvgViewManager
02-03 21:27:47.945 E/IHansComunication( 4602): HANS printMessageBody: RCV message: type = 0,port = 86870,caller_pid = 1069,caller_uid = 1047,target_pid = 18572,target_uid = 10801,pkg_cmd = -1,rpc = android.hardware.ICameraServiceListener/5
02-03 21:27:47.945 E/IHansComunication( 4602): HANS printMessageBody: RCV message: type = 0,port = 86870,caller_pid = 1069,caller_uid = 1047,target_pid = 13289,target_uid = 10867,pkg_cmd = -1,rpc = android.hardware.ICameraServiceListener/5
02-03 21:27:47.945 E/IHansComunication( 4602): HANS printMessageBody: RCV message: type = 0,port = 86870,caller_pid = 1069,caller_uid = 1047,target_pid = 18572,target_uid = 10801,pkg_cmd = -1,rpc = android.hardware.ICameraServiceListener/5
02-03 21:27:47.945 E/IHansComunication( 4602): HANS printMessageBody: RCV message: type = 0,port = 86870,caller_pid = 1069,caller_uid = 1047,target_pid = 13289,target_uid = 10867,pkg_cmd = -1,rpc = android.hardware.ICameraServiceListener/5
02-03 21:27:47.945 E/IHansComunication( 4602): HANS printMessageBody: RCV message: type = 0,port = 86870,caller_pid = 1069,caller_uid = 1047,target_pid = 18572,target_uid = 10801,pkg_cmd = -1,rpc = android.hardware.ICameraServiceListener/5
02-03 21:27:47.946 W/unknown:ViewManagerPropertyUpdater(18450): Could not find generated setter for class com.horcrux.svg.RenderableViewManager$PathViewManager
02-03 21:27:47.947 W/unknown:ViewManagerPropertyUpdater(18450): Could not find generated setter for class com.horcrux.svg.RenderableViewManager$UseViewManager
02-03 21:27:47.948 W/unknown:ViewManagerPropertyUpdater(18450): Could not find generated setter for class com.horcrux.svg.RenderableViewManager$CircleViewManager
02-03 21:27:47.948 E/IHansComunication( 4602): HANS printMessageBody: RCV message: type = 0,port = 86870,caller_pid = 1069,caller_uid = 1047,target_pid = 13289,target_uid = 10867,pkg_cmd = -1,rpc = android.hardware.ICameraServiceListener/5
02-03 21:27:47.948 E/IHansComunication( 4602): HANS printMessageBody: RCV message: type = 0,port = 86870,caller_pid = 1069,caller_uid = 1047,target_pid = 18572,target_uid = 10801,pkg_cmd = -1,rpc = android.hardware.ICameraServiceListener/5
02-03 21:27:47.948 E/IHansComunication( 4602): HANS printMessageBody: RCV message: type = 0,port = 86870,caller_pid = 1069,caller_uid = 1047,target_pid = 13289,target_uid = 10867,pkg_cmd = -1,rpc = android.hardware.ICameraServiceListener/5
02-03 21:27:47.948 E/IHansComunication( 4602): HANS printMessageBody: RCV message: type = 0,port = 86870,caller_pid = 1069,caller_uid = 1047,target_pid = 18572,target_uid = 10801,pkg_cmd = -1,rpc = android.hardware.ICameraServiceListener/5
02-03 21:27:47.949 E/IHansComunication( 4602): HANS printMessageBody: RCV message: type = 0,port = 86870,caller_pid = 1069,caller_uid = 1047,target_pid = 13289,target_uid = 10867,pkg_cmd = -1,rpc = android.hardware.ICameraServiceListener/5
02-03 21:27:47.949 D/Layer   (  962): reparent to null sequence=38709, seq[6], name=com.android.launcher/com.android.launcher.Launcher#38709
02-03 21:27:47.949 D/Layer   (  962): reparent to null sequence=38706, seq[6], name=com.android.launcher/com.android.launcher.Launcher#38706
02-03 21:27:47.949 I/BufferQueueDebug(  962): [com.android.launcher/com.android.launcher.Launcher#38706](this:0xb400007964bc99e8,id:-1,api:0,p:-1,c:962) onDestructor()
02-03 21:27:47.950 D/OplusLayer(  962): ~Layer() sequence=38706, name=com.android.launcher/com.android.launcher.Launcher#38706
02-03 21:27:47.950 I/BufferQueueDebug(  962): [com.android.launcher/com.android.launcher.Launcher#38709](this:0xb400007963b909e8,id:-1,api:0,p:-1,c:962) onDestructor()
02-03 21:27:47.950 D/OplusLayer(  962): ~Layer() sequence=38709, name=com.android.launcher/com.android.launcher.Launcher#38709
02-03 21:27:47.951 W/unknown:ViewManagerPropertyUpdater(18450): Could not find generated setter for class com.horcrux.svg.RenderableViewManager$TSpanViewManager
02-03 21:27:47.955 W/unknown:ReactContext(18450): initializeMessageQueueThreads() is called.
02-03 21:27:47.957 D/nativeloader(18450): Load /data/app/~~EL7D2L-pmbIQ183hi2rFmA==/com.wholexale.app.staging-jlzeLgiYq_ep_1GnWj5-Kg==/base.apk!/lib/arm64-v8a/libyoga.so using class loader ns clns-4 (caller=/data/app/~~EL7D2L-pmbIQ183hi2rFmA==/com.wholexale.app.staging-jlzeLgiYq_ep_1GnWj5-Kg==/base.apk): ok
02-03 21:27:48.006 I/ReactNativeJS(18450):  Patched FlatList._checkProps to tolerate undefined props
02-03 21:27:48.007 I/ReactNativeJS(18450):  Patched FlatList instance methods to guard undefined props
02-03 21:27:48.008 I/ReactNativeJS(18450):  Patched React Native list components (FlatList/VirtualizedList/SectionList) to guard against undefined `this` / props
02-03 21:27:48.008 I/ReactNativeJS(18450):  Starting Wholexale app...
02-03 21:27:48.008 I/ReactNativeJS(18450): 'App name:', 'WholexaleApp'
02-03 21:27:48.024 I/ReactNativeJS(18450): Loading App.js...
02-03 21:27:48.052 I/ReactNativeJS(18450): 'App component:', 'Loaded'
02-03 21:27:48.052 I/ReactNativeJS(18450):  App registered successfully
02-03 21:27:48.053 I/ReactNativeJS(18450): Running "WholexaleApp
02-03 21:27:48.055 I/ReactNativeJS(18450):  App component rendering...
02-03 21:27:48.055 I/ReactNativeJS(18450):  Loading ReduxProvider...
02-03 21:27:48.055 I/ReactNativeJS(18450):  Loading AIProvider...
02-03 21:27:48.055 I/ReactNativeJS(18450):  Loading AppProvider...
02-03 21:27:48.055 I/ReactNativeJS(18450):  Loading AppInner...
02-03 21:27:48.097 I/ReactNativeJS(18450): DEBUG: Starting category flow initialization...
02-03 21:27:48.097 I/ReactNativeJS(18450): 'DEBUG: Current user:', null
02-03 21:27:48.097 I/ReactNativeJS(18450): 'DEBUG: Current isCategoryCompleted:', true
02-03 21:27:48.097 I/ReactNativeJS(18450): DEBUG: Loading category preference from storage...
02-03 21:27:48.112 E/OplusCustomizeRestrictionManager(18450): sInstance is null, start a new sInstance
02-03 21:27:48.112 I/ReactNativeJS(18450): 'Retrieved category preference from AsyncStorage:', 'fashion-lifestyle'
02-03 21:27:48.114 D/CompatibilityChangeReporter(18450): Compat change id reported: 210923482; UID 10853; state: ENABLED
02-03 21:27:48.116 I/ReactNativeJS(18450): 'DEBUG: Category preference loaded. Result:', { type: 'category/loadCategoryPreference/fulfilled',
02-03 21:27:48.116 I/ReactNativeJS(18450):   payload: 
02-03 21:27:48.116 I/ReactNativeJS(18450):    { categoryId: 'fashion-lifestyle',
02-03 21:27:48.116 I/ReactNativeJS(18450):      categoryDetails: 
02-03 21:27:48.116 I/ReactNativeJS(18450):       { id: 'fashion-lifestyle',
02-03 21:27:48.116 I/ReactNativeJS(18450):         name: 'Fashion & Lifestyle',
02-03 21:27:48.116 I/ReactNativeJS(18450):         icon: 'shopping-bag',
02-03 21:27:48.116 I/ReactNativeJS(18450):         color: '#E91E63',
02-03 21:27:48.116 I/ReactNativeJS(18450):         subCategories: 
02-03 21:27:48.116 I/ReactNativeJS(18450):          [ 'Clothing',
02-03 21:27:48.116 I/ReactNativeJS(18450):            'Footwear',
02-03 21:27:48.116 I/ReactNativeJS(18450):            'Accessories',
02-03 21:27:48.116 I/ReactNativeJS(18450):            'Beauty Products',
02-03 21:27:48.116 I/ReactNativeJS(18450):            'Jewelry',
02-03 21:27:48.116 I/ReactNativeJS(18450):            'Bags & Luggage' ] },
02-03 21:27:48.116 I/ReactNativeJS(18450):      isCompleted: true },
02-03 21:27:48.116 I/ReactNativeJS(18450):   meta: 
02-03 21:27:48.116 I/ReactNativeJS(18450):    { arg: undefined,
02-03 21:27:48.116 I/ReactNativeJS(18450):      requestId: '5L85miECsw1Ktamc2f6bd',
02-03 21:27:48.116 I/ReactNativeJS(18450):      requestStatus: 'fulfilled' } }
02-03 21:27:48.116 I/ReactNativeJS(18450): DEBUG: Checking if category selection should be shown...
02-03 21:27:48.116 I/ReactNativeJS(18450): 'DEBUG: Current user state:', null
02-03 21:27:48.116 I/ReactNativeJS(18450): 'DEBUG: Current isCategoryCompleted:', true
02-03 21:27:48.116 I/ReactNativeJS(18450): 'DEBUG: isFirstTimeUser calculated as:', false
02-03 21:27:48.119 I/ReactNativeJS(18450): 'Retrieved category preference from AsyncStorage:', 'fashion-lifestyle'
02-03 21:27:48.120 I/ReactNativeJS(18450): 'DEBUG: Category flow check result:', { shouldShow: false,
02-03 21:27:48.120 I/ReactNativeJS(18450):   reason: 'setup_complete',
02-03 21:27:48.120 I/ReactNativeJS(18450):   user: false,
02-03 21:27:48.120 I/ReactNativeJS(18450):   isCategoryCompleted: true }
02-03 21:27:48.120 I/ReactNativeJS(18450): DEBUG: Updating Redux state with category selection decision...
02-03 21:27:48.120 I/ReactNativeJS(18450): DEBUG: Category flow initialization completed
02-03 21:27:48.121 D/OplusFullScreenDisplayManager( 1741): adjustWindowParamsLw com.wholexale.app.staging, no change cutoutMode: 0
02-03 21:27:48.121 V/WindowManager( 1741): Relayout Window{285c352 u0 com.wholexale.app.staging/com.wholexale.app.MainActivity}: viewVisibility=0, oldvis=0, req=1080x2400
02-03 21:27:48.126 D/CameraDelegate( 1741): handleMessage:200
02-03 21:27:48.134 D/OplusFullScreenDisplayManager( 1741): adjustWindowParamsLw com.wholexale.app.staging, no change cutoutMode: 0
02-03 21:27:48.134 V/WindowManager( 1741): Relayout Window{285c352 u0 com.wholexale.app.staging/com.wholexale.app.MainActivity}: viewVisibility=0, oldvis=0, req=1080x2400
02-03 21:27:48.169 W/unknown:ReactNative(18450): Attempt to set local data for view with unknown tag: -1
02-03 21:27:48.171 W/unknown:ReactNative(18450): Attempt to set local data for view with unknown tag: -1
02-03 21:27:48.171 W/unknown:ReactNative(18450): Attempt to set local data for view with unknown tag: -1
02-03 21:27:48.171 W/unknown:ReactNative(18450): Attempt to set local data for view with unknown tag: -1
02-03 21:27:48.175 W/unknown:ViewManagerPropertyUpdater(18450): Could not find generated setter for class com.swmansion.rnscreens.ScreensShadowNode
02-03 21:27:48.203 D/ScrollOptimizationHelper(18450): can't find the config file for optimizaiton
02-03 21:27:48.203 D/ScrollOptimizationHelper(18450): will not debug for debug is false
02-03 21:27:48.203 D/CompatibilityChangeReporter(18450): Compat change id reported: 171228096; UID 10853; state: ENABLED
02-03 21:27:48.203 I/oplus.android.OplusFrameworkFactoryImpl(18450): get feature:IOplusDynamicVsyncFeature
02-03 21:27:48.203 I/oplus.android.OplusFrameworkFactoryImpl(18450): get feature:IOplusDynamicVsyncFeature
02-03 21:27:48.203 I/oplus.android.OplusFrameworkFactoryImpl(18450): get feature:IOplusDynamicVsyncFeature
02-03 21:27:48.205 D/OplusFullScreenDisplayManager( 1741): adjustWindowParamsLw com.wholexale.app.staging, no change cutoutMode: 0
02-03 21:27:48.205 V/WindowManager( 1741): Relayout Window{285c352 u0 com.wholexale.app.staging/com.wholexale.app.MainActivity}: viewVisibility=0, oldvis=0, req=1080x2400
02-03 21:27:48.216 V/WindowManager( 1741): Relayout Window{f8e3e06 u0 Splash Screen com.wholexale.app.staging}: viewVisibility=8, oldvis=0, req=1080x2400
02-03 21:27:48.216 I/ReactNative(18450): [GESTURE HANDLER] Initialize gesture handler for root view com.facebook.react.ReactRootView{7e3f449 V.E...... ......ID 0,0-1080,2290 #b}
02-03 21:27:48.219 I/mtkpower_client( 1741): perf_lock_rel, hdl:100092, tid:2265
02-03 21:27:48.220 I/mtkpower_client( 1741): perf_lock_acq, hdl:100092, dur:0, num:10, tid:2265
02-03 21:27:48.220 I/libPowerHal(  863): [perfLockRel] hdl:100092, idx:2
02-03 21:27:48.220 I/libPowerHal(  863): [PD] system_server update cmd:1c3c000 param:1
02-03 21:27:48.220 I/libPowerHal(  863): [PD] (more) /proc/mcdi/state set +prefix:enable 1;
02-03 21:27:48.220 I/libPowerHal(  863): [PD] system_server update cmd:2004100 param:2
02-03 21:27:48.221 I/mtkpower_client( 1741): ret_hdl:100093
02-03 21:27:48.222 V/bt_stack( 3260): [VERBOSE1:btm_ble_gap.cc(2613)] btm_ble_process_adv_addr: bda=fb:**:**:**:13:36 addr_type=0
02-03 21:27:48.222 I/bt_btm  ( 3260): LogMsg: btm_ble_process_adv_pkt: pkt_data_len: 25
02-03 21:27:48.222 V/bt_stack( 3260): [VERBOSE1:btm_ble_gap.cc(2613)] btm_ble_process_adv_addr: bda=fb:**:**:**:13:36 addr_type=0
02-03 21:27:48.222 I/bt_btm  ( 3260): LogMsg: btm_ble_process_adv_pkt: pkt_data_len: 28
02-03 21:27:48.223 I/bt_btif ( 3260): LogMsg: bta_dm_observe_results_cb
02-03 21:27:48.223 I/bt_btif ( 3260): LogMsg: btif_ble_scanner_update_COD fb:5e:56:6d:13:36 cod is 0x000000
02-03 21:27:48.223 I/bt_btif ( 3260): LogMsg: btif_ble_scanner_update_COD cod in config 0x001f00, status=0
02-03 21:27:48.223 I/bt_btif ( 3260): LogMsg: btif_ble_scanner_update_COD invalid cod 0x0, use cod 0x1f00 in config
02-03 21:27:48.223 I/bt_btif ( 3260): LogMsg: bta_scan_results_cb_impl : type 0 channel 0
02-03 21:27:48.223 I/bt_btif ( 3260): LogMsg: bta_scan_results_cb_impl: HAL bt_gatt_callbacks->scanner->scan_result_cb
