02-03 21:26:35.215 D/VRR [OPlusExternalRefreshRateManager]( 1741):  [FRTC] FrameRate : 0 com.android.launcher false com.oplus.battery 0 1000
02-03 21:26:35.215 D/VRR [OPlusSurfaceFlingerController]( 1741):  add frtc FrameRate : 0 com.android.launcher false com.oplus.battery
02-03 21:26:35.217 D/VRR [OPlusFrontAppManager]( 1741): OnAppSwitchObserver: onAppEnter , info.targetName = com.company.userapp
02-03 21:26:35.217 D/VRR [OPlusFrontAppManager]( 1741): packageName: com.company.userapp
02-03 21:26:35.217 D/VRR [OPlusRefreshRateService]( 1741): handleFrontAppChange pkgName: com.company.userapp
02-03 21:26:35.217 D/VRR [OPlusExternalRefreshRateManager]( 1741): setFrontPackageName pkgName: com.company.userapp CurPkgName: null
02-03 21:26:35.221 D/OplusAppListInterceptManager( 1741): shouldFilterTask
02-03 21:26:35.221 D/OplusAppListInterceptManager( 1741): shouldFilterTask::packageName = com.company.userapp
02-03 21:26:35.221 D/OplusAppListInterceptManager( 1741): shouldFilterTask
02-03 21:26:35.221 D/OplusAppListInterceptManager( 1741): shouldFilterTask::packageName = com.wholexale.app.staging
02-03 21:26:35.223 W/ContextImpl( 2533): Calling a method in the system process without a qualified user: android.app.ContextImpl.startService:1889 android.content.ContextWrapper.startService:827 u1.c.c:8 u1.c.a:4 y2.b.f:4 
02-03 21:26:35.234 D/OplusBatteryServiceFeature( 1741): setSmartCoolDown: coolDown = 3, normalCoolDown = 3, pkgName = com.company.userapp
02-03 21:26:35.304 D/OplusActivityManagerServiceEnhance( 1741): setGlThreads detect 7895 17784
02-03 21:26:35.475 V/OplusZoomWindowManagerService( 1741): onAnimationFinished:  r = ActivityRecord{c0ace5a u0 com.android.launcher/.Launcher} t6}
02-03 21:26:35.477 V/OplusZoomWindowManagerService( 1741): onAnimationFinished:  r = ActivityRecord{9c82f5b u0 com.company.userapp/.MainActivity} t1567}
02-03 21:26:35.478 I/OplusAppSwitchManagerService( 1741):  handleAppVisible , r = ActivityRecord{9c82f5b u0 com.company.userapp/.MainActivity} t1567}
02-03 21:26:35.483 I/WindowStateExtImpl( 1741): onSurfaceShowChange show = false mPackageName = com.android.launcher parentPkgName = com.android.launcher
02-03 21:26:35.505 V/WindowManager( 1741): Relayout Window{43ad301 u0 com.android.launcher/com.android.launcher.Launcher}: viewVisibility=8, oldvis=0, req=1080x2400
02-03 21:26:35.512 V/WindowManager( 1741): Relayout Window{79e5b u0 com.android.launcher/com.android.launcher.Launcher}: viewVisibility=8, oldvis=0, req=1080x2400
02-03 21:26:35.527 D/OplusInputMethodUtil( 7895): init sDebug to false, init sDebugIme to false, init sAlwaysOn to false
02-03 21:26:35.527 D/OplusInputMethodUtil( 7895): updateDebugToClass InputMethodManager.DEBUG = false
02-03 21:26:35.527 D/OplusInputMethodUtil( 7895): updateDebugToClass ImeFocusController.DEBUG = false
02-03 21:26:35.527 D/OplusInputMethodUtil( 7895): updateDebugToClass BaseInputConnection.DEBUG = false
02-03 21:26:35.527 D/OplusInputMethodUtil( 7895): updateDebugToClass ImeFocusController.sDebugIme = false
02-03 21:26:35.553 D/CompatibilityChangeReporter( 1741): Compat change id reported: 194532703; UID 10876; state: ENABLED
02-03 21:26:35.567 D/OplusFullScreenDisplayManager( 1741): adjustWindowParamsLw com.company.userapp, no change cutoutMode: 0
02-03 21:26:35.571 I/WindowManager( 1741): addWindow: New client android.os.BinderProxy@1b51f2e : window=Window{5327acf u0 com.company.userapp/com.company.userapp.MainActivity}
02-03 21:26:35.573 D/CoreBackPreview( 1741): Window{5327acf u0 com.company.userapp/com.company.userapp.MainActivity}: Setting back callback OnBackInvokedCallbackInfo{mCallback=android.window.IOnBackInvokedCallback$Stub$Proxy@86efb65, mPriority=0}
02-03 21:26:35.592 I/Quality ( 7895): Skipped: false 2 cost 41.869846 refreshRate 16547626 bit true processName com.company.userapp
02-03 21:26:35.602 D/OplusFullScreenDisplayManager( 1741): adjustWindowParamsLw com.company.userapp, no change cutoutMode: 0
02-03 21:26:35.602 V/WindowManager( 1741): Relayout Window{5327acf u0 com.company.userapp/com.company.userapp.MainActivity}: viewVisibility=0, oldvis=4, req=1080x2400
02-03 21:26:35.610 V/WindowManager( 1741): Changing focus from null to Window{5327acf u0 com.company.userapp/com.company.userapp.MainActivity},diplayid=0
02-03 21:26:35.619 V/ZoomWindowDecorView( 7895): setLastReportedMergedConfiguration mZoomDisplayHeight: 2400 getDecorView.222049168
02-03 21:26:35.668 D/OplusActivityManagerServiceEnhance( 1741): setGlThreads detect 7895 17789
02-03 21:26:35.710 D/CameraDelegate( 1741): handleMessage:200
02-03 21:26:35.725 I/Quality ( 7895): Skipped: false 7 cost 121.42296 refreshRate 16549925 bit true processName com.company.userapp
02-03 21:26:35.830 D/OplusFullScreenDisplayManager( 1741): adjustWindowParamsLw com.company.userapp, no change cutoutMode: 0
02-03 21:26:35.831 V/WindowManager( 1741): Relayout Window{5327acf u0 com.company.userapp/com.company.userapp.MainActivity}: viewVisibility=0, oldvis=0, req=1080x2400
02-03 21:26:35.867 D/WindowManager( 1741): finishDrawingWindow: Window{5327acf u0 com.company.userapp/com.company.userapp.MainActivity} mDrawState=DRAW_PENDING
02-03 21:26:35.873 D/OplusStartingWindowManager( 1741): interceptRemoveStartingWindow: packageName=com.company.userapp, isSnapshot=false, startingSurfaceRunnable=null
02-03 21:26:35.873 D/OplusSplitScreenManagerService( 1741): notifyRemoveStartingWindow mOplusSpiltScreenDnDUI is null, just return!
02-03 21:26:35.876 I/Quality ( 1741): LaunchTime2.0: com.company.userapp/.MainActivity 1 775
02-03 21:26:35.887 I/iopgp   ( 2637): Iopgp: TRANSACTION_IOPGP_ON_ACTIVITY_LAUNCH_FINISHED sequence_id = 61 timestamp_nanos = 127264991980870
02-03 21:26:35.896 D/InputMethodManagerService( 1741): isSecurity: attribute.packageName=com.company.userapp mCurMethodId=com.google.android.inputmethod.latin/com.android.inputmethod.latin.LatinIME
02-03 21:26:35.896 D/InputMethodManagerService( 1741): isSecurity= false (  enable=false needShow=false inBlackList=false isExist=true )
02-03 21:26:35.897 D/CompatibilityChangeReporter( 1741): Compat change id reported: 214016041; UID 10876; state: ENABLED
02-03 21:26:35.916 I/iopgp   ( 2637): Iopgp: TRANSACTION_IOPGP_ON_REPORT_FULLY_DRAWN sequence_id = 61 timestamp_nanos = 127264992328716
02-03 21:26:35.919 D/PowerManagerService( 1741): userActivityNoUpdateLocked: groupId=0, eventTime=103153246, event=2, flags=0x0, uid=1000
02-03 21:26:35.922 D/OplusZoomWindowRUSConfigManager( 1741): isSupportZoomModeWithPolicyLocked: target = com.company.userapp/.MainActivity
02-03 21:26:35.922 D/OplusZoomWindowRUSConfigManager( 1741): targetPkg = com.company.userapp
02-03 21:26:35.923 D/OplusZoomWindowRUSConfigManager( 1741): isSupportZoomModeWithPolicyLocked: target = com.company.userapp/.MainActivity
02-03 21:26:35.923 D/OplusZoomWindowRUSConfigManager( 1741): targetPkg = com.company.userapp
02-03 21:26:35.925 D/InputMethodManagerService( 1741): onHandleImeWindowVisibleStatus: vis = 0, needsToShowImeSwitcher = false
02-03 21:26:35.929 D/OplusAppListInterceptManager( 1741): shouldFilterTask
02-03 21:26:35.929 D/OplusAppListInterceptManager( 1741): shouldFilterTask::packageName = com.company.userapp
02-03 21:26:35.929 D/OplusAppListInterceptManager( 1741): shouldFilterTask
02-03 21:26:35.929 D/OplusAppListInterceptManager( 1741): shouldFilterTask::packageName = com.wholexale.app.staging
02-03 21:26:35.929 D/OplusAppListInterceptManager( 1741): shouldFilterTask
02-03 21:26:35.929 D/OplusAppListInterceptManager( 1741): shouldFilterTask::packageName = com.twitter.android
02-03 21:26:35.930 D/OplusAppListInterceptManager( 1741): shouldFilterTask
02-03 21:26:35.930 D/OplusAppListInterceptManager( 1741): shouldFilterTask::packageName = com.cricbuzz.android
02-03 21:26:35.930 D/OplusAppListInterceptManager( 1741): shouldFilterTask
02-03 21:26:35.930 D/OplusAppListInterceptManager( 1741): shouldFilterTask::packageName = com.google.android.youtube
02-03 21:26:35.930 D/OplusAppListInterceptManager( 1741): shouldFilterTask
02-03 21:26:35.930 D/OplusAppListInterceptManager( 1741): shouldFilterTask::packageName = com.android.chrome
02-03 21:26:35.931 D/OplusAppListInterceptManager( 1741): shouldFilterTask
02-03 21:26:35.931 D/OplusAppListInterceptManager( 1741): shouldFilterTask::packageName = com.whatsapp
02-03 21:26:35.931 D/OplusAppListInterceptManager( 1741): shouldFilterTask
02-03 21:26:35.931 D/OplusAppListInterceptManager( 1741): shouldFilterTask::packageName = com.android.settings
02-03 21:26:35.931 D/CompatibilityChangeReporter( 1741): Compat change id reported: 197654537; UID 1000; state: ENABLED
02-03 21:26:35.931 D/OplusSplitScreenManagerService( 1741): com.android.settings unSupportsSplitScreen by blockList or ForbidActivityList
02-03 21:26:35.931 D/OplusSplitScreenManagerService( 1741): com.android.settings unSupportsSplitScreen by blockList or ForbidActivityList
02-03 21:26:35.931 D/OplusAppListInterceptManager( 1741): shouldFilterTask
02-03 21:26:35.931 D/OplusAppListInterceptManager( 1741): shouldFilterTask::packageName = com.google.android.gm
02-03 21:26:35.932 D/OplusAppListInterceptManager( 1741): shouldFilterTask
02-03 21:26:35.932 D/OplusAppListInterceptManager( 1741): shouldFilterTask::packageName = com.whatsapp
02-03 21:26:35.932 D/OplusAppListInterceptManager( 1741): shouldFilterTask
02-03 21:26:35.932 D/OplusAppListInterceptManager( 1741): shouldFilterTask::packageName = com.whatsapp.w4b
02-03 21:26:35.932 D/OplusAppListInterceptManager( 1741): shouldFilterTask
02-03 21:26:35.932 D/OplusAppListInterceptManager( 1741): shouldFilterTask::packageName = com.microsoft.bing
02-03 21:26:35.932 D/OplusAppListInterceptManager( 1741): shouldFilterTask
02-03 21:26:35.932 D/OplusAppListInterceptManager( 1741): shouldFilterTask::packageName = com.snapchat.android
02-03 21:26:35.933 D/OplusSplitScreenManagerService( 1741): com.snapchat.android unSupportsSplitScreen by blockList or ForbidActivityList
02-03 21:26:35.933 D/OplusAppListInterceptManager( 1741): shouldFilterTask
02-03 21:26:35.933 D/OplusAppListInterceptManager( 1741): shouldFilterTask::packageName = com.coloros.assistantscreen
02-03 21:26:35.933 D/OplusAppListInterceptManager( 1741): shouldFilterTask
02-03 21:26:35.933 D/OplusAppListInterceptManager( 1741): shouldFilterTask::packageName = com.truecaller
02-03 21:26:35.933 D/CompatibilityChangeReporter( 1741): Compat change id reported: 197654537; UID 10057; state: ENABLED
02-03 21:26:35.933 D/OplusAppListInterceptManager( 1741): shouldFilterTask
02-03 21:26:35.933 D/OplusAppListInterceptManager( 1741): shouldFilterTask::packageName = com.google.android.apps.messaging
02-03 21:26:35.941 D/OplusZoomWindowManagerService( 1741): hideZoomWindow, caller: 2561
02-03 21:26:35.947 D/LockSettingsService( 1741): [getSeparateProfileChallengeEnabled] userId = 999
02-03 21:26:35.960 E/OplusZoomWindowManagerService( 1741): hideZoomWindow fail, zoomStack null
02-03 21:26:35.963 I/ActivityManager( 1741): updateOomAdj start time is before than pendingPid added, don't delete it
02-03 21:26:35.964 V/WindowManager( 1741): Relayout Window{79e5b u0 com.android.launcher/com.android.launcher.Launcher}: viewVisibility=0, oldvis=8, req=1080x2400
02-03 21:26:35.973 V/WindowManager( 1741): Relayout Window{313405c u0 com.android.wallpaper.livepicker.service.smoke.Smoke0WallpaperService}: viewVisibility=0, oldvis=0, req=-1x-1
02-03 21:26:35.981 V/WindowManager( 1741): Relayout Window{43ad301 u0 com.android.launcher/com.android.launcher.Launcher}: viewVisibility=0, oldvis=8, req=1080x2400
02-03 21:26:36.001 D/WindowManager( 1741): finishDrawingWindow: Window{79e5b u0 com.android.launcher/com.android.launcher.Launcher} mDrawState=DRAW_PENDING
02-03 21:26:36.041 I/StatusBarManagerService( 1741): disableLocked, what:920000, pkg:com.android.launcher userId: 0 token:android.os.BinderProxy@dd462a7 net1:920000 net2:0
02-03 21:26:36.043 D/WindowManager( 1741): finishDrawingWindow: Window{43ad301 u0 com.android.launcher/com.android.launcher.Launcher} mDrawState=DRAW_PENDING
02-03 21:26:36.051 I/WindowStateExtImpl( 1741): onSurfaceShowChange show = true mPackageName = com.android.launcher parentPkgName = com.android.launcher
02-03 21:26:36.064 I/Quality ( 2561): Skipped: false 5 cost 96.03947 refreshRate 16550819 bit true processName com.android.launcher
02-03 21:26:36.074 D/InputMethodManagerService( 1741): onHandleImeWindowVisibleStatus: vis = 0, needsToShowImeSwitcher = false
02-03 21:26:36.123 I/Quality ( 2561): Skipped: true 1 cost 22.949707 refreshRate 16550088 bit true processName com.android.launcher
02-03 21:26:36.164 I/Quality ( 2561): Skipped: true 1 cost 30.807547 refreshRate 16550318 bit true processName com.android.launcher
02-03 21:26:36.274 V/WindowManager( 1741): Relayout Window{3ad11d4 u0 Splash Screen com.company.userapp}: viewVisibility=8, oldvis=0, req=1080x2400
02-03 21:26:36.285 D/CoreBackPreview( 1741): Window{3ad11d4 u0 Splash Screen com.company.userapp EXITING}: Setting back callback null
02-03 21:26:36.285 V/ZoomWindowDecorView( 2210): removeZoomView
02-03 21:26:36.314 E/TaskPersister( 1741): File error accessing recents directory (directory doesn't exist?).
02-03 21:26:36.452 I/WindowStateExtImpl( 1741): onSurfaceShowChange show = false mPackageName = com.company.userapp parentPkgName = com.company.userapp
02-03 21:26:36.518 I/StatusBarManagerService( 1741): disableLocked, what:0, pkg:com.android.launcher userId: 0 token:android.os.BinderProxy@dd462a7 net1:0 net2:0
02-03 21:26:36.563 D/TaskChangeNotificationControllerExtImpl( 1741): Skip pass Snapshot to listener:android.app.ITaskStackListener$Stub$Proxy@9e2d06d
02-03 21:26:36.572 V/WindowManager( 1741): Changing focus from Window{5327acf u0 com.company.userapp/com.company.userapp.MainActivity} to Window{43ad301 u0 com.android.launcher/com.android.launcher.Launcher},diplayid=0
02-03 21:26:36.577 D/ActivityTaskManager( 1741): onWindowFocusChanged Task{1b1fe44 #6 type=home I=com.android.launcher/.Launcher U=0 rootTaskId=1 visible=true visibleRequested=true mode=fullscreen translucent=false sz=1} would transfer to compact
02-03 21:26:36.588 D/TaskFragmentExtImpl( 1741): addColorModeOnResume resume=true pkg = com.android.launcher
02-03 21:26:36.596 V/OplusZoomWindowManagerService( 1741): onAnimationFinished:  r = ActivityRecord{9c82f5b u0 com.company.userapp/.MainActivity} t1567}
02-03 21:26:36.596 I/OplusAppSwitchManagerService( 1741):  handleAppVisible , r = ActivityRecord{c0ace5a u0 com.android.launcher/.Launcher} t6}
02-03 21:26:36.602 D/PowerManagerService( 1741): userActivityNoUpdateLocked: groupId=0, eventTime=103153928, event=2, flags=0x0, uid=1000
02-03 21:26:36.603 D/OplusAppListInterceptManager( 1741): shouldFilterTask
02-03 21:26:36.603 D/OplusAppListInterceptManager( 1741): shouldFilterTask::packageName = com.company.userapp
02-03 21:26:36.603 D/OplusAppListInterceptManager( 1741): shouldFilterTask
02-03 21:26:36.603 D/OplusAppListInterceptManager( 1741): shouldFilterTask::packageName = com.wholexale.app.staging
02-03 21:26:36.603 D/OplusAppListInterceptManager( 1741): shouldFilterTask
02-03 21:26:36.603 D/OplusAppListInterceptManager( 1741): shouldFilterTask::packageName = com.twitter.android
02-03 21:26:36.604 D/OplusAppListInterceptManager( 1741): shouldFilterTask
02-03 21:26:36.604 D/OplusAppListInterceptManager( 1741): shouldFilterTask::packageName = com.cricbuzz.android
02-03 21:26:36.605 I/OplusJoystickManager( 1741): handleApplicationSwitch deprecated!
02-03 21:26:36.607 D/OplusAppSwitchListener( 1741): Detect com.company.userapp switch to background
02-03 21:26:36.607 D/OplusEapManager( 1741): mTargetExitName :com.company.userapp
02-03 21:26:36.607 D/VRR [OPlusFrontAppManager]( 1741): OnAppSwitchObserver: onAppExit , info.targetName = com.company.userapp
02-03 21:26:36.607 D/VRR [OPlusFrontAppManager]( 1741): packageName: null
02-03 21:26:36.608 D/VRR [OPlusRefreshRateService]( 1741): handleFrontAppChange pkgName: null
02-03 21:26:36.608 D/VRR [OPlusExternalRefreshRateManager]( 1741): setFrontPackageName pkgName: null CurPkgName: com.company.userapp
02-03 21:26:36.609 D/OplusAppSwitchListener( 1741): Detect com.android.launcher switch to foreground
02-03 21:26:36.609 D/OplusEapManager( 1741): mTargetEnterName :com.android.launcher
02-03 21:26:36.609 D/VRR [OPlusFrontAppManager]( 1741): OnAppSwitchObserver: onAppEnter , info.targetName = com.android.launcher
02-03 21:26:36.609 D/VRR [OPlusFrontAppManager]( 1741): packageName: com.android.launcher
02-03 21:26:36.609 D/VRR [OPlusRefreshRateService]( 1741): handleFrontAppChange pkgName: com.android.launcher
02-03 21:26:36.609 D/VRR [OPlusExternalRefreshRateManager]( 1741): setFrontPackageName pkgName: com.android.launcher CurPkgName: null
02-03 21:26:36.610 E/OplusThermalStats( 1741): Error getting package info: com.android.launcher
02-03 21:26:36.617 I/iopgp   ( 2637): Iopgp: TRANSACTION_IOPGP_ON_KEY_DOWN sequence_id = 62 pkg_name = com.wholexale.app.staging isProfile = 0
02-03 21:26:36.618 D/iopgp   ( 2637): cannot find a compiledtrace, need to start tracing on intentstart.
02-03 21:26:36.618 D/iopgp   ( 2637): Iopgp: Decide the action on keydown event done in 1ms.
02-03 21:26:36.629 D/VRR [OPlusRefreshRateService]( 1741):  setFrameRateTargetControl [ 0.0 , com.company.userapp , false , com.oplus.battery ]
02-03 21:26:36.629 D/VRR [OPlusRefreshRateService]( 1741):  setFrameRateTargetControl from [0, 1000, android.uid.system:1000]
02-03 21:26:36.629 D/VRR [OPlusExternalRefreshRateManager]( 1741):  [FRTC] FrameRate : 0 com.company.userapp false com.oplus.battery 0 1000
02-03 21:26:36.629 D/VRR [OPlusSurfaceFlingerController]( 1741):  add frtc FrameRate : 0 com.company.userapp false com.oplus.battery
02-03 21:26:36.632 D/OplusBatteryServiceFeature( 1741): setSmartCoolDown: coolDown = 3, normalCoolDown = 3, pkgName = com.android.launcher
02-03 21:26:36.650 V/WindowManager( 1741): Relayout Window{5327acf u0 com.company.userapp/com.company.userapp.MainActivity}: viewVisibility=8, oldvis=0, req=1080x2400
02-03 21:26:36.654 D/InputMethodManagerService( 1741): isSecurity: attribute.packageName=com.android.launcher mCurMethodId=com.google.android.inputmethod.latin/com.android.inputmethod.latin.LatinIME
02-03 21:26:36.654 D/InputMethodManagerService( 1741): isSecurity= false (  enable=false needShow=false inBlackList=false isExist=true )
02-03 21:26:36.674 I/iopgp   ( 2637): Iopgp: TRANSACTION_IOPGP_ON_INTENT_STARTED sequence_id = 62 pkg_name = com.wholexale.app.staging class_name = com.wholexale.app.MainActivity
02-03 21:26:36.675 I/iopgp   ( 2637): Iopgp::starttracing
02-03 21:26:36.675 D/iopgp   ( 2637): Create Perfetto handle 13
02-03 21:26:36.677 I/ActivityTaskManager( 1741): START u0 {act=android.intent.action.MAIN cat=[android.intent.category.LAUNCHER] flg=0x10200000 cmp=com.wholexale.app.staging/com.wholexale.app.MainActivity bnds=[853,1081][1059,1383] mCallingUid=10106} from uid 10106
02-03 21:26:36.677 D/MultiApp.CMAService( 1741): changeIntentIfNeed --- from launcher
02-03 21:26:36.679 D/OplusZoomWindowManagerService( 1741): onConfigurationChanged rotation not changed - prevRotation: 0
02-03 21:26:36.681 I/OplusScreenSecurityMask( 1741): onStackAdded task = Task{ab3df57 #1568 type=standard ?? U=0 visible=false visibleRequested=false mode=fullscreen translucent=true sz=0} record = null displayId = 0
02-03 21:26:36.681 I/OplusScreenSecurityMask( 1741): onStackAdded task = Task{ab3df57 #1568 type=standard A=10853:com.wholexale.app.staging U=0 visible=false visibleRequested=false mode=fullscreen translucent=true sz=0} record = null displayId = 0
02-03 21:26:36.682 D/CompatibilityChangeReporter( 1741): Compat change id reported: 174042980; UID 10853; state: DISABLED
02-03 21:26:36.682 D/CompatibilityChangeReporter( 1741): Compat change id reported: 184838306; UID 10853; state: DISABLED
02-03 21:26:36.682 D/CompatibilityChangeReporter( 1741): Compat change id reported: 185004937; UID 10853; state: DISABLED
02-03 21:26:36.682 D/CompatibilityChangeReporter( 1741): Compat change id reported: 181136395; UID 10853; state: DISABLED
02-03 21:26:36.682 D/CompatibilityChangeReporter( 1741): Compat change id reported: 174042936; UID 10853; state: DISABLED
02-03 21:26:36.684 D/TaskFragmentExtImpl( 1741): add ActivityRecord{c5b8cf1 u0 com.wholexale.app.staging/com.wholexale.app.MainActivity} t1568} to mActivityRecordSum = Counter{ com.wholexale.app.staging/com.wholexale.app.MainActivity(1) }
02-03 21:26:36.686 D/ActivityTaskManager( 1741): getStartingWindowType: newTask=true, taskSwitch=true, processRunning=false, allowTaskSnapshot=true, activityCreated=false, snapshot=null, record:ActivityRecord{c5b8cf1 u0 com.wholexale.app.staging/com.wholexale.app.MainActivity} t1568}
02-03 21:26:36.686 D/CompatibilityChangeReporter( 1741): Compat change id reported: 205907456; UID 10853; state: ENABLED
02-03 21:26:36.686 V/OplusZoomWindowManagerService( 1741): windowMode: 0 ,stack: Task{ab3df57 #1568 type=standard A=10853:com.wholexale.app.staging U=0 visible=true visibleRequested=false mode=fullscreen translucent=true sz=1}
02-03 21:26:36.687 D/PhoneStartingWindowTypeAlgorithm( 2210): preferredStartingWindowType newTask=true, taskSwitch=true, processRunning=false, allowTaskSnapshot=true, activityCreated=false, isSolidColorSplashScreen=false, legacySplashScreen=false, activityDrawn=false, topIsHome=false
02-03 21:26:36.689 D/OplusShellStartingWindowManager( 2210): adjustSuggestedWindowType: skip no-system app and no-exception list app
02-03 21:26:36.691 D/ShellStartingWindow( 2210): getWindowAttrs window attributes color: 0, replace icon: false
02-03 21:26:36.693 I/Quality ( 2561): Skipped: true 1 cost 29.770643 refreshRate 16550585 bit true processName com.android.launcher
02-03 21:26:36.696 D/InputMethodManagerService( 1741): onHandleImeWindowVisibleStatus: vis = 0, needsToShowImeSwitcher = false
02-03 21:26:36.698 D/ShellStartingWindow( 2210): inconsize = 408
02-03 21:26:36.700 D/OplusFullScreenDisplayManager( 1741): adjustWindowParamsLw com.wholexale.app.staging, no change cutoutMode: 0
02-03 21:26:36.702 I/WindowManager( 1741): addWindow: New client android.os.BinderProxy@fbde929 : window=Window{f9cf4ae u0 Splash Screen com.wholexale.app.staging}
02-03 21:26:36.705 E/WindowManager( 1741): create RemoteAnimationController com.android.server.wm.RemoteAnimationController@2189461
02-03 21:26:36.710 D/CoreBackPreview( 1741): Window{f9cf4ae u0 Splash Screen com.wholexale.app.staging}: Setting back callback OnBackInvokedCallbackInfo{mCallback=android.window.IOnBackInvokedCallback$Stub$Proxy@954c47, mPriority=0}
02-03 21:26:36.711 D/CompatibilityChangeReporter( 1741): Compat change id reported: 135634846; UID 10853; state: DISABLED
02-03 21:26:36.712 D/CompatibilityChangeReporter( 1741): Compat change id reported: 177438394; UID 10853; state: DISABLED
02-03 21:26:36.712 D/CompatibilityChangeReporter( 1741): Compat change id reported: 135772972; UID 10853; state: DISABLED
02-03 21:26:36.712 D/CompatibilityChangeReporter( 1741): Compat change id reported: 135754954; UID 10853; state: ENABLED
02-03 21:26:36.712 D/CompatibilityChangeReporter( 1741): Compat change id reported: 143937733; UID 10853; state: ENABLED
02-03 21:26:36.713 D/OplusShellStartingWindowManager( 2210): handleSplashScreenView: normal third app or no-default
02-03 21:26:36.714 D/OplusFullScreenDisplayManager( 1741): adjustWindowParamsLw com.wholexale.app.staging, no change cutoutMode: 0
02-03 21:26:36.714 V/WindowManager( 1741): Relayout Window{f9cf4ae u0 Splash Screen com.wholexale.app.staging}: viewVisibility=0, oldvis=0, req=1080x2400
02-03 21:26:36.723 V/WindowManager( 1741): Changing focus from Window{43ad301 u0 com.android.launcher/com.android.launcher.Launcher} to null,diplayid=0
02-03 21:26:36.735 I/ActivityManager( 1741): Start proc 16146:com.wholexale.app.staging/u0a853 for next-top-activity {com.wholexale.app.staging/com.wholexale.app.MainActivity}
02-03 21:26:36.743 D/WindowManager( 1741): finishDrawingWindow: Window{f9cf4ae u0 Splash Screen com.wholexale.app.staging} mDrawState=DRAW_PENDING
02-03 21:26:36.750 D/OplusSplitScreenManagerService( 1741): isDragToSplitState mOplusSpiltScreenDnDUI is null, just return!
02-03 21:26:36.751 D/OplusSplitScreenManagerService( 1741): isDragToSplitState mOplusSpiltScreenDnDUI is null, just return!
02-03 21:26:36.752 D/OplusSplitScreenManagerService( 1741): isDragToSplitState mOplusSpiltScreenDnDUI is null, just return!
02-03 21:26:36.774 I/WindowStateExtImpl( 1741): onSurfaceShowChange show = true mPackageName = com.wholexale.app.staging parentPkgName = com.wholexale.app.staging
02-03 21:26:36.779 I/iopgp   ( 2637): Iopgp: TRANSACTION_IOPGP_ON_ACTIVITY_LAUNCHED sequence_id = 62
02-03 21:26:36.795 D/OplusDexOptimizeManager( 1741): Do not in AppLaunchOptList!
02-03 21:26:36.798 I/OplusAppSwitchManagerService( 1741): appswitch hasProcess ActivityRecord{c5b8cf1 u0 com.wholexale.app.staging/com.wholexale.app.MainActivity} t1568}
02-03 21:26:36.798 I/OplusJoystickManager( 1741): handleApplicationSwitch deprecated!
02-03 21:26:36.799 I/OplusAppSwitchManagerService( 1741): appswitch hasProcess ActivityRecord{c5b8cf1 u0 com.wholexale.app.staging/com.wholexale.app.MainActivity} t1568}
02-03 21:26:36.800 D/ActivityTaskManager( 1741): onWindowFocusChanged Task{ab3df57 #1568 type=standard A=10853:com.wholexale.app.staging U=0 visible=true visibleRequested=true mode=fullscreen translucent=false sz=1} would transfer to compact
02-03 21:26:36.803 D/OplusAppSwitchListener( 1741): Detect com.android.launcher switch to background
02-03 21:26:36.803 D/OplusEapManager( 1741): mTargetExitName :com.android.launcher
02-03 21:26:36.803 D/VRR [OPlusFrontAppManager]( 1741): OnAppSwitchObserver: onAppExit , info.targetName = com.android.launcher
02-03 21:26:36.803 D/VRR [OPlusFrontAppManager]( 1741): packageName: null
02-03 21:26:36.804 E/OplusThermalStats( 1741): Error getting package info: com.wholexale.app.staging
02-03 21:26:36.804 D/OplusAppSwitchListener( 1741): Detect com.wholexale.app.staging switch to foreground
02-03 21:26:36.804 D/OplusEapManager( 1741): mTargetEnterName :com.wholexale.app.staging
02-03 21:26:36.804 D/VRR [OPlusFrontAppManager]( 1741): OnAppSwitchObserver: onAppEnter , info.targetName = com.wholexale.app.staging
02-03 21:26:36.804 D/VRR [OPlusFrontAppManager]( 1741): packageName: com.wholexale.app.staging
02-03 21:26:36.810 D/VRR [OPlusRefreshRateService]( 1741): handleFrontAppChange pkgName: null
02-03 21:26:36.810 D/VRR [OPlusExternalRefreshRateManager]( 1741): setFrontPackageName pkgName: null CurPkgName: com.android.launcher
02-03 21:26:36.810 D/VRR [OPlusRefreshRateService]( 1741): handleFrontAppChange pkgName: com.wholexale.app.staging
02-03 21:26:36.810 D/VRR [OPlusExternalRefreshRateManager]( 1741): setFrontPackageName pkgName: com.wholexale.app.staging CurPkgName: null
02-03 21:26:36.813 W/ContextImpl( 2533): Calling a method in the system process without a qualified user: android.app.ContextImpl.startService:1889 android.content.ContextWrapper.startService:827 u1.c.c:8 u1.c.a:4 y2.b.f:4 
02-03 21:26:36.816 D/OplusAppListInterceptManager( 1741): shouldFilterTask
02-03 21:26:36.816 D/OplusAppListInterceptManager( 1741): shouldFilterTask::packageName = com.wholexale.app.staging
02-03 21:26:36.816 D/OplusAppListInterceptManager( 1741): shouldFilterTask
02-03 21:26:36.816 D/OplusAppListInterceptManager( 1741): shouldFilterTask::packageName = com.company.userapp
02-03 21:26:36.828 D/VRR [OPlusRefreshRateService]( 1741):  setFrameRateTargetControl [ 0.0 , com.android.launcher , false , com.oplus.battery ]
02-03 21:26:36.828 D/VRR [OPlusRefreshRateService]( 1741):  setFrameRateTargetControl from [0, 1000, android.uid.system:1000]
02-03 21:26:36.828 D/VRR [OPlusExternalRefreshRateManager]( 1741):  [FRTC] FrameRate : 0 com.android.launcher false com.oplus.battery 0 1000
02-03 21:26:36.828 D/VRR [OPlusSurfaceFlingerController]( 1741):  add frtc FrameRate : 0 com.android.launcher false com.oplus.battery
02-03 21:26:36.835 D/OplusBatteryServiceFeature( 1741): setSmartCoolDown: coolDown = 3, normalCoolDown = 3, pkgName = com.wholexale.app.staging
02-03 21:26:36.884 D/OplusActivityManagerServiceEnhance( 1741): setGlThreads detect 16146 17861
02-03 21:26:36.958 D/OplusInputMethodUtil(16146): init sDebug to false, init sDebugIme to false, init sAlwaysOn to false
02-03 21:26:36.958 D/OplusInputMethodUtil(16146): updateDebugToClass InputMethodManager.DEBUG = false
02-03 21:26:36.958 D/OplusInputMethodUtil(16146): updateDebugToClass ImeFocusController.DEBUG = false
02-03 21:26:36.958 D/OplusInputMethodUtil(16146): updateDebugToClass BaseInputConnection.DEBUG = false
02-03 21:26:36.958 D/OplusInputMethodUtil(16146): updateDebugToClass ImeFocusController.sDebugIme = false
02-03 21:26:36.979 D/OplusFullScreenDisplayManager( 1741): adjustWindowParamsLw com.wholexale.app.staging, no change cutoutMode: 0
02-03 21:26:36.984 I/WindowManager( 1741): addWindow: New client android.os.BinderProxy@c3228ed : window=Window{e21d322 u0 com.wholexale.app.staging/com.wholexale.app.MainActivity}
02-03 21:26:36.987 D/CoreBackPreview( 1741): Window{e21d322 u0 com.wholexale.app.staging/com.wholexale.app.MainActivity}: Setting back callback OnBackInvokedCallbackInfo{mCallback=android.window.IOnBackInvokedCallback$Stub$Proxy@8422370, mPriority=0}
02-03 21:26:36.991 I/Quality (16146): Skipped: false 2 cost 48.263535 refreshRate 16551233 bit true processName com.wholexale.app.staging
02-03 21:26:36.992 D/OplusFullScreenDisplayManager( 1741): adjustWindowParamsLw com.wholexale.app.staging, no change cutoutMode: 0
02-03 21:26:36.993 V/WindowManager( 1741): Relayout Window{e21d322 u0 com.wholexale.app.staging/com.wholexale.app.MainActivity}: viewVisibility=0, oldvis=4, req=1080x2400
02-03 21:26:37.003 V/WindowManager( 1741): Changing focus from null to Window{e21d322 u0 com.wholexale.app.staging/com.wholexale.app.MainActivity},diplayid=0
02-03 21:26:37.012 V/ZoomWindowDecorView(16146): setLastReportedMergedConfiguration mZoomDisplayHeight: 2400 getDecorView.15351963
02-03 21:26:37.047 V/OplusZoomWindowManagerService( 1741): onAnimationFinished:  r = ActivityRecord{c0ace5a u0 com.android.launcher/.Launcher} t6}
02-03 21:26:37.050 V/OplusZoomWindowManagerService( 1741): onAnimationFinished:  r = ActivityRecord{c5b8cf1 u0 com.wholexale.app.staging/com.wholexale.app.MainActivity} t1568}
02-03 21:26:37.050 I/OplusAppSwitchManagerService( 1741):  handleAppVisible , r = ActivityRecord{c5b8cf1 u0 com.wholexale.app.staging/com.wholexale.app.MainActivity} t1568}
02-03 21:26:37.053 I/WindowStateExtImpl( 1741): onSurfaceShowChange show = false mPackageName = com.android.launcher parentPkgName = com.android.launcher
02-03 21:26:37.082 V/WindowManager( 1741): Relayout Window{79e5b u0 com.android.launcher/com.android.launcher.Launcher}: viewVisibility=8, oldvis=0, req=1080x2400
02-03 21:26:37.091 V/WindowManager( 1741): Relayout Window{43ad301 u0 com.android.launcher/com.android.launcher.Launcher}: viewVisibility=8, oldvis=0, req=1080x2400
02-03 21:26:37.107 D/WindowManager( 1741): finishDrawingWindow: Window{e21d322 u0 com.wholexale.app.staging/com.wholexale.app.MainActivity} mDrawState=DRAW_PENDING
02-03 21:26:37.116 D/OplusStartingWindowManager( 1741): interceptRemoveStartingWindow: packageName=com.wholexale.app.staging, isSnapshot=false, startingSurfaceRunnable=null
02-03 21:26:37.116 D/OplusSplitScreenManagerService( 1741): notifyRemoveStartingWindow mOplusSpiltScreenDnDUI is null, just return!
02-03 21:26:37.119 I/Quality ( 1741): LaunchTime2.0: com.wholexale.app.staging/com.wholexale.app.MainActivity 1 427
02-03 21:26:37.121 D/WindowManager( 1741): finishDrawingWindow: Window{e21d322 u0 com.wholexale.app.staging/com.wholexale.app.MainActivity} mDrawState=HAS_DRAWN
02-03 21:26:37.135 D/InputMethodManagerService( 1741): isSecurity: attribute.packageName=com.wholexale.app.staging mCurMethodId=com.google.android.inputmethod.latin/com.android.inputmethod.latin.LatinIME
02-03 21:26:37.135 D/InputMethodManagerService( 1741): isSecurity= false (  enable=false needShow=false inBlackList=false isExist=true )
02-03 21:26:37.139 D/CompatibilityChangeReporter( 1741): Compat change id reported: 214016041; UID 10853; state: ENABLED
02-03 21:26:37.146 I/iopgp   ( 2637): Iopgp: TRANSACTION_IOPGP_ON_ACTIVITY_LAUNCH_FINISHED sequence_id = 62 timestamp_nanos = 127266234491639
02-03 21:26:37.173 D/InputMethodManagerService( 1741): onHandleImeWindowVisibleStatus: vis = 0, needsToShowImeSwitcher = false
02-03 21:26:37.305 D/CameraDelegate( 1741): handleMessage:200
02-03 21:26:37.392 E/OplusCustomizeRestrictionManager(16146): sInstance is null, start a new sInstance
02-03 21:26:37.412 D/OplusFullScreenDisplayManager( 1741): adjustWindowParamsLw com.wholexale.app.staging, no change cutoutMode: 0
02-03 21:26:37.412 V/WindowManager( 1741): Relayout Window{e21d322 u0 com.wholexale.app.staging/com.wholexale.app.MainActivity}: viewVisibility=0, oldvis=0, req=1080x2400
02-03 21:26:37.445 D/OplusFullScreenDisplayManager( 1741): adjustWindowParamsLw com.wholexale.app.staging, no change cutoutMode: 0
02-03 21:26:37.445 V/WindowManager( 1741): Relayout Window{e21d322 u0 com.wholexale.app.staging/com.wholexale.app.MainActivity}: viewVisibility=0, oldvis=0, req=1080x2400
02-03 21:26:37.498 V/WindowManager( 1741): Relayout Window{f9cf4ae u0 Splash Screen com.wholexale.app.staging}: viewVisibility=8, oldvis=0, req=1080x2400
02-03 21:26:37.504 V/ZoomWindowDecorView( 2210): removeZoomView
02-03 21:26:37.505 D/CoreBackPreview( 1741): Window{f9cf4ae u0 Splash Screen com.wholexale.app.staging EXITING}: Setting back callback null
02-03 21:26:37.590 D/OplusFullScreenDisplayManager( 1741): adjustWindowParamsLw com.wholexale.app.staging, no change cutoutMode: 0
02-03 21:26:37.590 V/WindowManager( 1741): Relayout Window{e21d322 u0 com.wholexale.app.staging/com.wholexale.app.MainActivity}: viewVisibility=0, oldvis=0, req=1080x2400
02-03 21:26:37.601 I/Quality (16146): Skipped: true 1 cost 27.633625 refreshRate 16550825 bit true processName com.wholexale.app.staging
02-03 21:26:37.625 I/Quality (16146): Skipped: true 1 cost 18.747805 refreshRate 16550967 bit true processName com.wholexale.app.staging
02-03 21:26:37.677 I/WindowStateExtImpl( 1741): onSurfaceShowChange show = false mPackageName = com.wholexale.app.staging parentPkgName = com.wholexale.app.staging
02-03 21:26:38.709 D/PowerManagerService( 1741): userActivityNoUpdateLocked: groupId=0, eventTime=103156035, event=2, flags=0x0, uid=1000
02-03 21:26:38.786 D/OplusInputMethodManagerInternal(16146): get inputMethodManager extension: com.android.internal.view.IInputMethodManager$Stub$Proxy@b1325a0
02-03 21:26:39.422 D/PowerManagerService( 1741): userActivityNoUpdateLocked: groupId=0, eventTime=103156749, event=2, flags=0x0, uid=1000
02-03 21:26:39.731 D/ActivityThread( 7895): do gfx trim 40 success
02-03 21:26:39.752 D/OplusAppListInterceptManager( 1741): shouldFilterTask
02-03 21:26:39.752 D/OplusAppListInterceptManager( 1741): shouldFilterTask::packageName = com.wholexale.app.staging
02-03 21:26:39.752 D/OplusAppListInterceptManager( 1741): shouldFilterTask
02-03 21:26:39.752 D/OplusAppListInterceptManager( 1741): shouldFilterTask::packageName = com.company.userapp
02-03 21:26:39.752 D/OplusAppListInterceptManager( 1741): shouldFilterTask
02-03 21:26:39.752 D/OplusAppListInterceptManager( 1741): shouldFilterTask::packageName = com.twitter.android
02-03 21:26:39.753 D/OplusAppListInterceptManager( 1741): shouldFilterTask
02-03 21:26:39.753 D/OplusAppListInterceptManager( 1741): shouldFilterTask::packageName = com.cricbuzz.android
02-03 21:26:39.753 D/OplusAppListInterceptManager( 1741): shouldFilterTask
02-03 21:26:39.753 D/OplusAppListInterceptManager( 1741): shouldFilterTask::packageName = com.google.android.youtube
02-03 21:26:39.753 D/OplusAppListInterceptManager( 1741): shouldFilterTask
02-03 21:26:39.753 D/OplusAppListInterceptManager( 1741): shouldFilterTask::packageName = com.android.chrome
02-03 21:26:39.847 D/InputMethodManagerService( 1741): isSecurity: attribute.packageName=com.wholexale.app.staging mCurMethodId=com.google.android.inputmethod.latin/com.android.inputmethod.latin.LatinIME
02-03 21:26:39.847 D/InputMethodManagerService( 1741): isSecurity= false (  enable=false needShow=false inBlackList=false isExist=true )
02-03 21:26:39.914 D/InputMethodManagerService( 1741): onHandleImeWindowVisibleStatus: vis = 9, needsToShowImeSwitcher = false
02-03 21:26:39.914 D/InputMethodManagerService( 1741): onHandleImeWindowVisibleStatus: vis = 9, needsToShowImeSwitcher = false
02-03 21:26:39.922 D/OplusFullScreenDisplayManager( 1741): adjustWindowParamsLw com.google.android.inputmethod.latin, no change cutoutMode: 0
02-03 21:26:39.922 V/WindowManager( 1741): Relayout Window{96ba97a u0 InputMethod}: viewVisibility=0, oldvis=8, req=1080x2290
02-03 21:26:39.966 D/WindowManager( 1741): finishDrawingWindow: Window{96ba97a u0 InputMethod} mDrawState=DRAW_PENDING
02-03 21:26:39.978 V/WindowStateExtImpl( 1741): notifyWindowStateChange input show
02-03 21:26:39.982 D/OplusActivityManagerServiceEnhance( 1741): setGlThreads detect 16146 17924
02-03 21:26:40.076 I/iopgp   ( 2637): kTraceEnded and trace_end_kind = kOutproto history_id = 1224
02-03 21:26:40.083 E/iopgp   ( 2637): Perfetto TraceBuffer saved to file: data/misc/iopgp/com.company.userapp/1/perfetto_trace/com.company.userapp.MainActivity/1770134200082566871perfetto_trace.pb
02-03 21:26:40.107 D/InputMethodManagerService( 1741): onHandleImeWindowVisibleStatus: vis = 3, needsToShowImeSwitcher = false
02-03 21:26:40.196 E/TaskPersister( 1741): File error accessing recents directory (directory doesn't exist?).
02-03 21:26:40.577 D/PowerManagerService( 1741): userActivityNoUpdateLocked: groupId=0, eventTime=103157904, event=2, flags=0x0, uid=1000
02-03 21:26:40.688 D/OplusFullScreenDisplayManager( 1741): adjustWindowParamsLw com.wholexale.app.staging, no change cutoutMode: 0
02-03 21:26:40.688 V/WindowManager( 1741): Relayout Window{e21d322 u0 com.wholexale.app.staging/com.wholexale.app.MainActivity}: viewVisibility=0, oldvis=0, req=1080x2400
02-03 21:26:40.775 D/PowerManagerService( 1741): userActivityNoUpdateLocked: groupId=0, eventTime=103158101, event=2, flags=0x0, uid=1000
02-03 21:26:40.876 D/PowerManagerService( 1741): userActivityNoUpdateLocked: groupId=0, eventTime=103158203, event=2, flags=0x0, uid=1000
02-03 21:26:40.920 D/OplusFullScreenDisplayManager( 1741): adjustWindowParamsLw com.wholexale.app.staging, no change cutoutMode: 0
02-03 21:26:40.920 V/WindowManager( 1741): Relayout Window{e21d322 u0 com.wholexale.app.staging/com.wholexale.app.MainActivity}: viewVisibility=0, oldvis=0, req=1080x2400
02-03 21:26:40.995 D/PowerManagerService( 1741): userActivityNoUpdateLocked: groupId=0, eventTime=103158320, event=2, flags=0x0, uid=1000
02-03 21:26:41.096 D/PowerManagerService( 1741): userActivityNoUpdateLocked: groupId=0, eventTime=103158423, event=2, flags=0x0, uid=1000
02-03 21:26:41.103 D/OplusFullScreenDisplayManager( 1741): adjustWindowParamsLw com.wholexale.app.staging, no change cutoutMode: 0
02-03 21:26:41.103 V/WindowManager( 1741): Relayout Window{e21d322 u0 com.wholexale.app.staging/com.wholexale.app.MainActivity}: viewVisibility=0, oldvis=0, req=1080x2400
02-03 21:26:41.201 D/OplusFullScreenDisplayManager( 1741): adjustWindowParamsLw com.wholexale.app.staging, no change cutoutMode: 0
02-03 21:26:41.201 V/WindowManager( 1741): Relayout Window{e21d322 u0 com.wholexale.app.staging/com.wholexale.app.MainActivity}: viewVisibility=0, oldvis=0, req=1080x2400
02-03 21:26:41.492 D/PowerManagerService( 1741): userActivityNoUpdateLocked: groupId=0, eventTime=103158818, event=2, flags=0x0, uid=1000
02-03 21:26:41.598 D/OplusFullScreenDisplayManager( 1741): adjustWindowParamsLw com.wholexale.app.staging, no change cutoutMode: 0
02-03 21:26:41.598 V/WindowManager( 1741): Relayout Window{e21d322 u0 com.wholexale.app.staging/com.wholexale.app.MainActivity}: viewVisibility=0, oldvis=0, req=1080x2400
02-03 21:26:41.686 I/iopgp   ( 2637): kTraceEnded and trace_end_kind = kOutproto history_id = 1225
02-03 21:26:41.689 E/iopgp   ( 2637): Perfetto TraceBuffer saved to file: data/misc/iopgp/com.wholexale.app.staging/1/perfetto_trace/com.wholexale.app.MainActivity/1770134201688329102perfetto_trace.pb
02-03 21:26:41.930 D/PowerManagerService( 1741): userActivityNoUpdateLocked: groupId=0, eventTime=103159256, event=2, flags=0x0, uid=1000
02-03 21:26:42.030 D/InputMethodManagerService( 1741): isSecurity: attribute.packageName=com.wholexale.app.staging mCurMethodId=com.google.android.inputmethod.latin/com.android.inputmethod.latin.LatinIME
02-03 21:26:42.030 D/InputMethodManagerService( 1741): isSecurity= false (  enable=false needShow=true inBlackList=false isExist=true )
02-03 21:26:42.099 D/InputMethodManagerService( 1741): onHandleImeWindowVisibleStatus: vis = 3, needsToShowImeSwitcher = false
02-03 21:26:42.104 D/InputMethodManagerService( 1741): onHandleImeWindowVisibleStatus: vis = 3, needsToShowImeSwitcher = false
02-03 21:26:42.105 D/OplusFullScreenDisplayManager( 1741): adjustWindowParamsLw com.google.android.inputmethod.latin, no change cutoutMode: 0
02-03 21:26:42.106 V/WindowManager( 1741): Relayout Window{96ba97a u0 InputMethod}: viewVisibility=0, oldvis=0, req=1080x2290
02-03 21:26:42.605 D/PowerManagerService( 1741): userActivityNoUpdateLocked: groupId=0, eventTime=103159930, event=2, flags=0x0, uid=1000
02-03 21:26:42.705 D/PowerManagerService( 1741): userActivityNoUpdateLocked: groupId=0, eventTime=103160031, event=2, flags=0x0, uid=1000
02-03 21:26:43.070 D/PowerManagerService( 1741): userActivityNoUpdateLocked: groupId=0, eventTime=103160397, event=2, flags=0x0, uid=1000
02-03 21:26:43.209 D/PowerManagerService( 1741): userActivityNoUpdateLocked: groupId=0, eventTime=103160536, event=2, flags=0x0, uid=1000
02-03 21:26:43.219 D/OplusFullScreenDisplayManager( 1741): adjustWindowParamsLw com.wholexale.app.staging, no change cutoutMode: 0
02-03 21:26:43.219 V/WindowManager( 1741): Relayout Window{e21d322 u0 com.wholexale.app.staging/com.wholexale.app.MainActivity}: viewVisibility=0, oldvis=0, req=1080x2400
02-03 21:26:43.335 D/OplusFullScreenDisplayManager( 1741): adjustWindowParamsLw com.wholexale.app.staging, no change cutoutMode: 0
02-03 21:26:43.335 V/WindowManager( 1741): Relayout Window{e21d322 u0 com.wholexale.app.staging/com.wholexale.app.MainActivity}: viewVisibility=0, oldvis=0, req=1080x2400
02-03 21:26:43.502 D/PowerManagerService( 1741): userActivityNoUpdateLocked: groupId=0, eventTime=103160829, event=2, flags=0x0, uid=1000
02-03 21:26:43.604 D/PowerManagerService( 1741): userActivityNoUpdateLocked: groupId=0, eventTime=103160931, event=2, flags=0x0, uid=1000
02-03 21:26:43.650 D/OplusFullScreenDisplayManager( 1741): adjustWindowParamsLw com.wholexale.app.staging, no change cutoutMode: 0
02-03 21:26:43.650 V/WindowManager( 1741): Relayout Window{e21d322 u0 com.wholexale.app.staging/com.wholexale.app.MainActivity}: viewVisibility=0, oldvis=0, req=1080x2400
02-03 21:26:43.707 D/PowerManagerService( 1741): userActivityNoUpdateLocked: groupId=0, eventTime=103161034, event=2, flags=0x0, uid=1000
02-03 21:26:43.831 D/OplusFullScreenDisplayManager( 1741): adjustWindowParamsLw com.wholexale.app.staging, no change cutoutMode: 0
02-03 21:26:43.831 V/WindowManager( 1741): Relayout Window{e21d322 u0 com.wholexale.app.staging/com.wholexale.app.MainActivity}: viewVisibility=0, oldvis=0, req=1080x2400
02-03 21:26:44.146 D/PowerManagerService( 1741): userActivityNoUpdateLocked: groupId=0, eventTime=103161473, event=2, flags=0x0, uid=1000
02-03 21:26:44.262 D/OplusFullScreenDisplayManager( 1741): adjustWindowParamsLw com.wholexale.app.staging, no change cutoutMode: 0
02-03 21:26:44.262 V/WindowManager( 1741): Relayout Window{e21d322 u0 com.wholexale.app.staging/com.wholexale.app.MainActivity}: viewVisibility=0, oldvis=0, req=1080x2400
02-03 21:26:44.484 D/PowerManagerService( 1741): userActivityNoUpdateLocked: groupId=0, eventTime=103161809, event=2, flags=0x0, uid=1000
02-03 21:26:44.609 D/OplusFullScreenDisplayManager( 1741): adjustWindowParamsLw com.wholexale.app.staging, no change cutoutMode: 0
02-03 21:26:44.609 V/WindowManager( 1741): Relayout Window{e21d322 u0 com.wholexale.app.staging/com.wholexale.app.MainActivity}: viewVisibility=0, oldvis=0, req=1080x2400
02-03 21:26:44.878 D/PowerManagerService( 1741): userActivityNoUpdateLocked: groupId=0, eventTime=103162205, event=2, flags=0x0, uid=1000
02-03 21:26:45.006 D/OplusFullScreenDisplayManager( 1741): adjustWindowParamsLw com.wholexale.app.staging, no change cutoutMode: 0
02-03 21:26:45.006 V/WindowManager( 1741): Relayout Window{e21d322 u0 com.wholexale.app.staging/com.wholexale.app.MainActivity}: viewVisibility=0, oldvis=0, req=1080x2400
02-03 21:26:45.105 D/PowerManagerService( 1741): userActivityNoUpdateLocked: groupId=0, eventTime=103162431, event=2, flags=0x0, uid=1000
02-03 21:26:45.238 D/OplusFullScreenDisplayManager( 1741): adjustWindowParamsLw com.wholexale.app.staging, no change cutoutMode: 0
02-03 21:26:45.238 V/WindowManager( 1741): Relayout Window{e21d322 u0 com.wholexale.app.staging/com.wholexale.app.MainActivity}: viewVisibility=0, oldvis=0, req=1080x2400
02-03 21:26:45.412 D/PowerManagerService( 1741): userActivityNoUpdateLocked: groupId=0, eventTime=103162738, event=2, flags=0x0, uid=1000
02-03 21:26:45.513 D/PowerManagerService( 1741): userActivityNoUpdateLocked: groupId=0, eventTime=103162840, event=2, flags=0x0, uid=1000
02-03 21:26:45.569 D/OplusFullScreenDisplayManager( 1741): adjustWindowParamsLw com.wholexale.app.staging, no change cutoutMode: 0
02-03 21:26:45.569 V/WindowManager( 1741): Relayout Window{e21d322 u0 com.wholexale.app.staging/com.wholexale.app.MainActivity}: viewVisibility=0, oldvis=0, req=1080x2400
02-03 21:26:45.815 D/PowerManagerService( 1741): userActivityNoUpdateLocked: groupId=0, eventTime=103163141, event=2, flags=0x0, uid=1000
02-03 21:26:45.966 D/OplusFullScreenDisplayManager( 1741): adjustWindowParamsLw com.wholexale.app.staging, no change cutoutMode: 0
02-03 21:26:45.966 V/WindowManager( 1741): Relayout Window{e21d322 u0 com.wholexale.app.staging/com.wholexale.app.MainActivity}: viewVisibility=0, oldvis=0, req=1080x2400
02-03 21:26:46.020 D/PowerManagerService( 1741): userActivityNoUpdateLocked: groupId=0, eventTime=103163345, event=2, flags=0x0, uid=1000
02-03 21:26:46.132 D/OplusFullScreenDisplayManager( 1741): adjustWindowParamsLw com.wholexale.app.staging, no change cutoutMode: 0
02-03 21:26:46.132 V/WindowManager( 1741): Relayout Window{e21d322 u0 com.wholexale.app.staging/com.wholexale.app.MainActivity}: viewVisibility=0, oldvis=0, req=1080x2400
02-03 21:26:46.286 I/keystore2(  628): keystore2::watchdog: Watchdog thread idle -> terminating. Have a great day.
02-03 21:26:46.480 D/PowerManagerService( 1741): userActivityNoUpdateLocked: groupId=0, eventTime=103163806, event=2, flags=0x0, uid=1000
02-03 21:26:46.512 V/WindowManager( 1741): Relayout Window{cffdaf7 u0 ColorSideGestureRight}: viewVisibility=0, oldvis=8, req=98x2666
02-03 21:26:46.534 D/WindowManager( 1741): finishDrawingWindow: Window{cffdaf7 u0 ColorSideGestureRight} mDrawState=DRAW_PENDING
02-03 21:26:46.580 D/PowerManagerService( 1741): userActivityNoUpdateLocked: groupId=0, eventTime=103163907, event=2, flags=0x0, uid=1000
02-03 21:26:46.581 E/OplusCustomizeRestrictionManagerService( 1741): isBackButtonDisabled start
02-03 21:26:46.581 I/OplusJoystickManager( 1741): read game pad state for game manager -> false
02-03 21:26:46.581 W/OplusJoystickManager( 1741): mInterceptGamepadKey is false
02-03 21:26:46.582 D/PowerManagerService( 1741): userActivityNoUpdateLocked: groupId=0, eventTime=103163909, event=1, flags=0x0, uid=1000
02-03 21:26:46.582 I/OplusJoystickManager( 1741): read game pad state for game manager -> false
02-03 21:26:46.582 W/OplusJoystickManager( 1741): mInterceptGamepadKey is false
02-03 21:26:46.590 I/ActivityManager( 1741): Killing 14188:com.google.process.gservices/u999a128 (adj 999): empty #21
02-03 21:26:46.593 D/InputMethodManagerService( 1741): onHandleImeWindowVisibleStatus: vis = 0, needsToShowImeSwitcher = false
02-03 21:26:46.607 V/WindowStateExtImpl( 1741): notifyWindowStateChange input show
02-03 21:26:46.617 D/OplusFullScreenDisplayManager( 1741): adjustWindowParamsLw com.google.android.inputmethod.latin, no change cutoutMode: 0
02-03 21:26:46.617 V/WindowManager( 1741): Relayout Window{96ba97a u0 InputMethod}: viewVisibility=0, oldvis=0, req=1080x2290
02-03 21:26:46.655 D/WindowManager( 1741): finishDrawingWindow: Window{96ba97a u0 InputMethod} mDrawState=HAS_DRAWN
02-03 21:26:46.695 D/InputMethodManagerService( 1741): onHandleImeWindowVisibleStatus: vis = 0, needsToShowImeSwitcher = false
02-03 21:26:46.812 V/WindowManager( 1741): Relayout Window{cffdaf7 u0 ColorSideGestureRight}: viewVisibility=8, oldvis=0, req=98x2666
02-03 21:26:47.043 D/PowerManagerService( 1741): userActivityNoUpdateLocked: groupId=0, eventTime=103164369, event=2, flags=0x0, uid=1000
02-03 21:26:47.346 V/WindowManager( 1741): Relayout Window{96ba97a u0 InputMethod}: viewVisibility=8, oldvis=0, req=1080x2290
02-03 21:26:47.391 I/Quality (16146): Skipped: false 1 cost 20.379116 refreshRate 16551084 bit true processName com.wholexale.app.staging
02-03 21:26:47.392 D/OplusFullScreenDisplayManager( 1741): adjustWindowParamsLw com.wholexale.app.staging, no change cutoutMode: 0
02-03 21:26:47.393 V/WindowManager( 1741): Relayout Window{e21d322 u0 com.wholexale.app.staging/com.wholexale.app.MainActivity}: viewVisibility=0, oldvis=0, req=1080x2400
02-03 21:26:47.596 D/OplusFullScreenDisplayManager( 1741): adjustWindowParamsLw com.wholexale.app.staging, no change cutoutMode: 0
02-03 21:26:47.597 V/WindowManager( 1741): Relayout Window{e21d322 u0 com.wholexale.app.staging/com.wholexale.app.MainActivity}: viewVisibility=0, oldvis=0, req=1080x2400
