01-22 19:13:54.423 D/OplusTelephonyController( 2568): onSignalStrengthChanged: SignalStrength=SignalStrength:{mCdma=CellSignalStrengthCdma: cdmaDbm=2147483647 cdmaEcio=2147483647 evdoDbm=2147483647 evdoEcio=2147483647 evdoSnr=2147483647 level=0,mGsm=CellSignalStrengthGsm: rssi=2147483647 ber=2147483647 mTa=2147483647 mLevel=0,mWcdma=CellSignalStrengthWcdma: ss=2147483647 ber=2147483647 rscp=2147483647 ecno=2147483647 level=0,mTdscdma=CellSignalStrengthTdscdma: rssi=2147483647 ber=2147483647 rscp=2147483647 level=0,mLte=CellSignalStrengthLte: rssi=2147483647 rsrp=-100 rsrq=-10 rssnr=5 cqiTableIndex=2147483647 cqi=0 ta=0 level=3 parametersUseForLevel=0,mNr=CellSignalStrengthNr:{ csiRsrp = 2147483647 csiRsrq = 2147483647 csiCqiTableIndex = 2147483647 csiCqiReport = [] ssRsrp = 2147483647 ssRsrq = 2147483647 ssSinr = 2147483647 level = 0 parametersUseForLevel = 0 },primary=CellSignalStrengthLte}, phoneId=0, mMtkLevel=0, mMtkRsrpOnly=false, mMtkLteRsrpThreshold=null, mMtkLteRssnrThreshold=null
01-22 19:13:54.424 I/DeepThinker( 5470): EventFountainDispatcher: dispatchSpecificIntents 1
01-22 19:13:54.425 I/DeepThinker( 5470): EventFountainDispatcher: dispatchSpecificIntents com.pantanal.action.APPS_LIST
01-22 19:13:54.428 D/OplusFeatureDCBacklight( 1748): notifySfRepaintEverything begin mCurrentDCMode:0brightness=1019threshold=260
01-22 19:13:54.434 W/libc    (27464): Access denied finding property "vendor.gsm.serial"
01-22 19:13:54.436 D/BoundBrokerSvc(20067): onRebind: Intent { act=com.google.android.gms.presencemanager.service.INTERNAL_IDENTITY dat=chimera-action:/... cmp=com.google.android.gms/.chimera.PersistentApiService }
01-22 19:13:54.438 D/CCodecBufferChannel(16548): [c2.mtk.vp9.decoder#305] flushed work; ignored.
01-22 19:13:54.438 D/nativeloader(16919): Load libSchedAssistJni.so using system ns (caller=/system/framework/oplus-framework.jar): ok
01-22 19:13:54.438 D/CCodecBufferChannel(16548): [c2.mtk.vp9.decoder#305] Discard frames from previous generation.
01-22 19:13:54.438 D/PipelineWatcher(16548): onWorkDone: frameIndex not found (18446744073709551615); ignored
01-22 19:13:54.438 D/ExtensionsLoader(16919): createInstance(64bit) : createExtendedFactory
01-22 19:13:54.438 D/CCodecBufferChannel(16548): [c2.mtk.vp9.decoder#305] flushed work not feedInput.
01-22 19:13:54.439 D/ExtensionsLoader(16919): Opened libSchedAssistExtImpl.so
01-22 19:13:54.439 E/ale.app.staging(16919): ofbOpen failed with error=No such file or directory
01-22 19:13:54.439 E/ale.app.staging(16919): sysOpen failed with error=No such file or directory
01-22 19:13:54.440 D/OplusGraphicsEvent(16919): OplusGraphicsEventListener create now!
01-22 19:13:54.441 D/OplusGraphicsEvent(16919): addEventListener success!
01-22 19:13:54.444 D/OplusFeatureDCBacklight( 1748): notifySfRepaintEverything begin mCurrentDCMode:0brightness=1019threshold=260
01-22 19:13:54.447 V/SoLoader(16919): Init System Loader delegate
01-22 19:13:54.448 D/OplusActivityManager(16919): get AMS extension: android.os.BinderProxy@a79f42e
01-22 19:13:54.449 D/CCodecBufferChannel(16548): [c2.mtk.vp9.decoder#305] flushed work; ignored.
01-22 19:13:54.449 D/CCodecBufferChannel(16548): [c2.mtk.vp9.decoder#305] Discard frames from previous generation.
01-22 19:13:54.449 D/PipelineWatcher(16548): onWorkDone: frameIndex not found (18446744073709551615); ignored
01-22 19:13:54.449 D/CCodecBufferChannel(16548): [c2.mtk.vp9.decoder#305] flushed work not feedInput.
01-22 19:13:54.450 I/GPUAUX  (  966): [AUX]GPUAUXContext:69: create: 0xb40000701dd5e1a0
01-22 19:13:54.452 D/MDP     (  966): DpAsyncBlit: in: job (16561 905) (1088, 1920, 34816, 17408, C12b, P1), sec0, flush 0 Buffer 0: plane=2 bufVA={0x107,0x107,0x0} bufMVA={0x0,0x0,0x0} bufSize={0x1fe000,0xff000,0x0} proxy={0xb40000701dc5b480,0x0,0x0}fence=-1
01-22 19:13:54.452 D/MDP     (  966): DpAsyncBlit: out0: (1080, 1920, 1088, 544, C8s, P1), misc: (X:0, Y:0, R:0, F:0, S:0, A:0, D:0), sec0, flush 0 Buffer 0: plane=3 bufVA={0x3be,0x3be,0x3be} bufMVA={0x0,0x0,0x0} bufSize={0x1fe000,0x7f800,0x7f800} proxy={0xb40000701dc5b500,0x0,0x0}fence=-1
01-22 19:13:54.452 D/MDP     (  966): DpAsyncBlit: crop0: (0, 0, 1080, 1920, 0, 0, 0, 0)
01-22 19:13:54.453 I/mtkpower_client( 1748): perf_lock_rel, hdl:59730, tid:2280
01-22 19:13:54.453 I/mtkpower_client( 1748): perf_lock_acq, hdl:59730, dur:0, num:10, tid:2280
01-22 19:13:54.454 I/libPowerHal(  859): [perfLockRel] hdl:59730, idx:0
01-22 19:13:54.454 I/libPowerHal(  859): [PD] system_server update cmd:1c3c000 param:1
01-22 19:13:54.454 I/libPowerHal(  859): [PD] (more) /proc/mcdi/state set +prefix:enable 1;
01-22 19:13:54.454 I/libPowerHal(  859): [PD] system_server update cmd:2004100 param:2
01-22 19:13:54.455 I/mtkpower_client( 1748): ret_hdl:59731
01-22 19:13:54.457 D/OplusActivityManagerServiceEnhance( 1748): setGlThreads detect 16919 19919
01-22 19:13:54.461 D/OplusFeatureDCBacklight( 1748): notifySfRepaintEverything begin mCurrentDCMode:0brightness=1019threshold=260
01-22 19:13:54.470 D/CCodecBufferChannel(16548): [c2.mtk.vp9.decoder#305] flushed work; ignored.
01-22 19:13:54.470 D/CCodecBufferChannel(16548): [c2.mtk.vp9.decoder#305] Discard frames from previous generation.
01-22 19:13:54.470 D/PipelineWatcher(16548): onWorkDone: frameIndex not found (18446744073709551615); ignored
01-22 19:13:54.470 D/CCodecBufferChannel(16548): [c2.mtk.vp9.decoder#305] flushed work not feedInput.
01-22 19:13:54.471 D/IHansComunication( 6221): HANS sendMessageToKernel: threadId = 516689218736, netLinkSetup = 1, type = FROZEN_TRANS, targetUid = 10744, pkgCmd = PKG_CMD_MAX
01-22 19:13:54.473 D/OplusFeatureDCBacklight( 1748): notifySfRepaintEverything begin mCurrentDCMode:0brightness=1019threshold=260
01-22 19:13:54.474 W/libc    (27464): Access denied finding property "vendor.gsm.serial"
01-22 19:13:54.477 D/OplusFeatureDCBacklight( 1748): notifySfRepaintEverything begin mCurrentDCMode:0brightness=1019threshold=260
01-22 19:13:54.479 D/libMEOW (16919): meow new tls: 0xb400007a3649cac0
01-22 19:13:54.479 D/libMEOW (16919): meow reload base cfg path: na
01-22 19:13:54.479 D/libMEOW (16919): meow reload overlay cfg path: na
01-22 19:13:54.480 I/InputReader( 1748): theia saupwkProcessKey
01-22 19:13:54.480 I/InputReader( 1748): theia start saupwkProcessKey
01-22 19:13:54.480 E/system_server( 1748): [theia_saupwk] start saupwkProcessKey
01-22 19:13:54.480 D/PhoneWindowManagerExtImpl( 1748): interceptKeyBeforeQueueing:KeyEvent { action=ACTION_UP, keyCode=KEYCODE_VOLUME_DOWN, scanCode=114, metaState=0, flags=0x8, repeatCount=0, eventTime=85632981329000, downTime=85632654108000, deviceId=2, source=0x101, displayId=-1 }   mIsUpGestureMode = false,  keyguardOn = false,  screenOn = true,  DisableBottomKeyMode = 0,  policyFlags = 570425344,  SosPowerKeyEnabled = true,  WalletSwitchState = 0,  IsQuickLaunchSupport = true,  canceled = false
01-22 19:13:54.480 D/OplusKeyCombinationManager( 1748): down false keyCode 25 count 0 interactive true eventTime 85632981 mDownTimes: {25=85632654}
01-22 19:13:54.480 I/OplusJoystickManager( 1748): read game pad state for game manager -> false
01-22 19:13:54.480 W/OplusJoystickManager( 1748): mInterceptGamepadKey is false
01-22 19:13:54.480 D/WindowManager( 1748): interceptKeyTq keycode=25 interactive=true keyguardActive=false policyFlags=22000000
01-22 19:13:54.480 D/KeyCombinationManager( 1748): down false keyCode 25 count 2 interactive true eventTime 85632981 mDownTimes: {25=85632654}
01-22 19:13:54.481 D/AALLightSensor( 1193): oldLux=0 [SA:0 LA:0] newLux=0 (oriLux: 0)
01-22 19:13:54.482 D/CCodecBufferChannel(16548): [c2.mtk.vp9.decoder#305] flushed work; ignored.
01-22 19:13:54.482 D/CCodecBufferChannel(16548): [c2.mtk.vp9.decoder#305] Discard frames from previous generation.
01-22 19:13:54.482 D/PipelineWatcher(16548): onWorkDone: frameIndex not found (18446744073709551615); ignored
01-22 19:13:54.482 D/CCodecBufferChannel(16548): [c2.mtk.vp9.decoder#305] flushed work not feedInput.
01-22 19:13:54.484 I/GPUAUX  (  966): [AUX]GPUAUXContext:69: create: 0xb40000701de0d690
01-22 19:13:54.484 E/QT      (16919): [QT]file does not exist
01-22 19:13:54.485 D/MDP     (  966): DpAsyncBlit: in: job (16565 929) (1088, 1920, 34816, 17408, C12b, P1), sec0, flush 0 Buffer 0: plane=2 bufVA={0x2b0,0x2b0,0x0} bufMVA={0x0,0x0,0x0} bufSize={0x1fe000,0xff000,0x0} proxy={0xb40000701dc5b780,0x0,0x0}fence=-1
01-22 19:13:54.485 D/MDP     (  966): DpAsyncBlit: out0: (1080, 1920, 1088, 544, C8s, P1), misc: (X:0, Y:0, R:0, F:0, S:0, A:0, D:0), sec0, flush 0 Buffer 0: plane=3 bufVA={0x3c8,0x3c8,0x3c8} bufMVA={0x0,0x0,0x0} bufSize={0x1fe000,0x7f800,0x7f800} proxy={0xb40000701f944c40,0x0,0x0}fence=-1
01-22 19:13:54.486 D/MDP     (  966): DpAsyncBlit: crop0: (0, 0, 1080, 1920, 0, 0, 0, 0)
01-22 19:13:54.487 D/libMEOW (16919): applied 1 plugins for [com.wholexale.app.staging]:
01-22 19:13:54.487 D/libMEOW (16919):   plugin 1: [libMEOW_gift.so]: 0xb400007a2a6c1780
01-22 19:13:54.488 D/libMEOW (16919): rebuild call chain: 0xb400007a364bd140
01-22 19:13:54.489 D/libMEOW (16919): meow delete tls: 0xb400007a3649cac0
01-22 19:13:54.494 D/OplusFeatureDCBacklight( 1748): notifySfRepaintEverything begin mCurrentDCMode:0brightness=1019threshold=260
01-22 19:13:54.500 I/oplus.android.OplusFrameworkFactoryImpl(16919): Unknow feature:IOplusTextViewRTLUtilForUG
01-22 19:13:54.509 D/OplusFeatureDCBacklight( 1748): notifySfRepaintEverything begin mCurrentDCMode:0brightness=1019threshold=260
01-22 19:13:54.509 I/ndroid.launcher( 2623): NativeAlloc concurrent copying GC freed 1978KB AllocSpace bytes, 7(232KB) LOS objects, 49% free, 10MB/21MB, paused 178us,51us total 167.640ms
01-22 19:13:54.517 I/GPUAUX  (  966): [AUX]GPUAUXContext:69: create: 0xb40000701de0e410
01-22 19:13:54.518 D/nativeloader(16919): Load /data/app/~~H561ZM1FSav1dO6xKYyyBA==/com.wholexale.app.staging-P--MKxwxnR9BZ9r55q1Agw==/base.apk!/lib/arm64-v8a/libhermes.so using class loader ns clns-4 (caller=/data/app/~~H561ZM1FSav1dO6xKYyyBA==/com.wholexale.app.staging-P--MKxwxnR9BZ9r55q1Agw==/base.apk): ok
01-22 19:13:54.519 D/MDP     (  966): DpAsyncBlit: in: job (16569 942) (1088, 1920, 34816, 17408, C12b, P1), sec0, flush 0 Buffer 0: plane=2 bufVA={0x206,0x206,0x0} bufMVA={0x0,0x0,0x0} bufSize={0x1fe000,0xff000,0x0} proxy={0xb40000701dc3b640,0x0,0x0}fence=-1
01-22 19:13:54.519 D/MDP     (  966): DpAsyncBlit: out0: (1080, 1920, 1088, 544, C8s, P1), misc: (X:0, Y:0, R:0, F:0, S:0, A:0, D:0), sec0, flush 0 Buffer 0: plane=3 bufVA={0x3ce,0x3ce,0x3ce} bufMVA={0x0,0x0,0x0} bufSize={0x1fe000,0x7f800,0x7f800} proxy={0xb40000701dc5ba80,0x0,0x0}fence=-1
01-22 19:13:54.519 D/MDP     (  966): DpAsyncBlit: crop0: (0, 0, 1080, 1920, 0, 0, 0, 0)
01-22 19:13:54.528 D/OplusFeatureDCBacklight( 1748): notifySfRepaintEverything begin mCurrentDCMode:0brightness=1019threshold=260
01-22 19:13:54.535 D/CCodecBufferChannel(16548): [c2.mtk.vp9.decoder#305] flushed work; ignored.
01-22 19:13:54.536 D/CCodecBufferChannel(16548): [c2.mtk.vp9.decoder#305] Discard frames from previous generation.
01-22 19:13:54.536 D/PipelineWatcher(16548): onWorkDone: frameIndex not found (18446744073709551615); ignored
01-22 19:13:54.536 D/CCodecBufferChannel(16548): [c2.mtk.vp9.decoder#305] flushed work not feedInput.
01-22 19:13:54.541 D/OplusAtlasService( 3300): getAttributeByAppName module:oplus-getStreamMaxVolume packageName:com.google.android.youtube
01-22 19:13:54.542 D/nativeloader(16919): Load /data/app/~~H561ZM1FSav1dO6xKYyyBA==/com.wholexale.app.staging-P--MKxwxnR9BZ9r55q1Agw==/base.apk!/lib/arm64-v8a/libhermes_executor.so using class loader ns clns-4 (caller=/data/app/~~H561ZM1FSav1dO6xKYyyBA==/com.wholexale.app.staging-P--MKxwxnR9BZ9r55q1Agw==/base.apk): ok
01-22 19:13:54.542 D/OplusFeatureDCBacklight( 1748): notifySfRepaintEverything begin mCurrentDCMode:0brightness=1019threshold=260
01-22 19:13:54.545 D/AudioManagerExtImpl(16548): getStreamVolume normal, volume index=7
01-22 19:13:54.547 D/CCodecBufferChannel(16548): [c2.mtk.vp9.decoder#305] flushed work; ignored.
01-22 19:13:54.547 D/CCodecBufferChannel(16548): [c2.mtk.vp9.decoder#305] Discard frames from previous generation.
01-22 19:13:54.547 D/PipelineWatcher(16548): onWorkDone: frameIndex not found (18446744073709551615); ignored
01-22 19:13:54.547 D/CCodecBufferChannel(16548): [c2.mtk.vp9.decoder#305] flushed work not feedInput.
01-22 19:13:54.550 D/nativeloader(16919): Load libpowerhalwrap_jni.so using system ns (caller=/system/framework/mediatek-framework.jar): ok
01-22 19:13:54.550 I/PowerHalWrapper(16919): PowerHalWrapper.getInstance 
01-22 19:13:54.551 I/PowerHalWrapper(16919): PowerHalWrapper.getInstance 
01-22 19:13:54.551 I/GPUAUX  (  966): [AUX]GPUAUXContext:69: create: 0xb40000701de0eaa0
01-22 19:13:54.551 D/nativeloader(16919): Load /data/app/~~H561ZM1FSav1dO6xKYyyBA==/com.wholexale.app.staging-P--MKxwxnR9BZ9r55q1Agw==/base.apk!/lib/arm64-v8a/libfbjni.so using class loader ns clns-4 (caller=/data/app/~~H561ZM1FSav1dO6xKYyyBA==/com.wholexale.app.staging-P--MKxwxnR9BZ9r55q1Agw==/base.apk): ok
01-22 19:13:54.552 I/MSYNC3-VariableRefreshRate(16919): Variable refreshrate is disabled
01-22 19:13:54.552 D/OplusInputMethodUtil(16919): init sDebug to false, init sDebugIme to false, init sAlwaysOn to false
01-22 19:13:54.552 D/OplusInputMethodUtil(16919): updateDebugToClass InputMethodManager.DEBUG = false
01-22 19:13:54.552 D/OplusInputMethodUtil(16919): updateDebugToClass ImeFocusController.DEBUG = false
01-22 19:13:54.552 D/OplusInputMethodUtil(16919): updateDebugToClass BaseInputConnection.DEBUG = false
01-22 19:13:54.552 D/OplusInputMethodUtil(16919): updateDebugToClass ImeFocusController.sDebugIme = false
01-22 19:13:54.555 D/MDP     (  966): DpAsyncBlit: in: job (16573 913) (1088, 1920, 34816, 17408, C12b, P1), sec0, flush 0 Buffer 0: plane=2 bufVA={0x2c2,0x2c2,0x0} bufMVA={0x0,0x0,0x0} bufSize={0x1fe000,0xff000,0x0} proxy={0xb40000701dc3b840,0x0,0x0}fence=-1
01-22 19:13:54.555 D/MDP     (  966): DpAsyncBlit: out0: (1080, 1920, 1088, 544, C8s, P1), misc: (X:0, Y:0, R:0, F:0, S:0, A:0, D:0), sec0, flush 0 Buffer 0: plane=3 bufVA={0x3ca,0x3ca,0x3ca} bufMVA={0x0,0x0,0x0} bufSize={0x1fe000,0x7f800,0x7f800} proxy={0xb40000701dc5b180,0x0,0x0}fence=-1
01-22 19:13:54.555 D/MDP     (  966): DpAsyncBlit: crop0: (0, 0, 1080, 1920, 0, 0, 0, 0)
01-22 19:13:54.556 I/SurfaceFactory(16919): [static] sSurfaceFactory = com.mediatek.view.impl.SurfaceFactoryImpl@cd67eee
01-22 19:13:54.557 I/SurfaceFlinger(  966): [SF client] NEW(0xb40000701f9faf00) for (16919:com.wholexale.app.staging)
01-22 19:13:54.561 I/OplusSlideAnimOptHelper(16919): checkListMode: is blacklist mode = true
01-22 19:13:54.561 D/WindowManager(16919): Add to mViews: DecorView@e27c5ab[MainActivity],pkg= com.wholexale.app.staging
01-22 19:13:54.562 D/OplusSlideAnimOptHelper(16919): com.wholexale.app.staging scrollEffectOpt enable = true
01-22 19:13:54.563 D/ExtensionsLoader(16919): createInstance(64bit) : createExtendedFactory
01-22 19:13:54.564 D/OplusFeatureDCBacklight( 1748): notifySfRepaintEverything begin mCurrentDCMode:0brightness=1019threshold=260
01-22 19:13:54.566 D/ExtensionsLoader(16919): Opened libhwuiextimpl.so
01-22 19:13:54.566 D/ExtensionsLoader(16919): createInstance(64bit) : createExtendedFactory
01-22 19:13:54.566 D/ExtensionsLoader(16919): Opened libSchedAssistExtImpl.so
01-22 19:13:54.567 I/DispPerfService(  966): updateLayerMask 0
01-22 19:13:54.571 I/Athena  ( 2605): CommonAction: 22,2132,118,0,0,0,548,0,2936,1924,953,1076,4.3541937,22
01-22 19:13:54.572 D/OplusFullScreenDisplayManager( 1748): adjustWindowParamsLw com.wholexale.app.staging, no change cutoutMode: 0
01-22 19:13:54.573 I/SurfaceFlinger(  966): [SF client] NEW(0xb40000701dbf3300) for (1748:system_server)
01-22 19:13:54.574 D/nativeloader(16919): Load /data/app/~~H561ZM1FSav1dO6xKYyyBA==/com.wholexale.app.staging-P--MKxwxnR9BZ9r55q1Agw==/base.apk!/lib/arm64-v8a/libreactnativejni.so using class loader ns clns-4 (caller=/data/app/~~H561ZM1FSav1dO6xKYyyBA==/com.wholexale.app.staging-P--MKxwxnR9BZ9r55q1Agw==/base.apk): ok
01-22 19:13:54.575 D/OplusFeatureDCBacklight( 1748): notifySfRepaintEverything begin mCurrentDCMode:0brightness=1019threshold=260
01-22 19:13:54.577 I/WindowManager( 1748): addWindow: New client android.os.BinderProxy@70724f : window=Window{aceeddc u0 com.wholexale.app.staging/com.wholexale.app.MainActivity}
01-22 19:13:54.579 D/ViewRootImplExtImpl(16919): onDisplayChanged -1 for VRI android.view.ViewRootImpl@9f2bc20
01-22 19:13:54.580 D/libMEOW (16919): meow new tls: 0xb400007a36fb9ec0
01-22 19:13:54.581 D/libMEOW (16919): applied 1 plugins for [com.wholexale.app.staging]:
01-22 19:13:54.581 D/libMEOW (16919):   plugin 1: [libMEOW_gift.so]: 0xb400007a2a6c1780
01-22 19:13:54.581 D/libMEOW (16919): rebuild call chain: 0xb4000079bb6e5fc0
01-22 19:13:54.581 D/CoreBackPreview( 1748): Window{aceeddc u0 com.wholexale.app.staging/com.wholexale.app.MainActivity}: Setting back callback OnBackInvokedCallbackInfo{mCallback=android.window.IOnBackInvokedCallback$Stub$Proxy@b09fdba, mPriority=0}
01-22 19:13:54.581 D/InputEventReceiver(16919): Input log is disabled
01-22 19:13:54.583 I/Quality (16919): Skipped: false 2 cost 49.215385 refreshRate 16551608 bit true processName com.wholexale.app.staging
01-22 19:13:54.585 D/OplusFullScreenDisplayManager( 1748): adjustWindowParamsLw com.wholexale.app.staging, no change cutoutMode: 0
01-22 19:13:54.585 V/WindowManager( 1748): Relayout Window{aceeddc u0 com.wholexale.app.staging/com.wholexale.app.MainActivity}: viewVisibility=0, oldvis=4, req=1080x2400
01-22 19:13:54.586 I/BufferQueueDebug(  966): [com.wholexale.app.staging/com.wholexale.app.MainActivity#24447](this:0xb4000070203099e8,id:-1,api:0,p:-1,c:-1) BufferQueue core=(966:/system/bin/surfaceflinger)
01-22 19:13:54.590 V/WindowManager( 1748): Changing focus from null to Window{aceeddc u0 com.wholexale.app.staging/com.wholexale.app.MainActivity},diplayid=0
01-22 19:13:54.591 D/CCodecBufferChannel(16548): [c2.mtk.vp9.decoder#305] flushed work; ignored.
01-22 19:13:54.591 D/CCodecBufferChannel(16548): [c2.mtk.vp9.decoder#305] Discard frames from previous generation.
01-22 19:13:54.591 D/PipelineWatcher(16548): onWorkDone: frameIndex not found (18446744073709551615); ignored
01-22 19:13:54.591 D/ActivityThread(17538): do gfx trim 40 success
01-22 19:13:54.591 D/CCodecBufferChannel(16548): [c2.mtk.vp9.decoder#305] flushed work not feedInput.
01-22 19:13:54.591 D/OplusFeatureDCBacklight( 1748): notifySfRepaintEverything begin mCurrentDCMode:0brightness=1019threshold=260
01-22 19:13:54.594 D/Theia.NoFocusWindow( 1748): FocusWindowErrorScene cancelCheckFreezeScreen
01-22 19:13:54.597 D/[OSIE]  (  966): scltmLayer_name VRI[MainActivity][com.wholexale.app.staging/com.wholexale.app.MainActivity]
01-22 19:13:54.597 D/[OSIE]  (  966): IsSCLTMLayer=0 
01-22 19:13:54.597 D/BufferQueueConsumer(16919): [](id:421700000000,api:0,p:-1,c:16919) connect: controlledByApp=false
01-22 19:13:54.599 D/ExtensionsLoader(16919): createInstance(64bit) : createExtendedFactory
01-22 19:13:54.600 D/ExtensionsLoader(16919): Opened libSchedAssistExtImpl.so
01-22 19:13:54.600 W/unknown:ReactContext(16919): initializeMessageQueueThreads() is called.
01-22 19:13:54.601 D/CCodecBufferChannel(16548): [c2.mtk.vp9.decoder#305] flushed work; ignored.
01-22 19:13:54.602 D/CCodecBufferChannel(16548): [c2.mtk.vp9.decoder#305] Discard frames from previous generation.
01-22 19:13:54.602 D/PipelineWatcher(16548): onWorkDone: frameIndex not found (18446744073709551615); ignored
01-22 19:13:54.602 D/CCodecBufferChannel(16548): [c2.mtk.vp9.decoder#305] flushed work not feedInput.
01-22 19:13:54.602 E/FBI     (16919): Can't load library: dlopen failed: library "libmagtsync.so" not found
01-22 19:13:54.603 V/ZoomWindowDecorView(16919): setLastReportedMergedConfiguration mZoomDisplayHeight: 2400 getDecorView.237487531
01-22 19:13:54.604 D/VRI[MainActivity](16919): registerCallbacksForSync syncBuffer=false
01-22 19:13:54.609 D/libMEOW (16919): meow new tls: 0xb4000079bb6f9640
01-22 19:13:54.609 D/libMEOW (16919): applied 1 plugins for [com.wholexale.app.staging]:
01-22 19:13:54.609 D/libMEOW (16919):   plugin 1: [libMEOW_gift.so]: 0xb400007a2a6c1780
01-22 19:13:54.609 D/libMEOW (16919): rebuild call chain: 0xb4000079bb708a00
01-22 19:13:54.610 D/Layer   (  966): reparent to null sequence=24443, seq[1], name=Surface(name=36bcf5d StatusBar)/@0xe761cc2 - animation-leash of insets_animation#24443
01-22 19:13:54.610 D/Layer   (  966): reparent to null sequence=24444, seq[2], name=Surface(name=209d612 NavigationBar0)/@0x85ef509 - animation-leash of insets_animation#24444
01-22 19:13:54.611 D/OplusLayer(  966): ~Layer() sequence=24443, name=Surface(name=36bcf5d StatusBar)/@0xe761cc2 - animation-leash of insets_animation#24443
01-22 19:13:54.611 D/OplusLayer(  966): ~Layer() sequence=24444, name=Surface(name=209d612 NavigationBar0)/@0x85ef509 - animation-leash of insets_animation#24444
01-22 19:13:54.611 D/OplusFeatureDCBacklight( 1748): notifySfRepaintEverything begin mCurrentDCMode:0brightness=1019threshold=260
01-22 19:13:54.615 I/hwservicemanager(  563): getTransport: Cannot find entry android.hardware.configstore@1.0::ISurfaceFlingerConfigs/default in either framework or device VINTF manifest.
01-22 19:13:54.624 D/OplusFeatureDCBacklight( 1748): notifySfRepaintEverything begin mCurrentDCMode:0brightness=1019threshold=260
01-22 19:13:54.625 E/HWComposer(  966): getSupportedContentTypes: getSupportedContentTypes failed for display 0: Unsupported (8)
01-22 19:13:54.635 I/servicemanager(  562): Could not find android.hardware.graphics.allocator.IAllocator/default in the VINTF manifest.
01-22 19:13:54.639 E/ion     (16919): ioctl c0044901 failed with code -1: Invalid argument
01-22 19:13:54.641 D/OplusFeatureDCBacklight( 1748): notifySfRepaintEverything begin mCurrentDCMode:0brightness=1019threshold=260
01-22 19:13:54.657 D/CCodecBufferChannel(16548): [c2.mtk.vp9.decoder#305] flushed work; ignored.
01-22 19:13:54.657 D/CCodecBufferChannel(16548): [c2.mtk.vp9.decoder#305] Discard frames from previous generation.
01-22 19:13:54.657 D/PipelineWatcher(16548): onWorkDone: frameIndex not found (18446744073709551615); ignored
01-22 19:13:54.657 D/CCodecBufferChannel(16548): [c2.mtk.vp9.decoder#305] flushed work not feedInput.
01-22 19:13:54.660 D/OplusFeatureDCBacklight( 1748): notifySfRepaintEverything begin mCurrentDCMode:0brightness=1019threshold=260
01-22 19:13:54.663 D/BLASTBufferQueue(16919): [VRI[MainActivity][com.wholexale.app.staging/com.wholexale.app.MainActivity]#0](f:0,a:1) acquireNextBufferLocked size=1080x2400 mFrameNumber=1 applyTransaction=true mTimestamp=85633163996565(auto) mPendingTransactions.size=0 graphicBufferId=72666551681025 transform=0
01-22 19:13:54.663 D/VRI[MainActivity](16919): Received frameCommittedCallback lastAttemptedDrawFrameNum=1 didProduceBuffer=true syncBuffer=false
01-22 19:13:54.665 W/Parcel  (16919): Expecting binder but got null!
01-22 19:13:54.665 D/VRI[MainActivity](16919): draw finished.
01-22 19:13:54.666 D/WindowManager( 1748): finishDrawingWindow: Window{aceeddc u0 com.wholexale.app.staging/com.wholexale.app.MainActivity} mDrawState=DRAW_PENDING
01-22 19:13:54.672 D/OplusStartingWindowManager( 1748): interceptRemoveStartingWindow: packageName=com.wholexale.app.staging, isSnapshot=false, startingSurfaceRunnable=null
01-22 19:13:54.673 D/OplusSplitScreenDnDUI( 1748): notifyRemoveStartingWindow isSpitScreenDrag = false mDropTargetSurface = null StartingWindowpkgName = com.wholexale.app.staging DragPkg = null isLauncherResume = false
01-22 19:13:54.674 I/Quality ( 1748): LaunchTime2.0: com.wholexale.app.staging/com.wholexale.app.MainActivity 1 443
01-22 19:13:54.674 W/unknown:ViewManagerPropertyUpdater(16919): Could not find generated setter for class com.facebook.react.views.drawer.ReactDrawerLayoutManager
01-22 19:13:54.674 D/OplusFeatureDCBacklight( 1748): notifySfRepaintEverything begin mCurrentDCMode:0brightness=1019threshold=260
01-22 19:13:54.676 D/VRI[MainActivity](16919): registerCallbacksForSync syncBuffer=false
01-22 19:13:54.676 I/ClientCache(  966): add: Cache owner=0xb40000701dfaa460
01-22 19:13:54.676 D/BufferStateLayer(  966): com.wholexale.app.staging/com.wholexale.app.MainActivity#24447 setBuffer frameId=1, bufferId=72666551681025 fenceId=324, w= 1080, h=2400
01-22 19:13:54.676 D/VRI[MainActivity](16919): Received frameCommittedCallback lastAttemptedDrawFrameNum=2 didProduceBuffer=false syncBuffer=false
01-22 19:13:54.676 D/OplusLayer(  966): (24447,com.wholexale.app.staging/com.wholexale.app.MainActivity#24447,com.wholexale.app.staging) setBuffer
01-22 19:13:54.677 D/VRI[MainActivity](16919): draw finished.
01-22 19:13:54.679 I/DispPerfService(  966): updateLayerMask 0
01-22 19:13:54.679 I/FocusResolver( 1748): updateFocusedWindow, aceeddc com.wholexale.app.staging/com.wholexale.app.MainActivity on display 0, reason: Window became focusable. Previous reason: NOT_VISIBLE, result:   FocusedWindows:
01-22 19:13:54.679 I/FocusResolver( 1748):     displayId=0, name='aceeddc com.wholexale.app.staging/com.wholexale.app.MainActivity'
01-22 19:13:54.679 D/VRI[MainActivity](16919): onFocusEvent true
01-22 19:13:54.680 D/PowerManagerService( 1748): userActivityNoUpdateLocked: groupId=0, eventTime=85632981, event=1, flags=0x0, uid=1000
01-22 19:13:54.680 D/InputMethodManagerService( 1748): isSecurity: attribute.packageName=com.wholexale.app.staging mCurMethodId=com.google.android.inputmethod.latin/com.android.inputmethod.latin.LatinIME
01-22 19:13:54.680 D/InputMethodManagerService( 1748): isSecurity= false (  enable=false needShow=false inBlackList=false isExist=true )
01-22 19:13:54.682 I/ActivityTaskManager( 1748): Displayed com.wholexale.app.staging/com.wholexale.app.MainActivity: +471ms
01-22 19:13:54.682 I/mtkpower@impl(  859): [setMode] type:5, enabled:0
01-22 19:13:54.683 I/libPowerHal(  859): [perfLockRel] hdl:59726, idx:1
01-22 19:13:54.683 I/PowerHalWrapper( 1748): amsBoostStop AMS_BOOST_PACK_SWITCH:true, AMS_BOOST_ACT_SWITCH:false, AMS_BOOST_PROCESS_CREATE:true 
01-22 19:13:54.684 I/mtkpower@impl(  859): [mtkPowerHint] hint:21, hold:6000, ext:30, ext_hold:35000
01-22 19:13:54.684 I/libPowerHal(  859): [perfLockRel] hdl:59727, idx:2
01-22 19:13:54.685 D/WindowManager( 1748): finishDrawingWindow: Window{aceeddc u0 com.wholexale.app.staging/com.wholexale.app.MainActivity} mDrawState=HAS_DRAWN
01-22 19:13:54.686 D/CompatibilityChangeReporter( 1748): Compat change id reported: 214016041; UID 10851; state: ENABLED
01-22 19:13:54.686 I/libPowerHal(  859): [perfLockRel] hdl:59729, idx:7
01-22 19:13:54.687 W/unknown:ViewManagerPropertyUpdater(16919): Could not find generated setter for class com.facebook.react.uimanager.LayoutShadowNode
01-22 19:13:54.691 D/MediaSessionService( 1748): dispatchVolumeKeyEvent, pkg=com.wholexale.app.staging, opPkg=com.wholexale.app.staging, pid=16919, uid=10851, asSystem=true, event=KeyEvent { action=ACTION_DOWN, keyCode=KEYCODE_VOLUME_DOWN, scanCode=114, metaState=0, flags=0x8, repeatCount=0, eventTime=85632654108000, downTime=85632654108000, deviceId=2, source=0x101, displayId=-1 }, stream=-2147483648, musicOnly=false
01-22 19:13:54.691 D/MediaSessionService( 1748): Adjusting suggestedStream=-2147483648 by -1. flags=4113, preferSuggestedStream=false, session=null, musicOnly false
01-22 19:13:54.693 D/OplusFeatureDCBacklight( 1748): notifySfRepaintEverything begin mCurrentDCMode:0brightness=1019threshold=260
01-22 19:13:54.695 D/AudioServiceExtImpl( 1748): ringVolumeDefault :0
01-22 19:13:54.695 D/InputEventReceiver(12290): Input log is disabled
01-22 19:13:54.695 D/AudioServiceExtImpl( 1748): oplusGetParameters() keyValuePairs:OPLUS_AUDIO_GET_ADJUSTVOLUME_FORBID, uid: 1000
01-22 19:13:54.697 W/unknown:ViewManagerPropertyUpdater(16919): Could not find generated setter for class com.facebook.react.views.scroll.ReactHorizontalScrollViewManager
01-22 19:13:54.697 D/MediaSessionService( 1748): dispatchVolumeKeyEvent, pkg=com.wholexale.app.staging, opPkg=com.wholexale.app.staging, pid=16919, uid=10851, asSystem=true, event=KeyEvent { action=ACTION_UP, keyCode=KEYCODE_VOLUME_DOWN, scanCode=114, metaState=0, flags=0x8, repeatCount=0, eventTime=85632981329000, downTime=85632654108000, deviceId=2, source=0x101, displayId=-1 }, stream=-2147483648, musicOnly=false
01-22 19:13:54.697 D/MediaSessionService( 1748): Adjusting suggestedStream=-2147483648 by 0. flags=4116, preferSuggestedStream=false, session=null, musicOnly false
01-22 19:13:54.700 W/unknown:ViewManagerPropertyUpdater(16919): Could not find generated setter for class com.facebook.react.views.scroll.ReactHorizontalScrollContainerViewManager
01-22 19:13:54.702 W/unknown:ViewManagerPropertyUpdater(16919): Could not find generated setter for class com.facebook.react.views.progressbar.ReactProgressBarViewManager
01-22 19:13:54.702 I/GoogleInputMethodService(12290): GoogleInputMethodService.onFinishInput():2099 
01-22 19:13:54.703 W/unknown:ViewManagerPropertyUpdater(16919): Could not find generated setter for class com.facebook.react.views.progressbar.ProgressBarShadowNode
01-22 19:13:54.703 I/Module  (12290): DeviceLockedStatusModuleProvider$Module.updateDeviceLockedStatus():103 repeatCheckTimes = 0, locked = false
01-22 19:13:54.704 W/unknown:ViewManagerPropertyUpdater(16919): Could not find generated setter for class com.facebook.react.views.scroll.ReactScrollViewManager
01-22 19:13:54.705 I/GoogleInputMethodService(12290): GoogleInputMethodService.onStartInput():1371 onStartInput(EditorInfo{EditorInfo{packageName=com.wholexale.app.staging, inputType=0, inputTypeString=NULL, enableLearning=false, autoCorrection=false, autoComplete=false, imeOptions=0, privateImeOptions=null, actionName=UNSPECIFIED, actionLabel=null, initialSelStart=-1, initialSelEnd=-1, initialCapsMode=0, label=null, fieldId=-1, fieldName=null, extras=Bundle[{com.oplus.im.SCENES=0}], hintText=null, hintLocales=[]}}, false)
01-22 19:13:54.706 I/Module  (12290): DeviceLockedStatusModuleProvider$Module.updateDeviceLockedStatus():103 repeatCheckTimes = 1, locked = false
01-22 19:13:54.706 W/unknown:ViewManagerPropertyUpdater(16919): Could not find generated setter for class com.facebook.react.views.switchview.ReactSwitchManager
01-22 19:13:54.709 D/Layer   (  966): reparent to null sequence=24434, seq[3], name=Surface(name=48c0b3 InputMethod)/@0xce4cde9 - animation-leash of insets_animation#24434
01-22 19:13:54.711 D/OplusFeatureDCBacklight( 1748): notifySfRepaintEverything begin mCurrentDCMode:0brightness=1020threshold=260
01-22 19:13:54.712 W/unknown:ViewManagerPropertyUpdater(16919): Could not find generated setter for class com.facebook.react.views.switchview.ReactSwitchManager$ReactSwitchShadowNode
01-22 19:13:54.713 D/InputMethodManagerService( 1748): onHandleImeWindowVisibleStatus: vis = 0, needsToShowImeSwitcher = false
01-22 19:13:54.716 W/unknown:ViewManagerPropertyUpdater(16919): Could not find generated setter for class com.facebook.react.views.swiperefresh.SwipeRefreshLayoutManager
01-22 19:13:54.717 E/IHansComunication( 6221): HANS printMessageBody: RCV message: type = 0,port = 86870,caller_pid = 1089,caller_uid = 1047,target_pid = 3249,target_uid = 10817,pkg_cmd = -1,rpc = android.hardware.ICameraServiceListener/5
01-22 19:13:54.720 I/OplusHansManager ( 1748): unfreeze uid: 10817 com.indeed.android.jobsearch pids: [3249, 3593] reason: AsyncBinder scene: LcdOn|FastFreezer
01-22 19:13:54.721 W/unknown:ViewManagerPropertyUpdater(16919): Could not find generated setter for class com.facebook.react.views.text.frescosupport.FrescoBasedReactTextInlineImageViewManager
01-22 19:13:54.722 W/unknown:ViewManagerPropertyUpdater(16919): Could not find generated setter for class com.facebook.react.views.text.frescosupport.FrescoBasedReactTextInlineImageShadowNode
01-22 19:13:54.722 V/DeepThinker( 5470): BroadcastReceiverWrapper: onReceive, start dispatch android.media.VOLUME_CHANGED_ACTION
01-22 19:13:54.723 W/unknown:ViewManagerPropertyUpdater(16919): Could not find generated setter for class com.facebook.react.views.image.ReactImageManager
01-22 19:13:54.726 D/OplusLayer(  966): ~Layer() sequence=24434, name=Surface(name=48c0b3 InputMethod)/@0xce4cde9 - animation-leash of insets_animation#24434
01-22 19:13:54.728 V/OplusZoomWindowManagerService( 1748): onAnimationFinished:  r = ActivityRecord{13b6386 u0 com.google.android.youtube/.app.honeycomb.Shell$HomeActivity} t11632}
01-22 19:13:54.729 D/VRI[Shell$HomeActivity](16548): dispatchAppVisibility visible:false
01-22 19:13:54.732 D/AALCust ( 1193): aal_backlight_bits, specialConfig:12
01-22 19:13:54.732 D/AAL     ( 1193): onBacklightChanged: 1019/1023 -> 1020/1023(phy:1020/4095)
01-22 19:13:54.734 W/unknown:ViewManagerPropertyUpdater(16919): Could not find generated setter for class com.facebook.react.views.modal.ReactModalHostManager
01-22 19:13:54.734 V/OplusZoomWindowManagerService( 1748): onAnimationFinished:  r = ActivityRecord{9dbc53e u0 com.wholexale.app.staging/com.wholexale.app.MainActivity} t11652}
01-22 19:13:54.734 I/OplusAppSwitchManagerService( 1748):  handleAppVisible , r = ActivityRecord{9dbc53e u0 com.wholexale.app.staging/com.wholexale.app.MainActivity} t11652}
01-22 19:13:54.735 W/unknown:ViewManagerPropertyUpdater(16919): Could not find generated setter for class com.facebook.react.views.modal.ModalHostShadowNode
01-22 19:13:54.736 W/unknown:ViewManagerPropertyUpdater(16919): Could not find generated setter for class com.facebook.react.views.text.ReactRawTextManager
01-22 19:13:54.737 W/BroadcastQueue( 1748): Background execution not allowed: receiving Intent { act=android.media.VOLUME_CHANGED_ACTION flg=0x14000010 (has extras) } to com.truecaller/net.pubnative.lite.sdk.receiver.VolumeChangedActionReceiver
01-22 19:13:54.737 W/unknown:ViewManagerPropertyUpdater(16919): Could not find generated setter for class com.facebook.react.views.text.ReactRawTextShadowNode
01-22 19:13:54.738 W/unknown:ViewManagerPropertyUpdater(16919): Could not find generated setter for class com.facebook.react.views.textinput.ReactTextInputManager
01-22 19:13:54.738 V/DeepThinker( 5470): BroadcastReceiverWrapper: onReceive, start dispatch android.media.VOLUME_CHANGED_ACTION
01-22 19:13:54.739 I/SurfaceView(16548): 99031497 surfaceDestroyed
01-22 19:13:54.741 D/OplusFeatureDCBacklight( 1748): notifySfRepaintEverything begin mCurrentDCMode:0brightness=1020threshold=260
01-22 19:13:54.742 W/BroadcastQueue( 1748): Background execution not allowed: receiving Intent { act=android.media.VOLUME_CHANGED_ACTION flg=0x14000010 (has extras) } to com.truecaller/net.pubnative.lite.sdk.receiver.VolumeChangedActionReceiver
01-22 19:13:54.744 D/WindowManager( 1748): Releasing screen wakelock due to Window{ebeb829 u0 com.google.android.youtube/com.google.android.youtube.app.honeycomb.Shell$HomeActivity}
01-22 19:13:54.744 D/OplusAONSmartDim( 1748): onWakeLockReleaseLocked: lock=250088593, flags=0x2000000a, packageName=android, tag="WindowManager", ws=WorkSource{10141}, uid=1000, pid=1748
01-22 19:13:54.744 D/PowerManagerService( 1748): userActivityNoUpdateLocked: groupId=0, eventTime=85633245, event=0, flags=0x1, uid=1000
01-22 19:13:54.744 W/unknown:ViewManagerPropertyUpdater(16919): Could not find generated setter for class com.facebook.react.views.textinput.ReactTextInputShadowNode
01-22 19:13:54.745 V/DeepThinker( 5470): BroadcastReceiverWrapper: onReceive, start dispatch android.media.VOLUME_CHANGED_ACTION
01-22 19:13:54.746 D/AudioManagerExtImpl(17538): getStreamVolume packageName=com.snapchat.android, index=6, streamType=3
01-22 19:13:54.746 W/unknown:ViewManagerPropertyUpdater(16919): Could not find generated setter for class com.facebook.react.views.text.ReactTextViewManager
01-22 19:13:54.747 W/unknown:ViewManagerPropertyUpdater(16919): Could not find generated setter for class com.facebook.react.views.text.ReactTextShadowNode
01-22 19:13:54.747 D/libMEOW (16548): meow new tls: 0xb40000794d6a2740
01-22 19:13:54.747 D/libMEOW (16548): applied 1 plugins for [com.google.android.youtube]:
01-22 19:13:54.747 D/libMEOW (16548):   plugin 1: [libMEOW_gift.so]: 0xb400007a2a6c1780
01-22 19:13:54.747 D/OplusFeatureDCBacklight( 1748): notifySfRepaintEverything begin mCurrentDCMode:0brightness=1020threshold=260
01-22 19:13:54.748 D/libMEOW (16548): rebuild call chain: 0xb4000079968a6180
01-22 19:13:54.748 D/AudioManagerExtImpl(17538): getStreamVolume packageName=com.snapchat.android, index=6, streamType=3
01-22 19:13:54.749 W/unknown:ViewManagerPropertyUpdater(16919): Could not find generated setter for class com.facebook.react.views.view.ReactViewManager
01-22 19:13:54.750 W/unknown:ViewManagerPropertyUpdater(16919): Could not find generated setter for class com.facebook.react.views.text.ReactVirtualTextViewManager
01-22 19:13:54.750 W/unknown:ViewManagerPropertyUpdater(16919): Could not find generated setter for class com.facebook.react.views.text.ReactVirtualTextShadowNode
01-22 19:13:54.750 W/BroadcastQueue( 1748): Background execution not allowed: receiving Intent { act=android.media.VOLUME_CHANGED_ACTION flg=0x14000010 (has extras) } to com.truecaller/net.pubnative.lite.sdk.receiver.VolumeChangedActionReceiver
01-22 19:13:54.750 W/unknown:ViewManagerPropertyUpdater(16919): Could not find generated setter for class com.facebook.react.views.unimplementedview.ReactUnimplementedViewManager
01-22 19:13:54.751 W/unknown:ViewManagerPropertyUpdater(16919): Could not find generated setter for class com.swmansion.gesturehandler.react.RNGestureHandlerRootViewManager
01-22 19:13:54.751 D/APM_AudioPolicyManager(  961): setVolumeCurveIndex device 00000002, index 6
01-22 19:13:54.752 I/vol.Events( 2225): writeEvent active_stream_changed STREAM_MUSIC
01-22 19:13:54.752 D/AudioManager( 2225): forceVolumeControlStream streamType=3 from com.android.systemui
01-22 19:13:54.752 D/APM::AudioOutputDescriptor(  961): setVolume output 21 for volumeSource 6, volume -23.999998, delay 0 stream=AUDIO_STREAM_MUSIC
01-22 19:13:54.752 W/unknown:ViewManagerPropertyUpdater(16919): Could not find generated setter for class com.swmansion.gesturehandler.react.RNGestureHandlerButtonViewManager
01-22 19:13:54.753 D/AudioFlinger(  961): setStreamVolume() stream 3 value 0.063096 output 21
01-22 19:13:54.753 W/unknown:ViewManagerPropertyUpdater(16919): Could not find generated setter for class com.BV.LinearGradient.LinearGradientManager
01-22 19:13:54.754 D/AudioSystem(  961): +setParameters(): volumeDevice=2;volumeIndex=6;volumeStreamType=3 
01-22 19:13:54.754 D/BufferQueueConsumer(16548): [](id:40a400000038,api:0,p:-1,c:16548) connect: controlledByApp=true
01-22 19:13:54.754 I/PowerHalWrapper( 1748): amsBoostNotify pid:16548,activity:com.google.android.youtube.app.honeycomb.Shell$HomeActivity, package:com.google.android.youtube, mProcessCreatePackcom.wholexale.app.staging 
01-22 19:13:54.754 I/PowerHalWrapper( 1748): state: 0 
01-22 19:13:54.754 D/AudioFlingerExtImpl(  961): AudioFlingerExtImpl oplusSetParameters: keyvalue volumeDevice=2;volumeIndex=6;volumeStreamType=3
01-22 19:13:54.754 I/mtkpower_client( 1748): [Legacy][PowerHal_Wrap_notifyAppState] com.google.android.youtube/com.google.android.youtube.app.honeycomb.Shell$HomeActivity pid=16548 state:0
01-22 19:13:54.754 W/unknown:ViewManagerPropertyUpdater(16919): Could not find generated setter for class com.th3rdwave.safeareacontext.SafeAreaProviderManager
01-22 19:13:54.754 I/game_scn( 1748): collectForegroundAppList packName=com.google.android.youtube, actName=com.google.android.youtube.app.honeycomb.Shell$HomeActivity, pid=16548, uid=10141, state:PAUSED
01-22 19:13:54.754 I/PowerHalWrapper( 1748): amsBoostNotify AMS_BOOST_PROCESS_CREATE_BOOST:true 
01-22 19:13:54.754 D/MediaCodec(16548): [0xb40000796a615000] [c2.mtk.vp9.decoder] connectToSurface: surface 0xb4000079968b3000, mSurface 0xb4000077b98b1000
01-22 19:13:54.755 D/SurfaceUtils(16548): connecting to surface 0xb4000079968b3010, reason connectToSurface
01-22 19:13:54.755 I/MediaCodec(16548): [c2.mtk.vp9.decoder] setting surface generation to 16945200
01-22 19:13:54.755 D/SurfaceUtils(16548): disconnecting from surface 0xb4000079968b3010, reason connectToSurface(reconnect)
01-22 19:13:54.755 D/SurfaceUtils(16548): connecting to surface 0xb4000079968b3010, reason connectToSurface(reconnect)
01-22 19:13:54.755 D/AudioALSAStreamOut(  836): +setParameters(): flag 2, volumeDevice=2;volumeIndex=6;volumeStreamType=3
01-22 19:13:54.755 D/AudioALSAStreamManager(  836): setVolumeIndex() stream= 3, device= 2, index= 6
01-22 19:13:54.755 D/oplus_audio_config(  836): oplus_get_config(),unkonw config
01-22 19:13:54.755 D/oplus_audio_config(  836): oplus_is_config_support(),param null
01-22 19:13:54.755 D/AudioMTKGainController(  836): ChangeVoltage: ActiveOutputStreamNum = 1
01-22 19:13:54.755 D/AudioMTKGainController(  836): setNormalVolume(), mSceneIndex = 0, stream 3, devices 0x2, index 6, mode 0x0, gainDevice 0x2
01-22 19:13:54.755 D/AudioMTKGainController(  836): setSpeakerGain(), gain = 8, spkAnaType = 3
01-22 19:13:54.755 W/unknown:ViewManagerPropertyUpdater(16919): Could not find generated setter for class com.th3rdwave.safeareacontext.SafeAreaViewManager
01-22 19:13:54.756 W/unknown:ViewManagerPropertyUpdater(16919): Could not find generated setter for class com.th3rdwave.safeareacontext.SafeAreaViewShadowNode
01-22 19:13:54.756 D/Codec2-OutputBufferQueue(16548): remote graphic buffer migration 28/28
01-22 19:13:54.756 D/Codec2Client(16548): setOutputSurface -- generation=16945200 consumer usage=0x900
01-22 19:13:54.757 W/unknown:ViewManagerPropertyUpdater(16919): Could not find generated setter for class com.swmansion.rnscreens.ScreenContainerViewManager
01-22 19:13:54.757 D/APM_AudioPolicyManager(  961): setVolumeCurveIndex device 00000002, index 6
01-22 19:13:54.758 V/DeepThinker( 5470): BroadcastReceiverWrapper: onReceive, start dispatch android.media.VOLUME_CHANGED_ACTION
01-22 19:13:54.758 W/unknown:ViewManagerPropertyUpdater(16919): Could not find generated setter for class com.swmansion.rnscreens.ScreenViewManager
01-22 19:13:54.759 D/Layer   (  966): reparent to null sequence=24441, seq[57], name=Surface(name=Task=11632)/@0xd1ef628 - animation-leash of app_transition#24441
01-22 19:13:54.759 D/OplusFeatureDCBacklight( 1748): notifySfRepaintEverything begin mCurrentDCMode:0brightness=1020threshold=260
01-22 19:13:54.759 D/Layer   (  966): reparent to null sequence=24440, seq[57], name=Surface(name=Task=11652)/@0x276ba9e - animation-leash of app_transition#24440
01-22 19:13:54.760 W/unknown:ViewManagerPropertyUpdater(16919): Could not find generated setter for class com.swmansion.rnscreens.ScreenStackViewManager
01-22 19:13:54.760 D/OplusLayer(  966): ~Layer() sequence=24441, name=Surface(name=Task=11632)/@0xd1ef628 - animation-leash of app_transition#24441
01-22 19:13:54.760 D/AudioServiceExtImpl( 1748): ringVolumeDefault :0
01-22 19:13:54.760 D/OplusLayer(  966): ~Layer() sequence=24440, name=Surface(name=Task=11652)/@0x276ba9e - animation-leash of app_transition#24440
01-22 19:13:54.760 D/AudioServiceExtImpl( 1748): oplusGetParameters() keyValuePairs:OPLUS_AUDIO_GET_ADJUSTVOLUME_FORBID, uid: 1000
01-22 19:13:54.761 W/unknown:ViewManagerPropertyUpdater(16919): Could not find generated setter for class com.swmansion.rnscreens.ScreenStackHeaderConfigViewManager
01-22 19:13:54.762 W/unknown:ViewManagerPropertyUpdater(16919): Could not find generated setter for class com.swmansion.rnscreens.ScreenStackHeaderSubviewManager
01-22 19:13:54.762 W/BroadcastQueue( 1748): Background execution not allowed: receiving Intent { act=android.media.VOLUME_CHANGED_ACTION flg=0x14000010 (has extras) } to com.truecaller/net.pubnative.lite.sdk.receiver.VolumeChangedActionReceiver
01-22 19:13:54.763 D/APM_AudioPolicyManager(  961): setVolumeCurveIndex device 00000002, index 6
01-22 19:13:54.764 D/APM_AudioPolicyManager(  961): setVolumeCurveIndex device 00000002, index 6
01-22 19:13:54.765 I/mtkpower@impl(  859): [setMode] type:6, enabled:0
01-22 19:13:54.765 E/mtkpower@impl(  859): [setMode] unknown type
01-22 19:13:54.766 D/OplusUIFirst_FB( 1748): com.google.android.youtube moveToBack 16548
01-22 19:13:54.767 D/OplusThermalStats( 1748): onReceive: act = android.media.VOLUME_CHANGED_ACTION
01-22 19:13:54.767 D/OplusThermalStats( 1748): onReceive: act = android.media.VOLUME_CHANGED_ACTION
01-22 19:13:54.767 D/OplusThermalStats( 1748): onReceive: act = android.media.VOLUME_CHANGED_ACTION
01-22 19:13:54.767 D/OplusThermalStats( 1748): onReceive: act = android.media.VOLUME_CHANGED_ACTION
01-22 19:13:54.767 I/vol.Events( 2225): writeEvent level_changed STREAM_MUSIC 6
01-22 19:13:54.768 I/vol.Events( 2225): writeEvent key STREAM_MUSIC 6
01-22 19:13:54.768 D/AudioManagerExtImpl(17538): getStreamVolume packageName=com.snapchat.android, index=6, streamType=3
01-22 19:13:54.770 D/PowerManagerService( 1748): userActivityNoUpdateLocked: groupId=0, eventTime=85633270, event=0, flags=0x0, uid=10105
01-22 19:13:54.770 W/unknown:ViewManagerPropertyUpdater(16919): Could not find generated setter for class com.swmansion.rnscreens.SearchBarManager
01-22 19:13:54.771 D/BtGatt.ScanManager( 3256): uid 10128 isForeground true scanMode 1
01-22 19:13:54.771 I/OplusCustomScanStrategy( 3256): msg.what = 6
01-22 19:13:54.771 W/unknown:ViewManagerPropertyUpdater(16919): Could not find generated setter for class com.horcrux.svg.RenderableViewManager$DefsViewManager
01-22 19:13:54.773 I/SurfaceFlinger(  966): [SF client] NEW(0xb40000701df7edc0) for (2225:com.android.systemui)
01-22 19:13:54.775 W/unknown:ViewManagerPropertyUpdater(16919): Could not find generated setter for class com.horcrux.svg.VirtualViewManager$RenderableShadowNode
01-22 19:13:54.776 D/OplusFeatureDCBacklight( 1748): notifySfRepaintEverything begin mCurrentDCMode:0brightness=1020threshold=260
01-22 19:13:54.776 W/unknown:ViewManagerPropertyUpdater(16919): Could not find generated setter for class com.horcrux.svg.RenderableViewManager$MarkerManager
01-22 19:13:54.777 D/AudioManagerExtImpl( 1748): getStreamVolume normal, volume index=6
01-22 19:13:54.777 D/WindowManager( 2225): Add to mViews: DecorView@550215e[VolumeDialogImplEx],pkg= null
01-22 19:13:54.779 W/unknown:ViewManagerPropertyUpdater(16919): Could not find generated setter for class com.horcrux.svg.RenderableViewManager$ForeignObjectManager
01-22 19:13:54.781 D/PowerManagerService( 1748): userActivityNoUpdateLocked: groupId=0, eventTime=85633281, event=0, flags=0x0, uid=10105
01-22 19:13:54.782 W/unknown:ViewManagerPropertyUpdater(16919): Could not find generated setter for class com.horcrux.svg.RenderableViewManager$EllipseViewManager
01-22 19:13:54.784 W/unknown:ViewManagerPropertyUpdater(16919): Could not find generated setter for class com.horcrux.svg.RenderableViewManager$LineViewManager
01-22 19:13:54.785 D/AudioManagerExtImpl(17538): getStreamVolume packageName=com.snapchat.android, index=6, streamType=3
01-22 19:13:54.785 I/WindowManager( 1748): addWindow: New client android.os.BinderProxy@684e7d1 : window=Window{814e537 u0 VolumeDialogImplEx}
01-22 19:13:54.787 W/unknown:ViewManagerPropertyUpdater(16919): Could not find generated setter for class com.horcrux.svg.RenderableViewManager$LinearGradientManager
01-22 19:13:54.788 D/ViewRootImplExtImpl( 2225): onDisplayChanged -1 for VRI android.view.ViewRootImpl@15b5614
01-22 19:13:54.788 D/CoreBackPreview( 1748): Window{814e537 u0 VolumeDialogImplEx}: Setting back callback OnBackInvokedCallbackInfo{mCallback=android.window.IOnBackInvokedCallback$Stub$Proxy@1f99bc2, mPriority=0}
01-22 19:13:54.789 D/C2BqBuffer(  846): local generation change 16945200 , bqId: 71073118814264 migrated buffers # 4
01-22 19:13:54.789 D/InputEventReceiver( 2225): Input log is disabled
01-22 19:13:54.789 D/Codec2Client(16548): Surface configure completed
01-22 19:13:54.789 D/MediaCodec(16548): [0xb40000796a615000] [c2.mtk.vp9.decoder] disconnectFromSurface: mSurface 0xb4000077b98b1000
01-22 19:13:54.790 D/SurfaceUtils(16548): disconnecting from surface 0xb4000077b98b1010, reason disconnectFromSurface
01-22 19:13:54.790 W/unknown:ViewManagerPropertyUpdater(16919): Could not find generated setter for class com.horcrux.svg.RenderableViewManager$GroupViewManager
01-22 19:13:54.790 I/vol.Events( 2225): writeEvent show_dialog volume_changed keyguard=false
01-22 19:13:54.791 D/OplusFeatureDCBacklight( 1748): notifySfRepaintEverything begin mCurrentDCMode:0brightness=1020threshold=260
01-22 19:13:54.792 V/WindowManager( 1748): Relayout Window{814e537 u0 VolumeDialogImplEx}: viewVisibility=0, oldvis=0, req=546x1331
01-22 19:13:54.792 W/unknown:ViewManagerPropertyUpdater(16919): Could not find generated setter for class com.horcrux.svg.RenderableViewManager$TextViewManager
01-22 19:13:54.794 I/BufferQueueDebug(  966): [VolumeDialogImplEx#24454](this:0xb400007020dfe9e8,id:-1,api:0,p:-1,c:-1) BufferQueue core=(966:/system/bin/surfaceflinger)
01-22 19:13:54.794 W/unknown:ViewManagerPropertyUpdater(16919): Could not find generated setter for class com.horcrux.svg.RenderableViewManager$ImageViewManager
01-22 19:13:54.799 D/PipelineWatcher(16548): onInputBufferReleased: frameIndex not found (100); ignored
01-22 19:13:54.800 D/[OSIE]  (  966): scltmLayer_name VRI[VolumeDialogImplEx][VolumeDialogImplEx]
01-22 19:13:54.801 D/[OSIE]  (  966): IsSCLTMLayer=0 
01-22 19:13:54.801 W/unknown:ViewManagerPropertyUpdater(16919): Could not find generated setter for class com.horcrux.svg.RenderableViewManager$ClipPathViewManager
01-22 19:13:54.801 D/BufferQueueConsumer( 2225): [](id:8b100000755,api:0,p:-1,c:2225) connect: controlledByApp=false
01-22 19:13:54.802 V/ZoomWindowDecorView( 2225): setLastReportedMergedConfiguration mZoomDisplayHeight: 2400 getDecorView.89137502
01-22 19:13:54.802 W/unknown:ViewManagerPropertyUpdater(16919): Could not find generated setter for class com.horcrux.svg.RenderableViewManager$RadialGradientManager
