02-03 20:38:57.087 D/PhoneInterfaceManager( 2506): [PhoneIntfMgr] QueryTelephonyChecker-getDataNetworkTypeForSubscriber: packageName = com.android.phone, isGrant = true
02-03 20:38:57.088 D/OplusSplitScreenManagerService( 1741): com.android.settings unSupportsSplitScreen by blockList or ForbidActivityList
02-03 20:38:57.088 D/OplusSplitScreenManagerService( 1741): com.android.settings unSupportsSplitScreen by blockList or ForbidActivityList
02-03 20:38:57.090 W/Battery ( 6226): ThermalControllHandler: MSG_THERMAL_CONTROL_CATEGORY_CHANGED
02-03 20:38:57.094 W/libc    (10025): Access denied finding property "vendor.gsm.serial"
02-03 20:38:57.100 D/OplusFullScreenDisplayManager( 1741): adjustWindowParamsLw com.wholexale.app.staging, no change cutoutMode: 0
02-03 20:38:57.100 V/WindowManager( 1741): Relayout Window{cbb9138 u0 com.wholexale.app.staging/com.wholexale.app.MainActivity}: viewVisibility=0, oldvis=8, req=1080x2400
02-03 20:38:57.101 I/BufferQueueDebug(  962): [com.wholexale.app.staging/com.wholexale.app.MainActivity#37227](this:0xb400007963bd59e8,id:-1,api:0,p:-1,c:-1) BufferQueue core=(962:/system/bin/surfaceflinger)
02-03 20:38:57.112 V/WindowManager( 1741): Changing focus from null to Window{cbb9138 u0 com.wholexale.app.staging/com.wholexale.app.MainActivity},diplayid=0
02-03 20:38:57.120 D/Theia.NoFocusWindow( 1741): FocusWindowErrorScene cancelCheckFreezeScreen
02-03 20:38:57.121 V/OplusZoomWindowManagerService( 1741): onAnimationFinished:  r = ActivityRecord{994db0a u0 com.android.systemui/.usb.UsbDebuggingActivity} t1556 f} isExiting}
02-03 20:38:57.122 D/[OSIE]  (  962): scltmLayer_name VRI[MainActivity][com.wholexale.app.staging/com.wholexale.app.MainActivity]
02-03 20:38:57.122 D/[OSIE]  (  962): IsSCLTMLayer=0 
02-03 20:38:57.122 D/BufferQueueConsumer(17272): [](id:437800000003,api:0,p:-1,c:17272) connect: controlledByApp=false
02-03 20:38:57.122 E/IPCThreadState(17272): attemptIncStrongHandle(54): Not supported
02-03 20:38:57.123 D/VRI[MainActivity](17272): registerCallbacksForSync syncBuffer=false
02-03 20:38:57.124 D/OplusAtlasService( 3289): getAttributeByAppName module:oplus-getStreamMaxVolume packageName:com.cricbuzz.android
02-03 20:38:57.126 D/AudioManagerExtImpl(31255): getStreamVolume packageName=com.cricbuzz.android, index=8, streamType=3
02-03 20:38:57.133 D/BLASTBufferQueue(17272): [VRI[MainActivity][com.wholexale.app.staging/com.wholexale.app.MainActivity]#3](f:0,a:1) acquireNextBufferLocked size=1080x2400 mFrameNumber=1 applyTransaction=true mTimestamp=100294461731515(auto) mPendingTransactions.size=0 graphicBufferId=74182675136532 transform=0
02-03 20:38:57.133 D/VRI[MainActivity](17272): Received frameCommittedCallback lastAttemptedDrawFrameNum=1 didProduceBuffer=true syncBuffer=false
02-03 20:38:57.134 D/VRI[MainActivity](17272): draw finished.
02-03 20:38:57.135 I/Quality (17272): Skipped: true 1 cost 21.52723 refreshRate 16551282 bit true processName com.wholexale.app.staging
02-03 20:38:57.135 D/WindowManager( 1741): finishDrawingWindow: Window{cbb9138 u0 com.wholexale.app.staging/com.wholexale.app.MainActivity} mDrawState=DRAW_PENDING
02-03 20:38:57.140 I/mtkpower_client( 1741): perf_lock_rel, hdl:94807, tid:2265
02-03 20:38:57.140 I/mtkpower_client( 1741): perf_lock_acq, hdl:94807, dur:0, num:10, tid:2265
02-03 20:38:57.140 I/libPowerHal(  863): [perfLockRel] hdl:94807, idx:0
02-03 20:38:57.141 I/libPowerHal(  863): [PD] system_server update cmd:1c3c000 param:1
02-03 20:38:57.141 I/libPowerHal(  863): [PD] (more) /proc/mcdi/state set +prefix:enable 1;
02-03 20:38:57.141 I/libPowerHal(  863): [PD] system_server update cmd:2004100 param:2
02-03 20:38:57.142 I/mtkpower_client( 1741): ret_hdl:94809
02-03 20:38:57.150 D/BufferStateLayer(  962): com.wholexale.app.staging/com.wholexale.app.MainActivity#37227 setBuffer frameId=1, bufferId=74182675136532 fenceId=562, w= 1080, h=2400
02-03 20:38:57.150 D/OplusLayer(  962): (37227,com.wholexale.app.staging/com.wholexale.app.MainActivity#37227,com.wholexale.app.staging) setBuffer
02-03 20:38:57.150 D/Layer   (  962): reparent to null sequence=37221, seq[1], name=Surface(name=9a49e9b StatusBar)/@0x32ac83a - animation-leash of insets_animation#37221
02-03 20:38:57.150 D/Layer   (  962): reparent to null sequence=37222, seq[2], name=Surface(name=f376551 NavigationBar0)/@0x9151ceb - animation-leash of insets_animation#37222
02-03 20:38:57.151 D/Layer   (  962): reparent to null sequence=37223, seq[47], name=Surface(name=Task=1556)/@0x3201096 - animation-leash of app_transition#37223
02-03 20:38:57.151 D/OplusLayer(  962): ~Layer() sequence=37223, name=Surface(name=Task=1556)/@0x3201096 - animation-leash of app_transition#37223
02-03 20:38:57.151 D/OplusLayer(  962): ~Layer() sequence=37221, name=Surface(name=9a49e9b StatusBar)/@0x32ac83a - animation-leash of insets_animation#37221
02-03 20:38:57.151 D/OplusLayer(  962): ~Layer() sequence=37222, name=Surface(name=f376551 NavigationBar0)/@0x9151ceb - animation-leash of insets_animation#37222
02-03 20:38:57.153 I/TRuntime.CctTransportBackend(31255): Making request to: https://firebaselogging-pa.googleapis.com/v1/firelog/legacy/batchlog
02-03 20:38:57.159 D/OplusLayer(  962): ~Layer() sequence=37232, name=Screenshot Parent#37232
02-03 20:38:57.166 D/OplusSplitScreenManagerService( 1741): com.android.settings unSupportsSplitScreen by blockList or ForbidActivityList
02-03 20:38:57.167 D/OplusSplitScreenManagerService( 1741): com.android.settings unSupportsSplitScreen by blockList or ForbidActivityList
02-03 20:38:57.169 I/FocusResolver( 1741): updateFocusedWindow, cbb9138 com.wholexale.app.staging/com.wholexale.app.MainActivity on display 0, reason: Window became focusable. Previous reason: NOT_VISIBLE, result:   FocusedWindows:
02-03 20:38:57.169 I/FocusResolver( 1741):     displayId=0, name='cbb9138 com.wholexale.app.staging/com.wholexale.app.MainActivity'
02-03 20:38:57.170 D/VRI[MainActivity](17272): onFocusEvent true
02-03 20:38:57.170 I/mtkpower@impl(  863): [setMode] type:5, enabled:0
02-03 20:38:57.170 I/libPowerHal(  863): [perfLockRel] hdl:94805, idx:1
02-03 20:38:57.171 I/PowerHalWrapper( 1741): amsBoostStop AMS_BOOST_PACK_SWITCH:true, AMS_BOOST_ACT_SWITCH:false, AMS_BOOST_PROCESS_CREATE:false 
02-03 20:38:57.171 I/libPowerHal(  863): [perfLockRel] hdl:94808, idx:2
02-03 20:38:57.172 I/libPowerHal(  863): [PD] MTKPOWER_HINT_PACK_SWITCH update cmd:1000000, param:-1
02-03 20:38:57.172 D/InputMethodManagerService( 1741): isSecurity: attribute.packageName=com.wholexale.app.staging mCurMethodId=com.google.android.inputmethod.latin/com.android.inputmethod.latin.LatinIME
02-03 20:38:57.172 D/InputMethodManagerService( 1741): isSecurity= false (  enable=false needShow=false inBlackList=false isExist=true )
02-03 20:38:57.172 D/TaskChangeNotificationControllerExtImpl( 1741): Skip pass Snapshot to listener:android.app.ITaskStackListener$Stub$Proxy@9e2d06d
02-03 20:38:57.172 I/libPowerHal(  863): [PD] MTKPOWER_HINT_PACK_SWITCH update cmd:1408300 param:0
02-03 20:38:57.172 I/libPowerHal(  863): [PD] MTKPOWER_HINT_PACK_SWITCH update cmd:1000000 param:-1
02-03 20:38:57.190 D/NetworkEvent( 2547): OplusNetworkEventCbProxy invoke.....onDnsEvent argslen:8
02-03 20:38:57.204 D/OplusMirageWindowManagerService( 1741): onTaskRemoved displayid:0 taskId:1556 callers:com.android.server.wm.MirageWindowManagerExtImpl.onTaskRemoved:47 com.android.server.wm.TaskDisplayArea.removeChildTask:398 com.android.server.wm.TaskDisplayArea.removeChild:387 com.android.server.wm.WindowContainer.removeImmediately:891 com.android.server.wm.TaskFragment.removeImmediately:2904 
02-03 20:38:57.204 I/OplusScreenSecurityMask( 1741): onStackRemoved task = Task{e01f198 #1556 type=standard A=10105:com.android.systemui U=0 visible=false visibleRequested=false mode=fullscreen translucent=true sz=0} record = null displayId = 0
02-03 20:38:57.204 D/OplusAlwaysAliveManager( 1741): removing: 1556, ComponentInfo{com.android.systemui/com.android.systemui.usb.UsbDebuggingActivity}
02-03 20:38:57.204 D/TaskFragmentExtImpl( 1741): remove ActivityRecord{994db0a u0 com.android.systemui/.usb.UsbDebuggingActivity} t-1 f}} to mActivityRecordSum = Counter{ }
02-03 20:38:57.207 V/ShellTaskOrganizer( 2210): Task vanished taskId=1556
02-03 20:38:57.216 D/Layer   (  962): reparent to null sequence=37213, seq[2], name=ActivityRecord{994db0a u0 com.android.systemui/.usb.UsbDebuggingActivity}#37213
02-03 20:38:57.216 D/Layer   (  962): reparent to null sequence=37212, seq[6], name=Task=1556#37212
02-03 20:38:57.216 D/Layer   (  962): reparent to null sequence=37233, seq[2], name=Task=1556#37233
02-03 20:38:57.216 D/OplusLayer(  962): ~Layer() sequence=37213, name=ActivityRecord{994db0a u0 com.android.systemui/.usb.UsbDebuggingActivity}#37213
02-03 20:38:57.216 D/OplusLayer(  962): ~Layer() sequence=37218, name=2da7f7b ActivityRecordInputSink com.android.systemui/.usb.UsbDebuggingActivity#37218
02-03 20:38:57.217 D/OplusLayer(  962): ~Layer() sequence=37233, name=Task=1556#37233
02-03 20:38:57.217 I/Quality (17272): Skipped: true 2 cost 37.745815 refreshRate 16550106 bit true processName com.wholexale.app.staging
02-03 20:38:57.225 I/GoogleInputMethodService( 5757): GoogleInputMethodService.onFinishInput():2099 
02-03 20:38:57.226 I/Module  ( 5757): DeviceLockedStatusModuleProvider$Module.updateDeviceLockedStatus():103 repeatCheckTimes = 0, locked = false
02-03 20:38:57.227 I/GoogleInputMethodService( 5757): GoogleInputMethodService.onStartInput():1371 onStartInput(EditorInfo{EditorInfo{packageName=com.wholexale.app.staging, inputType=0, inputTypeString=NULL, enableLearning=false, autoCorrection=false, autoComplete=false, imeOptions=0, privateImeOptions=null, actionName=UNSPECIFIED, actionLabel=null, initialSelStart=-1, initialSelEnd=-1, initialCapsMode=0, label=null, fieldId=-1, fieldName=null, extras=Bundle[{com.oplus.im.SCENES=0}], hintText=null, hintLocales=[]}}, false)
02-03 20:38:57.229 D/InputMethodManagerService( 1741): onHandleImeWindowVisibleStatus: vis = 0, needsToShowImeSwitcher = false
02-03 20:38:57.233 D/Layer   (  962): reparent to null sequence=37189, seq[3], name=Surface(name=96ba97a InputMethod)/@0x94551ff - animation-leash of insets_animation#37189
02-03 20:38:57.233 D/OplusLayer(  962): ~Layer() sequence=37189, name=Surface(name=96ba97a InputMethod)/@0x94551ff - animation-leash of insets_animation#37189
02-03 20:38:57.234 I/Module  ( 5757): DeviceLockedStatusModuleProvider$Module.updateDeviceLockedStatus():103 repeatCheckTimes = 1, locked = false
02-03 20:38:57.235 I/DispPerfService(  962): updateLayerMask 0
02-03 20:38:57.236 D/OplusAppListInterceptManager( 1741): shouldFilterTask
02-03 20:38:57.236 D/OplusAppListInterceptManager( 1741): shouldFilterTask::packageName = com.wholexale.app.staging
02-03 20:38:57.236 D/OplusAppListInterceptManager( 1741): shouldFilterTask
02-03 20:38:57.236 D/OplusAppListInterceptManager( 1741): shouldFilterTask::packageName = com.android.settings
02-03 20:38:57.236 D/OplusSplitScreenManagerService( 1741): com.android.settings unSupportsSplitScreen by blockList or ForbidActivityList
02-03 20:38:57.236 D/OplusSplitScreenManagerService( 1741): com.android.settings unSupportsSplitScreen by blockList or ForbidActivityList
02-03 20:38:57.237 D/OplusAppListInterceptManager( 1741): shouldFilterTask
02-03 20:38:57.237 D/OplusAppListInterceptManager( 1741): shouldFilterTask::packageName = com.cricbuzz.android
02-03 20:38:57.237 D/OplusAppListInterceptManager( 1741): shouldFilterTask
02-03 20:38:57.237 D/OplusAppListInterceptManager( 1741): shouldFilterTask::packageName = com.twitter.android
02-03 20:38:57.242 D/OplusAppListInterceptManager( 1741): shouldFilterTask
02-03 20:38:57.242 D/OplusAppListInterceptManager( 1741): shouldFilterTask::packageName = com.wholexale.app.staging
02-03 20:38:57.242 D/OplusAppListInterceptManager( 1741): shouldFilterTask
02-03 20:38:57.242 D/OplusAppListInterceptManager( 1741): shouldFilterTask::packageName = com.android.settings
02-03 20:38:57.243 D/OplusSplitScreenManagerService( 1741): com.android.settings unSupportsSplitScreen by blockList or ForbidActivityList
02-03 20:38:57.243 D/OplusSplitScreenManagerService( 1741): com.android.settings unSupportsSplitScreen by blockList or ForbidActivityList
02-03 20:38:57.243 D/OplusAppListInterceptManager( 1741): shouldFilterTask
02-03 20:38:57.243 D/OplusAppListInterceptManager( 1741): shouldFilterTask::packageName = com.cricbuzz.android
02-03 20:38:57.243 D/OplusAppListInterceptManager( 1741): shouldFilterTask
02-03 20:38:57.243 D/OplusAppListInterceptManager( 1741): shouldFilterTask::packageName = com.twitter.android
02-03 20:38:57.328 I/Athena  ( 2533): CommonAction: 21,1839,117,0,0,0,472,0,3261,1825,478,1355
02-03 20:38:57.396 D/BoundBrokerSvc(13939): onUnbind: Intent { act=com.google.android.mobstore.service.START pkg=com.google.android.gms }
02-03 20:38:57.500 I/DispPerfService(  962): updateLayerMask 0
02-03 20:38:57.566 D/CameraDelegate( 1741): handleMessage:200
02-03 20:38:57.643 I/mtkpower_client( 1741): perf_lock_rel, hdl:94809, tid:2265
02-03 20:38:57.644 I/mtkpower_client( 1741): perf_lock_acq, hdl:94809, dur:0, num:4, tid:2265
02-03 20:38:57.644 I/libPowerHal(  863): [perfLockRel] hdl:94809, idx:0
02-03 20:38:57.644 I/libPowerHal(  863): system_server: cpu_ctrl set cpu freq: -1 -1 -1 -1
02-03 20:38:57.644 I/libPowerHal(  863): [PD] system_server update cmd:1c3c000 param:1
02-03 20:38:57.645 I/libPowerHal(  863): [PD] (more) /proc/mcdi/state set +prefix:enable 1;
02-03 20:38:57.645 I/libPowerHal(  863): [PD] system_server update cmd:2004100 param:2
02-03 20:38:57.646 I/mtkpower_client( 1741): ret_hdl:94810
02-03 20:38:57.747 V/OplusZoomWindowManagerService( 1741): onAnimationFinished:  r = ActivityRecord{2a874c u0 com.android.settings/.SubSettings} t1555}
02-03 20:38:57.747 D/VRI[SubSettings](17706): dispatchAppVisibility visible:false
02-03 20:38:57.749 I/PowerHalWrapper( 1741): amsBoostNotify pid:17706,activity:com.android.settings.SubSettings, package:com.android.settings, mProcessCreatePackcom.android.settings 
02-03 20:38:57.749 I/PowerHalWrapper( 1741): state: 0 
02-03 20:38:57.749 I/mtkpower_client( 1741): [Legacy][PowerHal_Wrap_notifyAppState] com.android.settings/com.android.settings.SubSettings pid=17706 state:0
02-03 20:38:57.749 I/game_scn( 1741): collectForegroundAppList packName=com.android.settings, actName=com.android.settings.SubSettings, pid=17706, uid=1000, state:PAUSED
02-03 20:38:57.749 I/PowerHalWrapper( 1741): amsBoostNotify AMS_BOOST_PROCESS_CREATE_BOOST:false 
02-03 20:38:57.750 V/OplusZoomWindowManagerService( 1741): onAnimationFinished:  r = ActivityRecord{6592583 u0 com.wholexale.app.staging/com.wholexale.app.MainActivity} t1553}
02-03 20:38:57.750 I/OplusAppSwitchManagerService( 1741):  handleAppVisible , r = ActivityRecord{6592583 u0 com.wholexale.app.staging/com.wholexale.app.MainActivity} t1553}
02-03 20:38:57.753 D/OplusUIFirst_FB( 1741): com.android.settings moveToBack 17706
02-03 20:38:57.762 D/Layer   (  962): reparent to null sequence=37231, seq[66], name=Surface(name=Task=1555)/@0xc18613e - animation-leash of app_transition#37231
02-03 20:38:57.762 D/Layer   (  962): reparent to null sequence=37230, seq[77], name=Surface(name=Task=1553)/@0x4c8ac78 - animation-leash of app_transition#37230
02-03 20:38:57.763 D/OplusLayer(  962): ~Layer() sequence=37231, name=Surface(name=Task=1555)/@0xc18613e - animation-leash of app_transition#37231
02-03 20:38:57.763 D/OplusLayer(  962): ~Layer() sequence=37230, name=Surface(name=Task=1553)/@0x4c8ac78 - animation-leash of app_transition#37230
02-03 20:38:57.773 D/BtGatt.ScanManager( 3260): uid 10128 isForeground true scanMode 1
02-03 20:38:57.774 I/OplusCustomScanStrategy( 3260): msg.what = 6
02-03 20:38:57.787 V/WindowManager( 1741): Relayout Window{1c33f91 u0 com.android.settings/com.android.settings.SubSettings}: viewVisibility=8, oldvis=0, req=1080x2400
02-03 20:38:57.796 D/BLASTBufferQueue(17706): [VRI[SubSettings][com.android.settings/com.android.settings.SubSettings]#1](f:0,a:1) destructor()
02-03 20:38:57.796 D/BufferQueueConsumer(17706): [VRI[SubSettings][com.android.settings/com.android.settings.SubSettings]#1(BLAST Consumer)1](id:452a00000001,api:0,p:-1,c:17706) disconnect
02-03 20:38:57.803 D/VRI[SubSettings](17706): setWindowStopped stopped:true
02-03 20:38:57.806 D/DashboardFragment(17706): unregister observer: @21f2786, uri: content://com.android.simsettings.demands.Vonr2_SwitchProvider/getDynamicSummary/vonr_debug_key2
02-03 20:38:57.808 D/DashboardFragment(17706): unregister observer: @cf2d847, uri: content://com.android.simsettings.demands.Vonr2_SwitchProvider/isChecked/vonr_debug_key2
02-03 20:38:57.810 D/DashboardFragment(17706): unregister observer: @f35e874, uri: content://com.android.simsettings.demands.Vonr2_SwitchProvider/getVisibilityAttr/vonr_debug_key2
02-03 20:38:57.813 D/DashboardFragment(17706): unregister observer: @20317e0, uri: content://com.android.simsettings.demands.Vonr1_SwitchProvider/getDynamicSummary/vonr_debug_key1
02-03 20:38:57.815 D/DashboardFragment(17706): unregister observer: @3d79a99, uri: content://com.android.simsettings.demands.Vonr1_SwitchProvider/isChecked/vonr_debug_key1
02-03 20:38:57.816 D/DashboardFragment(17706): unregister observer: @f3da15e, uri: content://com.android.simsettings.demands.Vonr1_SwitchProvider/getVisibilityAttr/vonr_debug_key1
02-03 20:38:57.817 D/DashboardFragment(17706): unregister observer: @afe4755, uri: content://com.android.simsettings.nrmode_visibility_attr_provider/getVisibilityAttr
02-03 20:38:57.819 D/DashboardFragment(17706): unregister observer: @db002f8, uri: content://com.android.simsettings.demands.FiveG2_SwitchProvider/getDynamicSummary/5g_debug_key2
02-03 20:38:57.821 D/DashboardFragment(17706): unregister observer: @8a903d1, uri: content://com.android.simsettings.demands.FiveG2_SwitchProvider/isChecked/5g_debug_key2
02-03 20:38:57.822 D/DashboardFragment(17706): unregister observer: @3c67e36, uri: content://com.android.simsettings.demands.FiveG2_SwitchProvider/getVisibilityAttr/5g_debug_key2
02-03 20:38:57.823 D/DashboardFragment(17706): unregister observer: @25e56a4, uri: content://com.android.simsettings.demands.FiveG1_SwitchProvider/getDynamicSummary/5g_debug_key1
02-03 20:38:57.826 D/DashboardFragment(17706): unregister observer: @7690c0d, uri: content://com.android.simsettings.demands.FiveG1_SwitchProvider/isChecked/5g_debug_key1
02-03 20:38:57.827 D/DashboardFragment(17706): unregister observer: @87447c2, uri: content://com.android.simsettings.demands.FiveG1_SwitchProvider/getVisibilityAttr/5g_debug_key1
02-03 20:38:57.832 V/ListServiceUtils( 1741): checkInListByUid start module:custom-icc uid:1000  time 100295161125us
02-03 20:38:57.832 V/ListServiceUtils( 1741): checkInListByUid end module:custom-icc uid:1000  time 100295161401us
02-03 20:38:57.832 D/ListServiceUtils( 1741): checkInListByUid module:custom-icc uid:1000 cost 275us return 0
02-03 20:38:57.832 D/MMListService( 1175): getListValueByUid module:image-processing, uid:1000
02-03 20:38:57.832 V/ListServiceUtils( 1741): checkInListByUid module:image-processing uid:1000 cost 141us return (null)
02-03 20:38:57.832 V/JpegEncoderExtImpl( 1741): Resolution: 1080 x 2400,support: 0;
02-03 20:38:57.837 D/OplusFullScreenDisplayManager( 1741): adjustWindowParamsLw: com.android.settings, change system app cutoutMode: oplus always
02-03 20:38:57.837 V/WindowManager( 1741): Relayout Window{1c33f91 u0 com.android.settings/com.android.settings.SubSettings}: viewVisibility=8, oldvis=8, req=1080x2400
02-03 20:38:57.850 V/DeepThinker( 7781): ProcessManager: onForegroundActivitiesChanged pid:17706, uid:1000, foregroundActivities:false
02-03 20:38:57.851 I/hwcomposer(  843): [HWC] (0)fire a callback of refresh to SF[4]  
02-03 20:38:57.862 D/Layer   (  962): reparent to null sequence=37181, seq[7], name=com.android.settings/com.android.settings.SubSettings#37181
02-03 20:38:57.862 I/BufferQueueDebug(  962): [com.android.settings/com.android.settings.SubSettings#37181](this:0xb400007963f959e8,id:-1,api:0,p:-1,c:962) onDestructor()
02-03 20:38:57.862 D/OplusLayer(  962): ~Layer() sequence=37181, name=com.android.settings/com.android.settings.SubSettings#37181
02-03 20:38:57.871 W/Bitmap  ( 1741): Called getWidth() on a recycle()'d bitmap! This is undefined behavior!
02-03 20:38:57.871 W/Bitmap  ( 1741): Called getHeight() on a recycle()'d bitmap! This is undefined behavior!
02-03 20:38:57.881 V/ListServiceUtils( 1741): checkInListByUid start module:custom-icc uid:1000  time 100295209892us
02-03 20:38:57.881 V/ListServiceUtils( 1741): checkInListByUid end module:custom-icc uid:1000  time 100295210113us
02-03 20:38:57.881 D/ListServiceUtils( 1741): checkInListByUid module:custom-icc uid:1000 cost 220us return 0
02-03 20:38:57.881 D/MMListService( 1175): getListValueByUid module:image-processing, uid:1000
02-03 20:38:57.881 V/ListServiceUtils( 1741): checkInListByUid module:image-processing uid:1000 cost 94us return (null)
02-03 20:38:57.881 V/JpegEncoderExtImpl( 1741): Resolution: 540 x 1200,support: 0;
02-03 20:38:57.979 D/AppStateRecord( 1741): handleMessage: EVENT_FOREGROUND_APP_CHANGE
02-03 20:38:57.979 D/AppStateRecord( 1741): isFgAppInStuckList
02-03 20:38:57.979 D/AppStateRecord( 1741): getFgAppInStuckList: fgApp com.wholexale.app.staging
02-03 20:38:57.979 D/AppStateRecord( 1741): handleMessage: not fg stuck app, updateQoeEvent false
02-03 20:38:58.040 W/JavaBinder(17994): BinderProxy is being destroyed but the application did not call unlinkToDeath to unlink all of its death recipients beforehand.  Releasing leaked death recipient: com.heytap.msp.ipc.client.BinderManager$2$1
02-03 20:38:58.041 I/BpBinder(17994): onLastStrongRef automatically unlinking death recipients: <uncached descriptor>
02-03 20:38:58.085 I/OplusHansManager ( 1741): uid=10742, pkg=com.microsoft.bing can transition from M to F
02-03 20:38:58.085 I/OplusHansManager ( 1741): uid=10742, pkg=com.microsoft.bing F enter(), M stay=10
02-03 20:38:58.088 I/OplusHansManager ( 1741): freeze uid: 10742 com.microsoft.bing pids: [30705] scene: LcdOn
02-03 20:38:58.089 D/IHansComunication( 4602): HansComunication::addUid-- 10742, persistent--0
02-03 20:38:58.089 D/IHansComunication( 4602): HANS sendMessageToKernel: threadId = 501361515696, netLinkSetup = 1, type = PKG, targetUid = 10742, pkgCmd = ADD_ONE_UID
02-03 20:38:58.165 D/OplusTelephonyController( 2506): onSignalStrengthChanged: SignalStrength=SignalStrength:{mCdma=CellSignalStrengthCdma: cdmaDbm=2147483647 cdmaEcio=2147483647 evdoDbm=2147483647 evdoEcio=2147483647 evdoSnr=2147483647 level=0,mGsm=CellSignalStrengthGsm: rssi=2147483647 ber=2147483647 mTa=2147483647 mLevel=0,mWcdma=CellSignalStrengthWcdma: ss=2147483647 ber=2147483647 rscp=2147483647 ecno=2147483647 level=0,mTdscdma=CellSignalStrengthTdscdma: rssi=2147483647 ber=2147483647 rscp=2147483647 level=0,mLte=CellSignalStrengthLte: rssi=2147483647 rsrp=-108 rsrq=-13 rssnr=-1 cqiTableIndex=2147483647 cqi=0 ta=0 level=3 parametersUseForLevel=0,mNr=CellSignalStrengthNr:{ csiRsrp = 2147483647 csiRsrq = 2147483647 csiCqiTableIndex = 2147483647 csiCqiReport = [] ssRsrp = 2147483647 ssRsrq = 2147483647 ssSinr = 2147483647 level = 0 parametersUseForLevel = 0 },primary=CellSignalStrengthLte}, phoneId=0, mMtkLevel=0, mMtkRsrpOnly=false, mMtkLteRsrpThreshold=null, mMtkLteRssnrThreshold=null
02-03 20:38:58.263 I/hwcomposer(  843): [HWC] (0)fire a callback of refresh to SF[4]  
02-03 20:38:58.331 I/Athena  ( 2533): CommonAction: 0,1885,151,0,0,0,432,0,3241,1806,479,1332
02-03 20:38:58.507 D/AALLightSensor( 1200): oldLux=21 [SA:21 LA:19] newLux=21 (oriLux: 22)
02-03 20:38:59.058 D/Osense-DecisionMaker( 1741): notifyDelayedSceneToPolicy
02-03 20:38:59.059 D/Osense-DecisionMaker( 1741): getCurrentSysStats, availmemMb: 1886
02-03 20:38:59.059 D/Osense-DecisionMaker( 1741): getCurrentSysStats, availmemMb: 1886
02-03 20:38:59.059 D/Osense-DecisionMaker( 1741): getCurrentSysStats, availmemMb: 1886
02-03 20:38:59.060 D/Osense-DecisionMaker( 1741): getCurrentSysStats, availmemMb: 1886
02-03 20:38:59.090 D/IHansComunication( 4602): HANS sendMessageToKernel: threadId = 501361515696, netLinkSetup = 1, type = FROZEN_TRANS, targetUid = 10742, pkgCmd = PKG_CMD_MAX
02-03 20:38:59.186 D/OplusAtlasService( 3289): getAttributeByAppName module:oplus-getStreamMaxVolume packageName:com.cricbuzz.android
02-03 20:38:59.190 D/AudioManagerExtImpl(31255): getStreamVolume packageName=com.cricbuzz.android, index=8, streamType=3
02-03 20:38:59.604 E/IHansComunication( 4602): HANS printMessageBody: RCV message: type = 0,port = 86870,caller_pid = 1069,caller_uid = 1047,target_pid = 30705,target_uid = 10742,pkg_cmd = -1,rpc = android.hardware.ICameraServiceListener/5
02-03 20:38:59.605 E/IHansComunication( 4602): HANS printMessageBody: RCV message: type = 0,port = 86870,caller_pid = 1069,caller_uid = 1047,target_pid = 30705,target_uid = 10742,pkg_cmd = -1,rpc = android.hardware.ICameraServiceListener/5
02-03 20:38:59.608 I/OplusHansManager ( 1741): unfreeze uid: 10742 com.microsoft.bing pids: [30705] reason: AsyncBinder scene: LcdOn
02-03 20:38:59.610 I/OplusHansManager ( 1741): uid=10742, pkg=com.microsoft.bing, transition from Frozen to Middle, reason=AsyncBinder
02-03 20:38:59.610 I/OplusHansManager ( 1741): uid=10742, pkg=com.microsoft.bing F exit(), F stay=1, reason=AsyncBinder
02-03 20:38:59.611 I/OplusHansManager ( 1741): forceUnfreezeByPid pid= 30705 reason= unfreezeForKernel: AsyncBinder
02-03 20:38:59.729 I/TRuntime.CctTransportBackend(31255): Status Code: 200
02-03 20:38:59.787 I/hwcomposer(  843): [HWC] (0)fire a callback of refresh to SF[4]  
02-03 20:38:59.895 I/OplusHansManager ( 1741): uid=10744, pkg=com.cricbuzz.android can transition from M to F
02-03 20:38:59.896 I/OplusHansManager ( 1741): uid=10744, pkg=com.cricbuzz.android F enter(), M stay=10
02-03 20:38:59.908 I/OplusHansManager ( 1741): freeze uid: 10744 com.cricbuzz.android pids: [31255, 16233] IsolatedUid: [99235] scene: LcdOn
02-03 20:38:59.910 D/IHansComunication( 4602): HansComunication::addUid-- 10744, persistent--0
02-03 20:38:59.910 D/IHansComunication( 4602): HANS sendMessageToKernel: threadId = 501361515696, netLinkSetup = 1, type = PKG, targetUid = 10744, pkgCmd = ADD_ONE_UID
02-03 20:39:00.006 D/PhoneUsageTime( 6226): affairType:231
02-03 20:39:00.010 D/Utils   ( 6226): getLastChargeTime: 1770131280009
02-03 20:39:00.011 D/Utils   ( 6226): getLastChargeDurationTime: 1264616
02-03 20:39:00.014 D/PhoneScreenOnTime( 6226): affairType:231
02-03 20:39:00.015 D/PackageManager( 1741): multi app -> resolveContentProvider change name=settings to user 0 providerInfo=ContentProviderInfo{name=settings className=com.android.providers.settings.SettingsProvider}
02-03 20:39:00.016 D/Utils   ( 6226): getLastScrChangeTime: 1770131280019
02-03 20:39:00.016 D/PackageManager( 1741): multi app -> resolveContentProvider change name=settings to user 0 providerInfo=ContentProviderInfo{name=settings className=com.android.providers.settings.SettingsProvider}
02-03 20:39:00.016 D/SingleClockView( 2210): updateTime,  24hfmt=false, h=8, m=39
02-03 20:39:00.016 D/Utils   ( 6226): getScrOnSeconds: 535914
02-03 20:39:00.016 D/Utils   ( 6226): setLastScrChangeTime: 1770131340014
02-03 20:39:00.018 D/Utils   ( 6226): setScrOnSeconds: 595909
02-03 20:39:00.018 D/PackageManager( 1741): multi app -> resolveContentProvider change name=settings to user 0 providerInfo=ContentProviderInfo{name=settings className=com.android.providers.settings.SettingsProvider}
02-03 20:39:00.018 D/PackageManager( 1741): multi app -> resolveContentProvider change name=settings to user 0 providerInfo=ContentProviderInfo{name=settings className=com.android.providers.settings.SettingsProvider}
02-03 20:39:00.022 D/PackageManager( 1741): multi app -> resolveContentProvider change name=settings to user 0 providerInfo=ContentProviderInfo{name=settings className=com.android.providers.settings.SettingsProvider}
02-03 20:39:00.022 D/PackageManager( 1741): multi app -> resolveContentProvider change name=settings to user 0 providerInfo=ContentProviderInfo{name=settings className=com.android.providers.settings.SettingsProvider}
02-03 20:39:00.023 E/OplusCustomizeRestrictionManagerService( 1741): isBiometricDisabled start
02-03 20:39:00.024 E/OplusCustomizeRestrictionManagerService( 1741): isBiometricDisabled start
02-03 20:39:00.025 D/PackageManager( 1741): multi app -> resolveContentProvider change name=settings to user 0 providerInfo=ContentProviderInfo{name=settings className=com.android.providers.settings.SettingsProvider}
02-03 20:39:00.026 D/PackageManager( 1741): multi app -> resolveContentProvider change name=settings to user 0 providerInfo=ContentProviderInfo{name=settings className=com.android.providers.settings.SettingsProvider}
02-03 20:39:00.108 I/hwcomposer(  843): [HWC] (0)fire a callback of refresh to SF[4]  
02-03 20:39:00.254 E/TaskPersister( 1741): File error accessing recents directory (directory doesn't exist?).
02-03 20:39:00.335 I/Process (22113): Sending signal. PID: 22113 SIG: 9
02-03 20:39:00.359 I/Zygote  (  819): Process 22113 exited due to signal 9 (Killed)
02-03 20:39:00.368 W/Process ( 1741): Unable to open /proc/22113/status
02-03 20:39:00.368 I/ActivityManager( 1741): Process com.heytap.mcs.appservice (pid 22113) has died: cch+15 CEM 
02-03 20:39:00.368 I/libprocessgroup( 1741): Successfully killed process cgroup uid 1000 pid 22113 in 0ms
02-03 20:39:00.369 D/OplusUIFirst_FB( 1741): com.heytap.mcs remove pid: 22113
02-03 20:39:00.369 I/mtkpower_client( 1741): [Legacy][PowerHal_Wrap_notifyAppState] com.heytap.mcs/com.heytap.mcs pid=22113 state:3
02-03 20:39:00.369 I/game_scn( 1741): collectForegroundAppList packName=com.heytap.mcs, actName=com.heytap.mcs, pid=22113, uid=1000, state:DEAD
02-03 20:39:00.370 D/RilUtility(  863): notify_rild_crash_pid_set certPid:-1, crash:22113, scn:0x0
02-03 20:39:00.370 V/DeepThinker( 7781): ProcessManager: onProcessDied pid:22113, uid:1000
02-03 20:39:00.378 E/IHansComunication( 4602): HANS printMessageBody: RCV message: type = 0,port = 86870,caller_pid = 1069,caller_uid = 1047,target_pid = 31255,target_uid = 10744,pkg_cmd = -1,rpc = android.hardware.ICameraServiceListener/5
02-03 20:39:00.378 E/IHansComunication( 4602): HANS printMessageBody: RCV message: type = 0,port = 86870,caller_pid = 1069,caller_uid = 1047,target_pid = 31255,target_uid = 10744,pkg_cmd = -1,rpc = android.hardware.ICameraServiceListener/5
02-03 20:39:00.378 E/IHansComunication( 4602): HANS printMessageBody: RCV message: type = 0,port = 86870,caller_pid = 1069,caller_uid = 1047,target_pid = 31255,target_uid = 10744,pkg_cmd = -1,rpc = android.hardware.ICameraServiceListener/5
02-03 20:39:00.388 I/OplusHansManager ( 1741): unfreeze uid: 10744 com.cricbuzz.android pids: [31255, 16233] reason: AsyncBinder scene: LcdOn
02-03 20:39:00.389 I/OplusHansManager ( 1741): uid=10744, pkg=com.cricbuzz.android, transition from Frozen to Middle, reason=AsyncBinder
02-03 20:39:00.389 I/OplusHansManager ( 1741): uid=10744, pkg=com.cricbuzz.android F exit(), F stay=0, reason=AsyncBinder
02-03 20:39:00.389 I/OplusHansManager ( 1741): forceUnfreezeByPid pid= 31255 reason= unfreezeForKernel: AsyncBinder
02-03 20:39:00.390 I/OplusHansManager ( 1741): forceUnfreezeByPid pid= 31255 reason= unfreezeForKernel: AsyncBinder
02-03 20:39:00.682 D/VRR [OTI](  962): handleIdle from 0 to 1
02-03 20:39:00.685 D/VRR [OTI-HW](  962): isStateReady 0
02-03 20:39:00.685 D/VRR [OTI-HW](  962): rate range: min {id=0, hwcId=0, resolution=1080x2400, refreshRate=60.00 Hz, dpi=409.02x409.02, group=0} cur {id=0, hwcId=0, resolution=1080x2400, refreshRate=60.00 Hz, dpi=409.02x409.02, group=0} max {id=0, hwcId=0, resolution=1080x2400, refreshRate=60.00 Hz, dpi=409.02x409.02, group=0}
02-03 20:39:00.685 D/VRR [OTI-HW](  962): keep rate.
02-03 20:39:00.911 D/IHansComunication( 4602): HANS sendMessageToKernel: threadId = 501361515696, netLinkSetup = 1, type = FROZEN_TRANS, targetUid = 10744, pkgCmd = PKG_CMD_MAX
02-03 20:39:00.998 D/VRR [OTI](  962): handleIdle from 1 to 0
02-03 20:39:00.998 D/VRR [OTI-HW](  962): isStateReady 0
02-03 20:39:00.998 D/VRR [OTI-HW](  962): rate range: min {id=0, hwcId=0, resolution=1080x2400, refreshRate=60.00 Hz, dpi=409.02x409.02, group=0} cur {id=0, hwcId=0, resolution=1080x2400, refreshRate=60.00 Hz, dpi=409.02x409.02, group=0} max {id=0, hwcId=0, resolution=1080x2400, refreshRate=60.00 Hz, dpi=409.02x409.02, group=0}
02-03 20:39:00.999 D/VRR [OTI-HW](  962): keep rate.
02-03 20:39:01.000 D/NoBackGesture( 2210): Start gesture: MotionEvent { action=ACTION_DOWN, actionButton=0, id[0]=0, x[0]=366.5, y[0]=904.5, toolType[0]=TOOL_TYPE_FINGER, buttonState=0, classification=NONE, metaState=0, flags=0x0, edgeFlags=0x0, pointerCount=1, historySize=0, eventTime=100298324, downTime=100298324, deviceId=4, source=0x1002, displayId=0, eventId=779001920 }
02-03 20:39:01.000 D/NoBackGesture( 2210): Not in side gesture area
02-03 20:39:01.000 D/PowerManagerService( 1741): userActivityNoUpdateLocked: groupId=0, eventTime=100298324, event=2, flags=0x0, uid=1000
02-03 20:39:01.002 E/unknown:ReactNative(17272): Got DOWN touch before receiving UP or CANCEL from last gesture
02-03 20:39:01.002 D/OGG_Detector( 1741): D:done mCurrStatus: 0
02-03 20:39:01.094 I/mtkpower_client( 1741): perf_lock_rel, hdl:94810, tid:2265
02-03 20:39:01.094 I/mtkpower_client( 1741): perf_lock_acq, hdl:94810, dur:0, num:4, tid:2265
02-03 20:39:01.095 I/libPowerHal(  863): [perfLockRel] hdl:94810, idx:0
02-03 20:39:01.095 I/libPowerHal(  863): [PD] system_server update cmd:2004100 param:2
02-03 20:39:01.097 I/mtkpower_client( 1741): ret_hdl:94812
02-03 20:39:01.097 D/PowerManagerService( 1741): userActivityNoUpdateLocked: groupId=0, eventTime=100298425, event=2, flags=0x0, uid=1000
02-03 20:39:01.124 I/libPowerHal(  863): [perfLockRel] hdl:94811, idx:1
02-03 20:39:01.125 I/libPowerHal(  863): [PD] MTKPOWER_HINT_APP_TOUCH update cmd:3408600 param:0
02-03 20:39:01.126 I/mtkpower_client( 1741): perf_lock_rel, hdl:94812, tid:2265
02-03 20:39:01.126 I/mtkpower_client( 1741): perf_lock_acq, hdl:94812, dur:0, num:4, tid:2265
02-03 20:39:01.127 I/libPowerHal(  863): [perfLockRel] hdl:94812, idx:0
02-03 20:39:01.127 I/libPowerHal(  863): [PD] system_server update cmd:2004100 param:2
02-03 20:39:01.129 I/mtkpower_client( 1741): ret_hdl:94813
02-03 20:39:01.132 I/mtkpower_client( 1741): perf_lock_rel, hdl:94813, tid:2265
02-03 20:39:01.132 I/mtkpower_client( 1741): perf_lock_acq, hdl:94813, dur:0, num:8, tid:2265
02-03 20:39:01.133 I/libPowerHal(  863): [perfLockRel] hdl:94813, idx:0
02-03 20:39:01.133 I/libPowerHal(  863): [PD] system_server update cmd:2004100 param:2
02-03 20:39:01.134 I/mtkpower_client( 1741): ret_hdl:94814
02-03 20:39:01.135 I/libPowerHal(  863): system_server: cpu_ctrl set cpu freq: 1375000 -1 1176000 -1
02-03 20:39:01.245 D/OplusAtlasService( 3289): getAttributeByAppName module:oplus-getStreamMaxVolume packageName:com.cricbuzz.android
02-03 20:39:01.247 D/AudioManagerExtImpl(31255): getStreamVolume packageName=com.cricbuzz.android, index=8, streamType=3
02-03 20:39:01.883 I/hwcomposer(  843): [HWC] (0)fire a callback of refresh to SF[4]  
02-03 20:39:02.014 I/mtkpower_client( 1741): perf_lock_rel, hdl:94814, tid:2265
02-03 20:39:02.015 I/mtkpower_client( 1741): perf_lock_acq, hdl:94814, dur:0, num:4, tid:2265
02-03 20:39:02.015 I/libPowerHal(  863): [perfLockRel] hdl:94814, idx:0
02-03 20:39:02.016 I/libPowerHal(  863): system_server: cpu_ctrl set cpu freq: -1 -1 -1 -1
02-03 20:39:02.016 I/libPowerHal(  863): [PD] system_server update cmd:2004100 param:2
02-03 20:39:02.017 I/mtkpower_client( 1741): ret_hdl:94815
02-03 20:39:02.091 D/AppSwitchObserverHelper( 6226): packageName: com.wholexale.app.staging,com.android.settings
02-03 20:39:02.172 E/Battery ( 6226): AppStats: Uid = 10853; pkgName = com.wholexale.app.staging; CpuFgTime = 3766 ms; CpuBgTime = 10331 ms.
02-03 20:39:02.172 E/Battery ( 6226): AppStats: Uid = 10853; pkgName = com.wholexale.app.staging; CpuKernelFgTime = 642 ms; CpuKernelBgTime = 1496 ms.
02-03 20:39:02.172 E/Battery ( 6226): AppStats: Uid = 10853; pkgName = com.wholexale.app.staging; CpuUserFgTime = 3124 ms ; CpuUserBgTime = 8835 ms.
02-03 20:39:02.172 E/Battery ( 6226): AppStats: Uid = 10853; pkgName = com.wholexale.app.staging; CpuFgPower = 0.001068875 mAh.; CpuBgPower = 0.0015236249999999994 mAh.
02-03 20:39:02.172 E/Battery ( 6226): AppStats: Uid = 10853; pkgName = com.wholexale.app.staging; AlarmFgWakeupCount = 0; AlarmBgWakeupCount = 0
02-03 20:39:02.173 E/Battery ( 6226): AppStats: Uid = 10853; pkgName = com.wholexale.app.staging; JobFgCount = 0; JobBgCount = 0; JobFgTime = 0; JobBgTime = 0
02-03 20:39:02.173 E/Battery ( 6226): AppStats: Uid = 10853; pkgName = com.wholexale.app.staging; SyncFgCount = 0; SyncBgCount = 0; SyncFgTime = 0; SyncBgTime = 0
02-03 20:39:02.173 E/Battery ( 6226): AppStats: Uid = 10853; pkgName = com.wholexale.app.staging; WakeLockFgTime = 0 ms; WakeLockFgPower = 0.0 mAh.; WakeLockBgTime = 0 ms; WakeLockBgPower = 0.0 mAh.
02-03 20:39:02.173 E/Battery ( 6226): AppStats: Uid = 10853; pkgName = com.wholexale.app.staging; ScreenFgTime = 121918 ms; ScreenFgPower = 2.0319666666666665 mAh.
02-03 20:39:02.173 E/Battery ( 6226): AppStats: Uid = 10853; pkgName = com.wholexale.app.staging; FgWifiRxBytes = 0 Bytes; BgWifiRxBytes = 519 Bytes; FgWifiTxBytes = 0 Bytes; BgWifiTxBytes = 364 Bytes; FgWifiRxPackets = 0 ; BgWifiRxPackets = 5 ; FgWifiTxPackets = 0 ; BgWifiTxPackets = 5 ; FgWiFiScanTimeMs = 0 ; BgWiFiScanTimeMs = 0 ; FgWiFiBatchScanTimeMs = 0 ; BgWiFiBatchScanTimeMs = 0 
02-03 20:39:02.173 E/Battery ( 6226): AppStats: Uid = 10853; pkgName = com.wholexale.app.staging; FgWifiRxPacketsPower = 0.0 mAh; BgWifiRxPacketsPower = 0.003298611380159855 mAh; FgWifiTxPacketsPower = 0.0 mAh; BgWifiTxPacketsPower = 0.003298611380159855 mAh; FgWifiScanPower = 0.0 mAh; BgWifiScanPower = 0.0 mAh; FgWifiBatchScanPower = 0.0 mAh; BgWifiBatchScanPower = 0.0 mAh; FgWiFiTotalPower = 0.0 mAh; BgWiFiTotalPower = 0.00659722276031971 mAh.
02-03 20:39:02.173 E/Battery ( 6226): AppStats: Uid = 10853; pkgName = com.wholexale.app.staging; FgMobileRxBytes = 0 Bytes; BgMobileRxBytes = 0 Bytes; FgMobileTxBytes = 0 Bytes; BgMobileTxBytes = 0 Bytes; FgMobileRxPackets = 0 ; BgMobileRxPackets = 0 ; FgMobileTxPackets = 0 ; BgMobileTxPackets = 0 ; FgMobileActiveCount = 0 ; BgMobileActiveCount = 0 ; FgMobileActiveTime = 0 ; BgMobileActiveTime = 0 
02-03 20:39:02.173 E/Battery ( 6226): AppStats: Uid = 10853; pkgName = com.wholexale.app.staging; FgMobileRxPacketsPower = 0.0 mAh; BgMobileRxPacketsPower = 0.0 mAh; FgMobileTxPacketsPower = 0.0 mAh; BgMobileTxPacketsPower = 0.0 mAh; FgMobileTotalPower = 0.0 mAh; BgMobileTotalPower = 0.0 mAh.
02-03 20:39:02.173 E/Battery ( 6226): AppStats: Uid = 10853; pkgName = com.wholexale.app.staging; FgGpsTime = 0 ms; BgGpsTime = 0 ms.
02-03 20:39:02.173 E/Battery ( 6226): AppStats: Uid = 10853; pkgName = com.wholexale.app.staging; FgGpsPower = 0.0 mAh; BgGpsPower = 0.0 mAh.
02-03 20:39:02.173 E/Battery ( 6226): AppStats: Uid = 10853; pkgName = com.wholexale.app.staging; FgSensorTime = 0 ms; BgSensorTime = 0 ms.
02-03 20:39:02.173 E/Battery ( 6226): AppStats: Uid = 10853; pkgName = com.wholexale.app.staging; FgSensorPower = 0.0 mAh; BgSensorPower = 0.0 mAh.
02-03 20:39:02.173 E/Battery ( 6226): AppStats: Uid = 10853; pkgName = com.wholexale.app.staging; FgCameraTime = 0 ms; BgCameraTime = 0 ms
02-03 20:39:02.173 E/Battery ( 6226): AppStats: Uid = 10853; pkgName = com.wholexale.app.staging; FgCameraPower = 0.0 mAh; BgCameraPower = 0.0 mAh
02-03 20:39:02.173 E/Battery ( 6226): AppStats: Uid = 10853; pkgName = com.wholexale.app.staging; FgFlashLightTime = 0 ms; BgFlashLightTime = 0 ms
02-03 20:39:02.173 E/Battery ( 6226): AppStats: Uid = 10853; pkgName = com.wholexale.app.staging; FgFlashLightPower = 0.0 mAh; BgFlashLightPower = 0.0 mAh
02-03 20:39:02.191 D/OGG_Detector( 1741): D:done mCurrStatus: 0
02-03 20:39:02.191 D/PowerManagerService( 1741): userActivityNoUpdateLocked: groupId=0, eventTime=100299516, event=2, flags=0x0, uid=1000
02-03 20:39:02.192 D/NoBackGesture( 2210): Start gesture: MotionEvent { action=ACTION_DOWN, actionButton=0, id[0]=0, x[0]=594.25, y[0]=722.5, toolType[0]=TOOL_TYPE_FINGER, buttonState=0, classification=NONE, metaState=0, flags=0x0, edgeFlags=0x0, pointerCount=1, historySize=0, eventTime=100299516, downTime=100299516, deviceId=4, source=0x1002, displayId=0, eventId=353321897 }
02-03 20:39:02.192 D/NoBackGesture( 2210): Not in side gesture area
02-03 20:39:02.192 E/unknown:ReactNative(17272): Got DOWN touch before receiving UP or CANCEL from last gesture
02-03 20:39:02.267 I/mtkpower_client( 1741): perf_lock_rel, hdl:94815, tid:2265
02-03 20:39:02.268 I/mtkpower_client( 1741): perf_lock_acq, hdl:94815, dur:0, num:4, tid:2265
02-03 20:39:02.268 I/libPowerHal(  863): [perfLockRel] hdl:94815, idx:0
02-03 20:39:02.268 I/libPowerHal(  863): [PD] system_server update cmd:2004100 param:2
02-03 20:39:02.269 I/mtkpower_client( 1741): ret_hdl:94817
02-03 20:39:02.292 D/PowerManagerService( 1741): userActivityNoUpdateLocked: groupId=0, eventTime=100299619, event=2, flags=0x0, uid=1000
02-03 20:39:02.357 I/libPowerHal(  863): [perfLockRel] hdl:94816, idx:1
02-03 20:39:02.357 I/libPowerHal(  863): [PD] MTKPOWER_HINT_APP_TOUCH update cmd:3408600 param:0
02-03 20:39:02.360 I/mtkpower_client( 1741): perf_lock_acq, hdl:94188, dur:3000, num:2, tid:2150
02-03 20:39:02.361 I/mtkpower_client( 1741): ret_hdl:94818
02-03 20:39:02.361 I/mtkpower_client( 1741): perf_lock_rel, hdl:94817, tid:2265
02-03 20:39:02.362 I/mtkpower_client( 1741): perf_lock_acq, hdl:94817, dur:0, num:4, tid:2265
02-03 20:39:02.362 I/libPowerHal(  863): cmdSetting - unknown cmd:2048700, scmd:(null) ,param_1:1
02-03 20:39:02.363 I/libPowerHal(  863): [perfLockRel] hdl:94817, idx:0
02-03 20:39:02.363 I/libPowerHal(  863): [PD] system_server update cmd:2004100 param:2
02-03 20:39:02.364 I/mtkpower_client( 1741): perf_lock_acq, hdl:94199, dur:3000, num:4, tid:2965
02-03 20:39:02.364 I/mtkpower_client( 1741): ret_hdl:94819
02-03 20:39:02.366 I/mtkpower_client( 1741): ret_hdl:94820
02-03 20:39:02.366 I/libPowerHal(  863): [fpsgo_noctrl_render_thread] -18643, 0xb400007b7fa0f680
02-03 20:39:02.367 I/mtkpower_client( 1741): perf_lock_rel, hdl:94820, tid:2150
02-03 20:39:02.368 I/libPowerHal(  863): [fpsgo_ctrl_render_thread] 18643, 0xb400007b7fa0f680
02-03 20:39:02.368 E/libPowerHal(  863): Could not open '/sys/kernel/fpsgo/fstb/set_ui_ctrl'
02-03 20:39:02.368 E/libPowerHal(  863): error : 2, No such file or directory
02-03 20:39:02.368 I/mtkpower_client( 1741): perf_lock_rel, hdl:94819, tid:2265
02-03 20:39:02.369 I/libPowerHal(  863): [perfLockRel] hdl:94820, idx:2
02-03 20:39:02.369 I/libPowerHal(  863): [fpsgo_noctrl_render_thread] -18643, 0xb400007b7fa0f680
02-03 20:39:02.369 I/libPowerHal(  863): [PD] system_server update ONESHOT cmd:2000400 param:-18643
02-03 20:39:02.370 I/libPowerHal(  863): [fpsgo_ctrl_render_thread] 18643, 0xb400007b7fa0f680
02-03 20:39:02.370 E/libPowerHal(  863): Could not open '/sys/kernel/fpsgo/fstb/set_ui_ctrl'
02-03 20:39:02.370 E/libPowerHal(  863): error : 2, No such file or directory
02-03 20:39:02.370 I/libPowerHal(  863): [PD] system_server update ONESHOT cmd:2000300 param:18643
02-03 20:39:02.370 I/mtkpower_client( 1741): perf_lock_acq, hdl:94819, dur:0, num:8, tid:2265
02-03 20:39:02.370 I/libPowerHal(  863): [perfLockRel] hdl:94819, idx:0
02-03 20:39:02.371 I/libPowerHal(  863): [PD] system_server update cmd:2004100 param:2
02-03 20:39:02.372 I/mtkpower_client( 1741): ret_hdl:94821
02-03 20:39:02.373 I/libPowerHal(  863): system_server: cpu_ctrl set cpu freq: 1375000 -1 1176000 -1
02-03 20:39:02.706 D/AALLightSensor( 1200): oldLux=21 [SA:27 LA:25] newLux=21 (oriLux: 28)
02-03 20:39:02.767 I/mtkpower_client( 1741): perf_lock_rel, hdl:94818, tid:2150
02-03 20:39:02.767 I/mtkpower_client( 1741): perf_lock_acq, hdl:94820, dur:3000, num:4, tid:2965
02-03 20:39:02.768 I/libPowerHal(  863): [perfLockRel] hdl:94818, idx:1
02-03 20:39:02.769 I/mtkpower_client( 1741): ret_hdl:94822
02-03 20:39:02.769 I/libPowerHal(  863): [fpsgo_noctrl_render_thread] 18643, 0xb400007b7fa0e720
02-03 20:39:02.769 I/libPowerHal(  863): [fpsgo_ctrl_render_thread] -18643, 0xb400007b7fa0e720
02-03 20:39:02.769 E/libPowerHal(  863): Could not open '/sys/kernel/fpsgo/fstb/set_ui_ctrl'
02-03 20:39:02.769 E/libPowerHal(  863): error : 2, No such file or directory
02-03 20:39:02.769 I/mtkpower_client( 1741): perf_lock_rel, hdl:94822, tid:2150
02-03 20:39:02.770 I/libPowerHal(  863): [perfLockRel] hdl:94822, idx:1
02-03 20:39:02.770 I/libPowerHal(  863): [fpsgo_noctrl_render_thread] 18643, 0xb400007b7fa0e720
02-03 20:39:02.770 I/libPowerHal(  863): [PD] system_server update ONESHOT cmd:2000400 param:18643
02-03 20:39:02.770 I/libPowerHal(  863): [fpsgo_ctrl_render_thread] -18643, 0xb400007b7fa0e720
02-03 20:39:02.770 E/libPowerHal(  863): Could not open '/sys/kernel/fpsgo/fstb/set_ui_ctrl'
02-03 20:39:02.770 E/libPowerHal(  863): error : 2, No such file or directory
02-03 20:39:02.770 I/libPowerHal(  863): [PD] system_server update ONESHOT cmd:2000300 param:-18643
02-03 20:39:02.841 I/mtkpower_client( 1741): perf_lock_rel, hdl:94821, tid:2265
02-03 20:39:02.841 I/mtkpower_client( 1741): perf_lock_acq, hdl:94821, dur:0, num:4, tid:2265
02-03 20:39:02.842 I/libPowerHal(  863): [perfLockRel] hdl:94821, idx:0
02-03 20:39:02.842 I/libPowerHal(  863): system_server: cpu_ctrl set cpu freq: -1 -1 -1 -1
02-03 20:39:02.842 I/libPowerHal(  863): [PD] system_server update cmd:2004100 param:2
02-03 20:39:02.843 I/mtkpower_client( 1741): ret_hdl:94823
02-03 20:39:03.301 D/OplusAtlasService( 3289): getAttributeByAppName module:oplus-getStreamMaxVolume packageName:com.cricbuzz.android
02-03 20:39:03.304 W/ContextImpl(10477): Calling a method in the system process without a qualified user: android.app.ContextImpl.bindService:1982 android.content.ContextWrapper.bindService:863 com.oplus.onetrace.connection.a.c:19 com.oplus.onetrace.connection.b.c:23 y.a.c:7 
02-03 20:39:03.304 D/AudioManagerExtImpl(31255): getStreamVolume packageName=com.cricbuzz.android, index=8, streamType=3
02-03 20:39:03.320 W/OplusExSystemServiceHelper(16850): checkOplusExSystemService intent getComponent is null
02-03 20:39:03.324 W/System.err(16850): java.io.IOException: Permission denied
02-03 20:39:03.324 W/System.err(16850): 	at sun.nio.ch.FileChannelImpl.map0(Native Method)
02-03 20:39:03.324 W/System.err(16850): 	at sun.nio.ch.FileChannelImpl.map(FileChannelImpl.java:994)
02-03 20:39:03.324 W/System.err(16850): 	at r0.b.<init>(MappedByteBufferWriter.java:26)
02-03 20:39:03.324 W/System.err(16850): 	at t0.h.<init>(DebugTool.java:9)
02-03 20:39:03.324 W/System.err(16850): 	at t0.f.c(CoreLog.java:19)
02-03 20:39:03.324 W/System.err(16850): 	at t0.f.i(CoreLog.java:4)
02-03 20:39:03.324 W/System.err(16850): 	at t0.f.a(CoreLog.java:1)
02-03 20:39:03.324 W/System.err(16850): 	at t0.e.run(R8$$SyntheticClass:9)
02-03 20:39:03.324 W/System.err(16850): 	at android.os.Handler.handleCallback(Handler.java:942)
02-03 20:39:03.324 W/System.err(16850): 	at android.os.Handler.dispatchMessage(Handler.java:99)
02-03 20:39:03.324 W/System.err(16850): 	at android.os.Looper.loopOnce(Looper.java:240)
02-03 20:39:03.324 W/System.err(16850): 	at android.os.Looper.loop(Looper.java:351)
02-03 20:39:03.324 W/System.err(16850): 	at android.os.HandlerThread.run(HandlerThread.java:67)
02-03 20:39:03.324 I/PendingBootExecutor(16850): PendingBootExecutor is initialized.
02-03 20:39:03.325 E/AthenaManager(16850): try 5 times to bind Killer Service is failed
02-03 20:39:03.325 E/AthenaManager(16850): try 5 times to bind Ems Service is failed
02-03 20:39:03.325 D/ProfileLoader(16850): Load profile with prefKey: onetrace_profile_key
02-03 20:39:03.331 D/BroadcastCompat(16850): 2)Register receiver:s0.j@53d63c
02-03 20:39:03.331 I/StatsManagerService(16850): Set RUS pending update task.
02-03 20:39:03.331 D/ProfileLoaderTask(16850): Start resolve profile: sys_athena_thermal_profile from RUS with type=com.oplus.onetrace.profile.Profile
02-03 20:39:03.331 D/ProfileLoaderTask(16850): Start resolve profile: sys_ostats_top_app_list from RUS with type=com.oplus.onetrace.profile.TopAppProfile
02-03 20:39:03.336 D/ProfileLoader(16850): Load profile with prefKey: node_prop_config_key
02-03 20:39:03.339 W/ProfileLoaderTask(16850): The content of column:xml is empty!
02-03 20:39:03.342 I/MetricStatsManagerCached(16850): Register prop config listener.
02-03 20:39:03.342 W/ProfileLoaderTask(16850): The content of column:xml is empty!
02-03 20:39:03.343 D/ProfileLoader(16850): Load profile with prefKey: onetrace_profile_key
02-03 20:39:03.350 W/SchedTaskCollector(16850): Failed to create root dir!
02-03 20:39:03.365 D/TerminateObserverManager( 1741): registerTerminateObserver: com.oplus.app.IProcessTerminateObserver$Stub$Proxy@ad45c8b 16850
02-03 20:39:03.365 E/OplusAthenaAm( 1741): onTerminateStateChanged pid: 16850 uid:1000 isRegister:true
02-03 20:39:03.367 I/StatsManagerService(16850): Register terminate observer, result=true
02-03 20:39:03.402 D/ConnectivityService( 1741): requestNetwork for uid/pid:1000/16850 activeRequest: null callbackRequest: 18798 [NetworkRequest [ REQUEST id=18799, [ Capabilities: INTERNET&NOT_RESTRICTED&TRUSTED&NOT_VCN_MANAGED Uid: 1000 RequestorUid: 1000 RequestorPkg: com.oplus.onetrace UnderlyingNetworks: Null] ]] callback flags: 0 order: 2147483647 isUidTracked: false declaredMethods: AVAIL|LOST
02-03 20:39:03.411 D/WifiNetworkFactory( 1741): got request NetworkRequest [ REQUEST id=18799, [ Capabilities: INTERNET&NOT_RESTRICTED&TRUSTED&NOT_VCN_MANAGED Uid: 1000 RequestorUid: 1000 RequestorPkg: com.oplus.onetrace UnderlyingNetworks: Null] ]
