01-22 20:27:31.894 D/installd( 1114): Processed secondary dex file /data/user_de/999/com.google.android.gms/app_chimera/m/00000108/dl-Appsearch.optional_260233100400.apk result=0
01-22 20:27:31.895 D/OplusDexSceneManager( 1748): Starting attach context  for  com.google.android.gms reason: bg-dexopt
01-22 20:27:31.896 D/OplusDexSceneManager( 1748): isTopAppFront =======com.android.launcher:false
01-22 20:27:31.896 D/OplusDexSceneManager( 1748): OplusDex Framework didnot works!
01-22 20:27:31.896 D/PackageDexOptimizer( 1748): Running dexopt on: /data/user_de/0/com.google.android.gms/app_chimera/m/000006f0/dl-Games.optional_260233100000.apk pkg=com.google.android.gms isa=[arm64] reason=bg-dexopt dexoptFlags=boot_complete,profile_guided,secondary,storage_de,idle_background_job,enable_hidden_api_checks target-filter=speed-profile class-loader-context=DLC[];PCL[/data/app/~~ELby_H2hT9EwXjHsIWTweg==/com.google.android.gms-lnT4HCbVAT6U8P0lsxDlfw==/base.apk]{PCL[/system/framework/org.apache.http.legacy.jar]#PCL[/system/framework/com.android.location.provider.jar]#PCL[/system/framework/com.android.media.remotedisplay.jar]#PCL[/system_ext/framework/androidx.window.extensions.jar]#PCL[/system_ext/framework/androidx.window.sidecar.jar]}
01-22 20:27:31.896 D/installd( 1114): Getting dex paths for context DLC[];PCL[/data/app/~~ELby_H2hT9EwXjHsIWTweg==/com.google.android.gms-lnT4HCbVAT6U8P0lsxDlfw==/base.apk]{PCL[/system/framework/org.apache.http.legacy.jar]#PCL[/system/framework/com.android.location.provider.jar]#PCL[/system/framework/com.android.media.remotedisplay.jar]#PCL[/system_ext/framework/androidx.window.extensions.jar]#PCL[/system_ext/framework/androidx.window.sidecar.jar]}
01-22 20:27:31.925 W/Finsky  ( 4911): [2] STU: Failed to get storage stats for package 'com.google.android.appsearch' (1601: Error getting stats: android.content.pm.PackageManager.NameNotFoundException)
01-22 20:27:31.928 W/Finsky  ( 4911): [2] STU: Failed to get storage stats for package 'com.google.android.art' (1601: Error getting stats: android.content.pm.PackageManager.NameNotFoundException)
01-22 20:27:31.931 D/installd( 1114): Processing secondary dex path /data/user_de/0/com.google.android.gms/app_chimera/m/000006f0/dl-Games.optional_260233100000.apk
01-22 20:27:31.970 I/dexoptanalyzer(20050): Using CollectorTypeCC GC.
01-22 20:27:32.092 W/Finsky  ( 4911): [2] STU: Failed to get storage stats for package 'com.google.android.mediaprovider' (1601: Error getting stats: android.content.pm.PackageManager.NameNotFoundException)
01-22 20:27:32.105 E/dexoptanalyzer(20050): Failed to seek to beginning of file : Bad file descriptor
01-22 20:27:32.105 W/dexoptanalyzer(20050): Current thread not detached in Runtime shutdown
01-22 20:27:32.122 D/installd( 1114): Processed secondary dex file /data/user_de/0/com.google.android.gms/app_chimera/m/000006f0/dl-Games.optional_260233100000.apk result=0
01-22 20:27:32.123 D/OplusDexSceneManager( 1748): Starting attach context  for  com.google.android.gms reason: bg-dexopt
01-22 20:27:32.124 D/OplusDexSceneManager( 1748): isTopAppFront =======com.android.launcher:false
01-22 20:27:32.124 D/OplusDexSceneManager( 1748): OplusDex Framework didnot works!
01-22 20:27:32.124 D/PackageDexOptimizer( 1748): Running dexopt on: /data/user_de/0/com.google.android.gms/app_chimera/m/000006e6/dl-MlkitDocscanUi.optional_260233100400.apk pkg=com.google.android.gms isa=[arm64] reason=bg-dexopt dexoptFlags=boot_complete,profile_guided,secondary,storage_de,idle_background_job,enable_hidden_api_checks target-filter=speed-profile class-loader-context=DLC[];PCL[/data/app/~~ELby_H2hT9EwXjHsIWTweg==/com.google.android.gms-lnT4HCbVAT6U8P0lsxDlfw==/base.apk]{PCL[/system/framework/org.apache.http.legacy.jar]#PCL[/system/framework/com.android.location.provider.jar]#PCL[/system/framework/com.android.media.remotedisplay.jar]#PCL[/system_ext/framework/androidx.window.extensions.jar]#PCL[/system_ext/framework/androidx.window.sidecar.jar]}
01-22 20:27:32.124 D/installd( 1114): Getting dex paths for context DLC[];PCL[/data/app/~~ELby_H2hT9EwXjHsIWTweg==/com.google.android.gms-lnT4HCbVAT6U8P0lsxDlfw==/base.apk]{PCL[/system/framework/org.apache.http.legacy.jar]#PCL[/system/framework/com.android.location.provider.jar]#PCL[/system/framework/com.android.media.remotedisplay.jar]#PCL[/system_ext/framework/androidx.window.extensions.jar]#PCL[/system_ext/framework/androidx.window.sidecar.jar]}
01-22 20:27:32.155 W/Finsky  ( 4911): [2] STU: Failed to get storage stats for package 'com.google.android.resolv' (1601: Error getting stats: android.content.pm.PackageManager.NameNotFoundException)
01-22 20:27:32.160 D/installd( 1114): Processing secondary dex path /data/user_de/0/com.google.android.gms/app_chimera/m/000006e6/dl-MlkitDocscanUi.optional_260233100400.apk
01-22 20:27:32.180 D/AALLightSensor( 1193): oldLux=0 [SA:0 LA:0] newLux=0 (oriLux: 0)
01-22 20:27:32.199 I/dexoptanalyzer(20052): Using CollectorTypeCC GC.
01-22 20:27:32.231 W/Finsky  ( 4911): [2] STU: Failed to get storage stats for package 'com.google.android.media' (1601: Error getting stats: android.content.pm.PackageManager.NameNotFoundException)
01-22 20:27:32.267 D/AppSwitchObserverHelper( 4587): packageName: com.wholexale.app.staging,com.android.launcher
01-22 20:27:32.321 E/Battery ( 4587): AppStats: Uid = 10125; pkgName = com.wholexale.app.staging; CpuFgTime = 0 ms; CpuBgTime = 0 ms.
01-22 20:27:32.321 E/Battery ( 4587): AppStats: Uid = 10125; pkgName = com.wholexale.app.staging; CpuKernelFgTime = 0 ms; CpuKernelBgTime = 0 ms.
01-22 20:27:32.321 E/Battery ( 4587): AppStats: Uid = 10125; pkgName = com.wholexale.app.staging; CpuUserFgTime = 0 ms ; CpuUserBgTime = 0 ms.
01-22 20:27:32.321 E/Battery ( 4587): AppStats: Uid = 10125; pkgName = com.wholexale.app.staging; CpuFgPower = 0.0 mAh.; CpuBgPower = 0.0 mAh.
01-22 20:27:32.321 E/Battery ( 4587): AppStats: Uid = 10125; pkgName = com.wholexale.app.staging; AlarmFgWakeupCount = 0; AlarmBgWakeupCount = 0
01-22 20:27:32.321 E/Battery ( 4587): AppStats: Uid = 10125; pkgName = com.wholexale.app.staging; JobFgCount = 0; JobBgCount = 0; JobFgTime = 0; JobBgTime = 0
01-22 20:27:32.321 E/Battery ( 4587): AppStats: Uid = 10125; pkgName = com.wholexale.app.staging; SyncFgCount = 0; SyncBgCount = 0; SyncFgTime = 0; SyncBgTime = 0
01-22 20:27:32.321 E/Battery ( 4587): AppStats: Uid = 10125; pkgName = com.wholexale.app.staging; WakeLockFgTime = 0 ms; WakeLockFgPower = 0.0 mAh.; WakeLockBgTime = 0 ms; WakeLockBgPower = 0.0 mAh.
01-22 20:27:32.321 E/Battery ( 4587): AppStats: Uid = 10125; pkgName = com.wholexale.app.staging; ScreenFgTime = 320645 ms; ScreenFgPower = 5.344083333333334 mAh.
01-22 20:27:32.321 E/Battery ( 4587): AppStats: Uid = 10125; pkgName = com.wholexale.app.staging; FgWifiRxBytes = 0 Bytes; BgWifiRxBytes = 0 Bytes; FgWifiTxBytes = 0 Bytes; BgWifiTxBytes = 0 Bytes; FgWifiRxPackets = 0 ; BgWifiRxPackets = 0 ; FgWifiTxPackets = 0 ; BgWifiTxPackets = 0 ; FgWiFiScanTimeMs = 0 ; BgWiFiScanTimeMs = 0 ; FgWiFiBatchScanTimeMs = 0 ; BgWiFiBatchScanTimeMs = 0 
01-22 20:27:32.321 E/Battery ( 4587): AppStats: Uid = 10125; pkgName = com.wholexale.app.staging; FgWifiRxPacketsPower = 0.0 mAh; BgWifiRxPacketsPower = 0.0 mAh; FgWifiTxPacketsPower = 0.0 mAh; BgWifiTxPacketsPower = 0.0 mAh; FgWifiScanPower = 0.0 mAh; BgWifiScanPower = 0.0 mAh; FgWifiBatchScanPower = 0.0 mAh; BgWifiBatchScanPower = 0.0 mAh; FgWiFiTotalPower = 0.0 mAh; BgWiFiTotalPower = 0.0 mAh.
01-22 20:27:32.321 E/Battery ( 4587): AppStats: Uid = 10125; pkgName = com.wholexale.app.staging; FgMobileRxBytes = 0 Bytes; BgMobileRxBytes = 0 Bytes; FgMobileTxBytes = 0 Bytes; BgMobileTxBytes = 0 Bytes; FgMobileRxPackets = 0 ; BgMobileRxPackets = 0 ; FgMobileTxPackets = 0 ; BgMobileTxPackets = 0 ; FgMobileActiveCount = 0 ; BgMobileActiveCount = 0 ; FgMobileActiveTime = 0 ; BgMobileActiveTime = 0 
01-22 20:27:32.321 E/Battery ( 4587): AppStats: Uid = 10125; pkgName = com.wholexale.app.staging; FgMobileRxPacketsPower = 0.0 mAh; BgMobileRxPacketsPower = 0.0 mAh; FgMobileTxPacketsPower = 0.0 mAh; BgMobileTxPacketsPower = 0.0 mAh; FgMobileTotalPower = 0.0 mAh; BgMobileTotalPower = 0.0 mAh.
01-22 20:27:32.321 E/Battery ( 4587): AppStats: Uid = 10125; pkgName = com.wholexale.app.staging; FgGpsTime = 0 ms; BgGpsTime = 0 ms.
01-22 20:27:32.321 E/Battery ( 4587): AppStats: Uid = 10125; pkgName = com.wholexale.app.staging; FgGpsPower = 0.0 mAh; BgGpsPower = 0.0 mAh.
01-22 20:27:32.321 E/Battery ( 4587): AppStats: Uid = 10125; pkgName = com.wholexale.app.staging; FgSensorTime = 0 ms; BgSensorTime = 0 ms.
01-22 20:27:32.321 E/Battery ( 4587): AppStats: Uid = 10125; pkgName = com.wholexale.app.staging; FgSensorPower = 0.0 mAh; BgSensorPower = 0.0 mAh.
01-22 20:27:32.321 E/Battery ( 4587): AppStats: Uid = 10125; pkgName = com.wholexale.app.staging; FgCameraTime = 0 ms; BgCameraTime = 0 ms
01-22 20:27:32.321 E/Battery ( 4587): AppStats: Uid = 10125; pkgName = com.wholexale.app.staging; FgCameraPower = 0.0 mAh; BgCameraPower = 0.0 mAh
01-22 20:27:32.321 E/Battery ( 4587): AppStats: Uid = 10125; pkgName = com.wholexale.app.staging; FgFlashLightTime = 0 ms; BgFlashLightTime = 0 ms
01-22 20:27:32.321 E/Battery ( 4587): AppStats: Uid = 10125; pkgName = com.wholexale.app.staging; FgFlashLightPower = 0.0 mAh; BgFlashLightPower = 0.0 mAh
01-22 20:27:32.332 E/dexoptanalyzer(20052): Failed to seek to beginning of file : Bad file descriptor
01-22 20:27:32.332 W/dexoptanalyzer(20052): Current thread not detached in Runtime shutdown
01-22 20:27:32.349 D/installd( 1114): Processed secondary dex file /data/user_de/0/com.google.android.gms/app_chimera/m/000006e6/dl-MlkitDocscanUi.optional_260233100400.apk result=0
01-22 20:27:32.350 D/OplusDexSceneManager( 1748): Starting attach context  for  com.google.android.gms reason: bg-dexopt
01-22 20:27:32.350 D/OplusDexSceneManager( 1748): isTopAppFront =======com.android.launcher:false
01-22 20:27:32.350 D/OplusDexSceneManager( 1748): OplusDex Framework didnot works!
01-22 20:27:32.351 D/PackageDexOptimizer( 1748): Running dexopt on: /data/user_de/999/com.google.android.gms/app_chimera/m/00000106/dl-Fastpair.optional_260233100000.apk pkg=com.google.android.gms isa=[arm64] reason=bg-dexopt dexoptFlags=boot_complete,profile_guided,secondary,storage_de,idle_background_job,enable_hidden_api_checks target-filter=speed-profile class-loader-context=DLC[];PCL[/data/app/~~ELby_H2hT9EwXjHsIWTweg==/com.google.android.gms-lnT4HCbVAT6U8P0lsxDlfw==/base.apk]{PCL[/system/framework/org.apache.http.legacy.jar]#PCL[/system/framework/com.android.location.provider.jar]#PCL[/system/framework/com.android.media.remotedisplay.jar]#PCL[/system_ext/framework/androidx.window.extensions.jar]#PCL[/system_ext/framework/androidx.window.sidecar.jar]}
01-22 20:27:32.351 D/installd( 1114): Getting dex paths for context DLC[];PCL[/data/app/~~ELby_H2hT9EwXjHsIWTweg==/com.google.android.gms-lnT4HCbVAT6U8P0lsxDlfw==/base.apk]{PCL[/system/framework/org.apache.http.legacy.jar]#PCL[/system/framework/com.android.location.provider.jar]#PCL[/system/framework/com.android.media.remotedisplay.jar]#PCL[/system_ext/framework/androidx.window.extensions.jar]#PCL[/system_ext/framework/androidx.window.sidecar.jar]}
01-22 20:27:32.388 D/installd( 1114): Processing secondary dex path /data/user_de/999/com.google.android.gms/app_chimera/m/00000106/dl-Fastpair.optional_260233100000.apk
01-22 20:27:32.427 I/dexoptanalyzer(20054): Using CollectorTypeCC GC.
01-22 20:27:32.467 I/charon  (10534): 03[JOB] [schedule()  269] Job timer expiry(now:126393, event->time:126393), queuing job for execution
01-22 20:27:32.468 I/charon  (10534): 15[IKE] <pdn_1_23|23> [retransmit()  521] retransmit 1 of request with message ID 145
01-22 20:27:32.468 I/charon  (10534): 15[KNL] <pdn_1_23|23> [get_interface_address()  702] ============================ ip: (null), scope:0
01-22 20:27:32.468 I/charon  (10534): 15[KNL] <pdn_1_23|23> [get_route() 1722] using (null) as address to reach (null)
01-22 20:27:32.468 I/charon  (10534): 15[NET] <pdn_1_23|23> [send_()  101] sending packet: from (null) to (null) (76 bytes)
01-22 20:27:32.468 I/charon  (10534): 15[JOB] <pdn_1_23|23> [schedule_job_tv()  506] Put the job(expire at 126395) in heap position:2, next expired job:126393
01-22 20:27:32.560 E/dexoptanalyzer(20054): Failed to seek to beginning of file : Bad file descriptor
01-22 20:27:32.560 W/dexoptanalyzer(20054): Current thread not detached in Runtime shutdown
01-22 20:27:32.577 D/installd( 1114): Processed secondary dex file /data/user_de/999/com.google.android.gms/app_chimera/m/00000106/dl-Fastpair.optional_260233100000.apk result=0
01-22 20:27:32.578 D/OplusDexSceneManager( 1748): Starting attach context  for  com.google.android.gms reason: bg-dexopt
01-22 20:27:32.578 D/OplusDexSceneManager( 1748): isTopAppFront =======com.android.launcher:false
01-22 20:27:32.578 D/OplusDexSceneManager( 1748): OplusDex Framework didnot works!
01-22 20:27:32.579 D/PackageDexOptimizer( 1748): Running dexopt on: /data/user_de/999/com.google.android.gms/app_chimera/m/00000105/dl-BrellaDynamite.optional_260233100400.apk pkg=com.google.android.gms isa=[arm64] reason=bg-dexopt dexoptFlags=boot_complete,profile_guided,secondary,storage_de,idle_background_job,enable_hidden_api_checks target-filter=speed-profile class-loader-context=DLC[];PCL[/data/app/~~ELby_H2hT9EwXjHsIWTweg==/com.google.android.gms-lnT4HCbVAT6U8P0lsxDlfw==/base.apk]{PCL[/system/framework/org.apache.http.legacy.jar]#PCL[/system/framework/com.android.location.provider.jar]#PCL[/system/framework/com.android.media.remotedisplay.jar]#PCL[/system_ext/framework/androidx.window.extensions.jar]#PCL[/system_ext/framework/androidx.window.sidecar.jar]}
01-22 20:27:32.579 D/installd( 1114): Getting dex paths for context DLC[];PCL[/data/app/~~ELby_H2hT9EwXjHsIWTweg==/com.google.android.gms-lnT4HCbVAT6U8P0lsxDlfw==/base.apk]{PCL[/system/framework/org.apache.http.legacy.jar]#PCL[/system/framework/com.android.location.provider.jar]#PCL[/system/framework/com.android.media.remotedisplay.jar]#PCL[/system_ext/framework/androidx.window.extensions.jar]#PCL[/system_ext/framework/androidx.window.sidecar.jar]}
01-22 20:27:32.615 D/installd( 1114): Processing secondary dex path /data/user_de/999/com.google.android.gms/app_chimera/m/00000105/dl-BrellaDynamite.optional_260233100400.apk
01-22 20:27:32.643 I/charon  (10534): 5058[JOB] [acquire_alarm_timer_wake_lock()  412] Acquire wake lock(fd:-1, result: 1, errno:9)
01-22 20:27:32.643 I/charon  (10534): 03[JOB] [schedule()  269] Job timer expiry(now:126393, event->time:126393), queuing job for execution
01-22 20:27:32.643 I/charon  (10534): 07[IKE] <pdn_1_23|23> [send_keepalive()  760] NATT keepalive through charon is enabled, interval:20
01-22 20:27:32.643 I/charon  (10534): 07[JOB] <pdn_1_23|23> [schedule_job_tv()  506] Put the job(expire at 126413) in heap position:2, next expired job:126395
01-22 20:27:32.644 I/charon  (10534): 07[JOB] [release_alarm_timer_wake_lock()  391] Release wake lock(fd:-1, result: 1, errno:9)
01-22 20:27:32.653 I/dexoptanalyzer(20056): Using CollectorTypeCC GC.
01-22 20:27:32.663 I/charon  (10534): 01[NET] <pdn_1_23|23> [execute()   73] received packet: from (null) to (null) (76 bytes)
01-22 20:27:32.664 I/charon  (10534): 01[ENC] <pdn_1_23|23> [parse_body() 2654] parsed INFORMATIONAL response 145 [ ]
01-22 20:27:32.784 E/dexoptanalyzer(20056): Failed to seek to beginning of file : Bad file descriptor
01-22 20:27:32.784 W/dexoptanalyzer(20056): Current thread not detached in Runtime shutdown
01-22 20:27:32.801 D/installd( 1114): Processed secondary dex file /data/user_de/999/com.google.android.gms/app_chimera/m/00000105/dl-BrellaDynamite.optional_260233100400.apk result=0
01-22 20:27:32.803 D/OplusDexSceneManager( 1748): Starting attach context  for  com.google.android.gms reason: bg-dexopt
01-22 20:27:32.803 D/OplusDexSceneManager( 1748): isTopAppFront =======com.android.launcher:false
01-22 20:27:32.803 D/OplusDexSceneManager( 1748): OplusDex Framework didnot works!
01-22 20:27:32.804 D/PackageDexOptimizer( 1748): Running dexopt on: /data/user_de/999/com.google.android.gms/app_chimera/m/000000c6/dl-TfliteDynamiteDynamite.integ_243930802100400.apk pkg=com.google.android.gms isa=[arm64] reason=bg-dexopt dexoptFlags=boot_complete,profile_guided,secondary,storage_de,idle_background_job,enable_hidden_api_checks target-filter=verify class-loader-context=null
01-22 20:27:32.804 D/installd( 1114): Processing secondary dex path /data/user_de/999/com.google.android.gms/app_chimera/m/000000c6/dl-TfliteDynamiteDynamite.integ_243930802100400.apk
01-22 20:27:32.808 E/installd(20059): Failed to create profile /data/user_de/999/com.google.android.gms/app_chimera/m/000000c6/oat/dl-TfliteDynamiteDynamite.integ_243930802100400.apk.prof: Permission denied
01-22 20:27:32.808 E/installd(20059): Failed to open profile /data/user_de/999/com.google.android.gms/app_chimera/m/000000c6/oat/dl-TfliteDynamiteDynamite.integ_243930802100400.apk.prof: Permission denied
01-22 20:27:32.843 I/dexoptanalyzer(20059): Using CollectorTypeCC GC.
01-22 20:27:32.974 W/dexoptanalyzer(20059): Current thread not detached in Runtime shutdown
01-22 20:27:32.991 D/installd( 1114): Processed secondary dex file /data/user_de/999/com.google.android.gms/app_chimera/m/000000c6/dl-TfliteDynamiteDynamite.integ_243930802100400.apk result=0
01-22 20:27:32.993 D/OplusDexSceneManager( 1748): Starting attach context  for  com.google.android.gms reason: bg-dexopt
01-22 20:27:32.993 D/OplusDexSceneManager( 1748): isTopAppFront =======com.android.launcher:false
01-22 20:27:32.993 D/OplusDexSceneManager( 1748): OplusDex Framework didnot works!
01-22 20:27:32.994 D/PackageDexOptimizer( 1748): Running dexopt on: /data/user_de/999/com.google.android.gms/app_chimera/m/00000102/dl-PlayCloudSearch.optional_260233100000.apk pkg=com.google.android.gms isa=[arm64] reason=bg-dexopt dexoptFlags=boot_complete,profile_guided,secondary,storage_de,idle_background_job,enable_hidden_api_checks target-filter=speed-profile class-loader-context=DLC[];PCL[/data/app/~~ELby_H2hT9EwXjHsIWTweg==/com.google.android.gms-lnT4HCbVAT6U8P0lsxDlfw==/base.apk]{PCL[/system/framework/org.apache.http.legacy.jar]#PCL[/system/framework/com.android.location.provider.jar]#PCL[/system/framework/com.android.media.remotedisplay.jar]#PCL[/system_ext/framework/androidx.window.extensions.jar]#PCL[/system_ext/framework/androidx.window.sidecar.jar]}
01-22 20:27:32.994 D/installd( 1114): Getting dex paths for context DLC[];PCL[/data/app/~~ELby_H2hT9EwXjHsIWTweg==/com.google.android.gms-lnT4HCbVAT6U8P0lsxDlfw==/base.apk]{PCL[/system/framework/org.apache.http.legacy.jar]#PCL[/system/framework/com.android.location.provider.jar]#PCL[/system/framework/com.android.media.remotedisplay.jar]#PCL[/system_ext/framework/androidx.window.extensions.jar]#PCL[/system_ext/framework/androidx.window.sidecar.jar]}
01-22 20:27:32.995 I/OplusHansManager ( 1748): uid=10817, pkg=com.indeed.android.jobsearch can transition from M to F
01-22 20:27:32.995 I/OplusHansManager ( 1748): uid=10817, pkg=com.indeed.android.jobsearch F enter(), M stay=10
01-22 20:27:33.000 I/OplusHansManager ( 1748): freeze uid: 10817 com.indeed.android.jobsearch pids: [3249, 3593] IsolatedUid: [99251] scene: LcdOff
01-22 20:27:33.002 D/IHansComunication( 6221): HansComunication::addUid-- 10817, persistent--0
01-22 20:27:33.002 D/IHansComunication( 6221): HANS sendMessageToKernel: threadId = 516689218736, netLinkSetup = 1, type = PKG, targetUid = 10817, pkgCmd = ADD_ONE_UID
01-22 20:27:33.006 I/OplusHansManager ( 1748): uid=10744, pkg=com.cricbuzz.android can transition from M to F
01-22 20:27:33.006 I/OplusHansManager ( 1748): uid=10744, pkg=com.cricbuzz.android F enter(), M stay=10
01-22 20:27:33.014 I/OplusHansManager ( 1748): freeze uid: 10744 com.cricbuzz.android pids: [9694, 19174] IsolatedUid: [99275] scene: LcdOff
01-22 20:27:33.015 D/IHansComunication( 6221): HansComunication::addUid-- 10744, persistent--0
01-22 20:27:33.015 D/IHansComunication( 6221): HANS sendMessageToKernel: threadId = 516689218736, netLinkSetup = 1, type = PKG, targetUid = 10744, pkgCmd = ADD_ONE_UID
01-22 20:27:33.035 D/installd( 1114): Processing secondary dex path /data/user_de/999/com.google.android.gms/app_chimera/m/00000102/dl-PlayCloudSearch.optional_260233100000.apk
01-22 20:27:33.035 W/Finsky  ( 4911): [2] STU: Failed to get storage stats for package 'com.google.android.sdkext' (1601: Error getting stats: android.content.pm.PackageManager.NameNotFoundException)
01-22 20:27:33.068 W/Finsky  ( 4911): [2] STU: Failed to get storage stats for package 'com.google.android.adservices' (1601: Error getting stats: android.content.pm.PackageManager.NameNotFoundException)
01-22 20:27:33.069 W/Finsky  ( 4911): [2] STU: Failed to get storage stats for package 'com.google.android.tethering' (1601: Error getting stats: android.content.pm.PackageManager.NameNotFoundException)
01-22 20:27:33.075 I/dexoptanalyzer(20062): Using CollectorTypeCC GC.
01-22 20:27:33.208 E/dexoptanalyzer(20062): Failed to seek to beginning of file : Bad file descriptor
01-22 20:27:33.208 W/dexoptanalyzer(20062): Current thread not detached in Runtime shutdown
01-22 20:27:33.224 D/installd( 1114): Processed secondary dex file /data/user_de/999/com.google.android.gms/app_chimera/m/00000102/dl-PlayCloudSearch.optional_260233100000.apk result=0
01-22 20:27:33.225 D/OplusDexSceneManager( 1748): Starting attach context  for  com.google.android.gms reason: bg-dexopt
01-22 20:27:33.226 D/OplusDexSceneManager( 1748): isTopAppFront =======com.android.launcher:false
01-22 20:27:33.226 D/OplusDexSceneManager( 1748): OplusDex Framework didnot works!
01-22 20:27:33.226 D/PackageDexOptimizer( 1748): Running dexopt on: /data/user/0/com.google.android.gms/app_dg_cache/A1442E7AF072B496CCB2C7DF6A5CEECC73356BBA/the.apk pkg=com.google.android.gms isa=[arm64] reason=bg-dexopt dexoptFlags=boot_complete,profile_guided,secondary,storage_ce,idle_background_job,enable_hidden_api_checks target-filter=verify class-loader-context=null
01-22 20:27:33.227 D/installd( 1114): Processing secondary dex path /data/user/0/com.google.android.gms/app_dg_cache/A1442E7AF072B496CCB2C7DF6A5CEECC73356BBA/the.apk
01-22 20:27:33.285 I/dexoptanalyzer(20063): Using CollectorTypeCC GC.
01-22 20:27:33.412 W/dexoptanalyzer(20063): Current thread not detached in Runtime shutdown
01-22 20:27:33.428 W/Finsky  ( 4911): [2] STU: Failed to get storage stats for package 'com.google.android.cellbroadcast' (1601: Error getting stats: android.content.pm.PackageManager.NameNotFoundException)
01-22 20:27:33.429 D/installd( 1114): Processed secondary dex file /data/user/0/com.google.android.gms/app_dg_cache/A1442E7AF072B496CCB2C7DF6A5CEECC73356BBA/the.apk result=0
01-22 20:27:33.431 D/OplusDexSceneManager( 1748): Starting attach context  for  com.google.android.gms reason: bg-dexopt
01-22 20:27:33.431 D/OplusDexSceneManager( 1748): isTopAppFront =======com.android.launcher:false
01-22 20:27:33.431 D/OplusDexSceneManager( 1748): OplusDex Framework didnot works!
01-22 20:27:33.432 D/PackageDexOptimizer( 1748): Running dexopt on: /data/user_de/0/com.google.android.gms/app_chimera/m/000006ab/dl-AdsFdrDynamite.integ_254380203100000.apk pkg=com.google.android.gms isa=[arm64] reason=bg-dexopt dexoptFlags=boot_complete,public,secondary,storage_de,idle_background_job,enable_hidden_api_checks target-filter=verify class-loader-context=null
01-22 20:27:33.432 D/installd( 1114): Processing secondary dex path /data/user_de/0/com.google.android.gms/app_chimera/m/000006ab/dl-AdsFdrDynamite.integ_254380203100000.apk
01-22 20:27:33.435 E/installd(20066): Failed to create profile /data/user_de/0/com.google.android.gms/app_chimera/m/000006ab/oat/dl-AdsFdrDynamite.integ_254380203100000.apk.prof: Permission denied
01-22 20:27:33.435 E/installd(20066): Failed to open profile /data/user_de/0/com.google.android.gms/app_chimera/m/000006ab/oat/dl-AdsFdrDynamite.integ_254380203100000.apk.prof: Permission denied
01-22 20:27:33.471 I/dexoptanalyzer(20066): Using CollectorTypeCC GC.
01-22 20:27:33.599 W/dexoptanalyzer(20066): Current thread not detached in Runtime shutdown
01-22 20:27:33.617 D/installd( 1114): Processed secondary dex file /data/user_de/0/com.google.android.gms/app_chimera/m/000006ab/dl-AdsFdrDynamite.integ_254380203100000.apk result=0
01-22 20:27:33.619 D/OplusDexSceneManager( 1748): Starting attach context  for  com.google.android.gms reason: bg-dexopt
01-22 20:27:33.619 D/OplusDexSceneManager( 1748): isTopAppFront =======com.android.launcher:false
01-22 20:27:33.619 D/OplusDexSceneManager( 1748): OplusDex Framework didnot works!
01-22 20:27:33.619 D/PackageDexOptimizer( 1748): Running dexopt on: /data/user_de/0/com.google.android.gms/app_chimera/m/000006f1/dl-Fastpair.optional_260233100000.apk pkg=com.google.android.gms isa=[arm64] reason=bg-dexopt dexoptFlags=boot_complete,profile_guided,secondary,storage_de,idle_background_job,enable_hidden_api_checks target-filter=speed-profile class-loader-context=DLC[];PCL[/data/app/~~ELby_H2hT9EwXjHsIWTweg==/com.google.android.gms-lnT4HCbVAT6U8P0lsxDlfw==/base.apk]{PCL[/system/framework/org.apache.http.legacy.jar]#PCL[/system/framework/com.android.location.provider.jar]#PCL[/system/framework/com.android.media.remotedisplay.jar]#PCL[/system_ext/framework/androidx.window.extensions.jar]#PCL[/system_ext/framework/androidx.window.sidecar.jar]}
01-22 20:27:33.620 D/installd( 1114): Getting dex paths for context DLC[];PCL[/data/app/~~ELby_H2hT9EwXjHsIWTweg==/com.google.android.gms-lnT4HCbVAT6U8P0lsxDlfw==/base.apk]{PCL[/system/framework/org.apache.http.legacy.jar]#PCL[/system/framework/com.android.location.provider.jar]#PCL[/system/framework/com.android.media.remotedisplay.jar]#PCL[/system_ext/framework/androidx.window.extensions.jar]#PCL[/system_ext/framework/androidx.window.sidecar.jar]}
01-22 20:27:33.642 I/mtkpower@impl(  859): [powerd_req] TIMER_MSG_PERF_LOCK_TIMEOUT hdl:60046
01-22 20:27:33.642 I/libPowerHal(  859): [perfLockRel] hdl:60046, idx:1
01-22 20:27:33.643 I/libPowerHal(  859): MTKPOWER_HINT_PROCESS_CREATE: cpu_ctrl set cpu freq: 774000 -1 850000 -1
01-22 20:27:33.643 I/libPowerHal(  859): [PD] MTKPOWER_HINT_PROCESS_CREATE update cmd:1000000, param:1
01-22 20:27:33.644 I/libPowerHal(  859): [PD] MTKPOWER_HINT_PROCESS_CREATE update cmd:1408300 param:40
01-22 20:27:33.645 I/libPowerHal(  859): [PD] MTKPOWER_HINT_PROCESS_CREATE update cmd:1434500 param:0
01-22 20:27:33.645 I/libPowerHal(  859): [PD] MTKPOWER_HINT_PROCESS_CREATE update cmd:1000000 param:1
01-22 20:27:33.656 D/installd( 1114): Processing secondary dex path /data/user_de/0/com.google.android.gms/app_chimera/m/000006f1/dl-Fastpair.optional_260233100000.apk
01-22 20:27:33.696 I/dexoptanalyzer(20069): Using CollectorTypeCC GC.
01-22 20:27:33.705 E/IHansComunication( 6221): HANS printMessageBody: RCV message: type = 0,port = 86870,caller_pid = 1089,caller_uid = 1047,target_pid = 3249,target_uid = 10817,pkg_cmd = -1,rpc = android.hardware.ICameraServiceListener/5
01-22 20:27:33.705 E/IHansComunication( 6221): HANS printMessageBody: RCV message: type = 0,port = 86870,caller_pid = 1089,caller_uid = 1047,target_pid = 9694,target_uid = 10744,pkg_cmd = -1,rpc = android.hardware.ICameraServiceListener/5
01-22 20:27:33.711 I/OplusHansManager ( 1748): unfreeze uid: 10817 com.indeed.android.jobsearch pids: [3249, 3593] reason: AsyncBinder scene: LcdOff
01-22 20:27:33.712 I/OplusHansManager ( 1748): uid=10817, pkg=com.indeed.android.jobsearch, transition from Frozen to Middle, reason=AsyncBinder
01-22 20:27:33.712 I/OplusHansManager ( 1748): uid=10817, pkg=com.indeed.android.jobsearch F exit(), F stay=0, reason=AsyncBinder
01-22 20:27:33.715 I/Choreographer( 9694): Skipped 42 frames!  The application may be doing too much work on its main thread.
01-22 20:27:33.720 I/OplusHansManager ( 1748): unfreeze uid: 10744 com.cricbuzz.android pids: [9694, 19174] reason: AsyncBinder scene: LcdOff
01-22 20:27:33.722 I/OplusHansManager ( 1748): uid=10744, pkg=com.cricbuzz.android, transition from Frozen to Middle, reason=AsyncBinder
01-22 20:27:33.722 I/OplusHansManager ( 1748): uid=10744, pkg=com.cricbuzz.android F exit(), F stay=0, reason=AsyncBinder
01-22 20:27:33.799 W/Finsky  ( 4911): [2] STU: Failed to get storage stats for package 'com.google.android.tzdata4' (1601: Error getting stats: android.content.pm.PackageManager.NameNotFoundException)
01-22 20:27:33.833 E/dexoptanalyzer(20069): Failed to seek to beginning of file : Bad file descriptor
01-22 20:27:33.833 W/dexoptanalyzer(20069): Current thread not detached in Runtime shutdown
01-22 20:27:33.850 D/installd( 1114): Processed secondary dex file /data/user_de/0/com.google.android.gms/app_chimera/m/000006f1/dl-Fastpair.optional_260233100000.apk result=0
01-22 20:27:33.852 D/OplusDexSceneManager( 1748): Starting attach context  for  com.google.android.gms reason: bg-dexopt
01-22 20:27:33.852 D/OplusDexSceneManager( 1748): isTopAppFront =======com.android.launcher:false
01-22 20:27:33.852 D/OplusDexSceneManager( 1748): OplusDex Framework didnot works!
01-22 20:27:33.852 D/PackageDexOptimizer( 1748): Running dexopt on: /data/user/0/com.google.android.gms/app_dg_cache/539E273229BC2C9434CD4D54F801F1B642616683/the.apk pkg=com.google.android.gms isa=[arm64] reason=bg-dexopt dexoptFlags=boot_complete,profile_guided,secondary,storage_ce,idle_background_job,enable_hidden_api_checks target-filter=speed-profile class-loader-context=PCL[];PCL[/data/app/~~eJGYMilY1V5KDnY1jAI4QA==/com.google.android.gms--X648J6cg-M_aAmDgMMWFA==/base.apk]{PCL[/system/framework/org.apache.http.legacy.jar]#PCL[/system/framework/com.android.media.remotedisplay.jar]#PCL[/system/framework/com.android.location.provider.jar]#PCL[/system_ext/framework/androidx.window.extensions.jar]#PCL[/system_ext/framework/androidx.window.sidecar.jar]#PCL[/system/framework/org.apache.http.legacy.jar]}
01-22 20:27:33.853 D/installd( 1114): Getting dex paths for context PCL[];PCL[/data/app/~~eJGYMilY1V5KDnY1jAI4QA==/com.google.android.gms--X648J6cg-M_aAmDgMMWFA==/base.apk]{PCL[/system/framework/org.apache.http.legacy.jar]#PCL[/system/framework/com.android.media.remotedisplay.jar]#PCL[/system/framework/com.android.location.provider.jar]#PCL[/system_ext/framework/androidx.window.extensions.jar]#PCL[/system_ext/framework/androidx.window.sidecar.jar]#PCL[/system/framework/org.apache.http.legacy.jar]}
01-22 20:27:33.886 W/Finsky  ( 4911): [2] STU: Failed to get storage stats for package 'com.google.android.permission' (1601: Error getting stats: android.content.pm.PackageManager.NameNotFoundException)
01-22 20:27:33.889 D/installd( 1114): Processing secondary dex path /data/user/0/com.google.android.gms/app_dg_cache/539E273229BC2C9434CD4D54F801F1B642616683/the.apk
01-22 20:27:33.893 D/installd( 1114): Processed secondary dex file /data/user/0/com.google.android.gms/app_dg_cache/539E273229BC2C9434CD4D54F801F1B642616683/the.apk result=205
01-22 20:27:33.895 D/AppDelegatorImpl(19904): execute onAppIdle
01-22 20:27:33.896 D/OplusDexSceneManager( 1748): Starting attach context  for  com.google.android.gms reason: bg-dexopt
01-22 20:27:33.896 D/OplusDexSceneManager( 1748): isTopAppFront =======com.android.launcher:false
01-22 20:27:33.896 D/OplusDexSceneManager( 1748): OplusDex Framework didnot works!
01-22 20:27:33.896 D/PackageDexOptimizer( 1748): Running dexopt on: /data/user/0/com.google.android.gms/app_dg_cache/F6B993618D245C45CC8EA213FA039A5EB670AFCE/the.apk pkg=com.google.android.gms isa=[arm64] reason=bg-dexopt dexoptFlags=boot_complete,profile_guided,secondary,storage_ce,idle_background_job,enable_hidden_api_checks target-filter=verify class-loader-context=null
01-22 20:27:33.896 D/installd( 1114): Processing secondary dex path /data/user/0/com.google.android.gms/app_dg_cache/F6B993618D245C45CC8EA213FA039A5EB670AFCE/the.apk
01-22 20:27:33.959 I/dexoptanalyzer(20072): Using CollectorTypeCC GC.
01-22 20:27:34.003 D/IHansComunication( 6221): HANS sendMessageToKernel: threadId = 516689218736, netLinkSetup = 1, type = FROZEN_TRANS, targetUid = 10817, pkgCmd = PKG_CMD_MAX
01-22 20:27:34.016 D/IHansComunication( 6221): HANS sendMessageToKernel: threadId = 516689218736, netLinkSetup = 1, type = FROZEN_TRANS, targetUid = 10744, pkgCmd = PKG_CMD_MAX
01-22 20:27:34.089 W/dexoptanalyzer(20072): Current thread not detached in Runtime shutdown
01-22 20:27:34.107 D/installd( 1114): Processed secondary dex file /data/user/0/com.google.android.gms/app_dg_cache/F6B993618D245C45CC8EA213FA039A5EB670AFCE/the.apk result=0
01-22 20:27:34.109 D/OplusDexSceneManager( 1748): Starting attach context  for  com.google.android.gms reason: bg-dexopt
01-22 20:27:34.109 D/OplusDexSceneManager( 1748): isTopAppFront =======com.android.launcher:false
01-22 20:27:34.109 D/OplusDexSceneManager( 1748): OplusDex Framework didnot works!
01-22 20:27:34.109 D/PackageDexOptimizer( 1748): Running dexopt on: /data/user_de/0/com.google.android.gms/app_chimera/m/000006ea/dl-GrowthUpgradeparty.optional_260233100000.apk pkg=com.google.android.gms isa=[arm64] reason=bg-dexopt dexoptFlags=boot_complete,profile_guided,secondary,storage_de,idle_background_job,enable_hidden_api_checks target-filter=speed-profile class-loader-context=DLC[];PCL[/data/app/~~ELby_H2hT9EwXjHsIWTweg==/com.google.android.gms-lnT4HCbVAT6U8P0lsxDlfw==/base.apk]{PCL[/system/framework/org.apache.http.legacy.jar]#PCL[/system/framework/com.android.location.provider.jar]#PCL[/system/framework/com.android.media.remotedisplay.jar]#PCL[/system_ext/framework/androidx.window.extensions.jar]#PCL[/system_ext/framework/androidx.window.sidecar.jar]}
01-22 20:27:34.109 D/installd( 1114): Getting dex paths for context DLC[];PCL[/data/app/~~ELby_H2hT9EwXjHsIWTweg==/com.google.android.gms-lnT4HCbVAT6U8P0lsxDlfw==/base.apk]{PCL[/system/framework/org.apache.http.legacy.jar]#PCL[/system/framework/com.android.location.provider.jar]#PCL[/system/framework/com.android.media.remotedisplay.jar]#PCL[/system_ext/framework/androidx.window.extensions.jar]#PCL[/system_ext/framework/androidx.window.sidecar.jar]}
01-22 20:27:34.148 D/installd( 1114): Processing secondary dex path /data/user_de/0/com.google.android.gms/app_chimera/m/000006ea/dl-GrowthUpgradeparty.optional_260233100000.apk
01-22 20:27:34.188 I/dexoptanalyzer(20075): Using CollectorTypeCC GC.
01-22 20:27:34.322 E/dexoptanalyzer(20075): Failed to seek to beginning of file : Bad file descriptor
01-22 20:27:34.322 W/dexoptanalyzer(20075): Current thread not detached in Runtime shutdown
01-22 20:27:34.339 D/installd( 1114): Processed secondary dex file /data/user_de/0/com.google.android.gms/app_chimera/m/000006ea/dl-GrowthUpgradeparty.optional_260233100000.apk result=0
01-22 20:27:34.341 D/OplusDexSceneManager( 1748): Starting attach context  for  com.google.android.gms reason: bg-dexopt
01-22 20:27:34.341 D/OplusDexSceneManager( 1748): isTopAppFront =======com.android.launcher:false
01-22 20:27:34.341 D/OplusDexSceneManager( 1748): OplusDex Framework didnot works!
01-22 20:27:34.341 D/PackageDexOptimizer( 1748): Running dexopt on: /data/user_de/0/com.google.android.gms/app_chimera/m/000006e5/dl-BetterTogether.optional_260233100000.apk pkg=com.google.android.gms isa=[arm64] reason=bg-dexopt dexoptFlags=boot_complete,profile_guided,secondary,storage_de,idle_background_job,enable_hidden_api_checks target-filter=speed-profile class-loader-context=DLC[];PCL[/data/app/~~ELby_H2hT9EwXjHsIWTweg==/com.google.android.gms-lnT4HCbVAT6U8P0lsxDlfw==/base.apk]{PCL[/system/framework/org.apache.http.legacy.jar]#PCL[/system/framework/com.android.location.provider.jar]#PCL[/system/framework/com.android.media.remotedisplay.jar]#PCL[/system_ext/framework/androidx.window.extensions.jar]#PCL[/system_ext/framework/androidx.window.sidecar.jar]}
01-22 20:27:34.341 D/installd( 1114): Getting dex paths for context DLC[];PCL[/data/app/~~ELby_H2hT9EwXjHsIWTweg==/com.google.android.gms-lnT4HCbVAT6U8P0lsxDlfw==/base.apk]{PCL[/system/framework/org.apache.http.legacy.jar]#PCL[/system/framework/com.android.location.provider.jar]#PCL[/system/framework/com.android.media.remotedisplay.jar]#PCL[/system_ext/framework/androidx.window.extensions.jar]#PCL[/system_ext/framework/androidx.window.sidecar.jar]}
01-22 20:27:34.378 D/installd( 1114): Processing secondary dex path /data/user_de/0/com.google.android.gms/app_chimera/m/000006e5/dl-BetterTogether.optional_260233100000.apk
01-22 20:27:34.418 I/dexoptanalyzer(20077): Using CollectorTypeCC GC.
01-22 20:27:34.469 I/charon  (10534): 03[JOB] [schedule()  269] Job timer expiry(now:126395, event->time:126395), queuing job for execution
01-22 20:27:34.552 E/dexoptanalyzer(20077): Failed to seek to beginning of file : Bad file descriptor
01-22 20:27:34.552 W/dexoptanalyzer(20077): Current thread not detached in Runtime shutdown
01-22 20:27:34.569 D/installd( 1114): Processed secondary dex file /data/user_de/0/com.google.android.gms/app_chimera/m/000006e5/dl-BetterTogether.optional_260233100000.apk result=0
01-22 20:27:34.570 D/OplusDexSceneManager( 1748): Starting attach context  for  com.google.android.gms reason: bg-dexopt
01-22 20:27:34.571 D/OplusDexSceneManager( 1748): isTopAppFront =======com.android.launcher:false
01-22 20:27:34.571 D/OplusDexSceneManager( 1748): OplusDex Framework didnot works!
01-22 20:27:34.571 D/PackageDexOptimizer( 1748): Running dexopt on: /data/user/999/com.google.android.gms/app_dg_cache/BC758ED5E7D6BDB04AA7A99271131838E0308423/the.apk pkg=com.google.android.gms isa=[arm64] reason=bg-dexopt dexoptFlags=boot_complete,profile_guided,secondary,storage_ce,idle_background_job,enable_hidden_api_checks target-filter=speed-profile class-loader-context=PCL[];PCL[/data/app/~~eJGYMilY1V5KDnY1jAI4QA==/com.google.android.gms--X648J6cg-M_aAmDgMMWFA==/base.apk]{PCL[/system/framework/org.apache.http.legacy.jar]#PCL[/system/framework/com.android.media.remotedisplay.jar]#PCL[/system/framework/com.android.location.provider.jar]#PCL[/system_ext/framework/androidx.window.extensions.jar]#PCL[/system_ext/framework/androidx.window.sidecar.jar]#PCL[/system/framework/org.apache.http.legacy.jar]}
01-22 20:27:34.572 D/installd( 1114): Getting dex paths for context PCL[];PCL[/data/app/~~eJGYMilY1V5KDnY1jAI4QA==/com.google.android.gms--X648J6cg-M_aAmDgMMWFA==/base.apk]{PCL[/system/framework/org.apache.http.legacy.jar]#PCL[/system/framework/com.android.media.remotedisplay.jar]#PCL[/system/framework/com.android.location.provider.jar]#PCL[/system_ext/framework/androidx.window.extensions.jar]#PCL[/system_ext/framework/androidx.window.sidecar.jar]#PCL[/system/framework/org.apache.http.legacy.jar]}
01-22 20:27:34.609 D/installd( 1114): Processing secondary dex path /data/user/999/com.google.android.gms/app_dg_cache/BC758ED5E7D6BDB04AA7A99271131838E0308423/the.apk
01-22 20:27:34.612 D/installd( 1114): Processed secondary dex file /data/user/999/com.google.android.gms/app_dg_cache/BC758ED5E7D6BDB04AA7A99271131838E0308423/the.apk result=205
01-22 20:27:34.614 D/OplusDexSceneManager( 1748): Starting attach context  for  com.google.android.gms reason: bg-dexopt
01-22 20:27:34.614 D/OplusDexSceneManager( 1748): isTopAppFront =======com.android.launcher:false
01-22 20:27:34.614 D/OplusDexSceneManager( 1748): OplusDex Framework didnot works!
01-22 20:27:34.614 D/PackageDexOptimizer( 1748): Running dexopt on: /data/user_de/999/com.google.android.gms/app_chimera/m/00000104/dl-GrowthUpgradeparty.optional_260233100000.apk pkg=com.google.android.gms isa=[arm64] reason=bg-dexopt dexoptFlags=boot_complete,profile_guided,secondary,storage_de,idle_background_job,enable_hidden_api_checks target-filter=speed-profile class-loader-context=DLC[];PCL[/data/app/~~ELby_H2hT9EwXjHsIWTweg==/com.google.android.gms-lnT4HCbVAT6U8P0lsxDlfw==/base.apk]{PCL[/system/framework/org.apache.http.legacy.jar]#PCL[/system/framework/com.android.location.provider.jar]#PCL[/system/framework/com.android.media.remotedisplay.jar]#PCL[/system_ext/framework/androidx.window.extensions.jar]#PCL[/system_ext/framework/androidx.window.sidecar.jar]}
01-22 20:27:34.615 D/installd( 1114): Getting dex paths for context DLC[];PCL[/data/app/~~ELby_H2hT9EwXjHsIWTweg==/com.google.android.gms-lnT4HCbVAT6U8P0lsxDlfw==/base.apk]{PCL[/system/framework/org.apache.http.legacy.jar]#PCL[/system/framework/com.android.location.provider.jar]#PCL[/system/framework/com.android.media.remotedisplay.jar]#PCL[/system_ext/framework/androidx.window.extensions.jar]#PCL[/system_ext/framework/androidx.window.sidecar.jar]}
01-22 20:27:34.652 D/installd( 1114): Processing secondary dex path /data/user_de/999/com.google.android.gms/app_chimera/m/00000104/dl-GrowthUpgradeparty.optional_260233100000.apk
01-22 20:27:34.668 D/BoundBrokerSvc(20067): onUnbind: Intent { act=com.google.android.gms.common.telemetry.service.START dat=chimera-action:/... cmp=com.google.android.gms/.chimera.PersistentApiService }
01-22 20:27:34.693 I/dexoptanalyzer(20082): Using CollectorTypeCC GC.
01-22 20:27:34.829 E/dexoptanalyzer(20082): Failed to seek to beginning of file : Bad file descriptor
01-22 20:27:34.829 W/dexoptanalyzer(20082): Current thread not detached in Runtime shutdown
01-22 20:27:34.846 D/installd( 1114): Processed secondary dex file /data/user_de/999/com.google.android.gms/app_chimera/m/00000104/dl-GrowthUpgradeparty.optional_260233100000.apk result=0
01-22 20:27:34.847 D/OplusDexSceneManager( 1748): Starting attach context  for  com.google.android.gms reason: bg-dexopt
01-22 20:27:34.848 D/OplusDexSceneManager( 1748): isTopAppFront =======com.android.launcher:false
01-22 20:27:34.848 D/OplusDexSceneManager( 1748): OplusDex Framework didnot works!
01-22 20:27:34.848 D/PackageDexOptimizer( 1748): Running dexopt on: /data/user/0/com.google.android.gms/app_dg_cache/1479D6BF6FCF6C46C8B4A12D79750ADE94AAD018/the.apk pkg=com.google.android.gms isa=[arm64] reason=bg-dexopt dexoptFlags=boot_complete,profile_guided,secondary,storage_ce,idle_background_job,enable_hidden_api_checks target-filter=speed-profile class-loader-context=PCL[];PCL[/data/app/~~eJGYMilY1V5KDnY1jAI4QA==/com.google.android.gms--X648J6cg-M_aAmDgMMWFA==/base.apk]{PCL[/system/framework/org.apache.http.legacy.jar]#PCL[/system/framework/com.android.media.remotedisplay.jar]#PCL[/system/framework/com.android.location.provider.jar]#PCL[/system_ext/framework/androidx.window.extensions.jar]#PCL[/system_ext/framework/androidx.window.sidecar.jar]#PCL[/system/framework/org.apache.http.legacy.jar]}
01-22 20:27:34.848 D/installd( 1114): Getting dex paths for context PCL[];PCL[/data/app/~~eJGYMilY1V5KDnY1jAI4QA==/com.google.android.gms--X648J6cg-M_aAmDgMMWFA==/base.apk]{PCL[/system/framework/org.apache.http.legacy.jar]#PCL[/system/framework/com.android.media.remotedisplay.jar]#PCL[/system/framework/com.android.location.provider.jar]#PCL[/system_ext/framework/androidx.window.extensions.jar]#PCL[/system_ext/framework/androidx.window.sidecar.jar]#PCL[/system/framework/org.apache.http.legacy.jar]}
01-22 20:27:34.888 D/installd( 1114): Processing secondary dex path /data/user/0/com.google.android.gms/app_dg_cache/1479D6BF6FCF6C46C8B4A12D79750ADE94AAD018/the.apk
01-22 20:27:34.892 D/installd( 1114): Processed secondary dex file /data/user/0/com.google.android.gms/app_dg_cache/1479D6BF6FCF6C46C8B4A12D79750ADE94AAD018/the.apk result=205
01-22 20:27:34.894 D/OplusDexSceneManager( 1748): Starting attach context  for  com.google.android.gms reason: bg-dexopt
01-22 20:27:34.894 D/OplusDexSceneManager( 1748): isTopAppFront =======com.android.launcher:false
01-22 20:27:34.894 D/OplusDexSceneManager( 1748): OplusDex Framework didnot works!
01-22 20:27:34.894 D/PackageDexOptimizer( 1748): Running dexopt on: /data/user/999/com.google.android.gms/app_dg_cache/F69F380742AF765C5688217890FC7C5272FF6A59/the.apk pkg=com.google.android.gms isa=[arm64] reason=bg-dexopt dexoptFlags=boot_complete,profile_guided,secondary,storage_ce,idle_background_job,enable_hidden_api_checks target-filter=verify class-loader-context=null
01-22 20:27:34.894 D/installd( 1114): Processing secondary dex path /data/user/999/com.google.android.gms/app_dg_cache/F69F380742AF765C5688217890FC7C5272FF6A59/the.apk
01-22 20:27:34.962 I/dexoptanalyzer(20085): Using CollectorTypeCC GC.
01-22 20:27:35.096 W/dexoptanalyzer(20085): Current thread not detached in Runtime shutdown
01-22 20:27:35.113 D/installd( 1114): Processed secondary dex file /data/user/999/com.google.android.gms/app_dg_cache/F69F380742AF765C5688217890FC7C5272FF6A59/the.apk result=0
01-22 20:27:35.115 D/OplusDexSceneManager( 1748): Starting attach context  for  com.google.android.gms reason: bg-dexopt
01-22 20:27:35.115 D/OplusDexSceneManager( 1748): isTopAppFront =======com.android.launcher:false
01-22 20:27:35.115 D/OplusDexSceneManager( 1748): OplusDex Framework didnot works!
01-22 20:27:35.115 D/PackageDexOptimizer( 1748): Running dexopt on: /data/user_de/0/com.google.android.gms/app_chimera/m/000006ee/dl-MlkitOcrCommon.optional_260233100400.apk pkg=com.google.android.gms isa=[arm64] reason=bg-dexopt dexoptFlags=boot_complete,profile_guided,secondary,storage_de,idle_background_job,enable_hidden_api_checks target-filter=speed-profile class-loader-context=DLC[];PCL[/data/app/~~ELby_H2hT9EwXjHsIWTweg==/com.google.android.gms-lnT4HCbVAT6U8P0lsxDlfw==/base.apk]{PCL[/system/framework/org.apache.http.legacy.jar]#PCL[/system/framework/com.android.location.provider.jar]#PCL[/system/framework/com.android.media.remotedisplay.jar]#PCL[/system_ext/framework/androidx.window.extensions.jar]#PCL[/system_ext/framework/androidx.window.sidecar.jar]}
01-22 20:27:35.115 D/installd( 1114): Getting dex paths for context DLC[];PCL[/data/app/~~ELby_H2hT9EwXjHsIWTweg==/com.google.android.gms-lnT4HCbVAT6U8P0lsxDlfw==/base.apk]{PCL[/system/framework/org.apache.http.legacy.jar]#PCL[/system/framework/com.android.location.provider.jar]#PCL[/system/framework/com.android.media.remotedisplay.jar]#PCL[/system_ext/framework/androidx.window.extensions.jar]#PCL[/system_ext/framework/androidx.window.sidecar.jar]}
01-22 20:27:35.144 I/Athena  ( 2605): CommonAction: 21,2709,149,0,0,0,384,0,2634,2558,1105,1552
01-22 20:27:35.158 D/installd( 1114): Processing secondary dex path /data/user_de/0/com.google.android.gms/app_chimera/m/000006ee/dl-MlkitOcrCommon.optional_260233100400.apk
01-22 20:27:35.209 I/dexoptanalyzer(20088): Using CollectorTypeCC GC.
01-22 20:27:35.323 D/vendor.oplus.hardware.charger@1.0-service(  897): getChargerControl:
01-22 20:27:35.346 E/dexoptanalyzer(20088): Failed to seek to beginning of file : Bad file descriptor
01-22 20:27:35.346 W/dexoptanalyzer(20088): Current thread not detached in Runtime shutdown
01-22 20:27:35.364 D/installd( 1114): Processed secondary dex file /data/user_de/0/com.google.android.gms/app_chimera/m/000006ee/dl-MlkitOcrCommon.optional_260233100400.apk result=0
01-22 20:27:35.367 D/OplusDexSceneManager( 1748): Starting attach context  for  com.google.android.gms reason: bg-dexopt
01-22 20:27:35.367 D/OplusDexSceneManager( 1748): isTopAppFront =======com.android.launcher:false
01-22 20:27:35.367 D/OplusDexSceneManager( 1748): OplusDex Framework didnot works!
01-22 20:27:35.367 D/PackageDexOptimizer( 1748): Running dexopt on: /data/user/0/com.google.android.gms/app_dg_cache/F69F380742AF765C5688217890FC7C5272FF6A59/the.apk pkg=com.google.android.gms isa=[arm64] reason=bg-dexopt dexoptFlags=boot_complete,profile_guided,secondary,storage_ce,idle_background_job,enable_hidden_api_checks target-filter=verify class-loader-context=null
01-22 20:27:35.368 D/installd( 1114): Processing secondary dex path /data/user/0/com.google.android.gms/app_dg_cache/F69F380742AF765C5688217890FC7C5272FF6A59/the.apk
01-22 20:27:35.371 W/Finsky  ( 4911): [2] STU: Failed to get storage stats for package 'com.google.android.media.swcodec' (1601: Error getting stats: android.content.pm.PackageManager.NameNotFoundException)
01-22 20:27:35.436 I/dexoptanalyzer(20089): Using CollectorTypeCC GC.
01-22 20:27:35.485 W/HidlServiceHelper(19392): Failed to read virtual TLC buffer usage returns is NULLnull
01-22 20:27:35.563 W/dexoptanalyzer(20089): Current thread not detached in Runtime shutdown
01-22 20:27:35.567 W/Finsky  ( 4911): [2] STU: Failed to get storage stats for package 'com.google.android.adbd' (1601: Error getting stats: android.content.pm.PackageManager.NameNotFoundException)
01-22 20:27:35.580 D/installd( 1114): Processed secondary dex file /data/user/0/com.google.android.gms/app_dg_cache/F69F380742AF765C5688217890FC7C5272FF6A59/the.apk result=0
01-22 20:27:35.581 D/OplusDexSceneManager( 1748): Starting attach context  for  com.google.android.gms reason: bg-dexopt
01-22 20:27:35.581 D/OplusDexSceneManager( 1748): isTopAppFront =======com.android.launcher:false
01-22 20:27:35.581 D/OplusDexSceneManager( 1748): OplusDex Framework didnot works!
01-22 20:27:35.581 D/PackageDexOptimizer( 1748): Running dexopt on: /data/user_de/0/com.google.android.gms/app_chimera/m/000006eb/dl-MlkitBarcodeUi.optional_260233100400.apk pkg=com.google.android.gms isa=[arm64] reason=bg-dexopt dexoptFlags=boot_complete,profile_guided,secondary,storage_de,idle_background_job,enable_hidden_api_checks target-filter=speed-profile class-loader-context=DLC[];PCL[/data/app/~~ELby_H2hT9EwXjHsIWTweg==/com.google.android.gms-lnT4HCbVAT6U8P0lsxDlfw==/base.apk]{PCL[/system/framework/org.apache.http.legacy.jar]#PCL[/system/framework/com.android.location.provider.jar]#PCL[/system/framework/com.android.media.remotedisplay.jar]#PCL[/system_ext/framework/androidx.window.extensions.jar]#PCL[/system_ext/framework/androidx.window.sidecar.jar]}
