--------- beginning of main
01-22 19:13:54.079 D/CCodecBufferChannel(16548): [c2.mtk.vp9.decoder#305] flushed work; ignored.
01-22 19:13:54.079 D/CCodecBufferChannel(16548): [c2.mtk.vp9.decoder#305] Discard frames from previous generation.
01-22 19:13:54.079 D/PipelineWatcher(16548): onWorkDone: frameIndex not found (18446744073709551615); ignored
01-22 19:13:54.079 D/CCodecBufferChannel(16548): [c2.mtk.vp9.decoder#305] flushed work not feedInput.
01-22 19:13:54.090 D/CCodecBufferChannel(16548): [c2.mtk.vp9.decoder#305] flushed work; ignored.
01-22 19:13:54.090 D/CCodecBufferChannel(16548): [c2.mtk.vp9.decoder#305] Discard frames from previous generation.
01-22 19:13:54.090 D/PipelineWatcher(16548): onWorkDone: frameIndex not found (18446744073709551615); ignored
01-22 19:13:54.090 D/CCodecBufferChannel(16548): [c2.mtk.vp9.decoder#305] flushed work not feedInput.
01-22 19:13:54.134 D/OplusAtlasService( 3300): getAttributeByAppName module:oplus-getStreamMaxVolume packageName:com.google.android.youtube
01-22 19:13:54.135 D/AudioManagerExtImpl(16548): getStreamVolume normal, volume index=7
01-22 19:13:54.152 I/InputReader( 1748): theia saupwkProcessKey
01-22 19:13:54.152 I/InputReader( 1748): theia start saupwkProcessKey
01-22 19:13:54.152 E/system_server( 1748): [theia_saupwk] start saupwkProcessKey
01-22 19:13:54.153 D/PhoneWindowManagerExtImpl( 1748): interceptKeyBeforeQueueing:KeyEvent { action=ACTION_DOWN, keyCode=KEYCODE_VOLUME_DOWN, scanCode=114, metaState=0, flags=0x8, repeatCount=0, eventTime=85632654108000, downTime=85632654108000, deviceId=2, source=0x101, displayId=-1 }   mIsUpGestureMode = false,  keyguardOn = false,  screenOn = true,  DisableBottomKeyMode = 0,  policyFlags = 570425344,  SosPowerKeyEnabled = true,  WalletSwitchState = 0,  IsQuickLaunchSupport = true,  canceled = false
01-22 19:13:54.153 D/OplusKeyCombinationManager( 1748): down true keyCode 25 count 0 interactive true eventTime 85632654 mDownTimes: {}
01-22 19:13:54.154 D/CCodecBufferChannel(16548): [c2.mtk.vp9.decoder#305] flushed work; ignored.
01-22 19:13:54.154 D/CCodecBufferChannel(16548): [c2.mtk.vp9.decoder#305] Discard frames from previous generation.
01-22 19:13:54.154 D/PipelineWatcher(16548): onWorkDone: frameIndex not found (18446744073709551615); ignored
01-22 19:13:54.154 D/CCodecBufferChannel(16548): [c2.mtk.vp9.decoder#305] flushed work not feedInput.
--------- beginning of system
01-22 19:13:54.155 W/ContextImpl( 1748): Calling a method in the system process without a qualified user: android.app.ContextImpl.sendBroadcast:1205 com.android.server.policy.PhoneWindowManagerExtImpl.overrideInterceptKeyBeforeQueueing:940 com.android.server.policy.SubPhoneWindowManager.interceptKeyBeforeQueueing:44 com.android.server.wm.InputManagerCallback.interceptKeyBeforeQueueing:146 com.android.server.input.InputManagerService.interceptKeyBeforeQueueing:3084 
01-22 19:13:54.156 I/OplusJoystickManager( 1748): read game pad state for game manager -> false
01-22 19:13:54.156 W/OplusJoystickManager( 1748): mInterceptGamepadKey is false
01-22 19:13:54.156 D/WindowManager( 1748): interceptKeyTq keycode=25 interactive=true keyguardActive=false policyFlags=22000000
01-22 19:13:54.157 D/KeyCombinationManager( 1748): down true keyCode 25 count 0 interactive true eventTime 85632654 mDownTimes: {}
01-22 19:13:54.158 I/VibratorManagerServiceExtImpl( 1748): cancelVibrate uid=1000, pid=1748, usageFilter=-15, token=201252634
01-22 19:13:54.158 D/CompatibilityChangeReporter( 1748): Compat change id reported: 173031413; UID 1000; state: ENABLED
01-22 19:13:54.159 D/PowerManagerService( 1748): userActivityNoUpdateLocked: groupId=0, eventTime=85632654, event=1, flags=0x0, uid=1000
01-22 19:13:54.160 E/OplusSplitScreenManagerService( 1748): shouldInterceptBackKeyForSplitScreen error! connection is null
01-22 19:13:54.186 D/CCodecBufferChannel(16548): [c2.mtk.vp9.decoder#305] flushed work; ignored.
01-22 19:13:54.186 D/CCodecBufferChannel(16548): [c2.mtk.vp9.decoder#305] Discard frames from previous generation.
01-22 19:13:54.186 D/PipelineWatcher(16548): onWorkDone: frameIndex not found (18446744073709551615); ignored
01-22 19:13:54.186 D/CCodecBufferChannel(16548): [c2.mtk.vp9.decoder#305] flushed work not feedInput.
01-22 19:13:54.197 D/CCodecBufferChannel(16548): [c2.mtk.vp9.decoder#305] flushed work; ignored.
01-22 19:13:54.197 D/CCodecBufferChannel(16548): [c2.mtk.vp9.decoder#305] Discard frames from previous generation.
01-22 19:13:54.197 D/PipelineWatcher(16548): onWorkDone: frameIndex not found (18446744073709551615); ignored
01-22 19:13:54.197 D/CCodecBufferChannel(16548): [c2.mtk.vp9.decoder#305] flushed work not feedInput.
01-22 19:13:54.199 W/System  ( 1748): A resource failed to call HardwareBuffer.close. 
01-22 19:13:54.204 D/OplusOsPackageManager( 1748): removePkgFromNotLaunchedList com.wholexale.app.staging
01-22 19:13:54.204 I/ActivityTaskManager( 1748): START u0 {flg=0x10000000 cmp=com.wholexale.app.staging/com.wholexale.app.MainActivity mCallingUid=2000} from uid 2000
01-22 19:13:54.204 I/mtkpower_client( 1748): perf_lock_rel, hdl:59724, tid:2280
01-22 19:13:54.205 I/mtkpower_client( 1748): perf_lock_acq, hdl:59724, dur:0, num:10, tid:2280
01-22 19:13:54.205 I/libPowerHal(  859): [perfLockRel] hdl:59724, idx:0
01-22 19:13:54.205 I/libPowerHal(  859): system_server: hard user limit set cpu freq: -1 -1 -1 -1
01-22 19:13:54.206 I/libPowerHal(  859): [PD] system_server update cmd:2004100 param:2
01-22 19:13:54.210 I/mtkpower_client( 1748): ret_hdl:59725
01-22 19:13:54.211 D/CompatibilityChangeReporter( 1748): Compat change id reported: 194480991; UID 10851; state: ENABLED
01-22 19:13:54.213 D/OplusZoomWindowManagerService( 1748): onConfigurationChanged rotation not changed - prevRotation: 0
01-22 19:13:54.216 I/OplusScreenSecurityMask( 1748): onStackAdded task = Task{38624b5 #11652 type=standard ?? U=0 visible=false visibleRequested=false mode=fullscreen translucent=true sz=0} record = null displayId = 0
01-22 19:13:54.216 I/OplusScreenSecurityMask( 1748): onStackAdded task = Task{38624b5 #11652 type=standard A=10851:com.wholexale.app.staging U=0 visible=false visibleRequested=false mode=fullscreen translucent=true sz=0} record = null displayId = 0
01-22 19:13:54.216 I/libPowerHal(  859): system_server: cpu_ctrl set cpu freq: 1275000 -1 2200000 -1
01-22 19:13:54.217 D/CompatibilityChangeReporter( 1748): Compat change id reported: 174042980; UID 10851; state: DISABLED
01-22 19:13:54.217 D/CompatibilityChangeReporter( 1748): Compat change id reported: 184838306; UID 10851; state: DISABLED
01-22 19:13:54.217 D/CompatibilityChangeReporter( 1748): Compat change id reported: 185004937; UID 10851; state: DISABLED
01-22 19:13:54.218 D/CompatibilityChangeReporter( 1748): Compat change id reported: 181136395; UID 10851; state: DISABLED
01-22 19:13:54.218 D/CompatibilityChangeReporter( 1748): Compat change id reported: 174042936; UID 10851; state: DISABLED
01-22 19:13:54.219 D/TaskFragmentExtImpl( 1748): add ActivityRecord{9dbc53e u0 com.wholexale.app.staging/com.wholexale.app.MainActivity} t11652} to mActivityRecordSum = Counter{ com.wholexale.app.staging/com.wholexale.app.MainActivity(1) }
01-22 19:13:54.220 D/CompatibilityChangeReporter( 1748): Compat change id reported: 197654537; UID 10851; state: ENABLED
01-22 19:13:54.221 I/mtkpower@impl(  859): [setMode] type:5, enabled:1
01-22 19:13:54.222 D/ActivityTaskManager( 1748): getStartingWindowType: newTask=true, taskSwitch=true, processRunning=false, allowTaskSnapshot=true, activityCreated=false, snapshot=null, record:ActivityRecord{9dbc53e u0 com.wholexale.app.staging/com.wholexale.app.MainActivity} t11652}
01-22 19:13:54.222 D/CompatibilityChangeReporter( 1748): Compat change id reported: 205907456; UID 10851; state: ENABLED
01-22 19:13:54.223 I/libPowerHal(  859): LAUNCH: cpu_ctrl set cpu freq: 2000000 -1 2200000 -1
01-22 19:13:54.223 D/OplusZoomWindowRUSConfigManager( 1748): isSupportZoomModeWithPolicyLocked: target = com.wholexale.app.staging/com.wholexale.app.MainActivity
01-22 19:13:54.223 D/OplusZoomWindowRUSConfigManager( 1748): targetPkg = com.wholexale.app.staging
01-22 19:13:54.223 V/OplusZoomWindowManagerService( 1748): unSupportZoom: false ,callingPid: 19880 ,sourceStack: null
01-22 19:13:54.224 D/PhoneStartingWindowTypeAlgorithm( 2225): preferredStartingWindowType newTask=true, taskSwitch=true, processRunning=false, allowTaskSnapshot=true, activityCreated=false, isSolidColorSplashScreen=false, legacySplashScreen=false, activityDrawn=false, topIsHome=false
01-22 19:13:54.224 I/PowerHalWrapper( 1748): <amsBoostResume> last:com.google.android.youtube, next:com.wholexale.app.staging 
01-22 19:13:54.225 D/OplusUIFirst_FB( 1748): com.wholexale.app.staging activity event: []
01-22 19:13:54.225 D/OplusUIFirst_FB( 1748): List of ThreadOp: size=0 []
01-22 19:13:54.225 D/OplusUIFirst_FB( 1748): handleParaSwitch com.wholexale.app.staging null null 1
01-22 19:13:54.225 I/mtkpower_client( 1748): perf_lock_rel, hdl:59725, tid:2280
01-22 19:13:54.226 I/mtkpower_client( 1748): perf_lock_acq, hdl:59725, dur:0, num:10, tid:2280
01-22 19:13:54.226 I/libPowerHal(  859): [perfLockRel] hdl:59725, idx:0
01-22 19:13:54.226 I/libPowerHal(  859): [PD] system_server update cmd:1c3c000 param:1
01-22 19:13:54.226 I/libPowerHal(  859): [PD] (more) /proc/mcdi/state set +prefix:enable 1;
01-22 19:13:54.226 I/libPowerHal(  859): [PD] system_server update cmd:2004100 param:2
01-22 19:13:54.227 I/mtkpower_client( 1748): ret_hdl:59728
01-22 19:13:54.230 D/OplusAlwaysAliveManager( 1748): process not running, cold launch: ActivityRecord{9dbc53e u0 com.wholexale.app.staging/com.wholexale.app.MainActivity} t11652}, processName: com.wholexale.app.staging
01-22 19:13:54.230 D/OplusUIFirst_FB( 1748): com.wholexale.app.staging activity event: []
01-22 19:13:54.230 D/OplusUIFirst_FB( 1748): List of ThreadOp: size=0 []
01-22 19:13:54.231 D/OplusShellStartingWindowManager( 2225): adjustSuggestedWindowType: skip no-system app and no-exception list app
01-22 19:13:54.232 I/SurfaceFlinger(  966): [SF client] NEW(0xb4000070203b26c0) for (2225:com.android.systemui)
01-22 19:13:54.233 I/PowerHalWrapper( 1748): amsBoostProcessCreate package:com.wholexale.app.staging 
01-22 19:13:54.234 D/CompatibilityChangeReporter( 1748): Compat change id reported: 135634846; UID 10851; state: DISABLED
01-22 19:13:54.234 D/CompatibilityChangeReporter( 1748): Compat change id reported: 177438394; UID 10851; state: DISABLED
01-22 19:13:54.234 D/CompatibilityChangeReporter( 1748): Compat change id reported: 135772972; UID 10851; state: DISABLED
01-22 19:13:54.234 W/OplusSlideAnimOptHelper( 2225): initScrollOpt: not running in mainthread
01-22 19:13:54.234 D/CompatibilityChangeReporter( 1748): Compat change id reported: 135754954; UID 10851; state: ENABLED
01-22 19:13:54.234 D/CompatibilityChangeReporter( 1748): Compat change id reported: 143937733; UID 10851; state: ENABLED
01-22 19:13:54.235 D/WindowManager( 2225): Add to mViews: android.widget.FrameLayout{40d637f V.E...... ......I. 0,0-0,0},pkg= com.wholexale.app.staging
01-22 19:13:54.235 D/ShellStartingWindow( 2225): getWindowAttrs window attributes color: 0, replace icon: false
01-22 19:13:54.236 W/ShellStartingWindow( 2225): peekWindowBGColor mWindowBgColor:0 mWindowBgResId:2131165347 estimatedWindowBGColor:-1
01-22 19:13:54.238 I/ActivityManager( 1748): Start proc 16919:com.wholexale.app.staging/u0a851 for next-top-activity {com.wholexale.app.staging/com.wholexale.app.MainActivity}
01-22 19:13:54.238 D/OplusUIFirst_FB( 1748): com.wholexale.app.staging proc start: 10851 16919 false com.wholexale.app.staging
01-22 19:13:54.238 D/OplusUIFirst_FB( 1748): com.wholexale.app.staging start process: []
01-22 19:13:54.238 D/OplusUIFirst_FB( 1748): List of ThreadOp: size=0 []
01-22 19:13:54.240 D/OplusFullScreenDisplayManager( 1748): adjustWindowParamsLw com.wholexale.app.staging, no change cutoutMode: 0
01-22 19:13:54.241 I/WindowManager( 1748): addWindow: New client android.os.BinderProxy@eabc984 : window=Window{6a3356d u0 Splash Screen com.wholexale.app.staging}
01-22 19:13:54.242 I/libPowerHal(  859): [perfLockRel] hdl:59454, idx:-1
01-22 19:13:54.242 V/SensorManager( 1748): call sensorServiceCommonInterface name: setScreenShotDisable
01-22 19:13:54.242 D/SensorService( 1748): SensorService sensorServiceCommonInterface = setScreenShotDisable
01-22 19:13:54.242 D/SensorServiceExtImpl( 1748): sensorServiceCommonInterface funcName = setScreenShotDisable, flag = 0, status = 0
01-22 19:13:54.242 D/OplusUIFirst_FB( 1748): com.wholexale.app.staging activity event: []
01-22 19:13:54.242 D/OplusUIFirst_FB( 1748): List of ThreadOp: size=0 []
01-22 19:13:54.242 D/OplusUIFirst_FB( 1748): handleParaSwitch com.wholexale.app.staging null null 1
01-22 19:13:54.242 I/OplusHansManager ( 1748): front pkg: com.wholexale.app.staging, uid: 10851, prev pkg: com.google.android.youtube, prev uid: 10141
01-22 19:13:54.243 D/OplusUIFirst_FB( 1748): com.wholexale.app.staging activity event: []
01-22 19:13:54.243 D/OplusUIFirst_FB( 1748): List of ThreadOp: size=0 []
01-22 19:13:54.243 D/OplusUIFirst_FB( 1748): handleParaSwitch com.wholexale.app.staging null null 1
01-22 19:13:54.243 V/SensorManager( 1748): call sensorServiceCommonInterface name: setScreenShotDisable
01-22 19:13:54.243 D/ViewRootImplExtImpl( 2225): onDisplayChanged -1 for VRI android.view.ViewRootImpl@971584d
01-22 19:13:54.243 D/SensorService( 1748): SensorService sensorServiceCommonInterface = setScreenShotDisable
01-22 19:13:54.243 D/SensorServiceExtImpl( 1748): sensorServiceCommonInterface funcName = setScreenShotDisable, flag = 0, status = 0
01-22 19:13:54.244 V/SensorManager( 1748): call sensorServiceCommonInterface name: setScreenShotDisable
01-22 19:13:54.244 D/SensorService( 1748): SensorService sensorServiceCommonInterface = setScreenShotDisable
01-22 19:13:54.244 D/SensorServiceExtImpl( 1748): sensorServiceCommonInterface funcName = setScreenShotDisable, flag = 0, status = 0
01-22 19:13:54.245 D/InputEventReceiver( 2225): Input log is disabled
01-22 19:13:54.245 D/ShellStartingWindow( 2225): inconsize = 408
01-22 19:13:54.246 I/OplusHansManager ( 1748): notifyAppGoForeground, uid=10851
01-22 19:13:54.246 I/OplusHansManager ( 1748): notifyAppGoBackground, uid=10141
01-22 19:13:54.246 I/Osense-DecisionMaker( 1748): notifySceneToAthenaPolicy: SCENE_APP_SWITCH, bundle: Bundle[{prevPkgName=com.google.android.youtube, curUid=10851, curPkgName=com.wholexale.app.staging, prevUid=10141}]
01-22 19:13:54.247 I/Osense-DecisionMaker( 1748): scene: SCENE_APP_SWITCH, excutingPolicy: freezer
01-22 19:13:54.247 D/Osense-DecisionMaker( 1748): invoke freezer policy,type: fast
01-22 19:13:54.249 I/PowerHalWrapper( 1748): amsBoostNotify pid:16548,activity:com.google.android.youtube.app.honeycomb.Shell$HomeActivity, package:com.google.android.youtube, mProcessCreatePackcom.wholexale.app.staging 
01-22 19:13:54.249 I/PowerHalWrapper( 1748): state: 0 
01-22 19:13:54.250 I/OplusResourcePreloadManager( 1748): resume pkg: com.wholexale.app.staging, uid:10851, prev pkg: com.google.android.youtube, prev uid: 10141
01-22 19:13:54.252 I/mtkpower_client( 1748): [Legacy][PowerHal_Wrap_notifyAppState] com.google.android.youtube/com.google.android.youtube.app.honeycomb.Shell$HomeActivity pid=16548 state:0
01-22 19:13:54.252 I/game_scn( 1748): collectForegroundAppList packName=com.google.android.youtube, actName=com.google.android.youtube.app.honeycomb.Shell$HomeActivity, pid=16548, uid=10141, state:PAUSED
01-22 19:13:54.252 I/PowerHalWrapper( 1748): amsBoostNotify AMS_BOOST_PROCESS_CREATE_BOOST:true 
01-22 19:13:54.253 D/CoreBackPreview( 1748): Window{6a3356d u0 Splash Screen com.wholexale.app.staging}: Setting back callback OnBackInvokedCallbackInfo{mCallback=android.window.IOnBackInvokedCallback$Stub$Proxy@221f9ee, mPriority=0}
01-22 19:13:54.254 D/OplusShellStartingWindowManager( 2225): handleSplashScreenView: normal third app or no-default
01-22 19:13:54.254 D/OplusUIFirst_FB( 1748): com.google.android.adservices.api moveToBack 8759
01-22 19:13:54.256 E/ale.app.staging(16919): Unknown bits set in runtime_flags: 0x40000000
01-22 19:13:54.256 I/ale.app.staging(16919): Using CollectorTypeCC GC.
01-22 19:13:54.258 I/libPowerHal(  859): [PD] scn:287 pack:com.google.android.youtube
01-22 19:13:54.258 D/OplusFullScreenDisplayManager( 1748): adjustWindowParamsLw com.wholexale.app.staging, no change cutoutMode: 0
01-22 19:13:54.258 V/WindowManager( 1748): Relayout Window{6a3356d u0 Splash Screen com.wholexale.app.staging}: viewVisibility=0, oldvis=0, req=1080x2400
01-22 19:13:54.259 I/BufferQueueDebug(  966): [Splash Screen com.wholexale.app.staging#24439](this:0xb40000701d80f9e8,id:-1,api:0,p:-1,c:-1) BufferQueue core=(966:/system/bin/surfaceflinger)
01-22 19:13:54.264 V/WindowManager( 1748): Changing focus from Window{ebeb829 u0 com.google.android.youtube/com.google.android.youtube.app.honeycomb.Shell$HomeActivity} to null,diplayid=0
01-22 19:13:54.265 D/Theia.NoFocusWindow( 1748): FocusWindowErrorScene CheckFreezeScreen
01-22 19:13:54.265 I/FocusResolver( 1748): updateFocusedWindow,  on display 0, reason: NO_WINDOW, result:   FocusedWindows: <none>
01-22 19:13:54.266 D/VRI[Shell$HomeActivity](16548): onFocusEvent false
01-22 19:13:54.267 D/[OSIE]  (  966): scltmLayer_name VRI[staging][Splash Screen com.wholexale.app.staging]
01-22 19:13:54.267 D/[OSIE]  (  966): IsSCLTMLayer=0 
01-22 19:13:54.267 D/BufferQueueConsumer( 2225): [](id:8b100000754,api:0,p:-1,c:2225) connect: controlledByApp=false
01-22 19:13:54.267 E/IPCThreadState( 2225): attemptIncStrongHandle(317): Not supported
01-22 19:13:54.264 E/IHansComunication( 6221): HANS printMessageBody: RCV message: type = 0,port = 86870,caller_pid = 1089,caller_uid = 1047,target_pid = 9694,target_uid = 10744,pkg_cmd = -1,rpc = android.hardware.ICameraServiceListener/5
01-22 19:13:54.268 E/IHansComunication( 6221): HANS printMessageBody: RCV message: type = 0,port = 86870,caller_pid = 1089,caller_uid = 1047,target_pid = 18165,target_uid = 10186,pkg_cmd = -1,rpc = android.hardware.ICameraServiceListener/5
01-22 19:13:54.269 D/VRI[staging]( 2225): registerCallbacksForSync syncBuffer=false
01-22 19:13:54.270 D/CCodecBufferChannel(16548): [c2.mtk.vp9.decoder#305] flushed work; ignored.
01-22 19:13:54.270 D/CCodecBufferChannel(16548): [c2.mtk.vp9.decoder#305] Discard frames from previous generation.
01-22 19:13:54.270 D/PipelineWatcher(16548): onWorkDone: frameIndex not found (18446744073709551615); ignored
01-22 19:13:54.270 D/CCodecBufferChannel(16548): [c2.mtk.vp9.decoder#305] flushed work not feedInput.
01-22 19:13:54.272 D/nativeloader(16919): Load libframework-connectivity-tiramisu-jni.so using APEX ns com_android_tethering for caller /apex/com.android.tethering/javalib/framework-connectivity-t.jar: ok
01-22 19:13:54.271 W/HwBinder:1299_4( 1299): type=1400 audit(0.0:6982): avc: denied { create } for scontext=u:r:netdagent:s0 tcontext=u:r:netdagent:s0 tclass=udp_socket permissive=0
01-22 19:13:54.277 E/mtk_ifc ( 1299): create ctl socket failed
01-22 19:13:54.278 D/BLASTBufferQueue( 2225): [VRI[staging][Splash Screen com.wholexale.app.staging]#1860](f:0,a:1) acquireNextBufferLocked size=1080x2400 mFrameNumber=1 applyTransaction=true mTimestamp=85632778933872(auto) mPendingTransactions.size=0 graphicBufferId=9556302251482 transform=0
01-22 19:13:54.278 D/VRI[staging]( 2225): Received frameCommittedCallback lastAttemptedDrawFrameNum=1 didProduceBuffer=true syncBuffer=false
01-22 19:13:54.283 W/Parcel  ( 2225): Expecting binder but got null!
01-22 19:13:54.283 D/VRI[staging]( 2225): draw finished.
01-22 19:13:54.283 I/OplusHansManager ( 1748): FastFreeze enter, freeze uids: [10139, 10186, 10244, 10601, 10614, 10817, 10828, 99910601]
01-22 19:13:54.283 D/ViewRootImplExtImpl( 2225): Block resize report for SplashScreen of systemui.
01-22 19:13:54.285 I/OplusHansManager ( 1748): unfreeze uid: 10744 com.cricbuzz.android pids: [9694, 19174] reason: AsyncBinder scene: LcdOn|FastFreezer
01-22 19:13:54.287 I/OplusHansManager ( 1748): enter FastFreezer, frontApp: 10851, frozen uids: [10817, 10244, 10614, 10601, 10186, 10139, 10828, 99910601], important uids: [10801, 10057], reason: osense
01-22 19:13:54.287 I/OplusHansManager ( 1748): uid=10744, pkg=com.cricbuzz.android, transition from Frozen to Middle, reason=AsyncBinder
01-22 19:13:54.287 I/OplusHansManager ( 1748): uid=10744, pkg=com.cricbuzz.android F exit(), F stay=0, reason=AsyncBinder
01-22 19:13:54.287 D/WindowManager( 1748): finishDrawingWindow: Window{6a3356d u0 Splash Screen com.wholexale.app.staging} mDrawState=DRAW_PENDING
01-22 19:13:54.290 I/Choreographer( 9694): Skipped 48 frames!  The application may be doing too much work on its main thread.
01-22 19:13:54.291 I/OneTrace(16919): Mark active for pid=16919? true
01-22 19:13:54.291 D/cutils-dev(16919): otrace_set_tracing_enabled? true
01-22 19:13:54.293 I/OplusHansManager ( 1748): unfreeze uid: 10186 in.cricketexchange.app.cricketexchange pids: [18165, 18462] reason: AsyncBinder scene: LcdOn|FastFreezer
01-22 19:13:54.294 D/CCodecBufferChannel(16548): [c2.mtk.vp9.decoder#305] flushed work; ignored.
01-22 19:13:54.294 D/CCodecBufferChannel(16548): [c2.mtk.vp9.decoder#305] Discard frames from previous generation.
01-22 19:13:54.294 D/PipelineWatcher(16548): onWorkDone: frameIndex not found (18446744073709551615); ignored
01-22 19:13:54.294 D/CCodecBufferChannel(16548): [c2.mtk.vp9.decoder#305] flushed work not feedInput.
01-22 19:13:54.296 D/BufferStateLayer(  966): Splash Screen com.wholexale.app.staging#24439 setBuffer frameId=1, bufferId=9556302251482 fenceId=797, w= 1080, h=2400
01-22 19:13:54.296 D/cutils-dev(16919): properties changed in otrace_seq_number_changed!
01-22 19:13:54.296 D/OplusLayer(  966): (24439,Splash Screen com.wholexale.app.staging#24439,com.android.systemui) setBuffer
01-22 19:13:54.299 E/ale.app.staging(16919): Could not write anonymous vdex /system/framework/oat/arm64/mediatek-framework.vdex: Could not open /system/framework/oat/arm64/mediatek-framework.vdex for writing
01-22 19:13:54.300 V/ShellTaskOrganizer( 2225): Task appeared taskId=11652
01-22 19:13:54.302 D/OplusUIFirst_FB( 1748): com.wholexale.app.staging toForeOps: []
01-22 19:13:54.302 D/OplusUIFirst_FB( 1748): List of ThreadOp: size=0 []
01-22 19:13:54.303 E/OplusSplitScreenManagerService( 1748): shouldInterceptBackKeyForSplitScreen error! connection is null
01-22 19:13:54.303 W/InputDispatcher( 1748): Waiting because no window has focus but ActivityRecord{13b6386 u0 com.google.android.youtube/.app.honeycomb.Shell$HomeActivity} t11632} may eventually add a window when it finishes starting up. Will wait for 5000ms
01-22 19:13:54.306 D/CCodecBufferChannel(16548): [c2.mtk.vp9.decoder#305] flushed work; ignored.
01-22 19:13:54.306 D/CCodecBufferChannel(16548): [c2.mtk.vp9.decoder#305] Discard frames from previous generation.
01-22 19:13:54.306 D/PipelineWatcher(16548): onWorkDone: frameIndex not found (18446744073709551615); ignored
01-22 19:13:54.306 D/CCodecBufferChannel(16548): [c2.mtk.vp9.decoder#305] flushed work not feedInput.
01-22 19:13:54.313 D/OplusLayer(  966): ~Layer() sequence=24442, name=Screenshot Parent#24442
01-22 19:13:54.316 I/GPUAUX  (  966): [AUX]GPUAUXContext:69: create: 0xb40000701dd5e2c0
01-22 19:13:54.317 W/libc    (  966): Access denied finding property "ro.vendor.mtk_hdr_video_support"
01-22 19:13:54.317 D/MDP     (  966): DpAsyncBlit: in: job (16547 848) (1088, 1920, 34816, 17408, C12b, P1), sec0, flush 0 Buffer 0: plane=2 bufVA={0x23b,0x23b,0x0} bufMVA={0x0,0x0,0x0} bufSize={0x1fe000,0xff000,0x0} proxy={0xb40000701f8e3cc0,0x0,0x0}fence=-1
01-22 19:13:54.317 D/MDP     (  966): DpAsyncBlit: out0: (1080, 1920, 1088, 544, C8s, P1), misc: (X:0, Y:0, R:0, F:0, S:0, A:0, D:0), sec0, flush 0 Buffer 0: plane=3 bufVA={0x382,0x382,0x382} bufMVA={0x0,0x0,0x0} bufSize={0x1fe000,0x7f800,0x7f800} proxy={0xb40000701f944a80,0x0,0x0}fence=-1
01-22 19:13:54.317 D/MDP     (  966): DpAsyncBlit: crop0: (0, 0, 1080, 1920, 0, 0, 0, 0)
01-22 19:13:54.327 D/OplusAtlas.OplusMessageHandler( 3300): handleMessage: Msg { when=-2ms what=0 target=com.oplus.atlas.OplusMessageHandler$MyHandler }
01-22 19:13:54.336 I/WindowStateExtImpl( 1748): onSurfaceShowChange show = true mPackageName = com.wholexale.app.staging parentPkgName = com.wholexale.app.staging
01-22 19:13:54.337 D/OplusAtlasService( 3300): getAttributeByAppName module:oplus-getStreamMaxVolume packageName:com.google.android.youtube
01-22 19:13:54.338 D/CCodecBufferChannel(16548): [c2.mtk.vp9.decoder#305] flushed work; ignored.
01-22 19:13:54.338 D/CCodecBufferChannel(16548): [c2.mtk.vp9.decoder#305] Discard frames from previous generation.
01-22 19:13:54.338 D/PipelineWatcher(16548): onWorkDone: frameIndex not found (18446744073709551615); ignored
01-22 19:13:54.338 D/CCodecBufferChannel(16548): [c2.mtk.vp9.decoder#305] flushed work not feedInput.
01-22 19:13:54.340 D/AudioManagerExtImpl(16548): getStreamVolume normal, volume index=7
01-22 19:13:54.341 D/TaskChangeNotificationControllerExtImpl( 1748): Skip pass Snapshot to listener:android.app.ITaskStackListener$Stub$Proxy@cb4af11
01-22 19:13:54.342 D/RGBNormalizeServer( 1748): OplusRGBNormalize feature enabled ? false
01-22 19:13:54.345 D/Layer   (  966): reparent to null sequence=24428, seq[1], name=Surface(name=36bcf5d StatusBar)/@0xe761cc2 - animation-leash of insets_animation#24428
01-22 19:13:54.346 D/Layer   (  966): reparent to null sequence=24429, seq[2], name=Surface(name=209d612 NavigationBar0)/@0x85ef509 - animation-leash of insets_animation#24429
01-22 19:13:54.346 D/OplusAppListInterceptManager( 1748): shouldFilterTask
01-22 19:13:54.346 D/OplusAppListInterceptManager( 1748): shouldFilterTask::packageName = com.wholexale.app.staging
01-22 19:13:54.346 D/OplusLayer(  966): ~Layer() sequence=24428, name=Surface(name=36bcf5d StatusBar)/@0xe761cc2 - animation-leash of insets_animation#24428
01-22 19:13:54.346 D/OplusLayer(  966): ~Layer() sequence=24429, name=Surface(name=209d612 NavigationBar0)/@0x85ef509 - animation-leash of insets_animation#24429
01-22 19:13:54.346 D/OplusAppListInterceptManager( 1748): shouldFilterTask
01-22 19:13:54.346 D/OplusAppListInterceptManager( 1748): shouldFilterTask::packageName = com.google.android.youtube
01-22 19:13:54.346 D/OplusAppListInterceptManager( 1748): shouldFilterTask
01-22 19:13:54.346 D/OplusAppListInterceptManager( 1748): shouldFilterTask::packageName = com.snapchat.android
01-22 19:13:54.347 D/OplusSplitScreenManagerService( 1748): com.snapchat.android unSupportsSplitScreen by blockList or ForbidActivityList
01-22 19:13:54.347 D/OplusAppListInterceptManager( 1748): shouldFilterTask
01-22 19:13:54.347 D/OplusAppListInterceptManager( 1748): shouldFilterTask::packageName = com.cricbuzz.android
01-22 19:13:54.348 I/DispPerfService(  966): updateLayerMask 0
01-22 19:13:54.349 I/hwcomposer(  843): [HWCLayer] setHwlayerType(), id:6845, release queue sp, type 3 -> 0  
01-22 19:13:54.349 I/hwcomposer(  843): [DBQ] (q2:0xb4000070a72a9800) Buffer queue is destroyed, m_id(6845)  
01-22 19:13:54.349 I/hwcomposer(  843): [DBQ] (q2:0xb4000070a72a9800) ~DisplayBufferQueue(), m_id(6845), release buf  
01-22 19:13:54.349 I/hwcomposer(  843): [DBQ] (q2:0xb4000070a72a9800) Free Slot(0), handle=0xb4000070a724b0a0, 5184000 -> 0  
01-22 19:13:54.349 I/hwcomposer(  843): [DBQ] (q2:0xb4000070a72a9800) Free Slot(1), handle=0xb4000070a724ac40, 5184000 -> 0  
01-22 19:13:54.350 I/hwcomposer(  843): [DBQ] (q2:0xb4000070a72a9800) Free Slot(2), handle=0xb4000070a724ae00, 5184000 -> 0  
01-22 19:13:54.351 I/SurfaceFlinger(  966): NotifyHwcComposition(), id 0, mode 0
01-22 19:13:54.354 I/GPUAUX  (  966): [AUX]GPUAUXContext:69: create: 0xb40000701dd5ea70
01-22 19:13:54.355 D/MDP     (  966): DpAsyncBlit: in: job (16549 167) (1088, 1920, 34816, 17408, C12b, P1), sec0, flush 0 Buffer 0: plane=2 bufVA={0x28a,0x28a,0x0} bufMVA={0x0,0x0,0x0} bufSize={0x1fe000,0xff000,0x0} proxy={0xb40000701dc14780,0x0,0x0}fence=-1
01-22 19:13:54.355 D/MDP     (  966): DpAsyncBlit: out0: (1080, 1920, 1088, 544, C8s, P1), misc: (X:0, Y:0, R:0, F:0, S:0, A:0, D:0), sec0, flush 0 Buffer 0: plane=3 bufVA={0x284,0x284,0x284} bufMVA={0x0,0x0,0x0} bufSize={0x1fe000,0x7f800,0x7f800} proxy={0xb40000701dc14940,0x0,0x0}fence=-1
01-22 19:13:54.355 D/MDP     (  966): DpAsyncBlit: crop0: (0, 0, 1080, 1920, 0, 0, 0, 0)
01-22 19:13:54.357 D/OplusDexOptimizeManager( 1748): Do not in AppLaunchOptList!
01-22 19:13:54.358 I/libPowerHal(  859): [netd_clear_priority_uid] Clear packet Priority UID(10141)
01-22 19:13:54.358 I/libPowerHal(  859): [PD] com.google.android.youtube update ONESHOT cmd:2808000 param:1
01-22 19:13:54.359 I/OplusFeedbackInfo(16548): 0xb4000079509cf000 c2.mtk.vp9.decoder 1080x1920 inputFps=29 outputFps=43 renderFps=30, discardFps=0
01-22 19:13:54.360 I/mtkpower@impl(  859): [setMode] type:6, enabled:1
01-22 19:13:54.361 E/mtkpower@impl(  859): [setMode] unknown type
01-22 19:13:54.362 I/OplusAppSwitchManagerService( 1748): appswitch hasProcess ActivityRecord{9dbc53e u0 com.wholexale.app.staging/com.wholexale.app.MainActivity} t11652}
01-22 19:13:54.363 D/OplusFeatureReduceBrightness( 1748): OnAppSwitchObserver: onAppExit , info = OplusAppExitInfo = {  targetName = com.google.android.youtube hasResumingActivity = true resumingPackageName = com.wholexale.app.staging resumingActivityName = com.wholexale.app.MainActivity resumingWindowMode = 1 isResumingMultiApp = false isResumingFirstStart = true extension = Bundle[{taskId=11652, uid=10851}]}
01-22 19:13:54.364 D/AdvertisingIdClient(24720): AdvertisingIdClient already created.
01-22 19:13:54.365 I/OplusJoystickManager( 1748): handleApplicationSwitch deprecated!
01-22 19:13:54.365 I/DispPerfService(  966): updateLayerMask 0
01-22 19:13:54.365 I/OplusAppSwitchManagerService( 1748): appswitch hasProcess ActivityRecord{9dbc53e u0 com.wholexale.app.staging/com.wholexale.app.MainActivity} t11652}
01-22 19:13:54.366 I/PowerHalWrapper( 1748): amsBoostNotify pid:16919,activity:com.wholexale.app.MainActivity, package:com.wholexale.app.staging, mProcessCreatePackcom.wholexale.app.staging 
01-22 19:13:54.366 I/PowerHalWrapper( 1748): state: 1 
01-22 19:13:54.366 I/mtkpower_client( 1748): [Legacy][PowerHal_Wrap_notifyAppState] com.wholexale.app.staging/com.wholexale.app.MainActivity pid=16919 state:1
01-22 19:13:54.366 I/game_scn( 1748): collectForegroundAppList packName=com.wholexale.app.staging, actName=com.wholexale.app.MainActivity, pid=16919, uid=10851, state:RESUMED
01-22 19:13:54.366 I/PowerHalWrapper( 1748): amsBoostNotify AMS_BOOST_PROCESS_CREATE_BOOST:true 
01-22 19:13:54.366 I/libPowerHal(  859): [perfNotifyAppState] foreground:com.wholexale.app.staging, pid:16919, uid:10851
01-22 19:13:54.366 I/OplusSmartBrightnessController( 1748): handleBrightnessTotalRateType: manual->app
01-22 19:13:54.366 D/ActivityTaskManager( 1748): onWindowFocusChanged Task{38624b5 #11652 type=standard A=10851:com.wholexale.app.staging U=0 visible=true visibleRequested=true mode=fullscreen translucent=false sz=1} would transfer to compact
01-22 19:13:54.366 I/OplusSmartBrightnessController( 1748): handleMessage MSG_POWER_BRIGHTNESS_CHANGED.
01-22 19:13:54.366 I/InputDispatcher( 1748): setFocusedApplication displayId=0 ActivityRecord{9dbc53e u0 com.wholexale.app.staging/com.wholexale.app.MainActivity} t11652}
01-22 19:13:54.366 W/InputDispatcher( 1748): Waiting because no window has focus but ActivityRecord{9dbc53e u0 com.wholexale.app.staging/com.wholexale.app.MainActivity} t11652} may eventually add a window when it finishes starting up. Will wait for 5000ms
01-22 19:13:54.367 D/ColorAutomaticBrightnessController( 1748): MSG_UPDATE_BRIGHTNESS
01-22 19:13:54.367 D/OplusDisplayPowerControllerExtImpl( 1748): original brightness:1043 final brightness:1043.0 scale:1.0 reason:1 darkLevel:0
01-22 19:13:54.367 D/OplusFeatureReduceBrightness( 1748): eixt rate=3 deta=24 mTU=10.0 index=0 from 1019->1043 nit from 84.2782->88.2116 p1(70,10),p2(131,10),x=88.2116
01-22 19:13:54.368 E/UxUtility(  859): notifyAppState error = NULL
01-22 19:13:54.368 I/TouchUtility(  859): notifyAppState error = NULL
01-22 19:13:54.368 I/mtkpower@impl(  859): [notifyAppState] pc:1, com.google.android.youtube => com.wholexale.app.staging
01-22 19:13:54.368 D/OplusDisplayPowerControllerExtImpl( 1748): Animating brightness: target=1019->1043,rate=1600->3,type=app,byUse=false local:0
01-22 19:13:54.368 D/MDP     (  966): DpAsyncBlit: in: job (16551 173) (1088, 1920, 34816, 17408, C12b, P1), sec0, flush 0 Buffer 1: plane=2 bufVA={0x28a,0x28a,0x0} bufMVA={0x0,0x0,0x0} bufSize={0x1fe000,0xff000,0x0} proxy={0xb40000701dc5b200,0x0,0x0}fence=-1
01-22 19:13:54.368 D/MDP     (  966): DpAsyncBlit: out0: (1080, 1920, 1088, 544, C8s, P1), misc: (X:0, Y:0, R:0, F:0, S:0, A:0, D:0), sec0, flush 0 Buffer 1: plane=3 bufVA={0x284,0x284,0x284} bufMVA={0x0,0x0,0x0} bufSize={0x1fe000,0x7f800,0x7f800} proxy={0xb40000701f8e3380,0x0,0x0}fence=-1
01-22 19:13:54.368 D/MDP     (  966): DpAsyncBlit: crop0: (0, 0, 1080, 1920, 0, 0, 0, 0)
01-22 19:13:54.368 D/VRR [OPlusRefreshRateService]( 1748): notifyBrightnessChange brightness: 1043.0
01-22 19:13:54.368 D/OplusAppSwitchListener( 1748): Detect com.google.android.youtube switch to background
01-22 19:13:54.369 D/OplusEapManager( 1748): mTargetExitName :com.google.android.youtube
01-22 19:13:54.369 V/DCSEX-AppSwitchManager( 1748): OnAppSwitchObserver: onAppExit, resuming = com.wholexale.app.staging, target = com.google.android.youtube, is ResumingFirstStart =  true, is ResumingMultiApp =  false, extensionInfo =  Bundle[{taskId=11652, uid=10851}]
01-22 19:13:54.369 D/VRR [OPlusFrontAppManager]( 1748): OnAppSwitchObserver: onAppExit , info.targetName = com.google.android.youtube
01-22 19:13:54.369 D/VRR [OPlusFrontAppManager]( 1748): packageName: null
01-22 19:13:54.369 D/DCSEX-AppLaunchEventRecorder( 1748): onAppSwitch from = com.google.android.youtube to = com.wholexale.app.staging
01-22 19:13:54.369 D/DCSEX-AppLaunchEventRecorder( 1748): recordExitApp = com.google.android.youtube
01-22 19:13:54.369 D/VRR [OPlusRefreshRateService]( 1748): handleFrontAppChange pkgName: null
01-22 19:13:54.369 D/VRR [OPlusExternalRefreshRateManager]( 1748): setFrontPackageName pkgName: null CurPkgName: com.google.android.youtube
01-22 19:13:54.369 E/OplusTrack-ApkInfoUtil( 1748): java.lang.NullPointerException: Attempt to invoke virtual method 'java.lang.Object android.os.Bundle.get(java.lang.String)' on a null object reference
01-22 19:13:54.369 W/System.err( 1748): java.lang.NullPointerException: Attempt to invoke virtual method 'java.lang.Object android.os.Bundle.get(java.lang.String)' on a null object reference
01-22 19:13:54.370 I/AdvertisingIdClient(24720): shouldSendLog 121954603
01-22 19:13:54.370 I/AdvertisingIdClient(24720): GetInfoInternal elapse 5ms
01-22 19:13:54.370 W/System.err( 1748): 	at t6.a.a(ApkInfoUtil.java:6)
01-22 19:13:54.370 W/System.err( 1748): 	at m6.b.<init>(TrackEvent.java:10)
01-22 19:13:54.370 W/System.err( 1748): 	at m6.a.<init>(CommonBean.java:1)
01-22 19:13:54.370 W/System.err( 1748): 	at k6.f.b(OplusTrack.java:1)
01-22 19:13:54.370 W/System.err( 1748): 	at q6.b$c.d(AppLaunchEventRecorder.java:9)
01-22 19:13:54.370 W/System.err( 1748): 	at q6.b$c.a(AppLaunchEventRecorder.java:7)
01-22 19:13:54.370 W/System.err( 1748): 	at q6.a.b(Unknown Source:2)
01-22 19:13:54.370 W/System.err( 1748): 	at n6.c.accept(Unknown Source:1)
01-22 19:13:54.370 D/OplusAppSwitchListener( 1748): Detect com.wholexale.app.staging switch to foreground
01-22 19:13:54.370 W/System.err( 1748): 	at java.util.concurrent.CopyOnWriteArrayList.forEach(CopyOnWriteArrayList.java:895)
01-22 19:13:54.370 W/System.err( 1748): 	at n6.b.run(Unknown Source:1)
01-22 19:13:54.370 W/System.err( 1748): 	at java.util.concurrent.ThreadPoolExecutor.runWorker(ThreadPoolExecutor.java:1154)
01-22 19:13:54.370 W/System.err( 1748): 	at java.util.concurrent.ThreadPoolExecutor$Worker.run(ThreadPoolExecutor.java:652)
01-22 19:13:54.370 W/System.err( 1748): 	at java.lang.Thread.run(Thread.java:1563)
01-22 19:13:54.370 W/OplusTrack-TrackEvent( 1748): appId is empty
01-22 19:13:54.370 E/Athena  ( 1748): MemoryGuardAction: handleAppChange
01-22 19:13:54.370 I/mtkpower_client( 1748): perf_lock_rel, hdl:59728, tid:2280
01-22 19:13:54.371 I/mtkpower_client( 1748): perf_lock_acq, hdl:59728, dur:0, num:10, tid:2280
01-22 19:13:54.371 D/OplusEapManager( 1748): mTargetEnterName :com.wholexale.app.staging
01-22 19:13:54.371 D/OplusLatencyOptimizerManager( 1748): enter pkg: com.wholexale.app.staging isPrevBlackAppTop: false mIsBlackAppTop: false
01-22 19:13:54.371 V/DCSEX-AppSwitchManager( 1748): OnAppSwitchObserver: onAppEnter, launchedFrom =  com.android.shell, target =  com.wholexale.app.staging, is firstStart =  true, is multiApp =  false, extensionInfo =  Bundle[{taskId=11652, pid=16919, uid=10851, versionCode=1}]
01-22 19:13:54.371 I/mtkpower@impl(  859): [check_work_req] i:0, msg:1 hdl:59728, wait
01-22 19:13:54.371 D/VRR [OPlusFrontAppManager]( 1748): OnAppSwitchObserver: onAppEnter , info.targetName = com.wholexale.app.staging
01-22 19:13:54.371 D/VRR [OPlusFrontAppManager]( 1748): packageName: com.wholexale.app.staging
01-22 19:13:54.371 I/Athena  ( 2605): AthenaDynamicReceiver: pre_app:com.google.android.youtube, next_app:com.wholexale.app.staging(10851|16919)
01-22 19:13:54.371 W/ActivityManager( 1748): Slow operation: 70ms so far, now at attachApplicationLocked: after mServices.attachApplicationLocked
01-22 19:13:54.373 I/libPowerHal(  859): [perfLockRel] hdl:59728, idx:0
01-22 19:13:54.373 D/CompatibilityChangeReporter(16919): Compat change id reported: 171979766; UID 10851; state: ENABLED
01-22 19:13:54.373 I/oplus.android.OplusFrameworkFactoryImpl(16919): get feature:IOplusAutoResolutionFeature
01-22 19:13:54.373 I/libPowerHal(  859): [PD] system_server update cmd:1c3c000 param:1
01-22 19:13:54.373 I/oplus.android.OplusFrameworkFactoryImpl(16919): getOplusAutoResolutionFeature
01-22 19:13:54.373 I/libPowerHal(  859): [PD] (more) /proc/mcdi/state set +prefix:enable 1;
01-22 19:13:54.373 I/libPowerHal(  859): [PD] system_server update cmd:2004100 param:2
01-22 19:13:54.374 E/OplusThermalStats( 1748): Error getting package info: com.wholexale.app.staging
01-22 19:13:54.375 D/OplusFeatureHDREnhanceBrightness( 1748): setAnimating : animating = true
01-22 19:13:54.376 D/OplusFeatureReduceBrightness( 1748): setAnimating : animating = true
01-22 19:13:54.377 D/CCodecBufferChannel(16548): [c2.mtk.vp9.decoder#305] flushed work; ignored.
01-22 19:13:54.377 D/CCodecBufferChannel(16548): [c2.mtk.vp9.decoder#305] Discard frames from previous generation.
01-22 19:13:54.377 D/PipelineWatcher(16548): onWorkDone: frameIndex not found (18446744073709551615); ignored
01-22 19:13:54.377 D/CCodecBufferChannel(16548): [c2.mtk.vp9.decoder#305] flushed work not feedInput.
01-22 19:13:54.378 D/AppStateRecord( 1748): handleMessage: EVENT_FOREGROUND_APP_CHANGE
01-22 19:13:54.378 D/AppStateRecord( 1748): isFgAppInStuckList
01-22 19:13:54.378 D/AppStateRecord( 1748): getFgAppInStuckList: fgApp com.google.android.youtube
01-22 19:13:54.380 I/OplusFeatureCache(16919): Milliseconds spent on init(): 7
01-22 19:13:54.381 D/CompactWindowAppManager(16919): initCompactApplicationInfo 
01-22 19:13:54.382 D/VRR [OPlusRefreshRateService]( 1748): handleFrontAppChange pkgName: com.wholexale.app.staging
01-22 19:13:54.382 D/VRR [OPlusExternalRefreshRateManager]( 1748): setFrontPackageName pkgName: com.wholexale.app.staging CurPkgName: null
01-22 19:13:54.383 W/Battery ( 4587): ThermalControlUtils: mForegroundPkg=com.wholexale.app.staging
01-22 19:13:54.383 D/VRR [OPlusRefreshRateService]( 1748):  setFrameRateTargetControl [ 0.0 , com.google.android.youtube , false , com.oplus.battery ]
01-22 19:13:54.384 D/VRR [OPlusRefreshRateService]( 1748):  setFrameRateTargetControl from [0, 1000, android.uid.system:1000]
01-22 19:13:54.384 D/VRR [OPlusExternalRefreshRateManager]( 1748):  [FRTC] FrameRate : 0 com.google.android.youtube false com.oplus.battery 0 1000
01-22 19:13:54.384 D/VRR [OPlusSurfaceFlingerController]( 1748):  add frtc FrameRate : 0 com.google.android.youtube false com.oplus.battery
01-22 19:13:54.385 I/GPUAUX  (  966): [AUX]GPUAUXContext:69: create: 0xb4000070203952c0
01-22 19:13:54.385 I/VRR [FRTC](  966): setFrameRateTarget with [0, com.google.android.youtube, 0, com.oplus.battery, 1, 0, 1000]
01-22 19:13:54.385 W/VRR [FRTC](  966): invalid param { fps 0, proc_name com.google.android.youtube, strict_mode 0, description com.oplus.battery, proc_id 0, rate_status 0, backend Surface, version 1, pid 0, uid 1000, enable at 2026-01-22 19:13:54, disable waiting } for current status.
01-22 19:13:54.385 W/VRR [FRTC](  966): CurrentTarget size 0:
01-22 19:13:54.386 D/AppStateRecord( 1748): handleMessage: not fg stuck app, updateQoeEvent false
01-22 19:13:54.387 D/MDP     (  966): DpAsyncBlit: in: job (16553 847) (1088, 1920, 34816, 17408, C12b, P1), sec0, flush 0 Buffer 0: plane=2 bufVA={0x299,0x299,0x0} bufMVA={0x0,0x0,0x0} bufSize={0x1fe000,0xff000,0x0} proxy={0xb40000701f9444c0,0x0,0x0}fence=-1
01-22 19:13:54.387 D/MDP     (  966): DpAsyncBlit: out0: (1080, 1920, 1088, 544, C8s, P1), misc: (X:0, Y:0, R:0, F:0, S:0, A:0, D:0), sec0, flush 0 Buffer 0: plane=3 bufVA={0x38c,0x38c,0x38c} bufMVA={0x0,0x0,0x0} bufSize={0x1fe000,0x7f800,0x7f800} proxy={0xb40000701f946ec0,0x0,0x0}fence=-1
01-22 19:13:54.387 D/MDP     (  966): DpAsyncBlit: crop0: (0, 0, 1080, 1920, 0, 0, 0, 0)
01-22 19:13:54.387 W/Battery ( 4587): ThermalControllHandler: tempLevel=7,userMode=3,gameUserMode=7,appType=-1,envTempType=1,appStates=[],appSwitchSafetyMode=false
01-22 19:13:54.388 W/Battery ( 4587): ThermalControllerCenter: mSafetyState=10000
01-22 19:13:54.388 W/libc    (16919): Access denied finding property "ro.odm.prev.product.name"
01-22 19:13:54.388 I/Athena  ( 2605): QuickBootUp: check qb, bi=true, fd=false, app_cnt=4, min_app=6, is_qb=false
01-22 19:13:54.389 W/ContextImpl( 2605): Calling a method in the system process without a qualified user: android.app.ContextImpl.startService:1889 android.content.ContextWrapper.startService:827 u1.c.c:8 u1.c.a:4 y2.b.f:4 
01-22 19:13:54.389 W/Battery ( 4587): ThermalControllHandler: tempGear=7,configItemName=common_config
01-22 19:13:54.389 W/Battery ( 4587): ThermalControllerCenter: MSG_THERMAL_CONTROL_CATEGORY_PROTECT_PERIOD enter.
01-22 19:13:54.390 D/LoadedApk(16919): mApplicationInfo overrideDisplayId:null
01-22 19:13:54.392 D/CCodecBufferChannel(16548): [c2.mtk.vp9.decoder#305] flushed work; ignored.
01-22 19:13:54.392 D/CCodecBufferChannel(16548): [c2.mtk.vp9.decoder#305] Discard frames from previous generation.
01-22 19:13:54.392 D/PipelineWatcher(16548): onWorkDone: frameIndex not found (18446744073709551615); ignored
01-22 19:13:54.393 D/CCodecBufferChannel(16548): [c2.mtk.vp9.decoder#305] flushed work not feedInput.
01-22 19:13:54.396 I/ale.app.staging(16919): Failed to add image file: Failed to find OatDexFile for DexFile /data/app/~~_3U2ObYU1l6r-IubCFRFww==/com.wholexale.app.staging-K6dhLmoQr_4I6exMDAZpvw==/base.apk (canonical path /data/app/~~_3U2ObYU1l6r-IubCFRFww==/com.wholexale.app.staging-K6dhLmoQr_4I6exMDAZpvw==/base.apk) in OatFile /data/app/~~H561ZM1FSav1dO6xKYyyBA==/com.wholexale.app.staging-P--MKxwxnR9BZ9r55q1Agw==/oat/arm64/base.odex
01-22 19:13:54.398 I/mtkpower_client( 1748): ret_hdl:59730
01-22 19:13:54.399 D/nativeloader(16919): Configuring clns-4 for other apk /data/app/~~H561ZM1FSav1dO6xKYyyBA==/com.wholexale.app.staging-P--MKxwxnR9BZ9r55q1Agw==/base.apk. target_sdk_version=34, uses_libraries=, library_path=/data/app/~~H561ZM1FSav1dO6xKYyyBA==/com.wholexale.app.staging-P--MKxwxnR9BZ9r55q1Agw==/lib/arm64:/data/app/~~H561ZM1FSav1dO6xKYyyBA==/com.wholexale.app.staging-P--MKxwxnR9BZ9r55q1Agw==/base.apk!/lib/arm64-v8a, permitted_path=/data:/mnt/expand:/data/user/0/com.wholexale.app.staging
01-22 19:13:54.400 D/OplusUIFirst_FB( 1748): com.wholexale.app.staging toForeOps: []
01-22 19:13:54.400 D/OplusUIFirst_FB( 1748): List of ThreadOp: size=0 []
01-22 19:13:54.400 D/SensorService( 1748): onUidStateChanged uid = 10851, state = UID_STATE_ACTIVE
01-22 19:13:54.402 D/OplusAtlas.OplusAtlasEventDispatch( 3300): setEvent:atlas_event_on_foreground_activities_changed info:pid:16919,uid:10851,hasForegroundActivities:1
01-22 19:13:54.403 D/OplusBatteryServiceFeature( 1748): setSmartCoolDown: coolDown = 3, normalCoolDown = 3, pkgName = com.wholexale.app.staging
01-22 19:13:54.403 V/DeepThinker( 5470): ProcessManager: onForegroundActivitiesChanged pid:16919, uid:10851, foregroundActivities:true
01-22 19:13:54.403 D/OplusAtlas.OplusAudioScene( 3300): callback success event:atlas_event_on_foreground_activities_changed eventInfo:pid:16919,uid:10851,hasForegroundActivities:1
01-22 19:13:54.403 D/OplusAtlas.OplusMessageHandler( 3300): handleMessage: Msg { when=0 what=2 obj=com.oplus.atlas.OplusAtlasEvent@fce4e7f target=com.oplus.atlas.OplusMessageHandler$MyHandler }
01-22 19:13:54.405 D/vendor.oplus.hardware.charger@1.0-service(  897): set cooldown:3,  normalCoolDown:3
01-22 19:13:54.405 W/Binder  ( 1748): Outgoing transactions from this process must be FLAG_ONEWAY
01-22 19:13:54.405 W/Binder  ( 1748): java.lang.Throwable
01-22 19:13:54.405 W/Binder  ( 1748): 	at android.os.BinderProxy.transact(BinderProxy.java:605)
01-22 19:13:54.405 W/Binder  ( 1748): 	at android.content.ContentProviderProxy.insert(ContentProviderNative.java:555)
01-22 19:13:54.405 W/Binder  ( 1748): 	at android.content.ContentProviderClient.insert(ContentProviderClient.java:347)
01-22 19:13:54.405 W/Binder  ( 1748): 	at android.content.ContentProviderClient.insert(ContentProviderClient.java:336)
01-22 19:13:54.405 W/Binder  ( 1748): 	at o6.c.b(ContentProviderRecorder.java:7)
01-22 19:13:54.405 W/Binder  ( 1748): 	at o6.c.a(ContentProviderRecorder.java:14)
01-22 19:13:54.405 W/Binder  ( 1748): 	at o6.e.a(ProxyRecorder.java:6)
01-22 19:13:54.405 W/Binder  ( 1748): 	at k6.c.run(Unknown Source:2)
01-22 19:13:54.405 W/Binder  ( 1748): 	at android.os.Handler.handleCallback(Handler.java:942)
01-22 19:13:54.405 W/Binder  ( 1748): 	at android.os.Handler.dispatchMessage(Handler.java:99)
01-22 19:13:54.405 W/Binder  ( 1748): 	at android.os.Looper.loopOnce(Looper.java:240)
01-22 19:13:54.405 W/Binder  ( 1748): 	at android.os.Looper.loop(Looper.java:351)
01-22 19:13:54.405 W/Binder  ( 1748): 	at android.os.HandlerThread.run(HandlerThread.java:67)
01-22 19:13:54.405 D/PhoneInterfaceManager( 2568): [PhoneIntfMgr] QueryTelephonyChecker-getDataNetworkTypeForSubscriber: packageName = com.android.phone, isGrant = true
01-22 19:13:54.406 I/OplusHansManager ( 1748): onUidActive() update stay time, uid=10851, pkgName=com.wholexale.app.staging, U stay=199
01-22 19:13:54.408 D/PhoneInterfaceManager( 2568): [PhoneIntfMgr] QueryTelephonyChecker-getDataNetworkTypeForSubscriber: packageName = com.android.phone, isGrant = true
01-22 19:13:54.408 D/OplusFeatureDCBacklight( 1748): notifySfRepaintEverything begin mCurrentDCMode:0brightness=1019threshold=260
01-22 19:13:54.409 D/nativeloader(16919): Load libframework-connectivity-jni.so using APEX ns com_android_tethering for caller /apex/com.android.tethering/javalib/framework-connectivity.jar: ok
01-22 19:13:54.414 V/GraphicsEnvironment(16919): ANGLE Developer option for 'com.wholexale.app.staging' set to: 'default'
01-22 19:13:54.415 V/GraphicsEnvironment(16919): ANGLE GameManagerService for com.wholexale.app.staging: false
01-22 19:13:54.415 V/GraphicsEnvironment(16919): Neither updatable production driver nor prerelease driver is supported.
01-22 19:13:54.417 I/GPUAUX  (  966): [AUX]GPUAUXContext:69: create: 0xb40000701dd5f820
01-22 19:13:54.417 D/NetworkSecurityConfig(16919): No Network Security Config specified, using platform default
01-22 19:13:54.418 D/NetworkSecurityConfig(16919): No Network Security Config specified, using platform default
01-22 19:13:54.418 D/CompatibilityChangeReporter(16919): Compat change id reported: 183155436; UID 10851; state: ENABLED
01-22 19:13:54.419 D/MDP     (  966): DpAsyncBlit: in: job (16557 685) (1088, 1920, 34816, 17408, C12b, P1), sec0, flush 0 Buffer 0: plane=2 bufVA={0x2a4,0x2a4,0x0} bufMVA={0x0,0x0,0x0} bufSize={0x1fe000,0xff000,0x0} proxy={0xb40000701f67f540,0x0,0x0}fence=-1
01-22 19:13:54.419 D/MDP     (  966): DpAsyncBlit: out0: (1080, 1920, 1088, 544, C8s, P1), misc: (X:0, Y:0, R:0, F:0, S:0, A:0, D:0), sec0, flush 0 Buffer 0: plane=3 bufVA={0x3a2,0x3a2,0x3a2} bufMVA={0x0,0x0,0x0} bufSize={0x1fe000,0x7f800,0x7f800} proxy={0xb40000701dc3b480,0x0,0x0}fence=-1
01-22 19:13:54.419 D/MDP     (  966): DpAsyncBlit: crop0: (0, 0, 1080, 1920, 0, 0, 0, 0)
01-22 19:13:54.422 D/BoundBrokerSvc(20067): onRebind: Intent { act=com.google.android.gms.presencemanager.service.START dat=chimera-action:/... cmp=com.google.android.gms/.chimera.PersistentApiService }
01-22 19:13:54.423 I/DeepThinker( 5470): IntentManager: onIntentProduced 1
01-22 19:13:54.423 I/DeepThinker( 5470): IntentManager: dispatchIntents 1
01-22 19:13:54.423 D/OplusFeatureDCBacklight( 1748): notifySfRepaintEverything begin mCurrentDCMode:0brightness=1019threshold=260
