02-03 21:29:21.902 W/ContextImpl( 1741): Calling a method in the system process without a qualified user: android.app.ContextImpl.sendBroadcastMultiplePermissions:1288 android.content.Context.sendBroadcastMultiplePermissions:2281 com.android.server.TelephonyRegistry.broadcastServiceStateChanged:3160 com.android.server.TelephonyRegistry.notifyServiceStateForPhoneId:1665 com.android.internal.telephony.ITelephonyRegistry$Stub.onTransact:492 
02-03 21:29:21.902 W/BroadcastQueue( 1741): Appop Denial: receiving Intent { act=android.intent.action.SERVICE_STATE flg=0x1000010 (has extras) } to ProcessRecord{169bd7f 2506:com.android.phone/1001} (pid=2506, uid=1001) excludes appop android:read_phone_state due to sender android (uid 1001)
02-03 21:29:21.903 W/BroadcastQueue( 1741): Permission Denial: receiving Intent { act=android.intent.action.SERVICE_STATE flg=0x1000010 (has extras) } to com.google.android.cellbroadcastreceiver/com.android.cellbroadcastreceiver.CellBroadcastReceiver requires android.permission.ACCESS_FINE_LOCATION due to sender android (uid 1001)
02-03 21:29:21.905 W/ContextImpl( 1741): Calling a method in the system process without a qualified user: android.app.ContextImpl.sendBroadcastMultiplePermissions:1288 android.content.Context.sendBroadcastMultiplePermissions:2281 com.android.server.TelephonyRegistry.broadcastServiceStateChanged:3164 com.android.server.TelephonyRegistry.notifyServiceStateForPhoneId:1665 com.android.internal.telephony.ITelephonyRegistry$Stub.onTransact:492 
02-03 21:29:21.906 W/BroadcastQueue( 1741): Appop Denial: receiving Intent { act=android.intent.action.SERVICE_STATE flg=0x1000010 (has extras) } to ProcessRecord{e665375 1741:system/1000} (pid=1741, uid=1000) excludes appop android:fine_location due to sender android (uid 1001)
02-03 21:29:21.906 W/BroadcastQueue( 1741): Appop Denial: receiving Intent { act=android.intent.action.SERVICE_STATE flg=0x1000010 (has extras) } to ProcessRecord{169bd7f 2506:com.android.phone/1001} (pid=2506, uid=1001) excludes appop android:fine_location due to sender android (uid 1001)
02-03 21:29:21.906 W/BroadcastQueue( 1741): Permission Denial: receiving Intent { act=android.intent.action.SERVICE_STATE flg=0x1000010 (has extras) } to com.google.android.cellbroadcastreceiver/com.android.cellbroadcastreceiver.CellBroadcastReceiver requires android.permission.READ_PHONE_STATE due to sender android (uid 1001)
02-03 21:29:21.909 W/BroadcastQueue( 1741): Appop Denial: receiving Intent { act=android.intent.action.SERVICE_STATE flg=0x1000010 (has extras) } to ProcessRecord{d1f4578 2210:com.android.systemui/u0a105} (pid=2210, uid=10105) excludes appop android:read_phone_state due to sender android (uid 1001)
02-03 21:29:21.909 W/BroadcastQueue( 1741): Appop Denial: receiving Intent { act=android.intent.action.SERVICE_STATE flg=0x1000010 (has extras) } to ProcessRecord{e665375 1741:system/1000} (pid=1741, uid=1000) excludes appop android:read_phone_state due to sender android (uid 1001)
02-03 21:29:21.909 W/BroadcastQueue( 1741): Appop Denial: receiving Intent { act=android.intent.action.SERVICE_STATE flg=0x1000010 (has extras) } to ProcessRecord{169bd7f 2506:com.android.phone/1001} (pid=2506, uid=1001) excludes appop android:read_phone_state due to sender android (uid 1001)
02-03 21:29:22.836 W/NetworkPolicy( 1741): shared quota unsupported; generating rule for each iface
02-03 21:29:22.842 V/OplusNPMS( 1741): getWarningNotification numWarningNotificaion10
02-03 21:29:22.842 V/OplusNPMS( 1741): getWarningNotification numWarningNotificaion10
02-03 21:29:22.842 V/OplusNPMS( 1741): getLimitNotificationState subID=6
02-03 21:29:22.842 V/OplusNPMS( 1741): getLimitNotificationState mSubidToIccId != null
02-03 21:29:24.220 W/ContextImpl( 1741): Calling a method in the system process without a qualified user: android.app.ContextImpl.sendBroadcastMultiplePermissions:1238 com.android.server.TelephonyRegistry.broadcastServiceStateChanged:3149 com.android.server.TelephonyRegistry.notifyServiceStateForPhoneId:1665 com.android.internal.telephony.ITelephonyRegistry$Stub.onTransact:492 android.os.Binder.execTransactInternal:1331 
02-03 21:29:24.221 W/ContextImpl( 1741): Calling a method in the system process without a qualified user: android.app.ContextImpl.sendBroadcastMultiplePermissions:1288 android.content.Context.sendBroadcastMultiplePermissions:2281 com.android.server.TelephonyRegistry.broadcastServiceStateChanged:3153 com.android.server.TelephonyRegistry.notifyServiceStateForPhoneId:1665 com.android.internal.telephony.ITelephonyRegistry$Stub.onTransact:492 
02-03 21:29:24.222 W/BroadcastQueue( 1741): Permission Denial: receiving Intent { act=android.intent.action.SERVICE_STATE flg=0x1000010 (has extras) } to ProcessRecord{d1f4578 2210:com.android.systemui/u0a105} (pid=2210, uid=10105) requires android.permission.ACCESS_FINE_LOCATION due to sender android (uid 1001)
02-03 21:29:24.224 W/BroadcastQueue( 1741): Permission Denial: receiving Intent { act=android.intent.action.SERVICE_STATE flg=0x1000010 (has extras) } to com.google.android.cellbroadcastreceiver/com.android.cellbroadcastreceiver.CellBroadcastReceiver requires android.permission.READ_PHONE_STATE due to sender android (uid 1001)
02-03 21:29:24.225 W/BroadcastQueue( 1741): Permission Denial: receiving Intent { act=android.intent.action.SERVICE_STATE flg=0x1000010 (has extras) } to ProcessRecord{d1f4578 2210:com.android.systemui/u0a105} (pid=2210, uid=10105) requires android.permission.ACCESS_FINE_LOCATION due to sender android (uid 1001)
02-03 21:29:24.225 W/ContextImpl( 1741): Calling a method in the system process without a qualified user: android.app.ContextImpl.sendBroadcastMultiplePermissions:1288 android.content.Context.sendBroadcastMultiplePermissions:2281 com.android.server.TelephonyRegistry.broadcastServiceStateChanged:3160 com.android.server.TelephonyRegistry.notifyServiceStateForPhoneId:1665 com.android.internal.telephony.ITelephonyRegistry$Stub.onTransact:492 
02-03 21:29:24.225 W/BroadcastQueue( 1741): Appop Denial: receiving Intent { act=android.intent.action.SERVICE_STATE flg=0x1000010 (has extras) } to ProcessRecord{e665375 1741:system/1000} (pid=1741, uid=1000) excludes appop android:read_phone_state due to sender android (uid 1001)
02-03 21:29:24.226 W/BroadcastQueue( 1741): Appop Denial: receiving Intent { act=android.intent.action.SERVICE_STATE flg=0x1000010 (has extras) } to ProcessRecord{169bd7f 2506:com.android.phone/1001} (pid=2506, uid=1001) excludes appop android:read_phone_state due to sender android (uid 1001)
02-03 21:29:24.226 W/BroadcastQueue( 1741): Permission Denial: receiving Intent { act=android.intent.action.SERVICE_STATE flg=0x1000010 (has extras) } to com.google.android.cellbroadcastreceiver/com.android.cellbroadcastreceiver.CellBroadcastReceiver requires android.permission.ACCESS_FINE_LOCATION due to sender android (uid 1001)
02-03 21:29:24.227 W/ContextImpl( 1741): Calling a method in the system process without a qualified user: android.app.ContextImpl.sendBroadcastMultiplePermissions:1288 android.content.Context.sendBroadcastMultiplePermissions:2281 com.android.server.TelephonyRegistry.broadcastServiceStateChanged:3164 com.android.server.TelephonyRegistry.notifyServiceStateForPhoneId:1665 com.android.internal.telephony.ITelephonyRegistry$Stub.onTransact:492 
02-03 21:29:24.228 W/BroadcastQueue( 1741): Appop Denial: receiving Intent { act=android.intent.action.SERVICE_STATE flg=0x1000010 (has extras) } to ProcessRecord{e665375 1741:system/1000} (pid=1741, uid=1000) excludes appop android:fine_location due to sender android (uid 1001)
02-03 21:29:24.228 W/BroadcastQueue( 1741): Appop Denial: receiving Intent { act=android.intent.action.SERVICE_STATE flg=0x1000010 (has extras) } to ProcessRecord{169bd7f 2506:com.android.phone/1001} (pid=2506, uid=1001) excludes appop android:fine_location due to sender android (uid 1001)
02-03 21:29:24.229 W/BroadcastQueue( 1741): Permission Denial: receiving Intent { act=android.intent.action.SERVICE_STATE flg=0x1000010 (has extras) } to com.google.android.cellbroadcastreceiver/com.android.cellbroadcastreceiver.CellBroadcastReceiver requires android.permission.READ_PHONE_STATE due to sender android (uid 1001)
02-03 21:29:24.230 W/BroadcastQueue( 1741): Appop Denial: receiving Intent { act=android.intent.action.SERVICE_STATE flg=0x1000010 (has extras) } to ProcessRecord{d1f4578 2210:com.android.systemui/u0a105} (pid=2210, uid=10105) excludes appop android:read_phone_state due to sender android (uid 1001)
02-03 21:29:24.230 W/BroadcastQueue( 1741): Appop Denial: receiving Intent { act=android.intent.action.SERVICE_STATE flg=0x1000010 (has extras) } to ProcessRecord{e665375 1741:system/1000} (pid=1741, uid=1000) excludes appop android:read_phone_state due to sender android (uid 1001)
02-03 21:29:24.230 W/BroadcastQueue( 1741): Appop Denial: receiving Intent { act=android.intent.action.SERVICE_STATE flg=0x1000010 (has extras) } to ProcessRecord{169bd7f 2506:com.android.phone/1001} (pid=2506, uid=1001) excludes appop android:read_phone_state due to sender android (uid 1001)
02-03 21:29:24.285 W/ContextImpl( 1741): Calling a method in the system process without a qualified user: android.app.ContextImpl.sendBroadcastMultiplePermissions:1238 com.android.server.TelephonyRegistry.broadcastServiceStateChanged:3149 com.android.server.TelephonyRegistry.notifyServiceStateForPhoneId:1665 com.android.internal.telephony.ITelephonyRegistry$Stub.onTransact:492 android.os.Binder.execTransactInternal:1331 
02-03 21:29:24.286 W/ContextImpl( 1741): Calling a method in the system process without a qualified user: android.app.ContextImpl.sendBroadcastMultiplePermissions:1288 android.content.Context.sendBroadcastMultiplePermissions:2281 com.android.server.TelephonyRegistry.broadcastServiceStateChanged:3153 com.android.server.TelephonyRegistry.notifyServiceStateForPhoneId:1665 com.android.internal.telephony.ITelephonyRegistry$Stub.onTransact:492 
02-03 21:29:24.287 W/BroadcastQueue( 1741): Permission Denial: receiving Intent { act=android.intent.action.SERVICE_STATE flg=0x1000010 (has extras) } to ProcessRecord{d1f4578 2210:com.android.systemui/u0a105} (pid=2210, uid=10105) requires android.permission.ACCESS_FINE_LOCATION due to sender android (uid 1001)
02-03 21:29:24.288 W/BroadcastQueue( 1741): Permission Denial: receiving Intent { act=android.intent.action.SERVICE_STATE flg=0x1000010 (has extras) } to com.google.android.cellbroadcastreceiver/com.android.cellbroadcastreceiver.CellBroadcastReceiver requires android.permission.READ_PHONE_STATE due to sender android (uid 1001)
02-03 21:29:24.289 W/BroadcastQueue( 1741): Permission Denial: receiving Intent { act=android.intent.action.SERVICE_STATE flg=0x1000010 (has extras) } to ProcessRecord{d1f4578 2210:com.android.systemui/u0a105} (pid=2210, uid=10105) requires android.permission.ACCESS_FINE_LOCATION due to sender android (uid 1001)
02-03 21:29:24.290 W/ContextImpl( 1741): Calling a method in the system process without a qualified user: android.app.ContextImpl.sendBroadcastMultiplePermissions:1288 android.content.Context.sendBroadcastMultiplePermissions:2281 com.android.server.TelephonyRegistry.broadcastServiceStateChanged:3160 com.android.server.TelephonyRegistry.notifyServiceStateForPhoneId:1665 com.android.internal.telephony.ITelephonyRegistry$Stub.onTransact:492 
02-03 21:29:24.290 W/BroadcastQueue( 1741): Appop Denial: receiving Intent { act=android.intent.action.SERVICE_STATE flg=0x1000010 (has extras) } to ProcessRecord{e665375 1741:system/1000} (pid=1741, uid=1000) excludes appop android:read_phone_state due to sender android (uid 1001)
02-03 21:29:24.290 W/BroadcastQueue( 1741): Appop Denial: receiving Intent { act=android.intent.action.SERVICE_STATE flg=0x1000010 (has extras) } to ProcessRecord{169bd7f 2506:com.android.phone/1001} (pid=2506, uid=1001) excludes appop android:read_phone_state due to sender android (uid 1001)
02-03 21:29:24.291 W/BroadcastQueue( 1741): Permission Denial: receiving Intent { act=android.intent.action.SERVICE_STATE flg=0x1000010 (has extras) } to com.google.android.cellbroadcastreceiver/com.android.cellbroadcastreceiver.CellBroadcastReceiver requires android.permission.ACCESS_FINE_LOCATION due to sender android (uid 1001)
02-03 21:29:24.291 W/ContextImpl( 1741): Calling a method in the system process without a qualified user: android.app.ContextImpl.sendBroadcastMultiplePermissions:1288 android.content.Context.sendBroadcastMultiplePermissions:2281 com.android.server.TelephonyRegistry.broadcastServiceStateChanged:3164 com.android.server.TelephonyRegistry.notifyServiceStateForPhoneId:1665 com.android.internal.telephony.ITelephonyRegistry$Stub.onTransact:492 
02-03 21:29:24.293 W/BroadcastQueue( 1741): Appop Denial: receiving Intent { act=android.intent.action.SERVICE_STATE flg=0x1000010 (has extras) } to ProcessRecord{e665375 1741:system/1000} (pid=1741, uid=1000) excludes appop android:fine_location due to sender android (uid 1001)
02-03 21:29:24.293 W/BroadcastQueue( 1741): Appop Denial: receiving Intent { act=android.intent.action.SERVICE_STATE flg=0x1000010 (has extras) } to ProcessRecord{169bd7f 2506:com.android.phone/1001} (pid=2506, uid=1001) excludes appop android:fine_location due to sender android (uid 1001)
02-03 21:29:24.294 W/BroadcastQueue( 1741): Permission Denial: receiving Intent { act=android.intent.action.SERVICE_STATE flg=0x1000010 (has extras) } to com.google.android.cellbroadcastreceiver/com.android.cellbroadcastreceiver.CellBroadcastReceiver requires android.permission.READ_PHONE_STATE due to sender android (uid 1001)
02-03 21:29:24.295 W/BroadcastQueue( 1741): Appop Denial: receiving Intent { act=android.intent.action.SERVICE_STATE flg=0x1000010 (has extras) } to ProcessRecord{d1f4578 2210:com.android.systemui/u0a105} (pid=2210, uid=10105) excludes appop android:read_phone_state due to sender android (uid 1001)
02-03 21:29:24.295 W/BroadcastQueue( 1741): Appop Denial: receiving Intent { act=android.intent.action.SERVICE_STATE flg=0x1000010 (has extras) } to ProcessRecord{e665375 1741:system/1000} (pid=1741, uid=1000) excludes appop android:read_phone_state due to sender android (uid 1001)
02-03 21:29:24.295 W/BroadcastQueue( 1741): Appop Denial: receiving Intent { act=android.intent.action.SERVICE_STATE flg=0x1000010 (has extras) } to ProcessRecord{169bd7f 2506:com.android.phone/1001} (pid=2506, uid=1001) excludes appop android:read_phone_state due to sender android (uid 1001)
02-03 21:29:25.330 W/ContextImpl( 1741): Calling a method in the system process without a qualified user: android.app.ContextImpl.sendBroadcast:1205 com.android.server.job.controllers.OplusCpuController.notifyHighCpuEventForApp:386 com.android.server.job.controllers.OplusCpuController.handleCpuUpdate:332 com.android.server.job.controllers.OplusCpuController.-$$Nest$mhandleCpuUpdate:0 com.android.server.job.controllers.OplusCpuController$CpuTrackerHandler.handleMessage:256 
02-03 21:29:30.579 D/OplusAppListInterceptManager( 1741): shouldFilterTask
02-03 21:29:30.579 D/OplusAppListInterceptManager( 1741): shouldFilterTask::packageName = com.google.android.youtube
02-03 21:29:30.579 D/OplusAppListInterceptManager( 1741): shouldFilterTask
02-03 21:29:30.579 D/OplusAppListInterceptManager( 1741): shouldFilterTask::packageName = com.wholexale.app.staging
02-03 21:29:30.579 D/OplusAppListInterceptManager( 1741): shouldFilterTask
02-03 21:29:30.579 D/OplusAppListInterceptManager( 1741): shouldFilterTask::packageName = com.company.userapp
02-03 21:29:30.580 D/CompatibilityChangeReporter( 1741): Compat change id reported: 197654537; UID 10876; state: ENABLED
02-03 21:29:30.580 D/OplusAppListInterceptManager( 1741): shouldFilterTask
02-03 21:29:30.580 D/OplusAppListInterceptManager( 1741): shouldFilterTask::packageName = com.twitter.android
02-03 21:29:30.580 D/OplusAppListInterceptManager( 1741): shouldFilterTask
02-03 21:29:30.580 D/OplusAppListInterceptManager( 1741): shouldFilterTask::packageName = com.cricbuzz.android
02-03 21:29:30.580 D/OplusAppListInterceptManager( 1741): shouldFilterTask
02-03 21:29:30.580 D/OplusAppListInterceptManager( 1741): shouldFilterTask::packageName = com.android.chrome
02-03 21:29:32.684 D/OplusBatteryServiceFeature( 1741): setSmartCoolDown: coolDown = 3, normalCoolDown = 3, pkgName = com.google.android.youtube
02-03 21:29:32.689 D/VRR [OPlusRefreshRateService]( 1741):  setFrameRateTargetControl [ 0.0 , com.google.android.youtube , false , com.oplus.battery ]
02-03 21:29:32.689 D/VRR [OPlusRefreshRateService]( 1741):  setFrameRateTargetControl from [0, 1000, android.uid.system:1000]
02-03 21:29:32.689 D/VRR [OPlusExternalRefreshRateManager]( 1741):  [FRTC] FrameRate : 0 com.google.android.youtube false com.oplus.battery 0 1000
02-03 21:29:32.690 D/VRR [OPlusSurfaceFlingerController]( 1741):  add frtc FrameRate : 0 com.google.android.youtube false com.oplus.battery
02-03 21:29:36.637 D/CompatibilityChangeReporter( 1741): Compat change id reported: 135634846; UID 10185; state: DISABLED
02-03 21:29:36.637 D/CompatibilityChangeReporter( 1741): Compat change id reported: 177438394; UID 10185; state: DISABLED
02-03 21:29:36.637 D/CompatibilityChangeReporter( 1741): Compat change id reported: 135772972; UID 10185; state: DISABLED
02-03 21:29:36.637 D/CompatibilityChangeReporter( 1741): Compat change id reported: 135754954; UID 10185; state: ENABLED
02-03 21:29:36.638 D/CompatibilityChangeReporter( 1741): Compat change id reported: 143937733; UID 10185; state: ENABLED
02-03 21:29:36.690 W/ActivityManager( 1741): Slow operation: 55ms so far, now at startProcess: returned from zygote!
02-03 21:29:36.691 W/ActivityManager( 1741): Slow operation: 55ms so far, now at startProcess: done updating battery stats
02-03 21:29:36.691 W/ActivityManager( 1741): Slow operation: 56ms so far, now at startProcess: building log message
02-03 21:29:36.691 I/ActivityManager( 1741): Start proc 19809:com.heytap.pictorial/u0a185 for service {com.heytap.pictorial/com.nearme.pullimage.GlanceEventsReportService}
02-03 21:29:36.691 W/ActivityManager( 1741): Slow operation: 56ms so far, now at startProcess: starting to update pids map
02-03 21:29:36.692 W/ActivityManager( 1741): Slow operation: 57ms so far, now at startProcess: done updating pids map
02-03 21:29:37.075 D/CompatibilityChangeReporter( 1741): Compat change id reported: 161145287; UID 10185; state: DISABLED
02-03 21:29:37.126 W/SettingsProvider( 1741): You shouldn't keep your settings in the secure settings. This will soon become an error!!!
02-03 21:29:37.351 D/CompatibilityChangeReporter( 1741): Compat change id reported: 161252188; UID 1000; state: DISABLED
02-03 21:29:37.363 W/ActivityManager( 1741): Receiver with filter android.content.IntentFilter@1464685 already registered for pid 19809, callerPackage is com.heytap.pictorial
02-03 21:29:37.373 W/ActivityManager( 1741): Receiver with filter android.content.IntentFilter@446bcda already registered for pid 19809, callerPackage is com.heytap.pictorial
02-03 21:29:37.451 W/ActivityManager( 1741): Receiver with filter android.content.IntentFilter@e72e294 already registered for pid 19809, callerPackage is com.heytap.pictorial
02-03 21:29:37.522 E/ResourcesImplExt(19809): the AssetManager's apkAsset: ApkAssets{path=<empty> and /system/framework/framework-res.apk}
02-03 21:29:37.522 E/ResourcesImplExt(19809): the AssetManager's apkAsset: ApkAssets{path=/my_bigball/overlay/GmsConfigOverlayASI_Infrastructure/GmsConfigOverlayASI_Infrastructure.apk}
02-03 21:29:37.522 E/ResourcesImplExt(19809): the AssetManager's apkAsset: ApkAssets{path=/my_bigball/overlay/GmsConfigOverlayCommonEx/GmsConfigOverlayCommonEx.apk}
02-03 21:29:37.522 E/ResourcesImplExt(19809): the AssetManager's apkAsset: ApkAssets{path=/my_bigball/overlay/GmsConfigOverlayComms/GmsConfigOverlayComms.apk}
02-03 21:29:37.522 E/ResourcesImplExt(19809): the AssetManager's apkAsset: ApkAssets{path=/my_bigball/overlay/GmsConfigOverlayGSA/GmsConfigOverlayGSA.apk}
02-03 21:29:37.522 E/ResourcesImplExt(19809): the AssetManager's apkAsset: ApkAssets{path=/my_bigball/overlay/GmsConfigOverlayNoSafetyCenter/GmsConfigOverlayNoSafetyCenter.apk}
02-03 21:29:37.522 E/ResourcesImplExt(19809): the AssetManager's apkAsset: ApkAssets{path=/product/overlay/CaptivePortalLoginFrameworkOverlay.apk}
02-03 21:29:37.522 E/ResourcesImplExt(19809): the AssetManager's apkAsset: ApkAssets{path=/product/overlay/GoogleExtServicesConfigOverlay.apk}
02-03 21:29:37.522 E/ResourcesImplExt(19809): the AssetManager's apkAsset: ApkAssets{path=/product/overlay/GooglePermissionControllerFrameworkOverlay.apk}
02-03 21:29:37.523 E/ResourcesImplExt(19809): the AssetManager's apkAsset: ApkAssets{path=/product/overlay/ModuleMetadataGoogleOverlay.apk}
02-03 21:29:37.523 E/ResourcesImplExt(19809): the AssetManager's apkAsset: ApkAssets{path=/product/overlay/framework-res__auto_generated_rro_product.apk}
02-03 21:29:37.523 E/ResourcesImplExt(19809): the AssetManager's apkAsset: ApkAssets{path=/vendor/overlay/FrameworkResOverlay/FrameworkResOverlay.apk}
02-03 21:29:37.523 E/ResourcesImplExt(19809): the AssetManager's apkAsset: ApkAssets{path=/my_bigball/overlay/OplusGmsConfigOverlayCommon/OplusGmsConfigOverlayCommon.apk}
02-03 21:29:37.523 E/ResourcesImplExt(19809): the AssetManager's apkAsset: ApkAssets{path=/vendor/overlay/FrameworkResOverlayExt/FrameworkResOverlayExt.apk}
02-03 21:29:37.523 E/ResourcesImplExt(19809): the AssetManager's apkAsset: ApkAssets{path=/product/overlay/android_framework_res_overlay.display.product.20291.apk}
02-03 21:29:37.523 E/ResourcesImplExt(19809): the AssetManager's apkAsset: ApkAssets{path=/system_ext/overlay/framework_res_overlay_Network.apk}
02-03 21:29:37.523 E/ResourcesImplExt(19809): the AssetManager's apkAsset: ApkAssets{path=/product/overlay/aon_framework_res_overlay.display.product.apk}
02-03 21:29:37.523 E/ResourcesImplExt(19809): the AssetManager's apkAsset: ApkAssets{path=/system_ext/overlay/ConnectivityBaseOverlay.apk}
02-03 21:29:37.523 E/ResourcesImplExt(19809): the AssetManager's apkAsset: ApkAssets{path=/system_ext/overlay/OplusFrameworkBluetoothResource.apk}
02-03 21:29:37.523 E/ResourcesImplExt(19809): the AssetManager's apkAsset: ApkAssets{path=<empty> and /system/app/mediatek-res/mediatek-res.apk}
02-03 21:29:37.523 E/ResourcesImplExt(19809): the AssetManager's apkAsset: ApkAssets{path=<empty> and /system_ext/framework/oplus-framework-res.apk}
02-03 21:29:37.523 E/ResourcesImplExt(19809): the AssetManager's apkAsset: ApkAssets{path=/product/overlay/oplus_framework_res_overlay.display.product.20291.apk}
02-03 21:29:37.523 E/ResourcesImplExt(19809): the AssetManager's apkAsset: ApkAssets{path=/product/overlay/oplus_framework_res_rro_oppo.apk}
02-03 21:29:37.526 E/ResourcesImplExt(19809): the AssetManager's apkAsset: ApkAssets{path=<empty> and /data/app/~~r6WzAsZKvB2SX7u30LsUjg==/com.heytap.pictorial-6ltJVU85W9VHP9K1u-kPjg==/base.apk}
02-03 21:29:37.526 E/ResourcesImplExt(19809): the AssetManager's apkAsset: ApkAssets{path=<empty> and /data/app/~~r6WzAsZKvB2SX7u30LsUjg==/com.heytap.pictorial-6ltJVU85W9VHP9K1u-kPjg==/split_feature_feedback.apk}
02-03 21:29:37.526 E/ResourcesImplExt(19809): the AssetManager's apkAsset: ApkAssets{path=<empty> and /data/app/~~r6WzAsZKvB2SX7u30LsUjg==/com.heytap.pictorial-6ltJVU85W9VHP9K1u-kPjg==/split_feature_log.apk}
02-03 21:29:37.526 E/ResourcesImplExt(19809): the AssetManager's apkAsset: ApkAssets{path=/product/overlay/NavigationBarModeGestural/NavigationBarModeGesturalOverlay.apk}
02-03 21:29:37.526 E/ResourcesImplExt(19809): the AssetManager's apkAsset: ApkAssets{path=/data/resource-cache/com.android.systemui-neutral-rMiZ.frro}
02-03 21:29:37.526 E/ResourcesImplExt(19809): the AssetManager's apkAsset: ApkAssets{path=/data/resource-cache/com.android.systemui-accent-lSQV.frro}
02-03 21:29:37.548 W/ActivityManager( 1741): Receiver with filter android.content.IntentFilter@9d83439 already registered for pid 19809, callerPackage is com.heytap.pictorial
02-03 21:29:37.605 W/UriGrantsManagerService( 1741): For security reasons, the system cannot issue a Uri permission grant to content://com.heytap.mcs.cloudctrl.FILEPROVIDER/cloud_ctrl/cloud_ctrl/global-domain_1281/BUSINESS_121100_DOMAIN/2/8440f34f-c7b9-4c44-a64c-6fd59c47ec34 [user 0]; use startActivityAsCaller() instead
02-03 21:29:37.606 W/UriGrantsManagerService( 1741): For security reasons, the system cannot issue a Uri permission grant to content://com.heytap.mcs.cloudctrl.FILEPROVIDER/cloud_ctrl/cloud_ctrl/global-domain_1281/BUSINESS_20305_DOMAIN/1/b08e33d9-2c4e-4f5a-83fa-5d3a8925a13c [user 0]; use startActivityAsCaller() instead
02-03 21:29:37.619 W/UriGrantsManagerService( 1741): For security reasons, the system cannot issue a Uri permission grant to content://com.heytap.mcs.cloudctrl.FILEPROVIDER/cloud_ctrl/cloud_ctrl/mdp_2189/PictorialCommonConfig/25/f9ff6ef0-8730-4350-acc6-d2c0ac8a5661 [user 0]; use startActivityAsCaller() instead
02-03 21:29:37.621 W/UriGrantsManagerService( 1741): For security reasons, the system cannot issue a Uri permission grant to content://com.heytap.mcs.cloudctrl.FILEPROVIDER/cloud_ctrl/cloud_ctrl/mdp_2189/PictorialConfigTemplate/19/8c4c7489-0b92-4be8-b5db-de096f1a35a9 [user 0]; use startActivityAsCaller() instead
02-03 21:29:37.633 W/UriGrantsManagerService( 1741): For security reasons, the system cannot issue a Uri permission grant to content://com.heytap.mcs.cloudctrl.FILEPROVIDER/cloud_ctrl/cloud_ctrl/mdp_2189/PictorialOfflineConfig/87/eb7c61b7-1e52-46a8-8f40-52dcddca8611 [user 0]; use startActivityAsCaller() instead
02-03 21:29:37.746 W/UriGrantsManagerService( 1741): For security reasons, the system cannot issue a Uri permission grant to content://com.heytap.mcs.cloudctrl.FILEPROVIDER/cloud_ctrl/cloud_ctrl/50351/TrackGlobalConfig3/15/69856843-2e59-42e0-9236-37872c8a8f38 [user 0]; use startActivityAsCaller() instead
02-03 21:29:37.783 W/UriGrantsManagerService( 1741): For security reasons, the system cannot issue a Uri permission grant to content://com.heytap.mcs.cloudctrl.FILEPROVIDER/cloud_ctrl/cloud_ctrl/compass_143100/BUSINESS_143100_CONFIG/1/4ad3fa89-95bd-4877-a912-cac47b4bd88d [user 0]; use startActivityAsCaller() instead
02-03 21:29:37.784 W/UriGrantsManagerService( 1741): For security reasons, the system cannot issue a Uri permission grant to content://com.heytap.mcs.cloudctrl.FILEPROVIDER/cloud_ctrl/cloud_ctrl/compass_143100/BUSINESS_143100_CONFIG_FLEXIBLE/1/0f33cde2-c889-4f7f-b233-60fd3d00584f [user 0]; use startActivityAsCaller() instead
02-03 21:29:37.785 W/UriGrantsManagerService( 1741): For security reasons, the system cannot issue a Uri permission grant to content://com.heytap.mcs.cloudctrl.FILEPROVIDER/cloud_ctrl/cloud_ctrl/compass_143100/BUSINESS_143100_EventRule_V3/4/669328d2-d186-46c5-8f47-ca21452c785b [user 0]; use startActivityAsCaller() instead
02-03 21:29:37.801 W/UriGrantsManagerService( 1741): For security reasons, the system cannot issue a Uri permission grant to content://com.heytap.mcs.cloudctrl.FILEPROVIDER/cloud_ctrl/cloud_ctrl/compass_20305/BUSINESS_20305_CONFIG/747/7986fa56-58fd-49c1-967b-91e4f4908e28 [user 0]; use startActivityAsCaller() instead
02-03 21:29:37.802 W/UriGrantsManagerService( 1741): For security reasons, the system cannot issue a Uri permission grant to content://com.heytap.mcs.cloudctrl.FILEPROVIDER/cloud_ctrl/cloud_ctrl/compass_20305/BUSINESS_20305_CONFIG_FLEXIBLE/59/818dc355-4ed1-4680-b16b-c3c515c96eb1 [user 0]; use startActivityAsCaller() instead
02-03 21:29:37.805 W/UriGrantsManagerService( 1741): For security reasons, the system cannot issue a Uri permission grant to content://com.heytap.mcs.cloudctrl.FILEPROVIDER/cloud_ctrl/cloud_ctrl/compass_20305/BUSINESS_20305_EventRule_V3/8344/9cf14be4-8ae6-42e0-962d-55bbb48eb206 [user 0]; use startActivityAsCaller() instead
02-03 21:29:38.136 W/ActivityManager( 1741): Receiver with filter android.content.IntentFilter@c05bc5c already registered for pid 19809, callerPackage is com.heytap.pictorial
02-03 21:29:38.181 W/ActivityManager( 1741): Receiver with filter android.content.IntentFilter@8fd6b65 already registered for pid 19809, callerPackage is com.heytap.pictorial
02-03 21:29:38.247 W/ActivityManager( 1741): Receiver with filter android.content.IntentFilter@9c69606 already registered for pid 19809, callerPackage is com.heytap.pictorial
02-03 21:29:38.266 D/OplusInputMethodUtil(19809): init sDebug to false, init sDebugIme to false, init sAlwaysOn to false
02-03 21:29:38.266 D/OplusInputMethodUtil(19809): updateDebugToClass InputMethodManager.DEBUG = false
02-03 21:29:38.266 D/OplusInputMethodUtil(19809): updateDebugToClass ImeFocusController.DEBUG = false
02-03 21:29:38.266 D/OplusInputMethodUtil(19809): updateDebugToClass BaseInputConnection.DEBUG = false
02-03 21:29:38.266 D/OplusInputMethodUtil(19809): updateDebugToClass ImeFocusController.sDebugIme = false
02-03 21:29:38.267 D/CompatibilityChangeReporter( 1741): Compat change id reported: 319212206; UID 10185; state: ENABLED
02-03 21:29:38.289 D/CompatibilityChangeReporter( 1741): Compat change id reported: 182478738; UID 10185; state: ENABLED
02-03 21:29:38.293 W/ActivityManager( 1741): Receiver with filter android.content.IntentFilter@3704319 already registered for pid 19809, callerPackage is com.heytap.pictorial
02-03 21:29:38.381 W/UriGrantsManagerService( 1741): For security reasons, the system cannot issue a Uri permission grant to content://com.heytap.mcs.cloudctrl.FILEPROVIDER/cloud_ctrl/cloud_ctrl/global-domain_2190/overseas-ad-host/14/0ac6d038-fecc-4d76-8d19-10b91b9279c5 [user 0]; use startActivityAsCaller() instead
02-03 21:29:38.465 W/UriGrantsManagerService( 1741): For security reasons, the system cannot issue a Uri permission grant to content://com.heytap.mcs.cloudctrl.FILEPROVIDER/cloud_ctrl/cloud_ctrl/mdp_2190/ads_kit_control_config/16/38d5ef6d-b43a-413d-bd0f-b91a77a46383 [user 0]; use startActivityAsCaller() instead
02-03 21:29:38.467 W/UriGrantsManagerService( 1741): For security reasons, the system cannot issue a Uri permission grant to content://com.heytap.mcs.cloudctrl.FILEPROVIDER/cloud_ctrl/cloud_ctrl/mdp_2190/overseas_ad_channel_init_config/66/bcc8dc69-7efd-4d44-b605-8b12469f860c [user 0]; use startActivityAsCaller() instead
02-03 21:29:38.467 W/UriGrantsManagerService( 1741): For security reasons, the system cannot issue a Uri permission grant to content://com.heytap.mcs.cloudctrl.FILEPROVIDER/cloud_ctrl/cloud_ctrl/compass_121100/BUSINESS_121100_CONFIG/84/c762cc36-a3eb-41c1-9987-25fee1745f57 [user 0]; use startActivityAsCaller() instead
02-03 21:29:38.468 W/UriGrantsManagerService( 1741): For security reasons, the system cannot issue a Uri permission grant to content://com.heytap.mcs.cloudctrl.FILEPROVIDER/cloud_ctrl/cloud_ctrl/mdp_2190/overseas_ad_json_config/103/e00e2d74-b8a2-4044-8235-debc17ad9ee3 [user 0]; use startActivityAsCaller() instead
02-03 21:29:38.469 W/UriGrantsManagerService( 1741): For security reasons, the system cannot issue a Uri permission grant to content://com.heytap.mcs.cloudctrl.FILEPROVIDER/cloud_ctrl/cloud_ctrl/compass_121100/BUSINESS_121100_CONFIG_FLEXIBLE/1/206d617b-d11d-4fd2-b3a0-0456a1da37c1 [user 0]; use startActivityAsCaller() instead
02-03 21:29:38.470 W/UriGrantsManagerService( 1741): For security reasons, the system cannot issue a Uri permission grant to content://com.heytap.mcs.cloudctrl.FILEPROVIDER/cloud_ctrl/cloud_ctrl/compass_121100/BUSINESS_121100_EventRule_V3/1264/909854f5-3fa2-4c45-96db-15bec261dcca [user 0]; use startActivityAsCaller() instead
02-03 21:29:42.515 D/PowerManagerService( 1741): userActivityNoUpdateLocked: groupId=0, eventTime=103339841, event=2, flags=0x0, uid=1000
02-03 21:29:42.931 I/Quality (26664): Skipped: false 1 cost 26.88641 refreshRate 16554954 bit true processName com.google.android.youtube
02-03 21:29:42.938 V/WindowManager( 1741): Relayout Window{4eb0794 u0 com.google.android.youtube/com.google.android.youtube.app.honeycomb.Shell$HomeActivity}: viewVisibility=0, oldvis=0, req=1080x2400
02-03 21:29:42.944 D/WindowManager( 1741): Releasing screen wakelock due to Window{4eb0794 u0 com.google.android.youtube/com.google.android.youtube.app.honeycomb.Shell$HomeActivity}
02-03 21:29:42.944 D/OplusAONSmartDim( 1741): onWakeLockReleaseLocked: lock=17688479, flags=0x2000000a, packageName=android, tag="WindowManager", ws=WorkSource{10141}, uid=1000, pid=1741
02-03 21:29:42.944 D/PowerManagerService( 1741): userActivityNoUpdateLocked: groupId=0, eventTime=103340273, event=0, flags=0x1, uid=1000
02-03 21:29:43.001 I/Quality (26664): Skipped: false 3 cost 63.850002 refreshRate 16552930 bit true processName com.google.android.youtube
02-03 21:29:43.355 D/PowerManagerService( 1741): userActivityNoUpdateLocked: groupId=0, eventTime=103340680, event=2, flags=0x0, uid=1000
02-03 21:29:43.455 D/PowerManagerService( 1741): userActivityNoUpdateLocked: groupId=0, eventTime=103340782, event=2, flags=0x0, uid=1000
02-03 21:29:43.770 V/WindowManager( 1741): Relayout Window{4eb0794 u0 com.google.android.youtube/com.google.android.youtube.app.honeycomb.Shell$HomeActivity}: viewVisibility=0, oldvis=0, req=1080x2400
02-03 21:29:43.777 D/WindowManager( 1741): Acquiring screen wakelock due to Window{4eb0794 u0 com.google.android.youtube/com.google.android.youtube.app.honeycomb.Shell$HomeActivity}
02-03 21:29:43.778 D/OplusAONSmartDim( 1741): onWakeLockAcquireLocked: lock=17688479, flags=0x2000000a, packageName=android, tag="WindowManager", ws=WorkSource{10141}, uid=1000, pid=1741
02-03 21:29:43.837 D/PowerManagerService( 1741): userActivityNoUpdateLocked: groupId=0, eventTime=103341163, event=2, flags=0x0, uid=1000
02-03 21:29:43.937 D/PowerManagerService( 1741): userActivityNoUpdateLocked: groupId=0, eventTime=103341265, event=2, flags=0x0, uid=1000
02-03 21:29:44.114 I/Quality (26664): Skipped: false 1 cost 18.869677 refreshRate 16547888 bit true processName com.google.android.youtube
02-03 21:29:45.302 W/NetworkPolicy( 1741): shared quota unsupported; generating rule for each iface
02-03 21:29:45.309 V/OplusNPMS( 1741): getWarningNotification numWarningNotificaion10
02-03 21:29:45.309 V/OplusNPMS( 1741): getWarningNotification numWarningNotificaion10
02-03 21:29:45.309 V/OplusNPMS( 1741): getLimitNotificationState subID=6
02-03 21:29:45.309 V/OplusNPMS( 1741): getLimitNotificationState mSubidToIccId != null
02-03 21:29:45.411 D/PowerManagerService( 1741): userActivityNoUpdateLocked: groupId=0, eventTime=103342738, event=2, flags=0x0, uid=1000
02-03 21:29:45.564 D/PowerManagerService( 1741): userActivityNoUpdateLocked: groupId=0, eventTime=103342892, event=2, flags=0x0, uid=1000
02-03 21:29:45.667 D/PowerManagerService( 1741): userActivityNoUpdateLocked: groupId=0, eventTime=103342994, event=2, flags=0x0, uid=1000
02-03 21:29:45.769 D/PowerManagerService( 1741): userActivityNoUpdateLocked: groupId=0, eventTime=103343097, event=2, flags=0x0, uid=1000
02-03 21:29:46.341 D/PowerManagerService( 1741): userActivityNoUpdateLocked: groupId=0, eventTime=103343668, event=2, flags=0x0, uid=1000
02-03 21:29:47.186 I/keystore2(  628): keystore2::watchdog: Watchdog thread idle -> terminating. Have a great day.
02-03 21:29:47.277 D/PowerManagerService( 1741): userActivityNoUpdateLocked: groupId=0, eventTime=103344604, event=2, flags=0x0, uid=1000
02-03 21:29:48.213 D/PowerManagerService( 1741): userActivityNoUpdateLocked: groupId=0, eventTime=103345540, event=2, flags=0x0, uid=1000
02-03 21:29:48.902 D/PowerManagerService( 1741): userActivityNoUpdateLocked: groupId=0, eventTime=103346228, event=2, flags=0x0, uid=1000
02-03 21:29:50.002 D/UsageStatsService( 1741): User[0] type=0 b=1770134267947 e=1770134390000 cb=1770102026338 ce=1770134388175 disk=0 all=17
02-03 21:29:51.083 D/UsageStatsService( 1741): User[999] type=0 b=1770130825711 e=1770134391083 cb=1770111406734 ce=1770134285751 disk=0 all=1
02-03 21:29:53.434 D/PowerManagerService( 1741): userActivityNoUpdateLocked: groupId=0, eventTime=103350758, event=2, flags=0x0, uid=1000
02-03 21:29:53.593 I/Quality (26664): Skipped: true 1 cost 30.594725 refreshRate 16551193 bit true processName com.google.android.youtube
02-03 21:29:53.702 E/AppOps  ( 1741): attributionTag  not declared in manifest of com.oplus.exsystemservice
02-03 21:29:53.705 E/AppOps  ( 1741): attributionTag  not declared in manifest of com.oplus.exsystemservice
02-03 21:29:56.257 D/PowerManagerService( 1741): userActivityNoUpdateLocked: groupId=0, eventTime=103353582, event=2, flags=0x0, uid=1000
02-03 21:29:56.405 I/Quality (26664): Skipped: true 1 cost 28.963598 refreshRate 16548381 bit true processName com.google.android.youtube
02-03 21:29:56.560 I/Quality (26664): Skipped: false 1 cost 18.735146 refreshRate 16545775 bit true processName com.google.android.youtube
02-03 21:29:56.611 I/Quality (26664): Skipped: false 1 cost 20.327543 refreshRate 16547770 bit true processName com.google.android.youtube
02-03 21:29:57.934 W/NetworkPolicy( 1741): shared quota unsupported; generating rule for each iface
02-03 21:29:57.942 V/OplusNPMS( 1741): getWarningNotification numWarningNotificaion10
02-03 21:29:57.942 V/OplusNPMS( 1741): getWarningNotification numWarningNotificaion10
02-03 21:29:57.942 V/OplusNPMS( 1741): getLimitNotificationState subID=6
02-03 21:29:57.942 V/OplusNPMS( 1741): getLimitNotificationState mSubidToIccId != null
02-03 21:29:59.248 D/PowerManagerService( 1741): userActivityNoUpdateLocked: groupId=0, eventTime=103356574, event=2, flags=0x0, uid=1000
02-03 21:29:59.391 D/PowerManagerService( 1741): userActivityNoUpdateLocked: groupId=0, eventTime=103356719, event=2, flags=0x0, uid=1000
02-03 21:29:59.493 D/PowerManagerService( 1741): userActivityNoUpdateLocked: groupId=0, eventTime=103356821, event=2, flags=0x0, uid=1000
02-03 21:29:59.596 D/PowerManagerService( 1741): userActivityNoUpdateLocked: groupId=0, eventTime=103356924, event=2, flags=0x0, uid=1000
02-03 21:30:00.015 E/OplusCustomizeRestrictionManagerService( 1741): isBiometricDisabled start
02-03 21:30:00.016 E/OplusCustomizeRestrictionManagerService( 1741): isBiometricDisabled start
02-03 21:30:00.027 I/ActivityManager( 1741): Killing 14068:com.google.android.gms/u999a128 (adj 999): empty #21
02-03 21:30:00.074 I/WallpaperManagerServiceExt( 1741): getFoldWallpaperInfo user=0 which=32 phyDisplay=1
02-03 21:30:00.074 I/WallpaperManagerServiceExt( 1741): getFoldWallpaperInfo user=0 which=16 phyDisplay=1
02-03 21:30:00.174 D/PowerManagerService( 1741): userActivityNoUpdateLocked: groupId=0, eventTime=103357501, event=2, flags=0x0, uid=1000
02-03 21:30:00.618 D/CompatibilityChangeReporter( 1741): Compat change id reported: 135634846; UID 10012; state: DISABLED
02-03 21:30:00.618 D/CompatibilityChangeReporter( 1741): Compat change id reported: 177438394; UID 10012; state: DISABLED
02-03 21:30:00.618 D/CompatibilityChangeReporter( 1741): Compat change id reported: 135772972; UID 10012; state: DISABLED
02-03 21:30:00.618 D/CompatibilityChangeReporter( 1741): Compat change id reported: 135754954; UID 10012; state: ENABLED
02-03 21:30:00.619 D/CompatibilityChangeReporter( 1741): Compat change id reported: 143937733; UID 10012; state: ENABLED
02-03 21:30:00.642 I/ActivityManager( 1741): Start proc 20167:com.nearme.instant.platform:provider/u0a12 for content provider {com.nearme.instant.platform/com.nearme.instant.db.InstantProvider}
02-03 21:30:00.684 D/CompatibilityChangeReporter( 1741): Compat change id reported: 168419799; UID 10012; state: DISABLED
02-03 21:30:00.844 D/CompatibilityChangeReporter( 1741): Compat change id reported: 161145287; UID 10012; state: DISABLED
02-03 21:30:00.926 D/CompatibilityChangeReporter( 1741): Compat change id reported: 171306433; UID 1000; state: ENABLED
02-03 21:30:00.926 D/CompatibilityChangeReporter( 1741): Compat change id reported: 218533173; UID 1000; state: ENABLED
02-03 21:30:01.111 D/PowerManagerService( 1741): userActivityNoUpdateLocked: groupId=0, eventTime=103358438, event=2, flags=0x0, uid=1000
02-03 21:30:02.048 D/PowerManagerService( 1741): userActivityNoUpdateLocked: groupId=0, eventTime=103359374, event=2, flags=0x0, uid=1000
02-03 21:30:02.111 I/Quality (26664): JankCountInfo: com.google.android.youtube.app.honeycomb.Shell$HomeActivity basic:0-0-0 action:-1 data:0-0 type:2 stage:0-0-0 type:3 stage:0-0-0 type:4 stage:0-0-0 type:5 stage:0-0-0 action:0 data:0-0 type:2 stage:0-0-0 type:5 stage:0-0-0 action:1 data:0-0 type:2 stage:7-0-0 type:3 stage:1-0-0 type:4 stage:0-0-0 type:5 stage:0-0-0 action:2 data:0-6 type:2 stage:11-3-0 type:3 stage:0-1-0 type:4 stage:0-0-0 type:5 stage:0-0-0 action:6 data:0-0 type:2 stage:1-0-0 type:3 stage:0-0-0 type:4 stage:0-0-0 type:5 stage:0-0-0 type:6 stage:0-0-0 action:8 data:0-1 type:2 stage:15-4-0 type:3 stage:5-0-0 type:4 stage:0-0-0 type:5 stage:0-0-0
02-03 21:30:03.690 W/NetworkPolicy( 1741): shared quota unsupported; generating rule for each iface
02-03 21:30:03.695 V/OplusNPMS( 1741): getWarningNotification numWarningNotificaion10
02-03 21:30:03.695 V/OplusNPMS( 1741): getWarningNotification numWarningNotificaion10
02-03 21:30:03.695 V/OplusNPMS( 1741): getLimitNotificationState subID=6
02-03 21:30:03.695 V/OplusNPMS( 1741): getLimitNotificationState mSubidToIccId != null
02-03 21:30:05.968 I/Quality (  962): SFJankCountInfo: 3089;0;0-0-0-0-0-0-0-0-0-0;1-0-0-0-0-0-0-0-0-0;2-0-0-0-0-0-0-0-0-0;3-0-0-0-0-0-0-0-0-0;4-0-0-0-0-0-0-0-0-0;5-0-0-0-0-0-0-0-0-0;6-0-0-0-0-0-0-0-0-0;7-0-0-0-0-0-0-0-0-0;8-0-0-0-0-0-0-0-0-0;9-0-0-0-0-0-0-0-0-0;
02-03 21:30:10.021 D/PowerManagerService( 1741): userActivityNoUpdateLocked: groupId=0, eventTime=103367346, event=2, flags=0x0, uid=1000
02-03 21:30:10.119 D/PowerManagerService( 1741): userActivityNoUpdateLocked: groupId=0, eventTime=103367447, event=2, flags=0x0, uid=1000
02-03 21:30:10.223 D/PowerManagerService( 1741): userActivityNoUpdateLocked: groupId=0, eventTime=103367550, event=2, flags=0x0, uid=1000
02-03 21:30:10.325 D/PowerManagerService( 1741): userActivityNoUpdateLocked: groupId=0, eventTime=103367653, event=2, flags=0x0, uid=1000
02-03 21:30:10.428 D/PowerManagerService( 1741): userActivityNoUpdateLocked: groupId=0, eventTime=103367755, event=2, flags=0x0, uid=1000
02-03 21:30:10.530 D/PowerManagerService( 1741): userActivityNoUpdateLocked: groupId=0, eventTime=103367857, event=2, flags=0x0, uid=1000
02-03 21:30:10.654 D/PowerManagerService( 1741): userActivityNoUpdateLocked: groupId=0, eventTime=103367982, event=2, flags=0x0, uid=1000
02-03 21:30:10.778 I/Quality (26664): Skipped: false 3 cost 53.458847 refreshRate 16548331 bit true processName com.google.android.youtube
02-03 21:30:10.819 D/OplusAppListInterceptManager( 1741): shouldFilterTask
02-03 21:30:10.819 D/OplusAppListInterceptManager( 1741): shouldFilterTask::packageName = com.google.android.youtube
02-03 21:30:10.820 D/OplusAppListInterceptManager( 1741): shouldFilterTask
02-03 21:30:10.820 D/OplusAppListInterceptManager( 1741): shouldFilterTask::packageName = com.wholexale.app.staging
02-03 21:30:10.820 D/OplusAppListInterceptManager( 1741): shouldFilterTask
02-03 21:30:10.820 D/OplusAppListInterceptManager( 1741): shouldFilterTask::packageName = com.company.userapp
02-03 21:30:10.820 D/OplusAppListInterceptManager( 1741): shouldFilterTask
02-03 21:30:10.820 D/OplusAppListInterceptManager( 1741): shouldFilterTask::packageName = com.twitter.android
02-03 21:30:10.820 D/OplusAppListInterceptManager( 1741): shouldFilterTask
02-03 21:30:10.820 D/OplusAppListInterceptManager( 1741): shouldFilterTask::packageName = com.cricbuzz.android
02-03 21:30:10.820 D/OplusAppListInterceptManager( 1741): shouldFilterTask
02-03 21:30:10.820 D/OplusAppListInterceptManager( 1741): shouldFilterTask::packageName = com.android.chrome
02-03 21:30:11.364 I/Quality (26664): Skipped: true 2 cost 43.059727 refreshRate 16549736 bit true processName com.google.android.youtube
02-03 21:30:11.435 I/Quality (26664): Skipped: true 1 cost 31.5719 refreshRate 16548733 bit true processName com.google.android.youtube
02-03 21:30:12.178 D/PowerManagerService( 1741): userActivityNoUpdateLocked: groupId=0, eventTime=103369504, event=2, flags=0x0, uid=1000
02-03 21:30:12.279 D/PowerManagerService( 1741): userActivityNoUpdateLocked: groupId=0, eventTime=103369607, event=2, flags=0x0, uid=1000
02-03 21:30:12.359 I/Quality (26664): Skipped: false 2 cost 45.785526 refreshRate 16549785 bit true processName com.google.android.youtube
02-03 21:30:12.381 W/NetworkPolicy( 1741): shared quota unsupported; generating rule for each iface
02-03 21:30:12.382 I/Quality (26664): Skipped: false 1 cost 18.453173 refreshRate 16549179 bit true processName com.google.android.youtube
02-03 21:30:12.393 V/OplusNPMS( 1741): getWarningNotification numWarningNotificaion10
02-03 21:30:12.393 V/OplusNPMS( 1741): getWarningNotification numWarningNotificaion10
02-03 21:30:12.393 V/OplusNPMS( 1741): getLimitNotificationState subID=6
02-03 21:30:12.393 V/OplusNPMS( 1741): getLimitNotificationState mSubidToIccId != null
02-03 21:30:12.484 I/Quality (26664): Skipped: true 1 cost 21.772411 refreshRate 16550525 bit true processName com.google.android.youtube
02-03 21:30:14.090 D/PowerManagerService( 1741): userActivityNoUpdateLocked: groupId=0, eventTime=103371416, event=2, flags=0x0, uid=1000
02-03 21:30:14.162 I/Quality (26664): Skipped: false 1 cost 27.433584 refreshRate 16550287 bit true processName com.google.android.youtube
02-03 21:30:14.338 I/Quality (26664): Skipped: false 1 cost 22.13946 refreshRate 16549965 bit true processName com.google.android.youtube
02-03 21:30:15.322 D/PowerManagerService( 1741): userActivityNoUpdateLocked: groupId=0, eventTime=103372646, event=2, flags=0x0, uid=1000
02-03 21:30:16.325 D/PowerManagerService( 1741): userActivityNoUpdateLocked: groupId=0, eventTime=103373650, event=2, flags=0x0, uid=1000
02-03 21:30:16.433 V/WindowManager( 1741): Relayout Window{4eb0794 u0 com.google.android.youtube/com.google.android.youtube.app.honeycomb.Shell$HomeActivity}: viewVisibility=0, oldvis=0, req=1080x2400
02-03 21:30:16.438 D/WindowManager( 1741): Releasing screen wakelock due to Window{4eb0794 u0 com.google.android.youtube/com.google.android.youtube.app.honeycomb.Shell$HomeActivity}
02-03 21:30:16.438 D/OplusAONSmartDim( 1741): onWakeLockReleaseLocked: lock=17688479, flags=0x2000000a, packageName=android, tag="WindowManager", ws=WorkSource{10141}, uid=1000, pid=1741
02-03 21:30:16.439 D/PowerManagerService( 1741): userActivityNoUpdateLocked: groupId=0, eventTime=103373767, event=0, flags=0x1, uid=1000
02-03 21:30:16.449 I/Quality (26664): Skipped: false 2 cost 47.30905 refreshRate 16550751 bit true processName com.google.android.youtube
02-03 21:30:17.892 D/PowerManagerService( 1741): userActivityNoUpdateLocked: groupId=0, eventTime=103375217, event=2, flags=0x0, uid=1000
02-03 21:30:17.989 V/WindowManager( 1741): Relayout Window{4eb0794 u0 com.google.android.youtube/com.google.android.youtube.app.honeycomb.Shell$HomeActivity}: viewVisibility=0, oldvis=0, req=1080x2400
02-03 21:30:17.993 D/WindowManager( 1741): Acquiring screen wakelock due to Window{4eb0794 u0 com.google.android.youtube/com.google.android.youtube.app.honeycomb.Shell$HomeActivity}
02-03 21:30:17.993 D/OplusAONSmartDim( 1741): onWakeLockAcquireLocked: lock=17688479, flags=0x2000000a, packageName=android, tag="WindowManager", ws=WorkSource{10141}, uid=1000, pid=1741
02-03 21:30:18.071 I/Quality (26664): Skipped: false 3 cost 63.45268 refreshRate 16666667 bit true processName com.google.android.youtube
02-03 21:30:18.885 I/Quality (26664): Skipped: true 1 cost 17.727676 refreshRate 16551884 bit true processName com.google.android.youtube
02-03 21:30:18.918 I/Quality (26664): Skipped: true 1 cost 16.895388 refreshRate 16551541 bit true processName com.google.android.youtube
02-03 21:30:19.403 W/NetworkPolicy( 1741): shared quota unsupported; generating rule for each iface
02-03 21:30:19.410 V/OplusNPMS( 1741): getWarningNotification numWarningNotificaion10
02-03 21:30:19.410 V/OplusNPMS( 1741): getWarningNotification numWarningNotificaion10
02-03 21:30:19.410 V/OplusNPMS( 1741): getLimitNotificationState subID=6
02-03 21:30:19.410 V/OplusNPMS( 1741): getLimitNotificationState mSubidToIccId != null
02-03 21:30:20.408 W/ContextImpl( 1741): Calling a method in the system process without a qualified user: android.app.ContextImpl.sendBroadcastMultiplePermissions:1238 com.android.server.TelephonyRegistry.broadcastServiceStateChanged:3149 com.android.server.TelephonyRegistry.notifyServiceStateForPhoneId:1665 com.android.internal.telephony.ITelephonyRegistry$Stub.onTransact:492 android.os.Binder.execTransactInternal:1331 
02-03 21:30:20.410 W/ContextImpl( 1741): Calling a method in the system process without a qualified user: android.app.ContextImpl.sendBroadcastMultiplePermissions:1288 android.content.Context.sendBroadcastMultiplePermissions:2281 com.android.server.TelephonyRegistry.broadcastServiceStateChanged:3153 com.android.server.TelephonyRegistry.notifyServiceStateForPhoneId:1665 com.android.internal.telephony.ITelephonyRegistry$Stub.onTransact:492 
02-03 21:30:20.410 W/BroadcastQueue( 1741): Permission Denial: receiving Intent { act=android.intent.action.SERVICE_STATE flg=0x1000010 (has extras) } to ProcessRecord{d1f4578 2210:com.android.systemui/u0a105} (pid=2210, uid=10105) requires android.permission.ACCESS_FINE_LOCATION due to sender android (uid 1001)
02-03 21:30:20.413 W/BroadcastQueue( 1741): Permission Denial: receiving Intent { act=android.intent.action.SERVICE_STATE flg=0x1000010 (has extras) } to com.google.android.cellbroadcastreceiver/com.android.cellbroadcastreceiver.CellBroadcastReceiver requires android.permission.READ_PHONE_STATE due to sender android (uid 1001)
