02-03 20:39:07.265 I/cacz    (22470): (REDACTED) Using GoogleAuthUtil for getToken for 1p app: %s
02-03 20:39:07.296 I/cpje    ( 5675): (REDACTED) Writing metadata key: %s, corpus: %s
02-03 20:39:07.297 I/cpje    ( 5675): (REDACTED) Writing metadata key: %s, corpus: %s
02-03 20:39:07.305 I/cpfv    ( 5675): (REDACTED) Starting batch sync for corpora: %s
02-03 20:39:07.317 I/cpfv    ( 5675): (REDACTED) The syncToken for corpus %s is %s and the syncRequestReason is %s
02-03 20:39:07.335 I/cpje    ( 5675): (REDACTED) Writing metadata key: %s, corpus: %s
02-03 20:39:07.338 I/cpje    ( 5675): (REDACTED) Writing metadata key: %s, corpus: %s
02-03 20:39:07.353 I/cpfv    ( 5675): (REDACTED) Starting batch sync for corpora: %s
02-03 20:39:07.358 D/nativeloader(22470): Load libgeller_jni_lib_split.so using class loader ns clns-6 (caller=/data/app/~~Lv6gYSFz_Duir7gxw_J93g==/com.google.android.googlequicksearchbox-v68jZTMoYEdQin5JvaQUnA==/base.apk!classes2.dex): dlopen failed: library "libgeller_jni_lib_split.so" not found
02-03 20:39:07.365 I/cpfv    ( 5675): (REDACTED) The syncToken for corpus %s is %s and the syncRequestReason is %s
02-03 20:39:07.367 D/nativeloader(22470): Load /data/app/~~Lv6gYSFz_Duir7gxw_J93g==/com.google.android.googlequicksearchbox-v68jZTMoYEdQin5JvaQUnA==/base.apk!/lib/arm64-v8a/libgeller_jni_lib.so using class loader ns clns-6 (caller=/data/app/~~Lv6gYSFz_Duir7gxw_J93g==/com.google.android.googlequicksearchbox-v68jZTMoYEdQin5JvaQUnA==/base.apk!classes2.dex): ok
02-03 20:39:07.394 I/cpfv    (22470): (REDACTED) Starting batch sync for corpora: %s
02-03 20:39:07.394 I/cpfv    (22470): (REDACTED) Starting batch sync for corpora: %s
02-03 20:39:07.396 I/cpfv    (22470): (REDACTED) Starting batch sync for corpora: %s
02-03 20:39:07.396 I/cpfv    (22470): (REDACTED) Starting batch sync for corpora: %s
02-03 20:39:07.416 D/OplusAtlasService( 3289): getAttributeByAppName module:oplus-getStreamMaxVolume packageName:com.cricbuzz.android
02-03 20:39:07.422 D/AudioManagerExtImpl(31255): getStreamVolume packageName=com.cricbuzz.android, index=8, streamType=3
02-03 20:39:07.442 I/dnfg    (22470): (REDACTED) getting App Capabilities %s
02-03 20:39:07.447 I/dnfg    (22470): (REDACTED) getting App Capabilities %s
02-03 20:39:07.451 I/cpje    (22470): (REDACTED) Setting isLegacySQLite mode to %s.
02-03 20:39:07.452 I/dnfg    (22470): (REDACTED) getting App Capabilities %s
02-03 20:39:07.456 I/dnfg    (22470): (REDACTED) getting App Capabilities %s
02-03 20:39:07.458 I/chbox:googleapp( 5675): Background young concurrent copying GC freed 8904KB AllocSpace bytes, 28(652KB) LOS objects, 25% free, 26MB/35MB, paused 523us,79us total 129.365ms
02-03 20:39:07.476 V/ClearcutMetricXmitter( 5675): Transmission is done.
02-03 20:39:07.487 I/cpje    ( 5675): (REDACTED) Writing metadata key: %s, corpus: %s
02-03 20:39:07.489 I/cpje    ( 5675): (REDACTED) Writing metadata key: %s, corpus: %s
02-03 20:39:07.497 I/cpfv    ( 5675): (REDACTED) Starting batch sync for corpora: %s
02-03 20:39:07.500 I/cpje    ( 5675): The GellerConfig is not present, returning null.
02-03 20:39:07.501 I/cpje    ( 5675): (REDACTED) The GellerConfig is not present, defaulting isUploadEnabled for corpus %s to true.
02-03 20:39:07.502 I/cpfv    ( 5675): (REDACTED) The syncToken for corpus %s is %s and the syncRequestReason is %s
02-03 20:39:07.506 D/OplusAtlasService( 3289): getAttributeByAppName module:oplus-getStreamMaxVolume packageName:com.google.android.googlequicksearchbox
02-03 20:39:07.507 D/OplusAtlasService( 3289): getAttributeByAppName module:oplus-getStreamMaxVolume packageName:com.google.android.googlequicksearchbox
02-03 20:39:07.509 D/OplusAtlasService( 3289): getAttributeByAppName module:oplus-getStreamMaxVolume packageName:com.google.android.googlequicksearchbox
02-03 20:39:07.522 D/OplusAtlasService( 3289): getAttributeByAppName module:oplus-getStreamMaxVolume packageName:com.google.android.googlequicksearchbox
02-03 20:39:07.529 D/CompatibilityChangeReporter(22470): Compat change id reported: 183155436; UID 10136; state: ENABLED
02-03 20:39:07.581 I/dncn    (22470): Building Device Properties.
02-03 20:39:07.581 I/dncn    (22470): Building Device Properties.
02-03 20:39:07.581 I/dncn    (22470): Building Device Properties.
02-03 20:39:07.583 I/dncn    (22470): Building Device Properties.
02-03 20:39:07.594 D/AudioManagerExtImpl(22470): getStreamVolume normal, volume index=8
02-03 20:39:07.594 D/AudioManagerExtImpl(22470): getStreamVolume normal, volume index=8
02-03 20:39:07.594 D/AudioManagerExtImpl(22470): getStreamVolume normal, volume index=8
02-03 20:39:07.594 D/OplusAtlasService( 3289): getAttributeByAppName module:oplus-getStreamMaxVolume packageName:com.google.android.googlequicksearchbox
02-03 20:39:07.594 D/OplusAtlasService( 3289): getAttributeByAppName module:oplus-getStreamMaxVolume packageName:com.google.android.googlequicksearchbox
02-03 20:39:07.594 D/AudioManagerExtImpl(22470): getStreamVolume normal, volume index=8
02-03 20:39:07.595 D/OplusAtlasService( 3289): getAttributeByAppName module:oplus-getStreamMaxVolume packageName:com.google.android.googlequicksearchbox
02-03 20:39:07.595 D/OplusAtlasService( 3289): getAttributeByAppName module:oplus-getStreamMaxVolume packageName:com.google.android.googlequicksearchbox
02-03 20:39:07.596 D/AudioManagerExtImpl(22470): getStreamVolume packageName=com.google.android.googlequicksearchbox, index=12, streamType=4
02-03 20:39:07.597 D/AudioManagerExtImpl(22470): getStreamVolume packageName=com.google.android.googlequicksearchbox, index=12, streamType=4
02-03 20:39:07.598 D/AudioManagerExtImpl(22470): getStreamVolume packageName=com.google.android.googlequicksearchbox, index=12, streamType=4
02-03 20:39:07.601 D/AudioManagerExtImpl(22470): getStreamVolume packageName=com.google.android.googlequicksearchbox, index=12, streamType=4
02-03 20:39:07.603 D/APM_AudioPolicyManager(  956): listAudioPorts mAvailableInputDevices 0x80000004, 0x80000040, 0x80000080, 0x80000100, 0x80002000, 0x90000000
02-03 20:39:07.604 D/APM_AudioPolicyManager(  956): listAudioPorts mAvailableInputDevices 0x80000004, 0x80000040, 0x80000080, 0x80000100, 0x80002000, 0x90000000
02-03 20:39:07.610 I/AudioManager(22470): In isBluetoothScoOn(), calling application: com.google.android.googlequicksearchbox
02-03 20:39:07.610 I/AudioManager(22470): In isBluetoothScoOn(), calling application: com.google.android.googlequicksearchbox
02-03 20:39:07.610 I/AudioManager(22470): In isBluetoothScoOn(), calling application: com.google.android.googlequicksearchbox
02-03 20:39:07.611 I/AudioManager(22470): In isBluetoothScoOn(), calling application: com.google.android.googlequicksearchbox
02-03 20:39:07.615 D/OplusAtlasService( 3289): checkIsInDaemonlistByUid module:judge-sco-actualy uid:10136
02-03 20:39:07.615 D/OplusAtlasService( 3289): checkIsInDaemonlistByUid module:judge-sco-actualy uid:10136
02-03 20:39:07.615 D/OplusAtlasService( 3289): checkIsInDaemonlistByUid module:judge-sco-actualy uid:10136
02-03 20:39:07.615 D/OplusAtlasService( 3289): checkIsInDaemonlistByUid module:judge-sco-actualy uid:10136
02-03 20:39:07.659 I/cpfv    (22470): (REDACTED) The syncToken for corpus %s is %s and the syncRequestReason is %s
02-03 20:39:07.664 W/ffvs    (22470): Failed to create JWT helper. This is unexpected
02-03 20:39:07.664 W/ffvs    (22470): java.lang.NoSuchMethodException: eoap.getScopes []
02-03 20:39:07.664 W/ffvs    (22470): 	at java.lang.Class.getMethod(Class.java:2934)
02-03 20:39:07.664 W/ffvs    (22470): 	at java.lang.Class.getMethod(Class.java:2434)
02-03 20:39:07.664 W/ffvs    (22470): 	at ffvq.<init>(PG:15)
02-03 20:39:07.664 W/ffvs    (22470): 	at ffvs.<clinit>(PG:27)
02-03 20:39:07.664 W/ffvs    (22470): 	at cpfc.a(PG:54)
02-03 20:39:07.664 W/ffvs    (22470): 	at cpfv.c(PG:50)
02-03 20:39:07.664 W/ffvs    (22470): 	at cpfi.a(PG:32)
02-03 20:39:07.664 W/ffvs    (22470): 	at eiau.a(PG:22)
02-03 20:39:07.664 W/ffvs    (22470): 	at erbj.b(PG:8)
02-03 20:39:07.664 W/ffvs    (22470): 	at erbf.apply(PG:20)
02-03 20:39:07.664 W/ffvs    (22470): 	at eram.d(PG:3)
02-03 20:39:07.664 W/ffvs    (22470): 	at erao.run(PG:47)
02-03 20:39:07.664 W/ffvs    (22470): 	at cmvb.run(PG:5)
02-03 20:39:07.664 W/ffvs    (22470): 	at epyt.run(PG:46)
02-03 20:39:07.664 W/ffvs    (22470): 	at cmun.run(PG:81)
02-03 20:39:07.664 W/ffvs    (22470): 	at java.lang.Thread.run(Thread.java:1563)
02-03 20:39:07.664 W/ffvs    (22470): 	at cmwf.run(PG:63)
02-03 20:39:07.672 I/cpfv    (22470): (REDACTED) The syncToken for corpus %s is %s and the syncRequestReason is %s
02-03 20:39:07.673 D/NetworkEvent( 2547): OplusNetworkEventCbProxy invoke.....onDnsEvent argslen:8
02-03 20:39:07.687 I/cpfv    (22470): (REDACTED) The syncToken for corpus %s is %s and the syncRequestReason is %s
02-03 20:39:07.702 I/cpfv    (22470): (REDACTED) The syncToken for corpus %s is %s and the syncRequestReason is %s
02-03 20:39:07.729 I/cpje    ( 5675): (REDACTED) Writing metadata key: %s, corpus: %s
02-03 20:39:07.730 I/cpje    ( 5675): (REDACTED) Writing metadata key: %s, corpus: %s
02-03 20:39:07.737 I/cpje    ( 5675): (REDACTED) Writing metadata key: %s, corpus: %s
02-03 20:39:07.737 I/cpfv    ( 5675): (REDACTED) Starting batch sync for corpora: %s
02-03 20:39:07.738 I/cpje    ( 5675): (REDACTED) Writing metadata key: %s, corpus: %s
02-03 20:39:07.745 I/cpje    ( 5675): The GellerConfig is not present, returning null.
02-03 20:39:07.745 I/cpje    ( 5675): (REDACTED) The GellerConfig is not present, defaulting isUploadEnabled for corpus %s to true.
02-03 20:39:07.745 I/cpfv    ( 5675): (REDACTED) Starting batch sync for corpora: %s
02-03 20:39:07.748 I/cpfv    ( 5675): (REDACTED) The syncToken for corpus %s is %s and the syncRequestReason is %s
02-03 20:39:07.755 I/cpje    ( 5675): The GellerConfig is not present, returning null.
02-03 20:39:07.755 I/cpje    ( 5675): (REDACTED) The GellerConfig is not present, defaulting isUploadEnabled for corpus %s to true.
02-03 20:39:07.757 I/cpfv    ( 5675): (REDACTED) The syncToken for corpus %s is %s and the syncRequestReason is %s
02-03 20:39:07.806 I/cpje    ( 5675): (REDACTED) Writing metadata key: %s, corpus: %s
02-03 20:39:07.808 I/cpje    ( 5675): (REDACTED) Writing metadata key: %s, corpus: %s
02-03 20:39:07.814 I/cpfv    ( 5675): (REDACTED) Starting batch sync for corpora: %s
02-03 20:39:07.820 I/cpje    ( 5675): The GellerConfig is not present, returning null.
02-03 20:39:07.820 I/cpje    ( 5675): (REDACTED) The GellerConfig is not present, defaulting isUploadEnabled for corpus %s to true.
02-03 20:39:07.823 I/cpfv    ( 5675): (REDACTED) The syncToken for corpus %s is %s and the syncRequestReason is %s
02-03 20:39:07.908 I/cpje    ( 5675): (REDACTED) Writing metadata key: %s, corpus: %s
02-03 20:39:07.914 I/cpje    ( 5675): (REDACTED) Writing metadata key: %s, corpus: %s
02-03 20:39:07.919 E/PhFileGroupPop( 5675): Failed to add file group 
02-03 20:39:07.919 E/PhFileGroupPop( 5675): Failed to add file group 
02-03 20:39:07.920 E/PhFileGroupPop( 5675): Failed to add file group 
02-03 20:39:07.920 E/PhFileGroupPop( 5675): Failed to add file group 
02-03 20:39:07.920 E/PhFileGroupPop( 5675): Failed to add file group 
02-03 20:39:07.921 E/PhFileGroupPop( 5675): Failed to add file group 
02-03 20:39:07.921 E/PhFileGroupPop( 5675): Failed to add file group 
02-03 20:39:07.921 E/PhFileGroupPop( 5675): Failed to add file group 
02-03 20:39:07.921 I/dsax    ( 5675): Scheduling next refresh
02-03 20:39:07.924 D/PhFileGroupPop( 5675): Added file groups assistant_appintegration_appactions_config
02-03 20:39:07.925 D/PhFileGroupPop( 5675): Added file groups fedass_policy_config_group
02-03 20:39:07.927 D/PhFileGroupPop( 5675): Added file groups smart_dictation_policy_config_group
02-03 20:39:07.929 D/PhFileGroupPop( 5675): Added file groups tapas_cortex
02-03 20:39:08.021 I/cpje    ( 5675): (REDACTED) Writing metadata key: %s, corpus: %s
02-03 20:39:08.024 I/cpje    ( 5675): (REDACTED) Writing metadata key: %s, corpus: %s
02-03 20:39:08.035 I/cpfv    ( 5675): (REDACTED) Starting batch sync for corpora: %s
02-03 20:39:08.052 I/cpfv    ( 5675): (REDACTED) The syncToken for corpus %s is %s and the syncRequestReason is %s
02-03 20:39:08.066 I/cpje    (22470): (REDACTED) Writing metadata key: %s, corpus: %s
02-03 20:39:08.069 I/cpje    (22470): (REDACTED) Writing metadata key: %s, corpus: %s
02-03 20:39:08.079 I/cpfv    (22470): (REDACTED) Starting batch sync for corpora: %s
02-03 20:39:08.119 I/cpje    (22470): (REDACTED) Setting isLegacySQLite mode to %s.
02-03 20:39:08.122 I/dnfg    (22470): (REDACTED) getting App Capabilities %s
02-03 20:39:08.125 W/drxy    (22470): Couldn't calculate ClientInstanceId, no account name
02-03 20:39:08.127 D/OplusAtlasService( 3289): getAttributeByAppName module:oplus-getStreamMaxVolume packageName:com.google.android.googlequicksearchbox
02-03 20:39:08.140 I/dncn    (22470): Building Device Properties.
02-03 20:39:08.154 D/AudioManagerExtImpl(22470): getStreamVolume normal, volume index=8
02-03 20:39:08.155 D/OplusAtlasService( 3289): getAttributeByAppName module:oplus-getStreamMaxVolume packageName:com.google.android.googlequicksearchbox
02-03 20:39:08.157 D/AudioManagerExtImpl(22470): getStreamVolume packageName=com.google.android.googlequicksearchbox, index=12, streamType=4
02-03 20:39:08.158 I/AudioManager(22470): In isBluetoothScoOn(), calling application: com.google.android.googlequicksearchbox
02-03 20:39:08.159 D/OplusAtlasService( 3289): checkIsInDaemonlistByUid module:judge-sco-actualy uid:10136
02-03 20:39:08.170 I/cpje    (22470): (REDACTED) Writing metadata key: %s, corpus: %s
02-03 20:39:08.173 I/cpje    (22470): (REDACTED) Writing metadata key: %s, corpus: %s
02-03 20:39:08.183 I/cpfv    (22470): (REDACTED) Starting batch sync for corpora: %s
02-03 20:39:08.185 I/cpje    ( 5675): (REDACTED) Writing metadata key: %s, corpus: %s
02-03 20:39:08.187 I/cpje    ( 5675): (REDACTED) Writing metadata key: %s, corpus: %s
02-03 20:39:08.188 I/cpje    (22470): (REDACTED) Writing metadata key: %s, corpus: %s
02-03 20:39:08.195 I/dnfg    (22470): (REDACTED) getting App Capabilities %s
02-03 20:39:08.196 D/OplusAtlasService( 3289): getAttributeByAppName module:oplus-getStreamMaxVolume packageName:com.google.android.googlequicksearchbox
02-03 20:39:08.196 I/cpfv    ( 5675): (REDACTED) Starting batch sync for corpora: %s
02-03 20:39:08.197 I/dncn    (22470): Building Device Properties.
02-03 20:39:08.199 I/cpje    (22470): (REDACTED) Writing metadata key: %s, corpus: %s
02-03 20:39:08.203 I/cpje    (22470): The GellerConfig is not present, returning null.
02-03 20:39:08.204 I/cpje    (22470): (REDACTED) The GellerConfig is not present, defaulting isUploadEnabled for corpus %s to true.
02-03 20:39:08.206 I/cpfv    (22470): (REDACTED) The syncToken for corpus %s is %s and the syncRequestReason is %s
02-03 20:39:08.207 I/cpfv    ( 5675): (REDACTED) The syncToken for corpus %s is %s and the syncRequestReason is %s
02-03 20:39:08.207 D/AudioManagerExtImpl(22470): getStreamVolume normal, volume index=8
02-03 20:39:08.207 D/OplusAtlasService( 3289): getAttributeByAppName module:oplus-getStreamMaxVolume packageName:com.google.android.googlequicksearchbox
02-03 20:39:08.211 D/AudioManagerExtImpl(22470): getStreamVolume packageName=com.google.android.googlequicksearchbox, index=12, streamType=4
02-03 20:39:08.212 I/AudioManager(22470): In isBluetoothScoOn(), calling application: com.google.android.googlequicksearchbox
02-03 20:39:08.212 D/OplusAtlasService( 3289): checkIsInDaemonlistByUid module:judge-sco-actualy uid:10136
02-03 20:39:08.218 I/cpje    (22470): (REDACTED) Writing metadata key: %s, corpus: %s
02-03 20:39:08.220 I/cpfv    (22470): (REDACTED) Starting batch sync for corpora: %s
02-03 20:39:08.223 I/cpje    (22470): (REDACTED) Writing metadata key: %s, corpus: %s
02-03 20:39:08.228 I/cpje    ( 5675): (REDACTED) Writing metadata key: %s, corpus: %s
02-03 20:39:08.228 I/dnfg    (22470): (REDACTED) getting App Capabilities %s
02-03 20:39:08.231 I/cpje    ( 5675): (REDACTED) Writing metadata key: %s, corpus: %s
02-03 20:39:08.233 D/OplusAtlasService( 3289): getAttributeByAppName module:oplus-getStreamMaxVolume packageName:com.google.android.googlequicksearchbox
02-03 20:39:08.234 E/PhFileGroupPop( 5675): Failed to add file group 
02-03 20:39:08.234 E/PhFileGroupPop( 5675): Failed to add file group 
02-03 20:39:08.234 I/cpje    (22470): The GellerConfig is not present, returning null.
02-03 20:39:08.234 E/PhFileGroupPop( 5675): Failed to add file group 
02-03 20:39:08.235 E/PhFileGroupPop( 5675): Failed to add file group 
02-03 20:39:08.235 E/PhFileGroupPop( 5675): Failed to add file group 
02-03 20:39:08.235 I/cpje    (22470): (REDACTED) The GellerConfig is not present, defaulting isUploadEnabled for corpus %s to true.
02-03 20:39:08.236 E/PhFileGroupPop( 5675): Failed to add file group 
02-03 20:39:08.236 E/PhFileGroupPop( 5675): Failed to add file group 
02-03 20:39:08.236 E/PhFileGroupPop( 5675): Failed to add file group 
02-03 20:39:08.236 I/dsax    ( 5675): Throttled; returning pending refresh
02-03 20:39:08.237 D/PhFileGroupPop( 5675): Added file groups assistant_appintegration_appactions_config
02-03 20:39:08.238 I/cpfv    ( 5675): (REDACTED) Starting batch sync for corpora: %s
02-03 20:39:08.238 I/dncn    (22470): Building Device Properties.
02-03 20:39:08.238 D/PhFileGroupPop( 5675): Added file groups fedass_policy_config_group
02-03 20:39:08.239 D/PhFileGroupPop( 5675): Added file groups smart_dictation_policy_config_group
02-03 20:39:08.241 D/PhFileGroupPop( 5675): Added file groups tapas_cortex
02-03 20:39:08.244 I/cpfv    (22470): (REDACTED) Starting batch sync for corpora: %s
02-03 20:39:08.246 D/AudioManagerExtImpl(22470): getStreamVolume normal, volume index=8
02-03 20:39:08.246 D/OplusAtlasService( 3289): getAttributeByAppName module:oplus-getStreamMaxVolume packageName:com.google.android.googlequicksearchbox
02-03 20:39:08.247 I/cpfv    ( 5675): (REDACTED) The syncToken for corpus %s is %s and the syncRequestReason is %s
02-03 20:39:08.248 I/cpfv    (22470): (REDACTED) The syncToken for corpus %s is %s and the syncRequestReason is %s
02-03 20:39:08.250 I/dncn    (22470): Building Device Properties.
02-03 20:39:08.254 D/AudioManagerExtImpl(22470): getStreamVolume too fast, volume index=8, package=com.google.android.googlequicksearchbox
02-03 20:39:08.255 D/OplusAtlasService( 3289): getAttributeByAppName module:oplus-getStreamMaxVolume packageName:com.google.android.googlequicksearchbox
02-03 20:39:08.257 W/earchbox:search(22470): Missing inline cache for int exoe.a(java.lang.Object)
02-03 20:39:08.257 D/AudioManagerExtImpl(22470): getStreamVolume packageName=com.google.android.googlequicksearchbox, index=12, streamType=4
02-03 20:39:08.257 I/dnfg    (22470): (REDACTED) getting App Capabilities %s
02-03 20:39:08.258 D/OplusAtlasService( 3289): getAttributeByAppName module:oplus-getStreamMaxVolume packageName:com.google.android.googlequicksearchbox
02-03 20:39:08.258 I/AudioManager(22470): In isBluetoothScoOn(), calling application: com.google.android.googlequicksearchbox
02-03 20:39:08.258 D/OplusAtlasService( 3289): checkIsInDaemonlistByUid module:judge-sco-actualy uid:10136
02-03 20:39:08.262 D/AudioManagerExtImpl(22470): getStreamVolume packageName=com.google.android.googlequicksearchbox, index=12, streamType=4
02-03 20:39:08.263 I/AudioManager(22470): In isBluetoothScoOn(), calling application: com.google.android.googlequicksearchbox
02-03 20:39:08.263 D/OplusAtlasService( 3289): checkIsInDaemonlistByUid module:judge-sco-actualy uid:10136
02-03 20:39:08.275 D/ScreenStatusProducer(10477): Current queue status: isIdle = true, isPolling = true
02-03 20:39:08.282 I/cpje    (22470): The GellerConfig is not present, returning null.
02-03 20:39:08.284 I/cpje    (22470): (REDACTED) The GellerConfig is not present, defaulting isUploadEnabled for corpus %s to true.
02-03 20:39:08.286 I/cpje    (22470): The GellerConfig is not present, returning null.
02-03 20:39:08.287 I/cpje    (22470): (REDACTED) The GellerConfig is not present, defaulting isUploadEnabled for corpus %s to true.
02-03 20:39:08.288 I/cpfv    (22470): (REDACTED) The syncToken for corpus %s is %s and the syncRequestReason is %s
02-03 20:39:08.290 I/cpfv    (22470): (REDACTED) The syncToken for corpus %s is %s and the syncRequestReason is %s
02-03 20:39:08.333 I/cpje    ( 5675): (REDACTED) Writing metadata key: %s, corpus: %s
02-03 20:39:08.335 I/cpje    ( 5675): (REDACTED) Writing metadata key: %s, corpus: %s
02-03 20:39:08.338 I/cpfv    ( 5675): (REDACTED) Starting batch sync for corpora: %s
02-03 20:39:08.342 I/cpje    ( 5675): The GellerConfig is not present, returning null.
02-03 20:39:08.343 I/cpje    ( 5675): (REDACTED) The GellerConfig is not present, defaulting isUploadEnabled for corpus %s to true.
02-03 20:39:08.344 I/cpfv    ( 5675): (REDACTED) The syncToken for corpus %s is %s and the syncRequestReason is %s
02-03 20:39:08.412 D/OplusTelephonyController( 2506): onSignalStrengthChanged: SignalStrength=SignalStrength:{mCdma=CellSignalStrengthCdma: cdmaDbm=2147483647 cdmaEcio=2147483647 evdoDbm=2147483647 evdoEcio=2147483647 evdoSnr=2147483647 level=0,mGsm=CellSignalStrengthGsm: rssi=2147483647 ber=2147483647 mTa=2147483647 mLevel=0,mWcdma=CellSignalStrengthWcdma: ss=2147483647 ber=2147483647 rscp=2147483647 ecno=2147483647 level=0,mTdscdma=CellSignalStrengthTdscdma: rssi=2147483647 ber=2147483647 rscp=2147483647 level=0,mLte=CellSignalStrengthLte: rssi=2147483647 rsrp=-108 rsrq=-12 rssnr=-1 cqiTableIndex=2147483647 cqi=0 ta=0 level=3 parametersUseForLevel=0,mNr=CellSignalStrengthNr:{ csiRsrp = 2147483647 csiRsrq = 2147483647 csiCqiTableIndex = 2147483647 csiCqiReport = [] ssRsrp = 2147483647 ssRsrq = 2147483647 ssSinr = 2147483647 level = 0 parametersUseForLevel = 0 },primary=CellSignalStrengthLte}, phoneId=0, mMtkLevel=0, mMtkRsrpOnly=false, mMtkLteRsrpThreshold=null, mMtkLteRssnrThreshold=null
02-03 20:39:08.437 D/vendor.oplus.hardware.charger@1.0-service(  893): getChargerControl:
02-03 20:39:08.503 I/hwcomposer(  843): [HWC] (0)fire a callback of refresh to SF[4]  
02-03 20:39:08.546 W/HidlServiceHelper(16850): Failed to read virtual TLC buffer usage returns is NULLnull
02-03 20:39:08.632 I/cpje    ( 5675): (REDACTED) Writing metadata key: %s, corpus: %s
02-03 20:39:08.639 I/cpje    ( 5675): (REDACTED) Writing metadata key: %s, corpus: %s
02-03 20:39:08.646 I/cpfv    ( 5675): (REDACTED) Starting batch sync for corpora: %s
02-03 20:39:08.654 I/cpje    ( 5675): (REDACTED) Writing metadata key: %s, corpus: %s
02-03 20:39:08.657 I/cpje    ( 5675): (REDACTED) Writing metadata key: %s, corpus: %s
02-03 20:39:08.660 I/cpje    (22470): (REDACTED) Writing metadata key: %s, corpus: %s
02-03 20:39:08.660 I/cpje    ( 5675): The GellerConfig is not present, returning null.
02-03 20:39:08.661 I/cpje    ( 5675): (REDACTED) The GellerConfig is not present, defaulting isUploadEnabled for corpus %s to true.
02-03 20:39:08.664 I/cpfv    ( 5675): (REDACTED) The syncToken for corpus %s is %s and the syncRequestReason is %s
02-03 20:39:08.665 I/cpje    (22470): (REDACTED) Writing metadata key: %s, corpus: %s
02-03 20:39:08.666 I/cpfv    ( 5675): (REDACTED) Starting batch sync for corpora: %s
02-03 20:39:08.668 I/cpje    (22470): (REDACTED) Writing metadata key: %s, corpus: %s
02-03 20:39:08.671 I/cpje    (22470): (REDACTED) Writing metadata key: %s, corpus: %s
02-03 20:39:08.677 I/cpje    ( 5675): The GellerConfig is not present, returning null.
02-03 20:39:08.677 I/cpje    ( 5675): (REDACTED) The GellerConfig is not present, defaulting isUploadEnabled for corpus %s to true.
02-03 20:39:08.679 I/cpfv    ( 5675): (REDACTED) The syncToken for corpus %s is %s and the syncRequestReason is %s
02-03 20:39:08.681 D/NetworkEvent( 2547): OplusNetworkEventCbProxy invoke.....onDnsEvent argslen:8
02-03 20:39:08.740 I/cpje    (22470): (REDACTED) Writing metadata key: %s, corpus: %s
02-03 20:39:08.742 I/cpje    (22470): (REDACTED) Writing metadata key: %s, corpus: %s
02-03 20:39:08.748 I/cpje    (22470): (REDACTED) Writing metadata key: %s, corpus: %s
02-03 20:39:08.750 I/cpje    (22470): (REDACTED) Writing metadata key: %s, corpus: %s
02-03 20:39:08.768 I/cpje    ( 5675): (REDACTED) Writing metadata key: %s, corpus: %s
02-03 20:39:08.770 I/cpje    ( 5675): (REDACTED) Writing metadata key: %s, corpus: %s
02-03 20:39:08.770 E/PhFileGroupPop(22470): Failed to add file group 
02-03 20:39:08.770 E/PhFileGroupPop(22470): Failed to add file group 
02-03 20:39:08.770 E/PhFileGroupPop(22470): Failed to add file group 
02-03 20:39:08.771 E/PhFileGroupPop(22470): Failed to add file group 
02-03 20:39:08.771 E/PhFileGroupPop(22470): Failed to add file group 
02-03 20:39:08.772 E/PhFileGroupPop(22470): Failed to add file group 
02-03 20:39:08.772 E/PhFileGroupPop(22470): Failed to add file group 
02-03 20:39:08.772 E/PhFileGroupPop(22470): Failed to add file group 
02-03 20:39:08.773 I/dsax    (22470): Scheduling next refresh
02-03 20:39:08.774 I/dsax    (22470): Scheduling next refresh
02-03 20:39:08.774 I/dsax    (22470): Scheduling next refresh
02-03 20:39:08.775 I/dsax    (22470): Scheduling next refresh
02-03 20:39:08.776 I/dsax    (22470): Scheduling next refresh
02-03 20:39:08.776 I/dsax    (22470): Scheduling next refresh
02-03 20:39:08.777 I/dsax    (22470): Scheduling next refresh
02-03 20:39:08.777 I/eakt    (22470): MDD.MigrationProxyPopulator.refreshFileGroups
02-03 20:39:08.777 E/SingleDataFileGroupPop(22470): Failed to add file group 
02-03 20:39:08.778 I/ZipLPPopulator(22470): #scheduleLanguagePackDeletion
02-03 20:39:08.778 I/ZipLPPopulator(22470): ephw: MEDIUM
02-03 20:39:08.778 I/ZipLPPopulator(22470): 	at eapz.a(PG:22)
02-03 20:39:08.778 I/ZipLPPopulator(22470): 	at cycr.y(PG:24)
02-03 20:39:08.778 I/ZipLPPopulator(22470): 	at cybd.apply(PG:25)
02-03 20:39:08.778 I/ZipLPPopulator(22470): 	at eiba.apply(PG:17)
02-03 20:39:08.778 I/ZipLPPopulator(22470): 	at eram.d(PG:3)
02-03 20:39:08.778 I/ZipLPPopulator(22470): 	at erao.run(PG:47)
02-03 20:39:08.778 I/ZipLPPopulator(22470): 	at erec.run(PG:64)
02-03 20:39:08.778 I/ZipLPPopulator(22470): 	at cmvb.run(PG:5)
02-03 20:39:08.778 I/ZipLPPopulator(22470): 	at java.util.concurrent.ThreadPoolExecutor.runWorker(ThreadPoolExecutor.java:1154)
02-03 20:39:08.778 I/ZipLPPopulator(22470): 	at java.util.concurrent.ThreadPoolExecutor$Worker.run(ThreadPoolExecutor.java:652)
02-03 20:39:08.778 I/ZipLPPopulator(22470): 	at cmuh.run(PG:33)
02-03 20:39:08.778 I/ZipLPPopulator(22470): 	at java.lang.Thread.run(Thread.java:1563)
02-03 20:39:08.778 I/ZipLPPopulator(22470): 	at cmwf.run(PG:63)
02-03 20:39:08.778 I/ZipLPPopulator(22470): #addNewFileGroups
02-03 20:39:08.779 I/eapk    (22470): #getDownloadableLanguagePacks
02-03 20:39:08.780 I/eaqj    (22470): (REDACTED) Loaded languagepack (LP) flag value from latest config %s: %s
02-03 20:39:08.780 I/cpfv    ( 5675): (REDACTED) Starting batch sync for corpora: %s
02-03 20:39:08.781 I/LPRequestState(22470): (REDACTED) [%s] #resolveDesiredLanguagePacks
02-03 20:39:08.781 E/PhFileGroupPop(22470): Failed to add file group 
02-03 20:39:08.781 E/PhFileGroupPop(22470): Failed to add file group 
02-03 20:39:08.782 E/PhFileGroupPop(22470): Failed to add file group 
02-03 20:39:08.782 E/PhFileGroupPop(22470): Failed to add file group 
02-03 20:39:08.782 E/PhFileGroupPop(22470): Failed to add file group 
02-03 20:39:08.782 I/ZipLPPopulator(22470): #addNewFileGroups complete
02-03 20:39:08.783 I/eapk    (22470): #getInstalledPackages from MDD
02-03 20:39:08.783 I/eapk    (22470): #GetLanguagePackList
02-03 20:39:08.784 I/eapk    (22470): MDD.getFileGroupsByFilter(langpack-domain_xx-XX_ver_zipfile)
02-03 20:39:08.785 E/PhFileGroupPop(22470): Failed to add file group 
02-03 20:39:08.785 E/PhFileGroupPop(22470): Failed to add file group 
02-03 20:39:08.785 E/PhFileGroupPop(22470): Failed to add file group 
02-03 20:39:08.786 I/dsax    (22470): Throttled; returning pending refresh
02-03 20:39:08.786 I/dsax    (22470): Throttled; returning pending refresh
02-03 20:39:08.787 I/dsax    (22470): Throttled; returning pending refresh
02-03 20:39:08.787 I/dsax    (22470): Throttled; returning pending refresh
02-03 20:39:08.787 I/dsax    (22470): Throttled; returning pending refresh
02-03 20:39:08.787 I/dsax    (22470): Throttled; returning pending refresh
02-03 20:39:08.788 I/dsax    (22470): Throttled; returning pending refresh
02-03 20:39:08.788 I/eakt    (22470): MDD.MigrationProxyPopulator.refreshFileGroups
02-03 20:39:08.788 E/SingleDataFileGroupPop(22470): Failed to add file group 
02-03 20:39:08.789 I/ZipLPPopulator(22470): #scheduleLanguagePackDeletion
02-03 20:39:08.789 I/ZipLPPopulator(22470): ephw: MEDIUM
02-03 20:39:08.789 I/ZipLPPopulator(22470): 	at eapz.a(PG:22)
02-03 20:39:08.789 I/ZipLPPopulator(22470): 	at cycr.y(PG:24)
02-03 20:39:08.789 I/ZipLPPopulator(22470): 	at cybd.apply(PG:25)
02-03 20:39:08.789 I/ZipLPPopulator(22470): 	at eiba.apply(PG:17)
02-03 20:39:08.789 I/ZipLPPopulator(22470): 	at eram.d(PG:3)
02-03 20:39:08.789 I/ZipLPPopulator(22470): 	at erao.run(PG:47)
02-03 20:39:08.789 I/ZipLPPopulator(22470): 	at erec.run(PG:64)
02-03 20:39:08.789 I/ZipLPPopulator(22470): 	at cmvb.run(PG:5)
02-03 20:39:08.789 I/ZipLPPopulator(22470): 	at java.util.concurrent.ThreadPoolExecutor.runWorker(ThreadPoolExecutor.java:1154)
02-03 20:39:08.789 I/ZipLPPopulator(22470): 	at java.util.concurrent.ThreadPoolExecutor$Worker.run(ThreadPoolExecutor.java:652)
02-03 20:39:08.789 I/ZipLPPopulator(22470): 	at cmuh.run(PG:33)
02-03 20:39:08.789 I/ZipLPPopulator(22470): 	at java.lang.Thread.run(Thread.java:1563)
02-03 20:39:08.789 I/ZipLPPopulator(22470): 	at cmwf.run(PG:63)
02-03 20:39:08.789 I/ZipLPPopulator(22470): #addNewFileGroups
02-03 20:39:08.789 I/eapk    (22470): #getDownloadableLanguagePacks
02-03 20:39:08.790 I/eaqj    (22470): (REDACTED) Loaded languagepack (LP) flag value from latest config %s: %s
02-03 20:39:08.792 I/LPRequestState(22470): (REDACTED) [%s] #resolveDesiredLanguagePacks
02-03 20:39:08.793 I/ZipLPPopulator(22470): #addNewFileGroups complete
02-03 20:39:08.793 I/eapk    (22470): #getInstalledPackages from MDD
02-03 20:39:08.794 I/eapk    (22470): #GetLanguagePackList
02-03 20:39:08.794 I/eapk    (22470): MDD.getFileGroupsByFilter(langpack-domain_xx-XX_ver_zipfile)
02-03 20:39:08.794 D/PhFileGroupPop(22470): Added file groups assistant_appintegration_appactions_config
02-03 20:39:08.795 I/cpfv    ( 5675): (REDACTED) The syncToken for corpus %s is %s and the syncRequestReason is %s
02-03 20:39:08.797 D/PhFileGroupPop(22470): Added file groups fedass_policy_config_group
02-03 20:39:08.800 D/PhFileGroupPop(22470): Added file groups smart_dictation_policy_config_group
02-03 20:39:08.804 D/PhFileGroupPop(22470): Added file groups tapas_cortex
02-03 20:39:08.806 D/PhFileGroupPop(22470): Added file groups assistant_appintegration_appactions_config
02-03 20:39:08.809 D/PhFileGroupPop(22470): Added file groups fedass_policy_config_group
02-03 20:39:08.810 I/WM-WorkerWrapper(22470): Worker result SUCCESS for Work [ id=906bdff2-fa11-44fd-93bd-f7c09625b22d, tags={ com.google.apps.tiktok.contrib.work.TikTokListenableWorker,TikTokWorker#com.google.android.libraries.mdi.download.workmanager.tiktok.TikTokPeriodicWorker } ]
02-03 20:39:08.812 D/PhFileGroupPop(22470): Added file groups smart_dictation_policy_config_group
02-03 20:39:08.818 D/WM-Processor(22470): ndl 906bdff2-fa11-44fd-93bd-f7c09625b22d executed; reschedule = false
02-03 20:39:08.818 D/WM-GreedyScheduler(22470): Stopping tracking for WorkGenerationalId(workSpecId=906bdff2-fa11-44fd-93bd-f7c09625b22d, generation=9)
02-03 20:39:08.825 D/WM-GreedyScheduler(22470): Cancelling work ID 906bdff2-fa11-44fd-93bd-f7c09625b22d
02-03 20:39:08.845 D/WM-SystemJobScheduler(22470): Scheduling work ID 906bdff2-fa11-44fd-93bd-f7c09625b22dJob ID 127041
02-03 20:39:08.848 D/WM-GreedyScheduler(22470): Ignoring {WorkSpec: 549774e0-985b-453d-960a-288fdd4fa190}. Requires device idle.
02-03 20:39:08.849 D/WM-GreedyScheduler(22470): Ignoring {WorkSpec: 7a191dcd-1a12-45ce-9c4a-f4f1da864cef}. Requires device idle.
02-03 20:39:08.900 I/LPRequestState(22470): (REDACTED) [%s] #resolveUnusedLanguagePacks
02-03 20:39:08.901 I/LPRequestState(22470): (REDACTED) [%s] #resolveDesiredLanguagePacks
02-03 20:39:08.902 D/PhFileGroupPop(22470): Added file groups tapas_cortex
02-03 20:39:08.922 I/dsax    ( 5675): Running throttled refresh
02-03 20:39:08.928 I/cpfv    ( 5675): (REDACTED) Starting batch sync for corpora: %s
02-03 20:39:08.938 W/cpfv    ( 5675): (REDACTED) Upload permissions denied for Corpus %s
02-03 20:39:08.941 I/cpfv    ( 5675): (REDACTED) The syncToken for corpus %s is %s and the syncRequestReason is %s
02-03 20:39:08.956 W/System  (22935): A resource failed to call close. 
02-03 20:39:08.985 I/cpje    ( 5675): (REDACTED) Writing metadata key: %s, corpus: %s
02-03 20:39:08.987 I/cpje    ( 5675): (REDACTED) Writing metadata key: %s, corpus: %s
02-03 20:39:08.996 I/cpfv    ( 5675): (REDACTED) Starting batch sync for corpora: %s
02-03 20:39:09.005 I/cpfv    ( 5675): (REDACTED) The syncToken for corpus %s is %s and the syncRequestReason is %s
02-03 20:39:09.010 I/LPRequestState(22470): (REDACTED) [%s] #resolveUnusedLanguagePacks
02-03 20:39:09.011 I/LPRequestState(22470): (REDACTED) [%s] #resolveDesiredLanguagePacks
02-03 20:39:09.070 D/PhoneInterfaceManager( 2506): [PhoneIntfMgr] QueryTelephonyChecker-getDataNetworkTypeForSubscriber: packageName = com.android.phone, isGrant = true
02-03 20:39:09.071 D/PhoneInterfaceManager( 2506): [PhoneIntfMgr] QueryTelephonyChecker-getDataNetworkTypeForSubscriber: packageName = com.android.phone, isGrant = true
02-03 20:39:09.086 I/cpje    ( 5675): (REDACTED) Writing metadata key: %s, corpus: %s
02-03 20:39:09.088 I/cpje    ( 5675): (REDACTED) Writing metadata key: %s, corpus: %s
02-03 20:39:09.095 I/cpfv    ( 5675): (REDACTED) Starting batch sync for corpora: %s
02-03 20:39:09.104 I/cpfv    ( 5675): (REDACTED) The syncToken for corpus %s is %s and the syncRequestReason is %s
02-03 20:39:09.128 D/RemoteListenableDelegatingWorker(22470): Cleaning up
02-03 20:39:09.140 I/WM-WorkerWrapper(22470): Worker result SUCCESS for Work [ id=a3edcb05-79b2-487a-b268-0c5e64d701a1, tags={ com.google.apps.tiktok.contrib.work.TikTokListenableWorker,TikTokWorker#com.google.android.libraries.mdi.download.workmanager.tiktok.TikTokPeriodicWorker } ]
02-03 20:39:09.147 D/WM-Processor(22470): ndl a3edcb05-79b2-487a-b268-0c5e64d701a1 executed; reschedule = false
02-03 20:39:09.147 D/WM-GreedyScheduler(22470): Stopping tracking for WorkGenerationalId(workSpecId=a3edcb05-79b2-487a-b268-0c5e64d701a1, generation=8)
02-03 20:39:09.155 D/WM-GreedyScheduler(22470): Cancelling work ID a3edcb05-79b2-487a-b268-0c5e64d701a1
02-03 20:39:09.172 D/WM-SystemJobScheduler(22470): Scheduling work ID a3edcb05-79b2-487a-b268-0c5e64d701a1Job ID 127042
02-03 20:39:09.175 D/WM-GreedyScheduler(22470): Ignoring {WorkSpec: 549774e0-985b-453d-960a-288fdd4fa190}. Requires device idle.
02-03 20:39:09.175 D/WM-GreedyScheduler(22470): Ignoring {WorkSpec: 7a191dcd-1a12-45ce-9c4a-f4f1da864cef}. Requires device idle.
02-03 20:39:09.189 I/cpje    ( 5675): (REDACTED) Writing metadata key: %s, corpus: %s
02-03 20:39:09.190 I/cpje    ( 5675): (REDACTED) Writing metadata key: %s, corpus: %s
02-03 20:39:09.194 I/cpfv    ( 5675): (REDACTED) Starting batch sync for corpora: %s
02-03 20:39:09.199 I/cpje    ( 5675): The GellerConfig is not present, returning null.
02-03 20:39:09.199 I/cpje    ( 5675): (REDACTED) The GellerConfig is not present, defaulting isUploadEnabled for corpus %s to true.
02-03 20:39:09.201 I/cpfv    ( 5675): (REDACTED) The syncToken for corpus %s is %s and the syncRequestReason is %s
02-03 20:39:09.246 I/system_server( 1741): Background young concurrent copying GC freed 10MB AllocSpace bytes, 37(1520KB) LOS objects, 10% free, 104MB/117MB, paused 501us,258us total 111.310ms
02-03 20:39:09.253 W/System  ( 1741): A resource failed to call HardwareBuffer.close. 
02-03 20:39:09.254 W/System  ( 1741): A resource failed to call release. 
02-03 20:39:09.306 I/cpje    ( 5675): (REDACTED) Writing metadata key: %s, corpus: %s
02-03 20:39:09.309 I/cpje    ( 5675): (REDACTED) Writing metadata key: %s, corpus: %s
02-03 20:39:09.314 I/cpfv    ( 5675): (REDACTED) Starting batch sync for corpora: %s
02-03 20:39:09.324 I/cpje    ( 5675): The GellerConfig is not present, returning null.
02-03 20:39:09.324 I/cpje    ( 5675): (REDACTED) The GellerConfig is not present, defaulting isUploadEnabled for corpus %s to true.
02-03 20:39:09.327 I/cpfv    ( 5675): (REDACTED) The syncToken for corpus %s is %s and the syncRequestReason is %s
02-03 20:39:09.351 I/cpje    ( 5675): (REDACTED) Writing metadata key: %s, corpus: %s
02-03 20:39:09.359 I/cpje    ( 5675): (REDACTED) Writing metadata key: %s, corpus: %s
02-03 20:39:09.367 I/cpfv    ( 5675): (REDACTED) Starting batch sync for corpora: %s
02-03 20:39:09.373 I/cpje    ( 5675): The GellerConfig is not present, returning null.
02-03 20:39:09.373 I/cpje    ( 5675): (REDACTED) The GellerConfig is not present, defaulting isUploadEnabled for corpus %s to true.
02-03 20:39:09.376 I/cpfv    ( 5675): (REDACTED) The syncToken for corpus %s is %s and the syncRequestReason is %s
02-03 20:39:09.477 D/OplusAtlasService( 3289): getAttributeByAppName module:oplus-getStreamMaxVolume packageName:com.cricbuzz.android
02-03 20:39:09.483 D/AudioManagerExtImpl(31255): getStreamVolume packageName=com.cricbuzz.android, index=8, streamType=3
02-03 20:39:09.515 I/cpje    ( 5675): (REDACTED) Writing metadata key: %s, corpus: %s
02-03 20:39:09.517 I/cpje    ( 5675): (REDACTED) Writing metadata key: %s, corpus: %s
02-03 20:39:09.527 I/cpfv    ( 5675): (REDACTED) Starting batch sync for corpora: %s
02-03 20:39:09.537 I/cpje    ( 5675): (REDACTED) Writing metadata key: %s, corpus: %s
02-03 20:39:09.539 I/cpje    ( 5675): (REDACTED) Writing metadata key: %s, corpus: %s
02-03 20:39:09.544 I/cpfv    ( 5675): (REDACTED) Starting batch sync for corpora: %s
02-03 20:39:09.548 I/cpfv    ( 5675): (REDACTED) The syncToken for corpus %s is %s and the syncRequestReason is %s
02-03 20:39:09.553 I/cpje    ( 5675): The GellerConfig is not present, returning null.
02-03 20:39:09.553 I/cpje    ( 5675): (REDACTED) The GellerConfig is not present, defaulting isUploadEnabled for corpus %s to true.
02-03 20:39:09.556 I/cpfv    ( 5675): (REDACTED) The syncToken for corpus %s is %s and the syncRequestReason is %s
02-03 20:39:09.620 I/cpje    ( 5675): (REDACTED) Writing metadata key: %s, corpus: %s
02-03 20:39:09.623 I/cpje    ( 5675): (REDACTED) Writing metadata key: %s, corpus: %s
02-03 20:39:09.628 I/OplusHansManager ( 1741): uid=10742, pkg=com.microsoft.bing can transition from M to F
02-03 20:39:09.628 I/OplusHansManager ( 1741): uid=10742, pkg=com.microsoft.bing F enter(), M stay=10
02-03 20:39:09.635 I/OplusHansManager ( 1741): freeze uid: 10742 com.microsoft.bing pids: [30705] scene: LcdOn
02-03 20:39:09.637 D/IHansComunication( 4602): HansComunication::addUid-- 10742, persistent--0
02-03 20:39:09.637 D/IHansComunication( 4602): HANS sendMessageToKernel: threadId = 501361515696, netLinkSetup = 1, type = PKG, targetUid = 10742, pkgCmd = ADD_ONE_UID
02-03 20:39:09.638 I/cpfv    ( 5675): (REDACTED) Starting batch sync for corpora: %s
02-03 20:39:09.657 I/cpfv    ( 5675): (REDACTED) The syncToken for corpus %s is %s and the syncRequestReason is %s
02-03 20:39:09.659 I/cpje    ( 5675): (REDACTED) Writing metadata key: %s, corpus: %s
02-03 20:39:09.661 I/cpje    ( 5675): (REDACTED) Writing metadata key: %s, corpus: %s
02-03 20:39:09.775 I/dsax    (22470): Running throttled refresh
02-03 20:39:09.776 I/dsax    (22470): Running throttled refresh
02-03 20:39:09.776 I/dsax    (22470): Running throttled refresh
02-03 20:39:09.777 I/dsax    (22470): Running throttled refresh
02-03 20:39:09.777 I/dsax    (22470): Running throttled refresh
02-03 20:39:09.777 I/dsax    (22470): Running throttled refresh
02-03 20:39:09.779 I/dsax    (22470): Running throttled refresh
02-03 20:39:09.779 W/dykx    (22470): No available dsp hotword properties, skip geller sync.
02-03 20:39:09.797 I/cpfv    (22470): (REDACTED) Starting batch sync for corpora: %s
02-03 20:39:09.798 I/cpfv    (22470): (REDACTED) Starting batch sync for corpora: %s
02-03 20:39:09.798 I/cpfv    (22470): (REDACTED) Starting batch sync for corpora: %s
02-03 20:39:09.799 I/cpfv    (22470): (REDACTED) Starting batch sync for corpora: %s
02-03 20:39:09.813 I/dnfg    (22470): (REDACTED) getting App Capabilities %s
02-03 20:39:09.813 I/dncn    (22470): Building Device Properties.
02-03 20:39:09.813 I/dnfg    (22470): (REDACTED) getting App Capabilities %s
02-03 20:39:09.815 I/dncn    (22470): Building Device Properties.
02-03 20:39:09.815 I/dncn    (22470): Building Device Properties.
02-03 20:39:09.819 I/dnfg    (22470): (REDACTED) getting App Capabilities %s
02-03 20:39:09.825 I/dncn    (22470): Building Device Properties.
02-03 20:39:09.830 D/OplusAtlasService( 3289): getAttributeByAppName module:oplus-getStreamMaxVolume packageName:com.google.android.googlequicksearchbox
02-03 20:39:09.830 D/OplusAtlasService( 3289): getAttributeByAppName module:oplus-getStreamMaxVolume packageName:com.google.android.googlequicksearchbox
02-03 20:39:09.830 I/dnfg    (22470): (REDACTED) getting App Capabilities %s
02-03 20:39:09.832 D/OplusAtlasService( 3289): getAttributeByAppName module:oplus-getStreamMaxVolume packageName:com.google.android.googlequicksearchbox
02-03 20:39:09.835 D/AudioManagerExtImpl(22470): getStreamVolume normal, volume index=8
02-03 20:39:09.836 D/OplusAtlasService( 3289): getAttributeByAppName module:oplus-getStreamMaxVolume packageName:com.google.android.googlequicksearchbox
02-03 20:39:09.838 D/AudioManagerExtImpl(22470): getStreamVolume packageName=com.google.android.googlequicksearchbox, index=12, streamType=4
02-03 20:39:09.839 I/AudioManager(22470): In isBluetoothScoOn(), calling application: com.google.android.googlequicksearchbox
02-03 20:39:09.840 D/OplusAtlasService( 3289): checkIsInDaemonlistByUid module:judge-sco-actualy uid:10136
02-03 20:39:09.841 D/AudioManagerExtImpl(22470): getStreamVolume too fast, volume index=8, package=com.google.android.googlequicksearchbox
02-03 20:39:09.841 D/AudioManagerExtImpl(22470): getStreamVolume too fast, volume index=8, package=com.google.android.googlequicksearchbox
02-03 20:39:09.841 D/OplusAtlasService( 3289): getAttributeByAppName module:oplus-getStreamMaxVolume packageName:com.google.android.googlequicksearchbox
02-03 20:39:09.841 D/OplusAtlasService( 3289): getAttributeByAppName module:oplus-getStreamMaxVolume packageName:com.google.android.googlequicksearchbox
02-03 20:39:09.843 D/AudioManagerExtImpl(22470): getStreamVolume too fast, volume index=8, package=com.google.android.googlequicksearchbox
02-03 20:39:09.844 D/AudioManagerExtImpl(22470): getStreamVolume packageName=com.google.android.googlequicksearchbox, index=12, streamType=4
02-03 20:39:09.844 D/OplusAtlasService( 3289): getAttributeByAppName module:oplus-getStreamMaxVolume packageName:com.google.android.googlequicksearchbox
02-03 20:39:09.844 I/AudioManager(22470): In isBluetoothScoOn(), calling application: com.google.android.googlequicksearchbox
02-03 20:39:09.845 D/OplusAtlasService( 3289): checkIsInDaemonlistByUid module:judge-sco-actualy uid:10136
02-03 20:39:09.845 D/AudioManagerExtImpl(22470): getStreamVolume packageName=com.google.android.googlequicksearchbox, index=12, streamType=4
02-03 20:39:09.848 D/AudioManagerExtImpl(22470): getStreamVolume packageName=com.google.android.googlequicksearchbox, index=12, streamType=4
02-03 20:39:09.851 E/IHansComunication( 4602): HANS printMessageBody: RCV message: type = 0,port = 86870,caller_pid = 1069,caller_uid = 1047,target_pid = 30705,target_uid = 10742,pkg_cmd = -1,rpc = android.hardware.ICameraServiceListener/5
02-03 20:39:09.852 I/AudioManager(22470): In isBluetoothScoOn(), calling application: com.google.android.googlequicksearchbox
02-03 20:39:09.852 I/AudioManager(22470): In isBluetoothScoOn(), calling application: com.google.android.googlequicksearchbox
02-03 20:39:09.852 D/OplusAtlasService( 3289): checkIsInDaemonlistByUid module:judge-sco-actualy uid:10136
02-03 20:39:09.853 D/OplusAtlasService( 3289): checkIsInDaemonlistByUid module:judge-sco-actualy uid:10136
02-03 20:39:09.855 D/OplusAtlasService( 3289): getAttributeByAppName module:oplus-getStreamMaxVolume packageName:com.google.android.googlequicksearchbox
02-03 20:39:09.857 I/OplusHansManager ( 1741): unfreeze uid: 10742 com.microsoft.bing pids: [30705] reason: AsyncBinder scene: LcdOn
02-03 20:39:09.861 I/OplusHansManager ( 1741): uid=10742, pkg=com.microsoft.bing, transition from Frozen to Middle, reason=AsyncBinder
02-03 20:39:09.861 I/OplusHansManager ( 1741): uid=10742, pkg=com.microsoft.bing F exit(), F stay=0, reason=AsyncBinder
02-03 20:39:09.872 I/cpje    ( 5675): (REDACTED) Writing metadata key: %s, corpus: %s
02-03 20:39:09.873 I/cpje    ( 5675): (REDACTED) Writing metadata key: %s, corpus: %s
02-03 20:39:09.877 I/cpfv    (22470): (REDACTED) The syncToken for corpus %s is %s and the syncRequestReason is %s
02-03 20:39:09.882 I/cpfv    ( 5675): (REDACTED) Starting batch sync for corpora: %s
02-03 20:39:09.885 D/NetworkEvent( 2547): OplusNetworkEventCbProxy invoke.....onDnsEvent argslen:8
02-03 20:39:09.888 I/cpfv    (22470): (REDACTED) The syncToken for corpus %s is %s and the syncRequestReason is %s
02-03 20:39:09.893 D/RemoteListenableDelegatingWorker(22470): Cleaning up
02-03 20:39:09.900 I/cpfv    (22470): (REDACTED) The syncToken for corpus %s is %s and the syncRequestReason is %s
02-03 20:39:09.901 I/WM-WorkerWrapper(22470): Worker result SUCCESS for Work [ id=9a34c3f1-3d75-468b-aea0-b36a1b1c0c12, tags={ com.google.apps.tiktok.contrib.work.TikTokListenableWorker,TikTokWorker#com.google.android.libraries.mdi.download.workmanager.tiktok.TikTokPeriodicWorker } ]
02-03 20:39:09.906 D/WM-Processor(22470): ndl 9a34c3f1-3d75-468b-aea0-b36a1b1c0c12 executed; reschedule = false
02-03 20:39:09.906 D/WM-GreedyScheduler(22470): Stopping tracking for WorkGenerationalId(workSpecId=9a34c3f1-3d75-468b-aea0-b36a1b1c0c12, generation=8)
02-03 20:39:09.910 I/cpfv    (22470): (REDACTED) The syncToken for corpus %s is %s and the syncRequestReason is %s
02-03 20:39:09.914 D/WM-GreedyScheduler(22470): Cancelling work ID 9a34c3f1-3d75-468b-aea0-b36a1b1c0c12
02-03 20:39:09.927 I/cpfv    ( 5675): (REDACTED) The syncToken for corpus %s is %s and the syncRequestReason is %s
02-03 20:39:09.929 D/WM-SystemJobScheduler(22470): Scheduling work ID 9a34c3f1-3d75-468b-aea0-b36a1b1c0c12Job ID 127043
02-03 20:39:09.932 D/WM-GreedyScheduler(22470): Ignoring {WorkSpec: 549774e0-985b-453d-960a-288fdd4fa190}. Requires device idle.
02-03 20:39:09.932 D/WM-GreedyScheduler(22470): Ignoring {WorkSpec: 7a191dcd-1a12-45ce-9c4a-f4f1da864cef}. Requires device idle.
02-03 20:39:09.965 I/cpje    ( 5675): (REDACTED) Writing metadata key: %s, corpus: %s
02-03 20:39:09.969 I/cpje    ( 5675): (REDACTED) Writing metadata key: %s, corpus: %s
02-03 20:39:09.973 I/cpfv    ( 5675): (REDACTED) Starting batch sync for corpora: %s
02-03 20:39:09.979 I/cpje    ( 5675): The GellerConfig is not present, returning null.
02-03 20:39:09.979 I/cpje    ( 5675): (REDACTED) The GellerConfig is not present, defaulting isUploadEnabled for corpus %s to true.
02-03 20:39:09.981 I/cpfv    ( 5675): (REDACTED) The syncToken for corpus %s is %s and the syncRequestReason is %s
02-03 20:39:09.999 I/hwcomposer(  843): [HWC] (0)fire a callback of refresh to SF[4]  
02-03 20:39:10.076 I/cpje    ( 5675): (REDACTED) Writing metadata key: %s, corpus: %s
02-03 20:39:10.078 I/cpje    ( 5675): (REDACTED) Writing metadata key: %s, corpus: %s
02-03 20:39:10.084 I/cpfv    ( 5675): (REDACTED) Starting batch sync for corpora: %s
02-03 20:39:10.092 I/cpje    ( 5675): The GellerConfig is not present, returning null.
02-03 20:39:10.092 I/cpje    ( 5675): (REDACTED) The GellerConfig is not present, defaulting isUploadEnabled for corpus %s to true.
02-03 20:39:10.094 I/cpfv    ( 5675): (REDACTED) The syncToken for corpus %s is %s and the syncRequestReason is %s
02-03 20:39:10.192 I/cpje    (22470): (REDACTED) Writing metadata key: %s, corpus: %s
02-03 20:39:10.195 I/cpje    (22470): (REDACTED) Writing metadata key: %s, corpus: %s
02-03 20:39:10.209 I/cpfv    (22470): (REDACTED) Starting batch sync for corpora: %s
02-03 20:39:10.222 I/dncn    (22470): Building Device Properties.
02-03 20:39:10.222 I/dnfg    (22470): (REDACTED) getting App Capabilities %s
02-03 20:39:10.229 D/OplusAtlasService( 3289): getAttributeByAppName module:oplus-getStreamMaxVolume packageName:com.google.android.googlequicksearchbox
02-03 20:39:10.231 D/AudioManagerExtImpl(22470): getStreamVolume normal, volume index=8
02-03 20:39:10.232 D/OplusAtlasService( 3289): getAttributeByAppName module:oplus-getStreamMaxVolume packageName:com.google.android.googlequicksearchbox
02-03 20:39:10.235 D/AudioManagerExtImpl(22470): getStreamVolume packageName=com.google.android.googlequicksearchbox, index=12, streamType=4
02-03 20:39:10.236 I/AudioManager(22470): In isBluetoothScoOn(), calling application: com.google.android.googlequicksearchbox
02-03 20:39:10.239 D/OplusAtlasService( 3289): checkIsInDaemonlistByUid module:judge-sco-actualy uid:10136
02-03 20:39:10.243 I/cpje    (22470): (REDACTED) Writing metadata key: %s, corpus: %s
02-03 20:39:10.245 I/cpje    (22470): (REDACTED) Writing metadata key: %s, corpus: %s
02-03 20:39:10.253 I/cpfv    (22470): (REDACTED) Starting batch sync for corpora: %s
02-03 20:39:10.254 I/cpje    (22470): The GellerConfig is not present, returning null.
02-03 20:39:10.255 I/cpje    (22470): (REDACTED) The GellerConfig is not present, defaulting isUploadEnabled for corpus %s to true.
