--------- beginning of main
01-23 00:13:43.729 D/ScreenStatusProducer(25296): Current queue status: isIdle = true, isPolling = true
01-23 00:13:44.062 I/OplusHansManager ( 1748): uid=10711, pkg=com.openai.chatgpt can transition from M to F
01-23 00:13:44.062 I/OplusHansManager ( 1748): uid=10711, pkg=com.openai.chatgpt F enter(), M stay=10
01-23 00:13:44.066 I/OplusHansManager ( 1748): freeze uid: 10711 com.openai.chatgpt pids: [6179] scene: LcdOn
01-23 00:13:44.068 D/IHansComunication( 6221): HansComunication::addUid-- 10711, persistent--0
01-23 00:13:44.068 D/IHansComunication( 6221): HANS sendMessageToKernel: threadId = 516689218736, netLinkSetup = 1, type = PKG, targetUid = 10711, pkgCmd = ADD_ONE_UID
01-23 00:13:44.073 I/OplusHansManager ( 1748): uid=10349, pkg=com.jio.myjio can transition from M to F
01-23 00:13:44.074 I/OplusHansManager ( 1748): uid=10349, pkg=com.jio.myjio F enter(), M stay=10
01-23 00:13:44.079 I/OplusHansManager ( 1748): freeze uid: 10349 com.jio.myjio pids: [30091] scene: LcdOn
01-23 00:13:44.081 D/IHansComunication( 6221): HansComunication::addUid-- 10349, persistent--0
01-23 00:13:44.081 D/IHansComunication( 6221): HANS sendMessageToKernel: threadId = 516689218736, netLinkSetup = 1, type = PKG, targetUid = 10349, pkgCmd = ADD_ONE_UID
--------- beginning of system
01-23 00:13:44.451 D/MinimumBrightnessDelegate( 1748): timer end, send message to update, current index = 20
01-23 00:13:44.451 D/BoundBrokerSvc(30737): onUnbind: Intent { act=com.google.android.gms.common.BIND_SHARED_PREFS pkg=com.google.android.gms }
01-23 00:13:44.451 D/MinimumBrightnessDelegate( 1748): handleMessage:101
01-23 00:13:44.715 I/hwcomposer(  843): [HWC] (0)fire a callback of refresh to SF[4]  
01-23 00:13:45.068 D/IHansComunication( 6221): HANS sendMessageToKernel: threadId = 516689218736, netLinkSetup = 1, type = FROZEN_TRANS, targetUid = 10711, pkgCmd = PKG_CMD_MAX
01-23 00:13:45.081 D/IHansComunication( 6221): HANS sendMessageToKernel: threadId = 516689218736, netLinkSetup = 1, type = FROZEN_TRANS, targetUid = 10349, pkgCmd = PKG_CMD_MAX
01-23 00:13:45.349 D/TapHttp.(31460): newSslSocketFactory isSupported
01-23 00:13:45.353 D/nativeloader(31460): Load /data/app/~~JsHvRIBju3N1owHhVUEzyw==/com.coloros.phonemanager-Rp0V9fLl9KlwCaB9Ai9ryA==/lib/arm64/liboplus_conscrypt_jni.so using class loader ns clns-7 (caller=/data/app/~~JsHvRIBju3N1owHhVUEzyw==/com.coloros.phonemanager-Rp0V9fLl9KlwCaB9Ai9ryA==/base.apk!classes7.dex): ok
01-23 00:13:45.354 V/NativeCrypto(31460): Registering org/oconscrypt/NativeCrypto's 295 native methods...
01-23 00:13:45.364 D/TapHttp (31460): newSslSocketFactory config sessionReuse:trueisConscryptPreferred:true isSupported:true
01-23 00:13:45.417 D/NetworkEvent( 2614): OplusNetworkEventCbProxy invoke.....onDnsEvent argslen:8
01-23 00:13:45.560 I/ConscryptEngineSocket(31460): obus-in.dc.heytapmobile.com:443,tls_reused:true
01-23 00:13:46.150 D/AALLightSensor( 1193): oldLux=60 [SA:61 LA:61] newLux=60 (oriLux: 61)
01-23 00:13:47.361 D/vendor.oplus.hardware.charger@1.0-service(  897): getChargerControl:
01-23 00:13:47.466 W/HidlServiceHelper(32688): Failed to read virtual TLC buffer usage returns is NULLnull
01-23 00:13:47.556 D/AES     ( 1748): AEEIOCTL_GET/SET_SF_STATE IOCTL,cmd= 1074294797, lParam=0. 
01-23 00:13:47.556 D/AES     ( 1748): AEEIOCTL_RT_MON_Kick IOCTL,cmd= 2147774474, lParam=300. 
01-23 00:13:47.896 I/ActivityManager( 1748): Force stopping com.wholexale.app.staging appid=10851 user=0: from pid 1015
01-23 00:13:47.897 D/OplusUIFirst_FB( 1748): com.wholexale.app.staging remove pid: 10412
01-23 00:13:47.897 I/ActivityManager( 1748): Killing 10412:com.wholexale.app.staging/u0a851 (adj 0): stop com.wholexale.app.staging due to from pid 1015
01-23 00:13:47.899 D/SensorService( 1748): onUidStateChanged uid = 10851, state = UID_STATE_IDLE
01-23 00:13:47.900 E/IHansComunication( 6221): HANS printMessageBody: RCV message: type = 3,port = 86870,caller_pid = 1748,caller_uid = 1000,target_pid = 10412,target_uid = 10851,pkg_cmd = -1,rpc = signal/-1
01-23 00:13:47.900 I/mtkpower_client( 1748): [Legacy][PowerHal_Wrap_notifyAppState] com.wholexale.app.staging/com.wholexale.app.staging pid=10412 state:3
01-23 00:13:47.900 I/game_scn( 1748): collectForegroundAppList packName=com.wholexale.app.staging, actName=com.wholexale.app.staging, pid=10412, uid=10851, state:DEAD
01-23 00:13:47.901 W/ActivityTaskManager( 1748): Force removing ActivityRecord{e19069a u0 com.wholexale.app.staging/com.wholexale.app.MainActivity} t11663 f}}: app died, no saved state
01-23 00:13:47.901 D/RilUtility(  859): notify_rild_crash_pid_set certPid:-1, crash:10412, scn:0x0
01-23 00:13:47.903 I/OplusHansManager ( 1748): onUidGone(), 10851 com.wholexale.app.staging exit SM
01-23 00:13:47.905 V/DeepThinker( 5470): ProcessManager: onProcessDied pid:10412, uid:10851
01-23 00:13:47.907 I/libprocessgroup( 1748): Successfully killed process cgroup uid 10851 pid 10412 in 7ms
01-23 00:13:47.911 D/OplusLayer(  966): ~Layer() sequence=27015, name=Screenshot Parent#27015
01-23 00:13:47.917 D/TaskChangeNotificationControllerExtImpl( 1748): Skip pass Snapshot to listener:android.app.ITaskStackListener$Stub$Proxy@cb4af11
01-23 00:13:47.918 V/WindowManager( 1748): Changing focus from Window{698b657 u0 com.wholexale.app.staging/com.wholexale.app.MainActivity} to null,diplayid=0
01-23 00:13:47.919 I/thermal_repeater( 1170): [recvMdThermalInfo] ret=29, strLen=127,  1, 32767,,, 197, 32767, 9462
01-23 00:13:47.919 D/Theia.NoFocusWindow( 1748): FocusWindowErrorScene CheckFreezeScreen
01-23 00:13:47.924 V/OplusZoomWindowManagerService( 1748): onAnimationFinished:  r = ActivityRecord{e19069a u0 com.wholexale.app.staging/com.wholexale.app.MainActivity} t11663 f}}
01-23 00:13:47.925 W/InputManager-JNI( 1748): Input channel object '698b657 com.wholexale.app.staging/com.wholexale.app.MainActivity (client)' was disposed without first being removed with the input manager!
01-23 00:13:47.933 I/FocusResolver( 1748): updateFocusedWindow,  on display 0, reason: NO_WINDOW, result:   FocusedWindows: <none>
01-23 00:13:47.934 I/DispPerfService(  966): updateLayerMask 0
01-23 00:13:47.940 D/OplusMirageWindowManagerService( 1748): onTaskRemoved displayid:0 taskId:11663 callers:com.android.server.wm.MirageWindowManagerExtImpl.onTaskRemoved:47 com.android.server.wm.TaskDisplayArea.removeChildTask:398 com.android.server.wm.TaskDisplayArea.removeChild:387 com.android.server.wm.WindowContainer.removeImmediately:891 com.android.server.wm.TaskFragment.removeImmediately:2904 
01-23 00:13:47.941 I/OplusScreenSecurityMask( 1748): onStackRemoved task = Task{b8c6fa8 #11663 type=standard A=10851:com.wholexale.app.staging U=0 visible=false visibleRequested=false mode=fullscreen translucent=true sz=0} record = null displayId = 0
01-23 00:13:47.941 D/OplusAlwaysAliveManager( 1748): removing: 11663, ComponentInfo{com.wholexale.app.staging/com.wholexale.app.MainActivity}
01-23 00:13:47.941 D/TaskFragmentExtImpl( 1748): remove ActivityRecord{e19069a u0 com.wholexale.app.staging/com.wholexale.app.MainActivity} t-1 f}} to mActivityRecordSum = Counter{ }
01-23 00:13:47.942 I/OplusHansManager ( 1748): front pkg: com.android.launcher, uid: 10106, prev pkg: com.wholexale.app.staging, prev uid: 10851
01-23 00:13:47.943 I/OplusHansManager ( 1748): notifyAppGoForeground, uid=10106
01-23 00:13:47.943 I/OplusHansManager ( 1748): notifyAppGoBackground, uid=10851
01-23 00:13:47.943 D/OplusUIFirst_FB( 1748): com.android.launcher activity event: []
01-23 00:13:47.943 D/OplusUIFirst_FB( 1748): List of ThreadOp: size=0 []
01-23 00:13:47.943 D/OplusUIFirst_FB( 1748): handleParaSwitch com.android.launcher null null 1
01-23 00:13:47.943 I/Osense-DecisionMaker( 1748): notifySceneToAthenaPolicy: SCENE_LAUNCHER, bundle: Bundle[{prevPkgName=com.wholexale.app.staging, curUid=10106, curPkgName=com.android.launcher, prevUid=10851}]
01-23 00:13:47.943 I/OplusResourcePreloadManager( 1748): resume pkg: com.android.launcher, uid:10106, prev pkg: com.wholexale.app.staging, prev uid: 10851
01-23 00:13:47.943 D/Osense-DecisionMaker( 1748): getCurrentSysStats, availmemMb: 2621
01-23 00:13:47.943 D/Osense-DecisionMaker( 1748): getCurrentSysStats, availmemMb: 2621
01-23 00:13:47.944 D/Osense-DecisionMaker( 1748): getCurrentSysStats, availmemMb: 2621
01-23 00:13:47.944 D/Osense-DecisionMaker( 1748): getCurrentSysStats, availmemMb: 2621
01-23 00:13:47.944 D/VRI[Launcher]( 2623): dispatchAppVisibility visible:true
01-23 00:13:47.944 D/VRI[Launcher](12190): dispatchAppVisibility visible:true
01-23 00:13:47.946 I/OplusJoystickManager( 1748): handleApplicationSwitch deprecated!
01-23 00:13:47.947 I/PowerHalWrapper( 1748): amsBoostNotify pid:2623,activity:com.android.launcher.Launcher, package:com.android.launcher, mProcessCreatePackcom.wholexale.app.staging 
01-23 00:13:47.947 I/PowerHalWrapper( 1748): state: 1 
01-23 00:13:47.947 D/Layer   (  966): reparent to null sequence=26995, seq[7], name=com.wholexale.app.staging/com.wholexale.app.MainActivity#26995
01-23 00:13:47.947 D/Layer   (  966): reparent to null sequence=26994, seq[7], name=698b657 com.wholexale.app.staging/com.wholexale.app.MainActivity#26994
01-23 00:13:47.947 I/mtkpower_client( 1748): [Legacy][PowerHal_Wrap_notifyAppState] com.android.launcher/com.android.launcher.Launcher pid=2623 state:1
01-23 00:13:47.947 I/game_scn( 1748): collectForegroundAppList packName=com.android.launcher, actName=com.android.launcher.Launcher, pid=2623, uid=10106, state:RESUMED
01-23 00:13:47.947 D/Layer   (  966): reparent to null sequence=26999, seq[113], name=Surface(name=48c0b3 InputMethod)/@0xce4cde9 - animation-leash of insets_animation#26999
01-23 00:13:47.947 I/PowerHalWrapper( 1748): amsBoostNotify AMS_BOOST_PROCESS_CREATE_BOOST:true 
01-23 00:13:47.947 D/ActivityTaskManager( 1748): onWindowFocusChanged Task{d4f2fea #6 type=home I=com.android.launcher/.Launcher U=0 rootTaskId=1 visible=true visibleRequested=true mode=fullscreen translucent=true sz=1} would transfer to compact
01-23 00:13:47.948 I/InputDispatcher( 1748): setFocusedApplication displayId=0 ActivityRecord{a1e8fdf u0 com.android.launcher/.Launcher} t6}
01-23 00:13:47.948 I/libPowerHal(  859): [perfNotifyAppState] foreground:com.android.launcher, pid:2623, uid:10106
01-23 00:13:47.948 D/OplusLayer(  966): ~Layer() sequence=26994, name=698b657 com.wholexale.app.staging/com.wholexale.app.MainActivity#26994
01-23 00:13:47.948 E/UxUtility(  859): notifyAppState error = NULL
01-23 00:13:47.948 I/TouchUtility(  859): notifyAppState error = NULL
01-23 00:13:47.948 I/mtkpower@impl(  859): [notifyAppState] pc:0, com.wholexale.app.staging => com.android.launcher
01-23 00:13:47.949 D/OplusAppSwitchListener( 1748): Detect com.wholexale.app.staging switch to background
01-23 00:13:47.949 D/OplusEapManager( 1748): mTargetExitName :com.wholexale.app.staging
01-23 00:13:47.949 V/DCSEX-AppSwitchManager( 1748): OnAppSwitchObserver: onAppExit, resuming = com.android.launcher, target = com.wholexale.app.staging, is ResumingFirstStart =  false, is ResumingMultiApp =  false, extensionInfo =  Bundle[{taskId=6, uid=10106}]
01-23 00:13:47.950 D/VRR [OPlusFrontAppManager]( 1748): OnAppSwitchObserver: onAppExit , info.targetName = com.wholexale.app.staging
01-23 00:13:47.950 D/VRR [OPlusFrontAppManager]( 1748): packageName: null
01-23 00:13:47.950 I/mtkpower_client( 1748): perf_lock_rel, hdl:69316, tid:2280
01-23 00:13:47.950 I/mtkpower_client( 1748): perf_lock_acq, hdl:69316, dur:0, num:10, tid:2280
01-23 00:13:47.951 I/mtkpower@impl(  859): [check_work_req] i:0, msg:1 hdl:69316, wait
01-23 00:13:47.951 I/libPowerHal(  859): [perfLockRel] hdl:69316, idx:0
01-23 00:13:47.951 I/libPowerHal(  859): [PD] system_server update cmd:2004100 param:2
01-23 00:13:47.952 D/DCSEX-AppLaunchEventRecorder( 1748): onAppSwitch from = com.wholexale.app.staging to = com.android.launcher
01-23 00:13:47.952 D/DCSEX-AppLaunchEventRecorder( 1748): recordExitApp = com.wholexale.app.staging
01-23 00:13:47.953 I/mtkpower_client( 1748): ret_hdl:69317
01-23 00:13:47.954 I/libPowerHal(  859): system_server: cpu_ctrl set cpu freq: 2000000 -1 2200000 -1
01-23 00:13:47.954 D/VRR [OPlusRefreshRateService]( 1748): handleFrontAppChange pkgName: null
01-23 00:13:47.954 D/VRR [OPlusExternalRefreshRateManager]( 1748): setFrontPackageName pkgName: null CurPkgName: com.wholexale.app.staging
01-23 00:13:47.954 D/TaskFragmentExtImpl( 1748): addColorModeOnResume resume=true pkg = com.android.launcher
01-23 00:13:47.955 D/VRI[Launcher]( 2623): setWindowStopped stopped:false
01-23 00:13:47.956 D/OplusAppSwitchListener( 1748): Detect com.android.launcher switch to foreground
01-23 00:13:47.956 D/OplusEapManager( 1748): mTargetEnterName :com.android.launcher
01-23 00:13:47.956 D/OplusLatencyOptimizerManager( 1748): enter pkg: com.android.launcher isPrevBlackAppTop: false mIsBlackAppTop: false
01-23 00:13:47.956 V/DCSEX-AppSwitchManager( 1748): OnAppSwitchObserver: onAppEnter, launchedFrom =  null, target =  com.android.launcher, is firstStart =  false, is multiApp =  false, extensionInfo =  Bundle[{taskId=6, pid=2623, uid=10106, versionCode=13000051}]
01-23 00:13:47.956 D/VRR [OPlusFrontAppManager]( 1748): OnAppSwitchObserver: onAppEnter , info.targetName = com.android.launcher
01-23 00:13:47.956 D/VRR [OPlusFrontAppManager]( 1748): packageName: com.android.launcher
01-23 00:13:47.956 D/VRR [OPlusRefreshRateService]( 1748): handleFrontAppChange pkgName: com.android.launcher
01-23 00:13:47.956 D/VRR [OPlusExternalRefreshRateManager]( 1748): setFrontPackageName pkgName: com.android.launcher CurPkgName: null
01-23 00:13:47.957 E/Athena  ( 1748): MemoryGuardAction: handleAppChange
01-23 00:13:47.959 I/Athena  ( 2605): AthenaDynamicReceiver: pre_app:com.wholexale.app.staging, next_app:com.android.launcher(10106|2623)
01-23 00:13:47.960 D/LauncherClient( 2623): getThreadPriority 0
01-23 00:13:47.962 D/OplusUIFirst_FB( 1748): com.android.launcher moveToTop:[]
01-23 00:13:47.962 D/OplusUIFirst_FB( 1748): List of ThreadOp: size=0 []
01-23 00:13:47.962 D/OplusUIFirst_FB( 1748): com.android.launcher boost hint: 2623
01-23 00:13:47.962 D/OplusUIFirst_FB( 1748): handleParaSwitch com.android.launcher null null 0
01-23 00:13:47.962 E/OplusThermalStats( 1748): Error getting package info: com.android.launcher
01-23 00:13:47.963 D/OplusUIFirst_FB( 1748): com.android.launcher toForeOps: []
01-23 00:13:47.963 D/OplusUIFirst_FB( 1748): List of ThreadOp: size=0 []
01-23 00:13:47.963 W/Battery ( 4587): ThermalControlUtils: mForegroundPkg=com.android.launcher
01-23 00:13:47.963 D/Layer   (  966): reparent to null sequence=26985, seq[2], name=ActivityRecord{e19069a u0 com.wholexale.app.staging/com.wholexale.app.MainActivity}#26985
01-23 00:13:47.964 D/Layer   (  966): reparent to null sequence=26984, seq[5], name=Task=11663#26984
01-23 00:13:47.964 D/Layer   (  966): reparent to null sequence=27017, seq[2], name=Task=11663#27017
01-23 00:13:47.964 D/VRR [OPlusRefreshRateService]( 1748):  setFrameRateTargetControl [ 0.0 , com.wholexale.app.staging , false , com.oplus.battery ]
01-23 00:13:47.964 D/VRR [OPlusRefreshRateService]( 1748):  setFrameRateTargetControl from [0, 1000, android.uid.system:1000]
01-23 00:13:47.964 D/VRR [OPlusExternalRefreshRateManager]( 1748):  [FRTC] FrameRate : 0 com.wholexale.app.staging false com.oplus.battery 0 1000
01-23 00:13:47.964 D/OplusLayer(  966): ~Layer() sequence=26985, name=ActivityRecord{e19069a u0 com.wholexale.app.staging/com.wholexale.app.MainActivity}#26985
01-23 00:13:47.964 D/OplusLayer(  966): ~Layer() sequence=26993, name=5c6ebcb ActivityRecordInputSink com.wholexale.app.staging/com.wholexale.app.MainActivity#26993
01-23 00:13:47.964 E/OplusTrack-ApkInfoUtil( 1748): java.lang.NullPointerException: Attempt to invoke virtual method 'java.lang.Object android.os.Bundle.get(java.lang.String)' on a null object reference
01-23 00:13:47.964 D/OplusLayer(  966): ~Layer() sequence=27017, name=Task=11663#27017
01-23 00:13:47.964 W/System.err( 1748): java.lang.NullPointerException: Attempt to invoke virtual method 'java.lang.Object android.os.Bundle.get(java.lang.String)' on a null object reference
01-23 00:13:47.966 D/OplusAtlas.OplusAtlasEventDispatch( 3300): setEvent:atlas_event_on_foreground_activities_changed info:pid:2623,uid:10106,hasForegroundActivities:1
01-23 00:13:47.967 D/OplusUIFirst_FB( 1748): com.google.android.googlequicksearchbox toForeOps: []
01-23 00:13:47.967 D/OplusUIFirst_FB( 1748): List of ThreadOp: size=0 []
01-23 00:13:47.967 V/DeepThinker( 5470): ProcessManager: onForegroundActivitiesChanged pid:2623, uid:10106, foregroundActivities:true
01-23 00:13:47.967 D/OplusAtlas.OplusAudioScene( 3300): callback success event:atlas_event_on_foreground_activities_changed eventInfo:pid:2623,uid:10106,hasForegroundActivities:1
01-23 00:13:47.967 D/OplusAtlas.OplusMessageHandler( 3300): handleMessage: Msg { when=0 what=2 obj=com.oplus.atlas.OplusAtlasEvent@a0a6099 target=com.oplus.atlas.OplusMessageHandler$MyHandler }
01-23 00:13:47.967 D/OplusUIFirst_FB( 1748): com.google.android.adservices.api toForeOps: []
01-23 00:13:47.967 D/OplusUIFirst_FB( 1748): List of ThreadOp: size=0 []
01-23 00:13:47.968 W/Battery ( 4587): ThermalControllHandler: tempLevel=6,userMode=3,gameUserMode=7,appType=-1,envTempType=1,appStates=[],appSwitchSafetyMode=false
01-23 00:13:47.968 W/Battery ( 4587): ThermalControllerCenter: mSafetyState=10000
01-23 00:13:47.968 D/VRR [OPlusSurfaceFlingerController]( 1748):  add frtc FrameRate : 0 com.wholexale.app.staging false com.oplus.battery
01-23 00:13:47.968 I/VRR [FRTC](  966): setFrameRateTarget with [0, com.wholexale.app.staging, 0, com.oplus.battery, 1, 0, 1000]
01-23 00:13:47.968 W/VRR [FRTC](  966): invalid param { fps 0, proc_name com.wholexale.app.staging, strict_mode 0, description com.oplus.battery, proc_id 0, rate_status 0, backend Surface, version 1, pid 0, uid 1000, enable at 2026-01-23 00:13:47, disable waiting } for current status.
01-23 00:13:47.968 W/VRR [FRTC](  966): CurrentTarget size 0:
01-23 00:13:47.970 W/Battery ( 4587): ThermalControllHandler: tempGear=6,configItemName=common_config
01-23 00:13:47.970 D/OplusUIFirst_FB( 1748): com.coloros.assistantscreen toForeOps: []
01-23 00:13:47.970 D/OplusUIFirst_FB( 1748): List of ThreadOp: size=0 []
01-23 00:13:47.971 D/OplusBatteryServiceFeature( 1748): setSmartCoolDown: coolDown = 5, normalCoolDown = 5, pkgName = com.android.launcher
01-23 00:13:47.971 D/vendor.oplus.hardware.charger@1.0-service(  897): set cooldown:5,  normalCoolDown:5
01-23 00:13:47.972 I/ClientCache(  966): removeProcess: Cache owner=0xb4000070282d6bc0
01-23 00:13:47.973 D/DisplayManagerService( 1748): Display listener for pid 10412 died.
01-23 00:13:47.973 W/Battery ( 4587): ThermalControllHandler: MSG_THERMAL_CONTROL_CATEGORY_CHANGED
01-23 00:13:47.973 V/WindowManager( 1748): Relayout Window{64337ed u0 com.android.launcher/com.android.launcher.Launcher}: viewVisibility=0, oldvis=8, req=1080x2400
01-23 00:13:47.974 I/SurfaceFlinger(  966): [SF client] REMOVE (0xb400007052ea2340) for (10412:com.wholexale.app.staging)
01-23 00:13:47.974 I/SurfaceFlinger(  966): [SF client] REMOVE (0xb40000701ffa7300) for (10412:com.wholexale.app.staging)
01-23 00:13:47.974 I/BufferQueueDebug(  966): [com.android.launcher/com.android.launcher.Launcher#27018](this:0xb40000701df4f9e8,id:-1,api:0,p:-1,c:-1) BufferQueue core=(966:/system/bin/surfaceflinger)
01-23 00:13:47.979 V/WindowManager( 1748): Relayout Window{578cf9b u0 com.android.launcher/com.android.launcher.Launcher}: viewVisibility=0, oldvis=8, req=1080x2400
01-23 00:13:47.980 I/BufferQueueDebug(  966): [com.android.launcher/com.android.launcher.Launcher#27019](this:0xb4000070201f99e8,id:-1,api:0,p:-1,c:-1) BufferQueue core=(966:/system/bin/surfaceflinger)
01-23 00:13:47.980 D/OplusLayer(  966): ~Layer() sequence=26999, name=Surface(name=48c0b3 InputMethod)/@0xce4cde9 - animation-leash of insets_animation#26999
01-23 00:13:47.980 E/BpTransactionCompletedListener(  966): Failed to transact (-32)
01-23 00:13:47.980 I/BufferQueueDebug(  966): [com.wholexale.app.staging/com.wholexale.app.MainActivity#26995](this:0xb4000070202ad9e8,id:-1,api:0,p:-1,c:966) onDestructor()
01-23 00:13:47.980 D/OplusLayer(  966): ~Layer() sequence=26995, name=com.wholexale.app.staging/com.wholexale.app.MainActivity#26995
01-23 00:13:47.981 D/[OSIE]  (  966): scltmLayer_name VRI[Launcher][com.android.launcher/com.android.launcher.Launcher]
01-23 00:13:47.981 D/[OSIE]  (  966): IsSCLTMLayer=0 
01-23 00:13:47.981 D/BufferQueueConsumer(12190): [](id:2f9e00000068,api:0,p:-1,c:12190) connect: controlledByApp=false
01-23 00:13:47.981 E/IPCThreadState(12190): attemptIncStrongHandle(135): Not supported
01-23 00:13:47.983 I/Zygote  (  819): Process 10412 exited due to signal 9 (Killed)
01-23 00:13:47.984 I/boun    (12190): (REDACTED) onApplyWindowInsets: systemWindowInsets=%s
01-23 00:13:47.984 I/boun    (12190): (REDACTED) onApplyWindowInsets: systemWindowInsets=%s
01-23 00:13:47.986 D/VRI[Launcher](12190): registerCallbacksForSync syncBuffer=false
01-23 00:13:47.989 V/WindowManager( 1748): Changing focus from null to Window{578cf9b u0 com.android.launcher/com.android.launcher.Launcher},diplayid=0
01-23 00:13:47.990 W/System.err( 1748): 	at t6.a.a(ApkInfoUtil.java:6)
01-23 00:13:47.990 W/System.err( 1748): 	at m6.b.<init>(TrackEvent.java:10)
01-23 00:13:47.990 W/System.err( 1748): 	at m6.a.<init>(CommonBean.java:1)
01-23 00:13:47.990 W/System.err( 1748): 	at k6.f.b(OplusTrack.java:1)
01-23 00:13:47.990 W/System.err( 1748): 	at q6.b$c.d(AppLaunchEventRecorder.java:9)
01-23 00:13:47.990 W/System.err( 1748): 	at q6.b$c.a(AppLaunchEventRecorder.java:7)
01-23 00:13:47.990 W/System.err( 1748): 	at q6.a.b(Unknown Source:2)
01-23 00:13:47.990 W/System.err( 1748): 	at n6.c.accept(Unknown Source:1)
01-23 00:13:47.990 W/System.err( 1748): 	at java.util.concurrent.CopyOnWriteArrayList.forEach(CopyOnWriteArrayList.java:895)
01-23 00:13:47.990 W/System.err( 1748): 	at n6.b.run(Unknown Source:1)
01-23 00:13:47.990 W/System.err( 1748): 	at java.util.concurrent.ThreadPoolExecutor.runWorker(ThreadPoolExecutor.java:1154)
01-23 00:13:47.990 W/System.err( 1748): 	at java.util.concurrent.ThreadPoolExecutor$Worker.run(ThreadPoolExecutor.java:652)
01-23 00:13:47.990 W/System.err( 1748): 	at java.lang.Thread.run(Thread.java:1563)
01-23 00:13:47.990 W/OplusTrack-TrackEvent( 1748): appId is empty
01-23 00:13:47.996 D/Theia.NoFocusWindow( 1748): FocusWindowErrorScene cancelCheckFreezeScreen
01-23 00:13:47.998 D/[OSIE]  (  966): scltmLayer_name VRI[Launcher][com.android.launcher/com.android.launcher.Launcher]
01-23 00:13:47.999 D/[OSIE]  (  966): IsSCLTMLayer=0 
01-23 00:13:47.999 D/BufferQueueConsumer( 2623): [](id:a3f00000283,api:0,p:-1,c:2623) connect: controlledByApp=false
01-23 00:13:47.999 E/IPCThreadState( 2623): attemptIncStrongHandle(127): Not supported
01-23 00:13:48.001 D/VRI[Launcher]( 2623): registerCallbacksForSync syncBuffer=false
01-23 00:13:48.001 V/WindowManager( 1748): Unknown focus tokens, dropping reportFocusChanged
01-23 00:13:48.001 D/BLASTBufferQueue(12190): [VRI[Launcher][com.android.launcher/com.android.launcher.Launcher]#104](f:0,a:1) acquireNextBufferLocked size=1080x2400 mFrameNumber=1 applyTransaction=true mTimestamp=102698921888582(auto) mPendingTransactions.size=0 graphicBufferId=52355651338740 transform=0
01-23 00:13:48.002 D/VRI[Launcher](12190): Received frameCommittedCallback lastAttemptedDrawFrameNum=1 didProduceBuffer=true syncBuffer=false
01-23 00:13:48.003 D/VRI[Launcher](12190): draw finished.
01-23 00:13:48.003 D/BufferStateLayer(  966): com.android.launcher/com.android.launcher.Launcher#27018 setBuffer frameId=1, bufferId=52355651338740 fenceId=363, w= 1080, h=2400
01-23 00:13:48.003 D/OplusLayer(  966): (27018,com.android.launcher/com.android.launcher.Launcher#27018,com.google.android.googlequicksearchbox:googleapp) setBuffer
01-23 00:13:48.003 I/bpas    (12190): onStart
01-23 00:13:48.004 D/BtGatt.ScanManager( 3256): uid 10128 isForeground true scanMode 1
01-23 00:13:48.005 I/OplusCustomScanStrategy( 3256): msg.what = 6
01-23 00:13:48.005 I/bmyl    (12190): (REDACTED) [%s] onStart()
01-23 00:13:48.006 I/bnaq    (12190): Reloading theme data
01-23 00:13:48.006 W/ActivityManager( 1748): Invalid packageName: com.wholexale.app.staging
01-23 00:13:48.008 I/bpas    (12190): onResume
01-23 00:13:48.008 D/CarrierSvcBindHelper( 2568): onHandleForceStop: [com.wholexale.app.staging]
01-23 00:13:48.009 V/ActivityManager( 1748): Got obituary of 10412:com.wholexale.app.staging
01-23 00:13:48.013 D/Layer   (  966): reparent to null sequence=27012, seq[1], name=Surface(name=36bcf5d StatusBar)/@0xe761cc2 - animation-leash of insets_animation#27012
01-23 00:13:48.013 D/Layer   (  966): reparent to null sequence=27013, seq[2], name=Surface(name=209d612 NavigationBar0)/@0x85ef509 - animation-leash of insets_animation#27013
01-23 00:13:48.014 D/OplusLayer(  966): ~Layer() sequence=27012, name=Surface(name=36bcf5d StatusBar)/@0xe761cc2 - animation-leash of insets_animation#27012
01-23 00:13:48.014 D/OplusLayer(  966): ~Layer() sequence=27013, name=Surface(name=209d612 NavigationBar0)/@0x85ef509 - animation-leash of insets_animation#27013
01-23 00:13:48.018 W/ActivityManager( 1748): setHasOverlayUi called on unknown pid: 10412
01-23 00:13:48.019 D/CarrierSvcBindHelper( 2568): No carrier app for: 0
01-23 00:13:48.019 D/CarrierSvcBindHelper( 2568): No carrier app for: 1
01-23 00:13:48.024 D/DistributedDeviceService( 1748): android.intent.action.PACKAGE_RESTARTED
01-23 00:13:48.026 D/BLASTBufferQueue( 2623): [VRI[Launcher][com.android.launcher/com.android.launcher.Launcher]#601](f:0,a:1) acquireNextBufferLocked size=1080x2400 mFrameNumber=1 applyTransaction=true mTimestamp=102698946754428(auto) mPendingTransactions.size=0 graphicBufferId=11265699222808 transform=0
01-23 00:13:48.027 D/VRI[Launcher]( 2623): Received frameCommittedCallback lastAttemptedDrawFrameNum=1 didProduceBuffer=true syncBuffer=false
01-23 00:13:48.027 D/VRI[Launcher]( 2623): draw finished.
01-23 00:13:48.030 D/BufferStateLayer(  966): com.android.launcher/com.android.launcher.Launcher#27019 setBuffer frameId=1, bufferId=11265699222808 fenceId=387, w= 1080, h=2400
01-23 00:13:48.030 D/OplusLayer(  966): (27019,com.android.launcher/com.android.launcher.Launcher#27019,com.android.launcher) setBuffer
01-23 00:13:48.034 D/WindowManager( 1748): finishDrawingWindow: Window{64337ed u0 com.android.launcher/com.android.launcher.Launcher} mDrawState=DRAW_PENDING
01-23 00:13:48.035 V/ShellTaskOrganizer( 2225): Task vanished taskId=11663
01-23 00:13:48.033 W/libc    (27464): Access denied finding property "vendor.gsm.serial"
01-23 00:13:48.038 D/OplusAppListInterceptManager( 1748): shouldFilterTask
01-23 00:13:48.038 D/OplusAppListInterceptManager( 1748): shouldFilterTask::packageName = com.wholexale.app.staging
01-23 00:13:48.038 D/OplusAppListInterceptManager( 1748): shouldFilterTask
01-23 00:13:48.038 D/OplusAppListInterceptManager( 1748): shouldFilterTask::packageName = com.twitter.android
01-23 00:13:48.039 D/OplusAppListInterceptManager( 1748): shouldFilterTask
01-23 00:13:48.039 D/OplusAppListInterceptManager( 1748): shouldFilterTask::packageName = com.whatsapp
01-23 00:13:48.039 D/OplusAppListInterceptManager( 1748): shouldFilterTask
01-23 00:13:48.039 V/ListServiceUtils( 1748): checkInListByUid start module:custom-icc uid:1000  time 102698959523us
01-23 00:13:48.039 D/OplusAppListInterceptManager( 1748): shouldFilterTask::packageName = com.cricbuzz.android
01-23 00:13:48.039 V/ListServiceUtils( 1748): checkInListByUid end module:custom-icc uid:1000  time 102698960504us
01-23 00:13:48.039 D/ListServiceUtils( 1748): checkInListByUid module:custom-icc uid:1000 cost 981us return 0
01-23 00:13:48.039 D/MMListService( 1164): getListValueByUid module:image-processing, uid:1000
01-23 00:13:48.040 V/ListServiceUtils( 1748): checkInListByUid module:image-processing uid:1000 cost 182us return (null)
01-23 00:13:48.040 V/JpegEncoderExtImpl( 1748): Resolution: 1080 x 2400,support: 0;
01-23 00:13:48.040 D/WindowManager( 1748): finishDrawingWindow: Window{578cf9b u0 com.android.launcher/com.android.launcher.Launcher} mDrawState=DRAW_PENDING
01-23 00:13:48.041 D/OplusWallpaperServiceHelper( 2357): isNightMode is true
01-23 00:13:48.041 I/OplusWallpaperServiceHelper( 2357): getDarkModeWallpaperWindowAlpha. nightMode = true
01-23 00:13:48.048 D/OplusLayer(  966): ~Layer() sequence=26978, name=Surface(name=48c0b3 InputMethod)/@0xce4cde9 - animation-leash of insets_animation#26978
01-23 00:13:48.049 I/DispPerfService(  966): updateLayerMask 8
01-23 00:13:48.052 I/WindowStateExtImpl( 1748): onSurfaceShowChange show = true mPackageName = com.android.launcher parentPkgName = com.android.launcher
01-23 00:13:48.054 V/WindowManager( 1748): Relayout Window{abc8ea5 u0 com.android.wallpaper.livepicker.service.smoke.Smoke0WallpaperService}: viewVisibility=0, oldvis=0, req=-1x-1
01-23 00:13:48.056 W/libc    (27464): Access denied finding property "vendor.gsm.serial"
01-23 00:13:48.059 D/OplusAppListInterceptManager( 1748): shouldFilterTask
01-23 00:13:48.059 D/OplusAppListInterceptManager( 1748): shouldFilterTask::packageName = com.wholexale.app.staging
01-23 00:13:48.059 D/OplusAppListInterceptManager( 1748): shouldFilterTask
01-23 00:13:48.059 D/OplusAppListInterceptManager( 1748): shouldFilterTask::packageName = com.twitter.android
01-23 00:13:48.059 D/OplusAppListInterceptManager( 1748): shouldFilterTask
01-23 00:13:48.059 D/OplusAppListInterceptManager( 1748): shouldFilterTask::packageName = com.whatsapp
01-23 00:13:48.059 D/OplusAppListInterceptManager( 1748): shouldFilterTask
01-23 00:13:48.059 D/OplusAppListInterceptManager( 1748): shouldFilterTask::packageName = com.cricbuzz.android
01-23 00:13:48.061 D/BoundBrokerSvc(24720): onBind: Intent { act=com.google.android.gms.inappreach.service.START dat=chimera-action:/... cmp=com.google.android.gms/.chimera.GmsApiService }
01-23 00:13:48.061 D/BoundBrokerSvc(24720): Loading bound service for intent: Intent { act=com.google.android.gms.inappreach.service.START dat=chimera-action:/... cmp=com.google.android.gms/.chimera.GmsApiService }
01-23 00:13:48.062 I/PowerHalWrapper( 1748): amsBoostStop AMS_BOOST_PACK_SWITCH:false, AMS_BOOST_ACT_SWITCH:false, AMS_BOOST_PROCESS_CREATE:false 
01-23 00:13:48.065 I/DispPerfService(  966): updateLayerMask 9
01-23 00:13:48.066 I/FocusResolver( 1748): updateFocusedWindow, 578cf9b com.android.launcher/com.android.launcher.Launcher on display 0, reason: Window became focusable. Previous reason: NOT_VISIBLE, result:   FocusedWindows:
01-23 00:13:48.066 I/FocusResolver( 1748):     displayId=0, name='578cf9b com.android.launcher/com.android.launcher.Launcher'
01-23 00:13:48.067 D/VRI[Launcher]( 2623): onFocusEvent true
01-23 00:13:48.069 D/WCGWindowSurfaceFactory( 2357): mIsSupportWCG false
01-23 00:13:48.070 D/InputMethodManagerService( 1748): isSecurity: attribute.packageName=com.android.launcher mCurMethodId=com.google.android.inputmethod.latin/com.android.inputmethod.latin.LatinIME
01-23 00:13:48.070 D/InputMethodManagerService( 1748): isSecurity= false (  enable=false needShow=false inBlackList=false isExist=true )
01-23 00:13:48.078 W/libc    (27464): Access denied finding property "vendor.gsm.serial"
01-23 00:13:48.080 D/skia    ( 2357): SkJpegCodec::onGetPixels +
01-23 00:13:48.081 I/GoogleInputMethodService(12290): GoogleInputMethodService.onFinishInput():2099 
01-23 00:13:48.082 I/Module  (12290): DeviceLockedStatusModuleProvider$Module.updateDeviceLockedStatus():103 repeatCheckTimes = 0, locked = false
01-23 00:13:48.083 I/GoogleInputMethodService(12290): GoogleInputMethodService.onStartInput():1371 onStartInput(EditorInfo{EditorInfo{packageName=com.android.launcher, inputType=0, inputTypeString=NULL, enableLearning=false, autoCorrection=false, autoComplete=false, imeOptions=0, privateImeOptions=null, actionName=UNSPECIFIED, actionLabel=null, initialSelStart=-1, initialSelEnd=-1, initialCapsMode=0, label=null, fieldId=-1, fieldName=null, extras=Bundle[{com.oplus.im.SCENES=0}], hintText=null, hintLocales=[]}}, false)
01-23 00:13:48.084 I/Module  (12290): DeviceLockedStatusModuleProvider$Module.updateDeviceLockedStatus():103 repeatCheckTimes = 1, locked = false
01-23 00:13:48.086 D/InputMethodManagerService( 1748): onHandleImeWindowVisibleStatus: vis = 0, needsToShowImeSwitcher = false
01-23 00:13:48.088 D/TapHttp.CallTrackHelper 18230(27464): callStart:https://dc-stat-in.heytapmobile.com/v1/stat/osLaunch?appid=21000&logtag=0&nonce=2271&timestamp=1769107428&sign=5fb12ff9364dfb011004a1f2037fd779 connectMode:TCP reUseMode:ALL isZeroRtt:true
01-23 00:13:48.089 V/TapHttp.StatRateHelper(27464): ignore record by sample ratio is 1
01-23 00:13:48.089 D/TapHttp.CallTrackHelper 18230(27464): newSteam:https://dc-stat-in.heytapmobile.com/v1/stat/osLaunch?appid=21000&logtag=0&nonce=2271&timestamp=1769107428&sign=5fb12ff9364dfb011004a1f2037fd779
01-23 00:13:48.089 D/TapHttp.Event Dispatcher(27464): dns start
01-23 00:13:48.095 D/Layer   (  966): reparent to null sequence=27016, seq[2], name=Surface(name=48c0b3 InputMethod)/@0xce4cde9 - animation-leash of insets_animation#27016
01-23 00:13:48.099 D/TapHttp.CallTrackHelper 18230(27464): dnsStart https://dc-stat-in.heytapmobile.com/v1/stat/osLaunch?appid=21000&logtag=0&nonce=2271&timestamp=1769107428&sign=5fb12ff9364dfb011004a1f2037fd779
01-23 00:13:48.099 D/TapHttp.RealDnsInterceptor(27464): start use default local dns lookup dc-stat-in.heytapmobile.com
01-23 00:13:48.102 W/Bitmap  ( 1748): Called getWidth() on a recycle()'d bitmap! This is undefined behavior!
01-23 00:13:48.102 W/Bitmap  ( 1748): Called getHeight() on a recycle()'d bitmap! This is undefined behavior!
01-23 00:13:48.103 D/TapHttp.RealDnsInterceptor(27464): use default local dns lookup dc-stat-in.heytapmobile.com:IpInfo(host='dc-stat-in.heytapmobile.com', dnsType=0, ttl=0, carrier=, ip='', port=0, weight=0, dnUnitSet=, failCount=0, failTime=0, failMsg=, expire=1769107428103)
01-23 00:13:48.103 D/TapHttp.RealDnsInterceptor(27464): use default local dns lookup dc-stat-in.heytapmobile.com:IpInfo(host='dc-stat-in.heytapmobile.com', dnsType=0, ttl=0, carrier=, ip='', port=0, weight=0, dnUnitSet=, failCount=0, failTime=0, failMsg=, expire=1769107428103)
01-23 00:13:48.103 D/TapHttp.WrapperInterceptor(27464): result ip list is [IpInfo(host='dc-stat-in.heytapmobile.com', dnsType=0, ttl=0, carrier=, ip='', port=0, weight=0, dnUnitSet=, failCount=0, failTime=0, failMsg=, expire=1769107428103), IpInfo(host='dc-stat-in.heytapmobile.com', dnsType=0, ttl=0, carrier=, ip='', port=0, weight=0, dnUnitSet=, failCount=0, failTime=0, failMsg=, expire=1769107428103)]
01-23 00:13:48.103 D/TapHttp.CallTrackHelper 18230(27464): dnsEnd https://dc-stat-in.heytapmobile.com/v1/stat/osLaunch?appid=21000&logtag=0&nonce=2271&timestamp=1769107428&sign=5fb12ff9364dfb011004a1f2037fd779
01-23 00:13:48.103 D/TapHttp.CallTrackHelper 18230(27464): connect_protocol =tcp_tcp connectTimeout=10000 retryCount=0  route=Route{dc-stat-in.heytapmobile.com/129.227.29.67:443}
01-23 00:13:48.103 D/TapHttp.Event Dispatcher(27464): connect start: 129.227.29.67
01-23 00:13:48.103 D/TapHttp.CallTrackHelper 18230(27464): connectStart https://dc-stat-in.heytapmobile.com/v1/stat/osLaunch?appid=21000&logtag=0&nonce=2271&timestamp=1769107428&sign=5fb12ff9364dfb011004a1f2037fd779
01-23 00:13:48.103 D/NetworkEvent( 2614): OplusNetworkEventCbProxy invoke.....onDnsEvent argslen:8
01-23 00:13:48.137 D/skia    ( 2357): SkJpegCodec::onGetPixels -
01-23 00:13:48.140 V/ListServiceUtils( 1748): checkInListByUid start module:custom-icc uid:1000  time 102699061050us
01-23 00:13:48.140 V/ListServiceUtils( 1748): checkInListByUid end module:custom-icc uid:1000  time 102699061349us
01-23 00:13:48.140 D/ListServiceUtils( 1748): checkInListByUid module:custom-icc uid:1000 cost 298us return 0
01-23 00:13:48.140 D/MMListService( 1164): getListValueByUid module:image-processing, uid:1000
01-23 00:13:48.140 V/ListServiceUtils( 1748): checkInListByUid module:image-processing uid:1000 cost 112us return (null)
01-23 00:13:48.140 V/JpegEncoderExtImpl( 1748): Resolution: 540 x 1200,support: 0;
01-23 00:13:48.151 D/WM-DelayedWorkTracker(31220): Scheduling work 72e03ea6-3797-4dd6-a140-bd225ea2fd71
01-23 00:13:48.151 D/WM-GreedyScheduler(31220): Starting tracking for 72e03ea6-3797-4dd6-a140-bd225ea2fd71
01-23 00:13:48.152 D/WM-DelayedWorkTracker(31220): Scheduling work a15cbdc6-a06f-4c3a-ba36-63b436f820b8
01-23 00:13:48.152 D/WM-GreedyScheduler(31220): Starting tracking for a15cbdc6-a06f-4c3a-ba36-63b436f820b8
01-23 00:13:48.153 D/WM-ConstraintTracker(31220): nhe: initial state = true
01-23 00:13:48.153 D/WM-BrdcstRcvrCnstrntTrc(31220): nhe: registering receiver
01-23 00:13:48.154 I/WeatherS_WeatherServiceVersionUtils( 6851): serviceVersionCode16013000
01-23 00:13:48.156 D/WM-ConstraintTracker(31220): nhp: initial state = NetworkState(isConnected=true, isValidated=true, isMetered=false, isNotRoaming=true, isBlocked=false)
01-23 00:13:48.156 D/WM-NetworkStateTracker(31220): Registering network callback
01-23 00:13:48.157 I/WeatherS_WeatherServiceVersionUtils( 6851): serviceVersionCode16013000
01-23 00:13:48.158 D/ConnectivityService( 1748): requestNetwork for uid/pid:10136/31220 activeRequest: null callbackRequest: 16785 [NetworkRequest [ REQUEST id=16786, [ Capabilities: INTERNET&NOT_RESTRICTED&TRUSTED&NOT_VCN_MANAGED Uid: 10136 RequestorUid: 10136 RequestorPkg: com.google.android.googlequicksearchbox UnderlyingNetworks: Null] ]] callback flags: 0 order: 2147483647 isUidTracked: false declaredMethods: AVAIL|LOST|NC|BLK
01-23 00:13:48.159 D/WM-GreedyScheduler(31220): Constraints met: Scheduling work ID WorkGenerationalId(workSpecId=72e03ea6-3797-4dd6-a140-bd225ea2fd71, generation=1757)
01-23 00:13:48.159 D/WM-GreedyScheduler(31220): Constraints met: Scheduling work ID WorkGenerationalId(workSpecId=a15cbdc6-a06f-4c3a-ba36-63b436f820b8, generation=1757)
01-23 00:13:48.160 D/WM-Processor(31220): ndl: processing WorkGenerationalId(workSpecId=72e03ea6-3797-4dd6-a140-bd225ea2fd71, generation=1757)
01-23 00:13:48.160 D/WM-Processor(31220): ndl: processing WorkGenerationalId(workSpecId=a15cbdc6-a06f-4c3a-ba36-63b436f820b8, generation=1757)
01-23 00:13:48.161 D/WM-NetworkStateTracker(31220): Network capabilities changed: [ Transports: WIFI Capabilities: NOT_METERED&INTERNET&NOT_RESTRICTED&TRUSTED&NOT_VPN&VALIDATED&NOT_ROAMING&FOREGROUND&NOT_CONGESTED&NOT_SUSPENDED&NOT_VCN_MANAGED LinkUpBandwidth>=12000Kbps LinkDnBandwidth>=60000Kbps TransportInfo: <SSID: <unknown ssid>, BSSID: 02:00:00:00:00:00, MAC: 02:00:00:00:00:00, IP: /192.168.31.196, Security type: 2, Supplicant state: COMPLETED, Wi-Fi standard: 5, RSSI: -46, Link speed: 390Mbps, Tx Link speed: 390Mbps, Max Supported Tx Link speed: 433Mbps, Rx Link speed: 325Mbps, Max Supported Rx Link speed: 433Mbps, Frequency: 5785MHz, Net ID: -1, Metered hint: false, score: 60, isUsable: true, CarrierMerged: false, SubscriptionId: -1, IsPrimary: -1, Trusted: true, Restricted: false, Ephemeral: false, OEM paid: false, OEM private: false, OSU AP: false, FQDN: <none>, Provider friendly name: <none>, Requesting package name: <none><none>MLO Information: , AP MLD Address: <none>, AP MLO Link Id: <none>, AP MLO Affiliated links: <none>> SignalStrength: -46 UnderlyingNetworks: Null]
01-23 00:13:48.162 D/WM-NetworkStateTracker(31220): Network blocked status changed: false
01-23 00:13:48.163 D/WifiNetworkFactory( 1748): got request NetworkRequest [ REQUEST id=16786, [ Capabilities: INTERNET&NOT_RESTRICTED&TRUSTED&NOT_VCN_MANAGED Uid: 10136 RequestorUid: 10136 RequestorPkg: com.google.android.googlequicksearchbox UnderlyingNetworks: Null] ]
01-23 00:13:48.162 I/WeatherS_WeatherServiceVersionUtils( 6851): serviceVersionCode16013000
01-23 00:13:48.163 I/WeatherS_WeatherServiceVersionUtils( 6851): serviceVersionCode16013000
01-23 00:13:48.163 D/WM-WorkerWrapper(31220): Starting work for androidx.work.multiprocess.RemoteListenableDelegatingWorker
01-23 00:13:48.163 I/WeatherS_WeatherServiceVersionUtils( 6851): serviceVersionCode16013000
01-23 00:13:48.163 D/WM-ListenableWorkerImpl(31220): Binding to com.google.android.googlequicksearchbox, com.google.android.libraries.search.integrations.tiktok.RemoteWorkerService_googleapp
01-23 00:13:48.164 D/UntrustedWifiNetworkFactory( 1748): got request NetworkRequest [ REQUEST id=16786, [ Capabilities: INTERNET&NOT_RESTRICTED&TRUSTED&NOT_VCN_MANAGED Uid: 10136 RequestorUid: 10136 RequestorPkg: com.google.android.googlequicksearchbox UnderlyingNetworks: Null] ]
01-23 00:13:48.164 D/OemPaidWifiNetworkFactory( 1748): got request NetworkRequest [ REQUEST id=16786, [ Capabilities: INTERNET&NOT_RESTRICTED&TRUSTED&NOT_VCN_MANAGED Uid: 10136 RequestorUid: 10136 RequestorPkg: com.google.android.googlequicksearchbox UnderlyingNetworks: Null] ]
01-23 00:13:48.165 D/MultiInternetWifiNetworkFactory( 1748): got request NetworkRequest [ REQUEST id=16786, [ Capabilities: INTERNET&NOT_RESTRICTED&TRUSTED&NOT_VCN_MANAGED Uid: 10136 RequestorUid: 10136 RequestorPkg: com.google.android.googlequicksearchbox UnderlyingNetworks: Null] ]
01-23 00:13:48.166 D/ConnectivityService( 1748): NetReassign [16786 : null â†’ 114] [c 1] [a 2] [i 5]
01-23 00:13:48.166 I/WeatherS_WeatherServiceVersionUtils( 6851): serviceVersionCode16013000
01-23 00:13:48.172 I/WM-RemoteWorkerService(12190): Binding to RemoteWorkerService
01-23 00:13:48.173 D/WM-WorkerWrapper(31220): Starting work for androidx.work.multiprocess.RemoteListenableDelegatingWorker
01-23 00:13:48.173 D/WM-ListenableWorkerImpl(31220): Binding to com.google.android.googlequicksearchbox, com.google.android.libraries.search.integrations.tiktok.RemoteWorkerService_googleapp
01-23 00:13:48.179 D/WM-ListenableWorkerImpl(31220): Service connected
01-23 00:13:48.179 D/WM-ListenableWorkerImpl(31220): Service connected
01-23 00:13:48.180 D/WM-ListenableWorkerImpl(12190): Executing work request (72e03ea6-3797-4dd6-a140-bd225ea2fd71, com.google.apps.tiktok.contrib.work.TikTokListenableWorker)
01-23 00:13:48.180 D/WM-ListenableWorkerImpl(12190): Executing work request (a15cbdc6-a06f-4c3a-ba36-63b436f820b8, com.google.apps.tiktok.contrib.work.TikTokListenableWorker)
01-23 00:13:48.182 D/TapHttp.CallTrackHelper 18230(27464): connectSocketEnd https://dc-stat-in.heytapmobile.com/v1/stat/osLaunch?appid=21000&logtag=0&nonce=2271&timestamp=1769107428&sign=5fb12ff9364dfb011004a1f2037fd779
01-23 00:13:48.182 D/TapHttp.CallTrackHelper 18230(27464): secureConnectStart https://dc-stat-in.heytapmobile.com/v1/stat/osLaunch?appid=21000&logtag=0&nonce=2271&timestamp=1769107428&sign=5fb12ff9364dfb011004a1f2037fd779
01-23 00:13:48.183 I/ehsy    (12190): #sync(). Running Synclets and scheduling next sync.
01-23 00:13:48.184 I/AppWidgetServiceImpl( 1748): handleNotifyUpdateAppWidget,appWidgetId: 6,packageName:com.coloros.alarmclock
01-23 00:13:48.184 I/ehsy    (12190): #sync(). Running Synclets and scheduling next sync.
01-23 00:13:48.186 I/WeatherS_WeatherServiceVersionUtils( 6851): serviceVersionCode16013000
01-23 00:13:48.186 I/WeatherS_WeatherServiceVersionUtils( 6851): serviceVersionCode16013000
01-23 00:13:48.186 I/WeatherS_WeatherBaseDataTask( 6851): Service has not started, bind update Service.
01-23 00:13:48.186 I/WeatherS_WeatherServiceManager( 6851): bindUpdateService false
01-23 00:13:48.194 I/ehsy    (12190): (REDACTED) Running synclets: %s
01-23 00:13:48.197 W/OplusExSystemServiceHelper( 6883): checkOplusExSystemService intent getComponent is null
01-23 00:13:48.197 I/ehsy    (12190): (REDACTED) Running synclets: %s
01-23 00:13:48.198 I/ehsy    (12190): Scheduling next wakeup
01-23 00:13:48.198 I/ehtx    (12190): Scheduling next periodic WorkManager workers
01-23 00:13:48.200 I/ehsy    (12190): (REDACTED) Starting synclet: %s
01-23 00:13:48.201 I/WeatherS_WeatherBaseDataTask( 6851): Service has not started, bind update Service.
01-23 00:13:48.201 I/WeatherS_WeatherServiceManager( 6851): bindUpdateService false
01-23 00:13:48.203 I/ehsy    (12190): (REDACTED) Starting synclet: %s
01-23 00:13:48.203 I/ehsy    (12190): (REDACTED) Starting synclet: %s
01-23 00:13:48.204 I/ehsy    (12190): (REDACTED) Starting synclet: %s
01-23 00:13:48.208 I/WeatherS_WeatherServiceManager( 6851): onServiceConnected
01-23 00:13:48.209 I/WeatherS_WeatherServiceManager( 6851): onServiceConnected
01-23 00:13:48.209 I/WeatherS_WeatherBaseDataTask( 6851): executeRequest getLocationCityDataAndUpdateWeatherInfoIfNeeded
01-23 00:13:48.210 I/WeatherS_WeatherBaseDataTask( 6851): executeRequest getResidentSecureSettingsData
01-23 00:13:48.211 I/bqsr    (12190): #SavesShareReceiverSynclet()
01-23 00:13:48.211 I/bqsr    (12190): #SavesShareReceiverSynclet.update()
01-23 00:13:48.212 I/bqsu    (12190): (REDACTED) enableSavesSharesheet: %b enableSavesSharesheetWithImageType: %b
01-23 00:13:48.214 E/WeatherS_PrivacyStatementExport( 6883): isAgreed-1
01-23 00:13:48.215 W/PackageManager( 1748): package unknown uid 10136 pid 12190 call SetEnabledSetting(com.google.android.googlequicksearchbox component = com.google.android.apps.search.omnient.host.externalapp.ExternalAppEntrypoint, 0, 0)
01-23 00:13:48.215 I/bqsv    (12190): (REDACTED) AvailabilityUtils.updateAvailability() component:%s enabled:%s
01-23 00:13:48.215 W/PackageManager( 1748): package unknown uid 10136 pid 12190 call SetEnabledSetting(com.google.android.googlequicksearchbox component = com.google.android.apps.search.googleapp.saves.savefeature.sharereceiver.SavesShareReceiver, 1, 0)
01-23 00:13:48.215 E/WeatherS_PrivacyStatementExport( 6883): isAgreed-1
01-23 00:13:48.216 I/dqzw    (12190): #logGrowthTrackingUsageInfo
01-23 00:13:48.216 I/bqsv    (12190): (REDACTED) Update complete. %s enabled: %s
01-23 00:13:48.216 I/bqsv    (12190): (REDACTED) AvailabilityUtils.updateAvailability() component:%s enabled:%s
01-23 00:13:48.216 I/WeatherS_WeatherCommonServiceProxy( 6883): getResidentCity list size: 1
01-23 00:13:48.216 W/PackageManager( 1748): package unknown uid 10136 pid 12190 call SetEnabledSetting(com.google.android.googlequicksearchbox component = com.google.android.apps.search.googleapp.saves.savefeature.sharereceiver.SavesShareReceiverWithImageType, 1, 0)
01-23 00:13:48.216 I/bqsv    (12190): (REDACTED) Update complete. %s enabled: %s
01-23 00:13:48.217 I/WeatherS_WeatherCommonServiceProxy( 6883): resident data temp -> 46
01-23 00:13:48.218 I/WeatherS_WeatherBaseDataTask( 6851): after doRequestFromWeatherService getResidentSecureSettingsData result true
01-23 00:13:48.219 I/dqzw    (12190): #logGrowthTrackingUsageInfo
01-23 00:13:48.220 I/WeatherS_WeatherBaseDataTask( 6851):  doRequestFromWeatherService getResidentSecureSettingsData response data true
01-23 00:13:48.221 I/WeatherS_WeatherServiceManager( 6851): unBindUpdateService true
01-23 00:13:48.221 E/WeatherS_WeatherCommonServiceProxy( 6883): getLocationCityInfo
01-23 00:13:48.223 I/WM-GreedyScheduler(12190): Ignoring schedule request in non-main process
01-23 00:13:48.223 I/WeatherS_WeatherCommonServiceProxy( 6883): getLocationCityAndUpdate id = 2 cityId:0
01-23 00:13:48.223 E/WeatherS_WeatherCommonServiceProxy( 6883): getTimeZoneOfAttendCity
01-23 00:13:48.224 E/WeatherS_WeatherCommonServiceProxy( 6883): getOneAttentCityWeatherInfoList
01-23 00:13:48.226 I/WeatherS_WeatherCommonServiceProxy( 6883): parseWeatherToAttentWeatherInfo currentTemp: 70
01-23 00:13:48.227 I/WeatherS_SharedUtil( 6883): tryCheckLocWeatherAndSend sLastSendResult is 202.
01-23 00:13:48.229 I/dqzw    (12190): #cacheAggregateUsage
01-23 00:13:48.229 I/WeatherS_WeatherCommonServiceProxy( 6883): getLocationCityAndUpdate  temp = 70 Sunny 54
01-23 00:13:48.230 E/WeatherS_WeatherCommonServiceProxy( 6883): getLocationCityAndUpdate  needUpdateWeatherInfo = false, isCallFromWeatherApp = false
01-23 00:13:48.230 I/WeatherS_WeatherBaseDataTask( 6851): after doRequestFromWeatherService getLocationCityDataAndUpdateWeatherInfoIfNeeded result true
01-23 00:13:48.231 I/WeatherS_WeatherBaseDataTask( 6851):  doRequestFromWeatherService getLocationCityDataAndUpdateWeatherInfoIfNeeded response data true
01-23 00:13:48.231 I/dqzw    (12190): #truncateUsage
01-23 00:13:48.232 I/WeatherS_WeatherServiceManager( 6851): unBindUpdateService true
01-23 00:13:48.233 I/dqzw    (12190): #getFeatureUsageInfo
01-23 00:13:48.236 I/dqzw    (12190): #cacheAggregateUsage
01-23 00:13:48.236 I/dqzw    (12190): #truncateUsage
01-23 00:13:48.236 I/dqzw    (12190): #getFeatureUsageInfo
01-23 00:13:48.248 D/WM-SystemJobScheduler(12190): Scheduling work ID 88a8dde0-74b3-49a7-b99f-8ab7ea8e0c05Job ID 123306
01-23 00:13:48.251 D/WM-SystemJobService(31220): onStartJob for WorkGenerationalId(workSpecId=72e03ea6-3797-4dd6-a140-bd225ea2fd71, generation=1757)
01-23 00:13:48.251 I/WM-GreedyScheduler(12190): Ignoring schedule request in a secondary process
01-23 00:13:48.252 D/WM-SystemJobService(31220): onStartJob for WorkGenerationalId(workSpecId=a15cbdc6-a06f-4c3a-ba36-63b436f820b8, generation=1757)
01-23 00:13:48.254 I/ConscryptEngineSocket(27464): dc-stat-in.heytapmobile.com:443,tls_reused:true
01-23 00:13:48.254 D/RealConnection:(27464): Platform.getOplatform().getSelectedProtocol(sslSocket):null
01-23 00:13:48.255 D/RealConnection:(27464): supportsTlsExtensions:true
01-23 00:13:48.255 D/RealConnection:(27464): maybeProtocol:null
01-23 00:13:48.255 D/RealConnection:(27464): protocol:http/1.1
01-23 00:13:48.255 D/TapHttp.CallTrackHelper 18230(27464): secureConnectEnd https://dc-stat-in.heytapmobile.com/v1/stat/osLaunch?appid=21000&logtag=0&nonce=2271&timestamp=1769107428&sign=5fb12ff9364dfb011004a1f2037fd779
01-23 00:13:48.255 D/TapHttp.CallTrackHelper 18230(27464): connectEnd https://dc-stat-in.heytapmobile.com/v1/stat/osLaunch?appid=21000&logtag=0&nonce=2271&timestamp=1769107428&sign=5fb12ff9364dfb011004a1f2037fd779
01-23 00:13:48.255 D/TapHttp.Event Dispatcher(27464): connect acquired 129.227.29.67
