02-03 21:27:46.607 D/OplusAppStartupMonitor( 1741):     in Unknown
02-03 21:27:46.607 D/OplusAppStartupMonitor( 1741):     in CartScreen
02-03 21:27:46.607 D/OplusAppStartupMonitor( 1741):     in StaticContainer
02-03 21:27:46.607 D/OplusAppStartupMonitor( 1741):     in EnsureSingleNavigator
02-03 21:27:46.607 D/OplusAppStartupMonitor( 1741):     in SceneView
02-03 21:27:46.607 D/OplusAppStartupMonitor( 1741):     in RCTView
02-03 21:27:46.607 D/OplusAppStartupMonitor( 1741):     in Unknown
02-03 21:27:46.607 D/OplusAppStartupMonitor( 1741):     in RCTView
02-03 21:27:46.607 D/OplusAppStartupMonitor( 1741):     in Unknown
02-03 21:27:46.607 D/OplusAppStartupMonitor( 1741):     in Background
02-03 21:27:46.607 D/OplusAppStartupMonitor( 1741):     in Screen
02-03 21:27:46.607 D/OplusAppStartupMonitor( 1741):     in RNSScreen
02-03 21:27:46.607 D/OplusAppStartupMonitor( 1741):     in Unknown
02-03 21:27:46.607 D/OplusAppStartupMonitor( 1741):     in Suspender
02-03 21:27:46.607 D/OplusAppStartupMonitor( 1741):     in Suspense
02-03 21:27:46.607 D/OplusAppStartupMonitor( 1741):     in Freeze
02-03 21:27:46.607 D/OplusAppStartupMonitor( 1741):     in DelayedFreeze
02-03 21:27:46.607 D/OplusAppStartupMonitor( 1741):     in InnerScreen
02-03 21:27:46.607 D/OplusAppStartupMonitor( 1741):     in Screen
02-03 21:27:46.607 D/OplusAppStartupMonitor( 1741):     in MaybeScreen
02-03 21:27:46.607 D/OplusAppStartupMonitor( 1741):     in RNSScreenContainer
02-03 21:27:46.607 D/OplusAppStartupMonitor( 1741):     in ScreenContainer
02-03 21:27:46.607 D/OplusAppStartupMonitor( 1741):     in MaybeScreenContainer
02-03 21:27:46.607 D/OplusAppStartupMonitor( 1741):     in RCTView
02-03 21:27:46.607 D/OplusAppStartupMonitor( 1741):     in Unknown
02-03 21:27:46.607 D/OplusAppStartupMonitor( 1741):     in SafeAreaProviderCompat
02-03 21:27:46.607 D/OplusAppStartupMonitor( 1741):     in BottomTabView
02-03 21:27:46.607 D/OplusAppStartupMonitor( 1741):     in PreventRemoveProvider
02-03 21:27:46.607 D/OplusAppStartupMonitor( 1741):     in NavigationContent
02-03 21:27:46.607 D/OplusAppStartupMonitor( 1741):     in Unknown
02-03 21:27:46.607 D/OplusAppStartupMonitor( 1741):     in BottomTabNavigator
02-03 21:27:46.607 D/OplusAppStartupMonitor( 1741):     in RCTView
02-03 21:27:46.607 D/OplusAppStartupMonitor( 1741):     in Unknown
02-03 21:27:46.607 D/OplusAppStartupMonitor( 1741):     in BuyerTabNavigator
02-03 21:27:46.607 D/OplusAppStartupMonitor( 1741):     in StaticContainer
02-03 21:27:46.607 D/OplusAppStartupMonitor( 1741):     in EnsureSingleNavigator
02-03 21:27:46.607 D/OplusAppStartupMonitor( 1741):     in SceneView
02-03 21:27:46.607 D/OplusAppStartupMonitor( 1741):     in RCTView
02-03 21:27:46.607 D/OplusAppStartupMonitor( 1741):     in Unknown
02-03 21:27:46.607 D/OplusAppStartupMonitor( 1741):     in RCTView
02-03 21:27:46.607 D/OplusAppStartupMonitor( 1741):     in Unknown
02-03 21:27:46.607 D/OplusAppStartupMonitor( 1741):     in RCTView
02-03 21:27:46.607 D/OplusAppStartupMonitor( 1741):     in Unknown
02-03 21:27:46.607 D/OplusAppStartupMonitor( 1741):     in CardSheet
02-03 21:27:46.607 D/OplusAppStartupMonitor( 1741):     in RCTView
02-03 21:27:46.607 D/OplusAppStartupMonitor( 1741):     in Unknown
02-03 21:27:46.607 D/OplusAppStartupMonitor( 1741):     in Unknown
02-03 21:27:46.607 D/OplusAppStartupMonitor( 1741):     in PanGestureHandler
02-03 21:27:46.607 D/OplusAppStartupMonitor( 1741):     in PanGestureHandler
02-03 21:27:46.607 D/OplusAppStartupMonitor( 1741):     in RCTView
02-03 21:27:46.607 D/OplusAppStartupMonitor( 1741):     in Unknown
02-03 21:27:46.607 D/OplusAppStartupMonitor( 1741):     in Unknown
02-03 21:27:46.607 D/OplusAppStartupMonitor( 1741):     in RCTView
02-03 21:27:46.607 D/OplusAppStartupMonitor( 1741):     in Unknown
02-03 21:27:46.607 D/OplusAppStartupMonitor( 1741):     in Card
02-03 21:27:46.607 D/OplusAppStartupMonitor( 1741):     in CardContainer
02-03 21:27:46.607 D/OplusAppStartupMonitor( 1741):     in RNSScreen
02-03 21:27:46.607 D/OplusAppStartupMonitor( 1741):     in Unknown
02-03 21:27:46.607 D/OplusAppStartupMonitor( 1741):     in Suspender
02-03 21:27:46.607 D/OplusAppStartupMonitor( 1741):     in Suspense
02-03 21:27:46.607 D/OplusAppStartupMonitor( 1741):     in Freeze
02-03 21:27:46.607 D/OplusAppStartupMonitor( 1741):     in DelayedFreeze
02-03 21:27:46.607 D/OplusAppStartupMonitor( 1741):     in InnerScreen
02-03 21:27:46.607 D/OplusAppStartupMonitor( 1741):     in Screen
02-03 21:27:46.607 D/OplusAppStartupMonitor( 1741):     in MaybeScreen
02-03 21:27:46.607 D/OplusAppStartupMonitor( 1741):     in RNSScreenContainer
02-03 21:27:46.607 D/OplusAppStartupMonitor( 1741):     in ScreenContainer
02-03 21:27:46.607 D/OplusAppStartupMonitor( 1741):     in MaybeScreenContainer
02-03 21:27:46.607 D/OplusAppStartupMonitor( 1741):     in RCTView
02-03 21:27:46.607 D/OplusAppStartupMonitor( 1741):     in Unknown
02-03 21:27:46.607 D/OplusAppStartupMonitor( 1741):     in Background
02-03 21:27:46.607 D/OplusAppStartupMonitor( 1741):     in CardStack
02-03 21:27:46.607 D/OplusAppStartupMonitor( 1741):     in RNCSafeAreaProvider
02-03 21:27:46.607 D/OplusAppStartupMonitor( 1741):     in SafeAreaProvider
02-03 21:27:46.607 D/OplusAppStartupMonitor( 1741):     in SafeAreaProviderCompat
02-03 21:27:46.607 D/OplusAppStartupMonitor( 1741):     in RNGestureHandlerRootView
02-03 21:27:46.607 D/OplusAppStartupMonitor( 1741):     in GestureHandlerRootView
02-03 21:27:46.607 D/OplusAppStartupMonitor( 1741):     in StackView
02-03 21:27:46.607 D/OplusAppStartupMonitor( 1741):     in PreventRemoveProvider
02-03 21:27:46.607 D/OplusAppStartupMonitor( 1741):     in NavigationContent
02-03 21:27:46.607 D/OplusAppStartupMonitor( 1741):     in Unknown
02-03 21:27:46.607 D/OplusAppStartupMonitor( 1741):     in StackNavigator
02-03 21:27:46.607 D/OplusAppStartupMonitor( 1741):     in EnsureSingleNavigator
02-03 21:27:46.607 D/OplusAppStartupMonitor( 1741):     in BaseNavigationContainer
02-03 21:27:46.607 D/OplusAppStartupMonitor( 1741):     in ThemeProvider
02-03 21:27:46.607 D/OplusAppStartupMonitor( 1741):     in NavigationContainerInner
02-03 21:27:46.607 D/OplusAppStartupMonitor( 1741):     in AppInner
02-03 21:27:46.607 D/OplusAppStartupMonitor( 1741):     in AppProvider
02-03 21:27:46.607 D/OplusAppStartupMonitor( 1741):     in AIProvider
02-03 21:27:46.607 D/OplusAppStartupMonitor( 1741):     in LocalizationProvider
02-03 21:27:46.607 D/OplusAppStartupMonitor( 1741):     in PersistGate
02-03 21:27:46.607 D/OplusAppStartupMonitor( 1741):     in Provider
02-03 21:27:46.607 D/OplusAppStartupMonitor( 1741):     in ReduxProvider
02-03 21:27:46.607 D/OplusAppStartupMonitor( 1741):     in App
02-03 21:27:46.607 D/OplusAppStartupMonitor( 1741):     in RCTView
02-03 21:27:46.607 D/OplusAppStartupMonitor( 1741):     in Unknown
02-03 21:27:46.607 D/OplusAppStartupMonitor( 1741):     in RCTView
02-03 21:27:46.607 D/OplusAppStartupMonitor( 1741):     in Unknown
02-03 21:27:46.607 D/OplusAppStartupMonitor( 1741):     in AppContainer, js engine: hermes, stack:
02-03 21:27:46.607 D/OplusAppStartupMonitor( 1741): _checkProps@1:451067
02-03 21:27:46.607 D/OplusAppStartupMonitor( 1741): patchedCheckProps@1:38464
02-03 21:27:46.607 D/OplusAppStartupMonitor( 1741): FlatList@1:449367
02-03 21:27:46.607 D/OplusAppStartupMonitor( 1741): constructClassInstance@1:299422
02-03 21:27:46.607 D/OplusAppStartupMonitor( 1741): updateClassComponent@1:314053
02-03 21:27:46.607 D/OplusAppStartupMonitor( 1741): beginWork$1@1:347407
02-03 21:27:46.607 D/OplusAppStartupMonitor( 1741): performUnitOfWork@1:334226
02-03 21:27:46.607 D/OplusAppStartupMonitor( 1741): workLoopSync@1:334088
02-03 21:27:46.607 D/OplusAppStartupMonitor( 1741): renderRootSync@1:333972
02-03 21:27:46.607 D/OplusAppStartupMonitor( 1741): performSyncWorkOnRoot@1:331395
02-03 21:27:46.607 D/OplusAppStartupMonitor( 1741): flushSyncCallbacks@1:295776
02-03 21:27:46.607 D/OplusAppStartupMonitor( 1741): batchedUpdatesImpl@1:348201
02-03 21:27:46.607 D/OplusAppStartupMonitor( 1741): batchedUpdates@1:288577
02-03 21:27:46.607 D/OplusAppStartupMonitor( 1741): _receiveRootNodeIDEvent@1:288850
02-03 21:27:46.607 D/OplusAppStartupMonitor( 1741): receiveTouches@1:342912
02-03 21:27:46.607 D/OplusAppStartupMonitor( 1741): __callFunction@1:58648
02-03 21:27:46.607 D/OplusAppStartupMonitor( 1741): anonymous@1:57000
02-03 21:27:46.607 D/OplusAppStartupMonitor( 1741): __guard@1:57954
02-03 21:27:46.607 D/OplusAppStartupMonitor( 1741): callFunctionReturnFlushedQueue@1:56958
02-03 21:27:46.607 D/OplusAppStartupMonitor( 1741): , exceptionClass=com.facebook.react.common.JavascriptException, app_channel_type=unstable, packageName=com.wholexale.app.staging, unstable_restrict_switch=true}]
02-03 21:27:46.607 I/AbnormalAppMonitorController( 2175): recordAbnormalMessage - ThirdKitFeature =1
02-03 21:27:46.608 I/mtkpower_client( 1741): [Legacy][PowerHal_Wrap_notifyAppState] com.wholexale.app.staging/com.wholexale.app.staging pid=18234 state:3
02-03 21:27:46.608 I/game_scn( 1741): collectForegroundAppList packName=com.wholexale.app.staging, actName=com.wholexale.app.staging, pid=18234, uid=10853, state:DEAD
02-03 21:27:46.608 D/RilUtility(  863): notify_rild_crash_pid_set certPid:-1, crash:18234, scn:0x0
02-03 21:27:46.609 D/abnormalUtils( 2175): com.wholexale.app.staging is foreground =true
02-03 21:27:46.609 D/OplusLayer(  962): ~Layer() sequence=38669, name=a4e4175 com.wholexale.app.staging/com.wholexale.app.MainActivity#38669
02-03 21:27:46.609 W/ITheiaManagerExt( 1741): [checkEventUploadFrequent] 5 is reported frequently.
02-03 21:27:46.609 W/ITheiaManagerExt( 1741): [sendEvent] {0x5 103223938 0x1003 18234 10853 com.wholexale.app.staging} reported frequently, then we return.
02-03 21:27:46.609 W/OplusEapManager handleErrorInfo sendEvent: ( 1741): com.wholexale.app.staging Crashed
02-03 21:27:46.609 D/OplusAnrCrashMonitor( 1741): handleAnrCrashData: bundle data done
02-03 21:27:46.609 D/OplusAnrCrashMonitor( 1741): handleServiceCall: bundle data
02-03 21:27:46.610 D/OplusAmsUtilsFeatrue( 1741): detectExceptionsForOIDT type:0
02-03 21:27:46.611 D/OplusManager( 1741): send on stamp success
02-03 21:27:46.612 I/DropBoxManagerService( 1741): add tag=data_app_crash isTagEnabled=true flags=0x2
02-03 21:27:46.615 E/SQLiteLog( 2175): (2570) os_unix.c:39722: (13) unlink(//data/persist_log/stamp/stamp.db-journal) - 
02-03 21:27:46.616 E/SQLiteLog( 2175): (2570) disk I/O error in "PRAGMA journal_mode"
02-03 21:27:46.616 W/OplusSelfProtectManager( 1741): pkg[com.oplus.crashbox] not in policy list
02-03 21:27:46.616 W/ActivityTaskManager( 1741):   Force finishing activity com.wholexale.app.staging/com.wholexale.app.MainActivity
02-03 21:27:46.617 E/SQLiteDatabase( 2175): Failed to open database 'data/persist_log/stamp/stamp.db'.
02-03 21:27:46.617 E/SQLiteDatabase( 2175): android.database.sqlite.SQLiteDiskIOException: disk I/O error (code 2570 SQLITE_IOERR_DELETE): , while compiling: PRAGMA journal_mode
02-03 21:27:46.617 E/SQLiteDatabase( 2175): 	at android.database.sqlite.SQLiteConnection.nativePrepareStatement(Native Method)
02-03 21:27:46.617 E/SQLiteDatabase( 2175): 	at android.database.sqlite.SQLiteConnection.acquirePreparedStatement(SQLiteConnection.java:1074)
02-03 21:27:46.617 E/SQLiteDatabase( 2175): 	at android.database.sqlite.SQLiteConnection.executeForString(SQLiteConnection.java:817)
02-03 21:27:46.617 E/SQLiteDatabase( 2175): 	at android.database.sqlite.SQLiteConnection.setJournalMode(SQLiteConnection.java:425)
02-03 21:27:46.617 E/SQLiteDatabase( 2175): 	at android.database.sqlite.SQLiteConnection.setJournalFromConfiguration(SQLiteConnection.java:345)
02-03 21:27:46.617 E/SQLiteDatabase( 2175): 	at android.database.sqlite.SQLiteConnection.open(SQLiteConnection.java:274)
02-03 21:27:46.617 E/SQLiteDatabase( 2175): 	at android.database.sqlite.SQLiteConnection.open(SQLiteConnection.java:211)
02-03 21:27:46.617 E/SQLiteDatabase( 2175): 	at android.database.sqlite.SQLiteConnectionPool.openConnectionLocked(SQLiteConnectionPool.java:512)
02-03 21:27:46.617 E/SQLiteDatabase( 2175): 	at android.database.sqlite.SQLiteConnectionPool.open(SQLiteConnectionPool.java:210)
02-03 21:27:46.617 E/SQLiteDatabase( 2175): 	at android.database.sqlite.SQLiteConnectionPool.open(SQLiteConnectionPool.java:202)
02-03 21:27:46.617 E/SQLiteDatabase( 2175): 	at android.database.sqlite.SQLiteDatabase.openInner(SQLiteDatabase.java:1085)
02-03 21:27:46.617 E/SQLiteDatabase( 2175): 	at android.database.sqlite.SQLiteDatabase.open(SQLiteDatabase.java:1065)
02-03 21:27:46.617 E/SQLiteDatabase( 2175): 	at android.database.sqlite.SQLiteDatabase.openDatabase(SQLiteDatabase.java:956)
02-03 21:27:46.617 E/SQLiteDatabase( 2175): 	at android.database.sqlite.SQLiteDatabase.openOrCreateDatabase(SQLiteDatabase.java:973)
02-03 21:27:46.617 E/SQLiteDatabase( 2175): 	at android.database.sqlite.SQLiteDatabase.openOrCreateDatabase(SQLiteDatabase.java:965)
02-03 21:27:46.617 E/SQLiteDatabase( 2175): 	at v3.p.g(StampEventRecorder.java:1)
02-03 21:27:46.617 E/SQLiteDatabase( 2175): 	at v3.p.a(StampEventRecorder.java:15)
02-03 21:27:46.617 E/SQLiteDatabase( 2175): 	at v3.p$e.handleMessage(StampEventRecorder.java:4)
02-03 21:27:46.617 E/SQLiteDatabase( 2175): 	at android.os.Handler.dispatchMessage(Handler.java:106)
02-03 21:27:46.617 E/SQLiteDatabase( 2175): 	at android.os.Looper.loopOnce(Looper.java:240)
02-03 21:27:46.617 E/SQLiteDatabase( 2175): 	at android.os.Looper.loop(Looper.java:351)
02-03 21:27:46.617 E/SQLiteDatabase( 2175): 	at android.os.HandlerThread.run(HandlerThread.java:67)
02-03 21:27:46.617 V/StampEventRecorder( 2175): executeDbBegin e:android.database.sqlite.SQLiteDiskIOException: disk I/O error (code 2570 SQLITE_IOERR_DELETE): , while compiling: PRAGMA journal_mode
02-03 21:27:46.617 D/DropBoxManagerService( 1741): file :: /data/system/dropbox/data_app_crash@1770134266613.txt
02-03 21:27:46.617 V/StampEventRecorder( 2175): onStamp id : 020201
02-03 21:27:46.617 W/AES     ( 1741): Exception Log handling...
02-03 21:27:46.617 W/AES     ( 1741): Skipped - do not care third party apk
02-03 21:27:46.617 V/StampEventRecorder( 2175): onStamp failed : java.lang.NullPointerException: Attempt to invoke virtual method 'void android.database.sqlite.SQLiteDatabase.execSQL(java.lang.String)' on a null object reference
02-03 21:27:46.618 I/mtkpower_client( 1741): perf_lock_rel, hdl:100055, tid:2265
02-03 21:27:46.618 D/ActivityTaskManager( 1741): onWindowFocusChanged Task{1b1fe44 #6 type=home I=com.android.launcher/.Launcher U=0 rootTaskId=1 visible=true visibleRequested=false mode=fullscreen translucent=true sz=1} would transfer to compact
02-03 21:27:46.618 I/InputDispatcher( 1741): setFocusedApplication displayId=0 ActivityRecord{c0ace5a u0 com.android.launcher/.Launcher} t6}
02-03 21:27:46.618 I/mtkpower_client( 1741): perf_lock_acq, hdl:100055, dur:0, num:10, tid:2265
02-03 21:27:46.618 I/libPowerHal(  863): [perfLockRel] hdl:100055, idx:0
02-03 21:27:46.618 V/WindowManager( 1741): Changing focus from Window{27c4ffb u0 com.wholexale.app.staging/com.wholexale.app.MainActivity} to null,diplayid=0
02-03 21:27:46.619 I/libPowerHal(  863): system_server: hard user limit set cpu freq: -1 -1 -1 -1
02-03 21:27:46.619 I/libPowerHal(  863): [PD] system_server update cmd:2004100 param:2
02-03 21:27:46.619 D/Theia.NoFocusWindow( 1741): FocusWindowErrorScene CheckFreezeScreen
02-03 21:27:46.619 V/OplusZoomWindowManagerService( 1741): prepareZoomTransition: curStack=Task{ee8ecbe #1571 type=standard A=10853:com.wholexale.app.staging U=0 visible=false visibleRequested=true mode=fullscreen translucent=true sz=1}   nextStackTask{dbb2faa #1 type=home ?? U=0 visible=true visibleRequested=false mode=fullscreen translucent=true sz=1}
02-03 21:27:46.620 I/mtkpower_client( 1741): ret_hdl:100077
02-03 21:27:46.621 I/libPowerHal(  863): system_server: cpu_ctrl set cpu freq: 2000000 -1 2200000 -1
02-03 21:27:46.621 I/mtkpower_client( 1741): perf_lock_rel, hdl:100077, tid:2265
02-03 21:27:46.622 I/libPowerHal(  863): [perfLockRel] hdl:100077, idx:0
02-03 21:27:46.622 I/mtkpower_client( 1741): perf_lock_acq, hdl:100077, dur:0, num:10, tid:2265
02-03 21:27:46.622 I/libPowerHal(  863): system_server: cpu_ctrl set cpu freq: -1 -1 -1 -1
02-03 21:27:46.622 I/libPowerHal(  863): [PD] system_server update cmd:1c3c000 param:1
02-03 21:27:46.622 I/libPowerHal(  863): [PD] (more) /proc/mcdi/state set +prefix:enable 1;
02-03 21:27:46.622 I/libPowerHal(  863): [PD] system_server update cmd:2004100 param:2
02-03 21:27:46.623 I/mtkpower_client( 1741): ret_hdl:100078
02-03 21:27:46.623 I/libPowerHal(  863): system_server: cpu_ctrl set cpu freq: 2000000 -1 2200000 -1
02-03 21:27:46.635 V/SensorManager( 1741): call sensorServiceCommonInterface name: setScreenShotDisable
02-03 21:27:46.635 D/SensorService( 1741): SensorService sensorServiceCommonInterface = setScreenShotDisable
02-03 21:27:46.635 D/SensorServiceExtImpl( 1741): sensorServiceCommonInterface funcName = setScreenShotDisable, flag = 0, status = 0
02-03 21:27:46.635 W/BroadcastQueue( 1741): Background execution not allowed: receiving Intent { act=android.intent.action.DROPBOX_ENTRY_ADDED flg=0x10 (has extras) } to com.google.android.gms/.stats.service.DropBoxEntryAddedReceiver
02-03 21:27:46.635 D/OplusUIFirst_FB( 1741): com.android.launcher activity event: []
02-03 21:27:46.635 D/OplusUIFirst_FB( 1741): List of ThreadOp: size=0 []
02-03 21:27:46.635 D/OplusUIFirst_FB( 1741): handleParaSwitch com.android.launcher null null 1
02-03 21:27:46.635 I/OplusHansManager ( 1741): front pkg: com.android.launcher, uid: 10106, prev pkg: com.wholexale.app.staging, prev uid: 10853
02-03 21:27:46.635 W/BroadcastQueue( 1741): Background execution not allowed: receiving Intent { act=android.intent.action.DROPBOX_ENTRY_ADDED flg=0x10 (has extras) } to com.google.android.gms/.stats.service.DropBoxEntryAddedReceiver
02-03 21:27:46.636 D/OplusUIFirst_FB( 1741): com.android.launcher activity event: []
02-03 21:27:46.636 D/OplusUIFirst_FB( 1741): List of ThreadOp: size=0 []
02-03 21:27:46.636 D/OplusUIFirst_FB( 1741): handleParaSwitch com.android.launcher null null 1
02-03 21:27:46.637 D/VRI[Launcher]( 2561): dispatchAppVisibility visible:true
02-03 21:27:46.637 I/Osense-DecisionMaker( 1741): notifySceneToAthenaPolicy: SCENE_LAUNCHER, bundle: Bundle[{prevPkgName=com.wholexale.app.staging, curUid=10106, curPkgName=com.android.launcher, prevUid=10853}]
02-03 21:27:46.637 D/Osense-DecisionMaker( 1741): getCurrentSysStats, availmemMb: 1864
02-03 21:27:46.637 D/VRI[Launcher]( 5675): dispatchAppVisibility visible:true
02-03 21:27:46.638 D/Osense-DecisionMaker( 1741): getCurrentSysStats, availmemMb: 1864
02-03 21:27:46.638 D/Osense-DecisionMaker( 1741): getCurrentSysStats, availmemMb: 1864
02-03 21:27:46.638 D/Osense-DecisionMaker( 1741): getCurrentSysStats, availmemMb: 1864
02-03 21:27:46.638 I/OplusHansManager ( 1741): notifyAppGoForeground, uid=10106
02-03 21:27:46.638 I/OplusHansManager ( 1741): notifyAppGoBackground, uid=10853
02-03 21:27:46.638 I/OplusHansManager ( 1741): uid=10853, pkg=com.wholexale.app.staging enter SM
02-03 21:27:46.638 I/OplusHansManager ( 1741): uid=10853, pkg=com.wholexale.app.staging R enter(), D stay=11
02-03 21:27:46.639 I/OplusJoystickManager( 1741): handleApplicationSwitch deprecated!
02-03 21:27:46.640 I/PowerHalWrapper( 1741): amsBoostNotify pid:2561,activity:com.android.launcher.Launcher, package:com.android.launcher, mProcessCreatePackcom.wholexale.app.staging 
02-03 21:27:46.640 I/PowerHalWrapper( 1741): state: 1 
02-03 21:27:46.640 I/mtkpower_client( 1741): [Legacy][PowerHal_Wrap_notifyAppState] com.android.launcher/com.android.launcher.Launcher pid=2561 state:1
02-03 21:27:46.640 I/game_scn( 1741): collectForegroundAppList packName=com.android.launcher, actName=com.android.launcher.Launcher, pid=2561, uid=10106, state:RESUMED
02-03 21:27:46.640 I/libPowerHal(  863): [perfNotifyAppState] foreground:com.android.launcher, pid:2561, uid:10106
02-03 21:27:46.640 E/UxUtility(  863): notifyAppState error = NULL
02-03 21:27:46.640 I/TouchUtility(  863): notifyAppState error = NULL
02-03 21:27:46.640 I/mtkpower@impl(  863): [notifyAppState] pc:0, com.wholexale.app.staging => com.android.launcher
02-03 21:27:46.640 I/Process (18234): Sending signal. PID: 18234 SIG: 9
02-03 21:27:46.640 D/OplusAppSwitchListener( 1741): Detect com.wholexale.app.staging switch to background
02-03 21:27:46.641 I/PowerHalWrapper( 1741): amsBoostNotify AMS_BOOST_PROCESS_CREATE_BOOST:true 
02-03 21:27:46.641 E/OplusThermalStats( 1741): Error getting package info: com.android.launcher
02-03 21:27:46.642 I/OplusResourcePreloadManager( 1741): resume pkg: com.android.launcher, uid:10106, prev pkg: com.wholexale.app.staging, prev uid: 10853
02-03 21:27:46.645 D/OplusEapManager( 1741): mTargetExitName :com.wholexale.app.staging
02-03 21:27:46.645 V/DCSEX-AppSwitchManager( 1741): OnAppSwitchObserver: onAppExit, resuming = com.android.launcher, target = com.wholexale.app.staging, is ResumingFirstStart =  false, is ResumingMultiApp =  false, extensionInfo =  Bundle[{taskId=6, uid=10106}]
02-03 21:27:46.645 D/VRR [OPlusFrontAppManager]( 1741): OnAppSwitchObserver: onAppExit , info.targetName = com.wholexale.app.staging
02-03 21:27:46.645 D/VRR [OPlusFrontAppManager]( 1741): packageName: null
02-03 21:27:46.646 D/VRR [OPlusRefreshRateService]( 1741): handleFrontAppChange pkgName: null
02-03 21:27:46.646 D/DCSEX-AppLaunchEventRecorder( 1741): onAppSwitch from = com.wholexale.app.staging to = com.android.launcher
02-03 21:27:46.646 D/DCSEX-AppLaunchEventRecorder( 1741): recordExitApp = com.wholexale.app.staging
02-03 21:27:46.646 D/VRR [OPlusExternalRefreshRateManager]( 1741): setFrontPackageName pkgName: null CurPkgName: com.wholexale.app.staging
02-03 21:27:46.646 E/OplusTrack-ApkInfoUtil( 1741): java.lang.NullPointerException: Attempt to invoke virtual method 'java.lang.Object android.os.Bundle.get(java.lang.String)' on a null object reference
02-03 21:27:46.646 W/System.err( 1741): java.lang.NullPointerException: Attempt to invoke virtual method 'java.lang.Object android.os.Bundle.get(java.lang.String)' on a null object reference
02-03 21:27:46.646 W/System.err( 1741): 	at t6.a.a(ApkInfoUtil.java:6)
02-03 21:27:46.646 W/System.err( 1741): 	at m6.b.<init>(TrackEvent.java:10)
02-03 21:27:46.646 W/System.err( 1741): 	at m6.a.<init>(CommonBean.java:1)
02-03 21:27:46.646 W/System.err( 1741): 	at k6.f.b(OplusTrack.java:1)
02-03 21:27:46.647 W/System.err( 1741): 	at q6.b$c.d(AppLaunchEventRecorder.java:9)
02-03 21:27:46.647 W/System.err( 1741): 	at q6.b$c.a(AppLaunchEventRecorder.java:7)
02-03 21:27:46.647 W/System.err( 1741): 	at q6.a.b(Unknown Source:2)
02-03 21:27:46.647 W/System.err( 1741): 	at n6.c.accept(Unknown Source:1)
02-03 21:27:46.647 W/System.err( 1741): 	at java.util.concurrent.CopyOnWriteArrayList.forEach(CopyOnWriteArrayList.java:895)
02-03 21:27:46.647 W/System.err( 1741): 	at n6.b.run(Unknown Source:1)
02-03 21:27:46.647 W/System.err( 1741): 	at java.util.concurrent.ThreadPoolExecutor.runWorker(ThreadPoolExecutor.java:1154)
02-03 21:27:46.647 W/System.err( 1741): 	at java.util.concurrent.ThreadPoolExecutor$Worker.run(ThreadPoolExecutor.java:652)
02-03 21:27:46.647 W/System.err( 1741): 	at java.lang.Thread.run(Thread.java:1563)
02-03 21:27:46.647 W/OplusTrack-TrackEvent( 1741): appId is empty
02-03 21:27:46.648 D/OplusAppSwitchListener( 1741): Detect com.android.launcher switch to foreground
02-03 21:27:46.648 D/OplusEapManager( 1741): mTargetEnterName :com.android.launcher
02-03 21:27:46.648 D/OplusLatencyOptimizerManager( 1741): enter pkg: com.android.launcher isPrevBlackAppTop: false mIsBlackAppTop: false
02-03 21:27:46.648 V/DCSEX-AppSwitchManager( 1741): OnAppSwitchObserver: onAppEnter, launchedFrom =  null, target =  com.android.launcher, is firstStart =  false, is multiApp =  false, extensionInfo =  Bundle[{taskId=6, pid=2561, uid=10106, versionCode=13000051}]
02-03 21:27:46.648 D/VRR [OPlusFrontAppManager]( 1741): OnAppSwitchObserver: onAppEnter , info.targetName = com.android.launcher
02-03 21:27:46.648 D/VRR [OPlusFrontAppManager]( 1741): packageName: com.android.launcher
02-03 21:27:46.648 E/Athena  ( 1741): MemoryGuardAction: handleAppChange
02-03 21:27:46.648 D/TaskFragmentExtImpl( 1741): addColorModeOnResume resume=true pkg = com.android.launcher
02-03 21:27:46.649 D/VRI[Launcher]( 2561): setWindowStopped stopped:false
02-03 21:27:46.652 D/LauncherClient( 2561): getThreadPriority 0
02-03 21:27:46.653 D/VRR [OPlusRefreshRateService]( 1741): handleFrontAppChange pkgName: com.android.launcher
02-03 21:27:46.653 D/VRR [OPlusExternalRefreshRateManager]( 1741): setFrontPackageName pkgName: com.android.launcher CurPkgName: null
02-03 21:27:46.654 I/PowerHalWrapper( 1741): amsBoostNotify pid:18234,activity:com.wholexale.app.MainActivity, package:com.wholexale.app.staging, mProcessCreatePackcom.wholexale.app.staging 
02-03 21:27:46.654 I/PowerHalWrapper( 1741): state: 0 
02-03 21:27:46.654 I/mtkpower_client( 1741): [Legacy][PowerHal_Wrap_notifyAppState] com.wholexale.app.staging/com.wholexale.app.MainActivity pid=18234 state:0
02-03 21:27:46.655 I/game_scn( 1741): collectForegroundAppList packName=com.wholexale.app.staging, actName=com.wholexale.app.MainActivity, pid=18234, uid=10853, state:PAUSED
02-03 21:27:46.655 I/PowerHalWrapper( 1741): amsBoostNotify AMS_BOOST_PROCESS_CREATE_BOOST:false 
02-03 21:27:46.656 W/Battery ( 6226): ThermalControlUtils: mForegroundPkg=com.android.launcher
02-03 21:27:46.657 D/VRR [OPlusRefreshRateService]( 1741):  setFrameRateTargetControl [ 0.0 , com.wholexale.app.staging , false , com.oplus.battery ]
02-03 21:27:46.657 D/VRR [OPlusRefreshRateService]( 1741):  setFrameRateTargetControl from [0, 1000, android.uid.system:1000]
02-03 21:27:46.657 D/VRR [OPlusExternalRefreshRateManager]( 1741):  [FRTC] FrameRate : 0 com.wholexale.app.staging false com.oplus.battery 0 1000
02-03 21:27:46.659 I/Athena  ( 2533): AthenaDynamicReceiver: pre_app:com.wholexale.app.staging, next_app:com.android.launcher(10106|2561)
02-03 21:27:46.660 W/Battery ( 6226): ThermalControllHandler: tempLevel=7,userMode=3,gameUserMode=-1,appType=-1,envTempType=1,appStates=[],appSwitchSafetyMode=false
02-03 21:27:46.660 I/FocusResolver( 1741): updateFocusedWindow,  on display 0, reason: Waiting for window because NOT_FOCUSABLE, result:   FocusedWindows: <none>
02-03 21:27:46.660 V/WindowManager( 1741): Relayout Window{43ad301 u0 com.android.launcher/com.android.launcher.Launcher}: viewVisibility=0, oldvis=8, req=1080x2400
02-03 21:27:46.661 W/Battery ( 6226): ThermalControllerCenter: mSafetyState=10000
02-03 21:27:46.661 I/BufferQueueDebug(  962): [com.android.launcher/com.android.launcher.Launcher#38706](this:0xb400007964bc99e8,id:-1,api:0,p:-1,c:-1) BufferQueue core=(962:/system/bin/surfaceflinger)
02-03 21:27:46.662 W/Battery ( 6226): ThermalControllHandler: tempGear=7,configItemName=common_config
02-03 21:27:46.668 V/WindowManager( 1741): Changing focus from null to Window{43ad301 u0 com.android.launcher/com.android.launcher.Launcher},diplayid=0
02-03 21:27:46.670 D/OplusBatteryServiceFeature( 1741): setSmartCoolDown: coolDown = 3, normalCoolDown = 3, pkgName = com.android.launcher
02-03 21:27:46.671 D/vendor.oplus.hardware.charger@1.0-service(  893): set cooldown:3,  normalCoolDown:3
02-03 21:27:46.671 D/VRR [OPlusSurfaceFlingerController]( 1741):  add frtc FrameRate : 0 com.wholexale.app.staging false com.oplus.battery
02-03 21:27:46.671 I/VRR [FRTC](  962): setFrameRateTarget with [0, com.wholexale.app.staging, 0, com.oplus.battery, 1, 0, 1000]
02-03 21:27:46.672 W/VRR [FRTC](  962): invalid param { fps 0, proc_name com.wholexale.app.staging, strict_mode 0, description com.oplus.battery, proc_id 0, rate_status 0, backend Surface, version 1, pid 0, uid 1000, enable at 2026-02-03 21:27:46, disable waiting } for current status.
02-03 21:27:46.672 W/VRR [FRTC](  962): CurrentTarget size 0:
02-03 21:27:46.672 D/Theia.NoFocusWindow( 1741): FocusWindowErrorScene cancelCheckFreezeScreen
02-03 21:27:46.673 W/Battery ( 6226): ThermalControllHandler: MSG_THERMAL_CONTROL_CATEGORY_CHANGED
02-03 21:27:46.674 D/[OSIE]  (  962): scltmLayer_name VRI[Launcher][com.android.launcher/com.android.launcher.Launcher]
02-03 21:27:46.674 D/[OSIE]  (  962): IsSCLTMLayer=0 
02-03 21:27:46.674 D/BufferQueueConsumer( 2561): [](id:a01000002bd,api:0,p:-1,c:2561) connect: controlledByApp=false
02-03 21:27:46.674 E/IPCThreadState( 2561): attemptIncStrongHandle(64): Not supported
02-03 21:27:46.676 D/VRI[Launcher]( 2561): registerCallbacksForSync syncBuffer=false
02-03 21:27:46.681 W/System  ( 2175): A resource failed to call release. 
02-03 21:27:46.681 W/System  ( 2175): A resource failed to call release. 
02-03 21:27:46.681 W/System  ( 2175): A resource failed to call release. 
02-03 21:27:46.681 W/System  ( 2175): A resource failed to call release. 
02-03 21:27:46.681 W/System  ( 2175): A resource failed to call release. 
02-03 21:27:46.681 V/WindowManager( 1741): Relayout Window{79e5b u0 com.android.launcher/com.android.launcher.Launcher}: viewVisibility=0, oldvis=8, req=1080x2400
02-03 21:27:46.681 W/libc    (10025): Access denied finding property "vendor.gsm.serial"
02-03 21:27:46.690 I/BufferQueueDebug(  962): [com.android.launcher/com.android.launcher.Launcher#38709](this:0xb400007963b909e8,id:-1,api:0,p:-1,c:-1) BufferQueue core=(962:/system/bin/surfaceflinger)
02-03 21:27:46.694 D/BtGatt.ScanManager( 3260): uid 10128 isForeground true scanMode 1
02-03 21:27:46.694 I/OplusCustomScanStrategy( 3260): msg.what = 6
02-03 21:27:46.697 D/BLASTBufferQueue( 2561): [VRI[Launcher][com.android.launcher/com.android.launcher.Launcher]#642](f:0,a:1) acquireNextBufferLocked size=1080x2400 mFrameNumber=1 applyTransaction=true mTimestamp=103224025486229(auto) mPendingTransactions.size=0 graphicBufferId=10999411250846 transform=0
02-03 21:27:46.697 D/VRI[Launcher]( 2561): Received frameCommittedCallback lastAttemptedDrawFrameNum=1 didProduceBuffer=true syncBuffer=false
02-03 21:27:46.698 D/VRI[Launcher]( 2561): draw finished.
02-03 21:27:46.698 D/BufferStateLayer(  962): com.android.launcher/com.android.launcher.Launcher#38706 setBuffer frameId=1, bufferId=10999411250846 fenceId=968, w= 1080, h=2400
02-03 21:27:46.698 D/OplusLayer(  962): (38706,com.android.launcher/com.android.launcher.Launcher#38706,com.android.launcher) setBuffer
02-03 21:27:46.702 D/WindowManager( 1741): finishDrawingWindow: Window{43ad301 u0 com.android.launcher/com.android.launcher.Launcher} mDrawState=DRAW_PENDING
02-03 21:27:46.707 D/AALLightSensor( 1200): oldLux=12 [SA:28 LA:26] newLux=12 (oriLux: 29)
02-03 21:27:46.708 D/Layer   (  962): reparent to null sequence=38698, seq[1], name=Surface(name=9a49e9b StatusBar)/@0x32ac83a - animation-leash of insets_animation#38698
02-03 21:27:46.708 D/[OSIE]  (  962): scltmLayer_name VRI[Launcher][com.android.launcher/com.android.launcher.Launcher]
02-03 21:27:46.708 D/[OSIE]  (  962): IsSCLTMLayer=0 
02-03 21:27:46.708 D/Layer   (  962): reparent to null sequence=38705, seq[2], name=Surface(name=f376551 NavigationBar0)/@0x9151ceb - animation-leash of insets_animation#38705
02-03 21:27:46.708 I/PowerHalWrapper( 1741): amsBoostStop AMS_BOOST_PACK_SWITCH:false, AMS_BOOST_ACT_SWITCH:false, AMS_BOOST_PROCESS_CREATE:false 
02-03 21:27:46.708 D/BufferQueueConsumer( 5675): [](id:162b00000283,api:0,p:-1,c:5675) connect: controlledByApp=false
02-03 21:27:46.709 E/IPCThreadState( 5675): attemptIncStrongHandle(72): Not supported
02-03 21:27:46.714 D/VRI[Launcher]( 5675): registerCallbacksForSync syncBuffer=false
02-03 21:27:46.715 D/OplusWallpaperServiceHelper( 2321): isNightMode is true
02-03 21:27:46.715 I/OplusWallpaperServiceHelper( 2321): getDarkModeWallpaperWindowAlpha. nightMode = true
02-03 21:27:46.725 W/libc    (10025): Access denied finding property "vendor.gsm.serial"
02-03 21:27:46.727 V/WindowManager( 1741): Relayout Window{313405c u0 com.android.wallpaper.livepicker.service.smoke.Smoke0WallpaperService}: viewVisibility=0, oldvis=0, req=-1x-1
02-03 21:27:46.730 D/OplusUIFirst_FB( 1741): com.android.launcher moveToTop:[]
02-03 21:27:46.730 D/OplusUIFirst_FB( 1741): List of ThreadOp: size=0 []
02-03 21:27:46.730 D/OplusUIFirst_FB( 1741): com.android.launcher boost hint: 2561
02-03 21:27:46.730 D/OplusUIFirst_FB( 1741): handleParaSwitch com.android.launcher null null 0
02-03 21:27:46.731 D/OplusUIFirst_FB( 1741): com.android.launcher toForeOps: []
02-03 21:27:46.731 D/OplusUIFirst_FB( 1741): List of ThreadOp: size=0 []
02-03 21:27:46.732 V/DeepThinker( 7781): ProcessManager: onForegroundActivitiesChanged pid:2561, uid:10106, foregroundActivities:true
02-03 21:27:46.733 D/OplusAtlas.OplusAtlasEventDispatch( 3289): setEvent:atlas_event_on_foreground_activities_changed info:pid:2561,uid:10106,hasForegroundActivities:1
02-03 21:27:46.733 D/OplusAtlas.OplusAudioScene( 3289): callback success event:atlas_event_on_foreground_activities_changed eventInfo:pid:2561,uid:10106,hasForegroundActivities:1
02-03 21:27:46.733 D/OplusAtlas.OplusMessageHandler( 3289): handleMessage: Msg { when=0 what=2 obj=com.oplus.atlas.OplusAtlasEvent@845696a target=com.oplus.atlas.OplusMessageHandler$MyHandler }
02-03 21:27:46.734 D/OplusUIFirst_FB( 1741): com.google.android.googlequicksearchbox toForeOps: []
02-03 21:27:46.734 D/OplusUIFirst_FB( 1741): List of ThreadOp: size=0 []
02-03 21:27:46.736 D/OplusUIFirst_FB( 1741): com.coloros.assistantscreen toForeOps: []
02-03 21:27:46.736 D/OplusUIFirst_FB( 1741): List of ThreadOp: size=0 []
02-03 21:27:46.748 W/Binder  ( 1741): Outgoing transactions from this process must be FLAG_ONEWAY
02-03 21:27:46.748 W/Binder  ( 1741): java.lang.Throwable
02-03 21:27:46.748 W/Binder  ( 1741): 	at android.os.BinderProxy.transact(BinderProxy.java:605)
02-03 21:27:46.748 W/Binder  ( 1741): 	at android.content.ContentProviderProxy.insert(ContentProviderNative.java:555)
02-03 21:27:46.748 W/Binder  ( 1741): 	at android.content.ContentProviderClient.insert(ContentProviderClient.java:347)
02-03 21:27:46.748 W/Binder  ( 1741): 	at android.content.ContentProviderClient.insert(ContentProviderClient.java:336)
02-03 21:27:46.748 W/Binder  ( 1741): 	at o6.c.b(ContentProviderRecorder.java:7)
02-03 21:27:46.748 W/Binder  ( 1741): 	at o6.c.a(ContentProviderRecorder.java:14)
02-03 21:27:46.748 W/Binder  ( 1741): 	at o6.e.a(ProxyRecorder.java:6)
02-03 21:27:46.748 W/Binder  ( 1741): 	at k6.c.run(Unknown Source:2)
02-03 21:27:46.748 W/Binder  ( 1741): 	at android.os.Handler.handleCallback(Handler.java:942)
02-03 21:27:46.748 W/Binder  ( 1741): 	at android.os.Handler.dispatchMessage(Handler.java:99)
02-03 21:27:46.748 W/Binder  ( 1741): 	at android.os.Looper.loopOnce(Looper.java:240)
02-03 21:27:46.748 W/Binder  ( 1741): 	at android.os.Looper.loop(Looper.java:351)
02-03 21:27:46.748 W/Binder  ( 1741): 	at android.os.HandlerThread.run(HandlerThread.java:67)
02-03 21:27:46.751 D/DisplayManagerService( 1741): Display listener for pid 18234 died.
02-03 21:27:46.751 D/BLASTBufferQueue( 5675): [VRI[Launcher][com.android.launcher/com.android.launcher.Launcher]#643](f:0,a:1) acquireNextBufferLocked size=1080x2400 mFrameNumber=1 applyTransaction=true mTimestamp=103224080080536(auto) mPendingTransactions.size=0 graphicBufferId=24373939407934 transform=0
02-03 21:27:46.751 I/ClientCache(  962): removeProcess: Cache owner=0xb400007963e4fb00
02-03 21:27:46.752 D/VRI[Launcher]( 5675): Received frameCommittedCallback lastAttemptedDrawFrameNum=1 didProduceBuffer=true syncBuffer=false
02-03 21:27:46.752 D/VRI[Launcher]( 5675): draw finished.
02-03 21:27:46.753 I/bpas    ( 5675): onStart
02-03 21:27:46.753 I/SurfaceFlinger(  962): [SF client] REMOVE (0xb400007975674280) for (18234:com.wholexale.app.staging)
02-03 21:27:46.754 I/Zygote  (  819): Process 18234 exited due to signal 9 (Killed)
02-03 21:27:46.755 I/bmyl    ( 5675): (REDACTED) [%s] onStart()
02-03 21:27:46.755 I/bnaq    ( 5675): Reloading theme data
02-03 21:27:46.757 D/BufferStateLayer(  962): com.android.launcher/com.android.launcher.Launcher#38709 setBuffer frameId=1, bufferId=24373939407934 fenceId=721, w= 1080, h=2400
02-03 21:27:46.757 D/OplusLayer(  962): (38709,com.android.launcher/com.android.launcher.Launcher#38709,com.google.android.googlequicksearchbox:googleapp) setBuffer
02-03 21:27:46.758 D/OplusLayer(  962): ~Layer() sequence=38698, name=Surface(name=9a49e9b StatusBar)/@0x32ac83a - animation-leash of insets_animation#38698
02-03 21:27:46.758 D/OplusLayer(  962): ~Layer() sequence=38705, name=Surface(name=f376551 NavigationBar0)/@0x9151ceb - animation-leash of insets_animation#38705
02-03 21:27:46.759 I/bpas    ( 5675): onResume
02-03 21:27:46.764 D/WindowManager( 1741): finishDrawingWindow: Window{79e5b u0 com.android.launcher/com.android.launcher.Launcher} mDrawState=DRAW_PENDING
02-03 21:27:46.764 I/WindowManager( 1741): WIN DEATH: Window{27c4ffb u0 com.wholexale.app.staging/com.wholexale.app.MainActivity}
02-03 21:27:46.764 W/InputManager-JNI( 1741): Input channel object '27c4ffb com.wholexale.app.staging/com.wholexale.app.MainActivity (client)' was disposed without first being removed with the input manager!
02-03 21:27:46.767 W/Process ( 1741): Unable to open /proc/18234/status
02-03 21:27:46.767 I/ActivityManager( 1741): Process com.wholexale.app.staging (pid 18234) has died: fg  TOP 
02-03 21:27:46.769 I/libprocessgroup( 1741): Successfully killed process cgroup uid 10853 pid 18234 in 0ms
02-03 21:27:46.771 D/WCGWindowSurfaceFactory( 2321): mIsSupportWCG false
02-03 21:27:46.771 W/WindowManager( 1741): Exception thrown during dispatchAppVisibility Window{27c4ffb u0 com.wholexale.app.staging/com.wholexale.app.MainActivity EXITING}
02-03 21:27:46.771 W/WindowManager( 1741): android.os.DeadObjectException
02-03 21:27:46.771 W/WindowManager( 1741): 	at android.os.BinderProxy.transactNative(Native Method)
02-03 21:27:46.771 W/WindowManager( 1741): 	at android.os.BinderProxy.transact(BinderProxy.java:672)
02-03 21:27:46.771 W/WindowManager( 1741): 	at android.view.IWindow$Stub$Proxy.dispatchAppVisibility(IWindow.java:536)
02-03 21:27:46.771 W/WindowManager( 1741): 	at com.android.server.wm.WindowState.sendAppVisibilityToClients(WindowState.java:3767)
02-03 21:27:46.771 W/WindowManager( 1741): 	at com.android.server.wm.WindowContainer.sendAppVisibilityToClients(WindowContainer.java:1266)
02-03 21:27:46.771 W/WindowManager( 1741): 	at com.android.server.wm.WindowToken.setClientVisible(WindowToken.java:421)
02-03 21:27:46.771 W/WindowManager( 1741): 	at com.android.server.wm.ActivityRecord.setClientVisible(ActivityRecord.java:7379)
02-03 21:27:46.771 W/WindowManager( 1741): 	at com.android.server.wm.ActivityRecord.onAnimationFinished(ActivityRecord.java:8253)
02-03 21:27:46.771 W/WindowManager( 1741): 	at com.android.server.wm.ActivityRecord.postApplyAnimation(ActivityRecord.java:5908)
02-03 21:27:46.771 W/WindowManager( 1741): 	at com.android.server.wm.ActivityRecord.commitVisibility(ActivityRecord.java:5880)
02-03 21:27:46.771 W/WindowManager( 1741): 	at com.android.server.wm.ActivityRecord.commitVisibility(ActivityRecord.java:5884)
02-03 21:27:46.771 W/WindowManager( 1741): 	at com.android.server.wm.AppTransitionController.handleClosingApps(AppTransitionController.java:1252)
02-03 21:27:46.771 W/WindowManager( 1741): 	at com.android.server.wm.AppTransitionController.handleAppTransitionReady(AppTransitionController.java:309)
02-03 21:27:46.771 W/WindowManager( 1741): 	at com.android.server.wm.RootWindowContainer.checkAppTransitionReady(RootWindowContainer.java:1074)
02-03 21:27:46.771 W/WindowManager( 1741): 	at com.android.server.wm.RootWindowContainer.performSurfacePlacementNoTrace(RootWindowContainer.java:916)
02-03 21:27:46.771 W/WindowManager( 1741): 	at com.android.server.wm.RootWindowContainer.performSurfacePlacement(RootWindowContainer.java:858)
02-03 21:27:46.771 W/WindowManager( 1741): 	at com.android.server.wm.WindowSurfacePlacer.performSurfacePlacementLoop(WindowSurfacePlacer.java:177)
02-03 21:27:46.771 W/WindowManager( 1741): 	at com.android.server.wm.WindowSurfacePlacer.performSurfacePlacement(WindowSurfacePlacer.java:126)
02-03 21:27:46.771 W/WindowManager( 1741): 	at com.android.server.wm.WindowSurfacePlacer.performSurfacePlacement(WindowSurfacePlacer.java:115)
02-03 21:27:46.771 W/WindowManager( 1741): 	at com.android.server.wm.WindowState.setupWindowForRemoveOnExit(WindowState.java:2854)
02-03 21:27:46.771 W/WindowManager( 1741): 	at com.android.server.wm.WindowState.removeIfPossible(WindowState.java:2820)
02-03 21:27:46.771 W/WindowManager( 1741): 	at com.android.server.wm.WindowState.-$$Nest$mremoveIfPossible(Unknown Source:0)
02-03 21:27:46.771 W/WindowManager( 1741): 	at com.android.server.wm.WindowState$DeathRecipient.binderDied(WindowState.java:3366)
02-03 21:27:46.771 W/WindowManager( 1741): 	at android.os.IBinder$DeathRecipient.binderDied(IBinder.java:317)
02-03 21:27:46.771 W/WindowManager( 1741): 	at android.os.BinderProxy.sendDeathNotice(BinderProxy.java:799)
02-03 21:27:46.771 V/OplusZoomWindowManagerService( 1741): onAnimationFinished:  r = ActivityRecord{994dc40 u0 com.wholexale.app.staging/com.wholexale.app.MainActivity} t1571 f}}
02-03 21:27:46.774 D/Layer   (  962): reparent to null sequence=38697, seq[6], name=com.wholexale.app.staging/com.wholexale.app.MainActivity#38697
02-03 21:27:46.776 V/OplusZoomWindowManagerService( 1741): onAnimationFinished:  r = ActivityRecord{c0ace5a u0 com.android.launcher/.Launcher} t6}
02-03 21:27:46.776 I/OplusAppSwitchManagerService( 1741):  handleAppVisible , r = ActivityRecord{c0ace5a u0 com.android.launcher/.Launcher} t6}
02-03 21:27:46.777 I/OplusAppSwitchManagerService( 1741):  handleAppVisible , r = ActivityRecord{c0ace5a u0 com.android.launcher/.Launcher} t6}
02-03 21:27:46.777 I/DispPerfService(  962): updateLayerMask 8
02-03 21:27:46.781 D/skia    ( 2321): SkJpegCodec::onGetPixels +
02-03 21:27:46.784 I/WindowStateExtImpl( 1741): onSurfaceShowChange show = true mPackageName = com.android.launcher parentPkgName = com.android.launcher
02-03 21:27:46.790 D/Layer   (  962): reparent to null sequence=38696, seq[5], name=27c4ffb com.wholexale.app.staging/com.wholexale.app.MainActivity#38696
02-03 21:27:46.791 D/Layer   (  962): reparent to null sequence=38701, seq[114], name=Surface(name=96ba97a InputMethod)/@0x94551ff - animation-leash of insets_animation#38701
02-03 21:27:46.791 E/ClientCache(  962): failed to get buffer, invalid process token
02-03 21:27:46.791 E/BpTransactionCompletedListener(  962): Failed to transact (-32)
02-03 21:27:46.791 I/BufferQueueDebug(  962): [com.wholexale.app.staging/com.wholexale.app.MainActivity#38697](this:0xb40000790b1a29e8,id:-1,api:0,p:-1,c:962) onDestructor()
02-03 21:27:46.791 D/OplusLayer(  962): ~Layer() sequence=38697, name=com.wholexale.app.staging/com.wholexale.app.MainActivity#38697
02-03 21:27:46.792 D/OplusLayer(  962): ~Layer() sequence=38701, name=Surface(name=96ba97a InputMethod)/@0x94551ff - animation-leash of insets_animation#38701
02-03 21:27:46.793 I/FocusResolver( 1741): updateFocusedWindow, 43ad301 com.android.launcher/com.android.launcher.Launcher on display 0, reason: Window became focusable. Previous reason: NOT_VISIBLE, result:   FocusedWindows:
02-03 21:27:46.793 I/FocusResolver( 1741):     displayId=0, name='43ad301 com.android.launcher/com.android.launcher.Launcher'
02-03 21:27:46.794 I/DispPerfService(  962): updateLayerMask 9
02-03 21:27:46.795 D/VRI[Launcher]( 2561): onFocusEvent true
02-03 21:27:46.797 D/OplusUIFirst_FB( 1741): com.wholexale.app.staging remove pid: 18234
02-03 21:27:46.797 V/DeepThinker( 7781): ProcessManager: onProcessDied pid:18234, uid:10853
02-03 21:27:46.798 I/mtkpower_client( 1741): [Legacy][PowerHal_Wrap_notifyAppState] com.wholexale.app.staging/com.wholexale.app.staging pid=18234 state:3
02-03 21:27:46.798 I/game_scn( 1741): collectForegroundAppList packName=com.wholexale.app.staging, actName=com.wholexale.app.staging, pid=18234, uid=10853, state:DEAD
02-03 21:27:46.801 D/RilUtility(  863): notify_rild_crash_pid_set certPid:-1, crash:18234, scn:0x0
02-03 21:27:46.804 I/OplusHansManager ( 1741): onUidGone(), 10853 com.wholexale.app.staging exit SM
02-03 21:27:46.805 I/OplusHansManager ( 1741): uid=10853, pkg=com.wholexale.app.staging R exit SM
02-03 21:27:46.805 I/OplusHansManager ( 1741): uid=10853, pkg=com.wholexale.app.staging R exit(), R stay=0
02-03 21:27:46.806 D/SensorService( 1741): onUidStateChanged uid = 10853, state = UID_STATE_IDLE
02-03 21:27:46.810 I/WallpaperManagerServiceExt( 1741): getFoldWallpaperInfo user=0 which=32 phyDisplay=1
02-03 21:27:46.810 I/WallpaperManagerServiceExt( 1741): getFoldWallpaperInfo user=0 which=16 phyDisplay=1
02-03 21:27:46.814 D/InputMethodManagerService( 1741): isSecurity: attribute.packageName=com.android.launcher mCurMethodId=com.google.android.inputmethod.latin/com.android.inputmethod.latin.LatinIME
02-03 21:27:46.814 D/InputMethodManagerService( 1741): isSecurity= false (  enable=false needShow=false inBlackList=false isExist=true )
02-03 21:27:46.816 D/OplusMirageWindowManagerService( 1741): onTaskRemoved displayid:0 taskId:1571 callers:com.android.server.wm.MirageWindowManagerExtImpl.onTaskRemoved:47 com.android.server.wm.TaskDisplayArea.removeChildTask:398 com.android.server.wm.TaskDisplayArea.removeChild:387 com.android.server.wm.WindowContainer.removeImmediately:891 com.android.server.wm.TaskFragment.removeImmediately:2904 
02-03 21:27:46.816 I/OplusScreenSecurityMask( 1741): onStackRemoved task = Task{ee8ecbe #1571 type=standard A=10853:com.wholexale.app.staging U=0 visible=false visibleRequested=false mode=fullscreen translucent=true sz=0} record = null displayId = 0
02-03 21:27:46.816 D/OplusAlwaysAliveManager( 1741): removing: 1571, ComponentInfo{com.wholexale.app.staging/com.wholexale.app.MainActivity}
02-03 21:27:46.817 D/TaskFragmentExtImpl( 1741): remove ActivityRecord{994dc40 u0 com.wholexale.app.staging/com.wholexale.app.MainActivity} t-1 f}} to mActivityRecordSum = Counter{ }
02-03 21:27:46.822 V/ShellTaskOrganizer( 2210): Task vanished taskId=1571
02-03 21:27:46.823 D/Layer   (  962): reparent to null sequence=38687, seq[4], name=ActivityRecord{994dc40 u0 com.wholexale.app.staging/com.wholexale.app.MainActivity}#38687
02-03 21:27:46.823 D/Layer   (  962): reparent to null sequence=38686, seq[5], name=Task=1571#38686
02-03 21:27:46.824 D/Layer   (  962): reparent to null sequence=38711, seq[2], name=Task=1571#38711
02-03 21:27:46.824 D/OplusLayer(  962): ~Layer() sequence=38683, name=Surface(name=96ba97a InputMethod)/@0x94551ff - animation-leash of insets_animation#38683
02-03 21:27:46.824 D/OplusLayer(  962): ~Layer() sequence=38711, name=Task=1571#38711
02-03 21:27:46.824 D/OplusLayer(  962): ~Layer() sequence=38687, name=ActivityRecord{994dc40 u0 com.wholexale.app.staging/com.wholexale.app.MainActivity}#38687
02-03 21:27:46.824 D/OplusLayer(  962): ~Layer() sequence=38695, name=8fd7779 ActivityRecordInputSink com.wholexale.app.staging/com.wholexale.app.MainActivity#38695
02-03 21:27:46.833 I/GoogleInputMethodService( 5757): GoogleInputMethodService.onFinishInput():2099 
02-03 21:27:46.842 D/skia    ( 2321): SkJpegCodec::onGetPixels -
02-03 21:27:46.842 D/InputMethodManagerService( 1741): onHandleImeWindowVisibleStatus: vis = 0, needsToShowImeSwitcher = false
02-03 21:27:46.849 I/Module  ( 5757): DeviceLockedStatusModuleProvider$Module.updateDeviceLockedStatus():103 repeatCheckTimes = 0, locked = false
02-03 21:27:46.850 E/IHansComunication( 4602): HANS printMessageBody: RCV message: type = 3,port = 86870,caller_pid = 1,caller_uid = 0,target_pid = 18717,target_uid = 1000,pkg_cmd = -1,rpc = signal/-1
02-03 21:27:46.850 I/GoogleInputMethodService( 5757): GoogleInputMethodService.onStartInput():1371 onStartInput(EditorInfo{EditorInfo{packageName=com.android.launcher, inputType=0, inputTypeString=NULL, enableLearning=false, autoCorrection=false, autoComplete=false, imeOptions=0, privateImeOptions=null, actionName=UNSPECIFIED, actionLabel=null, initialSelStart=-1, initialSelEnd=-1, initialCapsMode=0, label=null, fieldId=-1, fieldName=null, extras=Bundle[{com.oplus.im.SCENES=0}], hintText=null, hintLocales=[]}}, false)
02-03 21:27:46.852 I/HardKeyTracker( 5757): HardKeyTracker.registerKeySequence():177 Register key sequence abgw{labelResId=0, callback=ojq@1049c93, lastModifier=0, keyCodes=[57, 57], actions=[1, 0]}
02-03 21:27:46.853 I/HardKeyTracker( 5757): HardKeyTracker.registerKeySequence():177 Register key sequence abgw{labelResId=0, callback=ojq@35da4d0, lastModifier=0, keyCodes=[58, 58], actions=[1, 0]}
02-03 21:27:46.853 I/Module  ( 5757): DeviceLockedStatusModuleProvider$Module.updateDeviceLockedStatus():103 repeatCheckTimes = 1, locked = false
02-03 21:27:46.857 D/Layer   (  962): reparent to null sequence=38710, seq[2], name=Surface(name=96ba97a InputMethod)/@0x94551ff - animation-leash of insets_animation#38710
02-03 21:27:46.881 V/WindowManager( 1741): Unknown focus tokens, dropping reportFocusChanged
02-03 21:27:46.889 D/OplusAppListInterceptManager( 1741): shouldFilterTask
02-03 21:27:46.889 D/OplusAppListInterceptManager( 1741): shouldFilterTask::packageName = com.wholexale.app.staging
02-03 21:27:46.889 D/OplusAppListInterceptManager( 1741): shouldFilterTask
02-03 21:27:46.889 D/OplusAppListInterceptManager( 1741): shouldFilterTask::packageName = com.company.userapp
02-03 21:27:46.903 W/ActivityManager( 1741): setHasOverlayUi called on unknown pid: 18234
02-03 21:27:46.910 I/WeatherS_WeatherServiceVersionUtils(24226): serviceVersionCode16013000
02-03 21:27:46.915 D/OplusAppListInterceptManager( 1741): shouldFilterTask
02-03 21:27:46.916 D/OplusAppListInterceptManager( 1741): shouldFilterTask::packageName = com.wholexale.app.staging
02-03 21:27:46.916 D/OplusAppListInterceptManager( 1741): shouldFilterTask
